Calculating task graph as configuration cache cannot be reused because file 'build.gradle.kts' has changed.

FAILURE: Build failed with an exception.

* What went wrong:
Could not determine the dependencies of task ':compileJava'.
> Could not resolve all dependencies for configuration ':compileClasspath'.
   > A build operation failed.
         The contents of the immutable workspace '/home/sakura/.gradle/caches/9.0.0/transforms/dd1cb6b7688beb59ad8826c403a038f4' have been modified. These workspace directories are not supposed to be modified once they are created. The modification might have been caused by an external process, or could be the result of disk corruption.
     outputDirectory:
      - transformed (Directory, 04bf681f488246b70bfef975e26fd44b)
        - pycharm-professional-2025.3.3 (Directory, 504b98218a22c479e6e251406b25d61b)
          - .toolbox-ignore (RegularFile, f571933bb948577b1f9f3076fb8fc7c6)
          - bin (Directory, 2ac836af65cdab0c7518120423e4ca34)
            - brokenPlugins.db (RegularFile, 665b24c7d3dcd53505489943edc28bf9)
            - format.sh (RegularFile, 36c6dcea6d8508097dd4f8861b29fd1a)
            - fsnotifier (RegularFile, 42748b45893d6a19f63fa234f4fcf23c)
            - idea.properties (RegularFile, 86d046e2bfb5946eaebe0f0eb7d9a4de)
            - inspect.sh (RegularFile, e54d1aa922b8af42cc2cb34edbf2ad44)
            - jetbrains_client.sh (RegularFile, a555f27316bf4eb415cbec56b0d8838c)
            - jetbrains_client64.vmoptions (RegularFile, a44b6731d72c76e7ab450cb45c870c15)
            - ltedit.sh (RegularFile, e88c74767085dc5c9ce0b963172948f3)
            - pycharm (RegularFile, d81ea3e3e5a9c0f21b221159b1d972f7)
            - pycharm.png (RegularFile, 245d4c93f5706a6dd8244945a1323abc)
            - pycharm.sh (RegularFile, 9659a75d9f2a82429cbc1d6572f85883)
            - pycharm.svg (RegularFile, ae036dc6d407b3b75f51ec1fc3ec889a)
            - pycharm64.vmoptions (RegularFile, 575b6192620827a9923540bd1af26654)
            - remote-dev-server (RegularFile, d81ea3e3e5a9c0f21b221159b1d972f7)
            - remote-dev-server.sh (RegularFile, 66556b7dd126ca1a4bdcbf0948baf44b)
            - restarter (RegularFile, 8f746ac4c376564dbf22084f8c3c161f)
          - build.txt (RegularFile, fc90648bc0a1b106c51abdb44f51bbd3)
          - debug-eggs (Directory, 69a281f120f86e0e5acbe669beb70417)
            - pydevd-pycharm.egg (RegularFile, deaafd21ce82020e2c5c6862d1835f84)
          - help (Directory, 67ba7503d4d5869fd209baeedbcc9989)
            - ReferenceCard.pdf (RegularFile, 524030a5cd9f08430c112d214b4a73d8)
            - ReferenceCardForMac.pdf (RegularFile, 983b8218635b2d9c88b662809a1105a0)
          - Install-Linux-tar.txt (RegularFile, fb66a3e0a09a6f58df7ff03f10305f12)
          - jbr (Directory, 247c969f726249eddac254f19cf3574c)
            - bin (Directory, 9d70e3e888e71017433bfc1957ded0cc)
              - java (RegularFile, 39c9653ee3e6f10001599699e6e215e5)
              - javac (RegularFile, 49168e0eba2147deae60270bd4069c2b)
              - javadoc (RegularFile, 1847f75162aa48b027a3f9bc100866eb)
              - jcmd (RegularFile, d8252dd5c38e59a436d0b3d8259f5d09)
              - jdb (RegularFile, 3963a25a18c4c1c0b69847dac6a5bbff)
              - jfr (RegularFile, 5a28a97953c6c3ae6da5e0295675db93)
              - jhsdb (RegularFile, f9a937610187079d6dc2573a4ae5131e)
              - jinfo (RegularFile, ebfac3eda8ae7e7be4ca3bd1609b18d2)
              - jmap (RegularFile, 9dfeb5a7cf1b6a8906848f8ba76e8296)
              - jps (RegularFile, caa938d8709e91b7247396b41a9f4a07)
              - jrunscript (RegularFile, 040eb34d6e7c1b394f2c17892cf925ca)
              - jstack (RegularFile, c1d56c90040438803c1bc3cb69b3f3aa)
              - jstat (RegularFile, 45b2144aaeac5bdf599e9be8b18d1a65)
              - jwebserver (RegularFile, 784285faa1141516b84969491337bef1)
              - keytool (RegularFile, 8d31e99d96dbeda41de7a0228343fa39)
              - rmiregistry (RegularFile, a1a91c63ce7d108ff313f7e17b9fc260)
              - serialver (RegularFile, f74b1a34518af13b910378257d3e7e77)
            - conf (Directory, 8d3d74c17c6dfa8b9a84cdc186cade3d)
              - jaxp.properties (RegularFile, 4238bfd06157f3a96e150aa0f5f5b473)
              - logging.properties (RegularFile, 0e35580084b9710380deae1b0f5ea052)
              - management (Directory, e9ef9f41bd5b407e7ae1150c156c3453)
                - jmxremote.access (RegularFile, 4defed7c87c837c76e8899ce390f1f7b)
                - jmxremote.password.template (RegularFile, f82f92268d15072cfe4d4c9300e199e6)
                - management.properties (RegularFile, 8971d50e3243356e6c3fca8e64182824)
              - net.properties (RegularFile, 596760f5b5585ebc896ec3d27106bd87)
              - sdp (Directory, 261bcd956401f7e2e670496f345f04a4)
                - sdp.conf.template (RegularFile, e4426a0418768fd20cf63148ad8e14da)
              - security (Directory, 69d893ff8136e996b032fb45912d0195)
                - java.policy (RegularFile, bc11a4e2bc469044f6478a0c5d5665c7)
                - java.security (RegularFile, 9d323e1bf65453d37c9ed0ff3e6d30a6)
                - policy (Directory, d53effb4dfb81c677474284c6d1a0f14)
                  - limited (Directory, 929f275d67b0253c3f0fb697456322ba)
                    - default_local.policy (RegularFile, fa2c6f88708f686466423ede3303a8b2)
                    - default_US_export.policy (RegularFile, e6393fce674601290bd643377e1e4964)
                    - exempt_local.policy (RegularFile, bbf88f21d55f9cb3deded988dc125628)
                  - README.txt (RegularFile, 1eb4696ec6d377ad920f6b41593ab110)
                  - unlimited (Directory, 704c207afbb0c87a7adc74fcc1a319ff)
                    - default_local.policy (RegularFile, ca23385efe8f4cc88e1876055f743267)
                    - default_US_export.policy (RegularFile, e6393fce674601290bd643377e1e4964)
              - sound.properties (RegularFile, 6d9f867fd74bc56532a069be639d9b13)
            - include (Directory, d690ce42f7dc1bdb18e8340376aaa5dd)
              - classfile_constants.h (RegularFile, fefde061655749a8e196625af94ac24e)
              - jawt.h (RegularFile, e409d12d75e0c302a86dfd7e59130c28)
              - jdwpTransport.h (RegularFile, c3649b1b54fee76b84a61971e6db12ab)
              - jni.h (RegularFile, 98fdbbfff77042763291ffa5391a6256)
              - jvmti.h (RegularFile, 1e2fc8b6db0e9ca2184f5c461b80c682)
              - jvmticmlr.h (RegularFile, 5643f03cf63b02cbec9115d8c7bcf626)
              - linux (Directory, facbeb9ad8249f86dbb61a045f904f1e)
                - jawt_md.h (RegularFile, 00f8703b59e22eb2bfc103ffd0808494)
                - jni_md.h (RegularFile, 53757ff1b0190fbe067d08cf8e6c07c2)
            - legal (Directory, 074ca7178b92642bb5a9f658ccb9b6cd)
              - java.base (Directory, 8ba0bdb834d5790ebba3ccf6747b2642)
                - ADDITIONAL_LICENSE_INFO (RegularFile, e4d07e77a5cc4390ee6f99512d78b0e0)
                - aes.md (RegularFile, 1d3eafd6f8ccf223c3751edfc42af801)
                - asm.md (RegularFile, 4c93a221b39707c50c4ea947ee971d1f)
                - ASSEMBLY_EXCEPTION (RegularFile, e579c53228aea2b2d686dda24139aaf3)
                - c-libutl.md (RegularFile, db2189e1d4e71e7849c3d2ed2e2b436f)
                - cldr.md (RegularFile, a4423e10448de1009f751776b9a537c0)
                - icu.md (RegularFile, 32b8e120d7bdb7bfec3db6861b88065c)
                - LICENSE (RegularFile, 717a8eef15dd78a9a02332cd5fe4ec08)
                - public_suffix.md (RegularFile, 71c4cad2f48681c12f376f64d060a6ae)
                - siphash.md (RegularFile, dedf837c32259874ae056de28b27b88c)
                - unicode.md (RegularFile, ef24a08887c880fe8f2029cdfc0f0ea5)
              - java.compiler (Directory, a34baf03971604cacd56b44b0677a874)
                - ADDITIONAL_LICENSE_INFO (RegularFile, f571933bb948577b1f9f3076fb8fc7c6)
                - ASSEMBLY_EXCEPTION (RegularFile, f571933bb948577b1f9f3076fb8fc7c6)
                - LICENSE (RegularFile, f571933bb948577b1f9f3076fb8fc7c6)
              - java.datatransfer (Directory, a34baf03971604cacd56b44b0677a874)
                - ADDITIONAL_LICENSE_INFO (RegularFile, f571933bb948577b1f9f3076fb8fc7c6)
                - ASSEMBLY_EXCEPTION (RegularFile, f571933bb948577b1f9f3076fb8fc7c6)
                - LICENSE (RegularFile, f571933bb948577b1f9f3076fb8fc7c6)
              - java.desktop (Directory, e40822985ec3d0312ae9f41980d001cc)
                - ADDITIONAL_LICENSE_INFO (RegularFile, f571933bb948577b1f9f3076fb8fc7c6)
                - ASSEMBLY_EXCEPTION (RegularFile, f571933bb948577b1f9f3076fb8fc7c6)
                - colorimaging.md (RegularFile, 89a8b2cf41cc8ba0acce9e000eaa8a9b)
                - giflib.md (RegularFile, 1a1bedfbd976e807f359feac62fda055)
                - harfbuzz.md (RegularFile, 830b94dac7be79f11254034fae962505)
                - jpeg.md (RegularFile, 56e1e81aa8d827b246bae1a3579d069d)
                - lcms.md (RegularFile, 113006c0ca65e6c0fed820fd4ba601d2)
                - libpng.md (RegularFile, 2af21504e313240c710888cc83404a33)
                - LICENSE (RegularFile, f571933bb948577b1f9f3076fb8fc7c6)
                - mesa3d.md (RegularFile, 1c02fde19e2debd6fec4ec4fb2de95f7)
                - pipewire.md (RegularFile, c3fb901a2efe6d11ac3b7881d2ea79ce)
                - xwd.md (RegularFile, b4ec23e6c848bb27cce074d2f7e69585)
              - java.instrument (Directory, a34baf03971604cacd56b44b0677a874)
                - ADDITIONAL_LICENSE_INFO (RegularFile, f571933bb948577b1f9f3076fb8fc7c6)
                - ASSEMBLY_EXCEPTION (RegularFile, f571933bb948577b1f9f3076fb8fc7c6)
                - LICENSE (RegularFile, f571933bb948577b1f9f3076fb8fc7c6)
              - java.logging (Directory, a34baf03971604cacd56b44b0677a874)
                - ADDITIONAL_LICENSE_INFO (RegularFile, f571933bb948577b1f9f3076fb8fc7c6)
                - ASSEMBLY_EXCEPTION (RegularFile, f571933bb948577b1f9f3076fb8fc7c6)
                - LICENSE (RegularFile, f571933bb948577b1f9f3076fb8fc7c6)
              - java.management (Directory, a34baf03971604cacd56b44b0677a874)
                - ADDITIONAL_LICENSE_INFO (RegularFile, f571933bb948577b1f9f3076fb8fc7c6)
                - ASSEMBLY_EXCEPTION (RegularFile, f571933bb948577b1f9f3076fb8fc7c6)
                - LICENSE (RegularFile, f571933bb948577b1f9f3076fb8fc7c6)
              - java.management.rmi (Directory, a34baf03971604cacd56b44b0677a874)
                - ADDITIONAL_LICENSE_INFO (RegularFile, f571933bb948577b1f9f3076fb8fc7c6)
                - ASSEMBLY_EXCEPTION (RegularFile, f571933bb948577b1f9f3076fb8fc7c6)
                - LICENSE (RegularFile, f571933bb948577b1f9f3076fb8fc7c6)
              - java.naming (Directory, a34baf03971604cacd56b44b0677a874)
                - ADDITIONAL_LICENSE_INFO (RegularFile, f571933bb948577b1f9f3076fb8fc7c6)
                - ASSEMBLY_EXCEPTION (RegularFile, f571933bb948577b1f9f3076fb8fc7c6)
                - LICENSE (RegularFile, f571933bb948577b1f9f3076fb8fc7c6)
              - java.net.http (Directory, a34baf03971604cacd56b44b0677a874)
                - ADDITIONAL_LICENSE_INFO (RegularFile, f571933bb948577b1f9f3076fb8fc7c6)
                - ASSEMBLY_EXCEPTION (RegularFile, f571933bb948577b1f9f3076fb8fc7c6)
                - LICENSE (RegularFile, f571933bb948577b1f9f3076fb8fc7c6)
              - java.prefs (Directory, a34baf03971604cacd56b44b0677a874)
                - ADDITIONAL_LICENSE_INFO (RegularFile, f571933bb948577b1f9f3076fb8fc7c6)
                - ASSEMBLY_EXCEPTION (RegularFile, f571933bb948577b1f9f3076fb8fc7c6)
                - LICENSE (RegularFile, f571933bb948577b1f9f3076fb8fc7c6)
              - java.rmi (Directory, a34baf03971604cacd56b44b0677a874)
                - ADDITIONAL_LICENSE_INFO (RegularFile, f571933bb948577b1f9f3076fb8fc7c6)
                - ASSEMBLY_EXCEPTION (RegularFile, f571933bb948577b1f9f3076fb8fc7c6)
                - LICENSE (RegularFile, f571933bb948577b1f9f3076fb8fc7c6)
              - java.scripting (Directory, a34baf03971604cacd56b44b0677a874)
                - ADDITIONAL_LICENSE_INFO (RegularFile, f571933bb948577b1f9f3076fb8fc7c6)
                - ASSEMBLY_EXCEPTION (RegularFile, f571933bb948577b1f9f3076fb8fc7c6)
                - LICENSE (RegularFile, f571933bb948577b1f9f3076fb8fc7c6)
              - java.se (Directory, a34baf03971604cacd56b44b0677a874)
                - ADDITIONAL_LICENSE_INFO (RegularFile, f571933bb948577b1f9f3076fb8fc7c6)
                - ASSEMBLY_EXCEPTION (RegularFile, f571933bb948577b1f9f3076fb8fc7c6)
                - LICENSE (RegularFile, f571933bb948577b1f9f3076fb8fc7c6)
              - java.security.jgss (Directory, a34baf03971604cacd56b44b0677a874)
                - ADDITIONAL_LICENSE_INFO (RegularFile, f571933bb948577b1f9f3076fb8fc7c6)
                - ASSEMBLY_EXCEPTION (RegularFile, f571933bb948577b1f9f3076fb8fc7c6)
                - LICENSE (RegularFile, f571933bb948577b1f9f3076fb8fc7c6)
              - java.security.sasl (Directory, a34baf03971604cacd56b44b0677a874)
                - ADDITIONAL_LICENSE_INFO (RegularFile, f571933bb948577b1f9f3076fb8fc7c6)
                - ASSEMBLY_EXCEPTION (RegularFile, f571933bb948577b1f9f3076fb8fc7c6)
                - LICENSE (RegularFile, f571933bb948577b1f9f3076fb8fc7c6)
              - java.smartcardio (Directory, 86e281b939cfd516a65f7b2a92582a24)
                - ADDITIONAL_LICENSE_INFO (RegularFile, f571933bb948577b1f9f3076fb8fc7c6)
                - ASSEMBLY_EXCEPTION (RegularFile, f571933bb948577b1f9f3076fb8fc7c6)
                - LICENSE (RegularFile, f571933bb948577b1f9f3076fb8fc7c6)
                - pcsclite.md (RegularFile, 481d13a766959ff0be3892aa88f1360f)
              - java.sql (Directory, a34baf03971604cacd56b44b0677a874)
                - ADDITIONAL_LICENSE_INFO (RegularFile, f571933bb948577b1f9f3076fb8fc7c6)
                - ASSEMBLY_EXCEPTION (RegularFile, f571933bb948577b1f9f3076fb8fc7c6)
                - LICENSE (RegularFile, f571933bb948577b1f9f3076fb8fc7c6)
              - java.sql.rowset (Directory, a34baf03971604cacd56b44b0677a874)
                - ADDITIONAL_LICENSE_INFO (RegularFile, f571933bb948577b1f9f3076fb8fc7c6)
                - ASSEMBLY_EXCEPTION (RegularFile, f571933bb948577b1f9f3076fb8fc7c6)
                - LICENSE (RegularFile, f571933bb948577b1f9f3076fb8fc7c6)
              - java.transaction.xa (Directory, a34baf03971604cacd56b44b0677a874)
                - ADDITIONAL_LICENSE_INFO (RegularFile, f571933bb948577b1f9f3076fb8fc7c6)
                - ASSEMBLY_EXCEPTION (RegularFile, f571933bb948577b1f9f3076fb8fc7c6)
                - LICENSE (RegularFile, f571933bb948577b1f9f3076fb8fc7c6)
              - java.xml (Directory, 3ae2dc3928770dc3d05bfe7f6353c921)
                - ADDITIONAL_LICENSE_INFO (RegularFile, f571933bb948577b1f9f3076fb8fc7c6)
                - ASSEMBLY_EXCEPTION (RegularFile, f571933bb948577b1f9f3076fb8fc7c6)
                - bcel.md (RegularFile, 5974543c760c7342ec6a18eb626babaf)
                - dom.md (RegularFile, 7998d5e2bc558f6b75d4ba32b7b4aa97)
                - jcup.md (RegularFile, 689806a56c5ef960b1478ef4ec1976e9)
                - LICENSE (RegularFile, f571933bb948577b1f9f3076fb8fc7c6)
                - xalan.md (RegularFile, 76921a49502645640c14f1726e0b68ac)
                - xerces.md (RegularFile, 9d011eb67c74494864e8b8cf766c777a)
              - java.xml.crypto (Directory, afa1c332b8058edb822810bb6cf6057d)
                - ADDITIONAL_LICENSE_INFO (RegularFile, f571933bb948577b1f9f3076fb8fc7c6)
                - ASSEMBLY_EXCEPTION (RegularFile, f571933bb948577b1f9f3076fb8fc7c6)
                - LICENSE (RegularFile, f571933bb948577b1f9f3076fb8fc7c6)
                - santuario.md (RegularFile, b694b4301a50447d192fe43962809bc8)
              - jdk.accessibility (Directory, a34baf03971604cacd56b44b0677a874)
                - ADDITIONAL_LICENSE_INFO (RegularFile, f571933bb948577b1f9f3076fb8fc7c6)
                - ASSEMBLY_EXCEPTION (RegularFile, f571933bb948577b1f9f3076fb8fc7c6)
                - LICENSE (RegularFile, f571933bb948577b1f9f3076fb8fc7c6)
              - jdk.attach (Directory, a34baf03971604cacd56b44b0677a874)
                - ADDITIONAL_LICENSE_INFO (RegularFile, f571933bb948577b1f9f3076fb8fc7c6)
                - ASSEMBLY_EXCEPTION (RegularFile, f571933bb948577b1f9f3076fb8fc7c6)
                - LICENSE (RegularFile, f571933bb948577b1f9f3076fb8fc7c6)
              - jdk.charsets (Directory, a34baf03971604cacd56b44b0677a874)
                - ADDITIONAL_LICENSE_INFO (RegularFile, f571933bb948577b1f9f3076fb8fc7c6)
                - ASSEMBLY_EXCEPTION (RegularFile, f571933bb948577b1f9f3076fb8fc7c6)
                - LICENSE (RegularFile, f571933bb948577b1f9f3076fb8fc7c6)
              - jdk.compiler (Directory, a34baf03971604cacd56b44b0677a874)
                - ADDITIONAL_LICENSE_INFO (RegularFile, f571933bb948577b1f9f3076fb8fc7c6)
                - ASSEMBLY_EXCEPTION (RegularFile, f571933bb948577b1f9f3076fb8fc7c6)
                - LICENSE (RegularFile, f571933bb948577b1f9f3076fb8fc7c6)
              - jdk.crypto.cryptoki (Directory, 0d73b22ce3d0bb31e83d1fcb65fd4678)
                - ADDITIONAL_LICENSE_INFO (RegularFile, f571933bb948577b1f9f3076fb8fc7c6)
                - ASSEMBLY_EXCEPTION (RegularFile, f571933bb948577b1f9f3076fb8fc7c6)
                - LICENSE (RegularFile, f571933bb948577b1f9f3076fb8fc7c6)
                - pkcs11cryptotoken.md (RegularFile, 08e6d3f1872837f4854c7a9ffbddc6fa)
                - pkcs11wrapper.md (RegularFile, 9c67b71cbd14ae73b0c601eeb36f39c3)
              - jdk.crypto.ec (Directory, a34baf03971604cacd56b44b0677a874)
                - ADDITIONAL_LICENSE_INFO (RegularFile, f571933bb948577b1f9f3076fb8fc7c6)
                - ASSEMBLY_EXCEPTION (RegularFile, f571933bb948577b1f9f3076fb8fc7c6)
                - LICENSE (RegularFile, f571933bb948577b1f9f3076fb8fc7c6)
              - jdk.dynalink (Directory, 2755467fe1da04653fe9341b1fd2baef)
                - ADDITIONAL_LICENSE_INFO (RegularFile, f571933bb948577b1f9f3076fb8fc7c6)
                - ASSEMBLY_EXCEPTION (RegularFile, f571933bb948577b1f9f3076fb8fc7c6)
                - dynalink.md (RegularFile, 743dfb5d1a425c31e4fea84fc9fa3823)
                - LICENSE (RegularFile, f571933bb948577b1f9f3076fb8fc7c6)
              - jdk.hotspot.agent (Directory, a34baf03971604cacd56b44b0677a874)
                - ADDITIONAL_LICENSE_INFO (RegularFile, f571933bb948577b1f9f3076fb8fc7c6)
                - ASSEMBLY_EXCEPTION (RegularFile, f571933bb948577b1f9f3076fb8fc7c6)
                - LICENSE (RegularFile, f571933bb948577b1f9f3076fb8fc7c6)
              - jdk.httpserver (Directory, a34baf03971604cacd56b44b0677a874)
                - ADDITIONAL_LICENSE_INFO (RegularFile, f571933bb948577b1f9f3076fb8fc7c6)
                - ASSEMBLY_EXCEPTION (RegularFile, f571933bb948577b1f9f3076fb8fc7c6)
                - LICENSE (RegularFile, f571933bb948577b1f9f3076fb8fc7c6)
              - jdk.internal.ed (Directory, a34baf03971604cacd56b44b0677a874)
                - ADDITIONAL_LICENSE_INFO (RegularFile, f571933bb948577b1f9f3076fb8fc7c6)
                - ASSEMBLY_EXCEPTION (RegularFile, f571933bb948577b1f9f3076fb8fc7c6)
                - LICENSE (RegularFile, f571933bb948577b1f9f3076fb8fc7c6)
              - jdk.internal.jvmstat (Directory, a34baf03971604cacd56b44b0677a874)
                - ADDITIONAL_LICENSE_INFO (RegularFile, f571933bb948577b1f9f3076fb8fc7c6)
                - ASSEMBLY_EXCEPTION (RegularFile, f571933bb948577b1f9f3076fb8fc7c6)
                - LICENSE (RegularFile, f571933bb948577b1f9f3076fb8fc7c6)
              - jdk.internal.le (Directory, 65ed3468a4c9d2d5dcb23f1ee18418c1)
                - ADDITIONAL_LICENSE_INFO (RegularFile, f571933bb948577b1f9f3076fb8fc7c6)
                - ASSEMBLY_EXCEPTION (RegularFile, f571933bb948577b1f9f3076fb8fc7c6)
                - jline.md (RegularFile, ac3094f0e7ccdbdd2e53cfeb96f2a3f0)
                - LICENSE (RegularFile, f571933bb948577b1f9f3076fb8fc7c6)
              - jdk.internal.opt (Directory, ed89705d9e38597b7e77e35c25c32074)
                - ADDITIONAL_LICENSE_INFO (RegularFile, f571933bb948577b1f9f3076fb8fc7c6)
                - ASSEMBLY_EXCEPTION (RegularFile, f571933bb948577b1f9f3076fb8fc7c6)
                - jopt-simple.md (RegularFile, 6c7f4a70fcd81f59f2b312b3cc2b7bb0)
                - LICENSE (RegularFile, f571933bb948577b1f9f3076fb8fc7c6)
              - jdk.internal.vm.ci (Directory, a34baf03971604cacd56b44b0677a874)
                - ADDITIONAL_LICENSE_INFO (RegularFile, f571933bb948577b1f9f3076fb8fc7c6)
                - ASSEMBLY_EXCEPTION (RegularFile, f571933bb948577b1f9f3076fb8fc7c6)
                - LICENSE (RegularFile, f571933bb948577b1f9f3076fb8fc7c6)
              - jdk.javadoc (Directory, 1812c7a261d33f56902499737c03d672)
                - ADDITIONAL_LICENSE_INFO (RegularFile, f571933bb948577b1f9f3076fb8fc7c6)
                - ASSEMBLY_EXCEPTION (RegularFile, f571933bb948577b1f9f3076fb8fc7c6)
                - jquery.md (RegularFile, 963c4ceffd25326f4ef4ac4459dbb612)
                - jqueryUI.md (RegularFile, 2f46e615e78973cfa0d08427c0ba9219)
                - LICENSE (RegularFile, f571933bb948577b1f9f3076fb8fc7c6)
              - jdk.jcmd (Directory, a34baf03971604cacd56b44b0677a874)
                - ADDITIONAL_LICENSE_INFO (RegularFile, f571933bb948577b1f9f3076fb8fc7c6)
                - ASSEMBLY_EXCEPTION (RegularFile, f571933bb948577b1f9f3076fb8fc7c6)
                - LICENSE (RegularFile, f571933bb948577b1f9f3076fb8fc7c6)
              - jdk.jdi (Directory, a34baf03971604cacd56b44b0677a874)
                - ADDITIONAL_LICENSE_INFO (RegularFile, f571933bb948577b1f9f3076fb8fc7c6)
                - ASSEMBLY_EXCEPTION (RegularFile, f571933bb948577b1f9f3076fb8fc7c6)
                - LICENSE (RegularFile, f571933bb948577b1f9f3076fb8fc7c6)
              - jdk.jdwp.agent (Directory, a34baf03971604cacd56b44b0677a874)
                - ADDITIONAL_LICENSE_INFO (RegularFile, f571933bb948577b1f9f3076fb8fc7c6)
                - ASSEMBLY_EXCEPTION (RegularFile, f571933bb948577b1f9f3076fb8fc7c6)
                - LICENSE (RegularFile, f571933bb948577b1f9f3076fb8fc7c6)
              - jdk.jfr (Directory, a34baf03971604cacd56b44b0677a874)
                - ADDITIONAL_LICENSE_INFO (RegularFile, f571933bb948577b1f9f3076fb8fc7c6)
                - ASSEMBLY_EXCEPTION (RegularFile, f571933bb948577b1f9f3076fb8fc7c6)
                - LICENSE (RegularFile, f571933bb948577b1f9f3076fb8fc7c6)
              - jdk.jsobject (Directory, a34baf03971604cacd56b44b0677a874)
                - ADDITIONAL_LICENSE_INFO (RegularFile, f571933bb948577b1f9f3076fb8fc7c6)
                - ASSEMBLY_EXCEPTION (RegularFile, f571933bb948577b1f9f3076fb8fc7c6)
                - LICENSE (RegularFile, f571933bb948577b1f9f3076fb8fc7c6)
              - jdk.localedata (Directory, 8f7a1194530cade5aefff6dee613536c)
                - ADDITIONAL_LICENSE_INFO (RegularFile, f571933bb948577b1f9f3076fb8fc7c6)
                - ASSEMBLY_EXCEPTION (RegularFile, f571933bb948577b1f9f3076fb8fc7c6)
                - cldr.md (RegularFile, f571933bb948577b1f9f3076fb8fc7c6)
                - LICENSE (RegularFile, f571933bb948577b1f9f3076fb8fc7c6)
                - thaidict.md (RegularFile, 0f00ea956d81fce4743bcbfc461375ab)
              - jdk.management (Directory, a34baf03971604cacd56b44b0677a874)
                - ADDITIONAL_LICENSE_INFO (RegularFile, f571933bb948577b1f9f3076fb8fc7c6)
                - ASSEMBLY_EXCEPTION (RegularFile, f571933bb948577b1f9f3076fb8fc7c6)
                - LICENSE (RegularFile, f571933bb948577b1f9f3076fb8fc7c6)
              - jdk.management.agent (Directory, a34baf03971604cacd56b44b0677a874)
                - ADDITIONAL_LICENSE_INFO (RegularFile, f571933bb948577b1f9f3076fb8fc7c6)
                - ASSEMBLY_EXCEPTION (RegularFile, f571933bb948577b1f9f3076fb8fc7c6)
                - LICENSE (RegularFile, f571933bb948577b1f9f3076fb8fc7c6)
              - jdk.management.jfr (Directory, a34baf03971604cacd56b44b0677a874)
                - ADDITIONAL_LICENSE_INFO (RegularFile, f571933bb948577b1f9f3076fb8fc7c6)
                - ASSEMBLY_EXCEPTION (RegularFile, f571933bb948577b1f9f3076fb8fc7c6)
                - LICENSE (RegularFile, f571933bb948577b1f9f3076fb8fc7c6)
              - jdk.naming.dns (Directory, a34baf03971604cacd56b44b0677a874)
                - ADDITIONAL_LICENSE_INFO (RegularFile, f571933bb948577b1f9f3076fb8fc7c6)
                - ASSEMBLY_EXCEPTION (RegularFile, f571933bb948577b1f9f3076fb8fc7c6)
                - LICENSE (RegularFile, f571933bb948577b1f9f3076fb8fc7c6)
              - jdk.naming.rmi (Directory, a34baf03971604cacd56b44b0677a874)
                - ADDITIONAL_LICENSE_INFO (RegularFile, f571933bb948577b1f9f3076fb8fc7c6)
                - ASSEMBLY_EXCEPTION (RegularFile, f571933bb948577b1f9f3076fb8fc7c6)
                - LICENSE (RegularFile, f571933bb948577b1f9f3076fb8fc7c6)
              - jdk.net (Directory, a34baf03971604cacd56b44b0677a874)
                - ADDITIONAL_LICENSE_INFO (RegularFile, f571933bb948577b1f9f3076fb8fc7c6)
                - ASSEMBLY_EXCEPTION (RegularFile, f571933bb948577b1f9f3076fb8fc7c6)
                - LICENSE (RegularFile, f571933bb948577b1f9f3076fb8fc7c6)
              - jdk.sctp (Directory, a34baf03971604cacd56b44b0677a874)
                - ADDITIONAL_LICENSE_INFO (RegularFile, f571933bb948577b1f9f3076fb8fc7c6)
                - ASSEMBLY_EXCEPTION (RegularFile, f571933bb948577b1f9f3076fb8fc7c6)
                - LICENSE (RegularFile, f571933bb948577b1f9f3076fb8fc7c6)
              - jdk.security.auth (Directory, a34baf03971604cacd56b44b0677a874)
                - ADDITIONAL_LICENSE_INFO (RegularFile, f571933bb948577b1f9f3076fb8fc7c6)
                - ASSEMBLY_EXCEPTION (RegularFile, f571933bb948577b1f9f3076fb8fc7c6)
                - LICENSE (RegularFile, f571933bb948577b1f9f3076fb8fc7c6)
              - jdk.security.jgss (Directory, a34baf03971604cacd56b44b0677a874)
                - ADDITIONAL_LICENSE_INFO (RegularFile, f571933bb948577b1f9f3076fb8fc7c6)
                - ASSEMBLY_EXCEPTION (RegularFile, f571933bb948577b1f9f3076fb8fc7c6)
                - LICENSE (RegularFile, f571933bb948577b1f9f3076fb8fc7c6)
              - jdk.unsupported (Directory, a34baf03971604cacd56b44b0677a874)
                - ADDITIONAL_LICENSE_INFO (RegularFile, f571933bb948577b1f9f3076fb8fc7c6)
                - ASSEMBLY_EXCEPTION (RegularFile, f571933bb948577b1f9f3076fb8fc7c6)
                - LICENSE (RegularFile, f571933bb948577b1f9f3076fb8fc7c6)
              - jdk.unsupported.desktop (Directory, a34baf03971604cacd56b44b0677a874)
                - ADDITIONAL_LICENSE_INFO (RegularFile, f571933bb948577b1f9f3076fb8fc7c6)
                - ASSEMBLY_EXCEPTION (RegularFile, f571933bb948577b1f9f3076fb8fc7c6)
                - LICENSE (RegularFile, f571933bb948577b1f9f3076fb8fc7c6)
              - jdk.xml.dom (Directory, a34baf03971604cacd56b44b0677a874)
                - ADDITIONAL_LICENSE_INFO (RegularFile, f571933bb948577b1f9f3076fb8fc7c6)
                - ASSEMBLY_EXCEPTION (RegularFile, f571933bb948577b1f9f3076fb8fc7c6)
                - LICENSE (RegularFile, f571933bb948577b1f9f3076fb8fc7c6)
              - jdk.zipfs (Directory, a34baf03971604cacd56b44b0677a874)
                - ADDITIONAL_LICENSE_INFO (RegularFile, f571933bb948577b1f9f3076fb8fc7c6)
                - ASSEMBLY_EXCEPTION (RegularFile, f571933bb948577b1f9f3076fb8fc7c6)
                - LICENSE (RegularFile, f571933bb948577b1f9f3076fb8fc7c6)
            - lib (Directory, 608255ec15497ab142c6fd7c8b85edcd)
              - cef_server (RegularFile, 636e3ee786c1c96c5702285d14ba5d4d)
              - chrome-sandbox (RegularFile, 39d41c6121ae9d2e338ba9d746458154)
              - chrome_100_percent.pak (RegularFile, 01d06be4272281099f14c478abc991aa)
              - chrome_200_percent.pak (RegularFile, d965304b5f48bf2c35630561e4fa38b9)
              - classlist (RegularFile, 67ab9842f3de4576b77e4a5aa86d23b9)
              - ct.sym (RegularFile, d5dac3963cf010230ede5ee5a8dfebfd)
              - extensions (Directory, 4fd5bfd658339311850833b13545918d)
              - fonts (Directory, c7f75cbc4eae1efbba5df61284ed77dd)
                - DroidSans-Bold.ttf (RegularFile, 35475872465aa970812e2c2044998b10)
                - DroidSans.ttf (RegularFile, fc3813acb2bb5a9f340015c053e5c7f9)
                - DroidSansMono.ttf (RegularFile, f17efb992ad7c4ca0054a2532d488a3a)
                - DroidSansMonoDotted.ttf (RegularFile, 47221e33646bd201b731c7fb36c182e7)
                - DroidSansMonoSlashed.ttf (RegularFile, d1f920d41bf9e2d572eab1b4efdcf036)
                - DroidSerif-Bold.ttf (RegularFile, ee41bf6957ee60d932b52e98c789f144)
                - DroidSerif-BoldItalic.ttf (RegularFile, c97ac609fe6976c68636cab1165af9c8)
                - DroidSerif-Italic.ttf (RegularFile, 30e116340827e42a70285c40b4bb43a6)
                - DroidSerif-Regular.ttf (RegularFile, 09e3469ec0b9d6bf3d91214dd2fd25f9)
                - FiraCode-Bold.ttf (RegularFile, ac05579455f2bc35fbbf7e90e6b95cfa)
                - FiraCode-Light.ttf (RegularFile, 61e96c125ed4ef20493e668ce15c45e4)
                - FiraCode-Medium.ttf (RegularFile, 2cb3656c350501f174d4b254102a512d)
                - FiraCode-Regular.ttf (RegularFile, b956d81b36d43dbee56629506c534ea8)
                - FiraCode-Retina.ttf (RegularFile, 8fd782732ae55f4b6ca8231891143925)
                - font.conf (RegularFile, 5a9e9b88e5ddf81666d4c8b9cf72f4eb)
                - fonts.dir (RegularFile, 0ed997c73e802504d55c85dc1edffb86)
                - Inconsolata.ttf (RegularFile, 10cd27e94ab85c3d4d592bd0e23a51e3)
                - Inter-Italic.otf (RegularFile, 83234ac86c6fbeaea2136aa39a887831)
                - Inter-Regular.otf (RegularFile, 87515852e7c8a7f55365b32b8f43397b)
                - Inter-SemiBold.otf (RegularFile, 2992a41d58d341734ea217a03f2f053a)
                - Inter-SemiBoldItalic.otf (RegularFile, 9ee6bef13bc0af2fd8edd70a18f3ccc5)
                - JetBrainsMono-Bold.ttf (RegularFile, f03e4d66d66f9897b96438cd39c4ccf5)
                - JetBrainsMono-BoldItalic.ttf (RegularFile, 5380dda12a9a2d2b5943bae6c4021025)
                - JetBrainsMono-ExtraBold.ttf (RegularFile, 499baeafcfa125ab3462e7b170b84f4c)
                - JetBrainsMono-ExtraBoldItalic.ttf (RegularFile, 92ae5a57ab95e2f047ecc4050a73ab27)
                - JetBrainsMono-ExtraLight.ttf (RegularFile, ec47c744bcd532d8fef41e9e6692fae4)
                - JetBrainsMono-ExtraLightItalic.ttf (RegularFile, 95e6e506cd9b2d684af65f0b80aeae2a)
                - JetBrainsMono-Italic.ttf (RegularFile, 3b9e1ecdde717985785ada38163d1542)
                - JetBrainsMono-Light.ttf (RegularFile, 7bf586157e7cb980e347ee4447faba85)
                - JetBrainsMono-LightItalic.ttf (RegularFile, d046a08487de7d85f6f0700a15f34a64)
                - JetBrainsMono-Medium.ttf (RegularFile, a75b7d4adfddd95d5e6df3b27871c915)
                - JetBrainsMono-MediumItalic.ttf (RegularFile, 3851517ae05dfe124628411d6d8d5dcb)
                - JetBrainsMono-Regular.ttf (RegularFile, b2c1004af0b8b8bc220ac9091eeaa190)
                - JetBrainsMono-SemiBold.ttf (RegularFile, 4cc35cb6a07edb477bb3da299239b62b)
                - JetBrainsMono-SemiBoldItalic.ttf (RegularFile, 1e43d0f5ce1d16be0563af0b14d18814)
                - JetBrainsMono-Thin.ttf (RegularFile, 962862832ee7a1a24805af25e0e5fa0c)
                - JetBrainsMono-ThinItalic.ttf (RegularFile, 4ad75b2bacba94b6942b703e54d85a3a)
                - Roboto-Light.ttf (RegularFile, 4bc5302fdf4b757d0b24c394a8472bf0)
                - Roboto-Thin.ttf (RegularFile, 8587b0a22986c3623e2e354c819fe8a4)
                - SourceCodePro-Bold.ttf (RegularFile, 9deef62af8b89263c08d9a223ad5ef8b)
                - SourceCodePro-BoldIt.ttf (RegularFile, 16b185bf87a402c20e627ead12dc39f8)
                - SourceCodePro-It.ttf (RegularFile, 42b12ed764d62d156045143d8a53be63)
                - SourceCodePro-Regular.ttf (RegularFile, 2782ed0328e81daa3d2439bd324055e5)
              - icudtl.dat (RegularFile, 13295f88f0f28fe341e0dfa274451a97)
              - jcef_helper (RegularFile, 88d37592abd9f818b963c8e6bc2acda5)
              - jexec (RegularFile, f9d586bd88d11a34746d298292e1f2c8)
              - jfr (Directory, 24fa206a73b9e21623b07d450bd5cdb3)
                - default.jfc (RegularFile, ff0aff1c85c1b734cd926955716196ac)
                - profile.jfc (RegularFile, 972e85559f5f800251a2b81905600449)
              - jrt-fs.jar (RegularFile, 9ee43d6d3489fa8ed207ce9c627a14af)
              - jspawnhelper (RegularFile, f6e2afeeb58f935598749dc1dd6948f6)
              - jvm.cfg (RegularFile, 8b5473cffe2c4e74e1cf38af8629c8b9)
              - libattach.so (RegularFile, 9e917c85bce7c60560655161179420bb)
              - libawt.so (RegularFile, 6ec78cd499c17fda136df20e2d27aedb)
              - libawt_headless.so (RegularFile, 9d67d2d5ddccbf104a90d495ebfff43c)
              - libawt_wlawt.so (RegularFile, 1c95aa897cd3b953ae5e70257af9f6cb)
              - libawt_xawt.so (RegularFile, 96bd7caf00da708b88e7043217bfe17c)
              - libcef.so (RegularFile, 08cf58a59fde9f8d128ae35d2295ecc9)
              - libdt_socket.so (RegularFile, a56f8b4b6cfdaacc13fbf9a95723a895)
              - libEGL.so (RegularFile, 7be26f7ccd8443259d065fb61a437712)
              - libextnet.so (RegularFile, 58b970411ba08cbbd9026a447a4c276e)
              - libfontmanager.so (RegularFile, 0a294bf41d714a73b62b28f1ea223c99)
              - libfontmanager_xawt.so (RegularFile, 6f5c498f5e3fced5d8c503e8f7250213)
              - libGLESv2.so (RegularFile, eb4b408150cd2d02563c64234be290fb)
              - libgluegen_rt.so (RegularFile, bd4a0edf438a8652d479876ac14eaa17)
              - libinstrument.so (RegularFile, bf9ed202c9b96359c37681336dc963a0)
              - libj2gss.so (RegularFile, 7ca58672eb7913400b2a7c888b2071c4)
              - libj2pcsc.so (RegularFile, 9198a0b37d4475f530e045659ef6c9b7)
              - libj2pkcs11.so (RegularFile, 36a275a461263b77245b0383a0898c9f)
              - libjaas.so (RegularFile, d3542c990e69b4392964882fd35804cf)
              - libjava.so (RegularFile, c5a51c275f487ebe42edc96cab271ce2)
              - libjavajpeg.so (RegularFile, fda242b460606ab6a4e2ff6ccce6e63b)
              - libjawt.so (RegularFile, 1b5d60a55592c4d119af77f8ffa98112)
              - libjcef.so (RegularFile, 7acddaba0648b9a9373f76ce9223a5b5)
              - libjdwp.so (RegularFile, 77238b39f950db439a8a5e65a0034a46)
              - libjimage.so (RegularFile, d590a0e32df384cf13aca907a422505a)
              - libjli.so (RegularFile, f9113e838053a4ae4ca681925a1ebb7c)
              - libjogl_desktop.so (RegularFile, d03789563c8bb9c268220a8ab7dfd376)
              - libjogl_mobile.so (RegularFile, 08cc9f22a115dfe6a43815f6ec81fbb6)
              - libjsig.so (RegularFile, b4e29e6b05cb36f3ea7a1d25f046db55)
              - libjsound.so (RegularFile, d52879f4e1831e97890b6697448eab5a)
              - liblcms.so (RegularFile, a3fbf2bc942f94e58e09d8d369c78ad1)
              - lible.so (RegularFile, 8fe57dd716a02119906550d8eeedd693)
              - libmanagement.so (RegularFile, f826dacfd609d30da4e95b4f3ed6fb19)
              - libmanagement_agent.so (RegularFile, 7a9a8538ba24de46ad526d69aa44645c)
              - libmanagement_ext.so (RegularFile, e6430d7a38d4a52f0e71d0249335fb2a)
              - libmlib_image.so (RegularFile, e617d37bdaaa875dc1fcf6803c6c81d1)
              - libnativewindow_awt.so (RegularFile, 52d26624f132ad3b4ca85a017be60d0c)
              - libnativewindow_drm.so (RegularFile, 759e5cc5b3eaa6ca1076fc4d82c8095f)
              - libnativewindow_x11.so (RegularFile, 744b0a94ef7ed1f8e261dcea85f74c24)
              - libnet.so (RegularFile, 59e626df0df48b1c238d81ac23589e27)
              - libnewt_drm.so (RegularFile, fc1a5475bb7dfec5cfde128f03b210fb)
              - libnewt_head.so (RegularFile, f3e1b3446fa0fbc1a4677721d33881eb)
              - libnio.so (RegularFile, dfb6fc8137e758b2bf11675a2d5b1211)
              - libprefs.so (RegularFile, 54015ad2ed92b8b7e356ed661f94f1c1)
              - librmi.so (RegularFile, de5278ed6409159d7451f3f171d82d70)
              - libsaproc.so (RegularFile, 61debec8fb91d5b0dfdad7ae4a17bc82)
              - libsctp.so (RegularFile, 7d05a93b6593b53ba6e9e4a2d659abad)
              - libshared_mem_helper.so (RegularFile, 95b89fa038e99860ada852e55566b48f)
              - libsplashscreen.so (RegularFile, e173815a6c65036b9ff722344cc0a25c)
              - libsyslookup.so (RegularFile, c3b82e5811bbe445b59381d814eacb74)
              - libverify.so (RegularFile, 9ab661a093f302fb4cc7b65fe872c30e)
              - libvk_swiftshader.so (RegularFile, d835746108c0f1d9aff57ef09efe9484)
              - libvulkan.so.1 (RegularFile, 7b0bd69c93ab95edfb349a6f2626fa24)
              - libwlsplashscreen.so (RegularFile, c0a316e4a97d723dddd55f97383d49bf)
              - libzip.so (RegularFile, 1610b1d9430040b3675ae8128b9c7b82)
              - locales (Directory, 770c0b3764f65af3f397e2bb8b4b676e)
                - af.pak (RegularFile, 1eb3fb9c9eb03dcee04434edc65e79b1)
                - am.pak (RegularFile, 0a8e909f54b796732e835dc9dbc65802)
                - ar.pak (RegularFile, b28220f8396fc823a52b075b0a3dd2aa)
                - bg.pak (RegularFile, bea0d1ac403fcf02729cacc95db8fd11)
                - bn.pak (RegularFile, 24d5a0b1ca3af1590632aa2e0f900b12)
                - ca.pak (RegularFile, 5cacf6c46d07501135ec8cfb869217e8)
                - cs.pak (RegularFile, 12837b0267e37efa5965c85f8119fc1f)
                - da.pak (RegularFile, 6df61389012b027bb36191cb0db3e30c)
                - de.pak (RegularFile, 1d6c76905000e5b7fe75d490f3b1b4f3)
                - el.pak (RegularFile, 0d89ac21e32305568ddc20e5406e4fde)
                - en-GB.pak (RegularFile, 8bd3933211911fa2c1847226d16135ab)
                - en-US.pak (RegularFile, d43e124efb1d0bd0ea17bbe4968d24e2)
                - es-419.pak (RegularFile, 6ccc4f924eb3d7e41100b83fb3a55349)
                - es.pak (RegularFile, cb615bbd0fb7297ed777960c67b7a47f)
                - et.pak (RegularFile, 5b67b53f42d66398f2f41c4061f3987e)
                - fa.pak (RegularFile, 7b8b4058a90aaa8337876e7393c35c49)
                - fi.pak (RegularFile, d74c45097e90b16178cd24b0b35f199d)
                - fil.pak (RegularFile, 10ebd9cc815609094c2a475cd7a2f382)
                - fr.pak (RegularFile, 2dcce0ff5c0a2bc9ee0e070b895da9cc)
                - gu.pak (RegularFile, 628e9cdde00cbfd180c4b3070125a676)
                - he.pak (RegularFile, 888e00b60b63331c69d3bc1275366436)
                - hi.pak (RegularFile, 433517b063d3cbcf549c11106f832be9)
                - hr.pak (RegularFile, da957cb72cdbb1ad5a62d2e16b6524cc)
                - hu.pak (RegularFile, 1f5c2ebfc473d680b65f21278c7b30be)
                - id.pak (RegularFile, 695b11698cce920c1cddb92a4f4a5bec)
                - it.pak (RegularFile, 89d3380fad529c86bfef3961d657e5a4)
                - ja.pak (RegularFile, aa631660de491b0b16fdbec23786afc1)
                - kn.pak (RegularFile, dd8f234a11cb896d066f6fdcc0bae58d)
                - ko.pak (RegularFile, f22e8711a424767ffc18c29913a568ba)
                - lt.pak (RegularFile, bde5087e07ee0a88d2b7a22d8e58b5ed)
                - lv.pak (RegularFile, 8bb943cd1d66262f5395ce1a28f02daf)
                - ml.pak (RegularFile, 4f3b3a117369f624fec39d536f9b7b45)
                - mr.pak (RegularFile, 47b78f75891629500e15aa0d7190e997)
                - ms.pak (RegularFile, f96de016fcffb125a97ef040b36f4f6c)
                - nb.pak (RegularFile, e6693a142337364738b2ab55ef4e3ff0)
                - nl.pak (RegularFile, c1db025c707bad1a8a390aeb3bd35c99)
                - pl.pak (RegularFile, 9a4737f35e0b93967285286f913b907a)
                - pt-BR.pak (RegularFile, 8f18fa63ee2e3d6293722e09d1f309dd)
                - pt-PT.pak (RegularFile, e54d26f5c49c80fa4ef7b19125ddecc7)
                - ro.pak (RegularFile, bea5ccc11ee77c142543763dd549a681)
                - ru.pak (RegularFile, bbb8aac24432d337c4eb68f8e5f280f8)
                - sk.pak (RegularFile, 9b8d36cb9eaec5f0f04d63524c6222cf)
                - sl.pak (RegularFile, 6082d12cc24bd7fd0341b5fbdde30dd1)
                - sr.pak (RegularFile, 09ce97c87a7a13648f63686205875418)
                - sv.pak (RegularFile, 0c97a5252cf5746e6ef8748780b74fe4)
                - sw.pak (RegularFile, cd5bb035bd7419a31d66a594fe62f1bc)
                - ta.pak (RegularFile, 7d27dee2e2d1061d94f9d9bec4e25555)
                - te.pak (RegularFile, c27bd418d3161a2f18e901187b24d5c2)
                - th.pak (RegularFile, f37acd5433729d1d79ddb39a3439bc2f)
                - tr.pak (RegularFile, 9303c5c82d8ced5da65878c4928b5694)
                - uk.pak (RegularFile, ce406cc1f8813d1a535c2c806b1685f2)
                - ur.pak (RegularFile, c03f6e280db3f210a514a0e6f042ba50)
                - vi.pak (RegularFile, f445f05cf7cfc678a1a489e48669b0d2)
                - zh-CN.pak (RegularFile, 06d3b2e108876a2e2b8403240757ea40)
                - zh-TW.pak (RegularFile, 0b4de764bc9bc2ea4b6a307d30a69956)
              - modules (RegularFile, 5c9fe8874bb83a835be5cdeae5ec501f)
              - psfont.properties.ja (RegularFile, 93faf4c593bd9ddf7fc87d81dfed39ed)
              - psfontj2d.properties (RegularFile, bcedcd100c7f0e4d42b7a00e1def737c)
              - resources.pak (RegularFile, 072aecdcbb931d4e30fc1baf6293d227)
              - security (Directory, 0244171277debf8fae895701e57824ca)
                - blocked.certs (RegularFile, 6ffb1be5bea01f07c71d2e09644b718c)
                - cacerts (RegularFile, 3ccb1277967ef1ef1fe10db876a995d1)
                - default.policy (RegularFile, 047ad45322fc57467c0c32eedcbbfbd1)
                - public_suffix_list.dat (RegularFile, 95c4c60cf5a4f68309920e8b4b6a4fb9)
              - server (Directory, 9b24309ad0508ba1e277c047955c9640)
                - classes.jsa (RegularFile, 251bb37a43d9dbdaaa3e4fcbabaafe51)
                - classes_nocoops.jsa (RegularFile, c06d23c57741667e61ad78f4e014fbfd)
                - libjsig.so (RegularFile, b4e29e6b05cb36f3ea7a1d25f046db55)
                - libjvm.so (RegularFile, 1d252611217700d52d4b20465e044f09)
              - tzdb.dat (RegularFile, 1261cc7bfe4da495b3fbe35bf03ca201)
              - v8_context_snapshot.bin (RegularFile, d94dec37cc488435583342a0d206144f)
              - vk_swiftshader_icd.json (RegularFile, 34213ee9b9f626a79c52c9fac868bcd1)
            - release (RegularFile, 975a5caa7f44085df699964844e6fe5f)
          - lib (Directory, cb58854d59489950dbf4978a1be8ffd3)
            - annotations.jar (RegularFile, 7ae37aa61793ea1bed78d02c1790a6b9)
            - app-backend.jar (RegularFile, 19a2f7ffec88809658798acd9089794e)
            - app.jar (RegularFile, ec37f28d98f48ce49bc3afcc13b0d395)
            - async-profiler (Directory, 83b02071bb8f53a6cdf60b0b02efb2dc)
              - aarch64 (Directory, 2c698a9b8c3c96843b8d91738460148e)
                - dbghelp.dll (RegularFile, 1bdf4e55245185dafc807ede2f10ba99)
                - jniSymbolsResolver.dll (RegularFile, d3790d5c0c7cef4335d5cbcb20804d88)
                - libasyncProfiler.dll (RegularFile, 2edede2eaa2734ef2d8b999362dabaa1)
                - libasyncProfiler.so (RegularFile, 64ef0d3d069b956e09721dc855d28355)
                - symsrv.dll (RegularFile, 8430ba2a0457f98ec2563363f577f8ba)
              - amd64 (Directory, 483508b54e7dedfbfd1222f3f854be52)
                - dbghelp.dll (RegularFile, f26e5aa5ffe522ca77ea20741474d8e2)
                - jniSymbolsResolver.dll (RegularFile, 38be17bf6fdad92364fa9e959c011db6)
                - libasyncProfiler.dll (RegularFile, fbcd8c0e984876a732305b3490a5dcc9)
                - libasyncProfiler.so (RegularFile, 151bc939de86f3f4e00d5b043c43e08f)
                - symsrv.dll (RegularFile, b3e406e87e30a9b33e9809331f47ce25)
              - libasyncProfiler.dylib (RegularFile, 8791b84bb060c3b8cabf4dc694fe88f6)
            - build-marker-PY-253.31033.139 (RegularFile, fc90648bc0a1b106c51abdb44f51bbd3)
            - eclipse.lsp4j.debug.jar (RegularFile, d657dec2d857c2c82007689bfcd1289b)
            - eclipse.lsp4j.jar (RegularFile, fdb29c0d4d0a9c7003bac53082910a3f)
            - eclipse.lsp4j.jsonrpc.debug.jar (RegularFile, 2e79f8b1f8168ec633fd22d77edbf5ab)
            - eclipse.lsp4j.jsonrpc.jar (RegularFile, 16d78e4e31312264259c7fe3cdd03125)
            - ext (Directory, 0291465123e1959c06b09daadb88d299)
              - platform-main.jar (RegularFile, 06cafe0c5ce48aff0cc34c62222a6ec8)
            - external-system-rt.jar (RegularFile, d37a88118373182bb2b237325dee3eb6)
            - externalProcess-rt.jar (RegularFile, f069975e44e16ecf2fced1b4c6570862)
            - forms_rt.jar (RegularFile, b648a492504370cca0ea8e8bb8cd02f9)
            - frontend-split (Directory, 746abe9e850f5fa6f15f72c3a49fd64e)
              - frontend-split-customization.jar (RegularFile, f1748d9d72bbcec581094b8b3b704093)
              - frontend-split.jar (RegularFile, 833f9a934cab5f0603454c480a4183ab)
            - groovy.jar (RegularFile, bb52cfbf64eab819d95d93e42990c257)
            - javax.activation.jar (RegularFile, 951c6f55d4f6837704fcf80cbc9660a4)
            - javax.annotation-api.jar (RegularFile, a1f5413ff91ea950d09b4086293ca37d)
            - jaxb-api.jar (RegularFile, 8a736aa20ee0e3ddc6962988a5b7e1ab)
            - jaxb-runtime.jar (RegularFile, 2ef3efd514eaa2852cb2d1c46fad4fd1)
            - jna (Directory, 61380df2806ffa1e7be84953fd059818)
              - amd64 (Directory, 926993decd726d0504fe0e53f0f38d63)
                - libjnidispatch.so (RegularFile, 5e7c56473ae9bcbd81c2ddc2d39f78df)
            - jps-model.jar (RegularFile, 1acf77c39257ee780b341f053ab2b42b)
            - jsch-agent.jar (RegularFile, db44cd6476ab673b980d4d2e638dadfc)
            - lib-backend.jar (RegularFile, 2dc2fabddc7dad4304e889ef1f94c3bd)
            - lib.jar (RegularFile, 3cb2be76228f98759ca5d95231d52d5c)
            - module-intellij.libraries.aalto.xml.jar (RegularFile, d576db60aefe3a8777a5783429ce45a7)
            - module-intellij.libraries.asm.jar (RegularFile, d33e27dd2de1de40117d0c1abf04fe90)
            - module-intellij.libraries.asm.tools.jar (RegularFile, 85b22d3ebceff3b075311f0d2cc2fdbe)
            - module-intellij.libraries.automaton.jar (RegularFile, 1b30a31aa6d318c2f8486fa0a5b72df9)
            - module-intellij.libraries.blockmap.jar (RegularFile, f996ddca4978f6b76eecdf2d39b7a427)
            - module-intellij.libraries.bouncy.castle.pgp.jar (RegularFile, ece8473f69be90aa084856ed82000b00)
            - module-intellij.libraries.bouncy.castle.provider.jar (RegularFile, 2565ab78e4ed432517c095718f9b9f20)
            - module-intellij.libraries.caffeine.jar (RegularFile, 206ffaff1cc90146dfd9864d4a8a55f9)
            - module-intellij.libraries.cglib.jar (RegularFile, e32b1913fe2ab716b9e828bf024c4b2a)
            - module-intellij.libraries.classgraph.jar (RegularFile, ab811701189e8b5846e8a5aec70e38fd)
            - module-intellij.libraries.cli.parser.jar (RegularFile, 981aaed115c7b038957b18d8a9a7af33)
            - module-intellij.libraries.commons.cli.jar (RegularFile, d0684668752b10c7473d9a3bc42dfc7c)
            - module-intellij.libraries.commons.codec.jar (RegularFile, ba639d0540d201d2aa4f667798ece9ef)
            - module-intellij.libraries.commons.compress.jar (RegularFile, 60351f8cd93983009887c110b71a0350)
            - module-intellij.libraries.commons.imaging.jar (RegularFile, 3dcd37bcd4abf30538c48daad1b337e3)
            - module-intellij.libraries.commons.io.jar (RegularFile, eb99bc52596e8bb17560418f15eacbbd)
            - module-intellij.libraries.commons.lang3.jar (RegularFile, 4ad078b6c1636bb10df5ae75987c9040)
            - module-intellij.libraries.commons.logging.jar (RegularFile, b6638d3756a855c884c38f6e3b09257a)
            - module-intellij.libraries.fastutil.jar (RegularFile, 10d84207012dfd16d76b29835e5f79d6)
            - module-intellij.libraries.gson.jar (RegularFile, 2628d00de6a0174c96c7487dff52b691)
            - module-intellij.libraries.guava.jar (RegularFile, 93e140beabe3ce0a644440857615fc57)
            - module-intellij.libraries.hash4j.jar (RegularFile, 69072bffec6c8d4c7fd1a4827f90582c)
            - module-intellij.libraries.hdr.histogram.jar (RegularFile, c2ff70e276c7dbd9377b4c48d345d29c)
            - module-intellij.libraries.http.client.jar (RegularFile, 16c68b6c3f3859242672f30cd7384d25)
            - module-intellij.libraries.icu4j.jar (RegularFile, 998ecae11d5ccc267da3840e3d78334f)
            - module-intellij.libraries.imgscalr.jar (RegularFile, 4e2885e00abaeb2068a61dac083ca28f)
            - module-intellij.libraries.ini4j.jar (RegularFile, ced85b2b1c512444098c9e31283ae8f9)
            - module-intellij.libraries.ion.jar (RegularFile, bda1b74303d1138a0d83bf652713831e)
            - module-intellij.libraries.jackson.databind.jar (RegularFile, 1ad8f86da6bdc20966eeaa7ef6914888)
            - module-intellij.libraries.jackson.dataformat.yaml.jar (RegularFile, 59ea7c33427435e5af3a20787599d9f7)
            - module-intellij.libraries.jackson.jar (RegularFile, eb25f80497e57002dae8e4ba958f97ba)
            - module-intellij.libraries.jackson.jr.objects.jar (RegularFile, 128b371c7f544a033ee95918dca88889)
            - module-intellij.libraries.jackson.module.kotlin.jar (RegularFile, 96cdeb33e41512aecf98d40b72ef1353)
            - module-intellij.libraries.java.websocket.jar (RegularFile, 0bfb4fc4990e600a6ae8ead00787dea4)
            - module-intellij.libraries.javax.annotation.jar (RegularFile, 27a456577655e11aef63edb8492bdc79)
            - module-intellij.libraries.jaxen.jar (RegularFile, b1986f69cc795352bccc7af57c5bd2c1)
            - module-intellij.libraries.jbr.jar (RegularFile, aa221203c9610db32cbb9277f24fa064)
            - module-intellij.libraries.jcef.jar (RegularFile, 6879a5fc953a686e563e8bfc9dcae642)
            - module-intellij.libraries.jcip.jar (RegularFile, 17105333507d4078a2ae3839d9f3016b)
            - module-intellij.libraries.jediterm.core.jar (RegularFile, f5070be3f91997e51051a48c2c20cfcb)
            - module-intellij.libraries.jediterm.ui.jar (RegularFile, 3a1d3de11e32622056ecfd2975076d60)
            - module-intellij.libraries.jettison.jar (RegularFile, 5f2d34ea4d2f547591c25cdbf752deb3)
            - module-intellij.libraries.jsonpath.jar (RegularFile, 5e11098fbe086ba542d4fbd609d9b0ba)
            - module-intellij.libraries.jsoup.jar (RegularFile, 14761d1dc923a95ac11ec16e4e112baf)
            - module-intellij.libraries.jsvg.jar (RegularFile, 1a515ff45449aa6510bd89304b03a968)
            - module-intellij.libraries.jvm.native.trusted.roots.jar (RegularFile, 9f473f7ea3d4269801cc9f80de9537f5)
            - module-intellij.libraries.jzlib.jar (RegularFile, 7dff8944e9ad0d300f11ae8060b4a2c2)
            - module-intellij.libraries.kotlin.reflect.jar (RegularFile, 1fb8f4ed5546fedb3e8e05ffe19c2821)
            - module-intellij.libraries.kotlinx.collections.immutable.jar (RegularFile, ed3d1029af4c39095640798dae83136a)
            - module-intellij.libraries.kotlinx.coroutines.slf4j.jar (RegularFile, daaea3a16c0b46f250e6158a14892b85)
            - module-intellij.libraries.kotlinx.datetime.jar (RegularFile, 0df73a4a21b54a83b42db346e4ed43b6)
            - module-intellij.libraries.kotlinx.html.jar (RegularFile, 790e9e292bf880594b95d4394924fafa)
            - module-intellij.libraries.kotlinx.io.jar (RegularFile, db4ae176cd6ce74102208940674b10d7)
            - module-intellij.libraries.kotlinx.serialization.core.jar (RegularFile, 9e77ba3492b27c28474f0926e2ee0577)
            - module-intellij.libraries.kotlinx.serialization.json.jar (RegularFile, e1b3d5739f3e42a2aab60c44f22a607f)
            - module-intellij.libraries.kotlinx.serialization.protobuf.jar (RegularFile, a17b087e44c3abc53b733ee125d80d00)
            - module-intellij.libraries.kryo5.jar (RegularFile, c21d61708e1806703dcfa6e3511a96fb)
            - module-intellij.libraries.ktor.client.cio.jar (RegularFile, 723eb0b0efb54f4cc2e70a2a84bbad39)
            - module-intellij.libraries.ktor.client.jar (RegularFile, e2351df3c003a4d884f07bbeedcdc6f0)
            - module-intellij.libraries.ktor.io.jar (RegularFile, 0e2842aadba4285652978dfdc90b3be7)
            - module-intellij.libraries.ktor.network.tls.jar (RegularFile, 78e79353a36757dd2d649e049b21543a)
            - module-intellij.libraries.ktor.utils.jar (RegularFile, 1f0c34524fbd66ed4132b93a351ddae0)
            - module-intellij.libraries.lz4.jar (RegularFile, 45da86fd1b3dac454600c79e87341b47)
            - module-intellij.libraries.markdown.jar (RegularFile, fb89f45523a0ba293eb7a5fab8190fa1)
            - module-intellij.libraries.miglayout.swing.jar (RegularFile, 81451d9063195f8bdce9f3ec90f9efae)
            - module-intellij.libraries.mvstore.jar (RegularFile, 82a894c05bffe620952daa706d9560f1)
            - module-intellij.libraries.oro.matcher.jar (RegularFile, 07aa19c4d850b35213246b21ad903e3b)
            - module-intellij.libraries.proxy.vole.jar (RegularFile, d80740444da4fae3e59210fdef317eff)
            - module-intellij.libraries.pty4j.jar (RegularFile, f6a648a4517d77337c84b8e25b75b938)
            - module-intellij.libraries.rd.text.jar (RegularFile, 3b8b7396a914d105aeec0a29a8c7de74)
            - module-intellij.libraries.rhino.jar (RegularFile, 29842dc46e40cd5c52feab0818410d37)
            - module-intellij.libraries.snakeyaml.engine.jar (RegularFile, 21df9b3061d91741cf0bb0cd984e955d)
            - module-intellij.libraries.snakeyaml.jar (RegularFile, 778e73154755631dde3205312c7bbc79)
            - module-intellij.libraries.sshj.jar (RegularFile, 10d39e5563ba4817a722ca49994e1275)
            - module-intellij.libraries.stream.jar (RegularFile, 9946215e48acb2508b62261f9b47fc4b)
            - module-intellij.libraries.velocity.jar (RegularFile, 2a1a5ac0d1fcf8d6bf3c0e02ca2a482a)
            - module-intellij.libraries.winp.jar (RegularFile, bbd4e94e953ef4cdf20f1e8cee6fc648)
            - module-intellij.libraries.xerces.jar (RegularFile, 8f0899736815de3e1588fd87eb8978b2)
            - module-intellij.libraries.xstream.jar (RegularFile, 502218094261e7675b23bbbecf097b29)
            - module-intellij.libraries.xtext.xbase.jar (RegularFile, e2eb81b1911c2288ef10e2cb17963407)
            - module-intellij.libraries.xz.jar (RegularFile, 3f336f52fdc1c1f12828ea0750c0567d)
            - module-intellij.platform.debugger.impl.rpc.jar (RegularFile, c7075b20fa08d623a85da715948cfd1b)
            - module-intellij.platform.debugger.impl.shared.jar (RegularFile, c379f3661ed59809d0f024e3926b2a6b)
            - module-intellij.platform.eel.impl.jar (RegularFile, fd44bbd8734ef15ec3cdcf6e653f34c9)
            - module-intellij.platform.find.jar (RegularFile, 1fa146f9d7e501e5a38c810199defef2)
            - module-intellij.platform.managed.cache.jar (RegularFile, d6e098e51c42cde647ab751b307f83ea)
            - module-intellij.platform.polySymbols.backend.jar (RegularFile, 05cd986f2907007ccc4164cf3bb0efda)
            - module-intellij.platform.polySymbols.jar (RegularFile, dbbfe3515f47d5788d2a53c4d3de55d5)
            - module-intellij.platform.rpc.topics.jar (RegularFile, a7578600d188681df04af2aca9f8f95d)
            - module-intellij.platform.scopes.jar (RegularFile, 5d8fafb4876d895e9833e7710ae76c70)
            - module-intellij.platform.vcs.core.jar (RegularFile, 68a9685b3168fe1cfd31e8b3532b282e)
            - module-intellij.platform.vcs.jar (RegularFile, 8f3f392d482619d498e0cff64b645bd9)
            - module-intellij.platform.vcs.shared.jar (RegularFile, 0bf04657041358aa5984bf3178ca68e5)
            - module-intellij.regexp.jar (RegularFile, 40dc788b030c90cfa18a06b6e3bd125a)
            - module-intellij.xml.analysis.impl.jar (RegularFile, 013646917844b797dd90bb2cf5a66412)
            - module-intellij.xml.analysis.jar (RegularFile, 87b8c59fb3bcf88f97336a32ee22df61)
            - module-intellij.xml.dom.impl.jar (RegularFile, 9ac6f12641b6baa649cdca6d89c2fde0)
            - module-intellij.xml.dom.jar (RegularFile, 9014d0c277df9497c23c26aec2bdf0ca)
            - module-intellij.xml.impl.jar (RegularFile, 6beac2074bef31f1158d40d5055f50ce)
            - module-intellij.xml.parser.jar (RegularFile, f1db194433e446dc22805b661daefa74)
            - module-intellij.xml.psi.impl.jar (RegularFile, 22b4c3c79c9a0ac6e44d1dd5f36c7fc4)
            - module-intellij.xml.psi.jar (RegularFile, 4d5c4e55c35b1515d452fcde4f7d81f4)
            - module-intellij.xml.structureView.impl.jar (RegularFile, 2f41287837dc1865d15b4f7db19b2d98)
            - module-intellij.xml.structureView.jar (RegularFile, 16235472133a7fae4a1b7f5f00c8b8df)
            - module-intellij.xml.syntax.jar (RegularFile, c666480105a4c4feed44e7223be629b9)
            - module-intellij.xml.ui.common.jar (RegularFile, 6a07c244b415d5a92fdeef6e10ce2bdc)
            - modules (Directory, 4d5c275354c3e64397ae2fbc3e95ecc6)
              - intellij.charts.jar (RegularFile, c4d934f26bc793b91504863dbd4bb47a)
              - intellij.emojipicker.jar (RegularFile, 91d7a231fbb96c3b413f6abce17be382)
              - intellij.grid.core.impl.jar (RegularFile, b2aa6797c45191c5ec4efff849756a7f)
              - intellij.grid.csv.core.impl.jar (RegularFile, f882ba9c53f45fcdccbaaca4bc2b48bc)
              - intellij.grid.impl.jar (RegularFile, 03942c08121f6f1c8307d0643c162b44)
              - intellij.grid.jar (RegularFile, 62feded6c9afec48e983f8ee00e697ba)
              - intellij.grid.types.jar (RegularFile, 68a130e5205c7cd29ed2ca2146511240)
              - intellij.ide.startup.importSettings.jar (RegularFile, 7f001ef1aa6309f09418e800197cbee8)
              - intellij.libraries.coil.jar (RegularFile, 897de44d1b6269d376fc3b0a235fa3ad)
              - intellij.libraries.commons.text.jar (RegularFile, e03e984fff1c813a2d60ac479379a292)
              - intellij.libraries.compose.foundation.desktop.jar (RegularFile, 9d782ac43708beb1a395a37cdbb8d193)
              - intellij.libraries.compose.runtime.desktop.jar (RegularFile, b30f2bcb7a6004acb5315bfb8affcd49)
              - intellij.libraries.grpc.jar (RegularFile, b60282aa126c70d5439708c7d02038d8)
              - intellij.libraries.grpc.netty.shaded.jar (RegularFile, 1a636c501a550b7678fcb254c4240ab3)
              - intellij.libraries.javax.activation.jar (RegularFile, aa6ca28dc8f34bd1f12864786320f7d6)
              - intellij.libraries.kotlinx.document.store.mvstore.jar (RegularFile, 2ec4239d09f0b97c4b930cc026c16072)
              - intellij.libraries.lucene.common.jar (RegularFile, 8850fab2a6969096b9afae15a106ef9c)
              - intellij.libraries.microba.jar (RegularFile, c2dd59b56f1e92d0908247ece0f84b84)
              - intellij.libraries.skiko.jar (RegularFile, e07b1f0a3e61618a3c9791d381a7e836)
              - intellij.libraries.xml.rpc.jar (RegularFile, 1317ad851febfc2313dd12f2f11d1eeb)
              - intellij.platform.backend.jar (RegularFile, 6b3784cf99a943957ef815c5c3b326f2)
              - intellij.platform.bookmarks.backend.jar (RegularFile, eeb9086a8819f9e3442374d739546910)
              - intellij.platform.bookmarks.frontend.jar (RegularFile, ebf3ec756296ce5969718a43194c775c)
              - intellij.platform.buildView.backend.jar (RegularFile, b97ac921ac4cb217a85a0fded57949f1)
              - intellij.platform.buildView.frontend.jar (RegularFile, c4bd39d031862145ec4f64d10f89fac1)
              - intellij.platform.buildView.jar (RegularFile, 736646c001c7e03a947d7a512164b620)
              - intellij.platform.clouds.jar (RegularFile, 3623e7cb05cf0eda88bcd43ba31a9b1d)
              - intellij.platform.collaborationTools.auth.base.jar (RegularFile, 779a061c0ba5ea9af66b0cd71aed6bc2)
              - intellij.platform.collaborationTools.auth.jar (RegularFile, 4206ffc96e95d4467d46e1597dfbd105)
              - intellij.platform.collaborationTools.jar (RegularFile, 4db02258524f6e8cede9cfb96cdd5059)
              - intellij.platform.completion.backend.jar (RegularFile, a8d001c8d418729aacd41c35a8a0cd4c)
              - intellij.platform.completion.common.jar (RegularFile, e50e1783640eef045bb4a30383c27ed1)
              - intellij.platform.completion.frontend.jar (RegularFile, d5be4a5603259c3cddeb531e03b148f2)
              - intellij.platform.compose.jar (RegularFile, 7c66837b43dae8c3f44639415db2e5af)
              - intellij.platform.compose.markdown.jar (RegularFile, 7c5d67dc8f7e4c93c84677cc672c2b50)
              - intellij.platform.coverage.agent.jar (RegularFile, 45f3744753afc526fa582fb0d93778fb)
              - intellij.platform.coverage.jar (RegularFile, d56260d0daf2640d6538bf08ea97c367)
              - intellij.platform.dap.jar (RegularFile, e8810252c50e0e02f20bc0e9863b9321)
              - intellij.platform.debugger.impl.backend.jar (RegularFile, b24a77619f9c4211270d6550a09c8672)
              - intellij.platform.debugger.impl.frontend.jar (RegularFile, 1c0a11d786c3b460cb39cde171b20338)
              - intellij.platform.diagnostic.freezeAnalyzer.jar (RegularFile, 145611dd16fdf31196f7f59f6d3fc7a0)
              - intellij.platform.diagnostic.freezes.jar (RegularFile, 19b7b6abedc254f2461ff8ab83ff82a8)
              - intellij.platform.diagnostic.telemetry.agent.extension.jar (RegularFile, 525f09df219ce9f4ac2ff8712856d722)
              - intellij.platform.editor.backend.jar (RegularFile, e021196f68dd43bc953272b5fc43c755)
              - intellij.platform.editor.frontend.jar (RegularFile, eaf2cc5a5d56e41fff7295de8a652610)
              - intellij.platform.editor.jar (RegularFile, 8de17e078d7ff4b1c51a6fb2bc776488)
              - intellij.platform.execution.dashboard.backend.jar (RegularFile, 797ba5a89686c29909aeb6d4e340c4b9)
              - intellij.platform.execution.dashboard.frontend.jar (RegularFile, 3ff3cf58b6c3cdec71b61308121edb2d)
              - intellij.platform.execution.dashboard.jar (RegularFile, 6980fe274f9731b240afca3c0069b479)
              - intellij.platform.execution.impl.backend.jar (RegularFile, b3b2972638b823d0ef3725f93ba3d4f2)
              - intellij.platform.execution.impl.frontend.jar (RegularFile, 0fff4bc2ed8c0a692f66591995b7837c)
              - intellij.platform.execution.serviceView.backend.jar (RegularFile, 3b80b4c4c13409d76bd494d94f799fba)
              - intellij.platform.execution.serviceView.frontend.jar (RegularFile, 3b12d0fe85f1ba72d30a755af137ac43)
              - intellij.platform.execution.serviceView.jar (RegularFile, ef8ebf5b2d778eb00803b55a829b638c)
              - intellij.platform.find.backend.jar (RegularFile, c16025c097ef5d68e0eb3575e532e8f8)
              - intellij.platform.frontend.jar (RegularFile, 637113367b96ffdfef071ca20a1e7801)
              - intellij.platform.ide.impl.wsl.jar (RegularFile, 6e99f575cceabaa8ca78f7895464facc)
              - intellij.platform.ide.newUiOnboarding.jar (RegularFile, 92c42ba90932a127cebb7465933da17e)
              - intellij.platform.identifiers.highlighting.backend.jar (RegularFile, 4cd5707085e5756433bdd2a2ca4bd265)
              - intellij.platform.identifiers.highlighting.shared.jar (RegularFile, 94e659516cee5ba1f2d9b9b8b17595a4)
              - intellij.platform.inline.completion.jar (RegularFile, 2c6a3d7282d3bb64dd6ceb6ce5d87f56)
              - intellij.platform.inspect.jar (RegularFile, deb766b05a90a717e1bee75f8ad80d82)
              - intellij.platform.jewel.foundation.jar (RegularFile, 4253436cb7f606cea43220a963fcb68c)
              - intellij.platform.jewel.ideLafBridge.jar (RegularFile, 462d3d3943e87c5bf5870dd9cbab0ef9)
              - intellij.platform.jewel.markdown.core.jar (RegularFile, 1352dd1556f5a987f94e5d68868cfb0e)
              - intellij.platform.jewel.markdown.extensions.autolink.jar (RegularFile, aeafcf7b81312b1ff0f5ba67993d36fe)
              - intellij.platform.jewel.markdown.extensions.gfmAlerts.jar (RegularFile, 185f17e98846498d2384ce19f2baa49e)
              - intellij.platform.jewel.markdown.extensions.gfmStrikethrough.jar (RegularFile, 1423bc75ea7f0bbc990481486715490b)
              - intellij.platform.jewel.markdown.extensions.gfmTables.jar (RegularFile, a2b196eead3a4440735f17d0b32b44a0)
              - intellij.platform.jewel.markdown.extensions.images.jar (RegularFile, 7d62f30719e086da0cc1e264723a9602)
              - intellij.platform.jewel.markdown.ideLafBridgeStyling.jar (RegularFile, 34ab52f16e771ee57408c099e18e69a4)
              - intellij.platform.jewel.ui.jar (RegularFile, 9186bde54d45b4e8cd5cd433b0865052)
              - intellij.platform.kernel.backend.jar (RegularFile, c3c78e09d8edb68ace79810d55887ec4)
              - intellij.platform.kernel.impl.jar (RegularFile, a6624583c05c108c7189e8be6bef2b87)
              - intellij.platform.lang.impl.backend.jar (RegularFile, 347fcfb223e383c87972a288fec9768c)
              - intellij.platform.langInjection.backend.jar (RegularFile, 614c1e282afa4f6fc1e7d58659e532db)
              - intellij.platform.langInjection.jar (RegularFile, c0c84cfbbe9c8f31104e2cb7418ce2ae)
              - intellij.platform.lvcs.impl.jar (RegularFile, b5f11454a542bba8d986d2b2a5c35957)
              - intellij.platform.managed.cache.backend.jar (RegularFile, 6f1db646eff4e571997d3c43e80ab204)
              - intellij.platform.ml.impl.jar (RegularFile, 6e9558f1ca04c32ce5c3aa400a7ac963)
              - intellij.platform.monolith.jar (RegularFile, a65b544549813a5be7e5c8cb36d1abb1)
              - intellij.platform.navbar.backend.jar (RegularFile, 6679db9911914943271ae0e446edf2d3)
              - intellij.platform.navbar.frontend.jar (RegularFile, c188d76b0512fc8284cd78d6ddce6f85)
              - intellij.platform.navbar.jar (RegularFile, fcaa6ef342cac56453b96b964ea044d0)
              - intellij.platform.navbar.monolith.jar (RegularFile, c322237ccaabe415db31a76476f96581)
              - intellij.platform.pluginManager.backend.jar (RegularFile, 984900bd5284926f47b1d0c027946a6e)
              - intellij.platform.pluginManager.frontend.jar (RegularFile, e7ee3eec9031a6b62a0e7aa0e7fbb4d8)
              - intellij.platform.pluginManager.shared.jar (RegularFile, e837c77711350a1cab8d7cd7c2a24417)
              - intellij.platform.progress.backend.jar (RegularFile, 120f36e4706bf05a5d83da391dca5a83)
              - intellij.platform.project.backend.jar (RegularFile, c4595cf4e03c21790681b112df29598f)
              - intellij.platform.recentFiles.backend.jar (RegularFile, 0ff255755ae2f195afd45e592aaf5392)
              - intellij.platform.recentFiles.frontend.jar (RegularFile, 30af1ae7bacc91d9588aca791406aba0)
              - intellij.platform.recentFiles.jar (RegularFile, 26dc9a672f598d173df6af35b0528e97)
              - intellij.platform.registry.cloud.jar (RegularFile, b4e42ffac69c549f2ad97c52767fd462)
              - intellij.platform.rpc.backend.jar (RegularFile, 0a7f0cef74f5764d823597b8a10e7d9b)
              - intellij.platform.rpc.topics.backend.jar (RegularFile, b9250e28ebda37f76626a133de05de12)
              - intellij.platform.rpc.topics.frontend.jar (RegularFile, f09dcb9eb8d738afa88f55ccc123bfdd)
              - intellij.platform.scopes.backend.jar (RegularFile, eb094b42f2a72842d950c328708f13c5)
              - intellij.platform.scriptDebugger.backend.jar (RegularFile, 3650864132a613a6de9b50a5afc385b9)
              - intellij.platform.scriptDebugger.protocolReaderRuntime.jar (RegularFile, ce8beba361b7aee54e9070fe953b1435)
              - intellij.platform.scriptDebugger.ui.jar (RegularFile, 8a5fad7564a7211a949f7056b00c1673)
              - intellij.platform.searchEverywhere.backend.jar (RegularFile, 8600f24c04c96282f2a0a09f5490a21e)
              - intellij.platform.searchEverywhere.frontend.jar (RegularFile, 4645beb90d3ffec637872e8ed7c91bf4)
              - intellij.platform.searchEverywhere.jar (RegularFile, d172c018fd2bc4f9f07dcc0f11ca5ad1)
              - intellij.platform.settings.local.jar (RegularFile, 0f267314c5905cea6fb4bd531b5dc16f)
              - intellij.platform.smRunner.vcs.jar (RegularFile, b718d1bc576acd1344851a8acb1b8ecd)
              - intellij.platform.tasks.impl.jar (RegularFile, 77a1c5534743bd0a4e6a54b0edb0a442)
              - intellij.platform.tasks.jar (RegularFile, a4d3eaad007e422026c825f622ab4193)
              - intellij.platform.tips.jar (RegularFile, 487142bfa438ce02a52a9e8f148a99af)
              - intellij.platform.trace.consent.jar (RegularFile, 286b552c41b14c360ed90406ce663616)
              - intellij.platform.vcs.dvcs.impl.jar (RegularFile, 93635d7df1ea488b54fc2ac0eb9977db)
              - intellij.platform.vcs.dvcs.impl.shared.jar (RegularFile, c3444f78f7a0a2ffd460399791adec30)
              - intellij.platform.vcs.dvcs.jar (RegularFile, d56d0229cf946b73fd96efa47f96e342)
              - intellij.platform.vcs.impl.exec.jar (RegularFile, d6a86eeedea0c5638514242d0054836e)
              - intellij.platform.vcs.impl.frontend.jar (RegularFile, 052afc9a859e7ff4381acdbb2eab65b9)
              - intellij.platform.vcs.impl.jar (RegularFile, 67a4e7d1b6128d736ac53959720e4562)
              - intellij.platform.vcs.impl.lang.actions.jar (RegularFile, 8032633175c887f25a8479d17747ded5)
              - intellij.platform.vcs.impl.lang.jar (RegularFile, 9d8324cd2f9cbedf7a25e2019237e018)
              - intellij.platform.vcs.impl.shared.jar (RegularFile, 93f76591020e7a364f841999fcf9a108)
              - intellij.platform.vcs.log.graph.impl.jar (RegularFile, a76e554eff74eb080bab1123b026f99c)
              - intellij.platform.vcs.log.graph.jar (RegularFile, aa8ee823e7090328c05ebd8bc9b86f15)
              - intellij.platform.vcs.log.impl.jar (RegularFile, b14c29edaf3411d00ac83958374e8230)
              - intellij.platform.vcs.log.jar (RegularFile, 1d8d5469c2f8b81825cc63ee574eb3cf)
              - intellij.platform.warmup.jar (RegularFile, 02c6916eb12aba7140c46f2a9230a13b)
              - intellij.profiler.asyncOne.jar (RegularFile, 081dee694998dbd630ac4861315ff677)
              - intellij.profiler.common.jar (RegularFile, f9e750c54c9c3d24d75b18dc1956c626)
              - intellij.profiler.ultimate.ideaAsyncProfiler.jar (RegularFile, eda0a91a040ea8c4385566de3d152d5b)
              - intellij.rd.ide.model.generated.jar (RegularFile, a7b12811155b4b1aa1b39c996671ebdd)
              - intellij.rd.platform.jar (RegularFile, 261e2cec176cc8b5e7ac09719628e28d)
              - intellij.rd.ui.jar (RegularFile, a8964fa27e22f92986c3ff1e7c8133a0)
              - intellij.relaxng.jar (RegularFile, bd9e8b07bd8a6753b7c80648f24079f5)
              - intellij.settingsSync.core.jar (RegularFile, 8900fa77fec87d65d53215cde2228367)
              - intellij.spellchecker.jar (RegularFile, c65b46f73fabf569644458ec7e3e5e77)
              - intellij.spellchecker.xml.jar (RegularFile, 056e6404cb7b80aff8aec25a2403f7df)
              - intellij.xml.langInjection.jar (RegularFile, 9436a44fe608bb462db1c190d9a83706)
              - intellij.xml.langInjection.xpath.jar (RegularFile, f02b28256aad1ceabe8cd8b4dfbf044f)
            - native (Directory, 4eb2ddb75cde39554eee77208a6f4133)
              - linux-x86_64 (Directory, 9c6589154b591d0bafebd320ef568777)
                - libsqliteij.so (RegularFile, 2ab6e52d91c2e1cedc47e3a998d33c22)
            - nio-fs.jar (RegularFile, 6240f18fab2173f31b472128cb5f86fe)
            - opentelemetry.jar (RegularFile, 100f23c2d654517881a22c9577b17d59)
            - platform-loader.jar (RegularFile, cce0bd913a6e2bd73f0d7bb571a347b6)
            - product-backend.jar (RegularFile, 3a87bfdcc8476ae295135cf07748b749)
            - product.jar (RegularFile, 7f761f1d4d3e5584e68c03e6a4591824)
            - protobuf.jar (RegularFile, 803beaa9e36f3e1c6704f10e79851301)
            - pty4j (Directory, f34dbd79d82c7dc5ac455beb27618df3)
              - linux (Directory, 0909291537f8dc8845945e97b449918f)
                - x86-64 (Directory, e00849389b98e625705e0a1ee83838cc)
                  - libpty.so (RegularFile, 318c648cce27dd8e871edf0fb28b10d2)
            - rd.jar (RegularFile, 0d642a3a6833ff278a38fb24dfdfae6b)
            - rhino.jar (RegularFile, 8adaa379b00425773fb4a9743805cd45)
            - skiko-awt-runtime-all (Directory, c2cfda2a6ec347c2adec19457fb848fa)
              - libskiko-linux-x64.so (RegularFile, c9a27cedd3546bf72bdab2d2ba1bb7dc)
            - src (Directory, e582a9f5c11da9988dd468b0659ad023)
              - pycharm-openapi-src.zip (RegularFile, ac553a3e15d1bb0a9a31556459bb25ed)
            - stats.jar (RegularFile, 1ea4b4a2c7e679d316946ed9ea91166d)
            - testFramework.jar (RegularFile, dc2fddd3ebd20820ee043e1edef711d6)
            - trove.jar (RegularFile, e304cf8a353b04e7c1abebcc399e862e)
            - util-8.jar (RegularFile, 18ea728d095001d0768f099c3f4766fa)
            - util.jar (RegularFile, 3a7099a576f33d6234a0d7b16e9613af)
            - util_rt.jar (RegularFile, b655c2ca8cf7a756fa65cbd42cd93ba1)
          - license (Directory, d10b017d6b417916c2f8abc98b49632b)
            - javahelp_license.txt (RegularFile, 7fffdb9d927bacf67d987fd21b486b1e)
            - javolution_license.txt (RegularFile, a775f5e30ec4e0ebf04a5ecc4a8eae91)
            - launcher-third-party-libraries.html (RegularFile, d8fbaf54f926d64de35bfd7ecb20e5ac)
            - remote-dev-server.html (RegularFile, d8fbaf54f926d64de35bfd7ecb20e5ac)
            - saxon-conditions.html (RegularFile, 43e0567d035e07fa3bc71b9afe01be4d)
            - third-party-libraries.html (RegularFile, 63a515ce816e385ee5895a302d0437e1)
            - third-party-libraries.json (RegularFile, 96f97455434a746f58f6f49848490735)
            - yourkit-license-redist.txt (RegularFile, 99d95ab6c763239b8af9547c18c51b17)
          - modules (Directory, 1060cb2fec850ee08edab5a90a0b1eab)
            - module-descriptors.dat (RegularFile, cf6d5aa7ddb10f5c12952dd291e73ce7)
            - module-descriptors.jar (RegularFile, 31ccbd05fe3ea11387672ba4e2233e0b)
          - plugins (Directory, 37bd39540b2677b293012ae7c4082172)
            - aiplayground (Directory, 0a8ef1665e7dc0546ba7b05768c1de5c)
              - lib (Directory, 37fb8af9f0ba21607e3f5d0ed839e647)
                - aiplayground.jar (RegularFile, 9138bff84d1bfdd22077ad96863fdbbd)
                - modules (Directory, 07464739d2f2a0594561fa10ad1d0094)
                  - intellij.aiplayground.anthropic.jar (RegularFile, eae174b8d8bbb1a897c3fcf5e184b95f)
                  - intellij.aiplayground.deepseek.jar (RegularFile, 426c08ba2c93a2f3aa8378e996002fd6)
                  - intellij.aiplayground.gemini.jar (RegularFile, d96b0e09c0ca1b57df54b423b95078ac)
                  - intellij.aiplayground.langchain.jar (RegularFile, cdaabe8723e429df4823ba0a058ee951)
                  - intellij.aiplayground.mistral.jar (RegularFile, 46d85881147f14eb267e7dfaa8e9c6ba)
                  - intellij.aiplayground.models.jar (RegularFile, 6e577d611899ed036653f8b1109f1a3b)
                  - intellij.aiplayground.ollama.jar (RegularFile, 7a6d10c4375478358c6c11c9457ba278)
                  - intellij.aiplayground.openai.jar (RegularFile, 87b355790207ba6ac7a6f2fff29b4f54)
                  - intellij.aiplayground.openrouter.jar (RegularFile, a880ea30a8f4a1fb068e12b65deab5ae)
                  - intellij.aiplayground.python.jar (RegularFile, 61f7c17d7fda60f99c6d8d8e6e891d4a)
            - angular (Directory, d007f9a656285989fbe2b5571e08a178)
              - angular-service (Directory, f975c7f6c8ea9c642af5f0c56e92e721)
                - node_modules (Directory, cc070c77c5f847c8a99db8cba45ee2f8)
                  - ws-typescript-angular-plugin (Directory, 59331705a1e5e31155ba1782bb6d6f88)
                    - index.js (RegularFile, 929d721d09b4ffaa6dd59dbb2ee8a009)
                    - package.json (RegularFile, 6f4c013787f163800c1fbfd756ad8ac9)
              - lib (Directory, 479adcedcd3dea52887e6bee67f7e78e)
                - angular.jar (RegularFile, b75b48a51c9022639f94ada071aaad27)
              - ngCli (Directory, 6c42d43f1c7d75a42161136931f35282)
                - commands (Directory, 73b54ffa790ec9c41e0feee5d70d8d8c)
                  - generate-impl.js (RegularFile, 3deffe9e3033c3ce7808e179910b856d)
                  - generate.json (RegularFile, 6ab83721df72c95ff0eb2d4b41fa978b)
                - generate.js (RegularFile, 6ad2f7bfad6f437ea735da55751c7c0a)
                - generateVirtual.js (RegularFile, c39e25d5bdbca0c753f6e4b15841ca64)
                - rerouteModulesToProject.js (RegularFile, b8ca125916c413fc529ba98c787d79a6)
                - runner.js (RegularFile, 24ec093ff91084776fe885592f02725c)
                - schematicsInfoProvider.js (RegularFile, 469cd5fd0b26b4d815eb9b7c5b891188)
                - schematicsProvider.js (RegularFile, e106772732d30300a10d1ca3bcbb2e53)
                - schematicsProvider140.js (RegularFile, 1e018fd9adea0026100723acdfeaa52c)
                - schematicsProvider60.js (RegularFile, 299105e36adf98fd37d486d8cd281d26)
                - schematicsProvider62.js (RegularFile, 6275f94a39c8fa3851023a8eff95c9dd)
                - schematicsProvider70.js (RegularFile, ad74ab2797c42b0ef1e8a4d4585c9a18)
                - schematicsProvider80.js (RegularFile, d62f736e8861c5786e58d98d9f8361fe)
                - schematicsProvider90.js (RegularFile, 3b8bfc5f2cb38741ca3300b8bf08b0d0)
            - clouds-docker-gateway (Directory, fab205d622933cf53a17191130e143f7)
              - lib (Directory, 6f30491032a9061b9c454ddbc38c3dc0)
                - clouds-docker-gateway-frontend.jar (RegularFile, c7f8ee96ff0c25e72a5f798a5187a500)
                - clouds-docker-gateway.jar (RegularFile, 5ee38ab9d1b7cce62662888e223bf6fb)
            - clouds-docker-impl (Directory, 6962c85307fe886fdb18d78dbebbd203)
              - lib (Directory, 21301904267af4934bd798847e678f68)
                - clouds-docker-impl.jar (RegularFile, 05cf101be5db7f5db9f797d9b50b4c54)
                - com.github.docker-java-docker-java-api.jar (RegularFile, 74bd8c20ad8f840956b2ac2bc347f307)
                - com.github.docker-java-docker-java-core.jar (RegularFile, ec44c714bddf6f7a0afcd8f0211a134d)
                - com.github.docker-java-docker-java-transport-httpclient5.jar (RegularFile, 5c71374b67408b4e5143aefde07ba93f)
                - com.github.docker-java-docker-java-transport.jar (RegularFile, 2474bf799941e1502b67f4e6a1f8b8c1)
                - modules (Directory, f82e894a4da90b412eee9a3f8d493825)
                  - intellij.clouds.docker.file.backend.jar (RegularFile, 9cb281315ec48f536715dfb01ad15c5d)
                  - intellij.clouds.docker.file.frontend.split.jar (RegularFile, e03ff4783e77e57013a2231d72260051)
                  - intellij.clouds.docker.frontend.jar (RegularFile, 64a338edf85302cc44965dc7bafe6d34)
                  - intellij.clouds.docker.jar (RegularFile, 60f605a45e348ebbef0c535d920d92d9)
                  - intellij.clouds.docker.shared.jar (RegularFile, 06f45e698e1b3841aefee408a076e784)
            - color-scheme-github (Directory, 58ddabef32ebee9c1d40d874b86bbf09)
              - lib (Directory, e6291d725a5fd446dfec593b38cb517b)
                - color-scheme-github.jar (RegularFile, 2f873c12297d9a094c8384f09084f833)
            - color-scheme-monokai (Directory, 4f279ec2fc069659ddd3f6be2fe1c955)
              - lib (Directory, 459d0828169e74af118e2d3df210a103)
                - color-scheme-monokai.jar (RegularFile, f7080b019f2d57ac3f33d86040a7a186)
            - color-scheme-twilight (Directory, 14d61e2e904060a85e38348d1e85a240)
              - lib (Directory, e8dedda86122d80e1328cfea49965856)
                - color-scheme-twilight.jar (RegularFile, 98c3dfd1c7c0a95ab6c4d55fe5c2cf74)
            - color-scheme-warmNeon (Directory, 217f2e4e24b0817a7968869e634681fe)
              - lib (Directory, c6e4fff724e34dc32751e7068675b12c)
                - color-scheme-warmNeon.jar (RegularFile, 99de6767ce1aeaa241241b422aac605b)
            - completionMlRanking (Directory, 448f455b697a97a3c5f1a68eff196c30)
              - lib (Directory, 62516647c7e983036834b01c46cd869a)
                - completionMlRanking.jar (RegularFile, 4e92987cd64a47fe79f19da26799b9a0)
            - configurationScript (Directory, 38d0e8035a1eddeeb924313903aeb872)
              - lib (Directory, 0b9a3e390b18aa92a4427bfc725b2a60)
                - configurationScript.jar (RegularFile, 2b07b0be749f48acd1567547f4bcb6a8)
            - copyright (Directory, 4571b65696344a1269dc8e77f32209cf)
              - lib (Directory, 9962fc8fd3c215ae6d9813e2669daddb)
                - copyright.jar (RegularFile, 8d7ad8b3ce0f0221713f094ae0043005)
            - css-plugin (Directory, f1926656c6730325b7d7aee53d01cba3)
              - lib (Directory, 64888678d760cc18d9db9f12d0e0b010)
                - css-plugin.jar (RegularFile, 1b96b3918ff125a019b44ad98bd4926d)
                - frontend-split (Directory, 0de45281ad836b2f681c57dc63a360c9)
                  - css-frontend.jar (RegularFile, c293642e13ff1cfe59e2477a7c6a3d26)
                - modules (Directory, 73732efa0ed99c1e851f0419bcadac12)
                  - intellij.css.analysis.jar (RegularFile, 9097fab9db49ef65e003809ac43e57a8)
                  - intellij.css.backend.jar (RegularFile, 496327f47d2c9903003917a077562c82)
                  - intellij.css.common.jar (RegularFile, 1620b44f46a9a8ce735ea1f26b238eb3)
                  - intellij.css.common.psi.jar (RegularFile, f30ee3453973d4d4d2cbcd6f3e8f45ef)
                  - intellij.css.copyright.jar (RegularFile, c816ff45a5ef624195a8244ca6d67eb2)
                  - intellij.css.frontend.split.jar (RegularFile, 54c189f1f2755bfc280a95c57cb0ae6e)
                  - intellij.css.jar (RegularFile, e80ff7336452a8a522c0ac38fca7605b)
                  - intellij.css.psi.jar (RegularFile, c91e493c0a74b3bb0f172a8215d44bb6)
                  - intellij.css.schemeGenerator.jar (RegularFile, e863e23d17cb7dbeb16f9f57337adc62)
                  - intellij.css.watcher.jar (RegularFile, c06148f264ad2cf33457b2be18ed76a4)
                  - intellij.css.xmlSchemeGenerator.jar (RegularFile, d1e1205af378f849ca2c21d872968125)
            - cwm-plugin (Directory, 60215c7aff3528d7329f468a8d606859)
              - jre-build.txt (RegularFile, acf87efcb69e5877bad89a3b24817fc6)
              - lib (Directory, 74e3b4e2f9f6b9a120eaf0122616a085)
                - bouncy-castle-pgp.jar (RegularFile, 64f4d6b36d3e09a0812ad7f052cb6265)
                - cwm-connection-backend.jar (RegularFile, 1bd14852dfcf8ee65a1561aa18e50115)
                - cwm-connection-common.jar (RegularFile, 5cfca2e0029330c0f22f974b3fddcf92)
                - cwm-plugin-android.jar (RegularFile, 8b7a04bf7d7a7169bbd71931f75a0d2f)
                - cwm-plugin.jar (RegularFile, 54b2fca38f6bd452224ab7b9e2b4fe12)
                - frontend-split (Directory, 4ea602c661faaba08cf98ff2839fd48a)
                  - cwm-connection-frontend.jar (RegularFile, 2f043c1a7fb7e892193cbe0320a770d8)
                  - cwm-frontend.jar (RegularFile, 414b0204fbc4d155285e7df45ff1d661)
                  - driver-frontend-split.jar (RegularFile, 6cdac99cafa578eaa2d41f31ab401456)
                  - frontend-split.jar (RegularFile, c7725cb348f450fcf34e66ef3dfe86da)
                  - markdown-frontend-split.jar (RegularFile, 7b2155d17e3d4511629ff7a3f919f6c3)
                  - performance-testing-frontend-split.jar (RegularFile, bdad5c595886608e0280f368f0b8a4be)
                  - rd-client.jar (RegularFile, 53e55e9191d7fcb02541a7eb10a606f2)
                - git-protocol.jar (RegularFile, 2f02974e63c0006e068b9e797d6de407)
                - ice4j.jar (RegularFile, c363717635d48627366f003d48b830e6)
                - intellij.community.wintools.jar (RegularFile, bd4b3af617c32196fdf97323db247636)
                - intellij.cwm.plugin.common.jar (RegularFile, 6cb918ecf499722f72d2cf0a64c91741)
                - intellij.cwm.plugin.jar (RegularFile, 4a2d74b40fb414a51c7d1f2670de1ce2)
                - intellij.platform.backend.split.jar (RegularFile, a782a324f9be05e0298fa158c882443d)
                - intellij.platform.remoteController.backend.jar (RegularFile, 5eb0181f8f6ab6479fbc5c90406fcac5)
                - intellij.platform.remoteController.jar (RegularFile, 556f654ffff11b281ed4eb364aa7dedd)
                - intellij.platform.split.jar (RegularFile, d56cc705b542baa042b3c27d009290b9)
                - java-websocket.jar (RegularFile, 251febf4989a684247b9953272586571)
                - jitsi-utils.jar (RegularFile, fb69fe5a47cb1b1eb4e7ebc8214c0b65)
                - jnaerator-runtime.jar (RegularFile, 81d4a0d7a82f2f1b6b99d967c50eea58)
                - jstun.jar (RegularFile, ea199b97b5a4a92fe929c218b63b30c6)
                - modules (Directory, fca5b5a758c5ae894234efbb6a4e7464)
                  - intellij.cwm.vcs.jar (RegularFile, 1a92f0117560d29f39c7f07db8119d25)
                  - intellij.docker.backend.split.jar (RegularFile, 54e9f2a50f1cf16f58e1774600f5e04d)
                  - intellij.driver.backend.split.jar (RegularFile, b9698263c784b803b3d7d27c1542fc7b)
                  - intellij.java.backend.split.jar (RegularFile, 58774be05ba950287ba3605fbf39353c)
                  - intellij.performanceTesting.backend.split.jar (RegularFile, a2624fa59d15947be02616d6b89f0081)
                  - intellij.platform.buildView.split.jar (RegularFile, b05aaa976aa093c901ae0446d17a64fd)
                  - intellij.platform.completion.backend.split.jar (RegularFile, 2a1fbb34cdb590b6f037523a8b106340)
                  - intellij.platform.completion.common.split.jar (RegularFile, 12698b6d9f2e864a9a8d5b0f690d0ccd)
                  - intellij.platform.completion.frontend.split.jar (RegularFile, f716de03e1d5baad03efebe1b1876606)
                  - intellij.platform.credentialStore.backend.split.jar (RegularFile, 456d3a73a2f5fa21a6cbc28dc109164d)
                  - intellij.platform.credentialStore.common.jar (RegularFile, 31f7e7657f0d1a138b25df2dfc60952a)
                  - intellij.platform.credentialStore.frontend.split.jar (RegularFile, 67eb5a23cf5e9a3128f491e33efc11fd)
                  - intellij.platform.execution.frontend.split.jar (RegularFile, 3f77aa25fba50a1bee11a2cae4a47eac)
                  - intellij.platform.identifiers.highlighting.frontend.split.jar (RegularFile, 70dbcf4ce1b30dc9770d9e0c1dfe9754)
                  - intellij.platform.inline.completion.backend.split.jar (RegularFile, 656c8f78840a6683e24ee3da9946e51c)
                  - intellij.platform.inline.completion.frontend.split.jar (RegularFile, 32b073edc720399827644b98773c1e66)
                  - intellij.platform.inline.completion.split.jar (RegularFile, 3dbcb8b90d44249c1952f47738bce1ea)
                  - intellij.platform.kernel.backend.split.jar (RegularFile, c84a580bf5b051a886e3b95664f90077)
                  - intellij.platform.navbar.backend.split.jar (RegularFile, 297ca18ff2f21c555cacf7a2db096cb1)
                  - intellij.platform.plugins.backend.split.jar (RegularFile, 85f34caa9d0eb3bd0d552b1c45a15ed2)
                  - intellij.platform.plugins.frontend.split.jar (RegularFile, d220e90c1c00ee67b0ac456e1afd77a8)
                  - intellij.platform.plugins.shared.split.jar (RegularFile, 59756e1a5da6b4fe9bf7e19eeed8b346)
                  - intellij.platform.progress.frontend.split.jar (RegularFile, 44dd9a92e67be11bf92bed8caea9025d)
                  - intellij.platform.project.frontend.split.jar (RegularFile, 96e9cb1e931c94a5772d39c28d590734)
                  - intellij.platform.rpc.split.jar (RegularFile, f378fe73f99faf7f089142cd4f11380b)
                  - intellij.platform.searchEverywhere.frontend.split.jar (RegularFile, 22f722fc71f8c8eb7f4ceaf52b0efd34)
                  - intellij.platform.vcs.backend.split.jar (RegularFile, 5c0c1e47655ef9f18f22fb6d8c75a393)
                  - intellij.platform.vcs.common.split.jar (RegularFile, f4e2628d7dc4f572ac1325ef913fee8e)
                  - intellij.platform.vcs.frontend.split.jar (RegularFile, f624dd4bcf3eb5beb3a505f3cc7e12a2)
                  - intellij.station.backend.split.jar (RegularFile, 92eb3d00d93d5357cb47aab55aa9f575)
                  - intellij.terminal.backend.split.jar (RegularFile, c59d0b9d66fc2d2c434fa67a89f886b5)
                  - intellij.vcs.git.backend.split.jar (RegularFile, 2a9295cd51f8df20416d83fd598e2e1e)
                  - intellij.vcs.git.frontend.split.jar (RegularFile, caa1df9e0e286981099dd0add2c221ea)
                  - intellij.xml.frontend.split.jar (RegularFile, 005cff682c81607aa60f916212c7936a)
                - quiche-jna-stubs.jar (RegularFile, 575d30a8cd0ef7bc86a20149f1836178)
                - split-connection.jar (RegularFile, 3c75f3bcf27ce8b85896b01548ff3cbc)
                - split-protocol.jar (RegularFile, 18bbe621275d03f298a631edac8016e1)
                - tls-channel.jar (RegularFile, 12840ef3164c0116e43915b47bb5e830)
                - vcs-protocol.jar (RegularFile, dc07cae94be2bdd7d2fa4eee1e285983)
              - quiche-native (Directory, 117b011c9636a20010d15165559504da)
                - linux-x86-64 (Directory, 5054d5478849b429949b83f24f29c76e)
                  - libquiche.so (RegularFile, b870f9fb7805dda256199db70f95ebd1)
            - DatabaseTools (Directory, 12cde5b9fb743c96043f89e4b2c96ce0)
              - lib (Directory, ef940224d3569f2769dda077b047c530)
                - aether-dependency-resolver.jar (RegularFile, 3db9e4b66b4d3a39e8a5ce8479b93ea2)
                - database-plugin-frontend.jar (RegularFile, 2f84fe3ed41fd877119afee03594c812)
                - database-plugin.jar (RegularFile, 431ff77153595ec02b910ee5865190b0)
                - frontend-split (Directory, 03be86f986daa9aa610d316ba736b358)
                  - database-frontend.jar (RegularFile, 8b54b4cc49cd5cea9993ea68c763be5a)
                - maven-resolver-connector-basic.jar (RegularFile, 38963221416534f333d62824ae3805a6)
                - maven-resolver-provider.jar (RegularFile, 36bdc85299f38a3f0580b897da1e09ee)
                - maven-resolver-transport-file.jar (RegularFile, d0167ab4b9ded565e10c51197615a5c6)
                - maven-resolver-transport-http.jar (RegularFile, 106dc709c2aca3da16fc15a905b97eaa)
                - modules (Directory, 338eea24ead558c85ed01f23708a4d30)
                  - intellij.database.backend.split.jar (RegularFile, 1f810792be7511e29df71f55de4a1351)
                  - intellij.database.completionMlRanking.jar (RegularFile, f77b7a952d02e5219689cdbfdbea4d3c)
                  - intellij.database.connectivity.jar (RegularFile, e45100804b9bfb317db9a8f8c3b37322)
                  - intellij.database.core.impl.jar (RegularFile, 56ea88a37efc29db96500ab6f70e240c)
                  - intellij.database.dialects.base.ex.jar (RegularFile, 8df6170b98181bddb60ff14f9bb77ce2)
                  - intellij.database.dialects.base.jar (RegularFile, ddd546453fd5d38e38765c3abd4d6436)
                  - intellij.database.dialects.generic.jar (RegularFile, fc58860359ec91a17a33d2f17f5f976b)
                  - intellij.database.dialects.maria.jar (RegularFile, 3fffe41f9ae33ef733dec73c32debfcb)
                  - intellij.database.dialects.mongo.ex.jar (RegularFile, c1c668ef88dea96de36ad0af91f48a6c)
                  - intellij.database.dialects.mongo.jar (RegularFile, e3c87eba04a5bf263cf7fa1e053ce945)
                  - intellij.database.dialects.mongo.js.external.jar (RegularFile, 42bf3dbc8c1a5771f23065f13a06b01e)
                  - intellij.database.dialects.mongo.sql.jar (RegularFile, b9dfe0fbc3259d9ad95762c73d673873)
                  - intellij.database.dialects.mssql.ex.jar (RegularFile, ec31576a7acb64931d56d1be85035436)
                  - intellij.database.dialects.mssql.impl.jar (RegularFile, 71bf16bd518d939c1715a697a89bd62e)
                  - intellij.database.dialects.mssql.jar (RegularFile, 1c05cbdd270ba849d095136b90a415a9)
                  - intellij.database.dialects.mysql.jar (RegularFile, ef69888d72a239d09bd166109da13673)
                  - intellij.database.dialects.mysqlbase.ex.jar (RegularFile, 2205fe9761969ed4bead8606adb88c11)
                  - intellij.database.dialects.mysqlbase.impl.jar (RegularFile, 6cd230f805285918d1980ca6f9d6508c)
                  - intellij.database.dialects.mysqlbase.jar (RegularFile, 40bac062780c537f7fbbc5bad0445d66)
                  - intellij.database.dialects.oracle.ex.coverage.jar (RegularFile, 30db58b21ba443bde462bfc801962435)
                  - intellij.database.dialects.oracle.ex.jar (RegularFile, 07f6b5f97c1ab7253f775e24ee463f6d)
                  - intellij.database.dialects.oracle.jar (RegularFile, f2f402286d444de1048b72c9891b1314)
                  - intellij.database.dialects.postgres.jar (RegularFile, 3032ae78b5d7581aa28c8c6cda8772a0)
                  - intellij.database.dialects.postgresbase.jar (RegularFile, 1bb41b41e1a0ce7d41e3c46d8aa143c8)
                  - intellij.database.dialects.postgresgreenplumbase.jar (RegularFile, b783bec2098ca9c48d9d7c2060328e96)
                  - intellij.database.dialects.redis.backend.jar (RegularFile, b5f4e5c23f5a3cb086e7c1afbf638801)
                  - intellij.database.dialects.redis.jar (RegularFile, 33454067b1ae8e77fb6b3cbbb3f835da)
                  - intellij.database.dialects.sql92.jar (RegularFile, 6ee8e37d10cee04486b4e0ecc413332f)
                  - intellij.database.dialects.sqlite.ex.jar (RegularFile, c6db39dca9f6b5d82c3bba69358e6fb6)
                  - intellij.database.dialects.sqlite.jar (RegularFile, 7a9e09c32346e7475fc121e0d559d1da)
                  - intellij.database.dialects.sybase.ex.jar (RegularFile, 492f5ffc3a4a299d858d80a673a833b4)
                  - intellij.database.dialects.sybase.jar (RegularFile, 24e056b4263ba6ad1d43203d378f43a4)
                  - intellij.database.frontend.split.jar (RegularFile, b85ecdcf5da90dffffd2da824b9c8f55)
                  - intellij.database.impl.jar (RegularFile, df7f5a664ca35772ad65ccaf1177e12b)
                  - intellij.database.jdbcConsole.jar (RegularFile, 4569e923a09dfa84dbee7d68c0f0067b)
                  - intellij.database.jdbcConsole.shim.jar (RegularFile, 1a7b69c818d68bcbd9f9685c83e7c0ac)
                  - intellij.database.pro.jar (RegularFile, c4af3a3dcfb134c01f0284cb45b053df)
                  - intellij.database.sql.backend.core.jar (RegularFile, 8a6bcf009b439561f13dbd577ea6fef3)
                  - intellij.database.sql.common.core.jar (RegularFile, 81b21c95b645ae53118073ac53d044a1)
                  - intellij.database.sql.common.impl.jar (RegularFile, 372cdf949044bedbd90353926bc43eb0)
                  - intellij.database.sql.copyright.jar (RegularFile, 75a6ee6512a6587d04056fa64835b905)
                  - intellij.database.sql.core.impl.jar (RegularFile, e6ba1aa332316215217453857fded500)
                  - intellij.database.sql.frontend.core.jar (RegularFile, a6f78bdff1b83de5a778574bbc09fb62)
                  - intellij.database.sql.frontend.impl.jar (RegularFile, b9f11dbc964e2b2000d6a56fe1ad71a4)
                  - intellij.database.sql.impl.jar (RegularFile, b1c832ab2d8c6d3d92a88959550bc137)
                  - intellij.database.sql.intelliLang.jar (RegularFile, 163abd7fdc2529e4318f9eb699f464a4)
                  - intellij.database.sql.jar (RegularFile, 708f43a56ce6bb2f2489bc0f590f7caa)
                  - intellij.database.trialPromotion.idesWithFreeTier.jar (RegularFile, fbd5d460165441050729cfa2f3cb89b4)
                  - intellij.database.util.jar (RegularFile, 5cf052270e0faddfc21d40be45da4c38)
                - plexus-utils.jar (RegularFile, 384daf4da49f5b2a8b1c4650f903bab4)
                - tips-database-plugin.jar (RegularFile, 4a72d336f9869fec4fd565d9d3a90c28)
            - dataWrangler-plugin (Directory, e53a3d399860b6a4e63e100829a474a4)
              - lib (Directory, 416c73e31b515f1920d97e37c12d980d)
                - dataWrangler-plugin.jar (RegularFile, bcf02896b710950d9e910f24a7afcf19)
                - jetbrains.kotlinx.dataframe.core.jar (RegularFile, bf58aaf71b7f289065ec1400a4040fdf)
                - modules (Directory, d9dc8e1eb5a0d6a03ac80d207f396f98)
                  - intellij.dataWrangler.jar (RegularFile, 3eb0d6b631003a15b616ac5dd38d964b)
                  - intellij.dataWrangler.llm.jar (RegularFile, f4c54d6f906f12cd69faa1e4f9365e56)
            - dev (Directory, 1f3483f76af3bea1f04722a5182eed7d)
              - lib (Directory, d7461a3486de6cc3643cf889415e52d1)
                - dev.jar (RegularFile, aa717772a9387050ee8dfe87a1915915)
            - dotenv (Directory, 2061da5647b1846ed0b0ea00acddc921)
              - lib (Directory, 4b0f5732fee52eb1b5839bcbc773e114)
                - dotenv.jar (RegularFile, 404b8486061b05e11c65d7be0202df4e)
            - editorconfig-plugin (Directory, c1a89dad939a77cd2112aec3980bb01a)
              - lib (Directory, e253beec5e16d5b7ecf68e5167c98406)
                - editorconfig-plugin.jar (RegularFile, 716dad54b6b29ee372bcc33170ea69dc)
                - modules (Directory, addc898d94221847389552ade1fb7b4d)
                  - intellij.editorconfig.backend.jar (RegularFile, a8bf2a2668ce7740a4fec78f9675d785)
                  - intellij.editorconfig.common.jar (RegularFile, 314faec97e8449b65023a73a04a19fce)
                  - intellij.editorconfig.frontend.jar (RegularFile, dc2e4642303d3d22d005392fd7092c1a)
                  - intellij.editorconfig.frontend.split.jar (RegularFile, b8b344dac19796fad841e7af555118d5)
            - featuresTrainer (Directory, 0df25ed22c53dfc9e66fddfb878580f0)
              - lib (Directory, f3d2284a58c7ff9d1a26dbf8cf45358b)
                - assertj-swing.jar (RegularFile, 13394951662a07185549beb003d6920d)
                - featuresTrainer.jar (RegularFile, 64f2f8cc2d88e3f41bdae99c17d108e3)
                - git-learning-project.jar (RegularFile, ae8f53d2482906fa1bed525b4a1f13c6)
            - fileWatcher (Directory, b851fb1ce8eb8d66120991dd5fb6a81f)
              - lib (Directory, 27ee36cce7a2b79e017437c4f1f1c691)
                - fileWatcher.jar (RegularFile, 6802cfa724ac6200938f081639317760)
            - fullLine (Directory, ed08ca6b17da05a02ff56e4f49c69abe)
              - full-line-model-python-v2.zip (RegularFile, ce53ba0cc1f6107cf7efac1ea052d16e)
              - full-line-native-server-linux-x86_64.zip (RegularFile, 4fb109f38bb5b9d11c207605847c723a)
              - lib (Directory, 5f75676240e6326bb4cd01dc831baaf3)
                - clikt.jar (RegularFile, fbd6ca76901dc8c906532364bc843098)
                - fullLine.jar (RegularFile, a5b179557446105b794cc31caabd4555)
                - jetbrains.ai.completion.trigger.model.markdown.cloud.jar (RegularFile, ffbfd6a6653ac8b17ef6fbc5b0c1cdb1)
                - jetbrains.ai.completion.trigger.model.polyglot.cloud.jar (RegularFile, 71b50690bf1559e90c678d92ca27a8f1)
                - jetbrains.ai.completion.trigger.model.text.cloud.jar (RegularFile, 0855173b4c0b2549db586874e7e8f786)
                - jetbrains.mlapi.core.jar (RegularFile, cf2a4618c1143fb21119890a930b3930)
                - jgrapht.core.jar (RegularFile, 20846ea1073fcb4c10aafc8669cfff0c)
                - modules (Directory, 1b5f89e0fc3c2cef0be41d35c54172cf)
                  - intellij.fullLine.chat.jar (RegularFile, 99e0d9fe510394341b2eeca6d5972aa2)
                  - intellij.fullLine.controlModel.jar (RegularFile, 0aac33144e4c64fbbacf426ba9683a84)
                  - intellij.fullLine.css.local.jar (RegularFile, 7c4da42a208b99db6b071fb743560f9f)
                  - intellij.fullLine.erb.jar (RegularFile, 08d86d2855ad73a75aecd758f8a26d24)
                  - intellij.fullLine.fake.frontend.jar (RegularFile, 421db173cd95eb162dccbb17e97d0d4c)
                  - intellij.fullLine.go.local.jar (RegularFile, 551f59f293859eef2d14c9d141c94843)
                  - intellij.fullLine.html.local.jar (RegularFile, 18ea301a1ea0fca971a9001e02068e0b)
                  - intellij.fullLine.java.local.jar (RegularFile, b17a327bf6770081a1326a2607da07b4)
                  - intellij.fullLine.js.local.jar (RegularFile, f9b4f52b35503300d9e7c32bc481dee1)
                  - intellij.fullLine.json.jar (RegularFile, 407da8c934a95b3cfd1f6bb52fcb7a30)
                  - intellij.fullLine.kotlin.local.jar (RegularFile, 459e494cb6caa49949b039ebfc97d718)
                  - intellij.fullLine.local.jar (RegularFile, 3f50ef44680a0857024fb6eb3da600f9)
                  - intellij.fullLine.markdown.jar (RegularFile, 53f83e008c722709f38544dce7dbabcf)
                  - intellij.fullLine.php.local.jar (RegularFile, e385b89b24dbc6eb305585ae65e43624)
                  - intellij.fullLine.properties.jar (RegularFile, f61fa893130bf504ab72cf459c3f6330)
                  - intellij.fullLine.python.local.jar (RegularFile, a1cb01caa93a509f04ecd1d8025f61ec)
                  - intellij.fullLine.rbs.jar (RegularFile, b2797e67bcf60f070cdb8ed5381e26c5)
                  - intellij.fullLine.rider.cpp.local.jar (RegularFile, 9ee26c0cc9b18598b6ab71e4acf428d8)
                  - intellij.fullLine.rider.csharp.local.jar (RegularFile, bfcba3f4c42cd7ed6d8ffe3dc57c6634)
                  - intellij.fullLine.rider.fsharp.jar (RegularFile, bc14c1b2101c97fb3174f0bb14cf26f2)
                  - intellij.fullLine.rider.godot.jar (RegularFile, f0ba35cd875d9c808665129cf2843762)
                  - intellij.fullLine.rider.shaderlab.jar (RegularFile, ccbddeb4b73f5820051b23bbea387916)
                  - intellij.fullLine.ruby.local.jar (RegularFile, 7dfb4409e537c5b9588f017b5d40e2c1)
                  - intellij.fullLine.rust.local.jar (RegularFile, 595a0e0da5ffcfd0873bfb4b0a3907c4)
                  - intellij.fullLine.sql.jar (RegularFile, 62eeed77cf286d380485a9c4eb75684c)
                  - intellij.fullLine.terraform.local.jar (RegularFile, 67b81f7c5576afaea5dd516b0360261b)
                  - intellij.fullLine.text.jar (RegularFile, a866fff6347124e68a9d11db7f668d09)
                  - intellij.fullLine.xml.jar (RegularFile, f85f769bf572ca7dd675ecfe8554dd38)
                  - intellij.fullLine.yaml.jar (RegularFile, 38c8757ba14fab75d71be865e6f7f178)
                  - intellij.llmInstaller.frontend.jar (RegularFile, 81f5d29cad9770f91d7c725c3e4845e3)
                  - intellij.llmInstaller.shared.jar (RegularFile, a5ea9ef082a08328250ce8ea6068fc0d)
                  - intellij.ml.llm.chat.completion.jar (RegularFile, 27f1cc47b2747a469c8b428407da25f2)
                  - intellij.ml.llm.cpp.completion.jar (RegularFile, c0f290ca2b7fab621cd14615022971b9)
                  - intellij.ml.llm.css.completion.jar (RegularFile, 4d62062fa783c70355d96825e19a3296)
                  - intellij.ml.llm.go.completion.jar (RegularFile, 8e0151841f676729c422e248c87568a3)
                  - intellij.ml.llm.html.completion.jar (RegularFile, 5ad3b6e1c4f2fbfc4268a0de42b70c95)
                  - intellij.ml.llm.java.completion.jar (RegularFile, ddc694a45c812cceda3c47fd5c0b70a7)
                  - intellij.ml.llm.javascript.completion.jar (RegularFile, 67fefce8817c544b557d4eab47eacd70)
                  - intellij.ml.llm.kotlin.completion.jar (RegularFile, 7ec08511d71202ed8251541d82f5604d)
                  - intellij.ml.llm.php.completion.jar (RegularFile, 2892803962288552f27a11cd4fa136a0)
                  - intellij.ml.llm.python.completion.jar (RegularFile, 57d3fd827e6fc7818913339cf220ba8c)
                  - intellij.ml.llm.rider.cpp.completion.jar (RegularFile, 4a47eeafd61b9e58ec88a0d1c7eb150f)
                  - intellij.ml.llm.rider.csharp.completion.jar (RegularFile, 75f8ef843fe76ba9452432d418bfcc82)
                  - intellij.ml.llm.rider.fsharp.completion.jar (RegularFile, 6ba886a99bdad36f6464d47fef51dd25)
                  - intellij.ml.llm.rider.godot.completion.jar (RegularFile, d70840bfc91ce7289ca60b5297e49322)
                  - intellij.ml.llm.rider.shaderlab.completion.jar (RegularFile, 7f83fa55c0f9e1636686524588cd7b8c)
                  - intellij.ml.llm.ruby.completion.jar (RegularFile, 8a9ad8f7650081edc63a32f06a071f8e)
                  - intellij.ml.llm.rust.completion.jar (RegularFile, f3e204c4c9a05886880d60e7b39cfb06)
                  - intellij.ml.llm.vcs.completion.jar (RegularFile, dc1bb234f1327c34737ea346cf6d97e5)
              - promo (Directory, 3e20252c611f32561ea3d03c9e6f2bc1)
                - Python (Directory, 70ffa07428b79b06149b349a2885b215)
                  - AIEnterprise.png (RegularFile, 3d675982006739961559674588e56ed2)
                  - CloudCompletion.png (RegularFile, d50cad2d1f158f25dea0c758b68cd2f7)
                  - CloudCompletion_dark.png (RegularFile, bdca0e8827cb6b892a54aa178b2a6304)
                  - CommandGenerationInTerminal.png (RegularFile, 5996a1cfb3d7118ec0270a7dc1419b0e)
                  - CommandGenerationInTerminal_dark.png (RegularFile, 2d82300280e7fde622f10698ab233818)
                  - content.json (RegularFile, 3bcc065ff37aca658239914c42f15582)
                  - ContextAwareChat.png (RegularFile, 23f54d89e980fb90c65ea5478bd7073b)
                  - ContextAwareChat_dark.png (RegularFile, eb5b178360440213f0031a761b9c7911)
                  - FixWithAI.png (RegularFile, c643bfc5136efa7c00f56992ae9c2fc7)
                  - FixWithAI_dark.png (RegularFile, 0e1d0fe7f91bd8bb1bdcfa13c35c1e2a)
                  - GenerateTests.png (RegularFile, 4d7ea2687359dd37e8ae21561a243d2f)
                  - GenerateTests_dark.png (RegularFile, cb5c646a1a610c4ddcf336aabd3c45e3)
                  - LocalCompletion.png (RegularFile, c63a1bc23cf27809b30f41c85d415a31)
                  - LocalCompletion_dark.png (RegularFile, 8df5a83d5c58de32be4e7b669dd622a8)
                  - MergeWithAI.png (RegularFile, 14652c51343939871bc08bae49b1139a)
                  - MergeWithAI_dark.png (RegularFile, 2ae1fca1631684011bee0eb1cfed6754)
            - gateway-plugin (Directory, dfdf3789fd26ef4bed01b006bec36648)
              - lib (Directory, 32e5a4e93890abc0a82126ff1340c42c)
                - gateway-plugin.jar (RegularFile, 8cc0f15e683a872760c35fc80a79a85a)
                - gateway-standalone (Directory, 3b54540f2d2114ce4ed4db9064f72050)
                  - gateway.core.jar (RegularFile, 299fbc7bb15ea02dceab4989ac90c6f8)
                  - gateway.jar (RegularFile, 3d885c45fcc498e1b03c9ac9be4a94cf)
                - modules (Directory, bff9e8973dc05a5a34faed614c800839)
                  - intellij.gateway.station.jar (RegularFile, 775f9fa82884e6ec03aa4bc214ef7fbc)
                  - intellij.gateway.terminal.jar (RegularFile, c505c5b32bf5322f6cc380a78e04230c)
                - remote-dev-workers (Directory, 6d375ef4153b7b5fe42589b28d823b85)
                  - remote-dev-worker-darwin-amd64 (RegularFile, f4a703c77a2987048193414c8acf8731)
                  - remote-dev-worker-darwin-arm64 (RegularFile, 0987ecae3eb7ea03de5a25db25b9bbd1)
                  - remote-dev-worker-linux-amd64 (RegularFile, f4f4a264a7c6583f992d6dd27d5cfd6e)
                  - remote-dev-worker-linux-arm64 (RegularFile, c15c9411abc5de8f2874b57fcdbe3563)
                  - remote-dev-worker-windows-amd64.exe (RegularFile, 129eff91f6be6b4d3f59a26b3c3dd15d)
                  - remote-dev-worker-windows-arm64.exe (RegularFile, 8b2e59268938edf826694274934f89ee)
              - resources (Directory, a88ab065f96e04699cb2b2ad6d11a3bc)
                - gateway.vmoptions (RegularFile, 75d323c3daf8b0781c808c7e6eba2ce7)
            - gnuGetText (Directory, 96501bf112b2fd9d60cc589d5d0c3f23)
              - lib (Directory, 09730f48e6686463671e362400f6a19d)
                - gnuGetText.jar (RegularFile, 6965ecf8aea85119cdbc53a292a08e14)
            - grazie (Directory, fce99102d0e56c965bd103eb9c0fb216)
              - lib (Directory, bfca875a877c1015d5a89a86450632c2)
                - ai.grazie.api.gateway.client.jvm.jar (RegularFile, 7a10513a8666b17d9cf4ad4e50761e95)
                - ai.grazie.client.ktor.jvm.jar (RegularFile, 65c7fa796de243cb328da02a67146e51)
                - ai.grazie.model.ner.jvm.jar (RegularFile, afc0c1dfbf83647354b4fd9e0326e7e6)
                - ai.grazie.model.tree.jvm.jar (RegularFile, fc8a29e80d3e0d56180012f992520fd4)
                - ai.grazie.rule.engine.jar (RegularFile, cb46f0953d3e5135efb20895184ed06e)
                - ai.grazie.tasks.library.api.jvm.jar (RegularFile, e716859d475b2a00b731e307039874c0)
                - ai.grazie.tasks.library.model.jvm.jar (RegularFile, 6d654bc95c0a9ac9692093a8ab455d76)
                - com.carrotsearch-hppc.jar (RegularFile, f262213dec197b7cd08579ddae38b95e)
                - com.hankcs-aho-corasick-double-array-trie.jar (RegularFile, c6ab74aff3d008ff605e481f66b11801)
                - com.vdurmont-emoji-java.jar (RegularFile, 6ce2759af2677b492ce0f76d5860803d)
                - grazie-frontend.jar (RegularFile, b06b7d42c0aa9d29379190d1bf26ab20)
                - grazie.jar (RegularFile, e310e858fe0f8551e6a141202214f311)
                - javax.measure-unit-api.jar (RegularFile, c8b05ec9c3e506acd3274c742a23005b)
                - net.loomchild-segment.jar (RegularFile, d928bc3253c07f3e029b6f449f8e196f)
                - org.carrot2-morfologik-fsa-builders.jar (RegularFile, 425eea09180e6269844ac9100e5a300b)
                - org.carrot2-morfologik-fsa.jar (RegularFile, 345e2d57358daabeea30e8f0c1af82e9)
                - org.carrot2-morfologik-speller.jar (RegularFile, 38da3a90570d894733f10ce3e5428896)
                - org.carrot2-morfologik-stemming.jar (RegularFile, c80d68d99f2d236d1938b4ecfb08c823)
                - org.jetbrains.intellij.deps.languagetool-language-en.jar (RegularFile, f6ce9d621a43b8ac390f36dee430b949)
                - org.jetbrains.intellij.deps.languagetool-languagetool-core.jar (RegularFile, 30f4d5ff371536b62d6cfab05742f837)
                - org.json-json.jar (RegularFile, 551d06bbc0d52483a44088a49531a4cc)
                - tech.units-indriya.jar (RegularFile, ff321ee8079401dbac9b52a1ce442b58)
                - tech.uom.lib-uom-lib-common.jar (RegularFile, adcc223500ced9c6c0f9bdc83b26ce27)
            - grid-plugin (Directory, 30b460abe7e6d939c6b25d7263a0b6bf)
              - lib (Directory, 4e18f51454da6e2a27f30ae5e8d6135b)
                - grid-plugin.jar (RegularFile, e18215b822a81fe913213393f9865a2c)
                - modules (Directory, f080299ccdca8b0c9776fa7b796231b6)
                  - intellij.grid.charts.impl.jar (RegularFile, 4fd63a406b263dc2034496494a6879dc)
                  - intellij.grid.images.impl.jar (RegularFile, 0383594ed5b589193127fccb7808822f)
                  - intellij.grid.json.impl.jar (RegularFile, e7991109acaaaa78269a4e60344b274e)
                  - intellij.grid.scripting.impl.jar (RegularFile, 42a0e48b52dfc6d6b9f8f186b0960c2e)
                  - intellij.grid.scripting.rt.jar (RegularFile, 0b95dc502540fce8d046983f404d0a65)
            - html-tools (Directory, 68fc97262e3e3edcbbe4540cc14c9782)
              - lib (Directory, 248f57ddab4b744054043bae24ff54c4)
                - html-tools.jar (RegularFile, b9b46a99fa1915ad909022d3bec479fe)
            - indexing-shared (Directory, fc01d9dbb371c4ebd5e72aa7f94f217e)
              - lib (Directory, 49eb271e067cf47e0200ac25c649d228)
                - indexing-shared.jar (RegularFile, 8d5716576103af1f7906e042ecd4ee69)
            - indexing-shared-ultimate-plugin-bundled (Directory, de40db4bd20649dd2dbcbe08c7b29314)
              - lib (Directory, 1a5832b515093de5bc8f34e32e045376)
                - indexing-shared-ultimate-plugin-bundled.jar (RegularFile, ec573e5caa93c4fa7d46dedbce744494)
                - modules (Directory, 0c751ce3f26e77be0cee67cbad436b58)
                  - intellij.indexing.shared.generator.jar (RegularFile, bd87c61c72942c3259aa7523c150e949)
                  - intellij.indexing.shared.ultimate.git.jar (RegularFile, b1901d85d48cc9c9016d1c360294d5f5)
                  - intellij.indexing.shared.ultimate.jar (RegularFile, c96587d350f099e7df961aac447b717c)
                  - intellij.indexing.shared.ultimate.java.jar (RegularFile, 348ea2a1aaec618eb7b6ac96f31b1214)
            - ini (Directory, b73345b7b176f9583e04c1026c84560a)
              - lib (Directory, a67455d11e331970ae430f5505c788af)
                - ini.jar (RegularFile, a1d89d9857c3fad590aeffb79788a8ff)
            - javascript-debugger (Directory, d4345ec2b816e5ef98b76c12c72cd7ca)
              - lib (Directory, b2ac45391032ede2a843dc5b2efe9614)
                - javascript-debugger.jar (RegularFile, e0263ed575174459399c0610275e21e0)
                - modules (Directory, 3cbf8757e40c850032f86d138d65e003)
                  - intellij.javascript.debugger.backend.jar (RegularFile, d8a0a9089ae3b75d49283d218e55f6f3)
                  - intellij.javascript.debugger.backend.rpc.jar (RegularFile, 037f74c042faaf34bfec5982cd83f6a5)
                  - intellij.javascript.debugger.coverage.jar (RegularFile, 8fedc9114b7a10f56240f00ca1444db8)
                  - intellij.javascript.debugger.ui.jar (RegularFile, dceb3b7c1aae3303eb10656d56029291)
                  - intellij.javascript.debugger.webDeployment.jar (RegularFile, 0edff3cb7d9b48289f29011ad76da706)
                  - intellij.javascript.debugger.webstorm.specific.jar (RegularFile, 45abc36999160685a0bb34c99728f0db)
                  - intellij.javascript.reactNativeDebugger.jar (RegularFile, cd5d2c52840d9c4025573cc070b92675)
                  - intellij.javascript.wip.backend.jar (RegularFile, eee5b39c615b5972ebb0674f3af48f68)
                  - intellij.javascript.wip.protocol.jar (RegularFile, 54fbf32de01f7f592529dabfd7eea108)
              - nodeDebugInitializer (Directory, a75e40a9e525dd0bed6665a8ed7ece9e)
                - debugConnectionForwarder.js (RegularFile, 5ecdab3bcb5165dfa8709eaf179a5c5d)
                - debugConnector.js (RegularFile, f7781fb27ca9acb72d0a7bd542acfdb7)
                - debugConnectorPortPublisher.js (RegularFile, cc7c3f352c60d0fee774596fbabe05e5)
                - debugConnectorUtil.js (RegularFile, 930901356ac76ee63704667219e9a9e2)
              - webConsole (Directory, 61898b17a6f9ce98e26ea6d880c172d9)
                - console.css (RegularFile, 457ebd0df0a55794938438a1026670db)
                - console.html (RegularFile, 7f21a9426a922fd8160f87714a930c76)
                - darcula.css (RegularFile, d8ba24192d0f09277f24d952246c1873)
                - icons.css (RegularFile, 2a5838415e2bde99a54dcf447294e8b3)
                - interop.js (RegularFile, f8da2796205adb73bc970969938cd3b0)
                - light.css (RegularFile, baa85702efaf3f5295160ed69713237f)
                - search.js (RegularFile, 58d9e00d31c0f7d436d548c4d96a1c23)
                - TreeView.js (RegularFile, dc25273b310d72b3cdea7a1054f5be6e)
                - utils.js (RegularFile, 7d802e8075143e4f0a8b901d95fc5426)
                - WebConsole.js (RegularFile, 02452a71a0581e63d661e62336467732)
            - javascript-intentions (Directory, 9e308d3bdf2ff5b604b511a0836dbffd)
              - lib (Directory, 854c23b4fceaba98adacd468de21e824)
                - javascript-intentions.jar (RegularFile, 75d3537a9cdd47883db087fdc3a817d8)
            - javascript-plugin (Directory, f61313d5979d4868bd886d9a4a58f020)
              - helpers (Directory, 4efaef4da325685d5b530767e2f308e6)
                - base-test-reporter (Directory, 73f137fa4f4eaf99480ddcc6a4b4ed6e)
                  - intellij-stringifier.js (RegularFile, 595217390e547e9d5ee9ff5bf77d0e8d)
                  - intellij-tree.js (RegularFile, f530206944c192951f8cf1f1f3fb20de)
                  - intellij-util.js (RegularFile, a8c0d7a325d6508f4f95ce80e13f77fb)
                - buildTools (Directory, 9c646b88dfadbfd56f57e42f4e4b5ea2)
                  - grunt (Directory, da86ff27029976f94c3f2aa2b87af87f)
                    - lib (Directory, 51cc6db02b48b59d65c873b623d78180)
                      - grunt-intellij-util.js (RegularFile, 8d9055ca742ec93a891abb0076c15092)
                    - tasks (Directory, 3a61de181fb3ed4dede231d8fda8c05b)
                      - grunt-tasks-fetcher.js (RegularFile, 0ba834cbf1b7427f1813ab0324be5ad2)
                - jest-intellij (Directory, 95f005f1aef4fb0cda7bd7b5f07dc9e9)
                  - lib (Directory, e9da9f4b614c200e87bae48304ec922c)
                    - jest-intellij-jasmine-reporter.js (RegularFile, af4baff2bd544aa65d1231406344f296)
                    - jest-intellij-reporter.js (RegularFile, b3cc02faa0c5cb86bd505226feb96b5a)
                    - jest-intellij-stdin-fix.js (RegularFile, 361eb792002f8629800c3f6f5825caff)
                    - jest-intellij-util.js (RegularFile, d13a29d2d397c231a1d8eba17f030888)
                - node-core-modules (Directory, a903a7bc95946e69bc9654c2019ff29e)
                  - node-core-modules-loader.js (RegularFile, 47c41e52e3cfb09785b3719ac0303326)
                - nodejs (Directory, b3fead643902df907f3fb2c08a99fd22)
                  - library (Directory, a02a5cc7849f331308d5e4d15b47326b)
                    - yarn (Directory, 172f5d6f35958c7dd36038785b6353f9)
                      - intellij-yarn-pnp-deps-tree-loader.js (RegularFile, 9f5c42bee841dd7237c1a107dfd11d79)
                - package-version-range-matcher (Directory, 7e1299ddf7cba8482f74f783fa6e73b4)
                  - bin (Directory, 9a29f178dd1c577d7fd60d760caa08b3)
                    - batch-matcher (RegularFile, 19357d4df9872bb4e71dd232ae4fed65)
                  - node_modules (Directory, 79e4a22b203425603f60d7614ff36cd5)
                    - semver (Directory, 61f551a6afa1fb2c9b2318cac9b4e7ba)
                      - bin (Directory, 8705736b82e030411bd35911b2fc5871)
                        - semver.js (RegularFile, 51e1713025ff1d2f8c866b4b792ff37f)
                      - CHANGELOG.md (RegularFile, fce1497871927f8c8cccc9220c7a41c0)
                      - LICENSE (RegularFile, b91fd1ac2a2692e335f62ff77ec38888)
                      - package.json (RegularFile, f71c4d812edd99efa220413133fafd7b)
                      - range.bnf (RegularFile, 07850e88a23174d7c0267849623ae40d)
                      - README.md (RegularFile, b0ac3503e07ec683578355e7659b78af)
                      - semver.js (RegularFile, 12c06a5fa549e5d07a263d8bd7c5d285)
                  - package-lock.json (RegularFile, cb9ffd0b9bc1a8fb42f85410e238a3df)
                  - package.json (RegularFile, d0daecfaeee7422b396d3311131e1ecb)
                  - semver-range-matcher.js (RegularFile, 6eb7a1734eb35dc8663d341533648e1c)
                  - test (Directory, 33c0818586432257bd1d266adc105fa4)
                    - package.json (RegularFile, ca04fca82cb788ec25b24a9336192f86)
                    - version-range-test.js (RegularFile, 4fc8d28b6501f9eff4f70ddfe9161d4a)
                - protractor-intellij (Directory, 8868d4fea124b244f837b1a7ad070ffc)
                  - lib (Directory, 49e3dbb4a6152dc72271a34774402cdc)
                    - jasmine-reporter.d.ts (RegularFile, 9903a6e9424f248ad70b448328b717e4)
                    - protractor-intellij-cli.js (RegularFile, 8002c2c8c81529816d130cdefb17869c)
                    - protractor-intellij-config.js (RegularFile, d95c352b231ed9ed6c2e8d6ad8047ee3)
                    - protractor-intellij-jasmine-reporter.js (RegularFile, a8504d6e2f489890ea29d5b672c25d07)
                    - protractor-intellij-plugin.js (RegularFile, c8fb5f91f3c6698f52ae5b2a54ea97eb)
                    - protractor-intellij-stringifier.js (RegularFile, 025dc2964e2847bd382869472bf5f75b)
                    - protractor-intellij-tree.js (RegularFile, 7706109b1da6f5be8807010f327ba556)
                    - protractor-intellij-util.js (RegularFile, 5fdf54cde17df27dbc9be68b1a887b15)
                - vitest-intellij (Directory, 4000a250231b37e0794ae0de126c79c3)
                  - node_modules (Directory, 85824913b9d6d21e82158b77290435d9)
                    - vitest-intellij-reporter-safe.js (RegularFile, a487f9ae4ace40ff327bd99335daefcd)
                  - vitest-intellij-file-path-resolver.js (RegularFile, faad0aeede05474e16b23981bedd29dd)
                  - vitest-intellij-reporter-connector.js (RegularFile, 121a50cfe08ff388f685addb99ae1e17)
                  - vitest-intellij-reporter-v3-plus.js (RegularFile, 93167897cceb6b262932e060a00d0edf)
                  - vitest-intellij-reporter.js (RegularFile, 431e789cc7da61481ec5be785296c967)
                  - vitest-intellij-util.js (RegularFile, 151319cf8857dd73fd6a87e090969cd5)
              - js (Directory, d7fd4ddc822c1768b4412e26227eb73b)
                - js-predefined-d6986cc7102b-9b0f141eb926.ijx (RegularFile, 8dc8561123999dfd462f1703f6e03ba5)
                - js-predefined-d6986cc7102b-9b0f141eb926.txt (RegularFile, 3ea19cb9c0bacc0428952da8f3b81d83)
              - jsLanguageServicesImpl (Directory, 963374a17dc82753779284065d9bcfd9)
                - external (Directory, 46f4be3f3e26f04b6261f4bb39a971f9)
                  - !HowToUpdateBundledTypeScript.md (RegularFile, 30f52d46b167e29b474ff93fbfe67f94)
                  - _tsserver.js (RegularFile, 9d97f39a938935e03457c8506cef7ab7)
                  - _typingsInstaller.js (RegularFile, d629fc132628943ba75f4474d18e4e4a)
                  - browser.d.ts (RegularFile, a15c735c93d5e5ec2c7a1d8044b8fa25)
                  - cancellationToken.js (RegularFile, 57beb015a038e9c2c911de5f7d156cb7)
                  - diagnosticMessages.json (RegularFile, 7b5002b50f72a1d8b17e74ee73671bcd)
                  - es2019decorators.d.ts (RegularFile, a9bb26e67bc80b424989e17091b6e605)
                  - flow.utilities.d.ts (RegularFile, ed30e74dcc21ff5110d3e7889b7a8c98)
                  - lib.d.ts (RegularFile, c510ee2be51edf350596b2028b059e3b)
                  - lib.decorators.d.ts (RegularFile, 42b3cf580b75271d7dcbcc1e7b4eab50)
                  - lib.decorators.legacy.d.ts (RegularFile, 6dab67c4a7a2f25beb0a82df6d841658)
                  - lib.dom.asynciterable.d.ts (RegularFile, edae91b28fa9efd3652ee793dd04f7e4)
                  - lib.dom.d.ts (RegularFile, 227de8166df807088678ee00c4d2a79d)
                  - lib.dom.iterable.d.ts (RegularFile, f5dccb31d947559b794d13b44d010a8e)
                  - lib.es2015.collection.d.ts (RegularFile, 4d9e5010154a8bf3ecb54baa4718ddb8)
                  - lib.es2015.core.d.ts (RegularFile, 90a6f5c5c33499278a05b1673afaad56)
                  - lib.es2015.d.ts (RegularFile, a716adab11c41c0cd2c0ecf4d28c4281)
                  - lib.es2015.generator.d.ts (RegularFile, dfc8ca2b1e49026927b4ac2f5c38165b)
                  - lib.es2015.iterable.d.ts (RegularFile, 6068550f322319cbdf9a4823e3d24f9e)
                  - lib.es2015.promise.d.ts (RegularFile, 8ca1011287b5e647a57e962d1f747c8d)
                  - lib.es2015.proxy.d.ts (RegularFile, 6bde1e2d0ffb28125ba60fa332407a9c)
                  - lib.es2015.reflect.d.ts (RegularFile, 6280673b1a091f32d01d8df21330f537)
                  - lib.es2015.symbol.d.ts (RegularFile, 442c11bbc37b2f88eaa27f34ed2c3da5)
                  - lib.es2015.symbol.wellknown.d.ts (RegularFile, ac6cb6a5322e39fcd0e269fe549787ff)
                  - lib.es2016.array.include.d.ts (RegularFile, 60c703cc1e2ee4f699b88d7715ad8104)
                  - lib.es2016.d.ts (RegularFile, c1c0cb316372bf6b9a6212536f200a17)
                  - lib.es2016.full.d.ts (RegularFile, 01e177df826f3c13eded46fd9c13bb8a)
                  - lib.es2016.intl.d.ts (RegularFile, 52e723fe6437c56cf7ee5e372a5ea88f)
                  - lib.es2017.arraybuffer.d.ts (RegularFile, 84595ffae7713195412c6d8060e96142)
                  - lib.es2017.d.ts (RegularFile, 9a83f64bf8a80d196b6ddec8cc2d5d35)
                  - lib.es2017.date.d.ts (RegularFile, 0ff91f34ae162aeaf57b44bbca6a3188)
                  - lib.es2017.full.d.ts (RegularFile, 11eadded81de3d566400d15bc0b23b58)
                  - lib.es2017.intl.d.ts (RegularFile, a5eb6ab0a853d641cd8c580821c46f89)
                  - lib.es2017.object.d.ts (RegularFile, f7e8a521bef059278489e4e1e66ee88f)
                  - lib.es2017.sharedmemory.d.ts (RegularFile, d9e673d901b653a37a20ced3940300c1)
                  - lib.es2017.string.d.ts (RegularFile, c462abf96b2d7c1d9accab94cb82820f)
                  - lib.es2017.typedarrays.d.ts (RegularFile, 1c8d825bacdd9813772ebd8d25a7b2f5)
                  - lib.es2018.asyncgenerator.d.ts (RegularFile, 4ab0bce9f0f00b0e3172ce31525f04f5)
                  - lib.es2018.asynciterable.d.ts (RegularFile, 6133c423b9c51534cfb09e4f8aa776bb)
                  - lib.es2018.d.ts (RegularFile, 6d3877bb777c5f582e272bf982f4df7b)
                  - lib.es2018.full.d.ts (RegularFile, 123d93d17818237a1162b823f34ca0fb)
                  - lib.es2018.intl.d.ts (RegularFile, 39431d05d90d3a967911a374726d5a87)
                  - lib.es2018.promise.d.ts (RegularFile, 9a27c1a14e9c8632abe55204e6fa690c)
                  - lib.es2018.regexp.d.ts (RegularFile, 013a23e5a45e334f1626112ed58648f0)
                  - lib.es2019.array.d.ts (RegularFile, 5eac0e04c2696e29be6d88104a2e6fdc)
                  - lib.es2019.d.ts (RegularFile, 8524f8cb9f368e7b2e160dc18e75a204)
                  - lib.es2019.full.d.ts (RegularFile, 943edde47fa19b14ec103b0c153841ae)
                  - lib.es2019.intl.d.ts (RegularFile, 3c51c34369b8154c7e88a84ce3eb95a3)
                  - lib.es2019.object.d.ts (RegularFile, 0f5a58ae3c194255495a00410e2ef8d4)
                  - lib.es2019.string.d.ts (RegularFile, 758db76c515fad7478235c218bc8fe5b)
                  - lib.es2019.symbol.d.ts (RegularFile, 8f75265ce60e1a07590add337d04f2d5)
                  - lib.es2020.bigint.d.ts (RegularFile, 908e3bd25ff40aeca65d74afd56fb7e0)
                  - lib.es2020.d.ts (RegularFile, 83c8f30ebb8a90e57c3225a9ec9a1160)
                  - lib.es2020.date.d.ts (RegularFile, e0ec6d87d6216074972caeb493d42b72)
                  - lib.es2020.full.d.ts (RegularFile, d15af6d1f6bb056a6287bf2fc5ee7181)
                  - lib.es2020.intl.d.ts (RegularFile, da256ab1f5261790da0329dcdd7fc074)
                  - lib.es2020.number.d.ts (RegularFile, 4d287ea34f33c07a604231e8d5a39c0f)
                  - lib.es2020.promise.d.ts (RegularFile, 5ec57bef6ba835d133a0cccad5dfe9e8)
                  - lib.es2020.sharedmemory.d.ts (RegularFile, 09b2cc4351fb31912cad992616d7873c)
                  - lib.es2020.string.d.ts (RegularFile, 29456e3a2d0159b62df115024a8b8a0b)
                  - lib.es2020.symbol.wellknown.d.ts (RegularFile, 986f85179accc2e6e1d16192e66d45d4)
                  - lib.es2021.d.ts (RegularFile, de455ebdce3387800c15e0605f582232)
                  - lib.es2021.full.d.ts (RegularFile, 871034981cd7a40d6f0d3883e0fa6a53)
                  - lib.es2021.intl.d.ts (RegularFile, 7cf22f30d38d1dd6276d21100aa9b96d)
                  - lib.es2021.promise.d.ts (RegularFile, 0c13c5dac9958e92bf358677e381a70f)
                  - lib.es2021.string.d.ts (RegularFile, af2ea5bb1357f032ee50a59c69e96bdb)
                  - lib.es2021.weakref.d.ts (RegularFile, c9295df0d1d6dd5f300b40d630661c8b)
                  - lib.es2022.array.d.ts (RegularFile, 7eeb618b70d46794c99b0a0adbafc944)
                  - lib.es2022.d.ts (RegularFile, cd00164fbfc7ad1dc4032d9ad812100f)
                  - lib.es2022.error.d.ts (RegularFile, c1d71290f89528754943dc5b2d283a41)
                  - lib.es2022.full.d.ts (RegularFile, 9c9f3c19ea46e1e9b7abf0c81cb1e987)
                  - lib.es2022.intl.d.ts (RegularFile, a5b3d5c6d7d68ec25c29a95dec3b4da5)
                  - lib.es2022.object.d.ts (RegularFile, c81e1fb458c9e0d32ed8f8953b3c5092)
                  - lib.es2022.regexp.d.ts (RegularFile, 5d3d4cac13c8e4c015da4945b30691d4)
                  - lib.es2022.sharedmemory.d.ts (RegularFile, 58a6119fb93b5d6fcc735de2746c57d6)
                  - lib.es2022.string.d.ts (RegularFile, 372a0ed4529294fd6c0ea1b4198444c1)
                  - lib.es2023.array.d.ts (RegularFile, 3da36366d875d9359da6bfa17f0ff18a)
                  - lib.es2023.collection.d.ts (RegularFile, f054fb185a0d79a4317ff43bf4860713)
                  - lib.es2023.d.ts (RegularFile, c70e3c4babd22cb96a1639c83aac9612)
                  - lib.es2023.full.d.ts (RegularFile, ff32a2e3dda4e5d0555e03201070b1d4)
                  - lib.es2023.intl.d.ts (RegularFile, cb36380cf99a9877521a7784a91336d0)
                  - lib.es2024.arraybuffer.d.ts (RegularFile, 3e44dd39d78ac5e698f22893590d1b4b)
                  - lib.es2024.collection.d.ts (RegularFile, e8bb07ea06ab36e842707fa544c6341e)
                  - lib.es2024.d.ts (RegularFile, 2fcf95aaf0116d7ab01c62644d1ef9b3)
                  - lib.es2024.full.d.ts (RegularFile, 56a2241c669e45af1a7c415ab0e07aa9)
                  - lib.es2024.object.d.ts (RegularFile, a0425ac6d943c7e03280fad7eb6dd342)
                  - lib.es2024.promise.d.ts (RegularFile, d6ccc105d3c8c43e6181f22c08063d7b)
                  - lib.es2024.regexp.d.ts (RegularFile, 935d660c834cdf7a62e0f3bfdaa3cec9)
                  - lib.es2024.sharedmemory.d.ts (RegularFile, 79663ad8f82c077518d4656605c323d4)
                  - lib.es2024.string.d.ts (RegularFile, 4d61f7003fe530648f9c81519a9a714d)
                  - lib.es5.d.ts (RegularFile, 361de041ebf0781fc4cbe3142db09475)
                  - lib.es6.d.ts (RegularFile, df9ea779e7499ea05e08d6a3e9f5fa6e)
                  - lib.esnext.array.d.ts (RegularFile, 44f54e73af6b6ad100df59b66415f387)
                  - lib.esnext.collection.d.ts (RegularFile, ce21b5b06439c70f80b9ec10d85d9c5b)
                  - lib.esnext.d.ts (RegularFile, 90e859a9ad7ed35fb22f2c60b3aa924d)
                  - lib.esnext.decorators.d.ts (RegularFile, 1f1ccf1169a33c77528dc4efd3c734c7)
                  - lib.esnext.disposable.d.ts (RegularFile, f4af0fde3caecb085756386b19e67d10)
                  - lib.esnext.error.d.ts (RegularFile, 40b33867718fb6d4b9e1ef2d4bc64191)
                  - lib.esnext.float16.d.ts (RegularFile, 664ae2a2be0460acb8a50383428bdfbd)
                  - lib.esnext.full.d.ts (RegularFile, 879877b376035ef7bb66a5607ccfdde4)
                  - lib.esnext.intl.d.ts (RegularFile, f898c6f13650eeef6cd902444c8a7709)
                  - lib.esnext.iterator.d.ts (RegularFile, 0819258a08c228f4e8596cd0c9854707)
                  - lib.esnext.object.d.ts (RegularFile, a0425ac6d943c7e03280fad7eb6dd342)
                  - lib.esnext.promise.d.ts (RegularFile, 120c3b429078da51d32b4464346df381)
                  - lib.esnext.regexp.d.ts (RegularFile, 935d660c834cdf7a62e0f3bfdaa3cec9)
                  - lib.esnext.sharedmemory.d.ts (RegularFile, f9a2f0dc95285143ab17e4262f86363e)
                  - lib.esnext.string.d.ts (RegularFile, 4d61f7003fe530648f9c81519a9a714d)
                  - lib.scripthost.d.ts (RegularFile, 18887c2a618510e76603d570cd65f898)
                  - lib.webworker.asynciterable.d.ts (RegularFile, a1dd5340d7c624678bf6c24338c52c90)
                  - lib.webworker.d.ts (RegularFile, 652ba6b719f4a523a048cd9ca283e47e)
                  - lib.webworker.importscripts.d.ts (RegularFile, 8d0730bf3131e28c1d442cdac601d456)
                  - lib.webworker.iterable.d.ts (RegularFile, 018e5b319daf3eedb6f7571ddbacf4b9)
                  - react.d.ts (RegularFile, 1ff1b247081bb04ade72f7d3205bdf70)
                  - tsserver.js (RegularFile, ee3325d9d7ed68c4ba903b1eb79e4fa5)
                  - tsserverlibrary.js (RegularFile, 5aea68ea309ab1e17c3bd4fde176b2d9)
                  - typescript.js (RegularFile, a7bfe757668b5513165d10a664b83a70)
                  - typesMap.json (RegularFile, 8d4eb19044d58a9f0bcdc7a289744714)
                  - typingsInstaller.js (RegularFile, 7d95be979a867edcb7a8b67229741e2d)
                  - watchGuard.js (RegularFile, 93dbf314339fa6c3bfa9cc5d17e236c7)
                  - websql.d.ts (RegularFile, 6b721bc57c3e2ad35bb4e4f4d5aad35d)
                  - xpath.d.ts (RegularFile, c82f1a4f7b718d58088483b06149f5ad)
                - flow (Directory, a8be3b33b443a8adb9b4f84ddbfd511b)
                  - bom.js (RegularFile, 9da7dc5ee51e403349671bafc42662a7)
                  - core.js (RegularFile, 71dde6f3cc6339be9ba62a217c20ec40)
                  - dom.js (RegularFile, 643985e380e4f35fc8634cc9d24aca90)
                  - indexeddb.js (RegularFile, eb5440d6135a0edbfe12079f4e0aadf9)
                  - intl.js (RegularFile, 9d8cc03d4ccd38867b88e3628eb18b3b)
                  - node.js (RegularFile, a5c674766c95e833c01c98680bd84866)
                  - react-dom.js (RegularFile, 2f16ae3bddaa4060f036f5bb85fb3d92)
                  - react.js (RegularFile, f7ba0e9a6f5ec9aeb996180c2fa72eb9)
                  - serviceworkers.js (RegularFile, 50d01d66c9e3242a40c38487cd074c9f)
                  - streams.js (RegularFile, 4fe9eaef7b7e1333539bebc0099a982b)
                  - webassembly.js (RegularFile, 69c8325fb8d00b799891cf7f5ca78612)
                - js-language-service.js (RegularFile, b77ecbaacc37fbf7d872fb38717d2744)
                - js-lanuage-api.js (RegularFile, f571933bb948577b1f9f3076fb8fc7c6)
                - typescript (Directory, f31823ca0f1993b86872586d5e1e45a3)
                  - ide-watcher.js (RegularFile, 717ad9a7efc49acbcba31432372de69b)
                  - init.ts (RegularFile, 8882d0d90971370dfa40e37cd57c330e)
                  - logger-impl.js (RegularFile, 1f036e243afbbdba9ee469384c2cd905)
                  - node_modules (Directory, 5644f914275f5e8bebf38347d35b8565)
                    - tsc-ide-plugin (Directory, fc193148a6119f214a2e7ba5600481fc)
                      - get-element-type-ts-server.js (RegularFile, f45914875cf215282376fca999ba5688)
                      - ide-commands.js (RegularFile, e9f50c816939712c1690e03461346989)
                      - ide-get-element-type.js (RegularFile, a7fbb41af34068fb1d972f93d3106d59)
                      - ide-project-service.js (RegularFile, d7dd583488292c32570044f1e31985a2)
                      - index.js (RegularFile, 8f3bd99cc0cb6f71ec24c53ab9306fb1)
                      - package.json (RegularFile, 93e0f52e7a5bc205220bd617f7e1e2ec)
                      - protocol.js (RegularFile, 8f599540667c57a9786eecd9f09ae09b)
                      - utils.js (RegularFile, 690735b5dff1021bba35098eb564518b)
                  - out-path-process.js (RegularFile, 23df8f085299cfd6bfdab4de13c4db0f)
                  - service-loader.js (RegularFile, 53c503c0df868096668d50a892b8388f)
                  - session (Directory, 03dc14b1a954508887bcd4ca460c5f36)
                    - compile-info-holder.js (RegularFile, e42756811beafee82ebfa31546ad2a2e)
                    - old (Directory, 996bf308aec2b64c297b339f6002c9c8)
                      - ts-common-session-1x_21.js (RegularFile, 1eba6c5ed8d9406c8636a2c12a35d6bd)
                      - ts-project-service-1x.js (RegularFile, 3fba73317050d64fe75a7e8201078295)
                      - ts-project-service-21.js (RegularFile, 41c2c9a626bc106b2b34f3c5bef06f38)
                      - ts-session-1x.js (RegularFile, 81bad75d030886bc73b8561585dc847f)
                      - ts-session-21.js (RegularFile, 7ecd926840ade11b92eb3e1c1d57979f)
                      - ts15impl.js (RegularFile, 7b0683ef40deccc0fa7edc4653383458)
                  - ts-default-options.js (RegularFile, 4da61064d27efcedfb054347cb06bd3c)
                  - ts-plugin.js (RegularFile, caf47ccc18ec791b28e1c95437cd2e13)
                  - ts-session-latest.js (RegularFile, d12beeb4742b5a12ab9591ee614790cb)
                  - ts-session-provider.js (RegularFile, 886a8f54c0e50baf167e0e834c2078fc)
                  - tsc-plugin-adapter.js (RegularFile, 71fe34d32bdeb7058a3ef0dc68e00f05)
                  - tsconfig.json (RegularFile, ac99e546a29d458680c943c1634efd70)
                  - util.js (RegularFile, 4ffc8c97e578fdb9259f4fc1a4572534)
              - languageService (Directory, 7da45b57e7930b4adb9ad0d0e3e3c5b7)
                - eslint (Directory, be1d884a72a4fb62ff5ae46fe3a885f7)
                  - bin (Directory, a120fdf2fbe0c950a50f3b04df893496)
                    - eslint-api.js (RegularFile, 03d8780be58d7089ac50c281f41adf6b)
                    - eslint-common.js (RegularFile, 75abd970faf2b54dabb94643978bed9a)
                    - eslint-plugin-provider.js (RegularFile, 55cbef44aa09dbe00df45e10e5fc318a)
                    - eslint-plugin.js (RegularFile, dc9e4ee546803a98b16f411480e0203e)
                    - eslint8-plugin.js (RegularFile, 2d75bff48876f9fe6de2a7105eeb95e2)
                    - standard17-plugin.js (RegularFile, 20e35003836d3b23833e610b3114421c)
                  - package-lock.json (RegularFile, 5073e6997e9184e217f659befe3c97ef)
                  - package.json (RegularFile, 9a4c327f23387bffaebc9e76d36e16e9)
                  - src (Directory, 29d66dde0759bbb5f042f84158e2ef30)
                    - eslint-api.ts (RegularFile, e48ee9f866d1604fcb4111a8549745f8)
                    - eslint-common.ts (RegularFile, d65a08e9f11415d942b45c494fe9a9e7)
                    - eslint-plugin-provider.ts (RegularFile, 677b79f6b080e76f77055ae9e56e77a0)
                    - eslint-plugin.ts (RegularFile, 6693d7b41bb56c83d64a45fab474074f)
                    - eslint8-plugin.ts (RegularFile, 26bb21fb2fc151f9740df162becb6299)
                    - standard17-plugin.ts (RegularFile, 24a423367ae12b92d6a6d61a64a83cdb)
                    - typings (Directory, e15cca1aa71e6b0f41ff74bf0f11c9af)
                      - eslint-7.d.ts (RegularFile, 5fd3de51e0de1d5d046aea2c27c23f83)
                      - js-lanuage-api.d.ts (RegularFile, e8e697a9228f314e05936cef1c1654cb)
                  - tsconfig.json (RegularFile, dc815c62c99483370f538521add053ac)
              - lib (Directory, 36231019a2fb1e07e14009e85a3d7b09)
                - completion-ranking-js.jar (RegularFile, 33710ba5c3a9c828c438c4e40eee36b7)
                - completion-ranking-typescript.jar (RegularFile, f4deafac682551a34e3a80b2dc6cc86d)
                - frontend-split (Directory, d2eb55d9d767225b646fd2731fc78df7)
                  - javascript-frontend.jar (RegularFile, f390f39ab8716a4703707281f2268f14)
                - javascript-plugin-frontend.jar (RegularFile, 38c6e21ad0a451505a03d3b76ba9ea70)
                - javascript-plugin.jar (RegularFile, 6f1e692b926db50246960ce4f82bc2bc)
                - modules (Directory, f37415f24d2710867f7a7b3c5fd0d60d)
                  - intellij.javascript.frontend.jar (RegularFile, 69af5c09a630a5d08aae5ac88d696e69)
                - semver4j.jar (RegularFile, afd7fed03d23a8cc71baa1bb67bc8fc2)
              - projectTemplates (Directory, 49b59b4d665532e090db7fe5dabf25b8)
                - JavaScript (Directory, 352b8ae2dcf2ca10085bc4459387e702)
                  - no_samples.zip (RegularFile, daee94f2e45bb2efabda31c5fe76a04d)
                  - with_samples.zip (RegularFile, 6572e83b0fabdea3439689a5146be2e6)
                - learnProject (Directory, 2a3532090899cdfdc377a07a2f8621f2)
                  - webstorm-learn.zip (RegularFile, bc567537d557e9aa9f2c133f5b43ba2a)
                - TypeScript (Directory, bbaaf3f90f8eb071a80637d733a801e3)
                  - no_samples.zip (RegularFile, 5a03604828544ad2302446e362594b4e)
                  - with_samples.zip (RegularFile, 9e4b2d4cbdf03cbaad6e04bfe847d18d)
              - reporting (Directory, 9fb06cc5da5a5726db8938fe88e54dff)
                - core (Directory, 405012ee63813bb3f93fb60322a47a06)
                  - reporterUtils.d.ts (RegularFile, fc83f389d277228361f9162ef6fb55a7)
                  - reporterUtils.js (RegularFile, 188ae899ecf03810867a8a9604cdeb98)
                  - suiteNode.d.ts (RegularFile, b360a9508fecf6d72047df9e289712cc)
                  - suiteNode.js (RegularFile, bd328ea43109c7f8e9174dbb61eb3c14)
                  - testCaseNode.d.ts (RegularFile, 72a6dde138fbd8703c2f1c635f178198)
                  - testCaseNode.js (RegularFile, a7b25a1acb6d1c3f34146297142dc120)
                  - testCaseStepNode.d.ts (RegularFile, 405e92b0e26fba784361b4127596aa5d)
                  - testCaseStepNode.js (RegularFile, 4733c451d9f81aecec36c5a70aaaf95d)
                  - testEventsHandler.d.ts (RegularFile, 0abc277bdf038a1ce83e88578a765e2d)
                  - testEventsHandler.js (RegularFile, 2e93d1fb0af46d670c5520f649081f7b)
                  - testNode.d.ts (RegularFile, 7d933e11ac3f9049e5540eb63d28284f)
                  - testNode.js (RegularFile, 39e5f207e0d2f9a3fa6b058558b07bd2)
                  - testNodeStatus.d.ts (RegularFile, 8840395231b024e8399dc1852dfbfc8f)
                  - testNodeStatus.js (RegularFile, 2cb65f4b64a9f7f0e0884b03937f0448)
                - cypress (Directory, b726abeb6b61800ee8d5afd19a7b9df0)
                  - constants.d.ts (RegularFile, bc5c98fb40ff495edec40b038e9dffa0)
                  - constants.js (RegularFile, 13abea4b7e82f684838a74065c5fe381)
                  - cypressReporter.d.ts (RegularFile, 78a95918008134c5a3ce80d5497d0708)
                  - cypressReporter.js (RegularFile, 689b3b0b077b012c4b2d0e499d48ac27)
                  - cypressSuitNode.d.ts (RegularFile, 4b08ddba176740de4ff38ea8466f2f2d)
                  - cypressSuitNode.js (RegularFile, 24c10dadbdb09fd81a7da711ab74d563)
                  - cypressTestNode.d.ts (RegularFile, da3fb7b8692c76b58671b473d3b0910f)
                  - cypressTestNode.js (RegularFile, e36717616ce38b41dd2d03e488171e43)
                  - cypressUtils.d.ts (RegularFile, 774031486831c54e377ecd8936116a34)
                  - cypressUtils.js (RegularFile, 9e6f6e62b2a3d5bb9a40ccd0ad7b6440)
                - playwright (Directory, aede37c24d6244e73072197293fb18f3)
                  - playwrightReporter.d.ts (RegularFile, 8e761bde1b0fb640584cf4c856daa22f)
                  - playwrightReporter.js (RegularFile, a7d0a3d555b488810835bfafe792830b)
                  - playwrightSuitNode.d.ts (RegularFile, bca317baddb9d8593b031bef7733e59f)
                  - playwrightSuitNode.js (RegularFile, 91d1756e558f260ee7de78bab970dcb4)
                  - playwrightTestNode.d.ts (RegularFile, 799cd4bc9a94282ae291f9d70a9e8b7f)
                  - playwrightTestNode.js (RegularFile, 954f7b5ac746edea9aaf922cf940b67b)
                  - playwrightTestStep.d.ts (RegularFile, 670a20dfb97e1f9b462b0cc8d352a366)
                  - playwrightTestStep.js (RegularFile, 5ca6d22338e950bcb3bf8c7958d5352f)
                  - playwrightTestStructure.d.ts (RegularFile, dd4bab2b187d3d70f3d7187f6a1a3611)
                  - playwrightTestStructure.js (RegularFile, 093cddd7fd744d16ea048fe9d65dc6fe)
            - json (Directory, 455c811a85ef7c7def0effc6d5bf552b)
              - lib (Directory, 53ae6bde03a477ee844328c75e021972)
                - json.jar (RegularFile, 2b7e6c96cdfce0c5d95e460c474e18ac)
                - modules (Directory, 3b54d61cdad4b5c95bba8f6a0002e14a)
                  - intellij.json.backend.jar (RegularFile, fbfd7504654faa08905e02091a375fc9)
                  - intellij.json.backend.regexp.jar (RegularFile, eb414ac156081b06df2233eddbabb1df)
                  - intellij.json.frontend.split.jar (RegularFile, 5173a611136d67bf18614a5759576a65)
            - jsonpath (Directory, 768b09d6af35229f59e01bfb6d397e3b)
              - lib (Directory, c69f34808c42b29203d9f4ae05d282a7)
                - jsonpath.jar (RegularFile, 3f7f85d73f2a3eddf615dff172165d44)
            - jupyter-plugin (Directory, 9bc2e117bde3213962dfcf1b7a362893)
              - jupyter-web (Directory, eaa5148d1b6653a33f74b05cc3ff1fba)
                - 1014.js (RegularFile, 9a46592fcc88352865f7d8e9fb1ce390)
                - 1029.js (RegularFile, ab789275a76fca68a65f23ce4ce1742c)
                - 106.js (RegularFile, d01b00fd27a7863cf9685ef65299ca64)
                - 1193.js (RegularFile, fc1fab03b3c59480bfa0caad0997cad9)
                - 1280.js (RegularFile, 41181ac1ded2c6c1535299ddf8ba16bf)
                - 1307.js (RegularFile, e17fdb0296ef65e6f12d7f5b1e56904e)
                - 154.js (RegularFile, c7ef3ae4984300cd2acb177b8aa8e260)
                - 156.js (RegularFile, 3086ee3b30f300eccba7cc98cf0e3a2a)
                - 1570.js (RegularFile, ddb1759bb88e94529ca72f7c1969d385)
                - 158.js (RegularFile, 922c27c2e80ceef048cb2b1b23da9ed4)
                - 1644.js (RegularFile, 802c73dfd19075e9db46bff96271d94f)
                - 1753.js (RegularFile, 064ad15398fadcdc8e6702bc591f5922)
                - 1797.js (RegularFile, 2e771b440f433887885e54b4ae7ef03e)
                - 1811.js (RegularFile, 4b50327516a9239a5d0495f180ef807b)
                - 182.js (RegularFile, 387fc6d38458edde65649fe3df47bbe0)
                - 1985.js (RegularFile, 2a858fe8de9ee4715e8f749354157a5f)
                - 2023.js (RegularFile, 900dfad4730a11b4f024a53396059927)
                - 2173.js (RegularFile, 741e6ea73e5f72de6e285f127c4b1d07)
                - 2200.js (RegularFile, ffe77829070783efc488f7d18606bf9a)
                - 2205.js (RegularFile, 43f422bd79f5a92e663dce75682ae150)
                - 2248.js (RegularFile, 3f7c8ddba6cbc07a3faf77eadd76a615)
                - 2484.js (RegularFile, 2854d847e573230c8cc0726a4c309da6)
                - 2530.js (RegularFile, 95f6b61b1954453732cb1d668718ae14)
                - 258.js (RegularFile, 82a105a1a4e1a0e10cfd2de3ad757024)
                - 2587.js (RegularFile, a258bac4c80acd3e8dafc93107f23258)
                - 2588.js (RegularFile, 55b6495e57e7f9aa157f0ba332662e4d)
                - 2671.js (RegularFile, d06672fdf86a1e4d0b69012b455c48ea)
                - 2805.js (RegularFile, 27a5afdb3678b748a71a7073b31e6d6b)
                - 2900.js (RegularFile, c51bca4dd05f7b254a07fdc0a08b6fd3)
                - 2914.js (RegularFile, ff468620b9c5d1a9c48592ce7c007eee)
                - 2933.js (RegularFile, 203a379e21d1c1cb25cff0919ceede6b)
                - 2966.js (RegularFile, 9ff032d1ac611761164546fff5599308)
                - 3021.js (RegularFile, 851f8f7b4a22c1fe2ad3a3b423a66eae)
                - 3101.js (RegularFile, 31b7626dd94704233be7fad4538e0f14)
                - 3107.js (RegularFile, b2cd7d372267469583af3f1ad60ed911)
                - 312.js (RegularFile, 9002b23256bea06db7fad519b4d10b2c)
                - 3140.js (RegularFile, 5b487ac45b07ed249663b268863efdeb)
                - 3175.js (RegularFile, 473bff7b74c14a535a589b775f8dc25a)
                - 3196.js (RegularFile, df34f3103330234a67efd47e01ce889f)
                - 3229.js (RegularFile, 784992506441f41a01f10649a5ba2b0d)
                - 3350.js (RegularFile, fbea20a35c89a450f2016b8dc45c8d1a)
                - 3352.js (RegularFile, 1587cefa61dfb2486328df22e01ff5b3)
                - 339.js (RegularFile, 879bf23c3358203b203482162681b923)
                - 3456.js (RegularFile, 455f600d6c66e63fab1bdd4d62592f41)
                - 3464.js (RegularFile, 4581e006a1f67044c1d963b6f1e47e1d)
                - 3546.js (RegularFile, 179158ded58aaeca3460578bfc632f30)
                - 355.js (RegularFile, bd0dbe07b3529954fe3e01984eb174db)
                - 3553.js (RegularFile, dbdfd6156425ef5bfff845c255a992df)
                - 3555.js (RegularFile, bcd77eec017546b0d1f712d003c5939a)
                - 3592.js (RegularFile, 14978ffdd8fdeb00bdb163a7a8291b5f)
                - 3641.js (RegularFile, ffb21e1fde3af102bb2202eac9edca6b)
                - 3737.js (RegularFile, 81aab644bf94512d8e8874952cec3456)
                - 3763.js (RegularFile, e5efcd8020d24f8ab0f101b4a037b489)
                - 3788.js (RegularFile, 44dc5351d54a5c38b70ebbe03b79dbff)
                - 3818.js (RegularFile, 306fbe6116322b05743c3587c7376419)
                - 3826.js (RegularFile, 32e48b01ff37f32beb7785afc61de17c)
                - 3891.js (RegularFile, 52e6a46ca7e89083eaf0f8d4d2b3ea5b)
                - 3993.js (RegularFile, 70fe1033b659442a8f5f95ac8501a517)
                - 3rdpartylicenses.txt (RegularFile, e35df68d39de37962c211ed485e15978)
                - 4095.js (RegularFile, 1382920d94e2a8298223df03e7dc487e)
                - 4195.js (RegularFile, 703fb962e42f0375ebde2f26d9f0b187)
                - 421.js (RegularFile, e18953c40d2043e81b622caf10587b5f)
                - 4215.js (RegularFile, 10f3641c719f3fbdf2c266a122e4bc33)
                - 4374.js (RegularFile, 71aa182156c3c0774e5292c7eb47cc5c)
                - 4390.js (RegularFile, 3fd2cbf2461430ba1af160f4dbf6d46e)
                - 442.js (RegularFile, 13f9f822f0a4103df83977c3b6f5ba89)
                - 4450.js (RegularFile, f2f3d346fb5410d587c0bd271bfc0b9f)
                - 4453.js (RegularFile, da1a44c8fb54724e0acf38e98543b3e4)
                - 4462.js (RegularFile, ad56c8894e52726907310cc770433d45)
                - 4531.js (RegularFile, db436a64265796dbea9ab01f3bf39e2a)
                - 4542.js (RegularFile, 30e1753647755bb4f56ad9dd25dcc956)
                - 4704.js (RegularFile, b92abfe2f2dad213fa56f8b2212b3af6)
                - 475.js (RegularFile, 22517050655d5a4aa7067af5298cb5fb)
                - 4780.js (RegularFile, 0d652bee24d93cd4d662567002c1d002)
                - 4878.js (RegularFile, 49e46c1b703b30d6d7e540124555427b)
                - 489.js (RegularFile, f8e79ca5f31e4510457b1d7596943e46)
                - 4920.js (RegularFile, 01e36eabcf8faa40e51f57de6299d5f8)
                - 4945.js (RegularFile, 6a5578ac3a1cb09d8b5ac571afac5afb)
                - 4947.js (RegularFile, 6eb7e7943ebf0345b73286f1c984a7e1)
                - 5006.js (RegularFile, a64c574cd6bfd88d8b91aa5c48a1e39d)
                - 5051.js (RegularFile, e47309646aa783f4061b94606d6cee54)
                - 5145.js (RegularFile, df4c32ec943f346e404672fa2cc31376)
                - 5235.js (RegularFile, cecb5cebcf3000d8e61bfcf745f10eb4)
                - 5327.js (RegularFile, 95c0fe0ef6f58bd61d78b6b17ba6fdb6)
                - 5340.js (RegularFile, 2b442a962e8964f5a00d0d0e2ad13eca)
                - 5425.js (RegularFile, 5e94bcfe7266888b0b1ddadecd2e9898)
                - 5433.js (RegularFile, 379d29ab3d27a4dd6cbe4860f1f35bd3)
                - 5446.js (RegularFile, 1a4e05d78ecfbf5eac42aea3722586ed)
                - 5540.js (RegularFile, caf81a72209e2707751bb62ba96edc76)
                - 5550.js (RegularFile, bd8013a298ecf3f0db19922f6a6c4326)
                - 558.js (RegularFile, 0eb9644487a0637ffbb7d90f922d4035)
                - 561.js (RegularFile, b13d5d0af8146bd5c88fb9b468c5c1b0)
                - 5676.js (RegularFile, 712be5d29c1b8cbb1802a709a312e950)
                - 5726.js (RegularFile, 545a56eaa17c59f01a7ee4044035dcbf)
                - 5728.js (RegularFile, 56a048c4ae2ccda7cee1096ee8ddf55f)
                - 5776.js (RegularFile, 150bf509d2d6f75dda32f822a94ae94c)
                - 59.js (RegularFile, 28585cbc464fe5741fa5797da10d0ffd)
                - 596.js (RegularFile, 10b1fce80f2620719f3c9d7aefdd7250)
                - 6039.js (RegularFile, 250789ec16eec9d60e3c9662f720c518)
                - 6071.js (RegularFile, 1dc6f157c69d5d772eddd1c096a74953)
                - 6219.js (RegularFile, 5d020d068cc9a338e9f0c179d472f03e)
                - 6230.js (RegularFile, f9d9eb17746748b210f4fccdf5bbf0bb)
                - 6333.js (RegularFile, f079cb25f00ef9f0070431872fee7b54)
                - 638.js (RegularFile, ecebd81c60ead7e1584287ba4875a0b8)
                - 6408.js (RegularFile, dc2a86bd5a94ab15bbe86e923ab00d8e)
                - 6519.js (RegularFile, bb2da72a45b3105e7baa7d95600144e9)
                - 6540.js (RegularFile, 84c085fc79efc8c92b2a55319eda50af)
                - 6550.js (RegularFile, 52ef6e5d4170f66d1617444ebcc1461e)
                - 6608.js (RegularFile, c525d4620f050fe1b3fe95eb3eac95c1)
                - 6633.js (RegularFile, b9187166d1fde8105f3b32512dcd5f43)
                - 6679.js (RegularFile, 8532daab5a3dcf10a3eebc58cf19c6cf)
                - 6750.js (RegularFile, 3c060e4f7cd66e03b54d38c4d3a8659a)
                - 6825.js (RegularFile, 3c61f20eeed3c309324d2b6f8491baba)
                - 683.js (RegularFile, bf0e31be5c85408753149f2525cc0575)
                - 6848.js (RegularFile, 8596b21cbd12a744beb47104c37b3afa)
                - 6869.js (RegularFile, a8360cce31e44b8a001acd656d1e7d0f)
                - 6932.js (RegularFile, 29d21b31e40fef98a4e9b53f1da9453e)
                - 6953.js (RegularFile, 55ee8b3946fd6ec83dfa5a67d5a105e2)
                - 6964.js (RegularFile, 122a96b01ce0d82b28e3ac008dfc2f37)
                - 703.js (RegularFile, e2466450cc102e0380536334f0c6fe4b)
                - 7148.js (RegularFile, 00c98b7b9ec97d573f7ff4a0026fb8d8)
                - 734.js (RegularFile, 2a3e48f8a7cca48fd1c6bc5ea2b0e4d6)
                - 7386.js (RegularFile, c3d233a4681d6d157e7c03991b5d9702)
                - 7391.js (RegularFile, 4387ba9009dec0aa31fe5a8b70aeb49c)
                - 7409.js (RegularFile, 89c5071a428f7014ed71dbe40b76ad36)
                - 7510.js (RegularFile, ada9f0c264642ac1c4cb884d6ecc19a8)
                - 7557.js (RegularFile, 1c935951c336fe567e445192ef57a7b6)
                - 7615.js (RegularFile, 9bf88d35f33a299a18eb19147fe92f42)
                - 7697.js (RegularFile, 7d7164927e029729d0edd26d19b614ad)
                - 7707.js (RegularFile, bee40cb844602ed11577ce3ad7b6fd89)
                - 7807.js (RegularFile, 502582537cd9e49b9443113fe224a2c9)
                - 7820.js (RegularFile, f6e021a7e88035a70c0794db6ee79b22)
                - 7847.js (RegularFile, 417f6310c11eb101f08e68b7af74d164)
                - 7869.js (RegularFile, f517e540b71e4b9ad96d89d7a79c6fd0)
                - 7936.js (RegularFile, e67f3cbaedbfa17d71dce2add6777678)
                - 8005.js (RegularFile, 0103b51dc7ed18bd1c623deaf7ab6511)
                - 8029.js (RegularFile, cdc753a6d6d2d674d96e76cf15ea78fd)
                - 8051.js (RegularFile, 8958588d5eecaf03ef295f6817c1f061)
                - 8067.js (RegularFile, 09bcf0f36e326fe95347171d255c4d17)
                - 8233.js (RegularFile, 2f7737021d14069ac5c2c718a0a89c51)
                - 8331.js (RegularFile, 2828b72bc8b7923ed5ca4d74d23ad6b8)
                - 8399.js (RegularFile, 11dd62a48fc1ac23a13905b0dc49d05a)
                - 8442.js (RegularFile, 7acf3c2e16abeb1879c9191db7479e8c)
                - 847.js (RegularFile, bc18c921c1de238b931bdd722045222b)
                - 8533.js (RegularFile, 88be837889e6448be3ebea9edf3a6239)
                - 8596.js (RegularFile, 45cb6e8b987ebc72bcd3330cbf04bc19)
                - 8627.js (RegularFile, f80b6daad8bc98dc7974f461bfd7d049)
                - 874.js (RegularFile, b09bd1c8f204637b9270460a859ed953)
                - 877.js (RegularFile, 520fd5cebdbb108da3924419f86e5af0)
                - 8780.js (RegularFile, 5f4200cac9fd47036ffc9310539f5dae)
                - 8786.js (RegularFile, debccccb3f33da98c2645e065318a19b)
                - 8920.js (RegularFile, 58200ed2c03515a6c87ab9a9016eb33b)
                - 8936.js (RegularFile, f360921ddf44066ecbf73e7a3fe2d5a1)
                - 8988.js (RegularFile, f45fdab473a193171d414e10725792ee)
                - 8993.js (RegularFile, 6b1adc5c866650e5fc897776a3aff8b2)
                - 9029.js (RegularFile, 613e2e13468aa8928e8eddf5179bea8c)
                - 9068.js (RegularFile, fda835755aae11a6b9df08ff07636c21)
                - 9094.js (RegularFile, 7b49d27f3fb360f6e4b07051d2011459)
                - 9110.js (RegularFile, 43fac12d04085dae4baea9035fc77459)
                - 9187.js (RegularFile, 0b509b5dbea67b97a7527372ed700738)
                - 9221.js (RegularFile, 6aad2c620d541b33ca534b323e703296)
                - 9307.js (RegularFile, 91452d1d5d56607d385bd0cdac24dbb5)
                - 9346.js (RegularFile, 2ac9ab0e55aa5d4dfeabc51f581ff46b)
                - 941.js (RegularFile, ea9d90ce87151a3839eb45e6c01a50bb)
                - 9514.js (RegularFile, e4bccd9b4cd0853b351ac4b2c818e56a)
                - 9631.js (RegularFile, 9998233389301a8cdeae86fd19cf5e4e)
                - 9639.js (RegularFile, fe77718ca20552c575dfe556263791b0)
                - 978.js (RegularFile, 2d31502cb746de0e4b089e474ff9e8ef)
                - 9785.js (RegularFile, 416ce00d27c4de56aae50b4d3385118e)
                - 9836.js (RegularFile, 5350f6fa427d6a58dcb32514cdd59211)
                - 9856.js (RegularFile, f7a48616aeea2d500f2502e9ece7b745)
                - 9880.js (RegularFile, 27482bf64d1811ca855f8739271311a3)
                - 9960.js (RegularFile, e1e81d048cf8be1374613d6a146f2830)
                - 9967.js (RegularFile, 06d8d753ff3a37fdece1db3fb0c6aab8)
                - 9980.js (RegularFile, 444db5fd92fb1f22aead35c1428cae51)
                - 9996.js (RegularFile, c60aac10830578cae67e75589ee01109)
                - add-above.svg (RegularFile, 06ce33f25bae7f398dac0d3b457ab13d)
                - add-below.svg (RegularFile, 3f3023784128da784817be96b43fecbd)
                - add.svg (RegularFile, a900da756dd10f40967b57a6bff2cc9e)
                - assets (Directory, e816922c9c1ebe612e9587f59e81bb07)
                  - webfonts (Directory, 7ee5e51b25294069ccd7f3e178536376)
                    - fa-brands-400.eot (RegularFile, a42a86d3a0e5612d85793a105b302a19)
                    - fa-brands-400.svg (RegularFile, 0f50b92e994df7ce1fe4ad7479365245)
                    - fa-brands-400.ttf (RegularFile, 850be751b397ad48a10bb8a5cccaffe4)
                    - fa-brands-400.woff (RegularFile, 65d557b7f69f97f8de671b88ea7bd48f)
                    - fa-brands-400.woff2 (RegularFile, 3a7bf7c12f2772b03fd008bbb4d3e7b0)
                    - fa-regular-400.eot (RegularFile, 69509f75a959823ab8a879d3675ab657)
                    - fa-regular-400.svg (RegularFile, 75f4ec2029f364f6467c57ba6e0acd51)
                    - fa-regular-400.ttf (RegularFile, eba46cb4cf74d9969f552d77f6e7809d)
                    - fa-regular-400.woff (RegularFile, f43194aa428d11425da8757940786e9e)
                    - fa-regular-400.woff2 (RegularFile, f366dcdb2c54ce0152633826b667513e)
                    - fa-solid-900.eot (RegularFile, c6752d5a127c70a64d32fc12293dfbd2)
                    - fa-solid-900.svg (RegularFile, cb6020bfd159321e7367da86a795b621)
                    - fa-solid-900.ttf (RegularFile, 75370e02cbd238e0551c3b6d88641100)
                    - fa-solid-900.woff (RegularFile, 6878115923e068b0144852a8d846719f)
                    - fa-solid-900.woff2 (RegularFile, 8d186ca852a65cc456c7ce30e4d907d9)
                - bell.svg (RegularFile, 162e92b85ed2265f6f6036f819b50a54)
                - bug-dot.svg (RegularFile, 0918605d9cda32091825569948dfd94c)
                - bug.svg (RegularFile, 8ef0ea022c7138d84fc65226d7931f11)
                - build.svg (RegularFile, 3ab18da68c15b0f5a4dac72a1eff5d2d)
                - caret-down-empty-thin.svg (RegularFile, d6dc0db9008ec752a6a114807b1f8eb0)
                - caret-down-empty.svg (RegularFile, b2f61b307b12c065e13ac0d48fb42906)
                - caret-down.svg (RegularFile, 42d308043dba5892a5a610b174dc2627)
                - caret-left.svg (RegularFile, 392ac27afd5a44763c4ecdec0714f0ff)
                - caret-right.svg (RegularFile, 29d8d4765c803cfcf3c1fda1c65c91ba)
                - caret-up-empty-thin.svg (RegularFile, f7154d595bcdbe4bf6f6fc4c9dc83a0e)
                - caret-up.svg (RegularFile, 8a9507ddb07d3ec9ed834ffcad0139fa)
                - case-sensitive.svg (RegularFile, df74a7868144a1f6f9da33a8d5a81f0a)
                - check.svg (RegularFile, 11317276d2f822abe7de6314180f2dc9)
                - circle-empty.svg (RegularFile, 951fafbdd2ba33a694ced0b560d23325)
                - circle.svg (RegularFile, 607f2c2e4357d48be486d5dc0c7f09c4)
                - cleaning.svg (RegularFile, 36656601c1639b9ead2d9933a5a727d3)
                - clear.svg (RegularFile, 556cb71c47e9a1a3389d71e8a23ff4a7)
                - close-all.svg (RegularFile, f30f26c9e89e5bbcf224f1435007faf9)
                - close.svg (RegularFile, 228461d84abdb03d728765b31daad1fa)
                - code-check.svg (RegularFile, b6739201eb52c3c45e76bb8a71054eba)
                - code.svg (RegularFile, 9f35fc14a0e34b2ea62773367e50533b)
                - collapse-all.svg (RegularFile, 461641a4ddcb48b58e346d48c7169d5f)
                - collapse.svg (RegularFile, c8351347a95ccf085587fa6bd6190b9f)
                - common.js (RegularFile, 6b093ab7145a3457c94812519e81d532)
                - console.svg (RegularFile, 08250f07622918398c4d0f08eec2faa9)
                - copy.svg (RegularFile, b48de339a2a4750bf272530f84de4757)
                - copyright.svg (RegularFile, 0be3b860f3af0dc305d9de662ae884dc)
                - cut.svg (RegularFile, ebd46d3d984258deebd9687b3e14ff4d)
                - darcula-new.css (RegularFile, aedab6ddfa694d6f99bbbd4fb64c7d7b)
                - darcula-old.css (RegularFile, d017763237858e8d114ecc5d49dc53dc)
                - delete.svg (RegularFile, 61fddc0b1cd63498349141ff7f303411)
                - dock-bottom.svg (RegularFile, 13b7e4485706ddbf169c278c90e905a8)
                - dock-left.svg (RegularFile, 73d2ab3cc099e27e7c625c262740d5cd)
                - dock-right.svg (RegularFile, 749adcc6fda97f41a5e0e9521d554659)
                - dock-top.svg (RegularFile, 1b10ec4640d20051ba3c41185b230c74)
                - dots.svg (RegularFile, f71b797553e5d9da92d9e4ae36517d45)
                - download.svg (RegularFile, a0570524575ca9ddbac47f6345abc2f9)
                - duplicate.svg (RegularFile, 72381530380c9cd02d34c556f84ac18d)
                - edit.svg (RegularFile, 6ea95b65da48d4ec43e8c297ceaba10a)
                - ellipses.svg (RegularFile, 96ff8b44c27a2cd1e4038b66418a4355)
                - error.svg (RegularFile, 07346cd9799ca6e8e082bd9a91ad3c63)
                - exceptions.svg (RegularFile, 8aa005dfe86d44642385c454c9436029)
                - expand-all.svg (RegularFile, c70a7e85555220bf8e7c30c358ca4ae1)
                - expand.svg (RegularFile, 529d3ec59a7dfb1dcc1721acb7b36ce2)
                - extension.svg (RegularFile, dfe94d9f8def8d48d930d34c993e23a7)
                - fast-forward.svg (RegularFile, 1a3a965f81e7990c6c0aea0616c5be06)
                - file-upload.svg (RegularFile, 7dd56325a68b16f293688cd356be99bf)
                - file.svg (RegularFile, 7d284982a7f4606dca01be67ce8099c7)
                - filter-dot.svg (RegularFile, 99ce00cc1715feae6cc38c06441bca8e)
                - filter-list.svg (RegularFile, 227be506010b1d101b64e5a0f4613461)
                - filter.svg (RegularFile, 546b152534edc328c2ce3c8f9a376bea)
                - folder-favorite.svg (RegularFile, a29aab89e42be2f6c21cc0de292db3fd)
                - folder.svg (RegularFile, 3766b6caa1379ce793c4a19feebe1852)
                - history.svg (RegularFile, f42855d0996cc818232c0980cc74d70e)
                - home.svg (RegularFile, 180cdf2e4d0c306d5ba706afd9f23a36)
                - html5.svg (RegularFile, 28e231b047ae5b3ebae7ce11d7cfd498)
                - image.svg (RegularFile, 7bfae568598135e0b8c609fb06ec6a89)
                - index.html (RegularFile, f93141360d2c5dcdb9db165cf771aabf)
                - info.svg (RegularFile, 9e1269738af7b3894432315a4957599f)
                - inspector.svg (RegularFile, 0f8b0249bc87b75a4aa565d50d338711)
                - intellij-new.css (RegularFile, 473a31e8d543c5f07d954f2fd9f1f5df)
                - intellij-old.css (RegularFile, d2eb7876886c2ee998e02685b87b7c94)
                - json.svg (RegularFile, f44bf5f91d55173f202d63deac27c3fd)
                - julia.svg (RegularFile, 6d7867d75fdff17c1a1bf3c03ddbee59)
                - jupyter-favicon.svg (RegularFile, 0443e3b2201e6f179b85b6e3dc79d051)
                - jupyter.svg (RegularFile, 238ec27204573948c423cd03cb8361a6)
                - jupyterlab-wordmark.svg (RegularFile, 5cbdac118190a0416a2f43d59730ae96)
                - kernel.svg (RegularFile, 166f36728c0aad5dfc7d2049f617662a)
                - keyboard.svg (RegularFile, 295fea59d3c969bcea2063b58d69a277)
                - launch.svg (RegularFile, 135503620f611008f51bca1ade453767)
                - launcher.svg (RegularFile, d626fafd6f96f21dc603631894b236a5)
                - licenses.json (RegularFile, 96629a8278984577740a72e4b3f38d97)
                - line-form.svg (RegularFile, ecc1cd2a58c5960a285ecd72b82851cf)
                - link.svg (RegularFile, d282409ab5e94fc3d8a1c6b08d770208)
                - list.svg (RegularFile, b1d0f8d2ecde0535b7ad288e845b0acb)
                - lock.svg (RegularFile, b019682c3495e74d3a1cd1e599f6ff8e)
                - main.js (RegularFile, a6a4509566d0740189b8163b962ee07d)
                - markdown.svg (RegularFile, e20fd6e5a406c52e010e630bef3adf66)
                - MathJax_AMS-Regular.woff (RegularFile, 4b8b5f9a3681f544e900526b244882cd)
                - MathJax_Calligraphic-Bold.woff (RegularFile, c4e266989989ed207c4cdfe32ed15ab2)
                - MathJax_Calligraphic-Regular.woff (RegularFile, 6b6172c3cf64ad6a02a9dfa28630fb4a)
                - MathJax_Fraktur-Bold.woff (RegularFile, f04289667d1e09bc1491926e6e6b2ffa)
                - MathJax_Fraktur-Regular.woff (RegularFile, e4d780e37042e92b6d49c7d0e4c7f050)
                - MathJax_Main-Bold.woff (RegularFile, 6594f65917be14111ecdafe63ac6ef41)
                - MathJax_Main-Italic.woff (RegularFile, 735c278525c4d252e924c6b1e1409af7)
                - MathJax_Main-Regular.woff (RegularFile, 9edfbe9c27b72fabad2701b42d1c6215)
                - MathJax_Math-BoldItalic.woff (RegularFile, e83c65ad3ca28c5998801041db670db9)
                - MathJax_Math-Italic.woff (RegularFile, f31e11032528ba480cebb59de724989a)
                - MathJax_SansSerif-Bold.woff (RegularFile, 3e6cd43a862a849496072ef409325449)
                - MathJax_SansSerif-Italic.woff (RegularFile, 2dba1f1fc49b254f20825a17d8d60c6a)
                - MathJax_SansSerif-Regular.woff (RegularFile, 7121494021502f0e00e98a05472c7f19)
                - MathJax_Script-Regular.woff (RegularFile, b13edfebaa28025d2080f4afc9e6f1b0)
                - MathJax_Size1-Regular.woff (RegularFile, f225bba4de6eb2481aa98683cab6ffa9)
                - MathJax_Size2-Regular.woff (RegularFile, ab43b329d216e52a7cde08768160aa0b)
                - MathJax_Size3-Regular.woff (RegularFile, 4fa9efc01bbb7965548d02123596bd31)
                - MathJax_Size4-Regular.woff (RegularFile, f37fa432ddc282a4cc35d309c95bd5bc)
                - MathJax_Typewriter-Regular.woff (RegularFile, 9d32d7fef6baaa0a64bc8128b539af21)
                - MathJax_Vector-Bold.woff (RegularFile, ba9a6081a4cbb781c14488b9f50c19be)
                - MathJax_Vector-Regular.woff (RegularFile, d83f61c6579422466de3d473f02f610f)
                - MathJax_Zero.woff (RegularFile, 80a71f63d9e50cc8150313998f872e24)
                - mermaid.svg (RegularFile, f75c528ba80813a158eafae597f8314c)
                - move-down.svg (RegularFile, 87df43b07edc339949b83b2f66d264dc)
                - move-up.svg (RegularFile, 3a9f7fb1fb8354ba339d7c2e8808675e)
                - new-folder.svg (RegularFile, f241fbbf0fb28b3508d86a5f00322448)
                - not-trusted.svg (RegularFile, e87cf692eb46e802ae9b879e346ddc16)
                - notebook.svg (RegularFile, 75bed570f3d9acd7356112296fdc8343)
                - numbering.svg (RegularFile, 9fe410afb9f01af486350972289a0652)
                - offline-bolt.svg (RegularFile, e734732a3b0fd652a2c90817c3079ae3)
                - open-kernel-source.svg (RegularFile, b8de078df8677dcbb15e07bad0d43c18)
                - palette.svg (RegularFile, 09e0ad8ddb07f025478f5cd3481a3077)
                - paste.svg (RegularFile, e111f3b9d2ba3e1807b7f3ad64a4e860)
                - pause.svg (RegularFile, 0204085a3c75b44e9e0f076b2034b2bc)
                - pdf.svg (RegularFile, 0d983b75488e9295202c6ffbb1273a8d)
                - polyfills.js (RegularFile, 73c4d579082458558a371a75e13fd499)
                - python.svg (RegularFile, 197b04c2d653b2c3d6162c0d6889098b)
                - r-kernel.svg (RegularFile, f47ccdc8bdb6358e2e5394e49b78465e)
                - react.svg (RegularFile, 2f10ae5891ecfb89f89c5914799dc3ce)
                - redo.svg (RegularFile, 7bbf9d09aa2035040ca1f2f35e0e2f02)
                - refresh.svg (RegularFile, 84d61a769659a0145ad1fc735eb22102)
                - regex.svg (RegularFile, 2ad7a5de0b79aa668c8c14cb485d93e2)
                - run.svg (RegularFile, cf9006b2f7dfdc7fdf38b340bd84f7de)
                - running.svg (RegularFile, d262774399723d2691dffbdae3671681)
                - runtime.js (RegularFile, 773f69b05e0394bf447bbb5c4cdae945)
                - save.svg (RegularFile, b68a0d3ace027f15548ad2d03f7c6f4e)
                - search.svg (RegularFile, 16c5ae3506e18a35ba44a07f9de1f695)
                - settings.svg (RegularFile, e8a319a69cdd24bb2705f381ccfd5a97)
                - share.svg (RegularFile, eeae757e810ae2dd0e3b21cef6d45f0f)
                - spreadsheet.svg (RegularFile, a07a255e6284f523944d4e6fcbef18b9)
                - step-into.svg (RegularFile, 857ba3bbe973dc80fe45d28d74c1ca73)
                - step-out.svg (RegularFile, 05530c87dd6b3306a8081ac6f6d34ac6)
                - step-over.svg (RegularFile, 37ca1e137492d5e7368434cdfef34947)
                - stop.svg (RegularFile, 6a905c8ddfdb482f96fac3a4aaafb707)
                - tab.svg (RegularFile, 350f010bfdf310d0ffb65ba3a39519e1)
                - table-rows.svg (RegularFile, a7eec0c713fc3499e4cd0af44fb57d86)
                - tag.svg (RegularFile, 0f5bea933853fa202d2e4401e413d2dd)
                - terminal.svg (RegularFile, 134a9cf8b433cd0f59dc798d9b761705)
                - text-editor.svg (RegularFile, c2f74a2e7710234b9eadd2e56c841911)
                - toc.svg (RegularFile, 7ffaed7678b80849c81d53aec08daa61)
                - tree-view.svg (RegularFile, d9bb415f4217545d7e3c82036f75aa8a)
                - trusted.svg (RegularFile, a0f218c9b5d811a99d0a8589969c07cc)
                - undo.svg (RegularFile, a90c6b49d0adca0f46275f75854420ac)
                - user.svg (RegularFile, 8c9476a0ece50622e67243632318f49b)
                - users.svg (RegularFile, fb9c7ba8a9ed66242b2984dea1e25b7d)
                - variable.svg (RegularFile, d32ed99193da5c13aff091d050c55ae1)
                - vega.svg (RegularFile, d7597372dafbdee3ec591acd694f97b4)
                - view-breakpoint.svg (RegularFile, b8de078df8677dcbb15e07bad0d43c18)
                - word.svg (RegularFile, 789804e5429e0212ac24455eb7fac22a)
                - yaml.svg (RegularFile, a1ce731374ec6e582f8480dc1a62cd8f)
              - lib (Directory, 998655df5dca9304fddff262d84539ed)
                - jupyter-plugin.jar (RegularFile, 0d726fdfc992b9b553f6db7ed0daaf40)
                - modules (Directory, 6e11d35704cb485763eb9cd9b92543eb)
                  - intellij.dataspell.jupyter.customCells.sql.backend.jar (RegularFile, c40637a8717daebe6570aae22dee160a)
                  - intellij.dataspell.jupyter.customCells.sql.common.jar (RegularFile, 585ac4e431b923b074779ffcf62e72fa)
                  - intellij.dataspell.jupyter.customCells.sql.frontend.jar (RegularFile, 4fe3a775fcb0d20d99946659339abbee)
                  - intellij.jupyter.core.jar (RegularFile, 4e16e7262e00154e5783a78b7df2cec6)
                  - intellij.jupyter.execution.jar (RegularFile, 1788ca023d3178a282a7c033e0c64cea)
                  - intellij.jupyter.py.completion.ml.ranking.jar (RegularFile, aacb232f6ed68a5d5a2f31353ea43129)
                  - intellij.jupyter.py.jar (RegularFile, 7f1d86eb996187a17feadeed6efe5342)
                  - intellij.jupyter.py.psi.jar (RegularFile, 2992e2d3ee8b91cd3384f5f0c93c3156)
                  - intellij.jupyter.split.frontend.jar (RegularFile, 5fa7218e5daf3928466228499d8726b6)
                  - intellij.jupyter.split.frontend.py.jar (RegularFile, 8897ff66bb0ec8e14f2857cb93ba1ab7)
            - jupyter-py-colab-plugin (Directory, 7bad57bb3896f686d1c03fb05ad9c327)
              - lib (Directory, b7e31d49e5017ed7a4f928d5d6e00750)
                - jupyter-py-colab-plugin.jar (RegularFile, d1b2262ebeb6dbe6a76138b9d5703287)
                - modules (Directory, d3a5f48d199324012001cd48b1aedef2)
                  - intellij.jupyter.py.colab.jar (RegularFile, 678ce5325fb7c64be9e4043f8616449a)
            - karma (Directory, c0856ceb3a2a2ae70e218e26f190f5a5)
              - js_reporter (Directory, eddf1d932931a3cb2e0c7c58913dd82f)
                - karma-intellij (Directory, cdec58c4808e37323f5c3fca0e82082d)
                  - lib (Directory, f85016de0d69e5166d02a4ea646a2674)
                    - fakePlugin.js (RegularFile, 1f02fe4a10a39bb824b0d494d70745cc)
                    - intellij.conf.js (RegularFile, edcc801598d854d29b28a0deb02eead4)
                    - intellijCli.js (RegularFile, dd4ce216c45bbf2608c013f572687d59)
                    - intellijCoverageReporter.js (RegularFile, 406c19951e5c7485c89e3d65f7aa6548)
                    - intellijPlugin.js (RegularFile, 54a2288724e1d52374b7658f03c9676e)
                    - intellijReporter.js (RegularFile, 38a5406f998ad81b27153efb30174367)
                    - intellijRunner.js (RegularFile, 6270456e85ed9307ee97aca1b4747e81)
                    - intellijUtil.js (RegularFile, e64152c14248ffa6d028b7b7b4169353)
                    - karma-browser-tracker.js (RegularFile, 97594bb247e240d36dd57c3411087371)
                    - karma-intellij-debug.js (RegularFile, 747220ad3762c562ba6b17e81c407a09)
                    - karma-intellij-parameters.js (RegularFile, b78288b4c8b1ea560938bcedf3d6856d)
                    - kjhtml (Directory, cbc5faa8766414f5121bdefd9e3d510d)
                      - intellij-restore-specFilter-after-kjhtml.js (RegularFile, 2a4a5a9f44e6edd6ca5ccf08ddaf8a57)
                      - intellij-save-specFilter-before-kjhtml.js (RegularFile, 14d7ec2b38cadcc7bb4a38e3b8bb9bd1)
                      - karma-intellij-adapter.js (RegularFile, 3e541faa68a6da0d2aa2bdf073de981f)
                      - kjhtml-specFilter-patch.js (RegularFile, c2ab0d2cf1732490484636da6f5f85a7)
                    - ng-template.js (RegularFile, 0518c36040064fce48c753f5cecebeba)
                    - tree.js (RegularFile, 230456e0e5ed5500fb10e76f664f180a)
                  - LICENSE.txt (RegularFile, dab553ec4e01efe7623e37e96ff31faf)
                  - package.json (RegularFile, 858c78c1eee9c11da8d321819d19f2d8)
                  - README.md (RegularFile, dde19ef69a2057aac8b852750407578e)
                  - static (Directory, addd1ac8d493afc844c60b7a5b4d75b5)
                    - delay-karma-start-in-debug-mode.js (RegularFile, a0b1135462221250bbde4000118a054f)
              - lib (Directory, 9b752167d7f876499b5f205a16244058)
                - karma.jar (RegularFile, 0a5cad6741b11953c5fb05cdbc789818)
            - less (Directory, 3ca39dc572b12174630ee40f084a22cd)
              - lib (Directory, 38d52dda1a4e5573315a81180eb66b7c)
                - less.jar (RegularFile, a304b5bc387e45a5872ddd25db0c65ac)
            - localization-ja (Directory, bf9b46ebd9ca848a3dfbbbc16026c6aa)
              - lib (Directory, 3ec4e1efb44fff6e62fc40fc38dfc7f0)
                - localization-ja.jar (RegularFile, 1d1aa5cbe542db73ee47a121d40056b9)
            - localization-ko (Directory, 73335f838918026fcd167032e7f956f0)
              - lib (Directory, ccb51fa58c3030fa4ec326e16046b54b)
                - localization-ko.jar (RegularFile, 0dba3b47ee342c3623e2364722c502cf)
            - localization-zh (Directory, d9004816b3e0c627927bd6dfd860f96c)
              - lib (Directory, 382c2064af87953da555b14f90705249)
                - localization-zh.jar (RegularFile, 8396d39f0352b529ff772ae29d3508d2)
            - markdown (Directory, fd7db51625f14522e7c0263b6ecb7068)
              - lib (Directory, 85efc8917e52383a0f89250ad36442a1)
                - markdown.jar (RegularFile, c24df0c1ad3c1e583d00dae944075b98)
                - modules (Directory, 802cb7b29ba67e5d737febf1caaef365)
                  - intellij.markdown.backend.jar (RegularFile, 041e263a05f0b64153e7d08c25ef9004)
                  - intellij.markdown.frontend.jar (RegularFile, 4d0a465e7da798b52aea2309c1c663a5)
            - mcpserver (Directory, 984c97821eb50fa4a427124704b5b898)
              - lib (Directory, 71c5c1715878018e1b5be03d6e1e6691)
                - io.github.smiley4.schema.kenerator.core.jar (RegularFile, c8566d1cd6d441b7e7bc877877a5a400)
                - io.github.smiley4.schema.kenerator.jsonschema.jar (RegularFile, a8ffbbe34321da7262ac18f54a032507)
                - io.github.smiley4.schema.kenerator.serialization.jar (RegularFile, faa29b24fa2382e629f7084aca9c4153)
                - ktor-server-cio-internal.jar (RegularFile, 3e495e94fc067dffad19fcd176c7b0fd)
                - mcpserver-frontend.jar (RegularFile, ddbfd2ba81767c5b6c257f22500923e4)
                - mcpserver.jar (RegularFile, 8f06352a83a012f43d70b2c544272c8e)
            - microservices-plugin (Directory, 0c6a8b75e8de5f31ae1409b4d34e5d60)
              - lib (Directory, bb3f002073845ddf3d55f15b325f2b97)
                - microservices-plugin.jar (RegularFile, d1b75dbf529a43965a98f86db70dd9a9)
                - modules (Directory, 99783aa1aca293756d0ce5fa3b186f8d)
                  - intellij.microservices.diagrams.jar (RegularFile, f9aa28885ea4189b8ef632d89432893e)
            - nextjs (Directory, cfad22a4daa1d68d8577b475aa64f4da)
              - lib (Directory, 0e3f4e86f8878c4e3dbf0a282a5ba369)
                - nextjs.jar (RegularFile, eeab07ea071b6b3dfaa782e1930dbd3d)
            - nodeJS (Directory, 15285c44c0059025265f99840766ca3f)
              - js (Directory, dcf1447cead8c1c91411fe9db0de3dde)
                - mocha-intellij (Directory, 582e560d69ad20808bd829080e85d8b7)
                  - lib (Directory, 81fd916b5c26cdf4eff13c3cd7b0a569)
                    - mocha-intellij-stringifier.js (RegularFile, c91ad05363daabf63ab24809e3c11083)
                    - mochaIntellijReporter.js (RegularFile, 2e4df5d078516d2797e2da7b5e66056b)
                    - mochaIntellijTree.js (RegularFile, e44269501523a1b60222e89495e89f67)
                    - mochaIntellijUtil.js (RegularFile, 59732f20bdb4839d2cc01885de61a490)
                    - mochaTreeUtil.js (RegularFile, c4fc6550c5d2ac3546b426be8788a6b9)
                    - single-element-queue.js (RegularFile, 773909b1468a43a546dc2e57877221a3)
                  - LICENSE (RegularFile, 31267a55971b351eeff566c371dc26e9)
                  - package.json (RegularFile, 50ed742990f92560f8650c4624f22b6f)
                  - README.md (RegularFile, 0705aadddce724d6dd07436c73547d93)
                - nodejs-test-runner-intellij (Directory, e0eeaa695e7d8f4088112b1dc54bdcda)
                  - lib (Directory, 15490f25ef31ade25ed9e6e1b75b72a0)
                    - file-nodes.js (RegularFile, 24ef5a8a011dbb5b037abd0db0a01a76)
                    - stderr-collector.js (RegularFile, 99e5f70b1555257537e3fcf345710fac)
                    - test-tree-builder.js (RegularFile, ca11b20b8e81effe9509a9a32dc1aae1)
                  - nodejsTestRunnerIntellijReporter.js (RegularFile, c11c9bc98c2b315e1513d83a98b9e3db)
                - nodeunit (Directory, aa70d4b926af3b29dce56773b779c87e)
                  - nodeunit-intellij-starter.js (RegularFile, 4f1d9c1ef4cd861ed2015fe9f7a8138d)
                - ts-file-loader (Directory, 6aef33acc8518b9a062addb5879f612b)
                  - !HOW_TO_UPDATE.md (RegularFile, 8ee66091a3ae55061d5533f6eaab69fb)
                  - node_modules (Directory, d78161641d58394d548c91a4ad0f42b4)
                    - .bin (Directory, 3fd6ee873873ddd86ae6055a52b0f921)
                      - esbuild (RegularFile, 50fa324c97b78721d82d784075007918)
                      - tsx (RegularFile, e32e615eda744db40f938cbce1a6ccca)
                    - .package-lock.json (RegularFile, 92fef87d6cc82282f81bbdce348c19a7)
                    - esbuild (Directory, 3c9461d43dad464930ceba2b2d9540b2)
                      - bin (Directory, ecc30744258ac365c37c7f97f2961514)
                        - esbuild (RegularFile, 43cc7e9620942864f71ed57f9e4dfae6)
                      - esbuild.wasm (RegularFile, 1e8b8b0c12e9f70a44e4aacd9c19c331)
                      - lib (Directory, 7e15d33a25cb3171206aaeb07075e042)
                        - browser.js (RegularFile, 4328485b2f5ff37f759a604ff4accf34)
                        - browser.min.js (RegularFile, b621377fa2f7c03b17eac9fd127ccab9)
                        - main.js (RegularFile, 09476d836b7febdd17e7c8e64eed4ebd)
                      - LICENSE.md (RegularFile, 9c862817d0bf55fe06e62352be9b0fef)
                      - package.json (RegularFile, 324726f8e20059f645f0ba93132bd0dd)
                      - README.md (RegularFile, ffa523dbe5a68ec1d58e1333d563b7ce)
                      - wasm_exec.js (RegularFile, 8d02a40603c0aeb56c8f0f83059137db)
                      - wasm_exec_node.js (RegularFile, 2fb0ec17cc6ad9f386da45969b7b3f96)
                    - get-tsconfig (Directory, e08b74d4cce25a1d0fd5a5a5f681319c)
                      - dist (Directory, 1692e92c2696f73f609bc510212736d5)
                        - index.cjs (RegularFile, 9e2eb8cb6162ac8b1e2834591f699d71)
                        - index.mjs (RegularFile, d80aae5303891965730fd18e00fd7aaf)
                      - LICENSE (RegularFile, 4159ea992005f1360b7bda5469dc1c62)
                      - package.json (RegularFile, 848df47eef46953b1b32d8d24b222fec)
                      - README.md (RegularFile, b0ae2476f111a8e5db15fa83a6807681)
                    - resolve-pkg-maps (Directory, f7d11b1ad4ea10f826734a91e52d4676)
                      - dist (Directory, 050716a0e1c02537877e7a656c873dc8)
                        - index.cjs (RegularFile, 99baf6b4891627ddababfc665afe00a9)
                        - index.mjs (RegularFile, d14701a02142d0f08b6ed325531c0eb6)
                      - LICENSE (RegularFile, 4159ea992005f1360b7bda5469dc1c62)
                      - package.json (RegularFile, 17348208611b1ec6403632f2b04e15be)
                      - README.md (RegularFile, a90357b20b4982980d0ab2d6ef8056d7)
                    - tsx (Directory, d93b495796603aae7c0e1233398b204d)
                      - dist (Directory, 45869adf09d8b783c1bef8ad8660555d)
                        - cjs (Directory, b45a7d049943096e80a46d106589705a)
                          - api (Directory, 6ee0099af56077108e27cad50d30c395)
                            - index.cjs (RegularFile, 97caffdc1092f1a7db072f75f4c43b19)
                            - index.mjs (RegularFile, 59caafe9586b6c680176c28c63fa76f0)
                          - index.cjs (RegularFile, 0420008128bda3401f3873236447cd5c)
                          - index.mjs (RegularFile, 172ffc3a880dd45cfcb0362d10979868)
                        - cli.cjs (RegularFile, d6b476e1d93c7eb3ff54d7e4c9b926c5)
                        - cli.mjs (RegularFile, 0b8a2931797b30ebc2e2767f6135c763)
                        - client-BQVF1NaW.mjs (RegularFile, b086db95ca3832f6f11d6ee9a976206d)
                        - client-D6NvIMSC.cjs (RegularFile, 66f127cd58f63df93f5b6470f8858925)
                        - esm (Directory, 4ff9e87565df4fea77decdaa29edbf96)
                          - api (Directory, 6af2c1433811a3333b1dd3a93d2ff5ec)
                            - index.cjs (RegularFile, 348bcffcd8787ef484543c5a9a9d1b48)
                            - index.mjs (RegularFile, 53ee70087a86e9c3e7c4d6a25ab49a2e)
                          - index.cjs (RegularFile, 73cdbd386422d07c03aa9c9c516e7b32)
                          - index.mjs (RegularFile, cbc689d51ea3440cdcd7cfdd9d8965bc)
                        - get-pipe-path-BHW2eJdv.mjs (RegularFile, da93ad25d53e9a5ae06264d1f398b1b9)
                        - get-pipe-path-BoR10qr8.cjs (RegularFile, efb75c1ec2d0f687ae074631700d7d87)
                        - index-BQiEz0On.mjs (RegularFile, e1f2d759e05ad85964d02f048031a1ab)
                        - index-CoHsQGpm.cjs (RegularFile, 75f1e2b5fc7076091fab88668f61d4ab)
                        - loader.cjs (RegularFile, ab2dd9539014da9d1a41fefae90f3caa)
                        - loader.mjs (RegularFile, a7fc99124be96b4aa87b0ccdf1c00040)
                        - node-features-_8ZFwP_x.mjs (RegularFile, c520fd69452b9cf1ba101a37fdacf0c4)
                        - node-features-roYmp9jK.cjs (RegularFile, 2778fbcabc8b1e9d115719d9e5beec80)
                        - package-B-S26rrn.cjs (RegularFile, 5075acf5d0203ec288534be53a001303)
                        - package-BNmptNwA.mjs (RegularFile, 5cdf444f23e8c2b6e3062760baf44c20)
                        - patch-repl.cjs (RegularFile, dc6c25274126f73fa74e3742d15f66b8)
                        - patch-repl.mjs (RegularFile, 6eb6123e8563ba96cd3af8e8e775404d)
                        - preflight.cjs (RegularFile, 15c221f7c20d19ff7b2ebb89f7b2cd06)
                        - preflight.mjs (RegularFile, ee8a28230dfb798f6336ebc85a8dee34)
                        - register-B9EPB0EL.cjs (RegularFile, 0ecd04302192c99cbe001dfd957de88d)
                        - register-CFO5XQXL.mjs (RegularFile, c6edd54f053701bb33f5c7e8962fef3e)
                        - register-CsuuwcV9.mjs (RegularFile, a993a9cccc6e5d943453f2f8e0adeed9)
                        - register-DfubRCxM.cjs (RegularFile, b19ff560fc747010b9ba6643f33d5df4)
                        - repl.cjs (RegularFile, d87fb6f75dfb08c4ba52297e3f2b6fa9)
                        - repl.mjs (RegularFile, 89ee03386258246d7432747e77b1da88)
                        - require-hTKgXWXb.cjs (RegularFile, cb639b7fa120e7aaa3785b3791267c71)
                        - require-rRRMitBV.mjs (RegularFile, 96fee08e3d908fc801f540fa65640f42)
                        - suppress-warnings.cjs (RegularFile, fff9c4e860fc07be17a1d0e778d4ce02)
                        - suppress-warnings.mjs (RegularFile, ea22d9115f785437cd27917b63f8f0ac)
                        - temporary-directory-B83uKxJF.cjs (RegularFile, 2a9902bc1647a6764e8e1ff1ac7747a8)
                        - temporary-directory-CwHp0_NW.mjs (RegularFile, 81b7c13ad3c74b7d57e228b5619d6073)
                      - LICENSE (RegularFile, cced8cae46bbf6c31f57e1e1d21c2490)
                      - package.json (RegularFile, 39cd870f79b0788a226d691e9e71dcd8)
                      - README.md (RegularFile, 9f6cf49ad8b0a52cba058b8111ca94ec)
                  - package-lock.json (RegularFile, dca345a2f419762ba8efc30cd85c76c3)
                  - package.json (RegularFile, 1ac4edf26a9ab27264b03daa4c5ab46a)
              - lib (Directory, 1e6d92ef95a31b1b245431acd9764a70)
                - nodeJS.jar (RegularFile, 9f2a3bb06c314e1791d1229e310bceb8)
            - nodeJS-remoteInterpreter (Directory, f84d79898bc55b8319fee9d531cb7387)
              - lib (Directory, 072de58699c8cf5ab4ef4b33245ec67b)
                - nodeJS-remoteInterpreter.jar (RegularFile, 0e17ce7c3d3a4d5a6373c7d9b77c7683)
            - notebooks-plugin (Directory, fc600626b95f3848cc9e6004775be2eb)
              - lib (Directory, a8178488858544f36b9dc09771f5c6d2)
                - notebooks-plugin.jar (RegularFile, 9338868b47bd8102a934a898844bef9a)
            - performanceTesting (Directory, 107d74276abe7556d7a2be439735e721)
              - lib (Directory, 35bc3e0bf97a4dbaced24e36509d7503)
                - assertj-swing.jar (RegularFile, 13394951662a07185549beb003d6920d)
                - github.oshi.core.jar (RegularFile, cdba0608a610b1ff6332f134dd3e897e)
                - modules (Directory, 2b84b11f8ce464b33363187f07c9b28c)
                  - intellij.performanceTesting.frontend.jar (RegularFile, c30175a00f6670546766ba0dece3b36d)
                - performanceTesting.jar (RegularFile, b6bc0dd20743a4b3ee41a1485ec1d2b7)
            - performanceTesting-async (Directory, 85b42caced01913b21f124e2d3e66049)
              - lib (Directory, 0f0a0d10798d5bbb2c60067402f171cd)
                - performanceTesting-async.jar (RegularFile, 33396e1ce51ff986c6d08efe005ba8e8)
            - platform-ijent-impl (Directory, 5a4cbca6fc17df011a27ab17706f1a0b)
              - ijent-aarch64-unknown-linux-musl-release (RegularFile, fe83e3eb8cc9ad16072bfa5d8daaae16)
              - ijent-x86_64-unknown-linux-musl-release (RegularFile, 0caa91a38e44f7cac40a9bb7777279b4)
              - lib (Directory, 504859f7ea8b6a2c387c5e59e01e5b7e)
                - google.protobuf.kotlin.jar (RegularFile, 915a88379ff144030644ca84280e340c)
                - platform-ijent-impl.jar (RegularFile, c5ca59371d8051369010646439d537e0)
            - platform-images (Directory, fdc66075ec8b7e382f1d9ad79b1d07a3)
              - lib (Directory, e97170c971710ad0ce9705fbef906570)
                - modules (Directory, 678e9da0207bc0554d62f940b795d5e5)
                  - intellij.platform.images.xdebugger.jar (RegularFile, 39a1142150b9ad9ada48acc9eaf4fe3b)
                - platform-images.jar (RegularFile, 830d939187c85599d9d6894a19e88dc1)
            - plugin-classpath.txt (RegularFile, b77a3822aadda667580409f49c23c2e3)
            - postcss (Directory, 977e41081964b0f9a0585b2223174e64)
              - lib (Directory, b048da7948ee1d23d97ad5d30766403f)
                - postcss.jar (RegularFile, e99e50249f32bd873a16a45332585b8f)
            - prettierJS (Directory, 09d21712f33274ac79e8c11a74f2fc27)
              - lib (Directory, d279787ccee00cdb954e8c01a1231199)
                - prettierJS.jar (RegularFile, dd2d6921e1cc389227186210b715bef7)
              - prettierLanguageService (Directory, ece5c5b3b5fa6dbd112e6106f44f8133)
                - convert-prettier-config.js (RegularFile, d1636f90222e12e7b5505c4537e07703)
                - prettier-plugin-provider.js (RegularFile, 4ed6ac33d16bbf83e4126b47e18b5a9f)
                - prettier-plugin.js (RegularFile, 55c2aadba81d89874b6f4607e1b11df6)
            - properties (Directory, 7aebbdb49e64ae96b46fa8281f19f9a6)
              - lib (Directory, ce1703ec01ef9a2d1dac5fd67ffee1b1)
                - modules (Directory, 03eca732ebdd122950c16dbf891da20f)
                  - intellij.properties.backend.jar (RegularFile, a228a824b334d44491aba1722d41293a)
                  - intellij.properties.backend.psi.jar (RegularFile, a4ba7e4d1f073d1dce9f36b1a82c47df)
                - properties.jar (RegularFile, 6661843a32cec1e2c3ff67aeb50c18d1)
            - puppet (Directory, da2c9c79393205e16f72159907567807)
              - lib (Directory, 7d428506e421f7fc2e2b02172ad0543f)
                - puppet.jar (RegularFile, bf3ab6ad914b3359ba104eee7c20da34)
                - stubs (Directory, feed1d03103fa3de4f64582cc6c73d3e)
                  - builtin.pp (RegularFile, a50393de8948fdcaf7f0f20eb41ad55c)
                  - builtin_variables.pp (RegularFile, 7ea1e7b07d485d2a3ef9586ed418fcc5)
                  - stub_functions.rb (RegularFile, 93d15e07b93a65eb7dc76e42b7c5f57a)
            - pycharm-community-customization-shared (Directory, b247606e6abc345533f29bf02eaa4985)
              - lib (Directory, edeb1e894a9ee6d663eeb0d10446d499)
                - modules (Directory, c233a2cc294e73d579f8bbb30237cfb7)
                  - intellij.platform.ide.nonModalWelcomeScreen.backend.jar (RegularFile, e3efb687217a14b81c9a2d068099ab86)
                  - intellij.platform.ide.nonModalWelcomeScreen.frontend.jar (RegularFile, 9502094e2d2adb7dbeef9d1b2536d72d)
                  - intellij.platform.ide.nonModalWelcomeScreen.jar (RegularFile, 37c766bddbbe94a00bf51849d2489b81)
                  - intellij.platform.whatsNew.jar (RegularFile, 37a6f3485f8ae5dea6eaaec5de70092c)
                  - intellij.pycharm.community.ide.impl.jar (RegularFile, dde13d5e71984815503805fd2bc7ca31)
                  - intellij.pycharm.community.ide.implTraining.jar (RegularFile, 69739acb34fa4494b58f3360f0b775aa)
                  - intellij.python.common.frontend.jar (RegularFile, 6b8f2ada9f100eead799979cd6f2a052)
                - pycharm-community-customization-shared.jar (RegularFile, 79ee809882c61e32cbe2a20284eff987)
            - pycharm-pro-customization (Directory, 98c2ee92717d602ab95415eee8b7c644)
              - lib (Directory, 62faabedbb7112001524420d579604fa)
                - modules (Directory, 4991f374938fa2d21b067ea7e493f260)
                  - intellij.platform.trialPromotion.common.jar (RegularFile, 57974b77d7d49996755bee2f4f6549dd)
                  - intellij.platform.trialPromotion.idesWithFreeTier.jar (RegularFile, a31f93663e5db15f898413cabe239d13)
                  - intellij.pycharm.pro.customizationTrial.jar (RegularFile, eb4caa971fc8c52ae220e109e475145a)
                  - intellij.pycharm.pro.surveys.jar (RegularFile, f0da9480993a0392c10dbc1a1481ba3a)
                - pycharm-pro-customization.jar (RegularFile, f4dee00a32dad5de79688ff1b4e8df64)
                - tips-pycharm-pro.jar (RegularFile, 3c092f05236c8df4f0dfe41e7924ed4a)
            - pycharm-pro-sharedIndexes-bundled (Directory, fe211cd12330d209cfb6e4c1896af385)
              - lib (Directory, 07f6d158209af01cabe2eb759aa3aa6b)
                - pycharm-pro-sharedIndexes-bundled.jar (RegularFile, a445f9bcd7a59829a069ae9e874ce42a)
              - python-sdk (Directory, 1de039631c5231f67a00d3522c8be2d0)
                - python-sdk-2653e85de345-6d6dccd035ac.ijx (RegularFile, 9150c956e8fea107975682af91eb2ef5)
                - python-sdk-2653e85de345-6d6dccd035ac.txt (RegularFile, 2dfc49baf785e1349a67f1b3dc5e333a)
            - python (Directory, abc79468983a6eb15e4c3e5fb7795e50)
              - debugger-eggs-output (Directory, 091f56b39230dda320221b78d1e6fdb9)
                - pydevd-pycharm.egg (RegularFile, 90898c2e18ca444def4e6221c8976df1)
              - helpers-pro (Directory, 6d3d79b17a27458b64f23250d4189b9a)
                - pydevd_asyncio (Directory, ab098cea783c3dbacca0fd1142b73956)
                  - __init__.py (RegularFile, ac002faedbdfacacab9ebdb61e7fded9)
                  - pydevd_asyncio_constants.py (RegularFile, ad24399fb183138c20c25c12cc0fdf7c)
                  - pydevd_asyncio_utils.py (RegularFile, 8bd729d3a33942f90e17db1abf70e0b2)
                  - pydevd_nest_asyncio.py (RegularFile, e9e4162a6f4fe8b2b260b2971e501c69)
              - jupyter-web (Directory, eaa5148d1b6653a33f74b05cc3ff1fba)
                - 1014.js (RegularFile, 9a46592fcc88352865f7d8e9fb1ce390)
                - 1029.js (RegularFile, ab789275a76fca68a65f23ce4ce1742c)
                - 106.js (RegularFile, d01b00fd27a7863cf9685ef65299ca64)
                - 1193.js (RegularFile, fc1fab03b3c59480bfa0caad0997cad9)
                - 1280.js (RegularFile, 41181ac1ded2c6c1535299ddf8ba16bf)
                - 1307.js (RegularFile, e17fdb0296ef65e6f12d7f5b1e56904e)
                - 154.js (RegularFile, c7ef3ae4984300cd2acb177b8aa8e260)
                - 156.js (RegularFile, 3086ee3b30f300eccba7cc98cf0e3a2a)
                - 1570.js (RegularFile, ddb1759bb88e94529ca72f7c1969d385)
                - 158.js (RegularFile, 922c27c2e80ceef048cb2b1b23da9ed4)
                - 1644.js (RegularFile, 802c73dfd19075e9db46bff96271d94f)
                - 1753.js (RegularFile, 064ad15398fadcdc8e6702bc591f5922)
                - 1797.js (RegularFile, 2e771b440f433887885e54b4ae7ef03e)
                - 1811.js (RegularFile, 4b50327516a9239a5d0495f180ef807b)
                - 182.js (RegularFile, 387fc6d38458edde65649fe3df47bbe0)
                - 1985.js (RegularFile, 2a858fe8de9ee4715e8f749354157a5f)
                - 2023.js (RegularFile, 900dfad4730a11b4f024a53396059927)
                - 2173.js (RegularFile, 741e6ea73e5f72de6e285f127c4b1d07)
                - 2200.js (RegularFile, ffe77829070783efc488f7d18606bf9a)
                - 2205.js (RegularFile, 43f422bd79f5a92e663dce75682ae150)
                - 2248.js (RegularFile, 3f7c8ddba6cbc07a3faf77eadd76a615)
                - 2484.js (RegularFile, 2854d847e573230c8cc0726a4c309da6)
                - 2530.js (RegularFile, 95f6b61b1954453732cb1d668718ae14)
                - 258.js (RegularFile, 82a105a1a4e1a0e10cfd2de3ad757024)
                - 2587.js (RegularFile, a258bac4c80acd3e8dafc93107f23258)
                - 2588.js (RegularFile, 55b6495e57e7f9aa157f0ba332662e4d)
                - 2671.js (RegularFile, d06672fdf86a1e4d0b69012b455c48ea)
                - 2805.js (RegularFile, 27a5afdb3678b748a71a7073b31e6d6b)
                - 2900.js (RegularFile, c51bca4dd05f7b254a07fdc0a08b6fd3)
                - 2914.js (RegularFile, ff468620b9c5d1a9c48592ce7c007eee)
                - 2933.js (RegularFile, 203a379e21d1c1cb25cff0919ceede6b)
                - 2966.js (RegularFile, 9ff032d1ac611761164546fff5599308)
                - 3021.js (RegularFile, 851f8f7b4a22c1fe2ad3a3b423a66eae)
                - 3101.js (RegularFile, 31b7626dd94704233be7fad4538e0f14)
                - 3107.js (RegularFile, b2cd7d372267469583af3f1ad60ed911)
                - 312.js (RegularFile, 9002b23256bea06db7fad519b4d10b2c)
                - 3140.js (RegularFile, 5b487ac45b07ed249663b268863efdeb)
                - 3175.js (RegularFile, 473bff7b74c14a535a589b775f8dc25a)
                - 3196.js (RegularFile, df34f3103330234a67efd47e01ce889f)
                - 3229.js (RegularFile, 784992506441f41a01f10649a5ba2b0d)
                - 3350.js (RegularFile, fbea20a35c89a450f2016b8dc45c8d1a)
                - 3352.js (RegularFile, 1587cefa61dfb2486328df22e01ff5b3)
                - 339.js (RegularFile, 879bf23c3358203b203482162681b923)
                - 3456.js (RegularFile, 455f600d6c66e63fab1bdd4d62592f41)
                - 3464.js (RegularFile, 4581e006a1f67044c1d963b6f1e47e1d)
                - 3546.js (RegularFile, 179158ded58aaeca3460578bfc632f30)
                - 355.js (RegularFile, bd0dbe07b3529954fe3e01984eb174db)
                - 3553.js (RegularFile, dbdfd6156425ef5bfff845c255a992df)
                - 3555.js (RegularFile, bcd77eec017546b0d1f712d003c5939a)
                - 3592.js (RegularFile, 14978ffdd8fdeb00bdb163a7a8291b5f)
                - 3641.js (RegularFile, ffb21e1fde3af102bb2202eac9edca6b)
                - 3737.js (RegularFile, 81aab644bf94512d8e8874952cec3456)
                - 3763.js (RegularFile, e5efcd8020d24f8ab0f101b4a037b489)
                - 3788.js (RegularFile, 44dc5351d54a5c38b70ebbe03b79dbff)
                - 3818.js (RegularFile, 306fbe6116322b05743c3587c7376419)
                - 3826.js (RegularFile, 32e48b01ff37f32beb7785afc61de17c)
                - 3891.js (RegularFile, 52e6a46ca7e89083eaf0f8d4d2b3ea5b)
                - 3993.js (RegularFile, 70fe1033b659442a8f5f95ac8501a517)
                - 3rdpartylicenses.txt (RegularFile, e35df68d39de37962c211ed485e15978)
                - 4095.js (RegularFile, 1382920d94e2a8298223df03e7dc487e)
                - 4195.js (RegularFile, 703fb962e42f0375ebde2f26d9f0b187)
                - 421.js (RegularFile, e18953c40d2043e81b622caf10587b5f)
                - 4215.js (RegularFile, 10f3641c719f3fbdf2c266a122e4bc33)
                - 4374.js (RegularFile, 71aa182156c3c0774e5292c7eb47cc5c)
                - 4390.js (RegularFile, 3fd2cbf2461430ba1af160f4dbf6d46e)
                - 442.js (RegularFile, 13f9f822f0a4103df83977c3b6f5ba89)
                - 4450.js (RegularFile, f2f3d346fb5410d587c0bd271bfc0b9f)
                - 4453.js (RegularFile, da1a44c8fb54724e0acf38e98543b3e4)
                - 4462.js (RegularFile, ad56c8894e52726907310cc770433d45)
                - 4531.js (RegularFile, db436a64265796dbea9ab01f3bf39e2a)
                - 4542.js (RegularFile, 30e1753647755bb4f56ad9dd25dcc956)
                - 4704.js (RegularFile, b92abfe2f2dad213fa56f8b2212b3af6)
                - 475.js (RegularFile, 22517050655d5a4aa7067af5298cb5fb)
                - 4780.js (RegularFile, 0d652bee24d93cd4d662567002c1d002)
                - 4878.js (RegularFile, 49e46c1b703b30d6d7e540124555427b)
                - 489.js (RegularFile, f8e79ca5f31e4510457b1d7596943e46)
                - 4920.js (RegularFile, 01e36eabcf8faa40e51f57de6299d5f8)
                - 4945.js (RegularFile, 6a5578ac3a1cb09d8b5ac571afac5afb)
                - 4947.js (RegularFile, 6eb7e7943ebf0345b73286f1c984a7e1)
                - 5006.js (RegularFile, a64c574cd6bfd88d8b91aa5c48a1e39d)
                - 5051.js (RegularFile, e47309646aa783f4061b94606d6cee54)
                - 5145.js (RegularFile, df4c32ec943f346e404672fa2cc31376)
                - 5235.js (RegularFile, cecb5cebcf3000d8e61bfcf745f10eb4)
                - 5327.js (RegularFile, 95c0fe0ef6f58bd61d78b6b17ba6fdb6)
                - 5340.js (RegularFile, 2b442a962e8964f5a00d0d0e2ad13eca)
                - 5425.js (RegularFile, 5e94bcfe7266888b0b1ddadecd2e9898)
                - 5433.js (RegularFile, 379d29ab3d27a4dd6cbe4860f1f35bd3)
                - 5446.js (RegularFile, 1a4e05d78ecfbf5eac42aea3722586ed)
                - 5540.js (RegularFile, caf81a72209e2707751bb62ba96edc76)
                - 5550.js (RegularFile, bd8013a298ecf3f0db19922f6a6c4326)
                - 558.js (RegularFile, 0eb9644487a0637ffbb7d90f922d4035)
                - 561.js (RegularFile, b13d5d0af8146bd5c88fb9b468c5c1b0)
                - 5676.js (RegularFile, 712be5d29c1b8cbb1802a709a312e950)
                - 5726.js (RegularFile, 545a56eaa17c59f01a7ee4044035dcbf)
                - 5728.js (RegularFile, 56a048c4ae2ccda7cee1096ee8ddf55f)
                - 5776.js (RegularFile, 150bf509d2d6f75dda32f822a94ae94c)
                - 59.js (RegularFile, 28585cbc464fe5741fa5797da10d0ffd)
                - 596.js (RegularFile, 10b1fce80f2620719f3c9d7aefdd7250)
                - 6039.js (RegularFile, 250789ec16eec9d60e3c9662f720c518)
                - 6071.js (RegularFile, 1dc6f157c69d5d772eddd1c096a74953)
                - 6219.js (RegularFile, 5d020d068cc9a338e9f0c179d472f03e)
                - 6230.js (RegularFile, f9d9eb17746748b210f4fccdf5bbf0bb)
                - 6333.js (RegularFile, f079cb25f00ef9f0070431872fee7b54)
                - 638.js (RegularFile, ecebd81c60ead7e1584287ba4875a0b8)
                - 6408.js (RegularFile, dc2a86bd5a94ab15bbe86e923ab00d8e)
                - 6519.js (RegularFile, bb2da72a45b3105e7baa7d95600144e9)
                - 6540.js (RegularFile, 84c085fc79efc8c92b2a55319eda50af)
                - 6550.js (RegularFile, 52ef6e5d4170f66d1617444ebcc1461e)
                - 6608.js (RegularFile, c525d4620f050fe1b3fe95eb3eac95c1)
                - 6633.js (RegularFile, b9187166d1fde8105f3b32512dcd5f43)
                - 6679.js (RegularFile, 8532daab5a3dcf10a3eebc58cf19c6cf)
                - 6750.js (RegularFile, 3c060e4f7cd66e03b54d38c4d3a8659a)
                - 6825.js (RegularFile, 3c61f20eeed3c309324d2b6f8491baba)
                - 683.js (RegularFile, bf0e31be5c85408753149f2525cc0575)
                - 6848.js (RegularFile, 8596b21cbd12a744beb47104c37b3afa)
                - 6869.js (RegularFile, a8360cce31e44b8a001acd656d1e7d0f)
                - 6932.js (RegularFile, 29d21b31e40fef98a4e9b53f1da9453e)
                - 6953.js (RegularFile, 55ee8b3946fd6ec83dfa5a67d5a105e2)
                - 6964.js (RegularFile, 122a96b01ce0d82b28e3ac008dfc2f37)
                - 703.js (RegularFile, e2466450cc102e0380536334f0c6fe4b)
                - 7148.js (RegularFile, 00c98b7b9ec97d573f7ff4a0026fb8d8)
                - 734.js (RegularFile, 2a3e48f8a7cca48fd1c6bc5ea2b0e4d6)
                - 7386.js (RegularFile, c3d233a4681d6d157e7c03991b5d9702)
                - 7391.js (RegularFile, 4387ba9009dec0aa31fe5a8b70aeb49c)
                - 7409.js (RegularFile, 89c5071a428f7014ed71dbe40b76ad36)
                - 7510.js (RegularFile, ada9f0c264642ac1c4cb884d6ecc19a8)
                - 7557.js (RegularFile, 1c935951c336fe567e445192ef57a7b6)
                - 7615.js (RegularFile, 9bf88d35f33a299a18eb19147fe92f42)
                - 7697.js (RegularFile, 7d7164927e029729d0edd26d19b614ad)
                - 7707.js (RegularFile, bee40cb844602ed11577ce3ad7b6fd89)
                - 7807.js (RegularFile, 502582537cd9e49b9443113fe224a2c9)
                - 7820.js (RegularFile, f6e021a7e88035a70c0794db6ee79b22)
                - 7847.js (RegularFile, 417f6310c11eb101f08e68b7af74d164)
                - 7869.js (RegularFile, f517e540b71e4b9ad96d89d7a79c6fd0)
                - 7936.js (RegularFile, e67f3cbaedbfa17d71dce2add6777678)
                - 8005.js (RegularFile, 0103b51dc7ed18bd1c623deaf7ab6511)
                - 8029.js (RegularFile, cdc753a6d6d2d674d96e76cf15ea78fd)
                - 8051.js (RegularFile, 8958588d5eecaf03ef295f6817c1f061)
                - 8067.js (RegularFile, 09bcf0f36e326fe95347171d255c4d17)
                - 8233.js (RegularFile, 2f7737021d14069ac5c2c718a0a89c51)
                - 8331.js (RegularFile, 2828b72bc8b7923ed5ca4d74d23ad6b8)
                - 8399.js (RegularFile, 11dd62a48fc1ac23a13905b0dc49d05a)
                - 8442.js (RegularFile, 7acf3c2e16abeb1879c9191db7479e8c)
                - 847.js (RegularFile, bc18c921c1de238b931bdd722045222b)
                - 8533.js (RegularFile, 88be837889e6448be3ebea9edf3a6239)
                - 8596.js (RegularFile, 45cb6e8b987ebc72bcd3330cbf04bc19)
                - 8627.js (RegularFile, f80b6daad8bc98dc7974f461bfd7d049)
                - 874.js (RegularFile, b09bd1c8f204637b9270460a859ed953)
                - 877.js (RegularFile, 520fd5cebdbb108da3924419f86e5af0)
                - 8780.js (RegularFile, 5f4200cac9fd47036ffc9310539f5dae)
                - 8786.js (RegularFile, debccccb3f33da98c2645e065318a19b)
                - 8920.js (RegularFile, 58200ed2c03515a6c87ab9a9016eb33b)
                - 8936.js (RegularFile, f360921ddf44066ecbf73e7a3fe2d5a1)
                - 8988.js (RegularFile, f45fdab473a193171d414e10725792ee)
                - 8993.js (RegularFile, 6b1adc5c866650e5fc897776a3aff8b2)
                - 9029.js (RegularFile, 613e2e13468aa8928e8eddf5179bea8c)
                - 9068.js (RegularFile, fda835755aae11a6b9df08ff07636c21)
                - 9094.js (RegularFile, 7b49d27f3fb360f6e4b07051d2011459)
                - 9110.js (RegularFile, 43fac12d04085dae4baea9035fc77459)
                - 9187.js (RegularFile, 0b509b5dbea67b97a7527372ed700738)
                - 9221.js (RegularFile, 6aad2c620d541b33ca534b323e703296)
                - 9307.js (RegularFile, 91452d1d5d56607d385bd0cdac24dbb5)
                - 9346.js (RegularFile, 2ac9ab0e55aa5d4dfeabc51f581ff46b)
                - 941.js (RegularFile, ea9d90ce87151a3839eb45e6c01a50bb)
                - 9514.js (RegularFile, e4bccd9b4cd0853b351ac4b2c818e56a)
                - 9631.js (RegularFile, 9998233389301a8cdeae86fd19cf5e4e)
                - 9639.js (RegularFile, fe77718ca20552c575dfe556263791b0)
                - 978.js (RegularFile, 2d31502cb746de0e4b089e474ff9e8ef)
                - 9785.js (RegularFile, 416ce00d27c4de56aae50b4d3385118e)
                - 9836.js (RegularFile, 5350f6fa427d6a58dcb32514cdd59211)
                - 9856.js (RegularFile, f7a48616aeea2d500f2502e9ece7b745)
                - 9880.js (RegularFile, 27482bf64d1811ca855f8739271311a3)
                - 9960.js (RegularFile, e1e81d048cf8be1374613d6a146f2830)
                - 9967.js (RegularFile, 06d8d753ff3a37fdece1db3fb0c6aab8)
                - 9980.js (RegularFile, 444db5fd92fb1f22aead35c1428cae51)
                - 9996.js (RegularFile, c60aac10830578cae67e75589ee01109)
                - add-above.svg (RegularFile, 06ce33f25bae7f398dac0d3b457ab13d)
                - add-below.svg (RegularFile, 3f3023784128da784817be96b43fecbd)
                - add.svg (RegularFile, a900da756dd10f40967b57a6bff2cc9e)
                - assets (Directory, e816922c9c1ebe612e9587f59e81bb07)
                  - webfonts (Directory, 7ee5e51b25294069ccd7f3e178536376)
                    - fa-brands-400.eot (RegularFile, a42a86d3a0e5612d85793a105b302a19)
                    - fa-brands-400.svg (RegularFile, 0f50b92e994df7ce1fe4ad7479365245)
                    - fa-brands-400.ttf (RegularFile, 850be751b397ad48a10bb8a5cccaffe4)
                    - fa-brands-400.woff (RegularFile, 65d557b7f69f97f8de671b88ea7bd48f)
                    - fa-brands-400.woff2 (RegularFile, 3a7bf7c12f2772b03fd008bbb4d3e7b0)
                    - fa-regular-400.eot (RegularFile, 69509f75a959823ab8a879d3675ab657)
                    - fa-regular-400.svg (RegularFile, 75f4ec2029f364f6467c57ba6e0acd51)
                    - fa-regular-400.ttf (RegularFile, eba46cb4cf74d9969f552d77f6e7809d)
                    - fa-regular-400.woff (RegularFile, f43194aa428d11425da8757940786e9e)
                    - fa-regular-400.woff2 (RegularFile, f366dcdb2c54ce0152633826b667513e)
                    - fa-solid-900.eot (RegularFile, c6752d5a127c70a64d32fc12293dfbd2)
                    - fa-solid-900.svg (RegularFile, cb6020bfd159321e7367da86a795b621)
                    - fa-solid-900.ttf (RegularFile, 75370e02cbd238e0551c3b6d88641100)
                    - fa-solid-900.woff (RegularFile, 6878115923e068b0144852a8d846719f)
                    - fa-solid-900.woff2 (RegularFile, 8d186ca852a65cc456c7ce30e4d907d9)
                - bell.svg (RegularFile, 162e92b85ed2265f6f6036f819b50a54)
                - bug-dot.svg (RegularFile, 0918605d9cda32091825569948dfd94c)
                - bug.svg (RegularFile, 8ef0ea022c7138d84fc65226d7931f11)
                - build.svg (RegularFile, 3ab18da68c15b0f5a4dac72a1eff5d2d)
                - caret-down-empty-thin.svg (RegularFile, d6dc0db9008ec752a6a114807b1f8eb0)
                - caret-down-empty.svg (RegularFile, b2f61b307b12c065e13ac0d48fb42906)
                - caret-down.svg (RegularFile, 42d308043dba5892a5a610b174dc2627)
                - caret-left.svg (RegularFile, 392ac27afd5a44763c4ecdec0714f0ff)
                - caret-right.svg (RegularFile, 29d8d4765c803cfcf3c1fda1c65c91ba)
                - caret-up-empty-thin.svg (RegularFile, f7154d595bcdbe4bf6f6fc4c9dc83a0e)
                - caret-up.svg (RegularFile, 8a9507ddb07d3ec9ed834ffcad0139fa)
                - case-sensitive.svg (RegularFile, df74a7868144a1f6f9da33a8d5a81f0a)
                - check.svg (RegularFile, 11317276d2f822abe7de6314180f2dc9)
                - circle-empty.svg (RegularFile, 951fafbdd2ba33a694ced0b560d23325)
                - circle.svg (RegularFile, 607f2c2e4357d48be486d5dc0c7f09c4)
                - cleaning.svg (RegularFile, 36656601c1639b9ead2d9933a5a727d3)
                - clear.svg (RegularFile, 556cb71c47e9a1a3389d71e8a23ff4a7)
                - close-all.svg (RegularFile, f30f26c9e89e5bbcf224f1435007faf9)
                - close.svg (RegularFile, 228461d84abdb03d728765b31daad1fa)
                - code-check.svg (RegularFile, b6739201eb52c3c45e76bb8a71054eba)
                - code.svg (RegularFile, 9f35fc14a0e34b2ea62773367e50533b)
                - collapse-all.svg (RegularFile, 461641a4ddcb48b58e346d48c7169d5f)
                - collapse.svg (RegularFile, c8351347a95ccf085587fa6bd6190b9f)
                - common.js (RegularFile, 6b093ab7145a3457c94812519e81d532)
                - console.svg (RegularFile, 08250f07622918398c4d0f08eec2faa9)
                - copy.svg (RegularFile, b48de339a2a4750bf272530f84de4757)
                - copyright.svg (RegularFile, 0be3b860f3af0dc305d9de662ae884dc)
                - cut.svg (RegularFile, ebd46d3d984258deebd9687b3e14ff4d)
                - darcula-new.css (RegularFile, aedab6ddfa694d6f99bbbd4fb64c7d7b)
                - darcula-old.css (RegularFile, d017763237858e8d114ecc5d49dc53dc)
                - delete.svg (RegularFile, 61fddc0b1cd63498349141ff7f303411)
                - dock-bottom.svg (RegularFile, 13b7e4485706ddbf169c278c90e905a8)
                - dock-left.svg (RegularFile, 73d2ab3cc099e27e7c625c262740d5cd)
                - dock-right.svg (RegularFile, 749adcc6fda97f41a5e0e9521d554659)
                - dock-top.svg (RegularFile, 1b10ec4640d20051ba3c41185b230c74)
                - dots.svg (RegularFile, f71b797553e5d9da92d9e4ae36517d45)
                - download.svg (RegularFile, a0570524575ca9ddbac47f6345abc2f9)
                - duplicate.svg (RegularFile, 72381530380c9cd02d34c556f84ac18d)
                - edit.svg (RegularFile, 6ea95b65da48d4ec43e8c297ceaba10a)
                - ellipses.svg (RegularFile, 96ff8b44c27a2cd1e4038b66418a4355)
                - error.svg (RegularFile, 07346cd9799ca6e8e082bd9a91ad3c63)
                - exceptions.svg (RegularFile, 8aa005dfe86d44642385c454c9436029)
                - expand-all.svg (RegularFile, c70a7e85555220bf8e7c30c358ca4ae1)
                - expand.svg (RegularFile, 529d3ec59a7dfb1dcc1721acb7b36ce2)
                - extension.svg (RegularFile, dfe94d9f8def8d48d930d34c993e23a7)
                - fast-forward.svg (RegularFile, 1a3a965f81e7990c6c0aea0616c5be06)
                - file-upload.svg (RegularFile, 7dd56325a68b16f293688cd356be99bf)
                - file.svg (RegularFile, 7d284982a7f4606dca01be67ce8099c7)
                - filter-dot.svg (RegularFile, 99ce00cc1715feae6cc38c06441bca8e)
                - filter-list.svg (RegularFile, 227be506010b1d101b64e5a0f4613461)
                - filter.svg (RegularFile, 546b152534edc328c2ce3c8f9a376bea)
                - folder-favorite.svg (RegularFile, a29aab89e42be2f6c21cc0de292db3fd)
                - folder.svg (RegularFile, 3766b6caa1379ce793c4a19feebe1852)
                - history.svg (RegularFile, f42855d0996cc818232c0980cc74d70e)
                - home.svg (RegularFile, 180cdf2e4d0c306d5ba706afd9f23a36)
                - html5.svg (RegularFile, 28e231b047ae5b3ebae7ce11d7cfd498)
                - image.svg (RegularFile, 7bfae568598135e0b8c609fb06ec6a89)
                - index.html (RegularFile, f93141360d2c5dcdb9db165cf771aabf)
                - info.svg (RegularFile, 9e1269738af7b3894432315a4957599f)
                - inspector.svg (RegularFile, 0f8b0249bc87b75a4aa565d50d338711)
                - intellij-new.css (RegularFile, 473a31e8d543c5f07d954f2fd9f1f5df)
                - intellij-old.css (RegularFile, d2eb7876886c2ee998e02685b87b7c94)
                - json.svg (RegularFile, f44bf5f91d55173f202d63deac27c3fd)
                - julia.svg (RegularFile, 6d7867d75fdff17c1a1bf3c03ddbee59)
                - jupyter-favicon.svg (RegularFile, 0443e3b2201e6f179b85b6e3dc79d051)
                - jupyter.svg (RegularFile, 238ec27204573948c423cd03cb8361a6)
                - jupyterlab-wordmark.svg (RegularFile, 5cbdac118190a0416a2f43d59730ae96)
                - kernel.svg (RegularFile, 166f36728c0aad5dfc7d2049f617662a)
                - keyboard.svg (RegularFile, 295fea59d3c969bcea2063b58d69a277)
                - launch.svg (RegularFile, 135503620f611008f51bca1ade453767)
                - launcher.svg (RegularFile, d626fafd6f96f21dc603631894b236a5)
                - licenses.json (RegularFile, 96629a8278984577740a72e4b3f38d97)
                - line-form.svg (RegularFile, ecc1cd2a58c5960a285ecd72b82851cf)
                - link.svg (RegularFile, d282409ab5e94fc3d8a1c6b08d770208)
                - list.svg (RegularFile, b1d0f8d2ecde0535b7ad288e845b0acb)
                - lock.svg (RegularFile, b019682c3495e74d3a1cd1e599f6ff8e)
                - main.js (RegularFile, a6a4509566d0740189b8163b962ee07d)
                - markdown.svg (RegularFile, e20fd6e5a406c52e010e630bef3adf66)
                - MathJax_AMS-Regular.woff (RegularFile, 4b8b5f9a3681f544e900526b244882cd)
                - MathJax_Calligraphic-Bold.woff (RegularFile, c4e266989989ed207c4cdfe32ed15ab2)
                - MathJax_Calligraphic-Regular.woff (RegularFile, 6b6172c3cf64ad6a02a9dfa28630fb4a)
                - MathJax_Fraktur-Bold.woff (RegularFile, f04289667d1e09bc1491926e6e6b2ffa)
                - MathJax_Fraktur-Regular.woff (RegularFile, e4d780e37042e92b6d49c7d0e4c7f050)
                - MathJax_Main-Bold.woff (RegularFile, 6594f65917be14111ecdafe63ac6ef41)
                - MathJax_Main-Italic.woff (RegularFile, 735c278525c4d252e924c6b1e1409af7)
                - MathJax_Main-Regular.woff (RegularFile, 9edfbe9c27b72fabad2701b42d1c6215)
                - MathJax_Math-BoldItalic.woff (RegularFile, e83c65ad3ca28c5998801041db670db9)
                - MathJax_Math-Italic.woff (RegularFile, f31e11032528ba480cebb59de724989a)
                - MathJax_SansSerif-Bold.woff (RegularFile, 3e6cd43a862a849496072ef409325449)
                - MathJax_SansSerif-Italic.woff (RegularFile, 2dba1f1fc49b254f20825a17d8d60c6a)
                - MathJax_SansSerif-Regular.woff (RegularFile, 7121494021502f0e00e98a05472c7f19)
                - MathJax_Script-Regular.woff (RegularFile, b13edfebaa28025d2080f4afc9e6f1b0)
                - MathJax_Size1-Regular.woff (RegularFile, f225bba4de6eb2481aa98683cab6ffa9)
                - MathJax_Size2-Regular.woff (RegularFile, ab43b329d216e52a7cde08768160aa0b)
                - MathJax_Size3-Regular.woff (RegularFile, 4fa9efc01bbb7965548d02123596bd31)
                - MathJax_Size4-Regular.woff (RegularFile, f37fa432ddc282a4cc35d309c95bd5bc)
                - MathJax_Typewriter-Regular.woff (RegularFile, 9d32d7fef6baaa0a64bc8128b539af21)
                - MathJax_Vector-Bold.woff (RegularFile, ba9a6081a4cbb781c14488b9f50c19be)
                - MathJax_Vector-Regular.woff (RegularFile, d83f61c6579422466de3d473f02f610f)
                - MathJax_Zero.woff (RegularFile, 80a71f63d9e50cc8150313998f872e24)
                - mermaid.svg (RegularFile, f75c528ba80813a158eafae597f8314c)
                - move-down.svg (RegularFile, 87df43b07edc339949b83b2f66d264dc)
                - move-up.svg (RegularFile, 3a9f7fb1fb8354ba339d7c2e8808675e)
                - new-folder.svg (RegularFile, f241fbbf0fb28b3508d86a5f00322448)
                - not-trusted.svg (RegularFile, e87cf692eb46e802ae9b879e346ddc16)
                - notebook.svg (RegularFile, 75bed570f3d9acd7356112296fdc8343)
                - numbering.svg (RegularFile, 9fe410afb9f01af486350972289a0652)
                - offline-bolt.svg (RegularFile, e734732a3b0fd652a2c90817c3079ae3)
                - open-kernel-source.svg (RegularFile, b8de078df8677dcbb15e07bad0d43c18)
                - palette.svg (RegularFile, 09e0ad8ddb07f025478f5cd3481a3077)
                - paste.svg (RegularFile, e111f3b9d2ba3e1807b7f3ad64a4e860)
                - pause.svg (RegularFile, 0204085a3c75b44e9e0f076b2034b2bc)
                - pdf.svg (RegularFile, 0d983b75488e9295202c6ffbb1273a8d)
                - polyfills.js (RegularFile, 73c4d579082458558a371a75e13fd499)
                - python.svg (RegularFile, 197b04c2d653b2c3d6162c0d6889098b)
                - r-kernel.svg (RegularFile, f47ccdc8bdb6358e2e5394e49b78465e)
                - react.svg (RegularFile, 2f10ae5891ecfb89f89c5914799dc3ce)
                - redo.svg (RegularFile, 7bbf9d09aa2035040ca1f2f35e0e2f02)
                - refresh.svg (RegularFile, 84d61a769659a0145ad1fc735eb22102)
                - regex.svg (RegularFile, 2ad7a5de0b79aa668c8c14cb485d93e2)
                - run.svg (RegularFile, cf9006b2f7dfdc7fdf38b340bd84f7de)
                - running.svg (RegularFile, d262774399723d2691dffbdae3671681)
                - runtime.js (RegularFile, 773f69b05e0394bf447bbb5c4cdae945)
                - save.svg (RegularFile, b68a0d3ace027f15548ad2d03f7c6f4e)
                - search.svg (RegularFile, 16c5ae3506e18a35ba44a07f9de1f695)
                - settings.svg (RegularFile, e8a319a69cdd24bb2705f381ccfd5a97)
                - share.svg (RegularFile, eeae757e810ae2dd0e3b21cef6d45f0f)
                - spreadsheet.svg (RegularFile, a07a255e6284f523944d4e6fcbef18b9)
                - step-into.svg (RegularFile, 857ba3bbe973dc80fe45d28d74c1ca73)
                - step-out.svg (RegularFile, 05530c87dd6b3306a8081ac6f6d34ac6)
                - step-over.svg (RegularFile, 37ca1e137492d5e7368434cdfef34947)
                - stop.svg (RegularFile, 6a905c8ddfdb482f96fac3a4aaafb707)
                - tab.svg (RegularFile, 350f010bfdf310d0ffb65ba3a39519e1)
                - table-rows.svg (RegularFile, a7eec0c713fc3499e4cd0af44fb57d86)
                - tag.svg (RegularFile, 0f5bea933853fa202d2e4401e413d2dd)
                - terminal.svg (RegularFile, 134a9cf8b433cd0f59dc798d9b761705)
                - text-editor.svg (RegularFile, c2f74a2e7710234b9eadd2e56c841911)
                - toc.svg (RegularFile, 7ffaed7678b80849c81d53aec08daa61)
                - tree-view.svg (RegularFile, d9bb415f4217545d7e3c82036f75aa8a)
                - trusted.svg (RegularFile, a0f218c9b5d811a99d0a8589969c07cc)
                - undo.svg (RegularFile, a90c6b49d0adca0f46275f75854420ac)
                - user.svg (RegularFile, 8c9476a0ece50622e67243632318f49b)
                - users.svg (RegularFile, fb9c7ba8a9ed66242b2984dea1e25b7d)
                - variable.svg (RegularFile, d32ed99193da5c13aff091d050c55ae1)
                - vega.svg (RegularFile, d7597372dafbdee3ec591acd694f97b4)
                - view-breakpoint.svg (RegularFile, b8de078df8677dcbb15e07bad0d43c18)
                - word.svg (RegularFile, 789804e5429e0212ac24455eb7fac22a)
                - yaml.svg (RegularFile, a1ce731374ec6e582f8480dc1a62cd8f)
              - lib (Directory, 64bf6cbfeeaaed33fdf93d49a979a37d)
                - frontend-split (Directory, 80888adc34705b16a313597f4c08351e)
                  - python-frontend.jar (RegularFile, 8326dbe5eb6adb108284401991944e75)
                - java-websocket.jar (RegularFile, 251febf4989a684247b9953272586571)
                - modules (Directory, a3031205fc8d503b2e67d0f6aacf8257)
                  - intellij.python.core.impl.jar (RegularFile, 242dcb7d18f2b82695cef9fafecbe989)
                  - intellij.python.wsl.jar (RegularFile, 02a3c4468472a21a6915577f68c08136)
                  - intellij.scientific.py.tables.split.common.jar (RegularFile, 5798111ba0ff137aa7827edf1fbc598f)
                - python.jar (RegularFile, 7b3b3956b658a097edb9826a17023ac7)
            - python-ce (Directory, 1dc96d64f5e144bdeb76058bd9cdc5fc)
              - helpers (Directory, 8f60ec0eff683e905b177b8a4b56a6a1)
                - bundled_stubs (Directory, 7477b3f974493a21e63a673599590ae1)
                  - Django (Directory, 364b74283b90f165485c318dfbf0e8cc)
                    - django-stubs (Directory, 7cce66eba1b97a9194ea28853f7abe72)
                      - __init__.pyi (RegularFile, 3d9e3e0f87a74ebe86382330c93118b7)
                      - apps (Directory, 358e3e7d913093b3287bf8662f3a92b7)
                        - __init__.pyi (RegularFile, bb7dc7b14a4aa649ad22416f77db5f9d)
                        - config.pyi (RegularFile, 2389662610df9ec06e6d6f2d6034ed89)
                        - registry.pyi (RegularFile, 3164f3e3df40722168224ae689acc178)
                      - conf (Directory, c0da826c4224508bd3c0f5e871fc9957)
                        - __init__.pyi (RegularFile, 61b6a0fa7e468d8836fa399f78591514)
                        - global_settings.pyi (RegularFile, 1f74533a23c8fc01915e4ffdf79fbe1d)
                        - locale (Directory, cf5f37f55f236c1ea696d0ebd7edf2fc)
                          - __init__.pyi (RegularFile, 50640faf9bca8f40bcdb19bb36bdf7fa)
                        - urls (Directory, a576e57d4a33270a86903854c3746c7f)
                          - __init__.pyi (RegularFile, 6f2932785f343cd68f6c5b932c35af07)
                          - i18n.pyi (RegularFile, d300eeeecc6b10755963ba208e5d29ca)
                          - static.pyi (RegularFile, 7f84b2de907ece0ede409227b1e10d95)
                      - contrib (Directory, 27b2385a01a4d08a3c0f83f61c7cfd6e)
                        - __init__.pyi (RegularFile, f571933bb948577b1f9f3076fb8fc7c6)
                        - admin (Directory, bfc93d19990e9e0839662008af5c2133)
                          - __init__.pyi (RegularFile, 5cdec7c6a88414cbcaf03d85a1fd0858)
                          - actions.pyi (RegularFile, 39b401fd6df37daa79f3989488c20e62)
                          - apps.pyi (RegularFile, f77d3ee1c18e726fe2791b80b20962cf)
                          - checks.pyi (RegularFile, a96a8266d5074202dac19c3dc8a2bf0f)
                          - decorators.pyi (RegularFile, fd6fa7f816e7dc6e53d04eea10e38cf3)
                          - exceptions.pyi (RegularFile, f8ddeebd9980816b62f1ed81253820a2)
                          - filters.pyi (RegularFile, c2b586f0b557bc248d7108f641db8e64)
                          - forms.pyi (RegularFile, fc508705db6c2ac2ce8dd444ad7868a5)
                          - helpers.pyi (RegularFile, 21c2bc3b67cb72055b42f2ebd501af35)
                          - migrations (Directory, a1bc231b0126f5fc50663a4f6115f629)
                            - __init__.pyi (RegularFile, f571933bb948577b1f9f3076fb8fc7c6)
                          - models.pyi (RegularFile, cc2618d15e2efd748fd11f9d7d6ce0db)
                          - options.pyi (RegularFile, af74f7819a0685167659000a29a20dd8)
                          - sites.pyi (RegularFile, 3853639eb6e7247ae6ffbd2a7ed35e24)
                          - templatetags (Directory, 4a2107364c430b7bed9eacd640604786)
                            - __init__.pyi (RegularFile, f571933bb948577b1f9f3076fb8fc7c6)
                            - admin_list.pyi (RegularFile, 1510f36756fe104a47dbdebe4756e8ec)
                            - admin_modify.pyi (RegularFile, 0c477c109de0f11444408d38d4f51fb6)
                            - admin_urls.pyi (RegularFile, 61a6d8e67fe0a74d1ef3ca48d1ed0ed1)
                            - base.pyi (RegularFile, 50ca811fb5e0ee47522fbe12a88e4100)
                            - log.pyi (RegularFile, 27c48a6c57e0e0904ecb80f2d7750164)
                          - tests.pyi (RegularFile, 5973510e48922958e37b815aa75bcf1a)
                          - utils.pyi (RegularFile, 413699f3f4fffaff337372a474c2c8dd)
                          - views (Directory, 4da6878751bc19aa851fdfcc312be257)
                            - __init__.pyi (RegularFile, f571933bb948577b1f9f3076fb8fc7c6)
                            - autocomplete.pyi (RegularFile, 7e680d59e05903339bd956fc4fb56eb6)
                            - decorators.pyi (RegularFile, 94099f2144f9a32fbf00414102ba6a9b)
                            - main.pyi (RegularFile, de19b079632cc8946f482f23993ac5d4)
                          - widgets.pyi (RegularFile, 3394264e3e26126ad36a9e11c80ad79b)
                        - admindocs (Directory, 934c081ba92a6b83afdd70504bbfb439)
                          - __init__.pyi (RegularFile, f571933bb948577b1f9f3076fb8fc7c6)
                          - apps.pyi (RegularFile, 99fe865beadc26225ee0a14dd9c505f3)
                          - middleware.pyi (RegularFile, 9803de2e4bce3a7037aa86bcb77afdd6)
                          - urls.pyi (RegularFile, 3ada36179a668a8d37cdd99aeb58a220)
                          - utils.pyi (RegularFile, a778d2cf2159e2d9dbc7f7e6f76f052c)
                          - views.pyi (RegularFile, e5ac38c244508c42edc69c6fbee70c8e)
                        - auth (Directory, c29d3a6e0fc85c1f9e46fc55051df317)
                          - __init__.pyi (RegularFile, 7939f07d8189a563b62926d874371acd)
                          - admin.pyi (RegularFile, ff8d5929b8ac015d3b1745e215aa6691)
                          - apps.pyi (RegularFile, 73adf6b67e33c8437b200e2d2d6abde9)
                          - backends.pyi (RegularFile, 5ec7297cdf4e7f6588c360e4546aef5a)
                          - base_user.pyi (RegularFile, 429690ecb44df1a86515d16b15735264)
                          - checks.pyi (RegularFile, 2e658dfff613aa31a901257f1391c331)
                          - context_processors.pyi (RegularFile, 6742b00c577b3665e8a8198f2517387e)
                          - decorators.pyi (RegularFile, 68b38d88f281b2590a28a19bddd725d9)
                          - forms.pyi (RegularFile, 6393233d34b947a469c7aac05eea2216)
                          - handlers (Directory, 20f5846827e5d7a0426c2c3a533d8b08)
                            - __init__.pyi (RegularFile, f571933bb948577b1f9f3076fb8fc7c6)
                            - modwsgi.pyi (RegularFile, 296753707f06334a5e34019319f23610)
                          - hashers.pyi (RegularFile, f1c752fa9317b4a015f9676f294027ed)
                          - management (Directory, 5a4679a216196683bf5e25955c3fdd7e)
                            - __init__.pyi (RegularFile, db10b3e0e66344526398c3dece3ebc1e)
                            - commands (Directory, 52d004cd6aa902c8d43a07da5f1ea203)
                              - __init__.pyi (RegularFile, f571933bb948577b1f9f3076fb8fc7c6)
                              - changepassword.pyi (RegularFile, aab37e069e994f78d95c29abe32d1e87)
                              - createsuperuser.pyi (RegularFile, 7405ab3f669e4ca861cd2073a16a14e2)
                          - middleware.pyi (RegularFile, b7a83bc42cef5235f46760cd53c3f01f)
                          - migrations (Directory, a1bc231b0126f5fc50663a4f6115f629)
                            - __init__.pyi (RegularFile, f571933bb948577b1f9f3076fb8fc7c6)
                          - mixins.pyi (RegularFile, e1e95b86255b473f719be18e8617f3f4)
                          - models.pyi (RegularFile, 7dc00c2b121143034fe0bf4e934c1bfd)
                          - password_validation.pyi (RegularFile, 0cb3bde9cb9359eb1ac5dd32e371bb0b)
                          - signals.pyi (RegularFile, 9d10338ea3b5444e24b5ca6a105d97a9)
                          - tokens.pyi (RegularFile, 62c3f0ba8e9fa6a39042f7e81b0b1ac2)
                          - urls.pyi (RegularFile, 3ada36179a668a8d37cdd99aeb58a220)
                          - validators.pyi (RegularFile, 8ae9d86deb4990dfc5b0379fb249f43d)
                          - views.pyi (RegularFile, 11a5b0b7ed61973f17ac02fd76c7d6b0)
                        - contenttypes (Directory, 9a12f6cc699be6f487e14e645ec79ac9)
                          - __init__.pyi (RegularFile, f571933bb948577b1f9f3076fb8fc7c6)
                          - admin.pyi (RegularFile, 2551c9db58f429af19137cb61dad2bb5)
                          - apps.pyi (RegularFile, c82f3b7fcdaf2af97bcba0b38985467d)
                          - checks.pyi (RegularFile, 9162e6129bd0da13f3c87d8e52716f14)
                          - fields.pyi (RegularFile, 8fb1c5217665f32fde27d1e5b3741a66)
                          - forms.pyi (RegularFile, 73e1811522a4ec0137e65031d63fa7e5)
                          - management (Directory, b518c07fd09cc1c00d9f492c0066520a)
                            - __init__.pyi (RegularFile, 7176829cf89c82059a05c59031fc24e0)
                            - commands (Directory, 0d1b03855cf48f5bd2ce3c93ec5488d1)
                              - __init__.pyi (RegularFile, f571933bb948577b1f9f3076fb8fc7c6)
                              - remove_stale_contenttypes.pyi (RegularFile, 407d56312c4d8df97708cefa9b5a8af8)
                          - migrations (Directory, a1bc231b0126f5fc50663a4f6115f629)
                            - __init__.pyi (RegularFile, f571933bb948577b1f9f3076fb8fc7c6)
                          - models.pyi (RegularFile, 1bd1811f061f05f1427b1b694c821ce5)
                          - prefetch.pyi (RegularFile, 2c2d5f4da93dd394d15a25b070d705d8)
                          - views.pyi (RegularFile, d6ef3ffbaeb3cf3ad523fddccc2c2906)
                        - flatpages (Directory, 25b276ab1b06c130686ec70705d51fa1)
                          - __init__.pyi (RegularFile, f571933bb948577b1f9f3076fb8fc7c6)
                          - admin.pyi (RegularFile, 1488c29622e9d9b34aaf8732b2570de7)
                          - apps.pyi (RegularFile, 36820f8f7c0e25397f550f2d1a9543c1)
                          - forms.pyi (RegularFile, 76aabe8b614528747020092f385ecabb)
                          - middleware.pyi (RegularFile, 3a76ad2682a492cd7d1ab2b9f966f0da)
                          - migrations (Directory, a1bc231b0126f5fc50663a4f6115f629)
                            - __init__.pyi (RegularFile, f571933bb948577b1f9f3076fb8fc7c6)
                          - models.pyi (RegularFile, c1fca29889ef6d058125b51f240058d8)
                          - sitemaps.pyi (RegularFile, a3a58e887daf170516873fb77341734b)
                          - templatetags (Directory, a54dad75851dab97dd3cbef24446ccee)
                            - __init__.pyi (RegularFile, f571933bb948577b1f9f3076fb8fc7c6)
                            - flatpages.pyi (RegularFile, ff415ab1a48f2570a382a337f668669b)
                          - urls.pyi (RegularFile, 3ada36179a668a8d37cdd99aeb58a220)
                          - views.pyi (RegularFile, f8f04ced2ca975094aa25f0763ae560c)
                        - gis (Directory, f57bc2baeffe170ec02c89bb38d6d747)
                          - __init__.pyi (RegularFile, f571933bb948577b1f9f3076fb8fc7c6)
                          - admin (Directory, 192840cd45a2a4577c18c12fcf8b8811)
                            - __init__.pyi (RegularFile, 80492ca6d10e92aef18e557baf57775a)
                            - options.pyi (RegularFile, 911a0ee535855a7a2a2c6daba19bb8cf)
                          - apps.pyi (RegularFile, 5fdffe2f0ab813486ef84e3b93baf702)
                          - db (Directory, 85435973078aace1ca055418146b11a6)
                            - __init__.pyi (RegularFile, f571933bb948577b1f9f3076fb8fc7c6)
                            - backends (Directory, bd1caeec35e5d5bb2886f9a6619f0486)
                              - __init__.pyi (RegularFile, f571933bb948577b1f9f3076fb8fc7c6)
                              - base (Directory, ebfb7a98e9fa978c2402d993aca193d4)
                                - __init__.pyi (RegularFile, f571933bb948577b1f9f3076fb8fc7c6)
                                - adapter.pyi (RegularFile, 8776666604caffae8c9b8eb0d47c1b64)
                                - features.pyi (RegularFile, 99d3f9f464e5ee02cc34c8ab55db6e03)
                                - models.pyi (RegularFile, 97f282557e8e170b808532fd8acf98e6)
                                - operations.pyi (RegularFile, 101df06f2ec9298d5fe5410298b76178)
                              - mysql (Directory, 4bb69c8f7a06573995773993b3500ab4)
                                - __init__.pyi (RegularFile, f571933bb948577b1f9f3076fb8fc7c6)
                                - base.pyi (RegularFile, 52e1594372ed54391ab1737a0d07d137)
                                - features.pyi (RegularFile, be3dd5cbbce2cf63ad9fc5afc66f0ed7)
                                - introspection.pyi (RegularFile, c414738e56b8964d2afa0ecfb770e808)
                                - operations.pyi (RegularFile, c827959bc602da1a7fa5c6853425d241)
                                - schema.pyi (RegularFile, 04689bc207bbc31a0573fb5c20146bf6)
                              - oracle (Directory, 83a26e0f405c39a175bf95c03ea0e737)
                                - __init__.pyi (RegularFile, f571933bb948577b1f9f3076fb8fc7c6)
                                - adapter.pyi (RegularFile, 2f1f785edaeb130593ee350a46289042)
                                - base.pyi (RegularFile, 84f923407f3ce80ba88092ead4d5cd91)
                                - features.pyi (RegularFile, ac803e4890cfd506e93df3b9511d9e25)
                                - introspection.pyi (RegularFile, e6183c1f2e45a1fc26dd97b6dc034e85)
                                - models.pyi (RegularFile, 9595539336a4cb8958f440a8fa3751ac)
                                - operations.pyi (RegularFile, e73cab8d957fe14f78a5b85641af8e69)
                                - schema.pyi (RegularFile, fdb15538c7b07e83eee916954f3a2839)
                              - postgis (Directory, d0abe1a6923da1e5daa08cea9c484e85)
                                - __init__.pyi (RegularFile, f571933bb948577b1f9f3076fb8fc7c6)
                                - adapter.pyi (RegularFile, f055c56d0e0a2e3a8024cd0e2db63a30)
                                - base.pyi (RegularFile, bab7a1dd73c2e67c101746ac5a73f72b)
                                - const.pyi (RegularFile, 83b0ab4f4b1cad569061f73af7ba4569)
                                - features.pyi (RegularFile, a3c13878d12059594445453249e6007c)
                                - introspection.pyi (RegularFile, 936a1d97607ea765b72c99bc2041754e)
                                - models.pyi (RegularFile, 2f15ccce5272289c90e956dbfeb09a90)
                                - operations.pyi (RegularFile, f098068471bcf23e14bced1a3c69becb)
                                - pgraster.pyi (RegularFile, 28bc18fe43ca63d8015a30dc4739dd70)
                                - schema.pyi (RegularFile, bc0086ce8b3f454e16972a061104a460)
                              - spatialite (Directory, 029132659f10eae2aba8e21e20c90360)
                                - __init__.pyi (RegularFile, f571933bb948577b1f9f3076fb8fc7c6)
                                - adapter.pyi (RegularFile, 72d8e539af37111123f1618ad0e5989a)
                                - base.pyi (RegularFile, 716a3b96c7d4bba02df97b754f7d1a33)
                                - client.pyi (RegularFile, 292288e1cc175a1c7efb28bdc7afea58)
                                - features.pyi (RegularFile, 7c1e1bec60adea998484d8167d37f3f5)
                                - introspection.pyi (RegularFile, 22255c25dd984f4eb1d7fd9030b8b757)
                                - models.pyi (RegularFile, 4a15475d4795d928ca092fff4dfba304)
                                - operations.pyi (RegularFile, fd230dd8fb624e2963485105f6d2a3db)
                                - schema.pyi (RegularFile, 714ce8ff7abd6a93a3e47cc93f06ffa3)
                              - utils.pyi (RegularFile, f4f6f152072443f3f319b425499c4d00)
                            - models (Directory, 6d705691206e03d143e0e64488410aeb)
                              - __init__.pyi (RegularFile, 3477c7a93c062d16a846b23a3685fcf9)
                              - aggregates.pyi (RegularFile, 32e3a1eaef172572c937c17af0f28443)
                              - fields.pyi (RegularFile, 7f1386b00bc9ed90e784e53624474ad6)
                              - functions.pyi (RegularFile, d33a2682ce1e10ec7d5aa63ea14799c3)
                              - lookups.pyi (RegularFile, b430dd4cb414b64ed2ab4a5815896f0c)
                              - proxy.pyi (RegularFile, 60a6a36acb4c26ee68c7a0149b53ba0a)
                              - sql (Directory, 2213ef805d6d4d80e93a2dca26ae6cd1)
                                - __init__.pyi (RegularFile, b1b5249d6eab4ee7e439e915072f9ff7)
                                - conversion.pyi (RegularFile, 7b2ccd8cf37112981d1dd6f3200eb78f)
                          - feeds.pyi (RegularFile, a04e1adc485e12a33cb8d76e058a09af)
                          - forms (Directory, 261a95e1cd6aea805668c529eb040901)
                            - __init__.pyi (RegularFile, 53f8f80f7b0b700480dbda917892b27c)
                            - fields.pyi (RegularFile, 70b527af97596271abaafb0bac909b4b)
                            - widgets.pyi (RegularFile, 13eb30924eab02d5aa80e4475cef1f6e)
                          - gdal (Directory, e0ea44ff5edee57eb777b8e4f1affa80)
                            - __init__.pyi (RegularFile, bb3d58ddb1f69fa3c1d3fdf4f8d6edbb)
                            - base.pyi (RegularFile, 940efcc074d9f5e6eb845c48aaf26047)
                            - datasource.pyi (RegularFile, 9d081750f426fa18190af2f981cb3d47)
                            - driver.pyi (RegularFile, 5be19e2cb117a2d5736b48e059a6b068)
                            - envelope.pyi (RegularFile, 8fbc4c904e06229d2293ed3501b14f19)
                            - error.pyi (RegularFile, d208fbd9aa63fb26cb0571f457bddabf)
                            - feature.pyi (RegularFile, f4bf52d0cb77914d0ccc92ef39101155)
                            - field.pyi (RegularFile, 869bf7d2b8a1080ff73fb401de7f7b3f)
                            - geometries.pyi (RegularFile, 7817d2de63d57a7fbd45a8cb6d3924ed)
                            - geomtype.pyi (RegularFile, 678f9905e2b64012355f608b1264ab92)
                            - layer.pyi (RegularFile, 6143c66ee8974d6e1b315092cadb036a)
                            - libgdal.pyi (RegularFile, 101443bb021b45ac333e78cc3b00033c)
                            - prototypes (Directory, e468f1b99219d0de33f5448ccc9bfa20)
                              - __init__.pyi (RegularFile, f571933bb948577b1f9f3076fb8fc7c6)
                              - ds.pyi (RegularFile, 95a7bc5629baf75fa42cef4993febf37)
                              - errcheck.pyi (RegularFile, c0a07ef3f2b4848dea0f8b6e70780aa9)
                              - generation.pyi (RegularFile, 4bf256157193f455fa72414b350dc481)
                              - geom.pyi (RegularFile, dc78472ec518f7a1fa80d6ff35261cf8)
                              - raster.pyi (RegularFile, 4e3cd24f8b342d256ff96015430b7408)
                              - srs.pyi (RegularFile, a7b0d79e501c5c6a86a070fd6aa1625d)
                            - raster (Directory, fc4ee14db245ee4800ae3cf825b92eeb)
                              - __init__.pyi (RegularFile, f571933bb948577b1f9f3076fb8fc7c6)
                              - band.pyi (RegularFile, e1e706ac221e6ca0c686182b47b7aea3)
                              - base.pyi (RegularFile, 7a7cdc4713f95d6de66fc9c84fe97aa9)
                              - const.pyi (RegularFile, 853c5fc18279893d93d8860ae27bd7d6)
                              - source.pyi (RegularFile, 05741c1fe5ac1c524ef95c410e7b4172)
                            - srs.pyi (RegularFile, 5fb5b310d94d73d31f1e92be4f6e1622)
                          - geoip2.pyi (RegularFile, d5e1d4e6fd242d81613ac20f72759c79)
                          - geometry.pyi (RegularFile, 979379e9bb59e56aa576c41c5a668942)
                          - geos (Directory, 6aada9c3031e8d60ecc4f4bb757d3657)
                            - __init__.pyi (RegularFile, f052dab1cea99e45e53bb897ecaa973c)
                            - base.pyi (RegularFile, 5a23d8082d090b8e6c082860986dd2cb)
                            - collections.pyi (RegularFile, d99e1855f00ec9d3b996390b04c698dd)
                            - coordseq.pyi (RegularFile, 892fb679e2840931f2cb6d6e2bf82299)
                            - error.pyi (RegularFile, c73a2992ef815b26ddf4f08e4725b32d)
                            - factory.pyi (RegularFile, 810536bf939b09c15c7fe67d616cff82)
                            - geometry.pyi (RegularFile, 8f0902954c0fef5620abc29334a94043)
                            - io.pyi (RegularFile, 40e9051f4377cd75e40f167ae5a1a3ed)
                            - libgeos.pyi (RegularFile, f06524b73aee7afc61842822dbe7b1ab)
                            - linestring.pyi (RegularFile, 40fb93baadff59f1f71866d020100e82)
                            - mutable_list.pyi (RegularFile, 1cf31d4312a9f862150aa1ab4c31a06f)
                            - point.pyi (RegularFile, 8b9acda8f6a051798c510475cce7e8e9)
                            - polygon.pyi (RegularFile, 4aaa769095511c66c80299cb4adf9e62)
                            - prepared.pyi (RegularFile, 8f36b8fc5decd7dc2d2d7a557e57bbe6)
                            - prototypes (Directory, 5429a7a9e0edc9f8b9499d92b01829f6)
                              - __init__.pyi (RegularFile, 49001582d26eeca920f6693a757f97af)
                              - coordseq.pyi (RegularFile, b172f10874a769183715fad2b6157d40)
                              - errcheck.pyi (RegularFile, 3189ff0496f956c290ac23c32ba5a8da)
                              - geom.pyi (RegularFile, 5266d4a63494f6345679e39bc08a0c63)
                              - io.pyi (RegularFile, 65f0ecc2f8f94ec9be5b61e330dcb8e1)
                              - misc.pyi (RegularFile, f73064238086aa713efc40a5dc786634)
                              - predicates.pyi (RegularFile, 73aff7c96ec9d36af5020e6413f2a4f0)
                              - prepared.pyi (RegularFile, 2cc49d1d8da2482beed61cad102ecb60)
                              - threadsafe.pyi (RegularFile, ac89e624b861af6f3ba395da3288bd1a)
                              - topology.pyi (RegularFile, 820e775d462a7a1a03ea7298d463fb33)
                          - measure.pyi (RegularFile, 79db8d20776dfd75ae6b1d029a65329c)
                          - ptr.pyi (RegularFile, 6f1c03042df7b9fcb13ef725b32e8cdd)
                          - serializers (Directory, b92781749e666b3e44fbdda9ef753fcc)
                            - __init__.pyi (RegularFile, f571933bb948577b1f9f3076fb8fc7c6)
                            - geojson.pyi (RegularFile, c1a65e1d11ba4a2f580a39a5ef659398)
                          - shortcuts.pyi (RegularFile, b05332661ad00d0d5c33d707cf6cd8b2)
                          - sitemaps (Directory, 76d8a60d39f3b9dd120fd2b5f64527fb)
                            - __init__.pyi (RegularFile, 2cf4e19e0b473151def4d909c7c0cf51)
                            - kml.pyi (RegularFile, e7010900c5f9e39b14778b21635e2c28)
                            - views.pyi (RegularFile, 7c23b438a7b2b80b4a16223ebd262147)
                          - utils (Directory, bfd9ad936af5ba241c6ca97d7a220bd5)
                            - __init__.pyi (RegularFile, e02132c1d92d0f12882246bf6bd866fd)
                            - layermapping.pyi (RegularFile, d9095e0c3ccd2a0433cfe9bb5d0eb280)
                            - ogrinfo.pyi (RegularFile, 02608c52c90c16da72f6bbc76e2df18e)
                            - ogrinspect.pyi (RegularFile, ff04d5ad9b4d653985545f7fd82fea6f)
                            - srs.pyi (RegularFile, 48e365c22f7a7d073eadffba006d2253)
                          - views.pyi (RegularFile, 88f6cf1f47ac404f6aa094e7a24b05fe)
                        - humanize (Directory, b3d6538a86556d18424b65a41595b298)
                          - __init__.pyi (RegularFile, f571933bb948577b1f9f3076fb8fc7c6)
                          - apps.pyi (RegularFile, 192c2275f26aa9f5cc4fdf0f6dfa103f)
                          - templatetags (Directory, a1ecc353b422a45688028ab4f79be22c)
                            - __init__.pyi (RegularFile, f571933bb948577b1f9f3076fb8fc7c6)
                            - humanize.pyi (RegularFile, 144d99076cc3b04f7178e16b70327800)
                        - messages (Directory, 4b47695eafbeeb4803a04359c59f0b4e)
                          - __init__.pyi (RegularFile, 7d16342ebcb6fb9fe49378bdf65de50d)
                          - api.pyi (RegularFile, 9dfbbe1e8b9aaed863a839bd7169211f)
                          - apps.pyi (RegularFile, f9c2a1c7d92abad5f3e40302492cc06f)
                          - constants.pyi (RegularFile, 6d28700cd4c8da08218bfbc1f9ecc4ec)
                          - context_processors.pyi (RegularFile, d7ea6897ae99ccc30eacc76365e8a755)
                          - middleware.pyi (RegularFile, ab7256a5bb4480f21e45ed06d82ab591)
                          - storage (Directory, 4515adbd5150334e19c54242988e867b)
                            - __init__.pyi (RegularFile, 264fed14e2848635581a52fd500fd246)
                            - base.pyi (RegularFile, 5b38d6c3a9f7abefc8e87d41f4d292d9)
                            - cookie.pyi (RegularFile, b3f5f953b3a974096e9459610037df5f)
                            - fallback.pyi (RegularFile, 1054f7061a0c80ec94ee8038ea000a43)
                            - session.pyi (RegularFile, 512eabc463240e4bab8d167c6c389cf2)
                          - test.pyi (RegularFile, b26b1e8501d488228994ba7c2252f223)
                          - utils.pyi (RegularFile, 6361221c3c820bf0802df3bdd0685b73)
                          - views.pyi (RegularFile, cf88c1adaa6de488c4365fde79748d35)
                        - postgres (Directory, e36ce60b236981278639b44677968ed5)
                          - __init__.pyi (RegularFile, f571933bb948577b1f9f3076fb8fc7c6)
                          - aggregates (Directory, 3491325cd3adfd9ec9196457e3443a40)
                            - __init__.pyi (RegularFile, c4431bd016ad8d06a2891227cc353b17)
                            - general.pyi (RegularFile, 8d40d9ac70caf3bc6a5026a0d6c0ae48)
                            - mixins.pyi (RegularFile, 4667b136e54b8fa31bd16019eddb63be)
                            - statistics.pyi (RegularFile, 2fce029fd855dec4c5b414e1bd5a5752)
                          - apps.pyi (RegularFile, 6c41c93a1b51f3d060007db2e378d5c3)
                          - constraints.pyi (RegularFile, 3f4b0a8bd26f46e26ade7dcedc57b967)
                          - expressions.pyi (RegularFile, 316a8a896780a9254a393426c5668875)
                          - fields (Directory, 7a17f66848297bd4bc7524833a2aaa2c)
                            - __init__.pyi (RegularFile, 326cf5ca144653c63cf167ad1b2dbec0)
                            - array.pyi (RegularFile, 2b96e828b5f0840ff08a59beb4422fce)
                            - citext.pyi (RegularFile, 25eef7a69c0dca32b971b4b880deabb9)
                            - hstore.pyi (RegularFile, ab11b288eb8057f08d73b5f24f8ef355)
                            - jsonb.pyi (RegularFile, 1c9047e922b560d7eda949b831abfb43)
                            - ranges.pyi (RegularFile, 306747b7dc594f4340bc295eb677255e)
                            - utils.pyi (RegularFile, d23b06a0de588b5e8bf3c9dfdb8a4ad3)
                          - forms (Directory, 9fb11d5aaf0fa810d2e9f3ecbf325200)
                            - __init__.pyi (RegularFile, 2a1f76fa264dc69f0a0a71407a5b1035)
                            - array.pyi (RegularFile, da4507df655aba28984df28752dcccd6)
                            - hstore.pyi (RegularFile, 287fa9b9008f5ac0a3e411e1adaf2524)
                            - ranges.pyi (RegularFile, 2bb18184f4867b13b5d5af1f476118ef)
                          - functions.pyi (RegularFile, 48a610c3b711771f378c51bae0dfdbf1)
                          - indexes.pyi (RegularFile, fc7941314688cbca4829d0c04e4e3896)
                          - lookups.pyi (RegularFile, eb5121a23a97818914609ae0f2dfdac6)
                          - operations.pyi (RegularFile, f4cc18afbcf87180a3e6dc4efbfe972e)
                          - search.pyi (RegularFile, a94b0653879d23fe9b87c7d35bfe0ec2)
                          - serializers.pyi (RegularFile, 5769ca9af2bf4de6f0d92136b750ba2d)
                          - signals.pyi (RegularFile, 7b7fda407f278c37bdd8710cff5a5820)
                          - utils.pyi (RegularFile, aed766551b3730d05ddfe8ff77416b75)
                          - validators.pyi (RegularFile, 5fb1e02483e462f64082372992d5a299)
                        - redirects (Directory, 8b4d90a9e9769f5b480da4d899122615)
                          - __init__.pyi (RegularFile, f571933bb948577b1f9f3076fb8fc7c6)
                          - admin.pyi (RegularFile, 78ea0dd8ed028b81cc5d1e2d48764292)
                          - apps.pyi (RegularFile, c3ea1eb3df180cc5e9416db14dbc6dd8)
                          - middleware.pyi (RegularFile, 031ac9fd721f67465d14f3f98d82f570)
                          - migrations (Directory, a1bc231b0126f5fc50663a4f6115f629)
                            - __init__.pyi (RegularFile, f571933bb948577b1f9f3076fb8fc7c6)
                          - models.pyi (RegularFile, 16e44e3a05bc519345e5272fc76a7aa1)
                        - sessions (Directory, b34761d1905db2232896d01a2364d514)
                          - __init__.pyi (RegularFile, f571933bb948577b1f9f3076fb8fc7c6)
                          - apps.pyi (RegularFile, 97ad00ea882f00dfb380e9a3a17fda97)
                          - backends (Directory, 576396a5b062328e1fa40baa4fb6da27)
                            - __init__.pyi (RegularFile, f571933bb948577b1f9f3076fb8fc7c6)
                            - base.pyi (RegularFile, 97150e11e15af63387d6ef5763da3f0d)
                            - cache.pyi (RegularFile, aebeede19942f98390958d0a298d06a9)
                            - cached_db.pyi (RegularFile, 8f4d1169106ccd9df3a8cfa59801ee8c)
                            - db.pyi (RegularFile, bbcaf8cb306d5c295ebedacbb33c8bc5)
                            - file.pyi (RegularFile, 9645298a780835d2fa42ae808a14b14a)
                            - signed_cookies.pyi (RegularFile, 358d56c1757ebdc233d8fd7c96ec26be)
                          - base_session.pyi (RegularFile, e5ee5fa014b73e1fe1c2bbd41227a394)
                          - exceptions.pyi (RegularFile, e9036b17635133fe40fa33222998d119)
                          - management (Directory, aeacf2e5e56b75069bd31b47999db6f7)
                            - __init__.pyi (RegularFile, f571933bb948577b1f9f3076fb8fc7c6)
                            - commands (Directory, ceae0e798f3c5786d8e9ef5476a43511)
                              - __init__.pyi (RegularFile, f571933bb948577b1f9f3076fb8fc7c6)
                              - clearsessions.pyi (RegularFile, 1381336c6778fc2b916feb5a6e82dd67)
                          - middleware.pyi (RegularFile, ba73ab5b1a854aadf007d88942774aae)
                          - migrations (Directory, a1bc231b0126f5fc50663a4f6115f629)
                            - __init__.pyi (RegularFile, f571933bb948577b1f9f3076fb8fc7c6)
                          - models.pyi (RegularFile, 2dfad24ffd17b4b6374d7424b7abb579)
                          - serializers.pyi (RegularFile, d699174a434bd19c58fa3a6c5a1c60b3)
                        - sitemaps (Directory, 7c206650c043fe275961a7b79a71cdaa)
                          - __init__.pyi (RegularFile, 7b00e34781103622793a4425afe8191f)
                          - apps.pyi (RegularFile, 609b19d22cd03a6a478c3c5ac6148b07)
                          - views.pyi (RegularFile, 7a3780cbe9aaa6a9a0dcb9e19502419e)
                        - sites (Directory, 40ea127293b2e23efb5ad29efc1ddbc0)
                          - __init__.pyi (RegularFile, f571933bb948577b1f9f3076fb8fc7c6)
                          - admin.pyi (RegularFile, 46d0e7212c07a67b7649493fdf672aa1)
                          - apps.pyi (RegularFile, dd3b9d9ae6fe253dbf7d4637bd05eb45)
                          - checks.pyi (RegularFile, 1441501fe9361b9d890ccb925322489e)
                          - management.pyi (RegularFile, 53984d25073adf0ce873c2bbe0a6ec5f)
                          - managers.pyi (RegularFile, 1dfb28f4e079276b9adf5c1ed1c4d605)
                          - middleware.pyi (RegularFile, a0f9e4976adb0a8e58ef24773d0b2b2f)
                          - migrations (Directory, a1bc231b0126f5fc50663a4f6115f629)
                            - __init__.pyi (RegularFile, f571933bb948577b1f9f3076fb8fc7c6)
                          - models.pyi (RegularFile, f83f43b65ac34fd97cc8f712f7ed3dc4)
                          - requests.pyi (RegularFile, 3053a753c04a2960280a1f88b1e98f0f)
                          - shortcuts.pyi (RegularFile, 314a4fd480c5210463efd88b41557c35)
                        - staticfiles (Directory, 34b5c273b5bbe94ae43295f2273473c1)
                          - __init__.pyi (RegularFile, f571933bb948577b1f9f3076fb8fc7c6)
                          - apps.pyi (RegularFile, 6c0bcf19d9ac5ddbe0dc56416417aa9d)
                          - checks.pyi (RegularFile, 0ff91388080eb3a3ca5d34b8bee0f8fc)
                          - finders.pyi (RegularFile, edea61ba956ac2bbf3e3b8ec11e8f441)
                          - handlers.pyi (RegularFile, cded780bc2e85a6caa8a1bbe3abd067f)
                          - management (Directory, 23a605585e0a5e3cbe1a3ea8003b3296)
                            - __init__.pyi (RegularFile, f571933bb948577b1f9f3076fb8fc7c6)
                            - commands (Directory, 1ffd17b7ecec968f2d5942ac990a8750)
                              - __init__.pyi (RegularFile, f571933bb948577b1f9f3076fb8fc7c6)
                              - collectstatic.pyi (RegularFile, dd8e16664a1a2d933d88b824ccbd8e02)
                              - findstatic.pyi (RegularFile, 786891d9ad96683e0967c14d9d93e257)
                              - runserver.pyi (RegularFile, c8cbe4b7f1854199d2eead32c1a71037)
                          - storage.pyi (RegularFile, a37d966e6e2202cc25e78ece54f3de01)
                          - testing.pyi (RegularFile, 5f5bee86987b8738f2230948c92c59da)
                          - urls.pyi (RegularFile, b2c10e80e9ac82b5e2fa949b1f41c687)
                          - utils.pyi (RegularFile, 0bff86c5d9effa35a1ea3d138d9a6d65)
                          - views.pyi (RegularFile, 509996fdb38978f139df8ee77a123b62)
                        - syndication (Directory, 6e1c083d93191a3b33470d0d8dd44974)
                          - __init__.pyi (RegularFile, f571933bb948577b1f9f3076fb8fc7c6)
                          - apps.pyi (RegularFile, fd11298d322f7d2765245b2ce63ab719)
                          - views.pyi (RegularFile, 34f605a9dc8b3b63e1a3b8a3e79b6913)
                      - core (Directory, 23e7fb3a89fb040b4885534596e464b8)
                        - __init__.pyi (RegularFile, f571933bb948577b1f9f3076fb8fc7c6)
                        - asgi.pyi (RegularFile, fd740e20c155888a776ad8470aeea271)
                        - cache (Directory, 9bd7adba4774b04680268eabb3d1aa7a)
                          - __init__.pyi (RegularFile, 5fa4ddcf779683d85f0e000e637b80ae)
                          - backends (Directory, 1a39d0c6d2624943009b1c6f56a08bd2)
                            - __init__.pyi (RegularFile, f571933bb948577b1f9f3076fb8fc7c6)
                            - base.pyi (RegularFile, 690857b0c08fe7a6fc8ccf8473f81808)
                            - db.pyi (RegularFile, 4fc0282f314d06dc7cbca44d88293802)
                            - dummy.pyi (RegularFile, 892528ca921a4d90aed3c3534548c87b)
                            - filebased.pyi (RegularFile, d2d477a075284d07fbb364742f3a5701)
                            - locmem.pyi (RegularFile, 73c93eee53cd2f01feafa241efa1005e)
                            - memcached.pyi (RegularFile, 13c083290270a95f4305b6f53b3ebec0)
                            - redis.pyi (RegularFile, 00315a7039725639c2500c3f316168c9)
                          - utils.pyi (RegularFile, ea79ee7918a05a7b238fa681ae5e9021)
                        - checks (Directory, a45487f652876fc4040af8b70400c9e0)
                          - __init__.pyi (RegularFile, ab24eaf1c07d94bbd9dd3eb3bdd2f116)
                          - async_checks.pyi (RegularFile, 8ceccf1fd234cf162c0bc232cdea92ea)
                          - caches.pyi (RegularFile, 5172359f05a32b7e5971ccf704a9da3f)
                          - compatibility (Directory, b94782cdb13210f71edabef9804bae12)
                            - __init__.pyi (RegularFile, f571933bb948577b1f9f3076fb8fc7c6)
                            - django_4_0.pyi (RegularFile, 52d5d60facc6d00ef6c79ab167f99572)
                          - database.pyi (RegularFile, aca8390d693aa00eaa63d7138070be4b)
                          - files.pyi (RegularFile, abf403b755ea5a4bfcf90955146a9aa5)
                          - messages.pyi (RegularFile, 1f109fb5ee3739cfa4f908dee94a118f)
                          - model_checks.pyi (RegularFile, d11f19080f89eae21b17a2f929fb2d7f)
                          - registry.pyi (RegularFile, fe65a7877b2dbe8f8f375c7644acbff2)
                          - security (Directory, 9c26f4f8f5d590954c3c1320db000f64)
                            - __init__.pyi (RegularFile, f571933bb948577b1f9f3076fb8fc7c6)
                            - base.pyi (RegularFile, c6ede4d9490b1f4015e6bd59db042c1e)
                            - csrf.pyi (RegularFile, bb244422ec865183c4a6f9f2fcb696c9)
                            - sessions.pyi (RegularFile, 105d31c766dd5107e6eceae2c8c38cd8)
                          - templates.pyi (RegularFile, f8a49979bf9f5c19afc1365793fbec55)
                          - translation.pyi (RegularFile, 26e6c2fd35cf4c8e10bf0a53fb577dc2)
                          - urls.pyi (RegularFile, 3a18468ee490ffd265f3adc753614971)
                        - exceptions.pyi (RegularFile, 17eca38ead379c15b35c1257d1dbaa1f)
                        - files (Directory, eb479bcb011b687833df23cf277cee29)
                          - __init__.pyi (RegularFile, 64d0dd3c095dae14773a18d478001640)
                          - base.pyi (RegularFile, 1222b540cc08ca75919762bcdf5d07c3)
                          - images.pyi (RegularFile, 372bc0f0fb81c033266cc43b84a20f56)
                          - locks.pyi (RegularFile, 0c2996801b092936b1738140c207db60)
                          - move.pyi (RegularFile, 455e8abc36a2ca5713c7fd95900e366f)
                          - storage (Directory, ecd584bb84431dedf648378c1d924838)
                            - __init__.pyi (RegularFile, 38e2b2a263c3306794ce7acfe4b91d08)
                            - base.pyi (RegularFile, 870c5b25ce6d00c67d455909631c1272)
                            - filesystem.pyi (RegularFile, fd6132bf0e3e875719b42fb28b89d2ae)
                            - handler.pyi (RegularFile, 350417d7974fa858d97c10c2575bd2e7)
                            - memory.pyi (RegularFile, c28de51404d93be4a321bb4d356a015c)
                            - mixins.pyi (RegularFile, b0a263029bfd742391c7fdefb42d3254)
                          - temp.pyi (RegularFile, 98cd0d4a6e25b43ac0c8a324226d6e03)
                          - uploadedfile.pyi (RegularFile, c1402bcedc82a7fb09ce7969f7cb1a63)
                          - uploadhandler.pyi (RegularFile, 9ff4b0807cad4149c7d60d0ce071d64c)
                          - utils.pyi (RegularFile, 01ae41bc328fc36135bef1f5f403e02f)
                        - handlers (Directory, 30ed1380822c143a681dfee0e34e007f)
                          - __init__.pyi (RegularFile, f571933bb948577b1f9f3076fb8fc7c6)
                          - asgi.pyi (RegularFile, f6e42235da43f00259fa774fde7b346f)
                          - base.pyi (RegularFile, 59d65cac32a75234db456a6ae5d0e0cc)
                          - exception.pyi (RegularFile, cf38bcb03785a4a479397a249a2ebf47)
                          - wsgi.pyi (RegularFile, 2a0a33ef621822799f31ecd69dfbc591)
                        - mail (Directory, 4b74b837042681a42a38e105f7adab15)
                          - __init__.pyi (RegularFile, 07ef3e21f66799bedb373f00b2178f06)
                          - backends (Directory, 0655c3aa543cde442dd203786a45c680)
                            - __init__.pyi (RegularFile, f571933bb948577b1f9f3076fb8fc7c6)
                            - base.pyi (RegularFile, 3f21632cce84756ffc6f941514224d79)
                            - console.pyi (RegularFile, cc9dafd687e3c77a1d4b3718fd80aa31)
                            - dummy.pyi (RegularFile, 8b568c5d0de56fb2b82083c62a78fdc9)
                            - filebased.pyi (RegularFile, 87719aceb310d3b11b8b75fec597b202)
                            - locmem.pyi (RegularFile, 8b568c5d0de56fb2b82083c62a78fdc9)
                            - smtp.pyi (RegularFile, ad43c00f2714f00a76373a1cc4d1825c)
                          - message.pyi (RegularFile, 865f59e5925d4f501ca639620b9299d1)
                          - utils.pyi (RegularFile, 782a94679d0efb2c52937a5df225482a)
                        - management (Directory, 37b29ca66ce4e1c0307ddf4810710a49)
                          - __init__.pyi (RegularFile, 011b7ec601311e6595dab3a680f42ea4)
                          - base.pyi (RegularFile, 2b31d97dc9d8faae2c5c6d3d112d0f3a)
                          - color.pyi (RegularFile, 24c7a736f849b4c664a4b1a07f281867)
                          - commands (Directory, d722daa2e15c18ae60a1fe83761680ea)
                            - __init__.pyi (RegularFile, f571933bb948577b1f9f3076fb8fc7c6)
                            - check.pyi (RegularFile, 871323ccf23bfdfdd003742eab92d814)
                            - compilemessages.pyi (RegularFile, ab6185a124f3801ab48c915ef0f88a6f)
                            - createcachetable.pyi (RegularFile, f7837d4fa4d66ecca20a262d4e5ee924)
                            - dbshell.pyi (RegularFile, 1381336c6778fc2b916feb5a6e82dd67)
                            - diffsettings.pyi (RegularFile, 7da3d933585eca7b52d8462f4dcc3ee5)
                            - dumpdata.pyi (RegularFile, 728e8d9982190d5ffb4c12e66b8ea03b)
                            - flush.pyi (RegularFile, cddf3db9a5b6bb682adbcde19c64148b)
                            - inspectdb.pyi (RegularFile, aec141605adb770bdc75995124085f6a)
                            - loaddata.pyi (RegularFile, d6941993825deccc2551ebe7a9c27d4d)
                            - makemessages.pyi (RegularFile, e84cc650dcc2921a7641ea0dfa5757de)
                            - makemigrations.pyi (RegularFile, 8fc648aaf0331296830217ddbf01df15)
                            - migrate.pyi (RegularFile, 0a3cdd7971ed0e6f0a99e7b42c337bca)
                            - optimizemigration.pyi (RegularFile, c8b2ec87e2f2f04f4132bcbe1e71fa77)
                            - runserver.pyi (RegularFile, 34b44b704e64bcc9072d72f8e000b532)
                            - sendtestemail.pyi (RegularFile, dcd9e64ac719f1bc2fd6f58a05c3c2b9)
                            - shell.pyi (RegularFile, 0fe823ced4844576012e7ebf2cd21af4)
                            - showmigrations.pyi (RegularFile, 868a958836361027d1e191ac50e5617e)
                            - sqlflush.pyi (RegularFile, 32f9bfaffce20f7fb19f3682347ae00e)
                            - sqlmigrate.pyi (RegularFile, 634932fb9c48c07594f01670b0362bae)
                            - sqlsequencereset.pyi (RegularFile, 60694ebd6660b53ab2af2c32b941ce95)
                            - squashmigrations.pyi (RegularFile, 89fbd422d8ef54190d75b88d83139f30)
                            - startapp.pyi (RegularFile, 31eebdbb04c8fe2d4820abea3670c42b)
                            - startproject.pyi (RegularFile, 31eebdbb04c8fe2d4820abea3670c42b)
                            - test.pyi (RegularFile, 74c906d29ebf3cedf1bfab24841453b2)
                            - testserver.pyi (RegularFile, c8b2ec87e2f2f04f4132bcbe1e71fa77)
                          - sql.pyi (RegularFile, 6c9d179c9441f43ed30103b7b06cace8)
                          - templates.pyi (RegularFile, 3b6ec34023d95ca75bb7229bdbcf19c4)
                          - utils.pyi (RegularFile, 825955d394cb3e2d9e0ae282f10be22d)
                        - paginator.pyi (RegularFile, c1809cd3d8eb2413b10ec0238d1ca178)
                        - serializers (Directory, 26499e3ba9d7ca53cb5a75fc11d29bc4)
                          - __init__.pyi (RegularFile, 9151f33896a927bf79f327856622dc7e)
                          - base.pyi (RegularFile, 0dfda85a701698adf42c1261fe3b7884)
                          - json.pyi (RegularFile, a99983ebc5f572801ac24cf559118d15)
                          - jsonl.pyi (RegularFile, 22d79a1dfe47b208ee62cf7849a06a8f)
                          - python.pyi (RegularFile, 71379b0f3abd135434b8e5f3a113652b)
                          - pyyaml.pyi (RegularFile, 5346632067d09df468c97d7ff000a825)
                          - xml_serializer.pyi (RegularFile, b259a7cd9e8a43b8a6af72cb75741254)
                        - servers (Directory, 8bd505e18d836e5cd50acacc1e405f0b)
                          - __init__.pyi (RegularFile, f571933bb948577b1f9f3076fb8fc7c6)
                          - basehttp.pyi (RegularFile, 4062af88a003c115455bbd123822bd8f)
                        - signals.pyi (RegularFile, a88982c407cb9e0c031e7841a4c520c4)
                        - signing.pyi (RegularFile, 3945ae0763f63857aedc6fd4af5faa2f)
                        - validators.pyi (RegularFile, cbe500e614b49d67e8156252d34fa737)
                        - wsgi.pyi (RegularFile, d4c37c1442f7f5fc11a5bbbaa39e70d6)
                      - db (Directory, ada323572270a9e2454ce8bb84d8c295)
                        - __init__.pyi (RegularFile, 838165a6ec283367c9a552e7bd169fe6)
                        - backends (Directory, 40ac46eedd4f0dec29767cdd8ef21738)
                          - __init__.pyi (RegularFile, f571933bb948577b1f9f3076fb8fc7c6)
                          - base (Directory, 56a40b5c55b0e084158a292747d4f082)
                            - __init__.pyi (RegularFile, f571933bb948577b1f9f3076fb8fc7c6)
                            - base.pyi (RegularFile, a67b40555e70063dbdd9f8a242ba4a3f)
                            - client.pyi (RegularFile, c8f20447be42cb4ef1610bc1d8a33430)
                            - creation.pyi (RegularFile, 664814440c98867e44a09bf549d32b84)
                            - features.pyi (RegularFile, 60b59895e5fe3e7b1260b3b65e0ff7a3)
                            - introspection.pyi (RegularFile, bf577d1a047ce4e2de224ebaf08e6048)
                            - operations.pyi (RegularFile, 701eb50cece29ee7672d5d1eeac096ea)
                            - schema.pyi (RegularFile, bf2dec3e4b8fd00a1099ef420b9cd1d0)
                            - validation.pyi (RegularFile, 8641ba4a6d751488b29a5421204df940)
                          - ddl_references.pyi (RegularFile, 7806177352cb328a2c4c2ec17548d243)
                          - dummy (Directory, 081b54f8e23682822f8e76252777083e)
                            - __init__.pyi (RegularFile, f571933bb948577b1f9f3076fb8fc7c6)
                            - base.pyi (RegularFile, 36d891bac9b037f1c5bbbda16622a8b9)
                            - features.pyi (RegularFile, 014ae26ae2dcfb64b55baaabeeb72f66)
                          - mysql (Directory, 28aba29c128d04ab9fea69a842f95404)
                            - __init__.pyi (RegularFile, f571933bb948577b1f9f3076fb8fc7c6)
                            - base.pyi (RegularFile, be9c92f1987af40af9df7eea26bab032)
                            - client.pyi (RegularFile, 84140c8858d6a3d4729c8d2fe03e096b)
                            - compiler.pyi (RegularFile, c4a9ea60131e8a5a41ccfda7833dd97e)
                            - creation.pyi (RegularFile, 1d52085ca614c1e89fb3cdfaae72e2fb)
                            - features.pyi (RegularFile, e25c830d8c221f8707c6b4a7529daf88)
                            - introspection.pyi (RegularFile, 8f600a2905a70f656784f41b0d45b2a7)
                            - operations.pyi (RegularFile, 994441fb309db651ed877133d874310b)
                            - schema.pyi (RegularFile, ab0d5d7f7db17639d8b246758121f322)
                            - validation.pyi (RegularFile, 749be87451e26eb8cca0fdfc3b18a876)
                          - oracle (Directory, 0648c686c3b88bac52f24ec6b6180f28)
                            - __init__.pyi (RegularFile, f571933bb948577b1f9f3076fb8fc7c6)
                            - base.pyi (RegularFile, 7eb29be82514a376e5793f9a432c49a9)
                            - client.pyi (RegularFile, 94faddbf4362144fc85102f20568a008)
                            - creation.pyi (RegularFile, b6274a82c40068decb1f485e1b1e24a2)
                            - features.pyi (RegularFile, eebd2f923e2ddaf3f1a367332040542a)
                            - functions.pyi (RegularFile, f09905492ec2733c67876f3e6f36e3db)
                            - introspection.pyi (RegularFile, efe72a54460bd10e27e4336fb51cdc5c)
                            - operations.pyi (RegularFile, fb4aa65fdd1ceede6fdfd26896361690)
                            - schema.pyi (RegularFile, 804aba4fa7be5514f03bd13534fe5833)
                            - utils.pyi (RegularFile, 202544f0f07b535f8815035a4a1a9607)
                            - validation.pyi (RegularFile, 5104c76c7b6af55d135df7db99480c3a)
                          - postgresql (Directory, 80ded9105b5c90cf37cf0af2130b4f4a)
                            - __init__.pyi (RegularFile, f571933bb948577b1f9f3076fb8fc7c6)
                            - base.pyi (RegularFile, 477ad18234e21b2cc353e8fef28289ef)
                            - client.pyi (RegularFile, c7af5cf1cdf0486e7dda77440f94383e)
                            - creation.pyi (RegularFile, 73ee09de4383379fc402b72581421f2b)
                            - features.pyi (RegularFile, bab39155bae8bd4283830f89d4e684ed)
                            - introspection.pyi (RegularFile, 75fc4d443eeaac4a4cd292f2c9c0e367)
                            - operations.pyi (RegularFile, 1a0d0bb112b487d0ac748b943ed269a9)
                            - schema.pyi (RegularFile, 20f18d0828d6ff3401ae514b69ee9d8a)
                          - signals.pyi (RegularFile, bcd6e71928b8f7cf9d55ef48dc558ea1)
                          - sqlite3 (Directory, 67e774c3e740a230dd8b7ba8ea1c3d22)
                            - __init__.pyi (RegularFile, f571933bb948577b1f9f3076fb8fc7c6)
                            - base.pyi (RegularFile, c9119db7c4fc43dc79004dd5bf8dae2e)
                            - client.pyi (RegularFile, 1f0f13e4e34e6bb1fdfb716cc09edde4)
                            - creation.pyi (RegularFile, 128d62ba77b09fc65c435cf5c14766cc)
                            - features.pyi (RegularFile, 80043159a480b06274efc9d5737e6282)
                            - introspection.pyi (RegularFile, cfcf94db5b8ea210c02bd848ff3a2fc7)
                            - operations.pyi (RegularFile, 1a7bd97c2f374861a7c858944bfbd461)
                            - schema.pyi (RegularFile, accabaaf458a60a93404164164a1da6d)
                          - utils.pyi (RegularFile, f218daaee50caaf4d807e252ce4d639e)
                        - migrations (Directory, 04fee4a33bd518cc19f3c41256473561)
                          - __init__.pyi (RegularFile, e827a3300f726478f40948f2a19bf7b8)
                          - autodetector.pyi (RegularFile, 75f7a334add4f31cb863a474e7e56680)
                          - exceptions.pyi (RegularFile, cb2ed32547d941d112f51b889f15798d)
                          - executor.pyi (RegularFile, 9500a05c6e4a3986182366f54264335f)
                          - graph.pyi (RegularFile, 219e0f4f9a9c63d8abc87aff42cff339)
                          - loader.pyi (RegularFile, 746e126a9ed90c408746c2e72ef30fc8)
                          - migration.pyi (RegularFile, 430b5bb4ad982221e6a236a5179639da)
                          - operations (Directory, ccf857c7c0a256123ce036d388aaf0dc)
                            - __init__.pyi (RegularFile, 1e1ce807fd524a3ad3e230956fbcd480)
                            - base.pyi (RegularFile, f53ae2baf94c780b7640b6e553c9efd6)
                            - fields.pyi (RegularFile, 25ca66d449eaa4ef6155804267fce002)
                            - models.pyi (RegularFile, 2aba2ee1e28e8ba0d6a86a373a476326)
                            - special.pyi (RegularFile, ce820f2c5d5ed81a64d9bc9e113d07dd)
                            - utils.pyi (RegularFile, be1282315cdedbfa723866ba8b0117cf)
                          - optimizer.pyi (RegularFile, d079f3ea5534ad10d7c4c3de22a40efb)
                          - questioner.pyi (RegularFile, 5ba974087c9ef2a779f33c936cebd91c)
                          - recorder.pyi (RegularFile, 185c94af714ed2a73d286fb481320776)
                          - serializer.pyi (RegularFile, cf414f2f46438081542bb31155e7b98d)
                          - state.pyi (RegularFile, f56c118d4c4c8f4017181ead14cb4d83)
                          - utils.pyi (RegularFile, f99d85dc465c9cb582443b240bc6c23d)
                          - writer.pyi (RegularFile, 1ef97a26f97470465160b81aae0c3fde)
                        - models (Directory, f2cee6be9590fbc2e00e04961c21ac0d)
                          - __init__.pyi (RegularFile, 0f17af44b8cd6797482bc46bc5c6ae35)
                          - aggregates.pyi (RegularFile, 5814cbfea2155cff9de5235bb43b440e)
                          - base.pyi (RegularFile, 86d390daa15c34d37409a7a1f59025aa)
                          - constants.pyi (RegularFile, 71e3b90e1afdb34a87c5e01c89c7f89c)
                          - constraints.pyi (RegularFile, fc80b2f3cbcea8ecc753bbacda3821b6)
                          - deletion.pyi (RegularFile, 0473d91fb440f69249bc0a96f29ef7a5)
                          - enums.pyi (RegularFile, fb4c02f24064828bc03eefd891919f2d)
                          - expressions.pyi (RegularFile, 256a8fd7d317c4b68afa34ffe3a1dc6a)
                          - fields (Directory, 1ad34b9472eab7f01334f15b1fcda9ec)
                            - __init__.pyi (RegularFile, 3ad1b7752e38cc0cfb1ff1af368a4d45)
                            - composite.pyi (RegularFile, 929f5230df62cf88df2f8f7b69819bd8)
                            - files.pyi (RegularFile, c39b84944d45f5f48c40bce0131e9c78)
                            - generated.pyi (RegularFile, 7f7eff5e6838d11574c2dfbc80dbc25a)
                            - json.pyi (RegularFile, 8c97593e14130a2f991280257624f5f9)
                            - mixins.pyi (RegularFile, 5ce91185447c09831fa87d046cc3ae9d)
                            - proxy.pyi (RegularFile, 9b3ebad23fb0437c058ae751cb4c96ca)
                            - related.pyi (RegularFile, 978265dab3e82079fc63706c49c6b568)
                            - related_descriptors.pyi (RegularFile, cde2abda9348719400e91a84db507f1c)
                            - related_lookups.pyi (RegularFile, e2a59eeca13e42c587cd783ad6750862)
                            - reverse_related.pyi (RegularFile, b4d083bdaeef225ea4b30ade8836fc86)
                          - functions (Directory, 1ddc4dd8868da3782d2652b1a361d00f)
                            - __init__.pyi (RegularFile, a2aa7486c3d010a02024966661c0c79b)
                            - comparison.pyi (RegularFile, 939ceb0a2b6ab213849880dd84475f14)
                            - datetime.pyi (RegularFile, 87c3b4a09d911355e4191fd03f048736)
                            - json.pyi (RegularFile, d1d9f6942df337e4f9a32e5247858090)
                            - math.pyi (RegularFile, ccfaa43d35efc5f04359a935862c9329)
                            - mixins.pyi (RegularFile, e97aafa75dbe6da035ff11056fd57b99)
                            - text.pyi (RegularFile, bf394cb9f738e2a2b44793118a7d16c9)
                            - window.pyi (RegularFile, 50dd9d8d981067f48d57d65dce55a161)
                          - indexes.pyi (RegularFile, ac5544ac0c648766a8c4780dfd1952f3)
                          - lookups.pyi (RegularFile, d6b657956e26a0f2bc438dd410bd490e)
                          - manager.pyi (RegularFile, ff1c487b50f20265bc30aeafe1eed62f)
                          - options.pyi (RegularFile, 7aa7075ab474bb85dc3fb18a4438b1b6)
                          - query.pyi (RegularFile, 8ea610e65001fc4aaa831a9a894d4bd8)
                          - query_utils.pyi (RegularFile, 5aaca0d3cb5db0b36e50544ad7a83a22)
                          - signals.pyi (RegularFile, 98459d4c4bc13beb910ded154362e4b6)
                          - sql (Directory, e40c47d00cd98ed93f2566d7d6e2cbd5)
                            - __init__.pyi (RegularFile, 1b2a0937eed29de0935161284e2c3a61)
                            - compiler.pyi (RegularFile, 27c717f4ece0a0f44358714787a993ab)
                            - constants.pyi (RegularFile, 25abd23623fa963f3f6147a262d1d324)
                            - datastructures.pyi (RegularFile, b554b2de502bae76d974ffdbc6db08b8)
                            - query.pyi (RegularFile, 7a10e85cca909e58db336ea0d061a2b9)
                            - subqueries.pyi (RegularFile, fd658f8a9b74c0dedaa489db0a604dac)
                            - where.pyi (RegularFile, a750593b89d5d182a27264d6eea340cd)
                          - utils.pyi (RegularFile, fc8b687b1e92986007fc755a421417ad)
                        - transaction.pyi (RegularFile, f6fa4386de9fb7d7a7a85beefd94d8ce)
                        - utils.pyi (RegularFile, 0bf029cf9f2f9c56d8409e20b535815d)
                      - dispatch (Directory, 7cd4905338fec94fa00f9e8fc0d9befb)
                        - __init__.pyi (RegularFile, b8d94d6335e45d437f86cd5bca3343c6)
                        - dispatcher.pyi (RegularFile, dbf446b57e185f75dc70761747c306b6)
                      - forms (Directory, e77fe71c313b08c0359a1b18a11fa91c)
                        - __init__.pyi (RegularFile, 5713d20a507e888ded3b3137ea9bb409)
                        - boundfield.pyi (RegularFile, 3b0d4d11f187aec298fc8b3cb995430c)
                        - fields.pyi (RegularFile, 7b096bcf8d7116c252dfe4bfbb0a4884)
                        - forms.pyi (RegularFile, 193434406a3323fff5cd304db3c1db30)
                        - formsets.pyi (RegularFile, 6af266e8a7d32928e5d1a21ee80db9f5)
                        - models.pyi (RegularFile, 54b535cc17175e54154653a85ebdcf1e)
                        - renderers.pyi (RegularFile, 99a5a35585484a1195aa568f5989aeb3)
                        - utils.pyi (RegularFile, b73628466823cb8c75f9aa0e65175b1d)
                        - widgets.pyi (RegularFile, 27d931382473293bb47ff3d0aeca44f2)
                      - http (Directory, 43878efb904c19d0e6bee87cfd03f73e)
                        - __init__.pyi (RegularFile, 244b16d5ad507c1e2dfa1376b5f6aef0)
                        - cookie.pyi (RegularFile, 26917efaa44062384c7caa4961c6335f)
                        - multipartparser.pyi (RegularFile, 32f5dad8dc186125d8532246596571ee)
                        - request.pyi (RegularFile, fec77210fa3e7b6f5477666bfca1a5a5)
                        - response.pyi (RegularFile, 42cf1c29c61b3e45dbf18c2e8c0c1e4f)
                      - middleware (Directory, 1a1bad8a49e3662da7cf00ab7d23b6db)
                        - __init__.pyi (RegularFile, f571933bb948577b1f9f3076fb8fc7c6)
                        - cache.pyi (RegularFile, e5cdcc245fe55990b774af75262a0c1b)
                        - clickjacking.pyi (RegularFile, 43447bee0167162d2ed7cf7a2a65affe)
                        - common.pyi (RegularFile, d1f97e05642d31fd2d94b30362ab3bee)
                        - csrf.pyi (RegularFile, 6184d5d1e447ef94911429989342a1d4)
                        - gzip.pyi (RegularFile, 4d197f10b095f79275e7ff5cf2e7edf9)
                        - http.pyi (RegularFile, 1b9870f9983c818e0160e1d62b4265d6)
                        - locale.pyi (RegularFile, 0f6586ae14f5e4b4a3cd95bf8bf66006)
                        - security.pyi (RegularFile, 0aec5815370e0d5e4cfd159be214e063)
                      - py.typed (RegularFile, f571933bb948577b1f9f3076fb8fc7c6)
                      - shortcuts.pyi (RegularFile, fcb61745d2c45df76bba5967c011bf8b)
                      - template (Directory, 059611fa16788f3eb940231207213e5d)
                        - __init__.pyi (RegularFile, 74cddd34f2c4908c3d06f6213a8ad32b)
                        - autoreload.pyi (RegularFile, ccd833d63e0f797f0d6e22f8f111cbec)
                        - backends (Directory, ce5c5a17f3712c07eb43d801a3d2c34d)
                          - __init__.pyi (RegularFile, f571933bb948577b1f9f3076fb8fc7c6)
                          - base.pyi (RegularFile, 4b5dfc1aa29ae565778e177e13a65051)
                          - django.pyi (RegularFile, 2a41666c02285bfa801f8c3ceb612a74)
                          - dummy.pyi (RegularFile, 3c0ce375c7b7e50e78bd39e1a2b4e892)
                          - jinja2.pyi (RegularFile, c98938dc61e491274e3faf63553339c4)
                          - utils.pyi (RegularFile, abbc7ca4aaceac7e651f9a2ac6863fdd)
                        - base.pyi (RegularFile, 1c65b4c96eb16ff344a1355568b947fb)
                        - context.pyi (RegularFile, 2d59fbe62bd430207fdd52228113c795)
                        - context_processors.pyi (RegularFile, e980d505978ddab7d764446bfd15c8ea)
                        - defaultfilters.pyi (RegularFile, c91c7acfaf224fef2874929591bb8693)
                        - defaulttags.pyi (RegularFile, 81cb967da6db4393c6ad040433d6b5ab)
                        - engine.pyi (RegularFile, 3f5ad97f4f4d5064eb53d41df4c6df0a)
                        - exceptions.pyi (RegularFile, 84c053258ecc83c1a6ca6a725809c0db)
                        - library.pyi (RegularFile, 56e68a06a5d55c7998ac23e186738d68)
                        - loader.pyi (RegularFile, c5c34ba7b96626ebeafa69bb7f8216aa)
                        - loader_tags.pyi (RegularFile, a3c2b1f3a630da36769ed2a901f09772)
                        - loaders (Directory, 353aea5816b6a1d2f20b0ee5f567bb66)
                          - __init__.pyi (RegularFile, f571933bb948577b1f9f3076fb8fc7c6)
                          - app_directories.pyi (RegularFile, 6c88a849d82641c2c4f6204c886a1d29)
                          - base.pyi (RegularFile, 1d1e9d6ff0677158edb708cf59058288)
                          - cached.pyi (RegularFile, 5925e306f33fd1443fd687fc544e83a0)
                          - filesystem.pyi (RegularFile, 5a52d1cfa32bcedc734da7a3f97852d6)
                          - locmem.pyi (RegularFile, 4686a201eb1e057057fa179997897ae5)
                        - response.pyi (RegularFile, cdefb35e0c28c9bf16f49240769504cc)
                        - smartif.pyi (RegularFile, 3707a91e1a48d3d87eb8ac882ce74cec)
                        - utils.pyi (RegularFile, 1611f437de892e1788d40bcc0df60f48)
                      - templatetags (Directory, 2d112b592ba0effbb65bdc63b97c143f)
                        - __init__.pyi (RegularFile, f571933bb948577b1f9f3076fb8fc7c6)
                        - cache.pyi (RegularFile, 2f99e98a7c54a087b523ae25cd76160d)
                        - i18n.pyi (RegularFile, 897afce0d51f38552ef6ce4c4cb21fd3)
                        - l10n.pyi (RegularFile, 2fc4ed1e4db1612ab32a656cd111e744)
                        - static.pyi (RegularFile, d1f8dba6234aed4591ca97d2f0d7d7e6)
                        - tz.pyi (RegularFile, a53143039d89743f10eb98480d5fcd06)
                      - test (Directory, a1bfccf6d28420cc85bec34f4309e6d1)
                        - __init__.pyi (RegularFile, 442bda44f11150c15f7786e7a327bc67)
                        - client.pyi (RegularFile, 52524c31c079e7247e562350aec3b2d0)
                        - html.pyi (RegularFile, 38630f77b5124209b88038e9692a07a3)
                        - runner.pyi (RegularFile, 7c4517d545cd3b981a5bda144f6e5061)
                        - selenium.pyi (RegularFile, 2bc789f58089483d669aa086c2ee7fa4)
                        - signals.pyi (RegularFile, d6115a8d8cf05acd6e21fecaa9c4bd81)
                        - testcases.pyi (RegularFile, 1f1ac6b048bf1e9a1dfaa007f8474047)
                        - utils.pyi (RegularFile, eb794f19b0072d9f9bb828cd4b7bc95d)
                      - urls (Directory, 47cfe2eff29cb51796359947690a5a8e)
                        - __init__.pyi (RegularFile, a4fe2523266d732330600f08dc8e5c57)
                        - base.pyi (RegularFile, 8104d5fa9b5465cb18941930fe0e9d9e)
                        - conf.pyi (RegularFile, c6afc31f1a1efb59b3f3a94cc4208021)
                        - converters.pyi (RegularFile, ca40e5252b5d7c2f1404f855d8d2912d)
                        - exceptions.pyi (RegularFile, 77711496df63dcd55fa8d9d5711dbcf7)
                        - resolvers.pyi (RegularFile, 2ec8596e6bc8a3dae76726bc6eb6bece)
                        - utils.pyi (RegularFile, ea89475587d0dbf52b07aea4104ed19f)
                      - utils (Directory, 537f29fb7633bd754f5df939273de905)
                        - __init__.pyi (RegularFile, f571933bb948577b1f9f3076fb8fc7c6)
                        - _os.pyi (RegularFile, c33f7c4a32097a43fd027fcfe271b308)
                        - archive.pyi (RegularFile, c1054688a841695f3a5194fd4e965856)
                        - asyncio.pyi (RegularFile, 093c7d9c30b41c929010efe03980c108)
                        - autoreload.pyi (RegularFile, e36d742e863f900dcbb92a64e5926299)
                        - cache.pyi (RegularFile, f9178bb79b7855602504c9c2f7b77549)
                        - choices.pyi (RegularFile, a29c87d3d76c85e514a0acd1b845bf33)
                        - connection.pyi (RegularFile, 68c014e1b399a0fe3db2a67a903c3b18)
                        - crypto.pyi (RegularFile, 5163090660623837a2ca0b4538bf7dd6)
                        - datastructures.pyi (RegularFile, a1fc34ba3a900aaf58d8789497b6f70d)
                        - dateformat.pyi (RegularFile, ae35adb97d4e0b072eda20efd2c9ac09)
                        - dateparse.pyi (RegularFile, a0248ab66f5d0f0bc6b00cf82740b88f)
                        - dates.pyi (RegularFile, 9bb1a5ed6ac9a40be0227d4b574926b0)
                        - deconstruct.pyi (RegularFile, e46ee08ae71ca2be0174f107ef0027ff)
                        - decorators.pyi (RegularFile, 97d7a93d4132afaf958227e52c1d5011)
                        - deprecation.pyi (RegularFile, a324ad6f5f6687bee6915e1f2bf7d688)
                        - duration.pyi (RegularFile, 4dfb08f7b23b63c76d73f9af718de9a4)
                        - encoding.pyi (RegularFile, 97a8a2578625720030bcff516dc8fb9e)
                        - feedgenerator.pyi (RegularFile, e1e493a645717d6f78150e3fad0562e8)
                        - formats.pyi (RegularFile, 21f2b3bb281737c5fd0d4c94b8e9b21b)
                        - functional.pyi (RegularFile, 7928144375205b6f386180a3b077c6d7)
                        - hashable.pyi (RegularFile, 96b3fca264abcb98521fb84dffb9b642)
                        - html.pyi (RegularFile, e0fa7c5cb9cb2fd14b493121cc13b6dd)
                        - http.pyi (RegularFile, 84b32d6002f8e8befe154ba0f119ac93)
                        - inspect.pyi (RegularFile, 4fa0c16badbec656fde923b1a1f0fa47)
                        - ipv6.pyi (RegularFile, 66b846140bce7ce2214f59f4f79e2109)
                        - itercompat.pyi (RegularFile, e4ecd3ee6f5ed7fe31392de362cfc152)
                        - log.pyi (RegularFile, 52fa145f7db67d89f7793235c2c849ea)
                        - lorem_ipsum.pyi (RegularFile, 8bb3dd1a2f90c9747114b28d3c2cd959)
                        - module_loading.pyi (RegularFile, adccc9d0b4145be5ceea5143f1fd4715)
                        - numberformat.pyi (RegularFile, 55181a9fd85edd562d7a40bceb97e348)
                        - regex_helper.pyi (RegularFile, 1dc7c6cf3ac1b9cdad249d8e92dae54d)
                        - safestring.pyi (RegularFile, 25984d69d6e8c170fe79d131edba8ce3)
                        - termcolors.pyi (RegularFile, cb6054846df8da9c6cdfce40dfe008f6)
                        - text.pyi (RegularFile, a624fda8a57a91a3e79b7dac8c967901)
                        - timesince.pyi (RegularFile, 9ce53eed51df14904d937177c41eb934)
                        - timezone.pyi (RegularFile, 040d00e4b3f0c6432c4f9c1e75608208)
                        - translation (Directory, bf7daee3b9debb4ac58ad8313c6a6eba)
                          - __init__.pyi (RegularFile, f75fd5e61ae34611da5ae9a3a64bd9d1)
                          - reloader.pyi (RegularFile, 1ed482f960f37974039e61bd9c574b6a)
                          - template.pyi (RegularFile, d996973bf0abcaeb0c794e0471476db5)
                          - trans_null.pyi (RegularFile, c72f26ee72e075b6d57371cdfa2dd6ad)
                          - trans_real.pyi (RegularFile, 37d1ef7fa85a51dd1a4a39b3a64a3e83)
                        - tree.pyi (RegularFile, 0b1f3db2051b711307bea02c286f6e0e)
                        - version.pyi (RegularFile, ea3a9fb24f771717a61159038a6ab9d6)
                        - xmlutils.pyi (RegularFile, ef44d647f5bf2c65031c1556840c7381)
                      - views (Directory, 57d99d4fb6c67f9914fbf6e3d816660f)
                        - __init__.pyi (RegularFile, 706520f07565e433487c5c00a6020447)
                        - csrf.pyi (RegularFile, ecd5cd224809abf5df71597c696a6c80)
                        - debug.pyi (RegularFile, 0d7570f1091f0ce376d76d7e68ad823d)
                        - decorators (Directory, bc4904f16ad0ffea8d6ef480c7ca5170)
                          - __init__.pyi (RegularFile, f571933bb948577b1f9f3076fb8fc7c6)
                          - cache.pyi (RegularFile, 14cafa59766c4aa800eb1e1d55b13e0e)
                          - clickjacking.pyi (RegularFile, b508545446182318bd0925c028ff16f3)
                          - common.pyi (RegularFile, d8288fd70e26a6dd1d5c72967c363dba)
                          - csrf.pyi (RegularFile, a9ebc24cbd93cbe01d03fd1a4b679467)
                          - debug.pyi (RegularFile, a45faedb4dcfb4edd4b8503fa84b12ee)
                          - gzip.pyi (RegularFile, fa85b1ff9dc91c26c810fe8401568a1d)
                          - http.pyi (RegularFile, ae5f3f7d203600dd29053e69036880d1)
                          - vary.pyi (RegularFile, b4d444e631c26ce0423e03dd7df7caf1)
                        - defaults.pyi (RegularFile, a85607082234fe777d103bafb9f01889)
                        - generic (Directory, 2af13065ce4196c190b611e48b457fae)
                          - __init__.pyi (RegularFile, 200f64fe1c7cca0598ff080517d30dc5)
                          - base.pyi (RegularFile, 9120c1b87e232990fd1b7ab096f02088)
                          - dates.pyi (RegularFile, 6623725114b536068e33110b6b386ca9)
                          - detail.pyi (RegularFile, d658af8e3eae75d97750b93b78a8189c)
                          - edit.pyi (RegularFile, d29c1d50577521cf348fd689b9b5de38)
                          - list.pyi (RegularFile, e1d7fb181e09bc58b2aa8d76a3ed5884)
                        - i18n.pyi (RegularFile, 88263a4ab5d2d1540098da574b5fd27c)
                        - static.pyi (RegularFile, 4345a1e1a1193a8bc9a18c51e673db81)
                - check_all_test_suite.py (RegularFile, bf3b9582fb47bd61623a20b700b36a3c)
                - conda_packaging_tool.py (RegularFile, d322d8832502f4667fcc6fa53902eb89)
                - coverage_runner (Directory, 546ec5ce35d02d2641c5754a5a3da07d)
                  - __init__.py (RegularFile, 6f364a19c4736fb8c980c9cc7d66ee2d)
                  - run_coverage.py (RegularFile, 4f6f6c887b157e64e18ccc32e8478c4a)
                - coveragepy_new (Directory, 7248a6899aef4efb1260e8da9e5ca18e)
                  - __init__.py (RegularFile, 2272fc21894149f64e74b208b1d64b67)
                  - coverage (Directory, a8efadd0820287dfdb5efe4a04123e99)
                    - __init__.py (RegularFile, b69d409d8698091b9df9874fb9ea33dd)
                    - __main__.py (RegularFile, 0a95b02fb737cf295a4d97a0624d6cfb)
                    - annotate.py (RegularFile, d32c808cf3f593232047cd12ce45598e)
                    - bytecode.py (RegularFile, 1a466a02f7f8d6860fd9092c9edfc169)
                    - cmdline.py (RegularFile, 6aeec1229d30b5b2b908f6e7a64f5381)
                    - collector.py (RegularFile, dd2cb23a752b4bda2ed3ca4c0987886e)
                    - config.py (RegularFile, 0ab767740b7d6178cbf8a8ed2bc589e9)
                    - context.py (RegularFile, 682ebffebe00b2b6389370b2bf2c952d)
                    - control.py (RegularFile, 582ad2ddb07031fe18bcd5939825fe7e)
                    - ctracer (Directory, 4db229a55ba5e125b4d4377c1ee6987d)
                      - datastack.c (RegularFile, 7fce7bf43d8168479153ca1113ee2245)
                      - datastack.h (RegularFile, 7905bc2bf2a8ca42fcad9da76e0b34cc)
                      - filedisp.c (RegularFile, 85753643124923b3cc6dd7edc771dfe4)
                      - filedisp.h (RegularFile, a9539bc1bf36cc9fd02e49c52e1b0c32)
                      - module.c (RegularFile, db8001a66ce0d95bbe323a57b3a5f321)
                      - stats.h (RegularFile, ad8884de6a0da5135fe2ab3e5fce101f)
                      - tracer.c (RegularFile, 5252a025882b513d4654a7ff2083f8c7)
                      - tracer.h (RegularFile, af40fc1c136cf7c6445b1b9d6c20ff9a)
                      - util.h (RegularFile, 7febf35df9f2b3ded1ca298ce1c40af0)
                    - data.py (RegularFile, 3fea48bc2d74856d9d7ca66c2fbe9056)
                    - debug.py (RegularFile, 1959a8161d309fd33f4d2c4035ea5e23)
                    - disposition.py (RegularFile, fc301eaab52104b489e5900a23aaf97d)
                    - env.py (RegularFile, 36936aa7b47a8c036daa667d134e2311)
                    - exceptions.py (RegularFile, 4cb6cbd27e4b1edf0447a73d7f8ac36c)
                    - execfile.py (RegularFile, 8d5b086e715a82305ffc6164c24c6062)
                    - files.py (RegularFile, 8b727d2bcc3ad2e5c8e7ef1e9a564f3f)
                    - fullcoverage (Directory, a28130f39ca715b9a7c4f81d4f55ad71)
                      - encodings.py (RegularFile, 2da0393c9883def0b1a953fa27f1ac92)
                    - html.py (RegularFile, 0375194eea0b985158dc1a5da730c1ac)
                    - htmlfiles (Directory, f67dfd6ca847737560d72ec377c51324)
                      - coverage_html.js (RegularFile, 58ca541101c9a7ffa2264010a627a6d9)
                      - favicon_32.png (RegularFile, 7001da66c15f14a465057a72e523fd61)
                      - index.html (RegularFile, 00fe95e158368a2c44ad064a2293b265)
                      - keybd_closed.png (RegularFile, a1af57d37411350328dc53e6197e35c2)
                      - keybd_open.png (RegularFile, 343f43250dd224395757339370b1d55a)
                      - pyfile.html (RegularFile, 5fed8d832fc83316edf605f0509c2311)
                      - style.css (RegularFile, bcc6b07c0b5246e0a512c917fe074fd0)
                      - style.scss (RegularFile, fe031c3c00970b9f1162342d46188745)
                    - inorout.py (RegularFile, 7431b384621667b5932935f04159f4d9)
                    - jsonreport.py (RegularFile, e444718080ef03a97e993dddef52efdb)
                    - lcovreport.py (RegularFile, 8f17c8c21280b782a81a68c6489701c7)
                    - misc.py (RegularFile, 19ab537cd00225f2b4e9615f38acd99a)
                    - multiproc.py (RegularFile, 19ad26c99be93035d115b769e5967004)
                    - numbits.py (RegularFile, 35b28a14b3d9135df1b5c864e7707b10)
                    - parser.py (RegularFile, 7803b66863c8efdfb5ad0b4b931c4f2b)
                    - phystokens.py (RegularFile, e160fbb747b9c991c9fd0cb8b5866301)
                    - plugin.py (RegularFile, a7ab457bb7b8fb35ed015141e487be55)
                    - plugin_support.py (RegularFile, c72d5ecadc92cc4f1796776b49ba9780)
                    - python.py (RegularFile, 69ecb1f3466bb724b455f72e4883ca2d)
                    - pytracer.py (RegularFile, 08024060689d9a963a3bd84d7dad1b35)
                    - report.py (RegularFile, bb43275ec2a2572d6fcb3b3c7542d806)
                    - results.py (RegularFile, 43343e09b69597b0a28651cd5238e15d)
                    - sqldata.py (RegularFile, d23128070df0eaf0c07b338a156adedf)
                    - summary.py (RegularFile, b254b55bd54aa5605dc2c9cda4b3fdaa)
                    - templite.py (RegularFile, dbae49d0f2ef444991cd1e610c7b68bd)
                    - tomlconfig.py (RegularFile, 768906e6c7bb493dd2a0f46411d14429)
                    - version.py (RegularFile, deef2a29e8568dc1cee7f8aaa37a844f)
                    - xmlreport.py (RegularFile, d92969c93102124a3a9142aaa610501e)
                - coveragepy_old (Directory, 0806a529b0078fbfa0b2f54477dc999a)
                  - __init__.py (RegularFile, ec312718739bfd2b759cee7c526e2e7e)
                  - coverage (Directory, cdc962ce3c819318df6f235528aa79cb)
                    - __init__.py (RegularFile, 542e5bd372e46579e0bce36091559511)
                    - __main__.py (RegularFile, 0a95b02fb737cf295a4d97a0624d6cfb)
                    - annotate.py (RegularFile, e4acdb7d73f67c62b27ba652cf2d0fde)
                    - backward.py (RegularFile, d8b904adaa95c0f3e0332709d07437f3)
                    - bytecode.py (RegularFile, 1a466a02f7f8d6860fd9092c9edfc169)
                    - cmdline.py (RegularFile, 7726c18e026e961145362d224b93fbdd)
                    - collector.py (RegularFile, 6a9426bc7bcb46e0e8b3d20ee8b782b6)
                    - config.py (RegularFile, e8416f809761bac53ed9916df95c3018)
                    - context.py (RegularFile, 99004b9759d207fbbff5461dc206b026)
                    - control.py (RegularFile, 374517c807c00c15263ec3dca61cbf37)
                    - ctracer (Directory, cc8767e8225840e8aca2cf534d1f7bda)
                      - datastack.c (RegularFile, 7fce7bf43d8168479153ca1113ee2245)
                      - datastack.h (RegularFile, 82d80825eced9d6c921977857eb3d44c)
                      - filedisp.c (RegularFile, 1198d30121ac0db3aed03cbadb3b3571)
                      - filedisp.h (RegularFile, a9539bc1bf36cc9fd02e49c52e1b0c32)
                      - module.c (RegularFile, b9ee0c64c25864bb8b08cb0037bd1156)
                      - stats.h (RegularFile, 15d88ab2963345824c870e8ed41bf457)
                      - tracer.c (RegularFile, 5b5d5468f6f70165d6378ce65cdbb49e)
                      - tracer.h (RegularFile, 065e178fea733dd25bcb45e9012e29cc)
                      - util.h (RegularFile, aa1f129f4acdb0c6e3feabd1e776ec95)
                    - data.py (RegularFile, db88aab879a8e934030cf0373dd3707d)
                    - debug.py (RegularFile, 077f4193f70aff896892113616f3d53a)
                    - disposition.py (RegularFile, d1707e2bfec0389b04f6bea37658310f)
                    - env.py (RegularFile, a3833d6e111998a96743d2f22c83fb3b)
                    - execfile.py (RegularFile, 77524bdfa8b5b1602f30fae06564d7a4)
                    - files.py (RegularFile, 687ac1e170b22359e4b7cb65cccef219)
                    - fullcoverage (Directory, 71b69a1a0f285c763cf2aa236ee05c2b)
                      - encodings.py (RegularFile, 5c0eb0be7d27bfa5e729427c1ddec9b9)
                    - html.py (RegularFile, 3d4dc7fddb3f0fa899a1db39fbb3ff89)
                    - htmlfiles (Directory, be279496be9fcc4e48a931280be6f533)
                      - coverage_html.js (RegularFile, e3c040e6e4bf3f11caf78af4a442d711)
                      - favicon_32.png (RegularFile, 7001da66c15f14a465057a72e523fd61)
                      - index.html (RegularFile, 60dc142886a9c29d9b347503d1358bb4)
                      - jquery.ba-throttle-debounce.min.js (RegularFile, f635672c4cd83af4e1d4c62847b042a3)
                      - jquery.hotkeys.js (RegularFile, 26372cd51b856948538fddb213bb1566)
                      - jquery.isonscreen.js (RegularFile, 0544f80dd86741fde21bbe8d079e20b8)
                      - jquery.min.js (RegularFile, 1594a734cc5c5b00a59e11c92d428685)
                      - jquery.tablesorter.min.js (RegularFile, 72ed7e0b7835d6f7e563d5d744650d36)
                      - keybd_closed.png (RegularFile, b942f248b8cd254137fac0b919a403ab)
                      - keybd_open.png (RegularFile, b942f248b8cd254137fac0b919a403ab)
                      - pyfile.html (RegularFile, e80f00eeffdc8dcc0acf4470dc243065)
                      - style.css (RegularFile, 82bfeab18c788bc0510802b822f4ee24)
                      - style.scss (RegularFile, c7c3fcd20d16d7bf2c3e5351262c4533)
                    - inorout.py (RegularFile, a9b6680acb6dd46bf5b7bec81a36b19b)
                    - jsonreport.py (RegularFile, a9f0b8706e0508670bbf155b27ef5ea4)
                    - misc.py (RegularFile, 363685f4595b3e0e85352b65ea017ff2)
                    - multiproc.py (RegularFile, a4fcb68ae122ad51a745c6a62d2edcc2)
                    - numbits.py (RegularFile, f4670d19d37ffbf65e7f271456be8984)
                    - parser.py (RegularFile, e705f002feb3eae322ee92dcf3ab1931)
                    - phystokens.py (RegularFile, be4d4ddba83b4c519acf14e0bdfca8bb)
                    - plugin.py (RegularFile, 4bce28562435c7949d46bdfc4bb69464)
                    - plugin_support.py (RegularFile, 8a3347a113b4d9e67897199ff7593257)
                    - python.py (RegularFile, 94c0e7a24db88d113817fa1c5cf041c6)
                    - pytracer.py (RegularFile, c46e46b6217b5e517fe42ae705ceab5f)
                    - report.py (RegularFile, 3e5f174b54bf5f7ad9e91198f3e360d8)
                    - results.py (RegularFile, 7357b30ef336b9c4a6453387d9f54a0b)
                    - sqldata.py (RegularFile, 1076372d30de72e2721842346c25819b)
                    - summary.py (RegularFile, 8201080d68da05ab00dee4d01e2cd796)
                    - templite.py (RegularFile, 8484785158c1b2e0c2353dc5661dd877)
                    - tomlconfig.py (RegularFile, d1a548c750d0a444a52ea21f46ab1e1e)
                    - tracer.cpython-310-x86_64-linux-gnu.so (RegularFile, d492ef33ca410814a3853a214a60ed7c)
                    - version.py (RegularFile, 35f4d0a2a1842b193e94f0af5cd37e78)
                    - xmlreport.py (RegularFile, ab22fba1ae21a556fd2de8294315008c)
                - debugpy (Directory, d6b55e2cf598fd6ca1da52b3f377a231)
                  - __init__.py (RegularFile, ca389d2e59b1243416e6bacc6e5dd156)
                  - __main__.py (RegularFile, cbd88f75948527ecc7dbbc7dc40b7f15)
                  - _vendored (Directory, 4998be219fbde761938a53619f0cabcf)
                    - __init__.py (RegularFile, 15180d02bcbe93aa8cbeeedfa20a5a24)
                    - _pydevd_packaging.py (RegularFile, 58eac49b4fdf808c55129b31c747c8e9)
                    - _util.py (RegularFile, 5bbca5b698dc5770bf9851d932837efe)
                    - force_pydevd.py (RegularFile, b950e15bcd316ea36a543d9bb3a7b9b0)
                    - pydevd (Directory, 935a602949b1a7b41b23992ea46d1278)
                      - .gitrepo (RegularFile, 73f77478f8e1b6043baf29d0107ee718)
                      - .pydevproject (RegularFile, ad0018cb624b1d124c2986d1b5497b07)
                      - .settings (Directory, 2e1420da367bd1e3e31689823c8a7758)
                        - org.eclipse.core.resources.prefs (RegularFile, 093ad5ee8a40274a7385416c62daa156)
                        - org.python.pydev.yaml (RegularFile, 0b618ce48653adac45162ffc378f5441)
                      - __init__.py (RegularFile, f571933bb948577b1f9f3076fb8fc7c6)
                      - _pydev_bundle (Directory, b2ae658a802cabc622819470bf9f1727)
                        - __init__.py (RegularFile, f571933bb948577b1f9f3076fb8fc7c6)
                        - _pydev_calltip_util.py (RegularFile, 58b9fd0dfe2a0b6c91851f141ccda363)
                        - _pydev_completer.py (RegularFile, 66fb1f4b6c04dfa7ca871e8e247f9d51)
                        - _pydev_execfile.py (RegularFile, 355d7c9f42adca64aae3dec7d895f6c0)
                        - _pydev_filesystem_encoding.py (RegularFile, 8eed71d7e544dc8466363993f17170e2)
                        - _pydev_getopt.py (RegularFile, 439425a778eb524ed90ced4cc7b95291)
                        - _pydev_imports_tipper.py (RegularFile, 51b6c5a20e2054c2d8bf6d413f69c6a9)
                        - _pydev_jy_imports_tipper.py (RegularFile, f4a77209ee03fa2f2c66088b28642955)
                        - _pydev_log.py (RegularFile, a1cd657c56658820000570823576ad08)
                        - _pydev_saved_modules.py (RegularFile, 2751ee316b3c15cc95c67e5ec2a29d91)
                        - _pydev_sys_patch.py (RegularFile, 0c32588ade3b4c528893edbde04f01f6)
                        - _pydev_tipper_common.py (RegularFile, 7fe980911d342023d88481083552b682)
                        - fsnotify (Directory, 8ee5b0aa2866555096a40af9f68d15b5)
                          - __init__.py (RegularFile, 45f993ff14f10c7a1a33f840ea0c0215)
                        - pydev_console_utils.py (RegularFile, d175256f0eeeccf6cedf5c3a37e96b04)
                        - pydev_import_hook.py (RegularFile, 8a42a6ac37b39cc3974916f17a083550)
                        - pydev_imports.py (RegularFile, 4341191e4f865ebdba85a67ff6d6398a)
                        - pydev_ipython_console.py (RegularFile, 629ffb19e8ed211a3c18e6009de5633f)
                        - pydev_ipython_console_011.py (RegularFile, b18083b5c636c2b8ed82c57c0e9ee641)
                        - pydev_is_thread_alive.py (RegularFile, 0cc4e43f50e4cde98748549206bb9bd8)
                        - pydev_localhost.py (RegularFile, 50ff72a76b9765591142c123564118f6)
                        - pydev_log.py (RegularFile, 5be05026343ebfa2e0bb8816c48d8e5c)
                        - pydev_monkey.py (RegularFile, 0e764f823c740cd62b79a1d42cc593e4)
                        - pydev_monkey_qt.py (RegularFile, bb90a873428759629c9660be6b4d204b)
                        - pydev_override.py (RegularFile, c1b1f814d336f1e72f8eccffd4e18c2e)
                        - pydev_umd.py (RegularFile, baecec9b559227ba2ccbe208d791bd61)
                        - pydev_versioncheck.py (RegularFile, dc767a346d875b1d1bf04d560b048dae)
                      - _pydev_runfiles (Directory, 159d162e0be17c92173b5d7d58549f32)
                        - __init__.py (RegularFile, f571933bb948577b1f9f3076fb8fc7c6)
                        - pydev_runfiles.py (RegularFile, c5c138ce3dfa59a3d043537f4ce74269)
                        - pydev_runfiles_coverage.py (RegularFile, 03ce1b69803f8b17b0279892ad0b7e5a)
                        - pydev_runfiles_nose.py (RegularFile, d0451958d2ca215ebf49c7e4fc6471f9)
                        - pydev_runfiles_parallel.py (RegularFile, 04a9a90ef826df05b1d3de63f6a7bbfb)
                        - pydev_runfiles_parallel_client.py (RegularFile, d0479038408e57196fa3901f61ec8223)
                        - pydev_runfiles_pytest2.py (RegularFile, d0faa312cc63ab2ab755fd562d716f53)
                        - pydev_runfiles_unittest.py (RegularFile, 7439034f8568158a6690e6b4238faa69)
                        - pydev_runfiles_xml_rpc.py (RegularFile, 634da90bf2e288932310b8687e1e2efc)
                      - _pydevd_bundle (Directory, fdee0143179140984cbfd2d6ce8a447d)
                        - __init__.py (RegularFile, f571933bb948577b1f9f3076fb8fc7c6)
                        - _debug_adapter (Directory, 5cfbd73b6e75bb4e166dde9b5d066580)
                          - __init__.py (RegularFile, f571933bb948577b1f9f3076fb8fc7c6)
                          - __main__pydevd_gen_debug_adapter_protocol.py (RegularFile, 8b77dfdac1ce2aacfc4a23648dfb1c2b)
                          - debugProtocol.json (RegularFile, 10458f6dcc383a7f12e26156ed8ed592)
                          - debugProtocolCustom.json (RegularFile, 06e9e2630371692cdee48a501126c881)
                          - debugProtocolCustomPyCharm.json (RegularFile, affc8362fc14f9893df5dd3e52a5b826)
                          - pydevd_base_schema.py (RegularFile, 25418d2714431c28eed7d554bd19bd5c)
                          - pydevd_schema.py (RegularFile, 624d22d9eb6075612f823d5ebd0bf889)
                          - pydevd_schema_log.py (RegularFile, 512167aaf5d78630c5a18e8e8e63bb11)
                        - custom (Directory, 79def63cb4df0393e6719c5969ad3d62)
                          - __init__.py (RegularFile, f571933bb948577b1f9f3076fb8fc7c6)
                          - pydevd_asyncio_provider.py (RegularFile, 911235541ec115fbd3d3f1f3cf23f5fa)
                          - pydevd_constants.py (RegularFile, 0a55f1b463270aebf0093ed402a4d271)
                          - pydevd_custom_frames.py (RegularFile, 722f4d0e56fff15192cb1dfdc6650704)
                          - pydevd_repr_utils.py (RegularFile, c7be7e9af2f0f2883217d73f10fe55a6)
                          - pydevd_tables.py (RegularFile, 8495fbaf9cfc53ddb9011bbb951475ef)
                          - pydevd_user_type_renderers_utils.py (RegularFile, 9db09d3f4031be0e7c1c07dc42c8ef30)
                          - pydevd_utils.py (RegularFile, 399aa61b0c3e878fec74e23bd4175a30)
                          - pydevd_vars.py (RegularFile, 2883ab4153779a373918e3df1f841ffe)
                          - tables (Directory, a3ee1eb79c6c06521f7b4474270577b3)
                            - __init__.py (RegularFile, 0ea159181a5c608be2f976d8e90fc468)
                            - images (Directory, aaa9580d089607eb5972d93ef4207d39)
                              - __init__.py (RegularFile, ac7e781a78b470bb9bd944cce921844e)
                              - pydevd_image_loader.py (RegularFile, 31a2399509f1284eb9cd6b266499bf97)
                              - pydevd_matplotlib_image.py (RegularFile, 922b21897999f529aef091799a5e1d12)
                              - pydevd_numpy_based_image.py (RegularFile, 3928b340ccaedffea3f1415c5c36eaa5)
                              - pydevd_numpy_image.py (RegularFile, f4ee69b417229aa2466272fd31c86d9e)
                              - pydevd_pillow_image.py (RegularFile, e4f6b949498301cb9ba80cb8f4e1ee24)
                            - pydevd_dataset.py (RegularFile, 81847a09bc18a176ceb431b73fe49462)
                            - pydevd_numpy.py (RegularFile, ddf04be993c411f3a9fa02441184a8fb)
                            - pydevd_numpy_based.py (RegularFile, c2b715d9d737d08c93ce2978801d2739)
                            - pydevd_pandas.py (RegularFile, de8dd5513959ef5f97e8d0a31a70d194)
                            - pydevd_polars.py (RegularFile, 062ebcf51e11300c33ae267575d1ba77)
                        - pydevconsole_code.py (RegularFile, cdf3808f778cf3d4a57c0f808429485a)
                        - pydevd_additional_thread_info.py (RegularFile, 039a455101df98e36791d9b78c81b20f)
                        - pydevd_additional_thread_info_regular.py (RegularFile, c0204006c75e5d29f0d9bd766000e766)
                        - pydevd_api.py (RegularFile, e6ec664b0f4784a22af4a4bdb9799152)
                        - pydevd_breakpoints.py (RegularFile, d876a4eda705ce34089431e22651bae2)
                        - pydevd_bytecode_utils.py (RegularFile, ab7def77bdad3f48193aab5515f29292)
                        - pydevd_bytecode_utils_py311.py (RegularFile, 32bbf660f70828332119e7e6b4a12deb)
                        - pydevd_code_to_source.py (RegularFile, 53985a40ead858db775d41d1096eff41)
                        - pydevd_collect_bytecode_info.py (RegularFile, b7ffaae46fdd29ccddbb6406acc86d53)
                        - pydevd_comm.py (RegularFile, c85025b049aaca4842b684132f77e559)
                        - pydevd_comm_constants.py (RegularFile, b279a9110e898cb5c35885b5dda6c6d7)
                        - pydevd_command_line_handling.py (RegularFile, 84fd3c1a9e91e78296edf1af7ce81b02)
                        - pydevd_concurrency_analyser (Directory, 64e5416b12a60cdc86f6c5a44ba6182c)
                          - __init__.py (RegularFile, f571933bb948577b1f9f3076fb8fc7c6)
                          - pydevd_concurrency_logger.py (RegularFile, 7cb4594e22b6674348c43fb2c3bc79ab)
                          - pydevd_thread_wrappers.py (RegularFile, 7cd42c1233f169415d54f41f65d9b17d)
                        - pydevd_console.py (RegularFile, 560d315ff3cd5cc459800c16d9153b25)
                        - pydevd_constants.py (RegularFile, 97ce43a87baaf526aff4b48b6b20693e)
                        - pydevd_custom_frames.py (RegularFile, eb27364de5842063aea3e7f303f0fcc8)
                        - pydevd_cython.c (RegularFile, f3235f1fedd9068d72e8f537b3deb550)
                        - pydevd_cython.pxd (RegularFile, e16a17756ea8cc3d231f1530aa07e99e)
                        - pydevd_cython.pyx (RegularFile, b2964707d72a60f3a66d4807540ba83e)
                        - pydevd_cython_wrapper.py (RegularFile, e1f183c6c5e72d7ab50981762d0cebca)
                        - pydevd_daemon_thread.py (RegularFile, ad2f88f9df46a8b377717c9469484c85)
                        - pydevd_defaults.py (RegularFile, 00ea5e52e007540f6a430be0c149ea37)
                        - pydevd_dont_trace.py (RegularFile, bdb210e236718290fbb1b1a7b010ad87)
                        - pydevd_dont_trace_files.py (RegularFile, 18232301d5d0925c824096294f7764c8)
                        - pydevd_exec2.py (RegularFile, 318b0fa45fbc354228ce8f88dbf49f85)
                        - pydevd_extension_api.py (RegularFile, f69f19464c96a351d21797bd04496283)
                        - pydevd_extension_utils.py (RegularFile, 450c9f1903682f1947f938ccd027436c)
                        - pydevd_filtering.py (RegularFile, b46a9b62ade524dbcefaaf89e2f22424)
                        - pydevd_frame.py (RegularFile, 12148b0f57693b6f03250b03ea6d8cbc)
                        - pydevd_frame_utils.py (RegularFile, 1d591fdf0dba49698f418bff1d4eb01f)
                        - pydevd_gevent_integration.py (RegularFile, 0de11a5099165784c03c9483fb44287f)
                        - pydevd_import_class.py (RegularFile, 147c1689ae5719fb3ca41c71a5dd4102)
                        - pydevd_io.py (RegularFile, 436bd8a27a3128c5235fd8d7e878cd9d)
                        - pydevd_json_debug_options.py (RegularFile, 7ff6a28fa4d0a3e023615b965f9507e3)
                        - pydevd_net_command.py (RegularFile, e95e9a0eda244a9649d8616037ac25d8)
                        - pydevd_net_command_factory_json.py (RegularFile, 1d25d09d9940ed58d5b18b27a2edee4c)
                        - pydevd_net_command_factory_xml.py (RegularFile, acfc9d930fcd99b735220f9ff7b60803)
                        - pydevd_plugin_utils.py (RegularFile, a17ed7959ebde97b091ac92a3f2eba3b)
                        - pydevd_process_net_command.py (RegularFile, aec7fabe24b8e5ae3c2e4bf1cf71b975)
                        - pydevd_process_net_command_json.py (RegularFile, 29f552a473a0f7ea4eb3bfd4f5f9a5fd)
                        - pydevd_referrers.py (RegularFile, 6382ffc7ae0380b8ac5f751cb0301356)
                        - pydevd_reload.py (RegularFile, dbca1e502e86a2c1cdd562dec6c8262a)
                        - pydevd_resolver.py (RegularFile, 4d250d2555c2c5b7c36644945655284a)
                        - pydevd_runpy.py (RegularFile, ded4ed63c5ed74f3f321a5288c9ee529)
                        - pydevd_safe_repr.py (RegularFile, c55b5c840e6bb863e3ed521c5073ed94)
                        - pydevd_save_locals.py (RegularFile, a1092ca9c97ea76fc9e6f2e071d03edf)
                        - pydevd_signature.py (RegularFile, 97ba6cf50bf0bb134cf8818948ceb9f7)
                        - pydevd_source_mapping.py (RegularFile, 3bbce1334087770970dc7c2b7a0e759c)
                        - pydevd_stackless.py (RegularFile, 3b98d9255542cfcb716a3cefc840b40a)
                        - pydevd_suspended_frames.py (RegularFile, 5db542b54d56d42d69c70d8c55a474c6)
                        - pydevd_thread_lifecycle.py (RegularFile, 1382f443a7d17127f22be78860eeea2b)
                        - pydevd_timeout.py (RegularFile, fa97396dfdfb86adc8a981f88bc430ee)
                        - pydevd_trace_dispatch.py (RegularFile, 0547b9010b95e490bec11588ec4a8a70)
                        - pydevd_trace_dispatch_regular.py (RegularFile, 113988f4b1f0c9900a26b0178466d071)
                        - pydevd_traceproperty.py (RegularFile, 3437f8894b19f43901d356382236d3f6)
                        - pydevd_utils.py (RegularFile, ed0e69e2f240a73153940194e2f60737)
                        - pydevd_vars.py (RegularFile, 90b1e7dc352feea4c3d5a207853e7f40)
                        - pydevd_vm_type.py (RegularFile, 4e5897c538de41d6f7a85d65039ad027)
                        - pydevd_xml.py (RegularFile, a20f6e344240b021cfd0524be3aa882d)
                      - _pydevd_frame_eval (Directory, c81e35e64b358ad4a7be758a6c510eb2)
                        - __init__.py (RegularFile, f571933bb948577b1f9f3076fb8fc7c6)
                        - pydevd_frame_eval_cython_wrapper.py (RegularFile, cb2ca1df1915160b59b062b580081fd3)
                        - pydevd_frame_eval_main.py (RegularFile, be186f68f15b4df9a8b78789c5e736a4)
                        - pydevd_frame_evaluator.c (RegularFile, 13b266f56aef760be4064fa5ac0afbac)
                        - pydevd_frame_evaluator.pxd (RegularFile, f7a81fc650470ac3aec732a8d0956bd4)
                        - pydevd_frame_evaluator.template.pyx (RegularFile, 26de5b712f44cc81c1295997afdfd8e6)
                        - pydevd_frame_tracing.py (RegularFile, 415907ca3cdf1de4550f410745493738)
                        - pydevd_modify_bytecode.py (RegularFile, 46280d339e61ed5db172d9ed2be41632)
                        - release_mem.h (RegularFile, 12f61e9ab210842e4e8d3d0b01f6d27b)
                        - vendored (Directory, b290e8bdbbe66b88f133811443015db9)
                          - __init__.py (RegularFile, f571933bb948577b1f9f3076fb8fc7c6)
                          - bytecode (Directory, a1ed937a27f58261166549e826f7b542)
                            - __init__.py (RegularFile, 21bdd3fa3b00cbb0e9bb33aa09df47a9)
                            - bytecode.py (RegularFile, c1a5ece8b3c4444f11c5f1bf1635c4ad)
                            - cfg.py (RegularFile, 164d1524a58471123dcbc7a10dec1b71)
                            - concrete.py (RegularFile, 8169e5423bf2b8ae50aa3fb4fd145bfb)
                            - flags.py (RegularFile, 8794ebf429983f402bb0a54efd5d5461)
                            - instr.py (RegularFile, 1275f0743c5bb976e65d5e67f4f7a277)
                            - peephole_opt.py (RegularFile, b55f2f9be2b55d3615b8a6ed7be64198)
                          - pydevd_fix_code.py (RegularFile, eb9544bb7cb271f1e6e53633047d0881)
                          - README.txt (RegularFile, 2131015021b2a1216356490b8578d35f)
                      - _pydevd_sys_monitoring (Directory, 595a5441585e5a1dc19227e147b61a22)
                        - _pydevd_sys_monitoring.py (RegularFile, 2ccf5d725c3e6ad9e4c8d4f320183e52)
                        - _pydevd_sys_monitoring_cython.c (RegularFile, ec945b8931dc6ae4fab442b486491508)
                        - _pydevd_sys_monitoring_cython.pxd (RegularFile, 1f9b1c22c16d71b90736342df85335cc)
                        - _pydevd_sys_monitoring_cython.pyx (RegularFile, 9c4a65caef82272058be52b975634e7a)
                        - pydevd_sys_monitoring.py (RegularFile, abf10ded514ea6ddbb57641288aabd29)
                      - build_tools (Directory, 34646442ce9924420f432a84bc6f170c)
                        - build.py (RegularFile, 27f4d2ec6b6add421a3f1295a7f2d352)
                        - build_binaries_osx.py (RegularFile, 4b70f1deded6e1b7f8a707233d249636)
                        - build_binaries_windows.py (RegularFile, 9d6a15f73ce81902cf1961ed510099e3)
                        - check_no_git_modifications.py (RegularFile, d887fc8fe398c33e71b2cc2196ecf26e)
                        - generate_code.py (RegularFile, f840fec6da254cbc564ad345b0ddcc9e)
                        - names_to_rename.py (RegularFile, d45aba174263077bc941f425fca2250c)
                        - pydevd_release_process.txt (RegularFile, 3d4cd8f4bf21db56c257da46609d8dc2)
                        - rename_pep8.py (RegularFile, 56b87bdac925bd81d20db3704e78973e)
                      - gradle (Directory, 6ef91fe5470d65ddbc8882c872a59632)
                        - wrapper (Directory, 6ee4b4c749ad0ee039aa3ffda6c3d7fc)
                          - gradle-wrapper.jar (RegularFile, b98e87d76607dd16fe2f174697720e7f)
                          - gradle-wrapper.properties (RegularFile, 5d32782289d01eb1ac39b5341dbf40d0)
                      - gradlew (RegularFile, 04524e285a19932a5feff9ee14b50dcd)
                      - gradlew.bat (RegularFile, 17605a7117b31912bc3296beddb19d59)
                      - interpreterInfo.py (RegularFile, 0d545537aae2b5fae944ac17f2203f80)
                      - jython_test_deps (Directory, 100fb6f340116409d38ca3e0c9f6d007)
                        - ant.jar (RegularFile, af97d480af58293e09853c3aed7c820b)
                        - junit.jar (RegularFile, bad832c3a51fc696db1d221dfeb8677d)
                      - LICENSE-EPL (RegularFile, 6335e0580f2ad938d209504bd38a7ae3)
                      - MANIFEST.in (RegularFile, 79856319b7caab74186639e8ef15015c)
                      - pycompletionserver.py (RegularFile, 8f5af646f36da713bebd74297405f994)
                      - pydev_app_engine_debug_startup.py (RegularFile, c172a7f8eee3c80918c4e2dab4ceee2b)
                      - pydev_coverage.py (RegularFile, 97f7b7d7b77ab91a9200d28ebc8b2c46)
                      - pydev_ipython (Directory, cd31c4316089024318755061cf65f9ed)
                        - __init__.py (RegularFile, f571933bb948577b1f9f3076fb8fc7c6)
                        - inputhook.py (RegularFile, 798f23de275fe7a843f9fcedbed76a7a)
                        - inputhookglut.py (RegularFile, ecb55a08bfca1131ca861e40ffb9dc8a)
                        - inputhookgtk.py (RegularFile, 355658367e1c9533d4cb3c3a94d029bd)
                        - inputhookgtk3.py (RegularFile, 7f1162c94da0e4a1495e624e71a45877)
                        - inputhookpyglet.py (RegularFile, 0f73f16e3799078cbccda52cdb3800b6)
                        - inputhookqt4.py (RegularFile, 2f71f368cd13459038333313ec3b5a13)
                        - inputhookqt5.py (RegularFile, b62cd42215cbf66f4a8dcf3c26ee7e7a)
                        - inputhookqt6.py (RegularFile, 12ab6a8bdad66d0805d7f934bd902f0b)
                        - inputhooktk.py (RegularFile, fe59bf81ea26bb6dff1d3bf8a349135c)
                        - inputhookwx.py (RegularFile, fc53d949b12d74d1b500f5f53e44a259)
                        - matplotlibtools.py (RegularFile, 364617a40040e129dec02a9ec699cae2)
                        - qt.py (RegularFile, 127090df6503bf205c4965133aa2383b)
                        - qt_for_kernel.py (RegularFile, 54c5d8c4e05afb4c6a8825f6a354f0fd)
                        - qt_loaders.py (RegularFile, ae3364add68f5e5ff36718015f9038ec)
                        - README (RegularFile, b8959c88c65778de6c85c7abe83b1015)
                        - version.py (RegularFile, a015096de7710208b03cb64b63ea1385)
                      - pydev_pysrc.py (RegularFile, b090999d9b3edfa4a3fba4e1b5775d4d)
                      - pydev_run_in_console.py (RegularFile, 3979a9e08028947f1a8f1b42d7e1d235)
                      - pydev_sitecustomize (Directory, 84c280a44253255f0699c020c140bdbe)
                        - __not_in_default_pythonpath.txt (RegularFile, 9c5157c0df9c22ec8e3981035ec7efc8)
                        - sitecustomize.py (RegularFile, 9669a71a397fb9024dafd8223cf40c95)
                      - pydevconsole.py (RegularFile, dfbf9dc05b5bf89bf332cd00265c20c4)
                      - pydevd.py (RegularFile, 390bedc0a718bd9a689e6a654329d0da)
                      - pydevd_attach_to_process (Directory, dbed74646fae831bb0bbfd371e9f4340)
                        - _always_live_program.py (RegularFile, 1ba8ffd5b18f50344be192da1bfa75ba)
                        - _check.py (RegularFile, 59058039db703069a939ec8e82f0738f)
                        - _test_attach_to_process.py (RegularFile, 9920a51653c545a1c0371bd72f91cf4f)
                        - _test_attach_to_process_linux.py (RegularFile, e6a23d532483dad22d1f5bbe19d85761)
                        - add_code_to_python_process.py (RegularFile, d7a79179bc77b2ab2cb4945b66bd5b94)
                        - attach_pydevd.py (RegularFile, b4b6358fdeeee3f07e216b91c74ec5a6)
                        - attach_script.py (RegularFile, 5dd57d51a41008c799b25a8e5a48bd47)
                        - common (Directory, 52d61d15f1058dd5ec3cb6713ae2aa0e)
                          - py_custom_pyeval_settrace.hpp (RegularFile, c75b7b7dd9315a49cd26c08a56c2d7f0)
                          - py_custom_pyeval_settrace_310.hpp (RegularFile, 8923b1568db02764018a43a75a9abfeb)
                          - py_custom_pyeval_settrace_311.hpp (RegularFile, ee96a9bd4cad5f25c0aa17095af851e7)
                          - py_custom_pyeval_settrace_common.hpp (RegularFile, 283979f66b5004d31e6633ac34d3a69a)
                          - py_settrace.hpp (RegularFile, f698402aec59dfcc1aba259f92b6707e)
                          - py_utils.hpp (RegularFile, acef070b1daf433dc110965f8f1e4093)
                          - py_version.hpp (RegularFile, fa5d371e67eda3bad089302e5878d2c4)
                          - python.h (RegularFile, 44ef503503e411369c496aea71aaf70c)
                          - ref_utils.hpp (RegularFile, 59492cbc88b198558b2b84089e86dc31)
                        - linux_and_mac (Directory, fdf612488053147bf2c97080ca3e8d9f)
                          - attach.cpp (RegularFile, 7c31cb2acae799a36c8b961f45de4ef5)
                          - compile_linux.sh (RegularFile, 615c1a0d0279af4390df12d833e6dd5b)
                          - compile_mac.sh (RegularFile, fe6f72bc07cd7b2017ece620cbdaab5c)
                          - compile_manylinux.cmd (RegularFile, 2a97321933acbd4935aafa4b05a78969)
                          - lldb_prepare.py (RegularFile, 59ba3e096e57a066eaf945de5c7b0b98)
                        - README.txt (RegularFile, cc551b05e52af073aca2cc9ce9c864cc)
                        - winappdbg (Directory, 90e096b85f0a80b378b644b3227dfeb9)
                          - __init__.py (RegularFile, 16f4bea9aad61de4c010d3cf68a55a9e)
                          - breakpoint.py (RegularFile, 211be24e9fb904a84268012275a9ff08)
                          - compat.py (RegularFile, d61ddd65aa55b6d7ed32f8ab3171cb83)
                          - crash.py (RegularFile, 457d947ac4951c7eb3b40dee5d5742dc)
                          - debug.py (RegularFile, 0aa244c1439a8ef0615b33d28ddf9db8)
                          - disasm.py (RegularFile, 584a444381db4e5bbc73c02290a1b64f)
                          - event.py (RegularFile, 778cecb1fbacea1e07a573db32f0404a)
                          - interactive.py (RegularFile, 4c9fb1ed485b2b8b7806c63b8230e9f1)
                          - module.py (RegularFile, d834fa6a18095564697f0cc245a8b162)
                          - process.py (RegularFile, 5b82970967757942af3046cb8f0cd1ec)
                          - registry.py (RegularFile, 81854622ccca75af3b729ca707756a86)
                          - search.py (RegularFile, 332704c7ce1bcc12e310cf4b2f7b703b)
                          - sql.py (RegularFile, 7e2c0f5472e2978564833cb898080871)
                          - system.py (RegularFile, 091a2bd0fc56cd65272e2f33ed69b054)
                          - textio.py (RegularFile, 4f685379bbf96a7330e3cefd82056e4f)
                          - thread.py (RegularFile, 0a1031f9a1807461e29e01ca081ea8d0)
                          - util.py (RegularFile, 2828ed29060f1397ae1cea498298db00)
                          - win32 (Directory, 1622f5820543c3ca9e4a02970c3c5ab3)
                            - __init__.py (RegularFile, 558ff6438a64d082f5205ceb8077c83b)
                            - advapi32.py (RegularFile, 60600cc9de83a6b16b4c98e66e073f18)
                            - context_amd64.py (RegularFile, 891555ce37577923743d0665946a1afc)
                            - context_i386.py (RegularFile, 9e8ab4eb56318d690fa7d1e5bb8aff3e)
                            - dbghelp.py (RegularFile, 586e545d221c29514e3c4da081481cac)
                            - defines.py (RegularFile, 01807e15c2e1dbde365d0c572ec7aeb0)
                            - gdi32.py (RegularFile, a66f520896b40fea8af004c452a61bc8)
                            - kernel32.py (RegularFile, 6291b1d180ef9a0163ff1effeaa245de)
                            - ntdll.py (RegularFile, 36c70e63220bb6083e883c0f38dcc7c4)
                            - peb_teb.py (RegularFile, 645c108581abe247c3b4c9b09bf9a95f)
                            - psapi.py (RegularFile, e6beb392d53e46e5f9dac56126c1633f)
                            - shell32.py (RegularFile, 4c0066faf5ec9c798171fc41dc6fe056)
                            - shlwapi.py (RegularFile, 49e52ed5508a71497c1c6648306ea70e)
                            - user32.py (RegularFile, 156c672c747a75c69c93da1f05d2faac)
                            - version.py (RegularFile, eafa953f05c5bb68d64af5e873a0247b)
                            - wtsapi32.py (RegularFile, c68d1b39666dc5b73ef2c806ed5ef684)
                          - window.py (RegularFile, ac4c8987c9225c701b588e8dfdd54293)
                        - windows (Directory, 5473dcb69fbf974bb4b75f753e5f75a7)
                          - attach.cpp (RegularFile, dfb6cca3881d9eb75db242f17707af20)
                          - attach.h (RegularFile, 247451d399a6da41316968fcd4bd31a7)
                          - compile_windows.bat (RegularFile, 5d7782f51f889db4206ae96bc839bdfc)
                          - inject_dll.cpp (RegularFile, 1fa825f912f1c407a8b8126ec8e0f4eb)
                          - py_win_helpers.hpp (RegularFile, 5f598ea1c635e36d8f984e294065ef8d)
                          - run_code_in_memory.hpp (RegularFile, 5b96df706d039569500e5f70a3ff27df)
                          - run_code_on_dllmain.cpp (RegularFile, 4e9d097537b500e65ec9fd719292b7f6)
                          - stdafx.cpp (RegularFile, cc50e95d9942d4f60a5232a29b818662)
                          - stdafx.h (RegularFile, 43113eb7a75a11154c084bf26f735008)
                          - targetver.h (RegularFile, f089a59ef34976e515318c684b99f6fc)
                      - pydevd_file_utils.py (RegularFile, 9dc7cc85d6d3a385003e52767dfe484e)
                      - pydevd_plugins (Directory, d3b902b178c992ea0af505525e247d5c)
                        - __init__.py (RegularFile, 5ec7bb6d6224e2cd735c81dfb2f7d276)
                        - django_debug.py (RegularFile, 815dacf98a4fa1bf53897ae3d4cb4183)
                        - extensions (Directory, 0ce2a14095f48798f6f29a321a203f2b)
                          - __init__.py (RegularFile, 5ec7bb6d6224e2cd735c81dfb2f7d276)
                          - README.md (RegularFile, c2f9d04bfff5633a4fc01cdefd2cb299)
                          - types (Directory, c5ca6263954b1557108c66b7492322f5)
                            - __init__.py (RegularFile, 5ec7bb6d6224e2cd735c81dfb2f7d276)
                            - pydevd_helpers.py (RegularFile, 6f8fb4b8e41be15c853efeaab5dcf827)
                            - pydevd_plugin_numpy_types.py (RegularFile, 14309ea6c0f1e2778c969f50731df368)
                            - pydevd_plugin_pandas_types.py (RegularFile, 9f243e9e715497de689c3fea4d23b4fa)
                            - pydevd_plugin_repr_lib.py (RegularFile, c7ae45e4083287b5066d64fa7e8af81c)
                            - pydevd_plugins_django_form_str.py (RegularFile, e78386f76b92a3e55e7e9bb6b9dc1931)
                        - jinja2_debug.py (RegularFile, 7095d4aec627918c65c9302b5622f040)
                        - pydevd_line_validation.py (RegularFile, 582378493ede68dae947c00a6bcb00d9)
                      - pydevd_tracing.py (RegularFile, 6b96548d1d360edd02be2ddaca75e82a)
                      - pyproject.toml (RegularFile, 437f62dc08affc861ed5d0b33c6d98d4)
                      - pytest.ini (RegularFile, b321512392e5217b345e8399eae96c74)
                      - README.md (RegularFile, 1e8d0c165a7a4fabd82b8b69aa3eda0b)
                      - runfiles.py (RegularFile, 97958826e0ebf4b5322cd80f455438d7)
                      - setup_pydevd_cython.py (RegularFile, 0fefde186db186fbec2a80b8be9a2365)
                      - stubs (Directory, 0c60308c2925ebcd2ee71621299cfb3a)
                        - _django_manager_body.py (RegularFile, 62177b49590ffca61f5677cd301e431d)
                      - third_party (Directory, f27a3c5b986ba70c1b58ef9a2e78834c)
                        - cython_json.py (RegularFile, 0cb48a712dbb8f146fc6495cf5c413e4)
                        - pep8 (Directory, 37e79bcbe14449c9f7dd828534192586)
                          - autopep8.py (RegularFile, f2c9bab1ef79b8a9fdf2d73f95ddefa7)
                          - pycodestyle.py (RegularFile, f63207ceae1a564f2fd592880805fb9f)
                        - tests_cython_json.py (RegularFile, 98921fb4ace95c63f375fd92d09f4327)
                  - _version.py (RegularFile, 495071ff41cbe5d9ffc80fafcaa56aac)
                  - adapter (Directory, 5c9483472427b8b94b0f54fbd81356a5)
                    - __init__.py (RegularFile, 51fac31e51e1701b515f97b60724bb40)
                    - __main__.py (RegularFile, 2154e28dafe96f463415230baa3185c3)
                    - clients.py (RegularFile, a4c9327ef52b60c7925e8655aca80e1b)
                    - components.py (RegularFile, 1b9c67cc077aa869672e70e350d30db3)
                    - launchers.py (RegularFile, 770c27067073cd3c445b5ae486a5abee)
                    - servers.py (RegularFile, e95070a4815a3c16f965747b495c2ef2)
                    - sessions.py (RegularFile, 34d362a8036f0946463f9c999b8fca85)
                  - common (Directory, f9508e954ff76ea32b9cfb6f5638c6ee)
                    - __init__.py (RegularFile, 66b2ea28baa2da0bf99fecdbbc94dc4f)
                    - json.py (RegularFile, 7eaa05e72c5d94cd7b3e440759336b4c)
                    - log.py (RegularFile, 0c62119798a55e834c03d019ae8b19f6)
                    - messaging.py (RegularFile, 8f0c2ec70e71ff9ff3102d6cab122988)
                    - singleton.py (RegularFile, da5e0755adb8f6da23310bca91fb7b09)
                    - sockets.py (RegularFile, 59c84a93d992e4f0558477d65d15f11e)
                    - stacks.py (RegularFile, 2ce2f6bf756e4d0b827fc1ec91c32153)
                    - timestamp.py (RegularFile, ea808df6f4ef0285c401b346245405b1)
                    - util.py (RegularFile, 55100784eb987243512d74b6e3616f6a)
                  - debugpy (Directory, 83a8de2cbed43bbb2c704593ab622750)
                    - _vendored (Directory, 87ea85530afe82354895649973f13ce9)
                      - pydevd (Directory, 24605c6ac97cffcdbe325981313d25cb)
                        - _pydevd_frame_eval (Directory, 023087783ea9b3de4dfe532037c1bd22)
                          - pydevd_frame_evaluator.pyx (RegularFile, 75070e4da229d1235e0ebc2e5a78063d)
                  - launcher (Directory, 9a424df603572170c8171e9cd205079c)
                    - __init__.py (RegularFile, 8100d995a797180347ebcbb39d7a2c16)
                    - __main__.py (RegularFile, 218b2ec27e3e3347820793c83bc7b2c9)
                    - debuggee.py (RegularFile, 12f58fc8348d012b12b9bfe445165163)
                    - handlers.py (RegularFile, d04cbf610283498c807d7534022c0506)
                    - output.py (RegularFile, 1af703b28c681a8917ea4eddef461784)
                    - winapi.py (RegularFile, a37e25ca2631535b8a00f137a5b0d966)
                  - public_api.py (RegularFile, 8029d3816f81ee447c66d95bd79c487d)
                  - server (Directory, 78addb36a97f965e580f2051f5b4630d)
                    - __init__.py (RegularFile, ccd6e566b97032a5f67afd3f2e421eb6)
                    - api.py (RegularFile, a984651a218827d0045fa4f2e1cb9acb)
                    - attach_pid_injected.py (RegularFile, c319b82c0627490ad630e7c398a5732f)
                    - cli.py (RegularFile, bed9be1addbaf4229fe1563526554692)
                  - ThirdPartyNotices.txt (RegularFile, fa1f48e920faa612d2ce898f8d88a546)
                - docstring_formatter.py (RegularFile, 390b6881b146342b22c9d72fe9ae5e90)
                - epydoc (Directory, fae473869cde1ed6a8a7173ae2b3d914)
                  - __init__.py (RegularFile, bf8102e93e0d992662b90fca445e6ac9)
                  - apidoc.py (RegularFile, 171e7dce372f069301cfaed6555936cd)
                  - checker.py (RegularFile, e8a3d4fe1fe876e8304f756eaf44c57d)
                  - cli.py (RegularFile, 29f2a8c90af0f7785e6372d6cb380b5c)
                  - compat.py (RegularFile, 0040b1a785f8c4048a55abae12b09d12)
                  - docbuilder.py (RegularFile, b5a359e3a2eb6b68a7f4534781dd3a2e)
                  - docintrospecter.py (RegularFile, 5d9a3c8a230b98d613c1979f9091311c)
                  - docparser.py (RegularFile, 9398750d62d87225dde4c0b3adb12804)
                  - docstringparser.py (RegularFile, d50c57395c4437e0d4f6c6cd1e57778c)
                  - docwriter (Directory, 910adf5a678a38c8560440a29014a14a)
                    - __init__.py (RegularFile, ec10b9004e0bda9fc29c06c6c7e06558)
                    - dotgraph.py (RegularFile, aff1cebbfaae27633f2829d9b4ea796d)
                    - html.py (RegularFile, 4abc57d7025783978c13a78810c8d708)
                    - html_colorize.py (RegularFile, d34ca71c0de60dc1f2f85cf3291466e1)
                    - html_css.py (RegularFile, eb785c41a8bc60540608d878f6affbc6)
                    - html_help.py (RegularFile, 40e7fa102fcf6fe1e9cffa68f43acde0)
                    - latex.py (RegularFile, 1a30c457739c9a2194af89a00aaf88ac)
                    - plaintext.py (RegularFile, 69f14a2f2cae697753953fd7082703cc)
                    - xlink.py (RegularFile, 6ae4605eb3d2f1ec567d6617291e7aa8)
                  - gui.py (RegularFile, e2812ad808fe524001742b99cf9b1c3e)
                  - log.py (RegularFile, 23a891afded2fc0d4ec4159db78b78a9)
                  - markup (Directory, e7d2c74f40b2477ce9cef249f2c63925)
                    - __init__.py (RegularFile, c09890cd3c8176a83e7fc91986f425ac)
                    - doctest.py (RegularFile, 379aec5212f78b136c3ce324e360f026)
                    - epytext.py (RegularFile, 00fe18df77b03ad1ba08cb8b32f5df9e)
                    - javadoc.py (RegularFile, 8479a292d0f3b8de019f68e9abf9f9b9)
                    - plaintext.py (RegularFile, 240d4da5ebb3eeaeb9347a427a88f3e1)
                    - pyval_repr.py (RegularFile, d83e6467f3f993bc1f219ea881935f94)
                    - restructuredtext.py (RegularFile, f30921ee09aa5872e999ccb44c165d79)
                  - util.py (RegularFile, fe50489e6803248e237c16c99faadaa5)
                - exec.txt (RegularFile, f571933bb948577b1f9f3076fb8fc7c6)
                - extra_syspath.py (RegularFile, f0944889009599847cf5782bae2657a0)
                - generator3 (Directory, 8ee354012766f64d02c6b5d449524f0a)
                  - __init__.py (RegularFile, f571933bb948577b1f9f3076fb8fc7c6)
                  - __main__.py (RegularFile, 341a807a56a4f39c16c580e12a21b9e0)
                  - _vendor (Directory, 48d6e209bc86f000e34f2b4f9cff6ba7)
                    - __init__.py (RegularFile, f571933bb948577b1f9f3076fb8fc7c6)
                    - pyparsing_py2.py (RegularFile, 3fa8d71b94025079c42c102432477dee)
                    - pyparsing_py3.py (RegularFile, 25a3e29c5d25424fab614652e98ad445)
                  - clr_tools.py (RegularFile, 4feff9cf061867578d39069fd5586bd6)
                  - constants.py (RegularFile, 4036476c371b2f7ec16f0753684e9fc8)
                  - core.py (RegularFile, 955b3c93746c02287b87ede815f8c8a9)
                  - docstring_parsing.py (RegularFile, 0b78b79c2ef1bd52b5edea4e512a095a)
                  - extra.py (RegularFile, 5c8f2504eb3785adfc5c30a1ac952068)
                  - module_redeclarator.py (RegularFile, afa7e917d15008125e0a7d0ad3378c4f)
                  - required_gen_version (RegularFile, e2e02e520e26972b5d87941a73756cbd)
                  - util_methods.py (RegularFile, 4d4bb57404fe660c6b35ed7eac588036)
                  - version.txt (RegularFile, bcc669d1c16b30bec282b035480e5fb1)
                - icon-robots.txt (RegularFile, 6d8f154d1a88277d54f388f618c27b98)
                - jupyter_debug (Directory, 3dbed2c2a695c3eb9720e53db78c4fe8)
                  - __init__.py (RegularFile, f571933bb948577b1f9f3076fb8fc7c6)
                  - pydev_jupyter_plugin.py (RegularFile, 45b6fdff8e63901a724e967ff3a11232)
                  - pydev_jupyter_utils.py (RegularFile, af8a617c19c54bd38a5704720d3843cc)
                  - pydev_jupyter_vars.py (RegularFile, 7f244beb58c211c637f4821cc110f237)
                - MathJax (Directory, 4faea1b83c3174706cf3f1582adf2de3)
                  - config (Directory, a0fdbf76007db41f0260e791a0fdbc05)
                    - local (Directory, 9070e9b4c6b2b0dd8d36410bad6f5f6a)
                      - local.js (RegularFile, e78dc069cc3c64009b1927fcf1de215b)
                    - TeX-AMS_HTML-full.js (RegularFile, e64706edc827eae8588b8007700bcd12)
                  - extensions (Directory, e981a9b07977346d35c288781d3dc62d)
                    - AssistiveMML.js (RegularFile, 633b1ba435338fa8d9b4b194ef7f7a4c)
                    - fast-preview.js (RegularFile, d5c2eef9d4d88125db9ec624e33cca76)
                    - MathEvents.js (RegularFile, a5ad98589cbcb7eed6cdf383acea88d9)
                    - MathMenu.js (RegularFile, 4717ec625db1888bf1205a2b43fc9155)
                    - MathZoom.js (RegularFile, 25f4bbb95a1e7667619261f1b533290a)
                    - TeX (Directory, 2eab3c0230c4eef68fbbf273f6823dcd)
                      - AMSmath.js (RegularFile, e62b3be18958e5ef16ad3580c0e31f10)
                      - AMSsymbols.js (RegularFile, 3b6298a185cd56f2f9be1c5010986894)
                      - noErrors.js (RegularFile, bf3e28e6e43491c2557bda019c3cef32)
                      - noUndefined.js (RegularFile, 062524ebfe1f3986aa1fd4aa2b8bbccf)
                    - tex2jax.js (RegularFile, d58fe4856903979289d0e2e1a6b9e406)
                    - toMathML.js (RegularFile, 55b162fa457151b580a3243b9041148b)
                  - jax (Directory, 5732fd3394a9db6be22aace208f702c5)
                    - element (Directory, b999e56d4c3002db0783c70929b7a98b)
                      - mml (Directory, b16a6b29a8ecc09dd6ae8810c8e2b5fb)
                        - jax.js (RegularFile, ed6723e139e4c34f41c1ce37b46112bb)
                        - optable (Directory, 9ed0eba469948080d1e46852d965cda8)
                          - Arrows.js (RegularFile, 8508a9121deb91dd5bb9a4ca3e60fde5)
                          - BasicLatin.js (RegularFile, f98b7df2211523e87b486563e621d156)
                          - CombDiacritMarks.js (RegularFile, c71e60dba157a62e214ec68a8e620d87)
                          - CombDiactForSymbols.js (RegularFile, e794d37520b8aff5eec12eaa9712dc65)
                          - Dingbats.js (RegularFile, 0575e1eee6cb6f6d27369bc1899c5772)
                          - GeneralPunctuation.js (RegularFile, 044d0d1fd1c513aaa48715c528ed7dda)
                          - GeometricShapes.js (RegularFile, 4ec754276b417cdecea529612d23e46a)
                          - GreekAndCoptic.js (RegularFile, 8d9786ef58d27622d46e02818a492c46)
                          - Latin1Supplement.js (RegularFile, 97412a56bbc0d21baab9227a9dc48c1f)
                          - LetterlikeSymbols.js (RegularFile, e110de3c93a941e13764f55326b3bd30)
                          - MathOperators.js (RegularFile, b8ea8f4ae6f6d47509d78fd91711b095)
                          - MiscMathSymbolsA.js (RegularFile, f6b36c9d6e56960a5884abf543929be2)
                          - MiscMathSymbolsB.js (RegularFile, ac886fb7bce3e663c523cf660f3a557f)
                          - MiscSymbolsAndArrows.js (RegularFile, 11b3e8f0ba45d31808c5ad55aeb8fa67)
                          - MiscTechnical.js (RegularFile, e3264188beae857c911ec22a3036203f)
                          - SpacingModLetters.js (RegularFile, 05339d71cf9f0cc83be407c3c24e8536)
                          - SupplementalArrowsA.js (RegularFile, 94e75aba5b095baf3dbd502dc5643d41)
                          - SupplementalArrowsB.js (RegularFile, 976b9886bdf4336b27fa93c5192cfc3a)
                          - SuppMathOperators.js (RegularFile, 22470597cde96e893b72535294c75516)
                    - input (Directory, a4bfdab3702ddc1d79e89e06c2714401)
                      - TeX (Directory, 7a9ab4471546478c980a1e6df8493a31)
                        - config.js (RegularFile, 1e0b97b72a98c27b913e142236438a57)
                        - jax.js (RegularFile, b18689821f8bfcfa8066277d8692edd8)
                    - output (Directory, e45b997427dc0f6514b6b75a85594561)
                      - HTML-CSS (Directory, ca6ffcda19197b0c681320785bdfa1eb)
                        - autoload (Directory, 2de153d0a38bc90d4d2deb5036a9b286)
                          - annotation-xml.js (RegularFile, 2b61bfc13cd5870e533cd11351df51b6)
                          - maction.js (RegularFile, 6c98c0c7a52511ebc64b93cc7d4902ac)
                          - menclose.js (RegularFile, 545eed3407ac93bb1d961b60d4f1afbd)
                          - mglyph.js (RegularFile, 408ef2f8b5825cba632f32167824e897)
                          - mmultiscripts.js (RegularFile, 0cf86f0e1cf97e6926638877f91ce0c8)
                          - ms.js (RegularFile, 98699e9dc89ee56ad2b42100d5f95aff)
                          - mtable.js (RegularFile, 88a12a0ad6ac60f34fb57e63b7aaf072)
                          - multiline.js (RegularFile, 1a078265ba2414562d4bc95bbe6da048)
                        - blank.gif (RegularFile, b6161ac1279706e11c3e2434cac8b147)
                        - config.js (RegularFile, 916328bdd8ffbfc9c5b8f2153db4d0bc)
                        - fonts (Directory, 41d158709612a51f243278363b01f3d5)
                          - TeX (Directory, e57a896bf91f6224e3a4e27e4d8ad8da)
                            - AMS (Directory, 8e7ef71058b39b9cee1823eae7692637)
                              - Regular (Directory, dd0a0c9fa71ccdcd5d7921ba5652e33e)
                                - Arrows.js (RegularFile, e929e4a83ad4b98a47bd565adfeca8ca)
                                - BBBold.js (RegularFile, cb0a0c7282b4ec0e1e8877310908fa6d)
                                - BoxDrawing.js (RegularFile, 864196592a163384600dee5fbad1d14f)
                                - CombDiacritMarks.js (RegularFile, 09ae89b51cc5456db5346e58dad2ae0a)
                                - Dingbats.js (RegularFile, 8017d032373ee2b4e81be827ee2fa477)
                                - EnclosedAlphanum.js (RegularFile, 47d9f89ac2f97c80f3b3646cf93390a9)
                                - GeneralPunctuation.js (RegularFile, 5f8dea384d05e0f28b1e74f0d9c3fb43)
                                - GeometricShapes.js (RegularFile, d29230386595e73e4d03343aa63a1d0d)
                                - GreekAndCoptic.js (RegularFile, f4f77eee4335d1dc17991e7a467c63ed)
                                - Latin1Supplement.js (RegularFile, 982f067f2b7ff5e27a69bb45d8244143)
                                - LatinExtendedA.js (RegularFile, 2274449a988a365357ef0de7c93479df)
                                - LetterlikeSymbols.js (RegularFile, 82f28ff98c72895ad4b4f46fb651bbd9)
                                - Main.js (RegularFile, 63cb55babe281675f43ffc9731eebbe4)
                                - MathOperators.js (RegularFile, 29269299fb6da4750aacd261bbfc452e)
                                - MiscMathSymbolsB.js (RegularFile, b95684de7ad95bbb593506e5d42617c4)
                                - MiscSymbols.js (RegularFile, 0aeea1d796d56b127171dd4922d0d8f3)
                                - MiscTechnical.js (RegularFile, a2f2e7f91a0f9657c54e96ccdf37dceb)
                                - PUA.js (RegularFile, ba030d7eb4156ee0c4c6131586187cde)
                                - SpacingModLetters.js (RegularFile, dfe10cc00aa624c60726b2b8eee81003)
                                - SuppMathOperators.js (RegularFile, 66fef4da66763699c03785aeaaae6761)
                            - Caligraphic (Directory, 5356f6181ebf5fa2772962c0932a2c47)
                              - Bold (Directory, a04ad5b23534b226567e991514b394a0)
                                - Main.js (RegularFile, a3268553a03568a3d45b1ae37d19c9f2)
                              - Regular (Directory, e5a756f8008460c726ff0ff64c0f7921)
                                - Main.js (RegularFile, 841e5c636187dccf0a516ee078e9d111)
                            - fontdata-extra.js (RegularFile, 42633377880cd1381f38cb2a1271f6c9)
                            - fontdata.js (RegularFile, 2220a8c49db506c13a9dac3062de4e3e)
                            - Fraktur (Directory, 6eee50f8854a94d7b95acbb1ac1a7fe5)
                              - Bold (Directory, f1f873360ddc4fd5c9709c0d44467495)
                                - BasicLatin.js (RegularFile, 222ec498eb7e81cff2a1702c41be4b58)
                                - Main.js (RegularFile, ba98aa3e8c869a7774a401cac9d65b5a)
                                - Other.js (RegularFile, 8e3f2307662daacc6c1389b24c0da6d1)
                                - PUA.js (RegularFile, 21a7fbffd3f22c51eb5dd1addfbbbcaf)
                              - Regular (Directory, 90d99d5ceb849c3c5d30ed089591bda1)
                                - BasicLatin.js (RegularFile, 99bd5e945f913fe9e9c2dc1980ac082f)
                                - Main.js (RegularFile, 24de8411ad1972bc70dc7e92d5cadab5)
                                - Other.js (RegularFile, 372afc41a9c6564f2a1cd52dba84fa37)
                                - PUA.js (RegularFile, 00588603678c38942be2f6d278d3576e)
                            - Greek (Directory, 462f97bcd868e5eff8a22ee1def964a3)
                              - Bold (Directory, 73b21803b1af10699e50e83c2c54f92b)
                                - Main.js (RegularFile, b3f02a2691a9afac094b9cf2a38aef2f)
                              - BoldItalic (Directory, 74b245aa9451e02a29e76f7ace1a9449)
                                - Main.js (RegularFile, f8de51ac6279771c4847507c5cf5d785)
                              - Italic (Directory, 72a16eaaa3f7dbc9ab3cb10f5b6aa7f8)
                                - Main.js (RegularFile, 17b18975e090d0473d047f4ad9c3c4ea)
                              - Regular (Directory, b81d50d23ce3bf56c156b6046226dbf5)
                                - Main.js (RegularFile, 1df2ffe29c0cb19e1162cb30424bd12f)
                            - Main (Directory, 0ba729cde5a5e8698cb3e543393fe017)
                              - Bold (Directory, ff1fc2af96eba8cee755fb6285bd6831)
                                - Arrows.js (RegularFile, 1fe2c81e412c41933df5afb71eb749f9)
                                - CombDiacritMarks.js (RegularFile, 934416ba26ae8715bc7256ec09667b3c)
                                - CombDiactForSymbols.js (RegularFile, 83c63fae4eedcda316296338b2e2c98e)
                                - GeneralPunctuation.js (RegularFile, d4634ba3554dbecbfcfc45e1d6af64b8)
                                - GeometricShapes.js (RegularFile, 98e9d4a99b047824f2bd60a5fb6b3b3f)
                                - Latin1Supplement.js (RegularFile, 167ab37f8a006ecccffea9df6512acf3)
                                - LatinExtendedA.js (RegularFile, 7f5757a4d19dc4270254dd9d6db98d9d)
                                - LatinExtendedB.js (RegularFile, 1ec07405baef2240f3d4a5682208fd2b)
                                - LetterlikeSymbols.js (RegularFile, 54726b9069b0dc53cd74110b248c52ef)
                                - Main.js (RegularFile, 21b7e59c940699f17e6e59b12bd65f95)
                                - MathOperators.js (RegularFile, ee7f03f0db9491977a8e9675225b87e5)
                                - MiscMathSymbolsA.js (RegularFile, 5541beb16a9b31b8f84caed167f95a9f)
                                - MiscSymbols.js (RegularFile, 0943999b33fede1c5b346e07ed04666e)
                                - MiscTechnical.js (RegularFile, 5ad3586ca9543c6ef6a3255a18f0f81b)
                                - SpacingModLetters.js (RegularFile, cebc42d9a9b0bad36a89abd2516cea6e)
                                - SupplementalArrowsA.js (RegularFile, d558706d23bf8d09ec5c622600040ea4)
                                - SuppMathOperators.js (RegularFile, a2a0029675cbebb9a44b0261ac53e8d7)
                              - Italic (Directory, 770c635f95bb629e40cb4ec94da2d068)
                                - CombDiacritMarks.js (RegularFile, eb89b96982716254719e94f34d12f8a8)
                                - GeneralPunctuation.js (RegularFile, 6121edb2015ef42f6aabef1c2dcaffcf)
                                - Latin1Supplement.js (RegularFile, e8c9b95994e4f3f554d0329365493788)
                                - LetterlikeSymbols.js (RegularFile, 79ab23bcd9a3ef2a2df73c41271f8f7a)
                                - Main.js (RegularFile, f0ec9fdbe1db4336bac750749d0d3b36)
                              - Regular (Directory, 5fdf5fb2814f486006389fd88bd3988b)
                                - CombDiacritMarks.js (RegularFile, 75c073f0e7f628810e8cfb015592d190)
                                - GeometricShapes.js (RegularFile, cb4222b275ced2f28b96a32d1dd2d61f)
                                - Main.js (RegularFile, 3c95f5316be1a7ebb13560a43607a1fd)
                                - MiscSymbols.js (RegularFile, 052379ae92f29854f16cc3275d285b3d)
                                - SpacingModLetters.js (RegularFile, b74eb03ae48bd8675bc204854f49c81f)
                            - Math (Directory, 2ca1b05fc6db491e120d50d5c8549655)
                              - BoldItalic (Directory, 4fc163cac9ab9d75fe8bebb9dbe4ef73)
                                - Main.js (RegularFile, b1dc2ed424abe5d7caffae98c869b5a3)
                              - Italic (Directory, 3092aef9741982d1d46fe2a0ecbd56a2)
                                - Main.js (RegularFile, 532deaebd3bad959753726185d519d88)
                            - SansSerif (Directory, 2979293b4d83aba68a322a457174dda3)
                              - Bold (Directory, 17a75b35472cb5261eaac6cdf20b053a)
                                - BasicLatin.js (RegularFile, 1bdae05e1766d23be8daef9401198051)
                                - CombDiacritMarks.js (RegularFile, 91931edef21f4992da2ee96eba71c97b)
                                - Main.js (RegularFile, 921fd13b5c8e06ad9a2234fffdb39118)
                                - Other.js (RegularFile, 9c0e40de8ebbbe5589c78d9008b3bbd7)
                              - Italic (Directory, a61b383f8492722c2e4ff73bce123064)
                                - BasicLatin.js (RegularFile, 221e60ec125dbffcc769633ca7ae7450)
                                - CombDiacritMarks.js (RegularFile, fd1439f874b7ec521379edd38b3dcaca)
                                - Main.js (RegularFile, aea0b14d9bc5fd8c283bad1ca3191128)
                                - Other.js (RegularFile, a122e26f247fb307613b731e628389da)
                              - Regular (Directory, 1babde1062653c8e30c117e614beec8e)
                                - BasicLatin.js (RegularFile, bb9e8127704270666bf06d556b7332cd)
                                - CombDiacritMarks.js (RegularFile, 54ce89bb1186f54ad614abc0fbeb6296)
                                - Main.js (RegularFile, 9852372432c710dfd30fe5baffa1bd29)
                                - Other.js (RegularFile, 2d9458b33bf4e52c77db6f1eeba2abf6)
                            - Script (Directory, 09f7063b61b10bf66330c11c5ca828c2)
                              - Regular (Directory, 9bdb2ab3eadb48e2af50cc381a68d2a7)
                                - BasicLatin.js (RegularFile, 2671bc24a66931503b935fbde963b90c)
                                - Main.js (RegularFile, ab5ff409b233be02f28a015eaadd5168)
                                - Other.js (RegularFile, 746f85bffa173da12da60b3e6a2b3fac)
                            - Size1 (Directory, e7ea70b64c6ba7fc1bfdf1ec4f95793c)
                              - Regular (Directory, 197d6222ab14ed5d600f54960a7dd683)
                                - Main.js (RegularFile, edce0845b024ea33528772f5446a9c9b)
                            - Size2 (Directory, 499335d5ac8d31186378ef1d2fab31c0)
                              - Regular (Directory, 8717073621c4ed591ca4f3b04b87ebf5)
                                - Main.js (RegularFile, c5607b78f3124bb41ae6078e60e7f035)
                            - Size3 (Directory, 6c74605d43e3c1cee8e79b5cab95dbd2)
                              - Regular (Directory, c56fb54d136102d911b2effd16f28cd9)
                                - Main.js (RegularFile, 68d8fc3f1b5365df44cf0d20a01a54cb)
                            - Size4 (Directory, 905b9947924f6983fa06a0f2e86ffe36)
                              - Regular (Directory, 12009f975dd9aec95eaf84c42e21ae91)
                                - Main.js (RegularFile, 6b89f88436b2291debc61e259a8d41cd)
                            - Typewriter (Directory, 70d896c85e807b53dd044a1c1e1612a4)
                              - Regular (Directory, 6699e7b49a7600d8ec6b36bbd343a318)
                                - BasicLatin.js (RegularFile, 8bf1e52ff4ec312576b374a6ebf15c5b)
                                - CombDiacritMarks.js (RegularFile, e40870add01859fc9d2d1143329a4d05)
                                - Main.js (RegularFile, 0b4da69dae2ec5145ead6d6c6169d23a)
                                - Other.js (RegularFile, e593dcb05d007e0094554af53e298ab7)
                            - WinChrome (Directory, ac1f9053d71c1dcb916c47fd32eb969b)
                              - Regular (Directory, c6f489b715457a9f71264fce54c4df17)
                                - Main.js (RegularFile, 4b2b09aa1824c0a6c13471feb183198c)
                            - WinIE6 (Directory, 4b236d7f1115e669e7b3d998a876c601)
                              - Regular (Directory, c9e334f7a424115aa4c9966e143797e5)
                                - AMS.js (RegularFile, fc65a578eb183780fcf413989ce63134)
                                - Bold.js (RegularFile, 891e2b12db15c0016209453fcad9100c)
                                - Main.js (RegularFile, 5b4d0963463086efc81673c9f209d105)
                        - imageFonts.js (RegularFile, fbc079f885866489b0ab0e39a42cc5c2)
                        - jax.js (RegularFile, 30542ea0cff50bcfa485bd8b5ab193da)
                      - PreviewHTML (Directory, c744e6969b3031f775d2e9344fe21e28)
                        - config.js (RegularFile, 4c229469e0129d722941215dcdb2e967)
                        - jax.js (RegularFile, 944c04a73f8da9478b4089a55ad1f4d6)
                  - MathJax.js (RegularFile, 097ab1c75abaceeee7975aa9290eced1)
                - packaging_tool.py (RegularFile, ee1b72d8c9bbcabbbe91491fd26fd518)
                - pip-24.3.1-py2.py3-none-any.whl (RegularFile, fddf97361ba0671ca020ffbf1dba2891)
                - pockets (Directory, 1dd0581cf16855bcc4c8564219236050)
                  - __init__.py (RegularFile, 1b6e228dcc5c82bc1a21c2e58825cfd1)
                  - _version.py (RegularFile, d31d403e026fe0ad1a522c3baed537a9)
                  - autolog.py (RegularFile, d195c843e023587ec1b46cac309f6e8f)
                  - collections.py (RegularFile, c598fd9c6ccc07ae3786ae7414b4b31d)
                  - datetime.py (RegularFile, 403ba8f412de08100e84967259022863)
                  - decorators.py (RegularFile, 7da4451ddd0b90bade77fa72b7c622de)
                  - inspect.py (RegularFile, 0a266eece41a917a6208cabee14e0484)
                  - iterators.py (RegularFile, 535d1db5c27a2ad2fdf64c58cab56608)
                  - logging.py (RegularFile, 801048fb7fc38eec1b4bb9be7357ca6f)
                  - string.py (RegularFile, ed5cf3054dc6d8ea8696c92d365d8757)
                - profiler (Directory, 2ae10833e559a89a395f3d84169c93fa)
                  - __init__.py (RegularFile, 6f364a19c4736fb8c980c9cc7d66ee2d)
                  - _imps (Directory, fe2aded7b10979b11fa7f7ad63c5348b)
                    - __init__.py (RegularFile, f571933bb948577b1f9f3076fb8fc7c6)
                    - _pydev_pkgutil_old.py (RegularFile, 10c6d29cb5c7ded65ebe1dffeec60f11)
                  - _prof_imports.py (RegularFile, bd68fbb26999ec40fae2860cfff638d5)
                  - load_pstat.py (RegularFile, 4798f484b4be97bea46215e44c18f81d)
                  - prof_io.py (RegularFile, 2a57153a21760b41960e2cf65305ecf8)
                  - prof_six.py (RegularFile, 33755a4f82c55e643dad9ad662e74c74)
                  - prof_util.py (RegularFile, e7965822a15e6c097dcf01292da18bc2)
                  - profiler.thrift (RegularFile, 51c5707adc4c5a60a6349b87bd1d8b34)
                  - run_profiler.py (RegularFile, 4ea123a5a5e27a3b873452ce426eadd7)
                  - vmprof_profiler.py (RegularFile, 43a508193c726055882fb71c57341d77)
                  - yappi_profiler.py (RegularFile, 04009b59b0575bc5b83c9e1853a52c25)
                - py2ipnb_converter.py (RegularFile, 6d0b83e04a2773571813068ae9998129)
                - py2only (Directory, 9075d3bbfaec103240b44e9fd232489a)
                  - docutils (Directory, 4aa2575a4cfe540e69c1f7ee754a4259)
                    - __init__.py (RegularFile, b8544ce33648f29c33bbcefe21b89b8e)
                    - _compat.py (RegularFile, ff960fec1ac877fa6a2807d7f4a1d6d1)
                    - core.py (RegularFile, 23357cd9f3749782188343502d651efc)
                    - docutils.conf (RegularFile, 95d1c6a6ce44d55d6f0a1dcccdc4c95d)
                    - examples.py (RegularFile, b2ea386845ed41946e100151ab734305)
                    - frontend.py (RegularFile, e086eb44d678bdcc9071b0036c5a424e)
                    - io.py (RegularFile, a3cf246f056a954d960da21d456fd04e)
                    - languages (Directory, 96f11894d4c9daed6acd968071d0d47c)
                      - __init__.py (RegularFile, f029e8b36aff1edb212484487c174d8b)
                      - af.py (RegularFile, 5019587e918dc25d600688fcc03e738d)
                      - ca.py (RegularFile, e03f9f79329b626b44a200630ba1c233)
                      - cs.py (RegularFile, 2f83b9dbc69c0f7479a4eb6c8a11c350)
                      - da.py (RegularFile, d53b743e410e97ac81830db13a8bf4bf)
                      - de.py (RegularFile, 535a8abf66ed9dbc94db273b69490eb7)
                      - en.py (RegularFile, f9237e0c10794484037f72ef22208230)
                      - eo.py (RegularFile, bb716a3796555feb753c6e3acf3095f9)
                      - es.py (RegularFile, 886d84ea9d99d6eb38cbf2a9c83cdd07)
                      - fi.py (RegularFile, f15e7033062776dc40bee851de3fd5b8)
                      - fr.py (RegularFile, c62087bc01760acc0466704f0071e2bf)
                      - gl.py (RegularFile, 13505a1d8e4e7ad5b4ab4126f5781fc6)
                      - he.py (RegularFile, 3ea80d394266ed78e7b65f58c0d61f52)
                      - it.py (RegularFile, b9cd4671955d58e8ff11a724ba731dd4)
                      - ja.py (RegularFile, 96cfd6374138a0a2e813a86d75a30f36)
                      - lt.py (RegularFile, 55ef923708ccf9915403be18a26b89d7)
                      - nl.py (RegularFile, d18e48a739fbfa5e7195f668cc648f3b)
                      - pl.py (RegularFile, 3d1c2b83582bf443489747031f775e43)
                      - pt_br.py (RegularFile, 6ea5a7e29b021d02edbb8082d95826ef)
                      - ru.py (RegularFile, af22f68ada0311dc2368d233968877a2)
                      - sk.py (RegularFile, efb072ae574110fcd3a2f20c219c8792)
                      - sv.py (RegularFile, f31dd9b89fa6caf33c19d4608072a1fd)
                      - zh_cn.py (RegularFile, 24c70ac6fc68d16b6058087ad10d7578)
                      - zh_tw.py (RegularFile, 5aacec054de9ad5d144b4a0635d77d95)
                    - nodes.py (RegularFile, 2e0a8c9b90df537f64a5637a18f782c4)
                    - parsers (Directory, e78300053bb13281663ff05a58f1e17e)
                      - __init__.py (RegularFile, a62d6e2c1ca020f146157a0b53ab423d)
                      - null.py (RegularFile, d246c848cf35dff4036ee9f895de78e4)
                      - rst (Directory, a76b014469a58968f056471c97b122c6)
                        - __init__.py (RegularFile, 328fff17ee1beec839484645eae125bd)
                        - directives (Directory, fce37cf9daa8006583b6e1cc0bd4e782)
                          - __init__.py (RegularFile, 8dbd77f8ccd68e70ced8be1280f3930e)
                          - admonitions.py (RegularFile, 809bd987a6b91445082c334df1038b47)
                          - body.py (RegularFile, 0b22f91f04e7cdff8c7c67c2f874c17e)
                          - html.py (RegularFile, 644536dfc756fda9d1a547aff451d391)
                          - images.py (RegularFile, 87ba7e91e017be77b63611cc92a94448)
                          - misc.py (RegularFile, 42036aa22b18c8445ec124c9f341e48d)
                          - parts.py (RegularFile, 157611a027b65fb799bdff0335a019bf)
                          - references.py (RegularFile, 913a7209736ff0af62c1b2aee058a426)
                          - tables.py (RegularFile, 1e50980a755053d30346d27cd047b805)
                        - include (Directory, 25e7c304110af6ba6de7e4109735b33f)
                          - isoamsa.txt (RegularFile, e595b7d50d17a7d101bd69df70d0dd01)
                          - isoamsb.txt (RegularFile, a09a49d40e3a3a6a9617e9e68b26afc6)
                          - isoamsc.txt (RegularFile, 5ebdaa68182b6bc222d7b36ad0437dc4)
                          - isoamsn.txt (RegularFile, c96e4b764346231b3a07f846798e10c6)
                          - isoamso.txt (RegularFile, 98da251fff6aa35ea57ff54741d9a0fe)
                          - isoamsr.txt (RegularFile, a459f83aeb198ba4a7b8236dab2aefb6)
                          - isobox.txt (RegularFile, c08fe9d23f20013e8ba6919b09fb2724)
                          - isocyr1.txt (RegularFile, c83fc360c4f9817757eeedd79490cc31)
                          - isocyr2.txt (RegularFile, 265208bf3737d62089f2c14dbc5f40fe)
                          - isodia.txt (RegularFile, 30f76d1d87e4a7e7111a5ae585e6d943)
                          - isogrk1.txt (RegularFile, 516ccad6c942ebff82018bc468681aee)
                          - isogrk2.txt (RegularFile, e11815c53b83dc58e619c17b98831c4d)
                          - isogrk3.txt (RegularFile, c13870a74de91cb7f6a80d22d9b9c46d)
                          - isogrk4-wide.txt (RegularFile, 3a047d3a7a7e916439547edb52969de4)
                          - isogrk4.txt (RegularFile, 931e5f7f6a43f67b759a231a2695e1dc)
                          - isolat1.txt (RegularFile, d5268a03e355bf8e75ee75e824a43763)
                          - isolat2.txt (RegularFile, 929b63b4e569a4f91efc3c31da9a7f39)
                          - isomfrk-wide.txt (RegularFile, fc40523cecb0b4421eed929c49a06648)
                          - isomfrk.txt (RegularFile, acf3c48633c4e98f99343a3125b8f64b)
                          - isomopf-wide.txt (RegularFile, 48c3543a5a555740a3f10da80d7abd9c)
                          - isomopf.txt (RegularFile, 1dd721f3945bb3818d5093e2d9576559)
                          - isomscr-wide.txt (RegularFile, 9b45176e8b0e5fd50b9ba101fb1a63ec)
                          - isomscr.txt (RegularFile, b6fa1236b955bc4e2d05ef9ed2c0c4d3)
                          - isonum.txt (RegularFile, 6a3b4190c154ca691c70bbb6eaf6ec31)
                          - isopub.txt (RegularFile, 907d85bfa0432c6e8e9366417cc9139b)
                          - isotech.txt (RegularFile, 58392e8a82e194b6b3c5da6b8f16da7a)
                          - mmlalias.txt (RegularFile, 681ee68ea8791dd08fb2988e87b43f1a)
                          - mmlextra-wide.txt (RegularFile, d638223140667f9fa18daa2e606a296d)
                          - mmlextra.txt (RegularFile, 4d612087ca837b15a5885d326a654138)
                          - README.txt (RegularFile, 4deac9df5120abddbdfba027efce3f60)
                          - s5defs.txt (RegularFile, c207f3559be0e34e9ca563f8a6d104d1)
                          - xhtml1-lat1.txt (RegularFile, 626598f77ca093089af1a7da2dd755c0)
                          - xhtml1-special.txt (RegularFile, 54235c9c579c35727d5b3246fd080517)
                          - xhtml1-symbol.txt (RegularFile, 98443042e7672e21f7018a9d24830f6f)
                        - languages (Directory, 99d611affd51c25ea9fbe93668152700)
                          - __init__.py (RegularFile, 5ed36d71382b313daca629a5a2c72ad5)
                          - af.py (RegularFile, c0e9c1cee545c9303c0261df3898a86e)
                          - ca.py (RegularFile, 678f4907a04fab4419f1653b5d04c451)
                          - cs.py (RegularFile, 673d3c50cb29cceeeb6826c6631a4c47)
                          - da.py (RegularFile, 572df616ef4061b65ba60ac0b1c252da)
                          - de.py (RegularFile, ac190de6c2bd69759b71eaa9cb63bfa5)
                          - en.py (RegularFile, 8c1fa68b9c2822b744946d52c88837c9)
                          - eo.py (RegularFile, cf02c31af614ca7a7baea3b1804a86c0)
                          - es.py (RegularFile, 9b53f0cda793e62eb2a875c866d6b941)
                          - fi.py (RegularFile, a68c6e7bfcffc2ff2fa2ddbb3e6045e7)
                          - fr.py (RegularFile, b4e83bbf8c16c86e5076da9b8ad6c45a)
                          - gl.py (RegularFile, dfab09c54b546b233284a7b5bd6300c3)
                          - he.py (RegularFile, a6a80b630e205393bb5f765c75e00670)
                          - it.py (RegularFile, cfeaae4e29ad964d66512c8e56c688fa)
                          - ja.py (RegularFile, d7040dfd9b9c044e97d0911d0285e097)
                          - lt.py (RegularFile, 7f8f102ea3cc480592168d7547492d48)
                          - nl.py (RegularFile, a5af1a8fc85207f41e4b213cdc7ee8dc)
                          - pl.py (RegularFile, eb19334dd9c58c6c08d595363dd4ed77)
                          - pt_br.py (RegularFile, 958e90c6af85392c64de182c558efc69)
                          - ru.py (RegularFile, 45b3d3781434f91fda0ff2d8cf098f9e)
                          - sk.py (RegularFile, dc27cc0b36a4a9ebff15367d57ce9364)
                          - sv.py (RegularFile, f353e3e9bfe948d05e93d75c7b80415e)
                          - zh_cn.py (RegularFile, 147292413cd7d1d773988124b2dd8f35)
                          - zh_tw.py (RegularFile, 778351e42a5a5dbd6a69c4fa2dd64d5a)
                        - roles.py (RegularFile, 1233302e14789a1519ed7dd8dce18e7a)
                        - states.py (RegularFile, 9ff1eda551f48c3671f98c986690aeb1)
                        - tableparser.py (RegularFile, fb89ceab0cea2aea01e33aa8b4a93446)
                    - readers (Directory, be0a12895d42590420029bc3afc70400)
                      - __init__.py (RegularFile, 0c3085f688947401fa56e2e981473bd5)
                      - doctree.py (RegularFile, 8586a5a137d7ee1c8c81d36a236fb8dc)
                      - pep.py (RegularFile, ea3c761afc7e6a21dbdb1674fbdc0c40)
                      - standalone.py (RegularFile, f0a21cc29c27f8b876d5438f393affdf)
                    - statemachine.py (RegularFile, 9f19f63197661e6cd9dd4677b96d5c37)
                    - transforms (Directory, 9256366d385370da4c46fa46415a28bb)
                      - __init__.py (RegularFile, 7a8942b57cd7d407e1d53374c0f0dad4)
                      - components.py (RegularFile, c21e88835d5109aee5cbef99ca46b971)
                      - frontmatter.py (RegularFile, ea2498d90f98450f239cdafdf58befa8)
                      - misc.py (RegularFile, 4ca7d0eab200f34f3e1d9271e156415c)
                      - parts.py (RegularFile, 2f4b4127b2440b4d4563e92b4bd3250d)
                      - peps.py (RegularFile, 72431f488e8203a38476c8d8c78aba72)
                      - references.py (RegularFile, e85c896538453d53c8e801e0860bc3f8)
                      - universal.py (RegularFile, 65c9697fec6cd329135e4022a22e08ad)
                      - writer_aux.py (RegularFile, 0a67aac79dc1b1a548a1e8acd143bb98)
                    - utils (Directory, 6f1ea394c4581ddf0b8ac23f8b9ad896)
                      - __init__.py (RegularFile, 60304975ec212041b65d8cbd5345d2f6)
                      - code_analyzer.py (RegularFile, 8a22f0cbcf6bc6db442aae1d85f7d394)
                      - error_reporting.py (RegularFile, 878bf26be5524c054c64012e5d7829b2)
                      - math (Directory, 4acb3a823b1783f953bd05a63c5e2df6)
                        - __init__.py (RegularFile, 22f1411454897179b2a45f391e3f2d27)
                        - latex2mathml.py (RegularFile, 7ee3ce8cb6bde9f6a2a15acd1da5efe4)
                        - math2html.py (RegularFile, 14e83454136b9394412e10ccb31f9686)
                        - tex2unichar.py (RegularFile, 83a79c7fd54efd9cb238da81775721c2)
                        - unichar2tex.py (RegularFile, 42f7a4b851d33df0906626a7824f5775)
                      - punctuation_chars.py (RegularFile, 512c6f72a51d1341ad8bddb98b097528)
                      - roman.py (RegularFile, 3d2f069d2576c46d5885d1ef2f79d031)
                      - smartquotes.py (RegularFile, 554bead58ac0cd16e236e94c4e5f8a7e)
                      - urischemes.py (RegularFile, be69e10e14692334da7039fbac3caf8b)
                    - writers (Directory, 18dd8545c08fbcf44ada499aab1a1364)
                      - __init__.py (RegularFile, 400b5d61bf4c8e9c12d92c6465c9478f)
                      - docutils_xml.py (RegularFile, 3500f82762fe89cc1b95af4194c30acf)
                      - html4css1 (Directory, 84c7b652a2789bafd52e627bf363b0ff)
                        - __init__.py (RegularFile, 2575e0a16747913ea77dd90e5420bd9f)
                        - html4css1.css (RegularFile, 08195c2e90480965225e18dbe361b5e3)
                        - math.css (RegularFile, 60c58e6dfb7814ef6c99757f6b4f0764)
                        - template.txt (RegularFile, 275954371339148980023ebadbec01c0)
                      - latex2e (Directory, 125a204254d541d4575bebe2e869ce32)
                        - __init__.py (RegularFile, 9d18250ca8e272883a569cc4de1befcd)
                        - default.tex (RegularFile, 2c56cebc8e635e42bd2dc0509e96d495)
                        - docutils-05-compat.sty (RegularFile, 91ab1758293bedcea319420874815dea)
                        - titlepage.tex (RegularFile, 8b7c0aec017c06fd26e9df4568bd1d47)
                        - xelatex.tex (RegularFile, 2519b81b9c6a6c86be9e56ad58756b18)
                      - manpage.py (RegularFile, b00f5272b2687b694fc496cca7f9a500)
                      - null.py (RegularFile, 8aaff57d4c4fc0ed17d7bf3a748acb0a)
                      - odf_odt (Directory, b86aa2602c47f931939b7298619edfb0)
                        - __init__.py (RegularFile, 617013eead556b019612535c84b6c5cc)
                        - pygmentsformatter.py (RegularFile, 313aa99b3b024a5128ceaffa7826f0c2)
                        - styles.odt (RegularFile, 1589d77df42194295b1e39d371f2e87e)
                      - pep_html (Directory, c38720417aadb3b30fa5a23019eeb3ed)
                        - __init__.py (RegularFile, 9872d473a8b369574b00629d6a2e7ab8)
                        - pep.css (RegularFile, 435926b956ba1defb4077db141b269fa)
                        - template.txt (RegularFile, 8c3d3c3b9e69e0acb640a7050a1d6a8d)
                      - pseudoxml.py (RegularFile, 06c2c1b04386307c7c08bdc92e7b0209)
                      - s5_html (Directory, 093127bbd5021805391c44cdd7dafd6e)
                        - __init__.py (RegularFile, f84ba5712e5543bd8e0c4ae7a06c6f10)
                        - themes (Directory, 2504b5da81ff2b077349748fb6dcf4e1)
                          - big-black (Directory, 47e1af67087bfe38bd7e7c958139a3f6)
                            - __base__ (RegularFile, d30cc3566b7a587c6f87a129c4c893a0)
                            - framing.css (RegularFile, 8a9be196d894da63411cc1b317fe78a1)
                            - pretty.css (RegularFile, b7621b47376c7a1e2bec37ec306631fe)
                          - big-white (Directory, 6c21d807aa71c2f1cc7a713423840474)
                            - framing.css (RegularFile, 3c581379f1d109f19e4d033c0021c139)
                            - pretty.css (RegularFile, 566ac3118ce4b60cdb69d528b85388d8)
                          - default (Directory, 6b7ae2aecced5b5014df3b077b9ee87c)
                            - blank.gif (RegularFile, 4f808a91a59bc14d040227552daf3312)
                            - framing.css (RegularFile, a3561024035a094d0c1de59d17049bc6)
                            - iepngfix.htc (RegularFile, 505415d4b61aa850ad626342725ce8c9)
                            - opera.css (RegularFile, 58a548b52cb0178cd5a081047fd5cf9c)
                            - outline.css (RegularFile, a6d2f65a0b9a78a6a1fa07ce5ea7546b)
                            - pretty.css (RegularFile, ffd75d7e9cfeca82bcb36d90ee492304)
                            - print.css (RegularFile, 8c0960df58e85f9410029556b9ef843b)
                            - s5-core.css (RegularFile, e0c4764f2e80ced697c8f15382afe1d5)
                            - slides.css (RegularFile, c779fafffbfa5d1bd75677c0979444a5)
                            - slides.js (RegularFile, 9aedb17d333e9bfd1a55b02e2d7768b4)
                          - medium-black (Directory, 77c4d4f5af17eb4c312220ab24f9e3c1)
                            - __base__ (RegularFile, be8096824729945aa8722c4821e608cc)
                            - pretty.css (RegularFile, c0e60306e29b69b9934ed4826eb9e744)
                          - medium-white (Directory, 9ccbf8ce6c7ceb3d0532f70cf7de2132)
                            - framing.css (RegularFile, a430cad0ac0938172e3c1c59f52d0ed5)
                            - pretty.css (RegularFile, 4081964fbc262f7be14f8cdc74194523)
                          - README.txt (RegularFile, 7ff6a7477d53c9c23a5a73bf0cedb3c3)
                          - small-black (Directory, 6e534be97bd65b98a6601fbd25bf8216)
                            - __base__ (RegularFile, f6876dff016ecff7bd0c568ecabc065e)
                            - pretty.css (RegularFile, d55615dce6836f12ae7487ac99df0bf5)
                          - small-white (Directory, d444453abdba9d34e03b4cc56049e72c)
                            - framing.css (RegularFile, cfa5fd8f75f09046a1d2b0a188ff2869)
                            - pretty.css (RegularFile, cc8ac2b4cdebd24f69e79068e13c7cea)
                      - xetex (Directory, 04b7d4cfd567386006b5bc17bf2d7e92)
                        - __init__.py (RegularFile, b1cf9683e116a72aea9198adc3c54204)
                - py3only (Directory, 72408d0225ed75a0509f737155e1d94c)
                  - docutils (Directory, 69e463291c163916934b6a0e6a85abe6)
                    - __init__.py (RegularFile, e1859d15fc0ab22a67ce2e8b57aa1c60)
                    - _compat.py (RegularFile, 7f34bc9dc0a719f2dd3f91fce8c66687)
                    - core.py (RegularFile, ca9d55d41a84aa9066bce348181d484e)
                    - examples.py (RegularFile, 14d1528fe0051e0f2c595af707d1de2c)
                    - frontend.py (RegularFile, c6a5867ea7881ac01e476e738468e5fe)
                    - io.py (RegularFile, 5afd5201a06f8a70381afec39b74b7b2)
                    - languages (Directory, 2b7c0bfe71653df1259ff62e4b1b91c7)
                      - __init__.py (RegularFile, db63ed7882629d28e98b1e352359c361)
                      - af.py (RegularFile, ae1b4ce22c480cf29b0e23d7725eb4f4)
                      - ar.py (RegularFile, 26c4088c6639d3de9e1536511bb5c295)
                      - ca.py (RegularFile, d179b657f7f5debc284c6e82748f3523)
                      - cs.py (RegularFile, 2a109de371ac99efb2464ca751241ede)
                      - da.py (RegularFile, 55b1ea0d5baf7c547efc108c69a72fb0)
                      - de.py (RegularFile, 1d40eab60527dc934bafc6015e344e1f)
                      - en.py (RegularFile, 196e480242d00246a98958f74f1274d1)
                      - eo.py (RegularFile, 2d270f02ec4b37fda79d8bcf05cd984a)
                      - es.py (RegularFile, a318a403fa7c6c04f27d02ec2220db36)
                      - fa.py (RegularFile, 4ac6f99eed791f907a70cd2e2a9a4164)
                      - fi.py (RegularFile, 9aa33a3f08410a1d76ebc90233d45aeb)
                      - fr.py (RegularFile, c6273e4db4c9eac8699d210ff541ad63)
                      - gl.py (RegularFile, 29b80bccb1a85f9f8fef93d6c580e0e7)
                      - he.py (RegularFile, 44b94450c740c8d9c27d6cee68c3c540)
                      - it.py (RegularFile, 10dad0749decb9e9737435c7ecdf7408)
                      - ja.py (RegularFile, 1e4fc848dabf60adc8a3e657cc4e5800)
                      - ka.py (RegularFile, 140533e7670ffc41da841fac10fea6b7)
                      - ko.py (RegularFile, 81271b002816f5307727a137bbc6f909)
                      - lt.py (RegularFile, ec181ad4767c75084f894a8052b44409)
                      - lv.py (RegularFile, eb741cc5ce50e7aa1e2365fad4c6a750)
                      - nl.py (RegularFile, ab213e98134771829bc02b3a3f6849fe)
                      - pl.py (RegularFile, 2de41a1efaa501d25cac7ee0bbc33af3)
                      - pt_br.py (RegularFile, a54ab67da0386822f5eeaccddbd01c2c)
                      - ru.py (RegularFile, 7ced2a3e994d0f848411ba1f4bf9c32a)
                      - sk.py (RegularFile, 375c4eb4c9ae7ed50f576fac4d6fa197)
                      - sv.py (RegularFile, bb50fe2eaa6091c12cc715317412aaf3)
                      - uk.py (RegularFile, 0d5e77306647c9455a68b0104f75f714)
                      - zh_cn.py (RegularFile, 66e8e79b003e62251e5b25da94f07cad)
                      - zh_tw.py (RegularFile, b21e55fe084517351a2c4853c29b0f08)
                    - nodes.py (RegularFile, 407b065e7936f0babdc588d6f61a6b5e)
                    - parsers (Directory, 0f0385637441c0c33147f458ed432666)
                      - __init__.py (RegularFile, b8e5ae4ee8f67acc5ca6d23652716484)
                      - commonmark_wrapper.py (RegularFile, 1c8ea36437d64a6c2ff2b8b828888bf5)
                      - null.py (RegularFile, d246c848cf35dff4036ee9f895de78e4)
                      - recommonmark_wrapper.py (RegularFile, d4b61fbb58d3fff08b5421d10eaa46eb)
                      - rst (Directory, 83b049ac8af61c49c662fc08219e1ef2)
                        - __init__.py (RegularFile, 04588de7db99fd75e9a60c4aa6d737ce)
                        - directives (Directory, 17d49ed1375041a8e3771f84df8f5291)
                          - __init__.py (RegularFile, 0e0690be0dcaed015a86fba8dc485c26)
                          - admonitions.py (RegularFile, 42c147c3c7fe361a7e2c05a545c8134f)
                          - body.py (RegularFile, bfbf693aebddc1e455f03beb363055d2)
                          - html.py (RegularFile, 168dc171c1545e5d72db079386f1cc54)
                          - images.py (RegularFile, 2f9ddc0ebb42d410d033d24121c8379f)
                          - misc.py (RegularFile, 5a33e6da64bef6d346e2db41de26ef36)
                          - parts.py (RegularFile, 316ce9d4a7ec88a9a0ecd4d02380609f)
                          - references.py (RegularFile, 913a7209736ff0af62c1b2aee058a426)
                          - tables.py (RegularFile, 5e194ac4a28d51ef638032bb5caea603)
                        - include (Directory, c61031800c67064749f88ac1a3492385)
                          - isoamsa.txt (RegularFile, e00a8438da3224b78b5f18b37335e74a)
                          - isoamsb.txt (RegularFile, 8f964d57a22edc743d2c3604b4f2c9de)
                          - isoamsc.txt (RegularFile, fd64224a0697c01771a7ab55f663308c)
                          - isoamsn.txt (RegularFile, 3776a7cfbf296cf4e481fa19a3ec52bb)
                          - isoamso.txt (RegularFile, 0a9a62a451ae1beba0517594c9606947)
                          - isoamsr.txt (RegularFile, e94475491b3fe12258c4ce4c19d89fed)
                          - isobox.txt (RegularFile, 383e7da86ce9d68dd13ffcf1bccf4c6b)
                          - isocyr1.txt (RegularFile, f787a9ddc45c94ddee42894502c22aaa)
                          - isocyr2.txt (RegularFile, f05248986e2ebcbffc4d7eb1b6e77e5b)
                          - isodia.txt (RegularFile, 34bb2f3084f9be98ff7801de21ae6433)
                          - isogrk1.txt (RegularFile, 76e17a9f7118a29989edcd86248ee3ca)
                          - isogrk2.txt (RegularFile, b2680a2371d57ea549db0215801533f6)
                          - isogrk3.txt (RegularFile, 2de19065aad4a7afb9daa1ad2e92d6ab)
                          - isogrk4-wide.txt (RegularFile, 2e4adb32cb51cbdce3602ac6c8696721)
                          - isogrk4.txt (RegularFile, bc1c7680e63f17f39f48c804b4ae766d)
                          - isolat1.txt (RegularFile, 9007b35f7b8c6687e15d58486446636f)
                          - isolat2.txt (RegularFile, 333ae2afd8a6317abddb35021f64979d)
                          - isomfrk-wide.txt (RegularFile, 0678ae6feeba887f814cbf52962965b1)
                          - isomfrk.txt (RegularFile, 6845e80bfd2364cbeac836696c02c559)
                          - isomopf-wide.txt (RegularFile, 4dd2828dac38bbe4d73f3a4c47204163)
                          - isomopf.txt (RegularFile, 3e98de3960de9df31f08bf4fb53486ad)
                          - isomscr-wide.txt (RegularFile, 55af8473169d80174e31c24d41cf30b9)
                          - isomscr.txt (RegularFile, e143d03b4f73dcc78ddb7b8f609dc9b9)
                          - isonum.txt (RegularFile, 09c8ecfe944d1d12c85c2b0b81594272)
                          - isopub.txt (RegularFile, 59f43c64bd986463bf838c3d684b4b69)
                          - isotech.txt (RegularFile, 5240cca0d3d873895064ede8404930bc)
                          - mmlalias.txt (RegularFile, b94c198dc14a9fa5be14e339b77e96c2)
                          - mmlextra-wide.txt (RegularFile, 84f17b230676622042ce917ce3ba9417)
                          - mmlextra.txt (RegularFile, f5f64250567e00aea77d0f707721fc18)
                          - README.txt (RegularFile, 4c10e1c3ae1d06751ffb8b045aaffdd4)
                          - s5defs.txt (RegularFile, c207f3559be0e34e9ca563f8a6d104d1)
                          - xhtml1-lat1.txt (RegularFile, b533dc8bece0fe429ed9965b8dedce7e)
                          - xhtml1-special.txt (RegularFile, 6697bed6afc564829f08ef6778e0d0e1)
                          - xhtml1-symbol.txt (RegularFile, 5fee5f95cbf77c8cc3b9abfc0c76ca31)
                        - languages (Directory, b87bca1d87da1b7611ceea51b1931e71)
                          - __init__.py (RegularFile, 648474d775f50fde02d941d3415a239c)
                          - af.py (RegularFile, b6dd23f46c3f2d525646401c78161fc4)
                          - ar.py (RegularFile, 64eec138dda51009121afc3b07c6fc95)
                          - ca.py (RegularFile, c60292b2ffec86251680f12b7fb27432)
                          - cs.py (RegularFile, 1a31b0498005c7b39dd0448090d26632)
                          - da.py (RegularFile, 147e3550e27759fb343e9feee139af5e)
                          - de.py (RegularFile, 6ceb9da1e540f81bb382d55e3c0d4c19)
                          - en.py (RegularFile, 9ca64a1af76652abaa3a900ddaa4e6b3)
                          - eo.py (RegularFile, 03355a1cdc238e6a5220f4d0f998cb3c)
                          - es.py (RegularFile, 93675d3b6ddd970465e49167ea3e3330)
                          - fa.py (RegularFile, 0e37656a297855f2180bc24c17b3eca4)
                          - fi.py (RegularFile, 313f818ab428f4608473a7acde67614b)
                          - fr.py (RegularFile, 754d98720df341f32f8545f153cce86e)
                          - gl.py (RegularFile, 4cbc7e2713b69b3187b4b277a0b09ac1)
                          - he.py (RegularFile, 9dc30d2b24e86ce641fff112aa48d616)
                          - it.py (RegularFile, d2a559f7f3412d0e90fb7b2c505970e7)
                          - ja.py (RegularFile, 4acd85b6dfac1d1550cbd11f1cda10fc)
                          - ka.py (RegularFile, c2830e6de86673a54c74233bbd618118)
                          - ko.py (RegularFile, 5df214125589dfdf1d71481220635be8)
                          - lt.py (RegularFile, b4bc741c80947b88679446f02a09231a)
                          - lv.py (RegularFile, 276c739dadd8704b2692ca9fa2c0a410)
                          - nl.py (RegularFile, 2f9fb53e6475c76d6bf134813521cce1)
                          - pl.py (RegularFile, f41e436e2d893eb898a4af342ceea41e)
                          - pt_br.py (RegularFile, 91812027d17896c5ab4046e6ccc6b1fc)
                          - ru.py (RegularFile, f1a1e877312b825ac4c573ef46c713ca)
                          - sk.py (RegularFile, 56c73a3962ff116c6f9cfde0e8434924)
                          - sv.py (RegularFile, 8248bb1dc95f3cbb159e6e1816f10799)
                          - uk.py (RegularFile, 2d576a648368f198c240cb8e89781536)
                          - zh_cn.py (RegularFile, 269186a82a3eff93db7a311e27ef2d5e)
                          - zh_tw.py (RegularFile, 3ddf471b6aaf1848ff81deecdab057b2)
                        - roles.py (RegularFile, e3bee0af08dcbf81dee2a4b810b9338d)
                        - states.py (RegularFile, ac2a1aeacb681000b9421cb87d4b4b36)
                        - tableparser.py (RegularFile, d8a24220084e3ee762d903bcc8a055cb)
                    - readers (Directory, c93b01a752943c5ff2de32507a080c95)
                      - __init__.py (RegularFile, cda0cefd87d69dafe6c2c59cf928248d)
                      - doctree.py (RegularFile, 8586a5a137d7ee1c8c81d36a236fb8dc)
                      - pep.py (RegularFile, e51b82162c3d0eb286281d07971744e6)
                      - standalone.py (RegularFile, 047da59f140becfea755d3baa19bd68c)
                    - statemachine.py (RegularFile, e89e19273375400f1f94ecbc0b1a6bed)
                    - transforms (Directory, 20c3d1c0bc7e87fb750f4cc7872800c5)
                      - __init__.py (RegularFile, 0f40eff2c01e8f0c0af41db4469f02f5)
                      - components.py (RegularFile, 44f3a975937eb46aaf2cc07109ab452b)
                      - frontmatter.py (RegularFile, eb1a0df94cf8fc2df813d05df3edfca4)
                      - misc.py (RegularFile, f2351c269c0348335d97189bf721383f)
                      - parts.py (RegularFile, 13f24e72d71256546d53b1c42585741a)
                      - peps.py (RegularFile, aaf43cab5ef976dfa7cc49ac90966bd0)
                      - references.py (RegularFile, 5a6cd58c59f90b141b512a31870d824b)
                      - universal.py (RegularFile, 0012a16696b07b9c6501ebf4cdb7c3b4)
                      - writer_aux.py (RegularFile, 9c72ff02188171f41ab117c754ba3b55)
                    - utils (Directory, ab7abfbeafdb6903106551ff40251194)
                      - __init__.py (RegularFile, fd1f6c94875c54095166c6467f36da1e)
                      - code_analyzer.py (RegularFile, 24837537791978800ec55e75d1df8bc4)
                      - error_reporting.py (RegularFile, a9fea74a198581b760609307d2ec62fe)
                      - math (Directory, 2694f3a8d5bd90f36ee61b89eb2e90b3)
                        - __init__.py (RegularFile, cd1d673de1d2631bf3fa01cb78553196)
                        - latex2mathml.py (RegularFile, 8e95179f7e2e46405e0cd57e76aa08b8)
                        - math2html.py (RegularFile, 4943b7606fce21f24fc453ab4c82c30a)
                        - mathalphabet2unichar.py (RegularFile, f97d3f33a7d13fd5b54c6847f41c1bc3)
                        - mathml_elements.py (RegularFile, 24c90222d3ab1f08fd2be3d0ea65fde4)
                        - tex2mathml_extern.py (RegularFile, 42588488cbaebcc3c83bcb165bfeaeb5)
                        - tex2unichar.py (RegularFile, 26aeb964e3c451644dc46705d521c5c1)
                        - unichar2tex.py (RegularFile, 37b761a0332e32c8cc5beb227ef51890)
                      - punctuation_chars.py (RegularFile, 90ad867489cbe41784444a8e3d5d1751)
                      - roman.py (RegularFile, e04b44ad79f6bc3f22df11750d9feb4f)
                      - smartquotes.py (RegularFile, 71635cf06fbcaf1761865c321e4fbe88)
                      - urischemes.py (RegularFile, 6b511efaa358ca36df63918947ad56ce)
                    - writers (Directory, d23c63d6e4d7bc350389abbf0fde4751)
                      - __init__.py (RegularFile, b5787c2991fbeb6822c18641084613c2)
                      - _html_base.py (RegularFile, e99f5e397527d47c6cf0131262a793bc)
                      - docutils_xml.py (RegularFile, b4838937a16233a278d7846400535785)
                      - html4css1 (Directory, 1ce01a772f66e94785dba2001077ff96)
                        - __init__.py (RegularFile, d421f5f0cc0280b8bd0e587c8fd5b82a)
                        - html4css1.css (RegularFile, 406531e52b2074f9c5c88a732536867f)
                        - math.css (RegularFile, 60c58e6dfb7814ef6c99757f6b4f0764)
                        - template.txt (RegularFile, 275954371339148980023ebadbec01c0)
                      - html5_polyglot (Directory, 3a107bdb26f40675e941de37f5fad588)
                        - __init__.py (RegularFile, eec820fdc65269054e516e0e824294ce)
                        - italic-field-names.css (RegularFile, 71c736bef520a7cb89f92ca9d77cb5db)
                        - math.css (RegularFile, a1cca7f5fcb2257ee90879eac8a2e5de)
                        - minimal.css (RegularFile, 1534b31ed6b914b73cf9e87b1f65c145)
                        - plain.css (RegularFile, f8209d406d6ecd086a7d18c3b6c19b6c)
                        - responsive.css (RegularFile, 8c7987d1b20379e8b331638b1a5da3e6)
                        - template.txt (RegularFile, 275954371339148980023ebadbec01c0)
                        - tuftig.css (RegularFile, c0cf9a7aa61833935bfb4b6de43aa52d)
                      - latex2e (Directory, 09a88d9fcd4b6207ebebfbd9402acfe3)
                        - __init__.py (RegularFile, 48115497a44aab14efe200453b62d438)
                        - default.tex (RegularFile, 2e25eb767ec5433ed01ff94d8fbde4a9)
                        - docutils.sty (RegularFile, 54ce26bb757421341e23ce3ac3060840)
                        - titlepage.tex (RegularFile, d7c2439b105509e17bc2ad0f5fd7c59b)
                        - titlingpage.tex (RegularFile, a0c76ae29db0cf8735fa21afe89f397c)
                        - xelatex.tex (RegularFile, 4fb3065a63e5039c9248b78860361bb5)
                      - manpage.py (RegularFile, 76ce2cd449852bda607daaa1b09a4ffd)
                      - null.py (RegularFile, 5cb017976dca06c5797c2d863e63af88)
                      - odf_odt (Directory, 8afc7d7e983db4d8c298b55847fefead)
                        - __init__.py (RegularFile, 3212a6439683c221b517b2138341a68a)
                        - prepstyles.py (RegularFile, 2c63de10d045b66dc87483c2b97aa463)
                        - pygmentsformatter.py (RegularFile, 1c9e3ad720c6b73202250c24fd86ee95)
                        - styles.odt (RegularFile, 1589d77df42194295b1e39d371f2e87e)
                      - pep_html (Directory, 95b91b44b2c97f01d1386e1df682c0dd)
                        - __init__.py (RegularFile, 43be6b7c605f0c27740d5be6a5d4e690)
                        - pep.css (RegularFile, 1218388ecf043b327eb89f27e477cdf6)
                        - template.txt (RegularFile, 8d713dd9181cd49beb7f7f4e4a7076d4)
                      - pseudoxml.py (RegularFile, 54069906603d7ca5a3423ba7d5cb97db)
                      - s5_html (Directory, f8379ba2e8a47d26aba4a2501d293896)
                        - __init__.py (RegularFile, a113df3d22fb09cd6878890974c28aed)
                        - themes (Directory, acf4639366517bf9407ee24a9b6dcf33)
                          - big-black (Directory, 8a1ce4883f1592df99fc97451c11bfd6)
                            - __base__ (RegularFile, d30cc3566b7a587c6f87a129c4c893a0)
                            - framing.css (RegularFile, 5e87da6f2f6fa60cf0aac99dc9df2b4d)
                            - pretty.css (RegularFile, a77e35f4f15464785f9cd8a95e51c0f8)
                          - big-white (Directory, c16d6ba5ba52b9bbd866ab44c1224b1b)
                            - framing.css (RegularFile, ab9e61e93a1ef390b05470db44f3aab3)
                            - pretty.css (RegularFile, c0ae96dc146e3e7c2b19be668dd1982c)
                          - default (Directory, bc33dfd4dc3e4908cc3d57054dcf8510)
                            - blank.gif (RegularFile, 4f808a91a59bc14d040227552daf3312)
                            - framing.css (RegularFile, 1b23bf0cfc1dcfbdfb48be2074c70ef9)
                            - iepngfix.htc (RegularFile, 505415d4b61aa850ad626342725ce8c9)
                            - opera.css (RegularFile, 58a548b52cb0178cd5a081047fd5cf9c)
                            - outline.css (RegularFile, a6d2f65a0b9a78a6a1fa07ce5ea7546b)
                            - pretty.css (RegularFile, cb385c66c5fa66a88a70d3af989fc38d)
                            - print.css (RegularFile, 8c0960df58e85f9410029556b9ef843b)
                            - s5-core.css (RegularFile, 7071ed9afde99dc870a4632397adb294)
                            - slides.css (RegularFile, c779fafffbfa5d1bd75677c0979444a5)
                            - slides.js (RegularFile, 69244a47083efeead6ac35677c74d8e6)
                          - medium-black (Directory, 798fdbfcaa3dd42241169eca5603ab4f)
                            - __base__ (RegularFile, be8096824729945aa8722c4821e608cc)
                            - pretty.css (RegularFile, 1bf615560daa2a0dd78cb09b45bc6a6e)
                          - medium-white (Directory, 65bd11665a6e895e8afd91238f8f6ef9)
                            - framing.css (RegularFile, 61698c1524d8d835e1379c8cd187c15d)
                            - pretty.css (RegularFile, a578f7f2e511c50ed10096bae5a9d99a)
                          - README.txt (RegularFile, 23e23131eb6b8f1844863cc1d627206c)
                          - small-black (Directory, ad47558495b3ca09a267d52b1a6bd310)
                            - __base__ (RegularFile, f6876dff016ecff7bd0c568ecabc065e)
                            - pretty.css (RegularFile, 6385d3a34e8ac494d5fe2b41ebf6bae6)
                          - small-white (Directory, c39aabf05f08d6c7b82a47625c66ddb1)
                            - framing.css (RegularFile, ecba1ad5e7d41aa182b8853f554e4fe7)
                            - pretty.css (RegularFile, 86f1c5b22862ea722eec3b6dc29f62de)
                      - xetex (Directory, 3b085bcf44ced48d90a8a68010335bed)
                        - __init__.py (RegularFile, c8548ac9cefb368b677a5881ca17e305)
                - pycharm (Directory, f67a281cb0a527e7ed06689838b8857c)
                  - __init__.py (RegularFile, f571933bb948577b1f9f3076fb8fc7c6)
                  - __jb.for_twisted (Directory, b9d6ff68dc47c329625aa2d2ead66e88)
                    - twisted (Directory, 0c5ee4e0c00ef3391ed25686ba2966d8)
                      - plugins (Directory, 6f638abd84f1b6cb60872a605dc057c1)
                        - README.txt (RegularFile, 6cc0b21b1e73aa18991feb89e6717833)
                        - teamcity_plugin.py (RegularFile, 33ca627c1dd80a85af981bd8c7f1625b)
                  - _bdd_utils.py (RegularFile, 7eb9e2126ab2e8e5847f768021fe8537)
                  - _jb_create_folder.py (RegularFile, 2ef29c5312427411ee835c1cd52f17dc)
                  - _jb_django_behave.py (RegularFile, 807428fd34da21ed33a2f1303fe31d38)
                  - _jb_django_project_creator.py (RegularFile, 7159470d4f7ac555751ee30192ef9e95)
                  - _jb_find_best_place.py (RegularFile, 8fe155cdd8ac0ae8b2e56201764a805b)
                  - _jb_manage_tasks_provider.py (RegularFile, 9abc9d405b94619f06f6259ca8f5b288)
                  - _jb_nosetest_runner.py (RegularFile, 29183fe89c0e2f0eb5e998f3fd04f7cc)
                  - _jb_parallel_tree_manager.py (RegularFile, 4b8e82da5a846baeca3277bf842dd15c)
                  - _jb_pytest_runner.py (RegularFile, 34206fd3f4d9dbe0b1ac19de8bdb57e8)
                  - _jb_runner_tools.py (RegularFile, fc4890eb244fcf08a97c5cf5784265af)
                  - _jb_serial_tree_manager.py (RegularFile, 416006a9a382ced425f8b993ba08380c)
                  - _jb_tox_runner.py (RegularFile, 530cf7d888a799486c525186dfdce514)
                  - _jb_tox_runner_3.py (RegularFile, c22c5f323bd07f7b429ecfe8fae05c03)
                  - _jb_tox_runner_4.py (RegularFile, 992e3451d317858613af52da05b1b62e)
                  - _jb_trialtest_runner.py (RegularFile, 238f9daafbde48f1c3e098cc9dfe393b)
                  - _jb_unittest_runner.py (RegularFile, 7315d27896d8c1f5f8dd72dd940fad2c)
                  - _jb_utils.py (RegularFile, d0c11245f1210d67d0405057a9e87dce)
                  - appcfg_fetcher.py (RegularFile, e444b0d889653f6f54acf12ea0fc9c70)
                  - attestrunner.py (RegularFile, 812997f453901eab6799065e783388aa)
                  - behave_runner.py (RegularFile, a58695882988efaa6f5159a9d5ae5eeb)
                  - django_manage.py (RegularFile, c5e009e836e380c3b83b97d402f3bbc3)
                  - django_manage_commands_provider (Directory, 07ccaf87e1e692b03d098d855c414465)
                    - __init__.py (RegularFile, 5f26aa906b59a1dc2fd083e5b934aed9)
                    - _parser (Directory, 327120ee0860fe60a6a1493807b11a81)
                      - __init__.py (RegularFile, 09cd25b1eb36065b3719e510c3abf9ce)
                      - _argparse.py (RegularFile, 51d5f30e1c78db9fcbdc34b07adfd5c5)
                      - _optparse.py (RegularFile, 5912e55304ea717b3193a3583442c540)
                      - _utils.py (RegularFile, 21642f18eb3105b179c38ee52f41268f)
                      - parser.py (RegularFile, 528483df501ebeccf1c3d4250e0c73a5)
                    - _xml.py (RegularFile, 23f1ee846b0cecbcfcc5c54f02b3ba82)
                    - readme.txt (RegularFile, e969830034181df4dc2cc347b1159ae6)
                  - django_manage_shell.py (RegularFile, 88a0996bdfdc766bdfa311c5c4af86d4)
                  - django_test_manage.py (RegularFile, 1d6d924ed652c5b6db15e5296fdd3cfb)
                  - django_test_runner.py (RegularFile, 1ee1309cc0b2e0feeb0a6d949a245e81)
                  - docrunner.py (RegularFile, fcf269bfc4973cb8f6bf8519712e97ed)
                  - fix_getpass.py (RegularFile, f92166c3ea088c75827f12226cc923e8)
                  - nose_helper (Directory, 4302ed572abc133ab547c506f36cfca7)
                    - _2.py (RegularFile, ff8db5b1622f6c1178fb26e94e13c323)
                    - _3.py (RegularFile, aa3f3ed8aa2ecd3a527bd6f6b5fd3b11)
                    - __init__.py (RegularFile, f1ca3c51ef72c35124d26fdab537110c)
                    - case.py (RegularFile, f2d8f0042497784d57273bebe15bb7db)
                    - config.py (RegularFile, 956b39b484be163878036dce238fdc92)
                    - failure.py (RegularFile, 7ca6f281819b4b557c7f7e6cad22c80e)
                    - loader.py (RegularFile, f9da3a7d5958ef8fd97e4d9f1bc75315)
                    - raise_compat.py (RegularFile, 9c177588fe024c26210c2527d496ce86)
                    - selector.py (RegularFile, 127abf2f647f57af1a730785538bd35b)
                    - suite.py (RegularFile, 3994af876f4e3f0ad6133b9257447eea)
                    - util.py (RegularFile, 51cbd62876d05c643a3fc5eea5d3dbbf)
                  - nose_utils.py (RegularFile, 1847825ff761058ff141ab506579fd91)
                  - pycharm_commands (Directory, fb44a48b9662d813e781c8a37deada65)
                    - __init__.py (RegularFile, 4b7ea555b7ec8277264def2824232ce2)
                    - pycharm_test.py (RegularFile, cda33ee57b72be0d0272db8545a10b1b)
                  - pycharm_load_entry_point.py (RegularFile, ed564786d2b6e30e392dc3e241fbcf06)
                  - pycharm_run_utils.py (RegularFile, a65fda02ddc846cc4c64f15e1a77b926)
                  - pycharm_setup_runner.py (RegularFile, e3a48d1d886ee55c446d5f28959f6b97)
                  - pytest_teamcity.py (RegularFile, df9d5db4db693c82f3b76d68983aa433)
                  - runpy_compat.py (RegularFile, e2f472f779c11ca1cfc7c2b00f70c3b1)
                  - tcmessages.py (RegularFile, 8076eab9b5b049d3c719869913a4de7a)
                  - tcunittest.py (RegularFile, cbc3070956c37c92af5d57c2884d68be)
                  - teamcity (Directory, dcba29d159f7388d4e62d418b5f3066d)
                    - __init__.py (RegularFile, 3311287b1f3b769eb2bf45ef287fe367)
                    - common.py (RegularFile, b85b2b0177cece7b666acbce2dd76920)
                    - context_managers.py (RegularFile, 0117692329ef64b035e1b063f6aa6cf8)
                    - diff_tools.py (RegularFile, af9dd05dae758872c6456ec123a0e195)
                    - django.py (RegularFile, e98591b189d4d1cac2e25abd2b947bfa)
                    - flake8_plugin.py (RegularFile, d49e0c1c94f612e700e9c06f3bc1777d)
                    - flake8_v2_plugin.py (RegularFile, a9ac60c4b595dcbcfb3c9e5b0df892e2)
                    - flake8_v3_plugin.py (RegularFile, 6ecfd3ddd85486e02a5290939ea14240)
                    - jb_behave_formatter.py (RegularFile, 6515e4ebe3c0572da3c7a8b739494af7)
                    - jb_local_exc_store.py (RegularFile, 999ff5e7fe43c13d6782cd52764919ec)
                    - messages.py (RegularFile, 94124218abe276dfb953a3aca191addd)
                    - nose_report.py (RegularFile, 756c6c0675149f5413c5db6eff027cd0)
                    - output.py (RegularFile, 18f81de0f8eac8d4e114e1b0b7d0c541)
                    - pylint_reporter.py (RegularFile, ff47083732eee8cd1cbee1d144a6a462)
                    - pytest_plugin.py (RegularFile, 40a6d4385451f45f42564ea2115ddf09)
                    - README.txt (RegularFile, 6fa00f9ca02007a3ae49dd1aac266c41)
                    - unittestpy.py (RegularFile, a4cdd6303b7777a532fe93b7d80e2ee1)
                - pycharm_altair_backend (Directory, 8576decb0917a870d72f6df3a1e4c0d5)
                  - __init__.py (RegularFile, f571933bb948577b1f9f3076fb8fc7c6)
                  - sitecustomize.py (RegularFile, 66fac33aafe5041bdb8c6b597e439a91)
                - pycharm_display (Directory, 8f7f01d01de5a81b21d27f7fe6101b1c)
                  - datalore (Directory, d2529ba4e019d3cb1140863cc762a5b6)
                    - __init__.py (RegularFile, e32a7ac6c2b2592a64824c1edb856093)
                    - display (Directory, 34c43a48fd995d5e68eb2eec33071966)
                      - __init__.py (RegularFile, 8b6af517cb5cacb86beb11f954b14f23)
                      - display_.py (RegularFile, df6c8c33c030bc19612adfa21cf18a5a)
                      - display_log.py (RegularFile, 1782f2a813f2f802261c82d122b6f911)
                      - supported_data_type.py (RegularFile, 9414b873a56058f36c3d4700ae569603)
                - pycharm_matplotlib_backend (Directory, 66b35fa085024d471c9844c91cfbc987)
                  - __init__.py (RegularFile, f571933bb948577b1f9f3076fb8fc7c6)
                  - backend_interagg.py (RegularFile, 3a78a3873376e0f03ea3b3295662581d)
                  - sitecustomize.py (RegularFile, 5235e941a1dc94f543a3059a2811e5e1)
                - pycharm_package_installer.py (RegularFile, 31d2b142eeacb3fc39ed4349ea90d37d)
                - pycharm_plotly_backend (Directory, 099f059bbbd3fbb26f80a1b61e89cc39)
                  - __init__.py (RegularFile, f571933bb948577b1f9f3076fb8fc7c6)
                  - sitecustomize.py (RegularFile, 1b55acd145c5924da6d4bbee8bd062f7)
                - pycodestyle-2.10.0.py (RegularFile, 0375694bdedfe3940f9e70bd4178fbb2)
                - pycodestyle-2.8.0.py (RegularFile, 4d18e6aac4c54cc1b5f22891d1c6a509)
                - pycodestyle.py (RegularFile, 5d14312e840989dac78f5d55bad1185a)
                - pydev (Directory, f245a3434ffc9ce1051b44ee869fe549)
                  - _pydev_bundle (Directory, 7e8995b84c2067951fc6d5e86776ba64)
                    - __init__.py (RegularFile, f571933bb948577b1f9f3076fb8fc7c6)
                    - _pydev_calltip_util.py (RegularFile, 378a1e56576ba201d07647a790e5d30e)
                    - _pydev_completer.py (RegularFile, 8304cfeb6d5aa55960a7c302efcb8f24)
                    - _pydev_filesystem_encoding.py (RegularFile, a29ef9f623594bf3367424403fed0553)
                    - _pydev_getopt.py (RegularFile, 5dd9040bd2d2ddea55a65cb1e66bd91c)
                    - _pydev_imports_tipper.py (RegularFile, 5d7dcd5e4a55dc14a0b4fa360b3b45d6)
                    - _pydev_jy_imports_tipper.py (RegularFile, 4349dc7577ce66a35b198fedcb4a71d0)
                    - _pydev_log.py (RegularFile, af3abd9c42a9770228a0eaab1e22960d)
                    - _pydev_tipper_common.py (RegularFile, 9703330939ad62a09ae61aeb56291989)
                    - fix_getpass.py (RegularFile, 12680150cd17243160b435bd5dade48f)
                    - pydev_code_executor.py (RegularFile, 306ced52bd27d2cfde581b09d4c6bf03)
                    - pydev_console_commands.py (RegularFile, 3a115f56780f0d73c1b04bcc284547e0)
                    - pydev_console_types.py (RegularFile, f9ef6fca59884ef0948d7c7059da10ce)
                    - pydev_console_utils.py (RegularFile, 1b1bc5e8dc1affe35f96c6a5d896260e)
                    - pydev_import_hook.py (RegularFile, b7af97319db11c9d34fe6bea865ed49f)
                    - pydev_imports.py (RegularFile, 09c688e3feb2347e02b15ade64c47db2)
                    - pydev_ipython_code_executor.py (RegularFile, 2a2ee83aafd7c7397883628dd3f28ef2)
                    - pydev_ipython_completer.py (RegularFile, 90a301a245de337e898ae1596996cb88)
                    - pydev_ipython_console.py (RegularFile, 95874ef7f9d9ce86cee6a75f4b57ea8a)
                    - pydev_ipython_console_011.py (RegularFile, 193a23cce0e398ff40c93104a96a282b)
                    - pydev_ipython_rich_output.py (RegularFile, 5d4669090a898ae45e85ba8d19b25f18)
                    - pydev_is_thread_alive.py (RegularFile, 8bc0408f62a38d0ed3b58a5ac6098e22)
                    - pydev_localhost.py (RegularFile, 3fb1f8b37d4e0ce2af5b00651e0cc8f1)
                    - pydev_log.py (RegularFile, 4e33e5bb2c4edf27cc31d5290de2da4a)
                    - pydev_monkey.py (RegularFile, 89370ae2611f1334dabb11ab4f573030)
                    - pydev_monkey_qt.py (RegularFile, b5a04ae264ae481edd38d867332d42ab)
                    - pydev_override.py (RegularFile, 4a380649fd1b84ff030b5090c34c0040)
                    - pydev_stdin.py (RegularFile, 931bafabb7ebd1c0934d7596e9e92c48)
                    - pydev_umd.py (RegularFile, 2e7fe5b01b7edcb6286148188fb113c0)
                    - pydev_versioncheck.py (RegularFile, 959e0ea5b93215a4a24205975b0acded)
                  - _pydev_comm (Directory, f268a3fef0fc0e8ea738446b9e883952)
                    - __init__.py (RegularFile, f571933bb948577b1f9f3076fb8fc7c6)
                    - pydev_io.py (RegularFile, 5f3587eb572cc64123283e38a6b50d94)
                    - pydev_rpc.py (RegularFile, a6e1e1ff1a2925b8cd3f66949df97c14)
                    - pydev_server.py (RegularFile, 58f54e82848be66b548314a62704dd90)
                    - pydev_transport.py (RegularFile, 12a4b1c446ae66f5569fb81dcefecf13)
                  - _pydev_imps (Directory, c93e4f3ab32731f295f684a0cb48475a)
                    - __init__.py (RegularFile, f571933bb948577b1f9f3076fb8fc7c6)
                    - _pydev_BaseHTTPServer.py (RegularFile, 16cfa73e12927e08c3656f6e6dce8c1a)
                    - _pydev_execfile.py (RegularFile, 4e99ed3ce40b0160cf90c5e781f55031)
                    - _pydev_pkgutil_old.py (RegularFile, 10c6d29cb5c7ded65ebe1dffeec60f11)
                    - _pydev_saved_modules.py (RegularFile, b75be139b2fa4bdfa4535ea5a4f3caeb)
                    - _pydev_SimpleXMLRPCServer.py (RegularFile, 55a4af6a24f09ec65e8d3f08d3479e9c)
                    - _pydev_SocketServer.py (RegularFile, 2f27673138dfc26613237d9bc1f2e92d)
                    - _pydev_sys_patch.py (RegularFile, fa5cf4828109d51552d2fca2907bb9be)
                    - _pydev_xmlrpclib.py (RegularFile, 98883ae31ec47a9ca0b2972acf858815)
                  - _pydev_runfiles (Directory, cea2d8f9a5cf0081f5bc026d5aa5714c)
                    - __init__.py (RegularFile, f571933bb948577b1f9f3076fb8fc7c6)
                    - pydev_runfiles.py (RegularFile, dedaa3d50bdad960f6705f4aee539282)
                    - pydev_runfiles_coverage.py (RegularFile, 19292601bfc2c2a5a3f8611c569e00bf)
                    - pydev_runfiles_nose.py (RegularFile, 98e7822bb1a67804601fe44a2c52fe29)
                    - pydev_runfiles_parallel.py (RegularFile, c53c04a2bbb2ca44cc884f3d2f238829)
                    - pydev_runfiles_parallel_client.py (RegularFile, ba0e69be52ee8be967d246a98f806acf)
                    - pydev_runfiles_pytest2.py (RegularFile, 93c09283c44ec2cf624568aae48d1f13)
                    - pydev_runfiles_unittest.py (RegularFile, a5b8ffd45d034febee22ebbec1c0dd99)
                    - pydev_runfiles_xml_rpc.py (RegularFile, f9929d4dc6b09b026e12951484091a53)
                  - _pydevd_bundle (Directory, 5b0840dbc479e54febb948b1f613485d)
                    - __init__.py (RegularFile, f571933bb948577b1f9f3076fb8fc7c6)
                    - pydevconsole_code_for_ironpython.py (RegularFile, cfa172c00513f39cd8bf302d014c7126)
                    - pydevd_additional_thread_info.py (RegularFile, eb036b6d1348245425cee981ae9cc371)
                    - pydevd_additional_thread_info_regular.py (RegularFile, f03a4cf84a94b26ac97e128e7b2881b3)
                    - pydevd_asyncio_provider.py (RegularFile, 911235541ec115fbd3d3f1f3cf23f5fa)
                    - pydevd_breakpointhook.py (RegularFile, 4902cc1a3c054aaa360ecf9d7d7d8cb5)
                    - pydevd_breakpoints.py (RegularFile, dbf6a19dade67cf95e0db1ca75ed29a6)
                    - pydevd_bytecode_utils.py (RegularFile, b3611b3ce9a4d11cb8f3b210c4e6b6db)
                    - pydevd_collect_try_except_info.py (RegularFile, c3d496aa88d6790685049e5956641a33)
                    - pydevd_comm.py (RegularFile, 2fbd5f3a93ca1217a02fb5ed9ba47260)
                    - pydevd_comm_constants.py (RegularFile, 307fe1c8e8129a33a21d44ce53883da9)
                    - pydevd_command_line_handling.py (RegularFile, 721e75711f23ed9a8897251f80c3dc53)
                    - pydevd_console.py (RegularFile, f799f485182998daacbbf32336a68472)
                    - pydevd_console_integration.py (RegularFile, 90e19d8421575228702389cb3a117c7b)
                    - pydevd_console_output.py (RegularFile, e1777bf3ff499b89c5b63464d78c94bd)
                    - pydevd_console_pytest.py (RegularFile, 5bbbb3027ca02c64c75e2c82bd2fa4d0)
                    - pydevd_constants.py (RegularFile, 5f6ca3ac00fd4f2dedb97df0f26b0fdc)
                    - pydevd_custom_frames.py (RegularFile, b0efd92d7de77c3791c4c478b1ee74b3)
                    - pydevd_cython.c (RegularFile, 117b212c20bd3df856eda4d35511e7f1)
                    - pydevd_cython.pxd (RegularFile, d0669b34e394f68c61a8cabe0d326949)
                    - pydevd_cython.pyx (RegularFile, 32d71c1362713d70885b2295c8938fe8)
                    - pydevd_cython_darwin_27_64.so (RegularFile, 4cf5ccf188af466f0cb9d60355e3c114)
                    - pydevd_cython_darwin_310_64.cpython-310-darwin.so (RegularFile, c6ae2ea849ffa6ed832e7fc8f40f2e1a)
                    - pydevd_cython_darwin_311_64.cpython-311-darwin.so (RegularFile, 00586d0ecd14c00396b360bd09aa9177)
                    - pydevd_cython_darwin_312_64.cpython-312-darwin.so (RegularFile, 2c67ec98e7fef2bf91d8031fe1cd76ec)
                    - pydevd_cython_darwin_36_64.cpython-36m-darwin.so (RegularFile, 15a85c579018bcc42c42877f1f785e90)
                    - pydevd_cython_darwin_37_64.cpython-37m-darwin.so (RegularFile, 6c81e014d4b953e8aa6eb4219e4266ca)
                    - pydevd_cython_darwin_38_64.cpython-38-darwin.so (RegularFile, 5745e0adae583a59204fda6b413f14c6)
                    - pydevd_cython_darwin_39_64.cpython-39-darwin.so (RegularFile, 6fecea5c3dbe8170383865b090ae2086)
                    - pydevd_cython_win32_27_32.pyd (RegularFile, 660bd324cf95bddaccb80c188375ad27)
                    - pydevd_cython_win32_27_64.pyd (RegularFile, 1324df03c2ab3fe33835bfbdec2c9e58)
                    - pydevd_cython_win32_310_32.cp310-win32.pyd (RegularFile, 5ab5685ea2d8090d60bc371bd6e3c8cd)
                    - pydevd_cython_win32_310_64.cp310-win_amd64.pyd (RegularFile, b22a57ccc9f6cd482056179ff76287ac)
                    - pydevd_cython_win32_311_32.cp311-win32.pyd (RegularFile, a4095401c942266ba8b6be99aff9d8e0)
                    - pydevd_cython_win32_311_64.cp311-win_amd64.pyd (RegularFile, ec34a983af097ec7d812b8bb8a55723a)
                    - pydevd_cython_win32_312_32.cp312-win32.pyd (RegularFile, 15e6493d5ac9b4625368ed5d2863958b)
                    - pydevd_cython_win32_312_64.cp312-win_amd64.pyd (RegularFile, 079a1724008b3cc13292fbe93da21f74)
                    - pydevd_cython_win32_36_32.cp36-win32.pyd (RegularFile, 64de62b3cccb5a55db9e743597ea5fab)
                    - pydevd_cython_win32_36_64.cp36-win_amd64.pyd (RegularFile, 21bde94084e12d6bdb512e2f73707496)
                    - pydevd_cython_win32_37_32.cp37-win32.pyd (RegularFile, 71a391a4d0f55a2bdf63097264178184)
                    - pydevd_cython_win32_37_64.cp37-win_amd64.pyd (RegularFile, 61c4a48e6ab343d70d94538058b2b9d0)
                    - pydevd_cython_win32_38_32.cp38-win32.pyd (RegularFile, c9230647cb846f5d2dfa8386e3b57c30)
                    - pydevd_cython_win32_38_64.cp38-win_amd64.pyd (RegularFile, f36c743cc70344c48b4cfd430ac18e82)
                    - pydevd_cython_win32_39_32.cp39-win32.pyd (RegularFile, a88d74bfd9eeef945efb3e4781898962)
                    - pydevd_cython_win32_39_64.cp39-win_amd64.pyd (RegularFile, 9602f42ee80c7326563ae754161c7f74)
                    - pydevd_cython_wrapper.py (RegularFile, 4b3d59cf1269a6d7d56a2b3432f6d0de)
                    - pydevd_daemon_thread.py (RegularFile, eb03010be87ed239d69ff815d4c225ed)
                    - pydevd_dont_trace.py (RegularFile, 6a625855c8b451327750b29aff2dc852)
                    - pydevd_dont_trace_files.py (RegularFile, 478c6cc1a2821fd84f7beb9668a554a3)
                    - pydevd_exec.py (RegularFile, edcc98c2654fb88b02d35536ff0155b1)
                    - pydevd_exec2.py (RegularFile, 94500574b2332861f328b87b766d91ca)
                    - pydevd_extension_api.py (RegularFile, a6dc9c3b407f34c428e152decf7fb6c3)
                    - pydevd_extension_utils.py (RegularFile, ace55a44f0fc51cb15f1e2effdfcd3b2)
                    - pydevd_frame.py (RegularFile, 038465110f4522d8c5d95a281bdf458f)
                    - pydevd_frame_type_handler.py (RegularFile, 053b16699ac64133f146024ef8e2e1b7)
                    - pydevd_frame_utils.py (RegularFile, d3cbccf5f07340e54aed84140985f0fb)
                    - pydevd_import_class.py (RegularFile, 2312a70688d53b6e37b9277d72ec76c5)
                    - pydevd_io.py (RegularFile, 8ff6a7a1ff90cb3ec2ffa8cc0404b9f0)
                    - pydevd_ipython_console_output.py (RegularFile, cfe929d2be141f34d2d597890e153eb3)
                    - pydevd_pep_669_tracing.py (RegularFile, c1242f0f6b87833af31ed586f1502ae4)
                    - pydevd_pep_669_tracing_cython.c (RegularFile, 8a5a85d42712c660c5d004bf7cbf6f90)
                    - pydevd_pep_669_tracing_cython.cp312-win32.pyd (RegularFile, 809a36f253a8bb6a64c94fd14d5296ab)
                    - pydevd_pep_669_tracing_cython.cp312-win_amd64.pyd (RegularFile, 38a3928851b01a9271706a1683bc0378)
                    - pydevd_pep_669_tracing_cython.cpython-312-darwin.so (RegularFile, 9871707e50e07a8ad70c9ea4451724be)
                    - pydevd_pep_669_tracing_cython.pyx (RegularFile, 7c19f07120712d155f8484052feb3175)
                    - pydevd_pep_669_tracing_wrapper.py (RegularFile, cfb726137d786fc5b9a0e37a1db04363)
                    - pydevd_plugin_utils.py (RegularFile, 910afc41dfaf21a9e36df44144451332)
                    - pydevd_process_net_command.py (RegularFile, b1986f7098b23947b34102d647289e90)
                    - pydevd_referrers.py (RegularFile, d2e987dcd988970e4a5d44fb0bd35cab)
                    - pydevd_reload.py (RegularFile, 67ceace16e90c96459e668c4bca76a1a)
                    - pydevd_repr_utils.py (RegularFile, cad73b2a3f6f5ddbd768a8aab301894e)
                    - pydevd_resolver.py (RegularFile, 45b7e81a8759d26e76be722c56a676ec)
                    - pydevd_save_locals.py (RegularFile, e814a12892ed2bf106e8b5998960b4f4)
                    - pydevd_signature.py (RegularFile, 4dfb62fabaa7f7a23c40cf686dcc8234)
                    - pydevd_stackless.py (RegularFile, b47bf714170d8678e60285eb21cc3153)
                    - pydevd_tables.py (RegularFile, a99ffc4f1cc535736eb4c4157d3deefc)
                    - pydevd_thread_lifecycle.py (RegularFile, 224d3678b0f9e9a1d52fe6c254798369)
                    - pydevd_thrift.py (RegularFile, bd0bd7ccaa44b3d7aab6e452355eba84)
                    - pydevd_trace_api.py (RegularFile, 453570aaa33d4d92900211dc6d991c25)
                    - pydevd_trace_dispatch.py (RegularFile, c17f0d502759ac9ca3ca7bcd787050b9)
                    - pydevd_trace_dispatch_regular.py (RegularFile, 0a825c0c3993a1ba5151c6223af30be0)
                    - pydevd_traceproperty.py (RegularFile, f6e3ce06951229655ee84b75b6367598)
                    - pydevd_user_type_renderers.py (RegularFile, 939a2530b1b52434bfeacde2e3cc0ef8)
                    - pydevd_user_type_renderers_utils.py (RegularFile, ab0fecc73d949a687ae2c99ab30604b2)
                    - pydevd_utils.py (RegularFile, 6f7a7beba03e375b199819352654a1fc)
                    - pydevd_vars.py (RegularFile, 380e979ef2d0bcc36f1f9851aea280a1)
                    - pydevd_vm_type.py (RegularFile, 68a2b7b1c0d7eb5e36293777107c7cc3)
                    - pydevd_xml.py (RegularFile, 9544d1b786ebfa4257e12852affd0a08)
                    - smart_step_into (Directory, fc8d073eeb923ed97561f76f2c0bd162)
                      - __init__.py (RegularFile, e7128b6d048426b11996a03394c3fbf4)
                      - pydevd_smart_step_into_27.py (RegularFile, 16f520e4569bf9b1fd2e545e7be36fd6)
                      - pydevd_smart_step_into_util.py (RegularFile, b9821b0b117916374d2020fc66bd67ad)
                    - tables (Directory, a3ee1eb79c6c06521f7b4474270577b3)
                      - __init__.py (RegularFile, 0ea159181a5c608be2f976d8e90fc468)
                      - images (Directory, aaa9580d089607eb5972d93ef4207d39)
                        - __init__.py (RegularFile, ac7e781a78b470bb9bd944cce921844e)
                        - pydevd_image_loader.py (RegularFile, 31a2399509f1284eb9cd6b266499bf97)
                        - pydevd_matplotlib_image.py (RegularFile, 922b21897999f529aef091799a5e1d12)
                        - pydevd_numpy_based_image.py (RegularFile, 3928b340ccaedffea3f1415c5c36eaa5)
                        - pydevd_numpy_image.py (RegularFile, f4ee69b417229aa2466272fd31c86d9e)
                        - pydevd_pillow_image.py (RegularFile, e4f6b949498301cb9ba80cb8f4e1ee24)
                      - pydevd_dataset.py (RegularFile, 81847a09bc18a176ceb431b73fe49462)
                      - pydevd_numpy.py (RegularFile, ddf04be993c411f3a9fa02441184a8fb)
                      - pydevd_numpy_based.py (RegularFile, c2b715d9d737d08c93ce2978801d2739)
                      - pydevd_pandas.py (RegularFile, de8dd5513959ef5f97e8d0a31a70d194)
                      - pydevd_polars.py (RegularFile, 062ebcf51e11300c33ae267575d1ba77)
                  - _pydevd_frame_eval (Directory, 65650dc886c4ec9880914ab4384753b0)
                    - __init__.py (RegularFile, f571933bb948577b1f9f3076fb8fc7c6)
                    - internal_pycore.h (RegularFile, 7770420259c48be2c55e1a2b81609af1)
                    - pydevd_frame_eval_cython_wrapper.py (RegularFile, f688b6f921ec8b219d69712d0ec28d89)
                    - pydevd_frame_eval_main.py (RegularFile, c0d620020d1d87cd7a38468461c1e6ad)
                    - pydevd_frame_evaluator_36_38.c (RegularFile, 5abb6bc94a1eb1a11c72c70c2d1fd6e3)
                    - pydevd_frame_evaluator_36_38.pxd (RegularFile, 3debb2e41321869d7a6b613b445355d0)
                    - pydevd_frame_evaluator_36_38.pyx (RegularFile, 900b0c7ffe9df61f7600f4e7da6d06d3)
                    - pydevd_frame_evaluator_39_310.c (RegularFile, 661439bfcb6aa2daeed6d64ae4f35061)
                    - pydevd_frame_evaluator_39_310.pxd (RegularFile, e12f11a6a20b70209fbf5f5ea2ed9224)
                    - pydevd_frame_evaluator_39_310.pyx (RegularFile, 3874e7e4f37e94bf712c6c5a302e91c4)
                    - pydevd_frame_evaluator_darwin_310_64.cpython-310-darwin.so (RegularFile, e5cb06baeaf719ff53e31930a5113ddb)
                    - pydevd_frame_evaluator_darwin_36_64.cpython-36m-darwin.so (RegularFile, 253075f5d7180d32bb7038780bbe1a44)
                    - pydevd_frame_evaluator_darwin_37_64.cpython-37m-darwin.so (RegularFile, d34bbc72aa2c0b80780334b03ceec9a0)
                    - pydevd_frame_evaluator_darwin_38_64.cpython-38-darwin.so (RegularFile, 0f07275eb0d2c2a542b927d89ac90b5d)
                    - pydevd_frame_evaluator_darwin_39_64.cpython-39-darwin.so (RegularFile, a054833bb03290199db27b9a366ad430)
                    - pydevd_frame_evaluator_win32_310_32.cp310-win32.pyd (RegularFile, a55eed7dd23b7c90942433b68083c9ec)
                    - pydevd_frame_evaluator_win32_310_64.cp310-win_amd64.pyd (RegularFile, 70b40f0f7413b7de40c8df2a54dd46a2)
                    - pydevd_frame_evaluator_win32_36_32.cp36-win32.pyd (RegularFile, 4d93e37a474f4a4e6cbd272556f69f3c)
                    - pydevd_frame_evaluator_win32_36_64.cp36-win_amd64.pyd (RegularFile, f193649176e967b30f2ac9c60d22175f)
                    - pydevd_frame_evaluator_win32_37_32.cp37-win32.pyd (RegularFile, 6c640593cae62a237f5a5be25940b48a)
                    - pydevd_frame_evaluator_win32_37_64.cp37-win_amd64.pyd (RegularFile, 5f4f19f11e83dee973f1d24747fbd1a2)
                    - pydevd_frame_evaluator_win32_38_32.cp38-win32.pyd (RegularFile, e32af5a835297ac2e7c4244c6d7afda2)
                    - pydevd_frame_evaluator_win32_38_64.cp38-win_amd64.pyd (RegularFile, f950c0f45c2ccf6972383bde1d815d37)
                    - pydevd_frame_evaluator_win32_39_32.cp39-win32.pyd (RegularFile, 48f1e3409f15808f1ba9c3577deb50a7)
                    - pydevd_frame_evaluator_win32_39_64.cp39-win_amd64.pyd (RegularFile, 6bfd969561d5eb33e8d905d26b9b5500)
                    - pydevd_frame_tracing.py (RegularFile, 995fec2b0ca1e8328fbbcbe57a4fafb0)
                    - pydevd_modify_bytecode.py (RegularFile, d16cc3de6739e63ead834025c0eb7f51)
                    - release_mem.h (RegularFile, 17a0731ae3e0589bd4a18b5c78ab735d)
                  - build_tools (Directory, 6973fae06adc9fae8758c2b24a9a23ef)
                    - build.py (RegularFile, 9fa2a02171a8cc05a6ea7f73af47b3a0)
                    - build_binaries_osx.py (RegularFile, adb8594e1f894a3c704b95cc6883a7b0)
                    - build_binaries_windows.py (RegularFile, 0e21fd802f1301a7234e9ad109ae8ebe)
                    - build_common.py (RegularFile, e2bebb982908c8a3ea07dba29d0a8f4c)
                    - generate_code.py (RegularFile, da16730f72fe9f26025228d5425dd62d)
                    - generate_debugger_import_errors (Directory, 2b4f57a9202dc28c1acd2c1b1718007a)
                      - generate_import_error.py (RegularFile, 56d46695e512d8478efa3cf4e8696c61)
                      - generation_utils.py (RegularFile, 50cc12120905f2f053ca534cf773879d)
                      - start_generation.py (RegularFile, e71ba4d0af2a0f64c1e5c7f838b0b9f8)
                    - msvccompiler_wrapper.py (RegularFile, 7b1f2896f26f13094e2f2f5f05d17956)
                    - names_to_rename.py (RegularFile, 19bc84e94c206390e04f6f1e0075b802)
                    - pydevd_release_process.txt (RegularFile, 4dad8a2411e6a498bac5ed23663eafa9)
                    - rename_pep8.py (RegularFile, a9d3fd953f6fc15e0255f375aa0f9032)
                  - ci-requirements (Directory, 3b315f16a73ad8fb5f41b0258c7e334d)
                    - ci-requirements-27.txt (RegularFile, 34154958daa4d466f1ed8e4023869863)
                    - ci-requirements-310.txt (RegularFile, fcdb66b6137adc8ee9eb9cbaf943f08d)
                    - ci-requirements-311.txt (RegularFile, 76e5d09d7f90debce516dffcf4be7ad9)
                    - ci-requirements-312.txt (RegularFile, 76e5d09d7f90debce516dffcf4be7ad9)
                    - ci-requirements-313.txt (RegularFile, 76e5d09d7f90debce516dffcf4be7ad9)
                    - ci-requirements-314.txt (RegularFile, 76e5d09d7f90debce516dffcf4be7ad9)
                    - ci-requirements-38.txt (RegularFile, 3f524bc962f85e37c4edfd0b680e1959)
                    - ci-requirements-39.txt (RegularFile, fcdb66b6137adc8ee9eb9cbaf943f08d)
                    - ci-requirements-latest.txt (RegularFile, 0da7f2f2965f5812f822e9547ad88dd5)
                  - interpreterInfo.py (RegularFile, 085f99af406dc9e8d6ea61153dff9451)
                  - LICENSE (RegularFile, 6335e0580f2ad938d209504bd38a7ae3)
                  - MANIFEST.in (RegularFile, ed2925783525967d2ab7cb719fcb285f)
                  - merge_pydev_pycharm.txt (RegularFile, 403ea943bacbefa510e704a3b74de99e)
                  - pycharm-console.rst (RegularFile, fcb866c5edb9b9ecedb4df29d3849bcf)
                  - pycharm-readme.rst (RegularFile, b4ae721df8d3075abffcd01eea0535a3)
                  - pycompletionserver.py (RegularFile, 05988e4eb8da0947d695b20285f320a4)
                  - pydev_app_engine_debug_startup.py (RegularFile, f65e8e25094f6c1be75f897eba6c0c63)
                  - pydev_console (Directory, 4222cfb5f52a21a32af299af29833232)
                    - __init__.py (RegularFile, f571933bb948577b1f9f3076fb8fc7c6)
                    - console.thrift (RegularFile, 76b739a964fa8e6a5e718249c5ffcb50)
                    - pydev_protocol.py (RegularFile, 12a8eb3fc967b2e238ea6e1b98a1f2db)
                  - pydev_coverage.py (RegularFile, e3d25e783feb17eacf90eaa589e910d3)
                  - pydev_ipython (Directory, ba8c3a0fb306a8f20705b4e3a67efa41)
                    - __init__.py (RegularFile, f571933bb948577b1f9f3076fb8fc7c6)
                    - inputhook.py (RegularFile, e7b39b3573c18584e760f28404c3636d)
                    - inputhookglut.py (RegularFile, 0d4aa6058d81c20020c980214e7643ed)
                    - inputhookgtk.py (RegularFile, 4aaaa713be88c92ef0b9b41d43e2409a)
                    - inputhookgtk3.py (RegularFile, e1368f4f3095f534e3165439920072b4)
                    - inputhookpyglet.py (RegularFile, d1de8817d4aa82e9ef68cd3ac12972de)
                    - inputhookqt4.py (RegularFile, 36ddc20eafb329ed273a0ffd7636992a)
                    - inputhookqt5.py (RegularFile, c57de1b4af7d61552388c7446f7397f1)
                    - inputhookqt6.py (RegularFile, 434937ff911ff2d82f12c49e19055d29)
                    - inputhooktk.py (RegularFile, c111aaafcf7f50b2f43eec7adb961c70)
                    - inputhookwx.py (RegularFile, a281d8a0ced2f402bf2b64b27ef44dd8)
                    - matplotlibtools.py (RegularFile, c5a8d1239990d13e55f67b0ddfcaadbc)
                    - qt.py (RegularFile, ea6497f6339a1ac175b6b32d18ac76b4)
                    - qt_for_kernel.py (RegularFile, 76ff9a4de781655456d230fde9e54ed2)
                    - qt_loaders.py (RegularFile, 83b3a752be1bbbef47df8b9eb5edeec6)
                    - README (RegularFile, b8959c88c65778de6c85c7abe83b1015)
                    - version.py (RegularFile, e3eb756314db4abab9b9edada4452eb7)
                  - pydev_pysrc.py (RegularFile, c3ad103aa4604eef463dcf490ed3c5f8)
                  - pydev_sitecustomize (Directory, 683f61d2769775a4f1e17169cb9501bf)
                    - __not_in_default_pythonpath.txt (RegularFile, 9c5157c0df9c22ec8e3981035ec7efc8)
                    - sitecustomize.py (RegularFile, 685649cf727b16006c97cab3b18d86c8)
                  - pydevconsole.py (RegularFile, 0484244a6f1bc3016043882e46d306e7)
                  - pydevd.py (RegularFile, bd8203380d2a4f3b2e926f48d78e8fb4)
                  - pydevd_attach_to_process (Directory, dd8c0079ad33061321db779c66e98392)
                    - _always_live_program.py (RegularFile, 2b3a46c83b1bf5332625d5a669ff2e6d)
                    - _check.py (RegularFile, ca6c04db44acbda304d098452827a250)
                    - _test_attach_to_process.py (RegularFile, cc7d2ef57d8d45d808e5cf2d3e72c14e)
                    - _test_attach_to_process_linux.py (RegularFile, be47df85f844a4be0a6f2ded4cf9248d)
                    - add_code_to_python_process.py (RegularFile, 291873e3efbadf9be3719063784e45f6)
                    - attach.dylib (RegularFile, 2cae3e2fe7ae661eb8681776f923609a)
                    - attach_amd64.dll (RegularFile, 9eef7f2bc631445d9c9c849a4dccf449)
                    - attach_amd64.pdb (RegularFile, e3b3b4fd850c1275c679c7fc2085c732)
                    - attach_linux_aarch64.so (RegularFile, 8fab437154313f2779bb467d274df4cd)
                    - attach_linux_amd64.so (RegularFile, 6a1e17233dc0c021a62e66935c9484a1)
                    - attach_linux_x86.so (RegularFile, 79b6be9309ef530563aef0145b159c35)
                    - attach_pydevd.py (RegularFile, 01f6928859ce86568b1a0310cdd834fd)
                    - attach_script.py (RegularFile, 70dfe6e12a35b670a394afbb5dd1a9a5)
                    - attach_x86.dll (RegularFile, 9f9eaa09b1d8ae01aad8aefcd1a9d673)
                    - attach_x86.pdb (RegularFile, 7085d69c3de9977bcfd29e492a79a4e5)
                    - common (Directory, 665abd209b0b5fb56309af9bbebfdf37)
                      - py_custom_pyeval_settrace.hpp (RegularFile, c75b7b7dd9315a49cd26c08a56c2d7f0)
                      - py_custom_pyeval_settrace_310.hpp (RegularFile, 8923b1568db02764018a43a75a9abfeb)
                      - py_custom_pyeval_settrace_311.hpp (RegularFile, ee96a9bd4cad5f25c0aa17095af851e7)
                      - py_custom_pyeval_settrace_common.hpp (RegularFile, 283979f66b5004d31e6633ac34d3a69a)
                      - py_settrace.hpp (RegularFile, aeb5b781ed2eb6badd29b506585a3e55)
                      - py_utils.hpp (RegularFile, acef070b1daf433dc110965f8f1e4093)
                      - py_version.hpp (RegularFile, fa5d371e67eda3bad089302e5878d2c4)
                      - python.h (RegularFile, 44ef503503e411369c496aea71aaf70c)
                      - ref_utils.hpp (RegularFile, 59492cbc88b198558b2b84089e86dc31)
                    - inject_dll_amd64.exe (RegularFile, bf8615d581f46527b1898538f1217eb1)
                    - inject_dll_amd64.pdb (RegularFile, 5b4e28ed9f53779d9eb9a1678f7e8886)
                    - inject_dll_x86.exe (RegularFile, 42dcfd780e4c88732160316270bbeced)
                    - inject_dll_x86.pdb (RegularFile, cabee0f36b9b1207c68ec39ba96f6cc4)
                    - linux_and_mac (Directory, 81d19d4da17bde6b09a77393045d4357)
                      - attach.cpp (RegularFile, 7c31cb2acae799a36c8b961f45de4ef5)
                      - compile_linux.sh (RegularFile, 4bcbbb1c84ffe5073d081c44b63427fc)
                      - compile_linux_aarch64.sh (RegularFile, e37242ba74aea82ed19837a0374f07c1)
                      - compile_mac.sh (RegularFile, 251d3b1690403f0eb2529966185891de)
                      - lldb_prepare.py (RegularFile, 76a533265e803f393cf88ac68571f50c)
                    - README.txt (RegularFile, 356d84506bdf993825c9bf90a4953c03)
                    - run_code_on_dllmain_amd64.dll (RegularFile, f10c380340d8010fedc67406e2189671)
                    - run_code_on_dllmain_amd64.pdb (RegularFile, 4c8f2d0b236cb6d58402f4b605c12685)
                    - run_code_on_dllmain_x86.dll (RegularFile, aaf896068ee9c8b1f341c27e32fb23b0)
                    - run_code_on_dllmain_x86.pdb (RegularFile, 67081dd6073e3ce144ef903d6266cce1)
                    - winappdbg (Directory, b1438b4e97a2ee73f2de63edcbd271cc)
                      - __init__.py (RegularFile, 4d8aca86960bda5918dc3c9e195b2c01)
                      - breakpoint.py (RegularFile, 078f7db0e60f3d31805a9f9292ee780b)
                      - compat.py (RegularFile, 0dd2525c80a019aba697eea98aad198b)
                      - crash.py (RegularFile, 0a73a61c14f77859283ba96bc5046000)
                      - debug.py (RegularFile, 9700e44696f5949907d7be86d6ff7465)
                      - disasm.py (RegularFile, d7ebbf47ee815ccc2fc84601933aee62)
                      - event.py (RegularFile, 0df9b8e7b74eff8efbb1146ad6d3fb34)
                      - interactive.py (RegularFile, b9c21bc5704468acae20536dbddfe033)
                      - module.py (RegularFile, 308c2f903e4d980a03844b2fa2196817)
                      - plugins (Directory, 7e9d1a92a8d83d944dcbb7509ab39a18)
                        - __init__.py (RegularFile, 9fd64b42c8f431fbb0b38e9d85ff7ae0)
                        - do_example.py (RegularFile, 35188413126ea1144c5e7f15387b485f)
                        - do_exchain.py (RegularFile, ec90d0862340223658bde69414bee0f2)
                        - do_exploitable.py (RegularFile, c2f4a92052392aa388c473c34c476868)
                        - do_symfix.py (RegularFile, 2457ef68f7383878d5acaca9c671887b)
                        - README (RegularFile, 18b7583e5d062009e321c96fcc1c4ff6)
                      - process.py (RegularFile, f897f3c54d87585b98233fedaad60f2c)
                      - registry.py (RegularFile, c2f61e3691a7083b4410100d78d3492d)
                      - search.py (RegularFile, d6b2062230f3d676d4d89c35405fa6b4)
                      - sql.py (RegularFile, 7eb9ae9f2e8f8c26fd97f496abf71e71)
                      - system.py (RegularFile, eec689768bb9efcaf272cfb931b03bf8)
                      - textio.py (RegularFile, 6b31d60b18973353d545d6e12b059718)
                      - thread.py (RegularFile, 40c62b2a94b21fd54cee5e40645656ec)
                      - util.py (RegularFile, a83e9cdb4d43b590b5480f39115a9004)
                      - win32 (Directory, bc0a0fcf8979b7430be676f09eafa40b)
                        - __init__.py (RegularFile, 0cd3a26e97865739d4a20859c68d8479)
                        - advapi32.py (RegularFile, 183584de404136aa9519b6395e7bc376)
                        - context_amd64.py (RegularFile, bfe4dd6bc34808bd4e538424fb12a567)
                        - context_i386.py (RegularFile, c38c193a8112d5b768bd72cee37093f0)
                        - dbghelp.py (RegularFile, 779fe1dd3cc8a143bc1f5e161f7e7c7f)
                        - defines.py (RegularFile, 84e141907039d738917b875b64d272a5)
                        - gdi32.py (RegularFile, d04a80bd9761231ba1372286095b85d1)
                        - kernel32.py (RegularFile, 1cb49eb24a2e1ef72fc6d4aa90dc30a2)
                        - ntdll.py (RegularFile, 8e3a6bd889670f4845895e246d38b3b7)
                        - peb_teb.py (RegularFile, 9dd9cf8751d2825b1d23c16ace9789bd)
                        - psapi.py (RegularFile, f0bc3f44145f685f71c13397ae2838e3)
                        - shell32.py (RegularFile, 3095f1f9d4ae6160e04f7cc3e85b2570)
                        - shlwapi.py (RegularFile, a358133be2177ad5e454083eaeffdbbe)
                        - user32.py (RegularFile, a68ec1a71edce8ea61972711567e9a1f)
                        - version.py (RegularFile, 7dc72490659e7c1622a13631cdf297ee)
                        - wtsapi32.py (RegularFile, 8d16bf8749fd79ba6cabcfd486a14b6e)
                      - window.py (RegularFile, 32328bbdbefbfc1e61919635d12b4228)
                    - windows (Directory, 5473dcb69fbf974bb4b75f753e5f75a7)
                      - attach.cpp (RegularFile, dfb6cca3881d9eb75db242f17707af20)
                      - attach.h (RegularFile, 247451d399a6da41316968fcd4bd31a7)
                      - compile_windows.bat (RegularFile, 5d7782f51f889db4206ae96bc839bdfc)
                      - inject_dll.cpp (RegularFile, 1fa825f912f1c407a8b8126ec8e0f4eb)
                      - py_win_helpers.hpp (RegularFile, 5f598ea1c635e36d8f984e294065ef8d)
                      - run_code_in_memory.hpp (RegularFile, 5b96df706d039569500e5f70a3ff27df)
                      - run_code_on_dllmain.cpp (RegularFile, 4e9d097537b500e65ec9fd719292b7f6)
                      - stdafx.cpp (RegularFile, cc50e95d9942d4f60a5232a29b818662)
                      - stdafx.h (RegularFile, 43113eb7a75a11154c084bf26f735008)
                      - targetver.h (RegularFile, f089a59ef34976e515318c684b99f6fc)
                  - pydevd_concurrency_analyser (Directory, ee03ecf1f6ac7907340bf5beb253482b)
                    - __init__.py (RegularFile, f571933bb948577b1f9f3076fb8fc7c6)
                    - pydevd_concurrency_logger.py (RegularFile, 1cb7d165021b16da3ba83f14e0e725ae)
                    - pydevd_thread_wrappers.py (RegularFile, 9c2601b36517645c547fa1b7f0190ebe)
                  - pydevd_file_utils.py (RegularFile, 3185cd49096b4be2b48a0ecf2575c4ef)
                  - pydevd_plugins (Directory, 98912d41d2f95ceb5e40b2187f6a41a6)
                    - __init__.py (RegularFile, 7819e1db823370555494162434e48d3b)
                    - django_debug.py (RegularFile, 804394fecb5c857ae26a9b8a2c4b3264)
                    - extensions (Directory, 9cd7e7a79a72d8d026c507af9fd67444)
                      - __init__.py (RegularFile, 7819e1db823370555494162434e48d3b)
                      - README.md (RegularFile, 3a4a66f551d53f105a54d923c485fa24)
                      - types (Directory, db70dba4dba21aaf92960cd1db5d89d6)
                        - __init__.py (RegularFile, 7819e1db823370555494162434e48d3b)
                        - pydevd_helpers.py (RegularFile, 1ffb80c69b207d2fcc612af11e2ef0e3)
                        - pydevd_plugin_numpy_types.py (RegularFile, 368217c1690c9a4dfb173da592a56c49)
                        - pydevd_plugins_django_form_str.py (RegularFile, 21091fbd1433b4a589acbe09d435e8dc)
                    - jinja2_debug.py (RegularFile, c186f2a820b6d11bdaf68364cb422ce4)
                  - pydevd_pycharm.py (RegularFile, 0e80c9c604f2efae0ae6991b1b3256c4)
                  - pydevd_tracing.py (RegularFile, fe01a3b4fddeaa6001f032d21632813b)
                  - pyproject.toml (RegularFile, 99592f53d31d20f0eebe14417f6aad18)
                  - pytest.ini (RegularFile, 6a029c00ba0140a5329e328dab1269e6)
                  - README.md (RegularFile, c94f023a1a6f3673dd8abf10e5c2fa3e)
                  - runfiles.py (RegularFile, a571140349b684eb1ec24bf6d5f570de)
                  - setup_cython.py (RegularFile, 1e18fc2f4531a2a3fde350bb83417b56)
                  - stubs (Directory, f8dedab5b15577fcba18452c54d75e00)
                    - _django_manager_body.py (RegularFile, bbff6f5092642d2fa4a22ce5463e4f3f)
                    - _get_tips.py (RegularFile, a02f0b5bc28c8a569192a07032d7e75c)
                    - pycompletion.py (RegularFile, 82f3c037b74facdb8afc2ac1c2b841f9)
                  - test-requirements (Directory, 4c3c4e2c93f5c84bfa3cb3a530c5a1f5)
                    - test-requirements-27.txt (RegularFile, ef7e09981c2f1786ee698c63bf021970)
                    - test-requirements-310.txt (RegularFile, 75357acb5daedfdbba1d8194646b449d)
                    - test-requirements-311.txt (RegularFile, 75357acb5daedfdbba1d8194646b449d)
                    - test-requirements-312.txt (RegularFile, 75357acb5daedfdbba1d8194646b449d)
                    - test-requirements-313.txt (RegularFile, 75357acb5daedfdbba1d8194646b449d)
                    - test-requirements-314.txt (RegularFile, 8a4a46c3f8f0f0d29066f835a8afa107)
                    - test-requirements-38.txt (RegularFile, 5cd4fa7a8f3a153301bac2045ec31f36)
                    - test-requirements-39.txt (RegularFile, 33bf5fe4943877c017813ea809b430a3)
                    - test-requirements-latest.txt (RegularFile, d55f1bb39b72a5e8c7f5b23d842f40d4)
                  - third_party (Directory, b30450297587a1a66f39be57fd1b9942)
                    - isort_container (Directory, 3dc6963155acd1ae498f0477459ce515)
                      - isort (Directory, 592e0d42db1c3e014d99f38ac8ea086f)
                        - __init__.py (RegularFile, 6751459670096803f70cdd5c39bfa3e7)
                        - __main__.py (RegularFile, c8f71472a00e3e32aa9469ca7e6a4f8c)
                        - hooks.py (RegularFile, 8f267b134e1190789fdc2d195cf0f62f)
                        - isort.py (RegularFile, 4719205d7c2121b3e23e27fffd7bcba2)
                        - main.py (RegularFile, 0ee2b0c850185a8697c143505b5ec470)
                        - natural.py (RegularFile, d0efaf2f968b128c460bec763566de79)
                        - pie_slice.py (RegularFile, a3a932c69a4fdbebbbcab7f69091b836)
                        - pylama_isort.py (RegularFile, df6564556cd49e109ba6142b3e597c14)
                        - settings.py (RegularFile, 1815b02efaf277fd14be9214f08827d0)
                    - pep8 (Directory, e89163d267f6fef2fc01f8eb78e2fb6e)
                      - autopep8.py (RegularFile, 45f112833de04d0d5510c87563bcb301)
                      - lib2to3 (Directory, b0fef28d3f8d3807e2d29d003fde9a7f)
                        - lib2to3 (Directory, 1ed0cb6e6e463ea80c0068d56d8c2906)
                          - __init__.py (RegularFile, 499605cfb48c8c726a463be4d15bc944)
                          - __main__.py (RegularFile, 83da0b2be88e5ffb4e0de50bf30fb9c1)
                          - btm_matcher.py (RegularFile, 045d0f6f52d2d369d5a5cd80e1e27b38)
                          - btm_utils.py (RegularFile, acd01d2e7db73d9a2a3b2395d1987071)
                          - fixer_base.py (RegularFile, dddf44d590ef04e36812fe98a1334e34)
                          - fixer_util.py (RegularFile, d736dbbbedd6f5f64511c0dad7c892ed)
                          - fixes (Directory, 8f483da5a97761f0d1ba248fc0144867)
                            - __init__.py (RegularFile, f1722b4aae6bd8937c4f29bfb98027d6)
                            - fix_apply.py (RegularFile, cc10a5bf42fceb81592529c8126fadb2)
                            - fix_basestring.py (RegularFile, e5bd4acc58ef44c1772174412c791041)
                            - fix_buffer.py (RegularFile, 7d76bf288bf24dd8d7f46305ec5f3879)
                            - fix_callable.py (RegularFile, 50b0f2e584fc4746557619305358a679)
                            - fix_dict.py (RegularFile, ae782fc72804c5132f21742942469f73)
                            - fix_except.py (RegularFile, 79bd8c215ccd1f70651f3ed44d4b83bf)
                            - fix_exec.py (RegularFile, 7d4620099ad4b80de7f57621d1c30133)
                            - fix_execfile.py (RegularFile, 665de86c4e65fa6a23ce0db493ad63a5)
                            - fix_exitfunc.py (RegularFile, 3378c5b0cb9e9dd3951ba9359c42a935)
                            - fix_filter.py (RegularFile, 6a6eec2219883d183dd1eb345b1e917d)
                            - fix_funcattrs.py (RegularFile, e8991aa7e1fa06add02a8872eb2150f3)
                            - fix_future.py (RegularFile, 6fb2a71bd122deca0080b6c59867e3df)
                            - fix_getcwdu.py (RegularFile, c70db3bf0c8b265b2a7e46590f8cea9f)
                            - fix_has_key.py (RegularFile, 3d431076d4cf6cdba9ef6583ec868bb4)
                            - fix_idioms.py (RegularFile, 30164d16b13cd59f814322bede0866c4)
                            - fix_import.py (RegularFile, 64a9eefb9393856bdc2314cbf31be830)
                            - fix_imports.py (RegularFile, 296d490fda9515e73bac917e75e08771)
                            - fix_imports2.py (RegularFile, bd65b470a7554ee58e093f687a24b056)
                            - fix_input.py (RegularFile, a8316d16ee1005ad384e43cd1fc53765)
                            - fix_intern.py (RegularFile, 74bfd355a65f8527d642441003db0e66)
                            - fix_isinstance.py (RegularFile, 06aa8b8aeac7079dda0a2d05a6010c25)
                            - fix_itertools.py (RegularFile, 10f2970bce3c52229a2f68267f6f8d26)
                            - fix_itertools_imports.py (RegularFile, e832838956e73d4df803eb9b0cf8061a)
                            - fix_long.py (RegularFile, 9501b4498b32b709e5d6008c5ae68042)
                            - fix_map.py (RegularFile, cebdd7138c252ad55936d85867e0062f)
                            - fix_metaclass.py (RegularFile, 29bc08ae798ef7933fdaff345752c0a7)
                            - fix_methodattrs.py (RegularFile, ad6f1a5c2fb6c973c4f232646ef6e5ac)
                            - fix_ne.py (RegularFile, 24e9c3c7a62df08c780f3e11154e8e0c)
                            - fix_next.py (RegularFile, a282e4959a4dfe797e28012622669ec1)
                            - fix_nonzero.py (RegularFile, 465d63f739d2edbfa5691e3b5531b11d)
                            - fix_numliterals.py (RegularFile, 9e9ff13c95c3751115a46daba4775039)
                            - fix_operator.py (RegularFile, 3ac0810552766e42aba44581ea0cf311)
                            - fix_paren.py (RegularFile, 298b2cbf16600813302d919f33416b10)
                            - fix_print.py (RegularFile, ff0c7e379bed4130d451bd59d4ca4d1d)
                            - fix_raise.py (RegularFile, ac84962bdeed2a62b8501af0fd035b29)
                            - fix_raw_input.py (RegularFile, df1a74f78d7bfa62e92ee4e5656d74b4)
                            - fix_reduce.py (RegularFile, 09b5f8199da1cf5c8c8055615563710d)
                            - fix_renames.py (RegularFile, 7d9c0578972bb0fb9e47f2dea837daf8)
                            - fix_repr.py (RegularFile, a861a70c1e878544840013f35543b6fa)
                            - fix_set_literal.py (RegularFile, 45975ffbf03bf52f835c0d7eff6bfd38)
                            - fix_standarderror.py (RegularFile, fdfcbe83ff7b98f2dca72f9be31c2966)
                            - fix_sys_exc.py (RegularFile, fbc98ee9be5551205bedea95f881afe0)
                            - fix_throw.py (RegularFile, 8888de71986f9b2854b91c4461f0f92e)
                            - fix_tuple_params.py (RegularFile, 739baf2b66bc0793c8ee4472edff7611)
                            - fix_types.py (RegularFile, c6a876b6c171398cfd35da412ad89369)
                            - fix_unicode.py (RegularFile, 51a84d14e35d4dd7cb9b8f6ee2b31571)
                            - fix_urllib.py (RegularFile, 411c9f765e44964f139d1ef6b03e932d)
                            - fix_ws_comma.py (RegularFile, 58bbc71f90700a39e057c5ad2f3102c7)
                            - fix_xrange.py (RegularFile, 483d9cb1358aa2695b06de05420deb4a)
                            - fix_xreadlines.py (RegularFile, 805dc146202aa5ef8986a0e38a89d0ab)
                            - fix_zip.py (RegularFile, 4fb73853352aad3815da6fa24ca9af3c)
                          - Grammar.txt (RegularFile, 683a085f761e6f67b7c98fb262d57e04)
                          - main.py (RegularFile, 5fa3fa291a2e6e952b48000122545a94)
                          - patcomp.py (RegularFile, 4210a104beff827e19428832f1cce48a)
                          - PatternGrammar.txt (RegularFile, d4ded2aef8dfd84bcdbaafc174b16b5b)
                          - pgen2 (Directory, f9f5d35b1285903633c208b11863b7c4)
                            - __init__.py (RegularFile, 3923dd29a1dad242d7453617826e8d30)
                            - conv.py (RegularFile, 3e65c745801c42a067b6c216dc04dadb)
                            - driver.py (RegularFile, 071965a52d911064e07e37d6308e84c2)
                            - grammar.py (RegularFile, 3b9e23cbb028b37944eccc9c3e457413)
                            - literals.py (RegularFile, 66182dd72abc5dfc2d7aca0cfc8d4c27)
                            - parse.py (RegularFile, 1f15158027778cadaffbce40f3d2750c)
                            - pgen.py (RegularFile, ecb523cf7c1f73d09cf80b6f062a9760)
                            - token.py (RegularFile, 84a904e2b71b1ac8f1f881cf10acc610)
                            - tokenize.py (RegularFile, 7e35da8b8c3746a1bbf301abf7bcc28f)
                          - pygram.py (RegularFile, 8fec1dae0df40df676c0672e6f353d3b)
                          - pytree.py (RegularFile, 7fb57e5951f38fd1366092ba2e09f1c2)
                          - refactor.py (RegularFile, 0b37ce59fba4bb3f975e94985b208f82)
                      - pycodestyle.py (RegularFile, f85f1ebfb1bcb56d3c62694446b479b0)
                    - wrapped_for_pydev (Directory, f6091b8235565a890be8010591ec3f8f)
                      - ctypes (Directory, 70832189df6457bcd1bec60065db3c80)
                        - __init__.py (RegularFile, a8029102036cba4c87b850f9f0d16357)
                        - _ctypes.dll (RegularFile, df85a8a98006be98a612707f531b4d21)
                        - _endian.py (RegularFile, 9cca8ac7f7904790ca41052b4d44d887)
                        - ctypes-README.txt (RegularFile, 3aeb594c3835f4dea6b1a250ad67e2b5)
                        - macholib (Directory, 20f5aada56c7db6b925f2c200117aa9f)
                          - __init__.py (RegularFile, 3172c36c6638ee254e1eb68c30f3c9a5)
                          - dyld.py (RegularFile, 6ef0f61c2489de0fa61e8acb2726ea13)
                          - dylib.py (RegularFile, d108f420a47d21893c2d14947ac41245)
                          - framework.py (RegularFile, b6d9566af79e74f306eccc4b967c7adb)
                        - util.py (RegularFile, 444efb4785cf90c6e8648d18902f3d2e)
                        - wintypes.py (RegularFile, 0d7e85794fcd45f00c8c4c22e1bce72c)
                      - not_in_default_pythonpath.txt (RegularFile, 32d2f01cec6709f26c6a9e21e6fd1c9b)
                  - tox.ini (RegularFile, ea574141831becd1a4c9ecb574f555ee)
                - remote_sync.py (RegularFile, 996dbe6d447c500f381868a74f1d0a73)
                - rest_runners (Directory, 232cb8fe299e3650d9f3d3ee771a2177)
                  - rst2smth.py (RegularFile, aa57d5dcce8a70392ffa3e44cf321474)
                  - sphinx_runner.py (RegularFile, 1ae43858a197fc41af7789f30ec52e5d)
                - setuptools-44.1.1-py2.py3-none-any.whl (RegularFile, 7a283c010f1f3d06dfe9230cc097b6f9)
                - six.py (RegularFile, 7dd26a3ce5407e26461bb878f75123f1)
                - sphinxcontrib (Directory, 2c6ad6bce56bbeaf7f112871fc418783)
                  - __init__.py (RegularFile, f571933bb948577b1f9f3076fb8fc7c6)
                  - napoleon (Directory, 7316908cdc5c6ab78397c1972e22a248)
                    - __init__.py (RegularFile, 2bf1ab44625ffbdec98a26e44d5b220e)
                    - _upstream.py (RegularFile, 256d3b719b53e0d035424d0a912dc800)
                    - _version.py (RegularFile, 89b42c9625a00bac373f635dae67409e)
                    - docstring.py (RegularFile, 968ffa9a637ea74409c5b86e860be6f6)
                - syspath.py (RegularFile, e6d2fae5801f32ba8c44fd7d792ebd40)
                - third_party (Directory, 897719ffdd55396882f5031d6f4e8a40)
                  - thriftpy (Directory, 175375cfed3cfa48f774ce9c3bf99f49)
                    - _shaded_ply (Directory, 65126421dee0ad0a96872812c5a70551)
                      - __init__.py (RegularFile, 657429cc4dce2fc6ed8386c6a3152430)
                      - cpp.py (RegularFile, bd0830a9d39c6f2381af2618576e7c42)
                      - ctokens.py (RegularFile, 382763364f3a0eb2c8debce16c6c6a36)
                      - lex.py (RegularFile, f6cd6d006998033f58dbad1fa28dee60)
                      - yacc.py (RegularFile, db4155e9d9cb57a8b16828b4e56f1974)
                      - ygen.py (RegularFile, e582a5c2e41b37ff5f4a8e33d071aa30)
                    - _shaded_thriftpy (Directory, 2ec24a7cd0a58c303ecc512d351f01a2)
                      - __init__.py (RegularFile, ccb4920f92ae505027021c0116589397)
                      - _compat.py (RegularFile, cd3f1ec5ae07090d1e7185164601c39a)
                      - contrib (Directory, 3cebf30368760c7cadfb1f578207fba8)
                        - __init__.py (RegularFile, f571933bb948577b1f9f3076fb8fc7c6)
                        - aio (Directory, e1e88f6330b93a5345b5111bf3c1d982)
                          - __init__.py (RegularFile, f571933bb948577b1f9f3076fb8fc7c6)
                          - client.py (RegularFile, 6c93361930444b459cc2cdeedb66ec74)
                          - processor.py (RegularFile, 1da62221c95c678baa5727474054417b)
                          - protocol (Directory, d0260ec06a7feb48149b513b8c89e688)
                            - __init__.py (RegularFile, 54a4719096ca7db20073393422ce0377)
                            - base.py (RegularFile, a489d663cfca0f7681c7ef880d33cfe3)
                            - binary.py (RegularFile, 4d8dbca9ddf2073efe68f88897fed65d)
                            - compact.py (RegularFile, d791190aee2c41ba34f9dabef29fb19f)
                          - rpc.py (RegularFile, 28c20a313dc245c0c24be91496a72e60)
                          - server.py (RegularFile, 9a2843a705fed53b511e8502c2cf8609)
                          - socket.py (RegularFile, f192dd91b0b9d50ab65152adc7cd7f56)
                          - transport (Directory, bc7cf23eccfe088a0e857e5ab40131d0)
                            - __init__.py (RegularFile, 75d0724901f95e3db8b36fd9874c97f9)
                            - base.py (RegularFile, 83c183fe3ec6925954fd7a0d866d1a19)
                            - buffered.py (RegularFile, 6298352680a5421f0a59d17b0b16fdc4)
                            - framed.py (RegularFile, d07d3c5668713adb0cc41d3031db7eff)
                        - tracking (Directory, 0b27a978d3b2e056c3abc39fb2a475d7)
                          - __init__.py (RegularFile, 13ec78027fe1ae9a421886a3ba2ca5e7)
                          - tracker.py (RegularFile, f93063f991ef1734e6d991e2512a3f52)
                          - tracking.thrift (RegularFile, 0fb436f1304640714312a572a6e4384d)
                      - hook.py (RegularFile, 60067debc8d6a04270fb4e0532038580)
                      - http.py (RegularFile, 9eba228b3377a6e4ab9658268b701ae3)
                      - parser (Directory, 1f670af13791901d588c41efff5e1dbb)
                        - __init__.py (RegularFile, 97d057a5d153dc6a700d455d4797ae26)
                        - exc.py (RegularFile, e2b0047bd06a6540f0aec1df7b8bee38)
                        - lexer.py (RegularFile, 9ef9bfad02dcc8e5e1790581f9be4422)
                        - parser.py (RegularFile, f2ca40665af028a6962f9e5e8b0790ed)
                      - protocol (Directory, 2e76a5c6e618060d8b2d7888c15e1c48)
                        - __init__.py (RegularFile, 97c58d99eab508904b08cf227a8e0133)
                        - apache_json.py (RegularFile, d4213c6b6eaf74e9084c5806f9de1c07)
                        - base.py (RegularFile, eac14f92de404f485ffcdd7d2eeaf597)
                        - binary.py (RegularFile, e25e469c5e7f0aa33263af59f0b5a038)
                        - compact.py (RegularFile, 8ae5e3e0028162268ecae37b7968a51e)
                        - cybin (Directory, 3edd3535137e34632a40a55c05ec1685)
                          - cybin.pyx (RegularFile, f2f6ffe9458e9f117e31621336912889)
                          - endian_port.h (RegularFile, 31ea736924e526945c0fb97d444a964b)
                        - exc.py (RegularFile, 27288e8a5ebab244e28eb9d88698d91c)
                        - json.py (RegularFile, 326c187c0d95b665fa763b625704d540)
                        - multiplex.py (RegularFile, 435b0408a1cfa3459c57fa134813b181)
                      - rpc.py (RegularFile, cfebb78ac3e64981ff19b5e6a35a7548)
                      - server.py (RegularFile, 32d9251fee499a424387dc74d54eac58)
                      - thrift.py (RegularFile, c57db70ad8cdef0450aac7ddce15697d)
                      - tornado.py (RegularFile, 9d14f2a1abfc65747a7a566b331624bf)
                      - transport (Directory, 6c02dc2443775072f43f8d103066727a)
                        - __init__.py (RegularFile, c392c87b4f85e68721c13fe01e60edd5)
                        - _ssl.py (RegularFile, ca5c02c82365b406a8991490c344887f)
                        - base.py (RegularFile, 69a29b32dd2035083e084ef7e3523e08)
                        - buffered (Directory, 6b38ca845f426c76bebbfcc763c0a276)
                          - __init__.py (RegularFile, 9c0a55380899aaf145ac52a53e33b06f)
                          - cybuffered.pyx (RegularFile, 65657dde37ba94831180fc70af0f5cb5)
                        - cybase.pxd (RegularFile, 290ac1710df9e4b25a481ebc7b5f5100)
                        - cybase.pyx (RegularFile, d1fadfd63316dd43bc3738e984d4f6e8)
                        - framed (Directory, f156fa3905e9570a1d581c1290320bb6)
                          - __init__.py (RegularFile, cbb4ad9cefa79fd2c0710c9985ac0bf8)
                          - cyframed.pyx (RegularFile, 0353c16156b5dba65af34a970d917e5e)
                        - memory (Directory, fa023320819494548c629ccf849893f7)
                          - __init__.py (RegularFile, f47353afe1b7d240e641edb23a5aeb67)
                          - cymemory.pyx (RegularFile, a345da2f84d4af2a87da732204e46079)
                        - socket.py (RegularFile, 8395ef5aff3310785aebe9dfa177e751)
                        - sslsocket.py (RegularFile, daa77d292d03ecca62751276a9633139)
                      - utils.py (RegularFile, ef7a5b606e28dd4b8452a385ec47ab75)
                    - README.md (RegularFile, 96e342103ca01b22734228ec8870a83f)
                - tools (Directory, d281483e90688730305b14b2191415e0)
                  - class_method_versions.xml (RegularFile, 260b7dfaabd848562cc0a342a7616d4d)
                  - python_keywords (Directory, 12722d97f56e55f9692b31071b43ec0a)
                    - __debug__ (RegularFile, cb4e8cbeaf416f86c7f3fcb4b003de4d)
                    - and (RegularFile, 01e9bebdb77077da8d792ab45023c883)
                    - as (RegularFile, bd05e547c29015c1b3280720bdd5e296)
                    - assert (RegularFile, c6e3bc806ceec35f6cf274b6f9158db5)
                    - break (RegularFile, aba5daf4c2c88dcb17627ab4a0c3f35d)
                    - class (RegularFile, ee39b0fa2d42543a358d797047535857)
                    - continue (RegularFile, 8f2126aafde87b396558b1adc2eb2cd4)
                    - def (RegularFile, 99af32a58129a119dcbe88881927bf5a)
                    - del (RegularFile, f39c40f44f40c2307da46ff1e49b94d7)
                    - elif (RegularFile, 1047d9fa8f2c8c9ac1ca351ac7f1766e)
                    - else (RegularFile, 1047d9fa8f2c8c9ac1ca351ac7f1766e)
                    - except (RegularFile, 5107678fce1ca9f37943dd29c8fcb8f8)
                    - exec (RegularFile, ddb389b5bedef340c9cfcb78dcdd2226)
                    - False (RegularFile, b42bb9a52aa02d98d907e918b0d65d3e)
                    - finally (RegularFile, 5107678fce1ca9f37943dd29c8fcb8f8)
                    - for (RegularFile, 6bfb6480d9677acaccaac148f6a4cf9a)
                    - from (RegularFile, bd05e547c29015c1b3280720bdd5e296)
                    - global (RegularFile, 82ca33faf7714b5ee77ee83d83f1c808)
                    - if (RegularFile, 1047d9fa8f2c8c9ac1ca351ac7f1766e)
                    - import (RegularFile, bd05e547c29015c1b3280720bdd5e296)
                    - in (RegularFile, 14f52787b46998dfefd04328b3e16a33)
                    - is (RegularFile, 14f52787b46998dfefd04328b3e16a33)
                    - lambda (RegularFile, 1078cc79ecc92a44544afee81b243675)
                    - None (RegularFile, dcab44a8ebadfb6c134df524e09fe9fc)
                    - nonlocal (RegularFile, b9b1530fd6297160bb1876d4c6bbb31a)
                    - not (RegularFile, 01e9bebdb77077da8d792ab45023c883)
                    - or (RegularFile, 01e9bebdb77077da8d792ab45023c883)
                    - pass (RegularFile, f4d0dad519e2002e9cd9332304e928ea)
                    - raise (RegularFile, 1d921e72238e60fd980691ad7edd1401)
                    - return (RegularFile, f124dbaf973811fcf8ea6b357e35c644)
                    - True (RegularFile, 9fc73673432601aeec74c02b01dbf33e)
                    - try (RegularFile, 5107678fce1ca9f37943dd29c8fcb8f8)
                    - type (RegularFile, 07f395873c5082a4f1e357b10885ce8c)
                    - while (RegularFile, 88e688130b50f8ae739e6f1de45bea23)
                    - with (RegularFile, 013b508d4818339552a3805e0f4eaf4c)
                    - yield (RegularFile, e6510076ceaf68046ab45e053cda65ee)
                  - stdlib_packages.txt (RegularFile, 2116c8dffe4238d68140970943790549)
                  - versions.xml (RegularFile, a1f70e18d5f9eac7acd6b20c36758de3)
                - typeshed (Directory, 1ab72f456134326aa2dede401ca7dd2b)
                  - .editorconfig (RegularFile, e88a5492b4791cc7e16ae3275753d33c)
                  - .flake8 (RegularFile, 3ef224fdd8bfad37d03e6400fc134bcd)
                  - .github (Directory, 680bd5b62a0ba05cd5fd0fac92c2ebdf)
                    - renovate.json5 (RegularFile, 165da73203d77ff5fba580f76099222d)
                    - workflows (Directory, d46c117d895f056e62be2c0aca10c4a9)
                      - daily.yml (RegularFile, c85f8c3ad8dbfbc3fb34b735c28b1c44)
                      - meta_tests.yml (RegularFile, 3fb11dbb467c3029016f349365fef6ed)
                      - mypy_primer.yml (RegularFile, 288dc72a28ec000720ff057fbd5e121d)
                      - mypy_primer_comment.yml (RegularFile, 919cb74aedcd863e4c463984114e5aa9)
                      - stubsabot.yml (RegularFile, 11a1f6a2f032c9ade9a461910d67e3b9)
                      - stubtest_stdlib.yml (RegularFile, 305c978194c97574f09defae7750afae)
                      - stubtest_third_party.yml (RegularFile, c7f526689b8c96f49d1333ea3a0d088c)
                      - tests.yml (RegularFile, ff14fe840de7fd6c94b80671dcfb3e71)
                  - .pre-commit-config.yaml (RegularFile, dce1f64b004379326bd1d7fe16bf89a5)
                  - .vscode (Directory, 31842a93dbbe789cbeab6387a4380344)
                    - extensions.json (RegularFile, e002bb689b7aed267c60c775e595f7a2)
                    - settings.default.json (RegularFile, 5f16201be5acaca4c88fdb33b0fef896)
                  - CONTRIBUTING.md (RegularFile, 18e17c52fee35633723d29ce149f6da8)
                  - lib (Directory, d2dec068af0233f90d0b44b83c6c96bd)
                    - pyproject.toml (RegularFile, 6bc08230c1bb87adb60b9ac2282b2e7a)
                    - ts_utils (Directory, 3b3780b6818f3ddf3cd22f288dc2cf5c)
                      - __init__.py (RegularFile, 8c3607ffc7090e8f9acd13d774c8f0b6)
                      - metadata.py (RegularFile, 4ea973cc7a6ea91458546a792b16171e)
                      - mypy.py (RegularFile, 872b7ac570f5fb773c50ba7e28fb4691)
                      - paths.py (RegularFile, c08cebbe297dbaea1ff201d08c7b4419)
                      - py.typed (RegularFile, f571933bb948577b1f9f3076fb8fc7c6)
                      - requirements.py (RegularFile, a7a4c4eea901b7cca4b8e4bdcddd0fc7)
                      - utils.py (RegularFile, 904965e0f5250ac3bdcc828a7e107e6d)
                  - LICENSE (RegularFile, da4b41c2b702787ca0255e77b49649d3)
                  - MAINTAINERS.md (RegularFile, 9209ea482d89a0341d2c129890ade6d7)
                  - pyproject.toml (RegularFile, a1c417c863e8a0b4a6e2663b817bc49a)
                  - pyrightconfig.json (RegularFile, d7da494e61e6c3966661fe251ae59b52)
                  - pyrightconfig.scripts_and_tests.json (RegularFile, 62238653e8a170d65ea4fae084f8c904)
                  - pyrightconfig.stricter.json (RegularFile, 7966bbe3d8121a51c4b9059abfc16e58)
                  - pyrightconfig.testcases.json (RegularFile, 29634fda33ed6118367611f49f25812b)
                  - README.md (RegularFile, 81d0f65132261d9dd1483163205699cc)
                  - requirements-tests.txt (RegularFile, ab1e48e6eb9658cf6288435f12d00bcd)
                  - scripts (Directory, eaa3e33dd7804d943acb806184786cc1)
                    - create_baseline_stubs.py (RegularFile, 3ce62b13c3dd34a482b6ed3903df80be)
                    - install_all_third_party_dependencies.py (RegularFile, 603278acef9de9c6785c2eb57090e4bc)
                    - stubsabot.py (RegularFile, 9ff0498e17fe4d76ee866820501c848c)
                    - sync_protobuf (Directory, 54c79eff9fdc636c81fe9d4282a7ec87)
                      - _utils.py (RegularFile, 4fe63ae7e6b0df7121d4f509ea3eb6cb)
                      - google_protobuf.py (RegularFile, ba13465ffcb3208cbf21b54593bc1240)
                      - s2clientprotocol.py (RegularFile, f5dc2b1b31df6e6910613418e495373a)
                      - tensorflow.py (RegularFile, f08ea2651370b0a2c7e851c280158130)
                  - stdlib (Directory, 7d2d87a3aca74a3ae4e18cab232d8408)
                    - @python2 (Directory, 0d135c823413238849fbd597d975b5e7)
                      - __builtin__.pyi (RegularFile, 1058390db6b23397b0a2e1642eac7a93)
                      - __future__.pyi (RegularFile, b20191748f5f40f46f938ab33062229e)
                      - __main__.pyi (RegularFile, f563a1f16caa18b2f7b77d4a2f35da39)
                      - _ast.pyi (RegularFile, 31a216bef4f8a5ce18769ace9a9431ed)
                      - _bisect.pyi (RegularFile, e7071ce6421546186daf88680e27a78b)
                      - _codecs.pyi (RegularFile, 4ea3c7532d8e01e8e7d6f769778673d7)
                      - _collections.pyi (RegularFile, 6f166843a17c2579872c06a847df033b)
                      - _csv.pyi (RegularFile, dbf015723dfc2eca9b52ad9c7c76084f)
                      - _curses.pyi (RegularFile, cf4b0a8339667603b5b57b91bb116b86)
                      - _dummy_threading.pyi (RegularFile, 92bbf68e0b0934386e0cee5e472b92f0)
                      - _functools.pyi (RegularFile, be746777eb5bd0326daa91537a6b0b44)
                      - _heapq.pyi (RegularFile, 330844ab1cd74acc1b294ac193d73780)
                      - _hotshot.pyi (RegularFile, 3c5bf53b5b8e7d516ccf2db59cf1b228)
                      - _io.pyi (RegularFile, d6cb60b33a18b9581445fb3923058518)
                      - _json.pyi (RegularFile, 80183690dfb80f8b3f38722c7488e0ad)
                      - _markupbase.pyi (RegularFile, 00746c54d81dd7c3d57381aff132852f)
                      - _md5.pyi (RegularFile, 7f8d3def2bf8d09a517415dcea94620d)
                      - _msi.pyi (RegularFile, 4a302fdef0550587a54d4e3256aa6243)
                      - _osx_support.pyi (RegularFile, 2cd98886e05a4b1d95d89e973ce1206c)
                      - _random.pyi (RegularFile, c3ecf917d53408eb05fdbd7e4616718e)
                      - _sha.pyi (RegularFile, 360d4ad5d0726f0db8820ab4b66fa8b7)
                      - _sha256.pyi (RegularFile, 4a805ebab6cdebdc64fc3fa3b858c562)
                      - _sha512.pyi (RegularFile, 43b8e5a2e4c53f074038c5369a42057e)
                      - _socket.pyi (RegularFile, 14501cdfcd90b1d839fdcf2c7d1802ea)
                      - _sre.pyi (RegularFile, a8bbee33948ecf4a9fe0d0159e183e71)
                      - _struct.pyi (RegularFile, eb101e2de27fee58512d76ef4c07d55a)
                      - _symtable.pyi (RegularFile, c1ee6e87a48f5fefe1268ca5721a6d81)
                      - _thread.pyi (RegularFile, 51d7ead7043672aa3cfd1c30087dd538)
                      - _threading_local.pyi (RegularFile, 37440bf58cffdc97d3e789c7a7cc6ebc)
                      - _tkinter.pyi (RegularFile, 0aed368f33f9681a5e4720d346a480d7)
                      - _typeshed (Directory, 269f0fc7f05b2cfd11084c49b08e159e)
                        - __init__.pyi (RegularFile, 3e9eba16dc89c345692b11c3af40c01c)
                        - wsgi.pyi (RegularFile, e6b8bddb15475d45fabf4ab6982ad75c)
                        - xml.pyi (RegularFile, aa105af32afa8b95899cc720816cc2a4)
                      - _warnings.pyi (RegularFile, a06b84e675d7a25766091f5b705610d2)
                      - _weakref.pyi (RegularFile, 76b7994f4ada2e5a099e3bd0fd952862)
                      - _weakrefset.pyi (RegularFile, e9e782fa5707939127f57ab0184840f8)
                      - _winreg.pyi (RegularFile, a9e335b75abd335767d1909a31e2da59)
                      - abc.pyi (RegularFile, f14499ffc44dc5493a6126abe0bbabf8)
                      - aifc.pyi (RegularFile, 1c9164d20923e7d443a6196979a038e7)
                      - argparse.pyi (RegularFile, a9cd43ff324fa41091fa8b657162bacd)
                      - array.pyi (RegularFile, c6906704041c55e3e31fdc395ebad745)
                      - ast.pyi (RegularFile, 702f457f3f5ad70f96934f0a74f948c4)
                      - asynchat.pyi (RegularFile, 8a7d3f6ca58f984862c2aac54f57bca5)
                      - asyncore.pyi (RegularFile, 97d52ca5cf6d230e544d3dfa50051c07)
                      - atexit.pyi (RegularFile, 294e8260cd7368c963a468fcfda6dbe1)
                      - audioop.pyi (RegularFile, b3913505f3c4b8e083ed3a98eb75e35f)
                      - base64.pyi (RegularFile, b891cb0890c7db1ddaf17b1ea6d8ff67)
                      - BaseHTTPServer.pyi (RegularFile, 7c730766c0de4122b25e185d5c34fa6a)
                      - bdb.pyi (RegularFile, 959ed225c0ed564549c2454b3ce32787)
                      - binascii.pyi (RegularFile, eb7a0094ecffa8d978d7dbada048057a)
                      - binhex.pyi (RegularFile, 009a0c6f23a79c5b503b3ae2ebcb6a84)
                      - bisect.pyi (RegularFile, 78768f42ec504adb7ef3526de2baf1a8)
                      - builtins.pyi (RegularFile, 1058390db6b23397b0a2e1642eac7a93)
                      - bz2.pyi (RegularFile, 8634e3196311fdb9934e718a3d74d021)
                      - calendar.pyi (RegularFile, 593a4cfa1d51c794b8cee07e3e7a9d35)
                      - cgi.pyi (RegularFile, 8e2047fb50ad2adbcfc85360f7fdf783)
                      - CGIHTTPServer.pyi (RegularFile, 7378095a6551c27291edb90174601ee6)
                      - cgitb.pyi (RegularFile, da91c655facbd849e4d7ef5876486d70)
                      - chunk.pyi (RegularFile, 650530ea8e21053548bfc63012e67cf4)
                      - cmath.pyi (RegularFile, e70dfe6bb75bb0d5e8963bdb8a4bedf8)
                      - cmd.pyi (RegularFile, 81d332407e865f10ff478cacdf07f011)
                      - code.pyi (RegularFile, 1fe60c9f3aeab670ae55ef0e02ab1b3a)
                      - codecs.pyi (RegularFile, 29ecc95a0b4f1426a98377d41c954a9f)
                      - codeop.pyi (RegularFile, 511cb57fc333d48a88d7425e74b799ff)
                      - collections.pyi (RegularFile, da25bfa829974d23ba8c528c074efcf8)
                      - colorsys.pyi (RegularFile, d21661ed67e84684eb191690a47065ae)
                      - commands.pyi (RegularFile, a231ff7d42569d56893254b74d9bb9fe)
                      - compileall.pyi (RegularFile, 1f7879a27906642308e55fb2daf70cdc)
                      - ConfigParser.pyi (RegularFile, eef7910df55d45275c249c76dfe629e4)
                      - contextlib.pyi (RegularFile, e91f578fa3779e67f584653b10b9568c)
                      - Cookie.pyi (RegularFile, 71def8bfdf960846fbf2fb9ffefbcbd8)
                      - cookielib.pyi (RegularFile, 61843808227af1ccc07dc06d458e8b14)
                      - copy.pyi (RegularFile, 9c92985687777a3ba02732b96d0df5e4)
                      - copy_reg.pyi (RegularFile, cab67fb61e64e3ae4414aa1e7af6eb1a)
                      - copyreg.pyi (RegularFile, cab67fb61e64e3ae4414aa1e7af6eb1a)
                      - cPickle.pyi (RegularFile, cd2ba15dc44e4aba0c52f8842e79f52d)
                      - cProfile.pyi (RegularFile, 1651e3c5958c767a3aa1668e6a890aaa)
                      - crypt.pyi (RegularFile, af2a6f30fbcdb1352b85638e84bac5c1)
                      - cStringIO.pyi (RegularFile, cd1c6c288614f7bf6f7024d88dbcaaa0)
                      - csv.pyi (RegularFile, 6ad5911aa27c012865465cd22625a635)
                      - ctypes (Directory, f8029da8629c80eefa4dcbf60a330caa)
                        - __init__.pyi (RegularFile, 07123d1b7efb5b48c473a24e8d84e4f7)
                        - util.pyi (RegularFile, cbec067623ffb1b8a55b0622441cb760)
                        - wintypes.pyi (RegularFile, 17755651d8f3cfbcd942ea355dfdad6f)
                      - curses (Directory, 10f36c710e7a8d5c3f7f9e592401c16f)
                        - __init__.pyi (RegularFile, faebbf408522b2fa4fa69fec7ee0caaa)
                        - ascii.pyi (RegularFile, 7ee62f44ba731874e394fb37faf0c63d)
                        - panel.pyi (RegularFile, d60157ed04c8f6106fb2d7552c6ed47a)
                        - textpad.pyi (RegularFile, 21f0f7449b3bc4ddc04dff5049f563f4)
                      - datetime.pyi (RegularFile, 7476bb1cbd6fc4eacb2d5fe3b329bf92)
                      - dbm (Directory, 693bfac0376a249229cd8074b0895fea)
                        - __init__.pyi (RegularFile, 2dc429be28a86fb1a301fe7233fc36ad)
                        - dumb.pyi (RegularFile, 30d4ffacd41c41beacf6a993f22812fa)
                        - gnu.pyi (RegularFile, a39e5a841ffc8726e5505aae60ee8c5b)
                        - ndbm.pyi (RegularFile, b8f7295ba4635e3fa4b7954ed72b2b67)
                      - decimal.pyi (RegularFile, ded0b8c2f2e6b116c4824136d85703ee)
                      - difflib.pyi (RegularFile, 3482c39616c6afb786c5182e963856d9)
                      - dircache.pyi (RegularFile, 529b9fa2421515c2a227f08d379f578b)
                      - dis.pyi (RegularFile, 6fa683e0e32b78330d0f6f76722cc9fa)
                      - distutils (Directory, 4bd7d827d7d3dbd75d59016fd27f932d)
                        - archive_util.pyi (RegularFile, 2cac2ebc22f9c388a0883237415fec06)
                        - bcppcompiler.pyi (RegularFile, a38aedfc6359316615b8f19f43b76d44)
                        - ccompiler.pyi (RegularFile, 50000f4aea5629002d0c156cceae6dbf)
                        - cmd.pyi (RegularFile, dae37ccedab262f021b9f8cdf6ee5c6e)
                        - command (Directory, 189f4e782b994ff9eb6ee21e163f24f6)
                          - bdist_msi.pyi (RegularFile, 92cf76b4166bd8f4261822a8802dec9e)
                          - build_py.pyi (RegularFile, cf2f4d9e5ee58e9d3576af93b82d9eb0)
                          - config.pyi (RegularFile, 9134ecfe26e6281986e7853bdf493dd8)
                          - install.pyi (RegularFile, bdffd3e371d9acea739d8e4554da1f61)
                          - install_egg_info.pyi (RegularFile, d927b49e19ca664d03726146b2e303ac)
                          - upload.pyi (RegularFile, 6c918987b42f56e557fc1e73c2d26298)
                        - config.pyi (RegularFile, 2db1d0d7d6a4de7299982600237cc0b2)
                        - core.pyi (RegularFile, 061c96e2ac2c9985b4365ba114dcd34c)
                        - cygwinccompiler.pyi (RegularFile, 8301f4645355d855f237edeb3a92921c)
                        - debug.pyi (RegularFile, 16025a010694e8101e2d9c8e8735c7bb)
                        - dep_util.pyi (RegularFile, f94c63cdf5fcf5ca0e4da8b3253e2c8a)
                        - dir_util.pyi (RegularFile, 0760f635fda52e62cfeb36ae65fa374d)
                        - dist.pyi (RegularFile, fdb594c5f8a2823b2f0207cea87c6c59)
                        - emxccompiler.pyi (RegularFile, 1b2d33d6eaeb88e2f75aa7d247b06d22)
                        - errors.pyi (RegularFile, df4008d958bcf3b382357bcf9b9e17df)
                        - extension.pyi (RegularFile, 24ccdd637884714b3c4b0445f778ff94)
                        - fancy_getopt.pyi (RegularFile, 3a320a963edf32c97d53fde66a637b64)
                        - file_util.pyi (RegularFile, 154d767937e7737ae1f983a83cc09b2a)
                        - filelist.pyi (RegularFile, 6fe71fa0dcc75ef70669ef2a8ead717e)
                        - log.pyi (RegularFile, f3151587568346e20516e6c587071dcb)
                        - msvccompiler.pyi (RegularFile, e6459e3a57601c0812e8138b72d2758c)
                        - spawn.pyi (RegularFile, 9b830489fe8daac41064213bacb50b05)
                        - sysconfig.pyi (RegularFile, 2f74bea84431ba392f5870137be3a186)
                        - text_file.pyi (RegularFile, 917c5e6ee4dcdb5b03e38d9089a3c07a)
                        - unixccompiler.pyi (RegularFile, a2571015f8ccbc068c332241a86192fa)
                        - util.pyi (RegularFile, 5adcd31089ef2eeff658b5e0ab30f455)
                        - version.pyi (RegularFile, 3ad54f09fa24ddeb4ce146bffe3f7eae)
                      - doctest.pyi (RegularFile, f7ceeecc2c004967ea213d574c2e865a)
                      - dummy_thread.pyi (RegularFile, 26fb3a090dfe1e09eef1e4c695a863fc)
                      - dummy_threading.pyi (RegularFile, 3f344d3f503767c19c97a6f60580b086)
                      - email (Directory, c7787e1fce3cb26f8002b4e3345bb332)
                        - __init__.pyi (RegularFile, ec4c9a73cdf58d928e71b4c38bf36e02)
                        - _parseaddr.pyi (RegularFile, 3065de7301913a98b541862aabefaaf2)
                        - base64mime.pyi (RegularFile, 5126ee0cb7e3a898cc998d3b7084e186)
                        - charset.pyi (RegularFile, b56dd328ee28f2e6356a224fa088e3a7)
                        - encoders.pyi (RegularFile, 4476e2ea7de44251e028ac45513fdced)
                        - feedparser.pyi (RegularFile, f548a9627512c6ff9493464b9fad3f3b)
                        - generator.pyi (RegularFile, 1e986807c47bc6a8bc142f1e5847f695)
                        - header.pyi (RegularFile, 3ac8bd5622e7173ca2db50cd27420769)
                        - iterators.pyi (RegularFile, 43214f5bbe0af8f70fad10cdbf0dcc37)
                        - message.pyi (RegularFile, cb11bc744feb09df1d567e411efae50e)
                        - mime (Directory, 61e5fbd42e0d0b7d887f3329cf1f827a)
                          - application.pyi (RegularFile, 929db6de05813c91ca9b25b8e2767df7)
                          - audio.pyi (RegularFile, e9cfbfb7ee68e48dcb428a3322c03696)
                          - base.pyi (RegularFile, c61f8c2beee6cb58dc061a9ab5e5c807)
                          - image.pyi (RegularFile, b486b631bf4ee69dff02c9abc2315d26)
                          - message.pyi (RegularFile, 8898f084acb0ed34ee37ff9e2af352e3)
                          - multipart.pyi (RegularFile, 95feb0e499afac0e1983139a8af5fe6a)
                          - nonmultipart.pyi (RegularFile, 011824aea42e8d638ee2396570ee6ca7)
                          - text.pyi (RegularFile, dec06dc1dd3443ddecd9e9594d9d991a)
                        - MIMEText.pyi (RegularFile, dec06dc1dd3443ddecd9e9594d9d991a)
                        - parser.pyi (RegularFile, 7da5c0cf783c944e2e92c822baf11544)
                        - quoprimime.pyi (RegularFile, dcb91d839fc61769910763c063c1f5ce)
                        - utils.pyi (RegularFile, dc957246ae4b74977e292026c89fc534)
                      - encodings (Directory, 9f9e6fc81db78dbfbf9048f6e2883c34)
                        - __init__.pyi (RegularFile, f084d08fa00de31042027bad88e50425)
                        - utf_8.pyi (RegularFile, 8142f5dbdf4727b563c13b1081583292)
                      - ensurepip (Directory, a70b0126c1d534ca6a30a8798df232a1)
                        - __init__.pyi (RegularFile, 5ef66728c62608627845b8391a9527a3)
                      - errno.pyi (RegularFile, a93e44cd0b18c3571848781f8e60513a)
                      - exceptions.pyi (RegularFile, eea428330739503e6c3eac9a4586e8f1)
                      - fcntl.pyi (RegularFile, f094db71383c867138ba5dcfd240b70b)
                      - filecmp.pyi (RegularFile, 6fe24a483f5f4e1ce007caf846ab9379)
                      - fileinput.pyi (RegularFile, 0d43cc5c982291dd00b7ded690ef149e)
                      - fnmatch.pyi (RegularFile, 0b97b33cf4199670cd2d5d1da3143898)
                      - formatter.pyi (RegularFile, 43a37c2c021dd6a8161eeff6d52a0655)
                      - fractions.pyi (RegularFile, cde61ff4f8a6783f96e0b78da0ac4654)
                      - ftplib.pyi (RegularFile, 4710067613686dbab68998642a5f7a38)
                      - functools.pyi (RegularFile, 50cb393897ec44d47b76e9a821cc2170)
                      - future_builtins.pyi (RegularFile, ba0dca3d9c851b62de58a6275fe3ada4)
                      - gc.pyi (RegularFile, 7a4f0935bff57052741ff47a1a3f15e2)
                      - genericpath.pyi (RegularFile, 4e1437648d816cbef30ff6c877b94072)
                      - getopt.pyi (RegularFile, 23370dbd5c161b77e6173eb2dff23252)
                      - getpass.pyi (RegularFile, 139b702e353b8dbd633eb3906e183ee3)
                      - gettext.pyi (RegularFile, 0fff8ad8b5585481b5753d9141e615d0)
                      - glob.pyi (RegularFile, 469a098f8d1f7f178503e14928cdcb11)
                      - grp.pyi (RegularFile, 481fe1ec06a342f41712a6d69da4ecd7)
                      - gzip.pyi (RegularFile, dd5b53d1b560da31f3327865e32ef937)
                      - hashlib.pyi (RegularFile, 68dce30c6c453d48e1e8d93ac44be77c)
                      - heapq.pyi (RegularFile, 47b16690a3a9aa0a14b7700eb8c122a6)
                      - hmac.pyi (RegularFile, 154cfcb289f6d2b4982d4d31780a4fce)
                      - htmlentitydefs.pyi (RegularFile, 5c4f90950db7103fd22d4c50950a34b7)
                      - HTMLParser.pyi (RegularFile, 92c9727f40766ff30c2342fae2c8b9c7)
                      - httplib.pyi (RegularFile, a5d910e959a4d4c16ffdf44d09c14b6b)
                      - imaplib.pyi (RegularFile, a56af4b533d1517482648507284fa0ef)
                      - imghdr.pyi (RegularFile, 51a5ac29a199356310f7ed2922df334c)
                      - imp.pyi (RegularFile, d63a6e16023f06ce50d39a5246f6a53d)
                      - importlib.pyi (RegularFile, 93458bd2f58fb1dab6d95beb85435d78)
                      - inspect.pyi (RegularFile, 8819044b269706448f1dc33d7b41c5e5)
                      - io.pyi (RegularFile, 27ceeed3d38837015a13e2e313ab31a7)
                      - itertools.pyi (RegularFile, afe08611907cb73ce7f4c111ba2ed59b)
                      - json.pyi (RegularFile, 1c9c902fe225784a340f2421df8ecf37)
                      - keyword.pyi (RegularFile, 3c2eed3ca9ea8f09b80731f0711d3790)
                      - lib2to3 (Directory, aa0357b923f61fbde8b0b5c4bec5ff5e)
                        - pgen2 (Directory, 3ee5d27fd7b854af17fa7b2a51116868)
                          - driver.pyi (RegularFile, dc056e8425a21befabc8c0938ab95a2d)
                          - grammar.pyi (RegularFile, 902201a43a1be5e2243f07f740c9f8aa)
                          - literals.pyi (RegularFile, 4bdd6d29c9159ef32ce8dc1c702063e3)
                          - parse.pyi (RegularFile, 3b09b3170507fb4f4cdcb6f263f8b316)
                          - pgen.pyi (RegularFile, 14735e46aadbefcb6e46d9d36f1175cc)
                          - token.pyi (RegularFile, 801755017fe01899fa42e23dee6ab6b1)
                          - tokenize.pyi (RegularFile, c4b1d9bc92869595378dd170e0b3c0a1)
                        - pygram.pyi (RegularFile, 349d003d0c5344845a7cfe5bbed34be9)
                        - pytree.pyi (RegularFile, 0fd25918c26576fb93928095153e24f1)
                      - linecache.pyi (RegularFile, 3db2b1896963c3e0189c51fc884bf5a6)
                      - locale.pyi (RegularFile, 91419ba2a73e8c945ca86f742efbee72)
                      - logging (Directory, 21f2f822fa3de7651584b1b62d078e56)
                        - __init__.pyi (RegularFile, 4cfcb9ef19d336adbabc4b5d43a1d553)
                        - config.pyi (RegularFile, fd68a44b20755e5cf8a2c481d8042e1f)
                        - handlers.pyi (RegularFile, a72275c62b8d2197e2c56136db93bfbb)
                      - macpath.pyi (RegularFile, 2b4e44bcb6d7dbfd99dbb697112e5001)
                      - macurl2path.pyi (RegularFile, 24255a57fec65a493a81692fca397394)
                      - mailbox.pyi (RegularFile, d4b70bf2ae17b3c140928ebdc785cc60)
                      - mailcap.pyi (RegularFile, d4f49001b82eac82d3e5a54125fe9fda)
                      - markupbase.pyi (RegularFile, 697b4a1dcd0941888fa960719d16aee9)
                      - marshal.pyi (RegularFile, e4fc5e2ba32b2bdcca26b7596a7b4e3e)
                      - math.pyi (RegularFile, a218b80cb71e9730a0f5bfd639563605)
                      - md5.pyi (RegularFile, 5827c76d9c6578cbd17ef0be21a20879)
                      - mimetools.pyi (RegularFile, 94689afc025b150f57d685a8e00ac4b6)
                      - mimetypes.pyi (RegularFile, 877b851b5882fa6ff62433a07427b60d)
                      - mmap.pyi (RegularFile, 02a259c0cad2e5818f0e6287056d3bb9)
                      - modulefinder.pyi (RegularFile, f9a4fee3a6a0d75b5867caee61c11bf8)
                      - msilib (Directory, fdeeb05743b6f98a3b57e63bf1af4a17)
                        - __init__.pyi (RegularFile, 830532b8175011b11ceeae778e10aa66)
                        - schema.pyi (RegularFile, dfe7200c24bb796489685b60c935a907)
                        - sequence.pyi (RegularFile, d9f824e9abdb204d6d6575fc53a36366)
                        - text.pyi (RegularFile, 813c394f0b5f0b50bd9e491d30920d12)
                      - msvcrt.pyi (RegularFile, 92f97f9adc01149ce7699d831b374426)
                      - multiprocessing (Directory, 057713a96e9b89cebddc71d803b88541)
                        - __init__.pyi (RegularFile, 4b8d90388275f007fbc09cc58a69c4f4)
                        - dummy (Directory, 996a31144a5783f1a82e7b44afdd563d)
                          - __init__.pyi (RegularFile, 356130c983c917626738f51541fb1061)
                          - connection.pyi (RegularFile, 430ba68153c26260b017ee8368ef7d93)
                        - pool.pyi (RegularFile, 12df0d04313537ae936bce2c1a538c81)
                        - process.pyi (RegularFile, 7631b65f9805f9e70179144b16a78907)
                        - util.pyi (RegularFile, ada5f5f84b138c5eec0f33c856a0b1a7)
                      - mutex.pyi (RegularFile, 8b80fbd8b26895fc3c9e2a3e9f1c0c38)
                      - netrc.pyi (RegularFile, 6f16edc0f450de1961e67cadc5a30a16)
                      - nis.pyi (RegularFile, 951169191b8b060ffc907be6fedd2f3c)
                      - nntplib.pyi (RegularFile, 3e4944a4110ed0aeefb1084f4fe7a219)
                      - ntpath.pyi (RegularFile, 5626121d9fc4947a520f673866d85b2b)
                      - nturl2path.pyi (RegularFile, de8e845f6c58fb3dcd8e9421f1d3ebf2)
                      - numbers.pyi (RegularFile, e5e1ae7e0f323311177395e8aa3d4e4b)
                      - opcode.pyi (RegularFile, 66a9d068f3b272da28b447a810b28615)
                      - operator.pyi (RegularFile, 60a038bfcae077ea151b9177b3675a6a)
                      - os (Directory, 9a3af610d21cd30a09bf02a31ec1a48f)
                        - __init__.pyi (RegularFile, 961659df7e0b54862c3fdd758abf13e1)
                        - path.pyi (RegularFile, d8d3202036640b2686dd925ca6d5748c)
                      - os2emxpath.pyi (RegularFile, 5626121d9fc4947a520f673866d85b2b)
                      - ossaudiodev.pyi (RegularFile, 4e7657fcdac619fe76e142a5c7423641)
                      - parser.pyi (RegularFile, 9b8a52a974b505231d69a4053b3d1b99)
                      - pdb.pyi (RegularFile, 67d5268730ee06c5186eb469abec22c0)
                      - pickle.pyi (RegularFile, cd17c0a8ac62e090fc5e4dc3a72b2720)
                      - pickletools.pyi (RegularFile, e807291e4bdfd559358cbc301c610d1e)
                      - pipes.pyi (RegularFile, 019d0d182395bf9c318daaf676ab2135)
                      - pkgutil.pyi (RegularFile, ccde2f31fc9687a421b580cf89031c81)
                      - platform.pyi (RegularFile, ef9ce0b7e18e1bde9b3a13f68ccc93c6)
                      - plistlib.pyi (RegularFile, c67c7dae7b742fc9c0545aea60be15d1)
                      - popen2.pyi (RegularFile, 40fa736a6217c3104e6479b53ea67874)
                      - poplib.pyi (RegularFile, 590eb14312ae6f2d651f337e5ac05bcb)
                      - posix.pyi (RegularFile, 1da6b79b53b38e0db268fca9c079d100)
                      - posixpath.pyi (RegularFile, 5626121d9fc4947a520f673866d85b2b)
                      - pprint.pyi (RegularFile, 6c3caa57f1aaa2fa3f72436ab68d954f)
                      - profile.pyi (RegularFile, f2b44ea75f28aa8071a41047250dc3e1)
                      - pstats.pyi (RegularFile, b68c043ccbb18e5bd180a872c10a1e97)
                      - pty.pyi (RegularFile, 7e2312b70a3d623ce69ae650833269b8)
                      - pwd.pyi (RegularFile, 5b828c64228488a6ff626b24a081e908)
                      - py_compile.pyi (RegularFile, 1edca697e4f24c928de1b0e52fe3f817)
                      - pyclbr.pyi (RegularFile, b25724a3928907fd127493c1b3442e17)
                      - pydoc.pyi (RegularFile, 96783d0c794f46e7b55093f9066a0ae7)
                      - pydoc_data (Directory, a19c09bf3574989f1358b65ae583708d)
                        - topics.pyi (RegularFile, c20d6f2b15aa1a4ff3eec7c5736f885e)
                      - pyexpat (Directory, 623e391d250f297449e3cbd6a9bbf8a7)
                        - __init__.pyi (RegularFile, 1c6dfe25958f46cf0a4fa3dd307b31be)
                        - errors.pyi (RegularFile, 406e2abb315baa86d086d9b224a28d5d)
                        - model.pyi (RegularFile, 8ea3d174b1e8ae421401b42f45615da4)
                      - Queue.pyi (RegularFile, cc8b79de1a93f13ee39722c50d53b1a5)
                      - quopri.pyi (RegularFile, c680ee36d9f5be9ecc26ab04481f5e54)
                      - random.pyi (RegularFile, 8c35fd53427cd3ba11860ee5c28d5d3b)
                      - re.pyi (RegularFile, 00592afc35999ddd86bed36ea57ad0c6)
                      - readline.pyi (RegularFile, ce519d4efff3420f2704738072ad1084)
                      - repr.pyi (RegularFile, 66782706e8b8aa0ffebb64412410842d)
                      - resource.pyi (RegularFile, 2a79fb12b9d37a43a2476b53291c089f)
                      - rfc822.pyi (RegularFile, 118440f7723e9fc1dc9f8c34cf548d14)
                      - rlcompleter.pyi (RegularFile, bd803fbaab078277a7c1b2e22bdc6445)
                      - robotparser.pyi (RegularFile, 040cb163e3fc63f7843b95f42e1f08e6)
                      - runpy.pyi (RegularFile, afb539b8e4affdb01e8a400b112f4cfa)
                      - sched.pyi (RegularFile, b44cc817b98b51260ce85cd4f6a5584c)
                      - select.pyi (RegularFile, 631432c08a2681829a6d168922e747c3)
                      - sets.pyi (RegularFile, ca17229fdee90d09802fe153eadcd890)
                      - sha.pyi (RegularFile, 69e198e8ef44c76e0756ac7cfe0b9c13)
                      - shelve.pyi (RegularFile, 2b8b3b22cb695cf5bf2f99d3492e233b)
                      - shlex.pyi (RegularFile, e2b4349cb92a68402e1830c2f3428d68)
                      - shutil.pyi (RegularFile, 13f7d47fc00ea936f139b22992ca26da)
                      - signal.pyi (RegularFile, 9a06cacb45dd0e61c26ee68b2f87c540)
                      - SimpleHTTPServer.pyi (RegularFile, d70e2e8098b8f83575ab9fb8ea65e099)
                      - site.pyi (RegularFile, 22bc0c9aea1a6c3f567d2655ad68d04d)
                      - smtpd.pyi (RegularFile, ea9757b24f26a0c03bd881e969f7862a)
                      - smtplib.pyi (RegularFile, b752c4cb5821730c26f2cb1c24a3f51f)
                      - sndhdr.pyi (RegularFile, d49df6dec6cf830eadca86d9244a315c)
                      - socket.pyi (RegularFile, 4ed2e4c7025a06ce9ac32bf73effa153)
                      - SocketServer.pyi (RegularFile, 8ac1a974fe4b44bf0ff3bd589ec373e0)
                      - spwd.pyi (RegularFile, 4a6febe5445d944a0af9d6f8724262e0)
                      - sqlite3 (Directory, e8bfc2afa2e010f8223e473a6b5d7e11)
                        - __init__.pyi (RegularFile, 8c4bd40e0d7a2b55086463c58a004808)
                        - dbapi2.pyi (RegularFile, 99a30cdf67afac7f85bb648cb6e1c7c2)
                      - sre_compile.pyi (RegularFile, 7fe518a7475259cf08d6719c44cfbb06)
                      - sre_constants.pyi (RegularFile, e5805a870c4c64fc2721f60cdd4e3953)
                      - sre_parse.pyi (RegularFile, 9ee019c6d9068788f324c266e256ddb8)
                      - ssl.pyi (RegularFile, 58a1300d35e07d62a2fd95a5412f0a7d)
                      - stat.pyi (RegularFile, d55c0f949ff36f700f0ce8cf86bc0dc4)
                      - string.pyi (RegularFile, b9dc6230d50259e1ee6885371124e90a)
                      - StringIO.pyi (RegularFile, 49eea86f6a55faf3d6b0c5196236b822)
                      - stringold.pyi (RegularFile, 9a126a39d9299958c8cad246a8b0fb7f)
                      - stringprep.pyi (RegularFile, 0dcc2535c94a802c1f05a3c59a8fed60)
                      - strop.pyi (RegularFile, 77565dd886aa7d1ccf26294733ac4da0)
                      - struct.pyi (RegularFile, ef97f1a24ef9b644717419dadd6169bc)
                      - subprocess.pyi (RegularFile, 7afa823a162ed80bf569cc16c0f85c73)
                      - sunau.pyi (RegularFile, 0b1784e30dbc58a40787f5f800dc92b5)
                      - symbol.pyi (RegularFile, 62d5c65354644df9ddc3e208bbb936ec)
                      - symtable.pyi (RegularFile, 6a1b939325fa25289dc1efad2b54fd57)
                      - sys.pyi (RegularFile, 3d5f4033876e537e062456ef4911e3f2)
                      - sysconfig.pyi (RegularFile, edbf640e56ba86527c64532b6badecbc)
                      - syslog.pyi (RegularFile, 23298a93a64c72b092122d81db8daf61)
                      - tabnanny.pyi (RegularFile, 28cc68cf45e4a8684dbbb28227416f31)
                      - tarfile.pyi (RegularFile, da7291b2a15276c912adc95b02549262)
                      - telnetlib.pyi (RegularFile, 1ffbb0aadbebd56a3ae06c2541fe7920)
                      - tempfile.pyi (RegularFile, fd7dcc3b91485f3cbaf55a2adf7bb516)
                      - termios.pyi (RegularFile, 9b3184609c2a19bf79bd05cd2b4eff82)
                      - textwrap.pyi (RegularFile, c96dc0e0014cc6bd53a2b8d67e10fc67)
                      - this.pyi (RegularFile, 0807d58ea02e1881b55728653b6f77fd)
                      - thread.pyi (RegularFile, 5102dd996a57ffe833a3b619b1be7020)
                      - threading.pyi (RegularFile, 30c48c39a74a45fadedc2aa139971acd)
                      - time.pyi (RegularFile, 87ae3e4fe86ba9a8b2c94cc2da7c186f)
                      - timeit.pyi (RegularFile, 5c3822556fc3528061ade738f1a7e380)
                      - toaiff.pyi (RegularFile, c5428baf23ff7426e8669ab1fa2a20c1)
                      - token.pyi (RegularFile, e965dbd05f05f198af74d97b0118ea9f)
                      - tokenize.pyi (RegularFile, ab44a4217e0b46092d9a4287635580f4)
                      - trace.pyi (RegularFile, bd1d342222f7e64238bbaf2049bb8c7b)
                      - traceback.pyi (RegularFile, 7373947b6d77f0da6f56214260c6f503)
                      - tty.pyi (RegularFile, 52a99dcbe8ef3d1e37dfa2ddbd202b4e)
                      - turtle.pyi (RegularFile, 6d6d411ed138f77070acdeb77b387196)
                      - types.pyi (RegularFile, 05e72d615dce0616347860acee6084f9)
                      - typing.pyi (RegularFile, c059e381eddc2187debf3d19b3a66ad7)
                      - typing_extensions.pyi (RegularFile, 83c4c17140ecc66b4a9208b4710d4cd5)
                      - unicodedata.pyi (RegularFile, 6a7b3431fcc3542ecb58c65e9028f996)
                      - unittest.pyi (RegularFile, 7c5b01ea2ec0d05c3f950b8ed7a1fef9)
                      - urllib.pyi (RegularFile, 309ff2fec633c73e7a6f0684612c0d3e)
                      - urllib2.pyi (RegularFile, 5ecaa799085c7d7897cd55da6a5e8df2)
                      - urlparse.pyi (RegularFile, fb492809c0eb381b8dfe71efebadf5bb)
                      - user.pyi (RegularFile, d28ee14916aba525b0a9e89a55b8e28c)
                      - UserDict.pyi (RegularFile, c41953c6fb68ddc5bf6930de6177d7ca)
                      - UserList.pyi (RegularFile, 3f9600951f301abb59ab7ba4ae34807d)
                      - UserString.pyi (RegularFile, bda8182fabd7e549f222291e610a606d)
                      - uu.pyi (RegularFile, b9b8d0b7f73bca50f9aa84f74cf56e92)
                      - uuid.pyi (RegularFile, d908bb38c16f94ec3c932ba954ca8b4a)
                      - warnings.pyi (RegularFile, f75b38deb8b0408c154d43720a53d361)
                      - wave.pyi (RegularFile, 37ffde2905c6a767bce0dc7a651877d5)
                      - weakref.pyi (RegularFile, 68e60229ab810385bee34072c4630076)
                      - webbrowser.pyi (RegularFile, e6bf921499eea0d1b0e1c6c83a9874ba)
                      - whichdb.pyi (RegularFile, 47c89c237dc8a2e604f960d5639b533b)
                      - winsound.pyi (RegularFile, dde347ddfac4dd8e1680a9ffadfd7c2c)
                      - wsgiref (Directory, db333fedba6a5b53941e67f407222e77)
                        - handlers.pyi (RegularFile, 453ba1296441a8424d11867fe3ad49eb)
                        - headers.pyi (RegularFile, 2fb037eb4742cbd73e8d662a1053da34)
                        - simple_server.pyi (RegularFile, 54d48f7a1b39ca50d410ef33ff9f7958)
                        - types.pyi (RegularFile, ef20fd8d154cf442c4b514c458a3889b)
                        - util.pyi (RegularFile, db3c0e28b2e1ea2582b33d416747731e)
                        - validate.pyi (RegularFile, 11358ffe179772fb0d2d7609c8169ebc)
                      - xdrlib.pyi (RegularFile, d6eba51aa5ee3c606fb051660bf63f58)
                      - xml (Directory, b7db5e4a036aaba3cf4f09562953fd29)
                        - __init__.pyi (RegularFile, 536ada7404c05674c4657a06aa73dfcf)
                        - dom (Directory, e5f8849a3b27ae0a6df7d860fd458500)
                          - __init__.pyi (RegularFile, 5ef2ff3266d089d2d8c5841061403332)
                          - domreg.pyi (RegularFile, c328b65cef4cca268289683d7e360403)
                          - expatbuilder.pyi (RegularFile, dd15ec05b52514657a21b1227b1577ba)
                          - minicompat.pyi (RegularFile, 20bdcb3b91fd2acd5332ca1cd5bb7266)
                          - minidom.pyi (RegularFile, dcf8fd65eb39be8825edb52bc5540189)
                          - NodeFilter.pyi (RegularFile, 5025aa543cce695478fd5dc5e29e2020)
                          - pulldom.pyi (RegularFile, dd15ec05b52514657a21b1227b1577ba)
                          - xmlbuilder.pyi (RegularFile, b83a830f4593f3196c9001cc8595a93d)
                        - etree (Directory, f0d0a00b0c981ddb8e3569533d32316a)
                          - cElementTree.pyi (RegularFile, 07707e0631b1ae61069e55987315f709)
                          - ElementInclude.pyi (RegularFile, e078b34b12eaf5cbf2c9a075e9739762)
                          - ElementPath.pyi (RegularFile, 56f9f0ce7e74b803b4e1bea876d30726)
                          - ElementTree.pyi (RegularFile, 342af9dfbeff026b74cb37d80db146d3)
                        - parsers (Directory, 67eb879e2c70d0ba85e7d6d08acead7a)
                          - __init__.pyi (RegularFile, a293af4b6e42d6952bbba66c7c1e886e)
                          - expat (Directory, fbd139de37476b0495fc73cc32d42c64)
                            - __init__.pyi (RegularFile, 9a21e09db9ff2c7581af0b1fe55fe524)
                            - errors.pyi (RegularFile, 56615109c2abb153a7377b4c59cd2382)
                            - model.pyi (RegularFile, a410703993d8aa842aac117a5f0ec5dd)
                        - sax (Directory, 721e5f5570d7baaf8eec8d7a36c435a5)
                          - __init__.pyi (RegularFile, 03c81f5f83fb620fbdf7b52dc62001df)
                          - handler.pyi (RegularFile, c8908b5e3f5a7d039ee678a7b9f566a3)
                          - saxutils.pyi (RegularFile, e2eb8d7ad479991d516765f7ccdd6d4e)
                          - xmlreader.pyi (RegularFile, 1a365aff0e0b15bfe5899651dcdfed72)
                      - xmlrpclib.pyi (RegularFile, de236bd288ae602b1b277af9538b7981)
                      - zipfile.pyi (RegularFile, bcdc279f1fb0ec22b5aaca7bf841d32f)
                      - zipimport.pyi (RegularFile, 544074cf10a358868cd3072725d3017c)
                      - zlib.pyi (RegularFile, c58ba32ee65c9152da3ec183de509f1a)
                    - @tests (Directory, c3688744fb9790d17ad058e2f1ce94bc)
                      - stubtest_allowlists (Directory, 7a9e8e66978fc305c6ab035723041d8d)
                        - common.txt (RegularFile, 71b6fdf5f3f0d2347a610c830c5ac962)
                        - darwin-py310.txt (RegularFile, 3b65147ff7b76ecc7a2fe5a1ff7b641b)
                        - darwin-py311.txt (RegularFile, f3b027e8d4c181f99301cda227817f6e)
                        - darwin-py312.txt (RegularFile, 9db56bf669293d9eaf46a301dcb450f4)
                        - darwin-py313.txt (RegularFile, 386afce71cfebee5f58c60dbc8e4ff25)
                        - darwin-py314.txt (RegularFile, 386afce71cfebee5f58c60dbc8e4ff25)
                        - darwin-py39.txt (RegularFile, 45aa90381d1b38b6430925670816efb5)
                        - darwin.txt (RegularFile, 2ec7b345bf1c8f39232271b7b60a61da)
                        - linux-py310.txt (RegularFile, 099558a42a5e03642bd4b58520b57daf)
                        - linux-py311.txt (RegularFile, 099558a42a5e03642bd4b58520b57daf)
                        - linux-py312.txt (RegularFile, 099558a42a5e03642bd4b58520b57daf)
                        - linux-py313.txt (RegularFile, f571933bb948577b1f9f3076fb8fc7c6)
                        - linux-py39.txt (RegularFile, 921209903fb2ff51ec8b860a3ab88691)
                        - linux.txt (RegularFile, f5a9e558e43dafee401562bee2880be7)
                        - py310.txt (RegularFile, fd89a2dbd83175c9956d89f30d9fc857)
                        - py311.txt (RegularFile, 231e08dc08b199eec0cc698da47567a7)
                        - py312.txt (RegularFile, 4c6afd1e0a2e330ce9776552ec00999b)
                        - py313.txt (RegularFile, 959b7504bbf9f318f94154df02e7481d)
                        - py314.txt (RegularFile, 4dc8b23bf970dafff8b1ca63f932841d)
                        - py39.txt (RegularFile, 3bd099aa542c4e2b609a5c2195f24e5a)
                        - win32-py310.txt (RegularFile, 22abbee57ec1a2253e17726379b3113a)
                        - win32-py311.txt (RegularFile, 407a9d5ca93d819b34cffc26fe065834)
                        - win32-py312.txt (RegularFile, bfae7eece289a4908ef69e115794876a)
                        - win32-py313.txt (RegularFile, bf7bb5592cc6137b2100a0a26b781feb)
                        - win32-py314.txt (RegularFile, bf7bb5592cc6137b2100a0a26b781feb)
                        - win32-py39.txt (RegularFile, f2646772411601f926f73e3bb2ed569b)
                        - win32.txt (RegularFile, 8017ba94109be2bcadfb71dc6dbd5a3f)
                      - test_cases (Directory, 064f31e9606dfa53d102225d87d52ab4)
                        - asyncio (Directory, 921b130a26f788c577ae3c8ffefde582)
                          - check_coroutines.py (RegularFile, a7b79cf0f7a16985c157f1acb20effb4)
                          - check_gather.py (RegularFile, 99b0f69a76b4369c40fae6dbbb917bca)
                          - check_task.py (RegularFile, 42914bb41fca6cede930c58bc102a600)
                          - check_task_factory.py (RegularFile, f46bb1e4e57a48c8de709badd061bfc7)
                        - builtins (Directory, fbedd74015f12483161fd7222a089e9b)
                          - check_dict.py (RegularFile, aeae7d42afef1c5a56766eaa2162cadc)
                          - check_exception_group-py311.py (RegularFile, f8c2a7a4a16585e243f5e5db37f5b1f0)
                          - check_iteration.py (RegularFile, 22d0e34edbd9fbfaba65836be105fbc3)
                          - check_list.py (RegularFile, 69b6e07b2518f5ba03b0e9c391264a53)
                          - check_memoryview.py (RegularFile, 4f0711ac353836c064208bd5ecea5307)
                          - check_min.py (RegularFile, 4aa8dc35b55e1a713f9561a754ccef54)
                          - check_object.py (RegularFile, 10b27f061208d41b62bd7fe90620f332)
                          - check_pow.py (RegularFile, 7242303d901a74cffab9d27a2fb5341b)
                          - check_reversed.py (RegularFile, 0c759b379d5a27f0db29312ce35d81f9)
                          - check_round.py (RegularFile, be57ee20c66144f7b398f5cc040143fa)
                          - check_slice.py (RegularFile, de99b32357e12564dcbc37b944099898)
                          - check_sum.py (RegularFile, 6f430a70fd386ee07f5907a8bb41ada9)
                          - check_tuple.py (RegularFile, f23fef7c6b8cc0e00cbcec618da9ad2e)
                          - check_zip.py (RegularFile, 4529a9e6e9efec398033ff005bb727e2)
                        - check_codecs.py (RegularFile, 4b2ee06d0e45255d223262af9168c367)
                        - check_concurrent_futures.py (RegularFile, 6633fb9ea7986b1d864b9e3ce51bff83)
                        - check_configparser.py (RegularFile, 5ef318fd8e49eb58f7e83e2eecfeba6c)
                        - check_contextlib.py (RegularFile, d946c0629d78c13f206c67f643029337)
                        - check_copy.py (RegularFile, 240dd9f493b670167675b6660d1d14c0)
                        - check_dataclasses.py (RegularFile, c48747504ee2e6d49f84538f1b7ce64b)
                        - check_enum.py (RegularFile, e0e88f13564443d37291656b2b6ba41d)
                        - check_functools.py (RegularFile, e02229150567dc26d047946354a1d663)
                        - check_importlib.py (RegularFile, 76a9b9197d827780e919a548b6d275af)
                        - check_importlib_metadata.py (RegularFile, 50ea324839c824d9a667f8df7cff2640)
                        - check_importlib_resources.py (RegularFile, ebedd059409cc092c7951caa5a708762)
                        - check_io.py (RegularFile, 5ddd15d47be1120b8ebdce9ebaf421fe)
                        - check_logging.py (RegularFile, 3285cfdeb325033878eb7ea98a8da97f)
                        - check_math.py (RegularFile, 42210c828acbad48d5f4889257e8f656)
                        - check_os_path.py (RegularFile, 610c660ce50bd152bc94efa5be9c032a)
                        - check_pathlib.py (RegularFile, 4fbc03b7f89cff7d0b80ed5875a90a06)
                        - check_platform.py (RegularFile, f229cbd2a8ad6eeb4e66dd0be681595e)
                        - check_re.py (RegularFile, 52b9099a66a51d1726ef98c06699c3f7)
                        - check_sqlite3.py (RegularFile, 758e4647a46248083fe3dfa0cbfa93d1)
                        - check_tarfile.py (RegularFile, 3bd25b86e714553b9bb35a236169a182)
                        - check_tempfile.py (RegularFile, a85b15ce4eb8ad3c2050cb94fff7bc9a)
                        - check_threading.py (RegularFile, 378ce0e4d22206843b4a5222812a4119)
                        - check_tkinter.py (RegularFile, b5828970c2b58e816330d6ceb0a8c7b1)
                        - check_types.py (RegularFile, 803cf07dc81042ac1b4491468ea35150)
                        - check_unittest.py (RegularFile, f26ede609c9d965ce6573222bf37941f)
                        - check_xml.py (RegularFile, 08ad1fb52793750f92202e2e6ea4fff8)
                        - check_zipfile.py (RegularFile, 297ca024c328bf579ad1b4ba02461f7d)
                        - collections (Directory, 445b094d1ad424109cf0bc4e8c3e6fc4)
                          - check_defaultdict.py (RegularFile, e2df22733407497d0cebe6eb774e15a7)
                        - ctypes (Directory, 4b968026f6f0eae75166c502f62f9fee)
                          - check_CDLL.py (RegularFile, efec8f8b3662a3c2b40ead0bc8eab894)
                          - check_pointer.py (RegularFile, d0565bc184fd8d7319b77c399707b82b)
                        - email (Directory, 68255b3a6e220dda6e7cf33c23f88077)
                          - check_message.py (RegularFile, d8cb7866af9d84e23f1851b37d70d0b2)
                          - check_mime.py (RegularFile, e07f41f6de0387bea0a5284a2250cc48)
                          - check_parser.py (RegularFile, 99b2aaf72bdeebb7dd89c50a2a746cbe)
                        - itertools (Directory, e8e7704c8a8737fa2e197c54b0a56e1a)
                          - check_itertools_recipes.py (RegularFile, 0de333e7fef01b1effe0330f8cb44172)
                        - multiprocessing (Directory, 5644d3351ec5784a7bfe7a9be45b3bc8)
                          - check_ctypes.py (RegularFile, e3142d2447f5a7615d0227ed15cc9d7d)
                          - check_pipe_connections.py (RegularFile, ea105372ef9be6e0c50888efc1ee597e)
                        - typing (Directory, 9b315aadf43536101a66ab7c360a154f)
                          - check_all.py (RegularFile, 2304b92c56ee5e48d10f7cadfe3b7458)
                          - check_MutableMapping.py (RegularFile, d30a9a0141f94a6f456f4c9aa5d986c0)
                          - check_regression_issue_9296.py (RegularFile, 6db4c1a395d7013d38aab75f7bd49848)
                          - check_typing_io.py (RegularFile, 8f6bdacaf650239cf17259e9b3c03340)
                        - urllib (Directory, 568cdd5397ef4ff463cecf3f54867adb)
                          - check_parse.py (RegularFile, 060e4515e7bbc259393261667aeb7a7f)
                    - __future__.pyi (RegularFile, e635f7876aa770c2c428d26949c2121c)
                    - __main__.pyi (RegularFile, fda16b9b5ae197d0877cfc6f895a6bba)
                    - _ast.pyi (RegularFile, 41d3c6ac9fe52544ceb43a0da71c745c)
                    - _asyncio.pyi (RegularFile, 6efecba429683712027ecb47131d0794)
                    - _bisect.pyi (RegularFile, 81429d5ac69615c4cb70087a970cc26d)
                    - _blake2.pyi (RegularFile, 112fda339ccb939b87fdab73ea1304fe)
                    - _bootlocale.pyi (RegularFile, cba247b14858da5266cfd3f44154b527)
                    - _bz2.pyi (RegularFile, 1b91baa7bd88e840f38aa03797d4d221)
                    - _codecs.pyi (RegularFile, 70540b847547bd98caee6bd6eef2df01)
                    - _collections_abc.pyi (RegularFile, 52f9b691cdca249a83fa2363984cad89)
                    - _compat_pickle.pyi (RegularFile, e5188fbc55f942199d7d7024be5e91b4)
                    - _compression.pyi (RegularFile, d4111c8cc3f71d498fa0f2a5d6dd88c7)
                    - _contextvars.pyi (RegularFile, a58423d8fbce78e2b9bafc46e788458c)
                    - _csv.pyi (RegularFile, 46ce8ccb02fd9192ab7b29019936f350)
                    - _ctypes.pyi (RegularFile, d8008c9cc021fe831636d11502c26e8c)
                    - _curses.pyi (RegularFile, 310a72619f0070c8fca4919de0bc1b7a)
                    - _curses_panel.pyi (RegularFile, 5575a84789015abe20679efa443369bb)
                    - _dbm.pyi (RegularFile, e84fd9a350652993170212274932d7ef)
                    - _decimal.pyi (RegularFile, 75b5298e006089b4e015ed053949b381)
                    - _frozen_importlib.pyi (RegularFile, 0bbd673c55c21f659f74a9de519c76f3)
                    - _frozen_importlib_external.pyi (RegularFile, e217b59abaa4c8ae12da4591179a43be)
                    - _gdbm.pyi (RegularFile, 7c6e6f8d770b56c67097fac604135ae3)
                    - _hashlib.pyi (RegularFile, c9b1121f21d9123dcc95a0b62f9521b1)
                    - _heapq.pyi (RegularFile, 90f1a9321c52335decaa31dbb70ab883)
                    - _imp.pyi (RegularFile, 37c56ace1c12944e37832e80832432cb)
                    - _interpchannels.pyi (RegularFile, 4263bb04d9b77701417fbb8ff72179c6)
                    - _interpqueues.pyi (RegularFile, 7408a674603e68dd8ad12bca711818fa)
                    - _interpreters.pyi (RegularFile, 6dfe266fadb83570ce4ca03b609ad917)
                    - _io.pyi (RegularFile, 1e46f5d847821b82d813284ec3217213)
                    - _json.pyi (RegularFile, f02610c4fe5f7f9ee92c4c42b6532c00)
                    - _locale.pyi (RegularFile, 4f18efc3465a0e2a63411e228f99d0aa)
                    - _lsprof.pyi (RegularFile, 0e4cbdaefeaefa5fa98483c8e87c8338)
                    - _lzma.pyi (RegularFile, 754a3a39b0f9d9dfb768fc1b1b21142b)
                    - _markupbase.pyi (RegularFile, 8d7cbd00703e627fae81a2d091f16348)
                    - _msi.pyi (RegularFile, 4f7e73cb8c5da447bd2d72b87a380abd)
                    - _multibytecodec.pyi (RegularFile, 12c937269c0bb5cdf3956f6e98861bed)
                    - _operator.pyi (RegularFile, 687cb407d506f9c3399cef59351324b7)
                    - _osx_support.pyi (RegularFile, cf47c6ba747ba216002f581a813e27a6)
                    - _pickle.pyi (RegularFile, fb5d6ddeac52a72aa0b8d1ee05498087)
                    - _posixsubprocess.pyi (RegularFile, 515c3400a4a8b7fa4459bb981ed97d62)
                    - _py_abc.pyi (RegularFile, 9d89010fbe158a1cf8c8538aeea68d59)
                    - _pydecimal.pyi (RegularFile, c4ab123ebc14b8bbb99d1a0412fd2d02)
                    - _queue.pyi (RegularFile, ff58aaff62d10f298700fa3f82546cf6)
                    - _random.pyi (RegularFile, f03a8f737a10c1c97eabdc8546eed2a4)
                    - _sitebuiltins.pyi (RegularFile, e359093f32ddb8d10d43f87eaae4145f)
                    - _socket.pyi (RegularFile, 37b3eabebe8854863357eb102ae61c69)
                    - _sqlite3.pyi (RegularFile, 891b290855aaf76e0960ea5ce7a22dd8)
                    - _ssl.pyi (RegularFile, 4d6f03cdb2e0a6273ccc71f928419c83)
                    - _stat.pyi (RegularFile, 9774cb8bccf212f3d24933aa25e5b0b5)
                    - _struct.pyi (RegularFile, bd0aeb9f9f825073ecd49b9be9cf7ab8)
                    - _thread.pyi (RegularFile, b463421156003cf8bc9b1dc20fc52823)
                    - _threading_local.pyi (RegularFile, 890811a8d4d1c1d606538fe0f8dd5269)
                    - _tkinter.pyi (RegularFile, 3a77f2130fb32cd152df81dd8b0639db)
                    - _tracemalloc.pyi (RegularFile, af7318c547696c80899edbc5004d5e39)
                    - _typeshed (Directory, 71c8e92fda5ba48cf9e2af65cac7690f)
                      - __init__.pyi (RegularFile, a0d3d98c74c581d1a897546cec0b948e)
                      - _type_checker_internals.pyi (RegularFile, ee443f164e3fde5111883cc7ea9a102d)
                      - dbapi.pyi (RegularFile, ab54e86d72b2e32d6f2e3e3a7a68024f)
                      - importlib.pyi (RegularFile, 16d41b10466b5914a7d555cf0156fbcb)
                      - README.md (RegularFile, 140272a02dee789f61987cb1ad9f8163)
                      - wsgi.pyi (RegularFile, cbe0ee386898759165dee976091127af)
                      - xml.pyi (RegularFile, 2dce104e0a80139cf44114bb9359bfaf)
                    - _warnings.pyi (RegularFile, 469126411a6404384306ddf5e09d6050)
                    - _weakref.pyi (RegularFile, 12f1a4e5276b5296f278717392ca52b2)
                    - _weakrefset.pyi (RegularFile, 29de697ffdfec6a4d2f32e1c65df3983)
                    - _winapi.pyi (RegularFile, f5803563878620550ebdd1d173a23167)
                    - _zstd.pyi (RegularFile, e9e225ad405d96e6c82695b9353f1e17)
                    - abc.pyi (RegularFile, d4c191c708e65cd704441945409d6709)
                    - aifc.pyi (RegularFile, 46cdf40d0bf2f5290fc390bcfb6be624)
                    - annotationlib.pyi (RegularFile, 7e103b5c27c5972e7acefedfcb209bdb)
                    - antigravity.pyi (RegularFile, a4731e69381212d43ba79bd757b56734)
                    - argparse.pyi (RegularFile, afac6c25a87ffbcddaa04a5980c126f0)
                    - array.pyi (RegularFile, 2cb8608fb65f1a6d2aecbbf44abcadd0)
                    - ast.pyi (RegularFile, be381f9478471c8107199b9c2339b3af)
                    - asynchat.pyi (RegularFile, 250e13d6d63aad532dcdb4d6c230a2ac)
                    - asyncio (Directory, a16077660010bf8e1ab06040136df28a)
                      - __init__.pyi (RegularFile, bc08d4bdf24367b78e0ac02c399a24e0)
                      - base_events.pyi (RegularFile, 4988afaa1641135940a1ead2e945f7d6)
                      - base_futures.pyi (RegularFile, c0f828fb60b272c389b3d6041b59a3ef)
                      - base_subprocess.pyi (RegularFile, cd2ccad51d67d0d0d652e8b3570752c6)
                      - base_tasks.pyi (RegularFile, ad12538d156150e02b0f968f24c8a96c)
                      - constants.pyi (RegularFile, e8c48fd64c0af99456439671282e07c6)
                      - coroutines.pyi (RegularFile, df17cfeb484fd056509bc7b035bb87ac)
                      - events.pyi (RegularFile, 36767618e2666f9532e8f326d213f390)
                      - exceptions.pyi (RegularFile, a3623302f7924c542d40fdc95e3cd101)
                      - format_helpers.pyi (RegularFile, e5b6fcc514f57eec23d3aa1cddad01ff)
                      - futures.pyi (RegularFile, 44bf018d9fb76a3e1d809a857b04dc79)
                      - graph.pyi (RegularFile, c95ffe4d541ea1faef5894982815fa20)
                      - locks.pyi (RegularFile, a501aac545103f52ef25e5659dc28f43)
                      - log.pyi (RegularFile, b7479f90e995d1c967b550e510ec0802)
                      - mixins.pyi (RegularFile, fed475b1dc895b739b6d98a380b88071)
                      - proactor_events.pyi (RegularFile, 90381e184f3e0821389ec274e7d36136)
                      - protocols.pyi (RegularFile, 45295818c2fe7b9d09cf1c38763feef3)
                      - queues.pyi (RegularFile, 2c6306e172ecec2a738fbab126d1a8eb)
                      - runners.pyi (RegularFile, a70ed9207f892637c23d4471b5eeb49f)
                      - selector_events.pyi (RegularFile, 9895b885ff53d9f44c8f2e3f16714a87)
                      - sslproto.pyi (RegularFile, 270d77ac1ed664151f408dffbc588eb1)
                      - staggered.pyi (RegularFile, cdb6fe8653fb1151211e1f8e373b0699)
                      - streams.pyi (RegularFile, d5c84b3486862ad9e1b8ab8a144cc029)
                      - subprocess.pyi (RegularFile, 0f09ee63209c87dd3171984ef91a9687)
                      - taskgroups.pyi (RegularFile, ae811762007c669092e2b20a1238286b)
                      - tasks.pyi (RegularFile, 1929f219f0e3ed23898303dfab25806a)
                      - threads.pyi (RegularFile, 55ed2896fe899ae4226e2b34e7c33255)
                      - timeouts.pyi (RegularFile, 98df8d3313ac3aa84e0d87ac18891532)
                      - tools.pyi (RegularFile, 09cc842bf23c9bf30ae63077a70108d4)
                      - transports.pyi (RegularFile, 10e2eca9073c679fa4526e4dd9e494ac)
                      - trsock.pyi (RegularFile, de9209121c656bdf5a4e36a00fc1a9ba)
                      - unix_events.pyi (RegularFile, 0068843f3e68777bf026593f3a9ddf44)
                      - windows_events.pyi (RegularFile, 947270d0ac5247ddf02bf0ea099f1841)
                      - windows_utils.pyi (RegularFile, 5ef09f2b1ce6043d3b5bdeb9f0c50311)
                    - asyncore.pyi (RegularFile, e4c48456922d8ae3607a53105e7a314c)
                    - atexit.pyi (RegularFile, 50433f8327d97a2321e32193e33928e2)
                    - audioop.pyi (RegularFile, b898225bc017e77408f644d8c3bdca11)
                    - base64.pyi (RegularFile, 9fd58d4a7284cf19bd7ab26cd85d58b9)
                    - bdb.pyi (RegularFile, 56f287eba7cd7cae1f580107e0689376)
                    - binascii.pyi (RegularFile, 030357e0f2d4c65fe58cd3faa84e1692)
                    - binhex.pyi (RegularFile, 3eb5543632b776b46023ffef43b24ce7)
                    - bisect.pyi (RegularFile, 78768f42ec504adb7ef3526de2baf1a8)
                    - builtins.pyi (RegularFile, b831f6219552339c31131585ba178e20)
                    - bz2.pyi (RegularFile, f4e8a3dd9d0b238cfbcf9d0f9dfa12a9)
                    - calendar.pyi (RegularFile, 3cf715dd0ad76c2e0518343260f7fd1b)
                    - cgi.pyi (RegularFile, fc18aa6c1e1b45362385a7722983c1ec)
                    - cgitb.pyi (RegularFile, 7dfa43a4ca7fa1f0c8af849689ed44d0)
                    - chunk.pyi (RegularFile, 08a33c3eb025a11721a4c21da51f0715)
                    - cmath.pyi (RegularFile, f076e189788dbda210b21b57eb945e21)
                    - cmd.pyi (RegularFile, 7d2180a1c294a935c78dd1defb51890a)
                    - code.pyi (RegularFile, 3c504f2ac9a0f5056530c708ecc66ba8)
                    - codecs.pyi (RegularFile, f36cfead713d3af438a2f1fdcc75b6b9)
                    - codeop.pyi (RegularFile, 4a4f472bf55dae97ddeb81af0ac36029)
                    - collections (Directory, 1a989ec9f06f28ac6e34d17a1f17edb5)
                      - __init__.pyi (RegularFile, 83ac1115ffc7c243939acc9f1f4adf5d)
                      - abc.pyi (RegularFile, c5da87da3d2aa6d4b120f239ce2dc135)
                    - colorsys.pyi (RegularFile, 3d209b5f19c43af63566109083c0537f)
                    - compileall.pyi (RegularFile, 82a3c5fd818ef23c58843702f4834f5e)
                    - compression (Directory, 849b15bb75718f4c407a0bc0a51c48c1)
                      - __init__.pyi (RegularFile, f571933bb948577b1f9f3076fb8fc7c6)
                      - _common (Directory, e2659c057a27dd7de61699e0d1ef2896)
                        - __init__.pyi (RegularFile, f571933bb948577b1f9f3076fb8fc7c6)
                        - _streams.pyi (RegularFile, 02effe536228bdf7dbadce66f9253ff5)
                      - bz2.pyi (RegularFile, 0d6d9827af3c3010693cdd7fb66cf13b)
                      - gzip.pyi (RegularFile, fa7e7f8edf7d7c01960b474101f24b21)
                      - lzma.pyi (RegularFile, 1e64f97d286fe6590dba295e3067e321)
                      - zlib.pyi (RegularFile, 03c44b804ad063b1efe3ddefe432f207)
                      - zstd (Directory, d0a5b73bb80ad41c66e0395ee7aed87f)
                        - __init__.pyi (RegularFile, 80304d9246ae85d3bf84f71a5a39ade1)
                        - _zstdfile.pyi (RegularFile, 74c22dc252d5b80f6eed29e0065ee31e)
                    - concurrent (Directory, 9e92c45a294fc2c61b689d3a7e5768fb)
                      - __init__.pyi (RegularFile, f571933bb948577b1f9f3076fb8fc7c6)
                      - futures (Directory, 5dba902407c8c8e1c5f77b2c951d0d89)
                        - __init__.pyi (RegularFile, 9ba4fe1fcfcbdd3c4295c4d48ffa15a7)
                        - _base.pyi (RegularFile, 4ac933ca8ba4dfc286b7c4e17a3dd188)
                        - interpreter.pyi (RegularFile, 3f6e8b34017224cfbfa45515a832feb4)
                        - process.pyi (RegularFile, bc7cc8f54e035fdf2947bd96f8c51662)
                        - thread.pyi (RegularFile, 907b4ea38c18ca3f2d242b8c959d7319)
                      - interpreters (Directory, 746a8235ccf59eb77843705aebb4f19e)
                        - __init__.pyi (RegularFile, 2d6297e87f5e4872156bf206691ab884)
                        - _crossinterp.pyi (RegularFile, 2118c9bdd98f84f6b6f48450c4dcd0b5)
                        - _queues.pyi (RegularFile, ad3aa65f3b8a7ab364f720bea09ad88e)
                    - configparser.pyi (RegularFile, 08e12c278a8243ef868c55d69188d238)
                    - contextlib.pyi (RegularFile, ff2354ba1cb7d6fd751077cf959f45bc)
                    - contextvars.pyi (RegularFile, 224f50a3cbc11f15fa04202b26ca0dfa)
                    - copy.pyi (RegularFile, 32961d415837bdd8cd816aa7ba991a0e)
                    - copyreg.pyi (RegularFile, 72df8fc8bf3dfed94fc41530cfe4eb6e)
                    - cProfile.pyi (RegularFile, 4c2d70375ba1b58a2ec5e6cf983db055)
                    - crypt.pyi (RegularFile, a53e0a7df352f822f50ea8dac1b55535)
                    - csv.pyi (RegularFile, 2ed35286d46f1f766fef2e17538095b0)
                    - ctypes (Directory, 0915b48f9269433248fa5cb61b9a7502)
                      - __init__.pyi (RegularFile, b77f3917798f1d2935f85b7d8a5a7c22)
                      - _endian.pyi (RegularFile, e7558ecea24908ade04795640504a1bc)
                      - macholib (Directory, da892a000d486fa7e276472f223dd570)
                        - __init__.pyi (RegularFile, 6f88e240fab11c80c2e55f98c5de9c42)
                        - dyld.pyi (RegularFile, aaa42af38ca3e2466bd35eb73b9452eb)
                        - dylib.pyi (RegularFile, e50d6c1e506b3dcc5345ebe2eb218c14)
                        - framework.pyi (RegularFile, 0fd43cc95446a2a28ead02055d132939)
                      - util.pyi (RegularFile, c1bc872f1bef4f29e6e351e88951b074)
                      - wintypes.pyi (RegularFile, d9476fedc511b1dd25b64f46deaaa141)
                    - curses (Directory, ad44e7459312cd722d77bfd9393d7a09)
                      - __init__.pyi (RegularFile, b0435de44b062d0d7ee8232b9bc00a2f)
                      - ascii.pyi (RegularFile, dc87d5df072f3333f869c93bc2324cc7)
                      - has_key.pyi (RegularFile, a183f70a135c22ddb4d45ad8add2a79a)
                      - panel.pyi (RegularFile, 1024149f30c974fe25ffae9f390820e0)
                      - textpad.pyi (RegularFile, bd12bc54eccdbc1b206d2cf6f27fd063)
                    - dataclasses.pyi (RegularFile, b0ff66475799a148e75855d5a29ce025)
                    - datetime.pyi (RegularFile, 5a77e24484cbba0992606c378679f93d)
                    - dbm (Directory, 0ef14d04eb637b8f82e48c22111688ff)
                      - __init__.pyi (RegularFile, f0022f617d77310274547534a3e659af)
                      - dumb.pyi (RegularFile, 8c00329bb4c67b03d357d2da30091919)
                      - gnu.pyi (RegularFile, 7f9e9e73e24cfd2f1b102b8bce91235a)
                      - ndbm.pyi (RegularFile, bf671f34a76c38b360c3d9359c149ed8)
                      - sqlite3.pyi (RegularFile, 617ce48a2b6791fc486c11509d28e9b5)
                    - decimal.pyi (RegularFile, c84b0d48319cd79e387a5cc852ab4576)
                    - difflib.pyi (RegularFile, c4b871854f8ce86e683d57c5cce425c4)
                    - dis.pyi (RegularFile, 0ce338070537323be919034c30782afc)
                    - distutils (Directory, 55333f6552679a10f2d05a9bd0e1d267)
                      - __init__.pyi (RegularFile, 22a5235f32bffb77e11ed826fa247846)
                      - _msvccompiler.pyi (RegularFile, 32519366c4767bb84bd2a5c962250e6c)
                      - archive_util.pyi (RegularFile, 5116fccec249d2f2ad2289d915bc0324)
                      - bcppcompiler.pyi (RegularFile, a38aedfc6359316615b8f19f43b76d44)
                      - ccompiler.pyi (RegularFile, ea4c0eb1701e8da100c2eaa848bd4ac6)
                      - cmd.pyi (RegularFile, 2d117e14af9ba7d8524a052a7a751a7b)
                      - command (Directory, c0a65c87b6141ff9ca3aeb0d7e0c6e15)
                        - __init__.pyi (RegularFile, 8e9ee7bcc9a496edf5d0ad587e63ee44)
                        - bdist.pyi (RegularFile, 1390c85cf47f1829b7460272cdb29512)
                        - bdist_dumb.pyi (RegularFile, bd89261b803135ab8fd45022e42a6388)
                        - bdist_msi.pyi (RegularFile, 142e8fe7b136b189a4dd1775469d1f12)
                        - bdist_packager.pyi (RegularFile, f571933bb948577b1f9f3076fb8fc7c6)
                        - bdist_rpm.pyi (RegularFile, 11259e0a05de18f995bfcb2568f9f2a0)
                        - bdist_wininst.pyi (RegularFile, 6ae9106c341d2b79e7f8e7a9e82acad2)
                        - build.pyi (RegularFile, 7da8b2e38f023b2298449f0dc9b59826)
                        - build_clib.pyi (RegularFile, 79364c35220e42f72f2336d5cea4d80b)
                        - build_ext.pyi (RegularFile, 3438e22653305cdd29a35233dbd18849)
                        - build_py.pyi (RegularFile, 9f8f90b627ce6aea4a8f12d6e1536ce1)
                        - build_scripts.pyi (RegularFile, 66a032838faf708464020734ce0742c7)
                        - check.pyi (RegularFile, c1fb30cbc8a6ad4ae89b2ede912025cb)
                        - clean.pyi (RegularFile, 342e2603160c3310fe4ff9b7e5c49404)
                        - config.pyi (RegularFile, 381cc5c6f526190c69acf879afe401c8)
                        - install.pyi (RegularFile, c80d050c1f80b2e548c786da8444cead)
                        - install_data.pyi (RegularFile, e3741d84769efcb057c02bd637ec5135)
                        - install_egg_info.pyi (RegularFile, 66bc9b7e8aff07082e7f3d7d955a4484)
                        - install_headers.pyi (RegularFile, 54dd34627076bc8f1e45a8600d73e21f)
                        - install_lib.pyi (RegularFile, 256bd0d55b0a0e839058d6797cb93719)
                        - install_scripts.pyi (RegularFile, 42884bbae753d84b0518e74759c05bff)
                        - register.pyi (RegularFile, fbb73348e4cfcf9d15fc01c32c602dff)
                        - sdist.pyi (RegularFile, 25ca28e92f7fd419e3e6d58cbba289d0)
                        - upload.pyi (RegularFile, 68c80ce58f607b7069281df3a173d263)
                      - config.pyi (RegularFile, 2db1d0d7d6a4de7299982600237cc0b2)
                      - core.pyi (RegularFile, 092c20866957a6824680091493712bb4)
                      - cygwinccompiler.pyi (RegularFile, a03f75771428f259db74469b14a8203d)
                      - debug.pyi (RegularFile, b23106a1708a1882215e2fcae21f00e5)
                      - dep_util.pyi (RegularFile, 384124f609a030fb304493a146a3f25c)
                      - dir_util.pyi (RegularFile, 2b8083e5ea16c941c5bb7b8de88899f9)
                      - dist.pyi (RegularFile, b17ec54275fa30399f3435e6ac438cf6)
                      - errors.pyi (RegularFile, df4008d958bcf3b382357bcf9b9e17df)
                      - extension.pyi (RegularFile, 9c1b47ef0662443c7bdc0bc4bbbdbb13)
                      - fancy_getopt.pyi (RegularFile, fafc9de0d88f6955211f6b8b26bfee5e)
                      - file_util.pyi (RegularFile, 2725c595e1051dd9d9aea251665ebee7)
                      - filelist.pyi (RegularFile, 3532b3bc7c5ae36444aaa76ab9042d8b)
                      - log.pyi (RegularFile, 7a027bd0c75c6bf8b4bd86545d4735d1)
                      - msvccompiler.pyi (RegularFile, e6459e3a57601c0812e8138b72d2758c)
                      - spawn.pyi (RegularFile, 9df51797781a491928dc4f262f706fd0)
                      - sysconfig.pyi (RegularFile, d69995f0a61cc5b140d4a8f56e3ee0c6)
                      - text_file.pyi (RegularFile, 9071d4bbcbddfee735bcfcf22649e507)
                      - unixccompiler.pyi (RegularFile, a2571015f8ccbc068c332241a86192fa)
                      - util.pyi (RegularFile, 53132d76b4c1aa80e544ce47fa4d3b55)
                      - version.pyi (RegularFile, a95ca1e87fe889a33d89096ed8d32266)
                    - doctest.pyi (RegularFile, 8ca5c5c334605f36d7fa849c25edd2a8)
                    - email (Directory, 442655af97d1abd85eb717187f302aad)
                      - __init__.pyi (RegularFile, 848bd960520c0a70e01bb8871b3468c6)
                      - _header_value_parser.pyi (RegularFile, fd6df131be8035948de0c6d99915cb9b)
                      - _policybase.pyi (RegularFile, 42a038a31e155165766a8f276f763ed6)
                      - base64mime.pyi (RegularFile, 738ae06c2ba4ace53863812c1e6d4f5e)
                      - charset.pyi (RegularFile, 177d3e6ed06a45032ffb596a255e35cc)
                      - contentmanager.pyi (RegularFile, 49c368b7fe370fbf3ee4ff2654dea1d8)
                      - encoders.pyi (RegularFile, 4684f032c577e6a8835173f3213e01bf)
                      - errors.pyi (RegularFile, b706a847fc5038ed5ecfbd4d290e0b53)
                      - feedparser.pyi (RegularFile, c95096c3118c019c9ab089daa8ae506a)
                      - generator.pyi (RegularFile, 81e224b7481f17193fe49ccf95c6ef09)
                      - header.pyi (RegularFile, c445825be2b07021d5d355bdc2848519)
                      - headerregistry.pyi (RegularFile, fe0dc3d95e41f4f3782d2c2bfc6d37bd)
                      - iterators.pyi (RegularFile, 64818e271bf0d7d28662ee98d1639680)
                      - message.pyi (RegularFile, ec3b7cbba8f48a4fd083f00e7cccd633)
                      - mime (Directory, c9697ccdc1d40f554ad319f7a432c983)
                        - __init__.pyi (RegularFile, f571933bb948577b1f9f3076fb8fc7c6)
                        - application.pyi (RegularFile, bf09e05f7a8c6c68bca845171c04956f)
                        - audio.pyi (RegularFile, 5cfb6ab250c26d91c2bbd1bbc37e9caa)
                        - base.pyi (RegularFile, be146ff91c623987ec38c43bff882ecd)
                        - image.pyi (RegularFile, 9f5ff43c71fd2eecc5aab23894104f52)
                        - message.pyi (RegularFile, 6e443245dc9ffd8ae52ab48daa145a0b)
                        - multipart.pyi (RegularFile, b7a13a702fdb94daec39064dc9751c19)
                        - nonmultipart.pyi (RegularFile, 5c37822e8a0282e207c57192e9e2f78f)
                        - text.pyi (RegularFile, f6f5a4f6d30b9fdd5938401eed67cb94)
                      - parser.pyi (RegularFile, 0d76ca8bddd4a2266a1cbfd0f4ad1eac)
                      - policy.pyi (RegularFile, 50c8161a82b9612deeed77bca289a3ca)
                      - quoprimime.pyi (RegularFile, d9ee5fb47112c7d243b1ee26caf2e3c4)
                      - utils.pyi (RegularFile, ab84ae74f4c7a961bd36df9eff865ab7)
                    - encodings (Directory, cd41cda59fddf829f9cc13945351a5db)
                      - __init__.pyi (RegularFile, 2696a0abe5891ea8ba929070d20051af)
                      - aliases.pyi (RegularFile, 218c1b9d4ed657e0e0ff320ebd2d1298)
                      - ascii.pyi (RegularFile, 8f733f3979485385476093de823e172e)
                      - base64_codec.pyi (RegularFile, 43b0f8d18a4b65f3ed8f509895fdf4a3)
                      - big5.pyi (RegularFile, 2104fb24c54200300b768202ee19ae87)
                      - big5hkscs.pyi (RegularFile, 2104fb24c54200300b768202ee19ae87)
                      - bz2_codec.pyi (RegularFile, 0d35707aef5ba3d35ca9f6dc21bd9ba9)
                      - charmap.pyi (RegularFile, d36ed97e4930557a4fffc11ae18d7afc)
                      - cp037.pyi (RegularFile, 7c491b7eb6495f57fd003f7e692f9545)
                      - cp1006.pyi (RegularFile, 7c491b7eb6495f57fd003f7e692f9545)
                      - cp1026.pyi (RegularFile, 7c491b7eb6495f57fd003f7e692f9545)
                      - cp1125.pyi (RegularFile, 0c056cdf6a4dd330dac93e88940eb6ad)
                      - cp1140.pyi (RegularFile, 7c491b7eb6495f57fd003f7e692f9545)
                      - cp1250.pyi (RegularFile, 7c491b7eb6495f57fd003f7e692f9545)
                      - cp1251.pyi (RegularFile, 7c491b7eb6495f57fd003f7e692f9545)
                      - cp1252.pyi (RegularFile, 7c491b7eb6495f57fd003f7e692f9545)
                      - cp1253.pyi (RegularFile, 7c491b7eb6495f57fd003f7e692f9545)
                      - cp1254.pyi (RegularFile, 7c491b7eb6495f57fd003f7e692f9545)
                      - cp1255.pyi (RegularFile, 7c491b7eb6495f57fd003f7e692f9545)
                      - cp1256.pyi (RegularFile, 7c491b7eb6495f57fd003f7e692f9545)
                      - cp1257.pyi (RegularFile, 7c491b7eb6495f57fd003f7e692f9545)
                      - cp1258.pyi (RegularFile, 7c491b7eb6495f57fd003f7e692f9545)
                      - cp273.pyi (RegularFile, 7c491b7eb6495f57fd003f7e692f9545)
                      - cp424.pyi (RegularFile, 7c491b7eb6495f57fd003f7e692f9545)
                      - cp437.pyi (RegularFile, 0c056cdf6a4dd330dac93e88940eb6ad)
                      - cp500.pyi (RegularFile, 7c491b7eb6495f57fd003f7e692f9545)
                      - cp720.pyi (RegularFile, 7c491b7eb6495f57fd003f7e692f9545)
                      - cp737.pyi (RegularFile, 0c056cdf6a4dd330dac93e88940eb6ad)
                      - cp775.pyi (RegularFile, 0c056cdf6a4dd330dac93e88940eb6ad)
                      - cp850.pyi (RegularFile, 0c056cdf6a4dd330dac93e88940eb6ad)
                      - cp852.pyi (RegularFile, 0c056cdf6a4dd330dac93e88940eb6ad)
                      - cp855.pyi (RegularFile, 0c056cdf6a4dd330dac93e88940eb6ad)
                      - cp856.pyi (RegularFile, 7c491b7eb6495f57fd003f7e692f9545)
                      - cp857.pyi (RegularFile, 0c056cdf6a4dd330dac93e88940eb6ad)
                      - cp858.pyi (RegularFile, 0c056cdf6a4dd330dac93e88940eb6ad)
                      - cp860.pyi (RegularFile, 0c056cdf6a4dd330dac93e88940eb6ad)
                      - cp861.pyi (RegularFile, 0c056cdf6a4dd330dac93e88940eb6ad)
                      - cp862.pyi (RegularFile, 0c056cdf6a4dd330dac93e88940eb6ad)
                      - cp863.pyi (RegularFile, 0c056cdf6a4dd330dac93e88940eb6ad)
                      - cp864.pyi (RegularFile, 0c056cdf6a4dd330dac93e88940eb6ad)
                      - cp865.pyi (RegularFile, 0c056cdf6a4dd330dac93e88940eb6ad)
                      - cp866.pyi (RegularFile, 0c056cdf6a4dd330dac93e88940eb6ad)
                      - cp869.pyi (RegularFile, 0c056cdf6a4dd330dac93e88940eb6ad)
                      - cp874.pyi (RegularFile, 7c491b7eb6495f57fd003f7e692f9545)
                      - cp875.pyi (RegularFile, 7c491b7eb6495f57fd003f7e692f9545)
                      - cp932.pyi (RegularFile, 2104fb24c54200300b768202ee19ae87)
                      - cp949.pyi (RegularFile, 2104fb24c54200300b768202ee19ae87)
                      - cp950.pyi (RegularFile, 2104fb24c54200300b768202ee19ae87)
                      - euc_jis_2004.pyi (RegularFile, 2104fb24c54200300b768202ee19ae87)
                      - euc_jisx0213.pyi (RegularFile, 2104fb24c54200300b768202ee19ae87)
                      - euc_jp.pyi (RegularFile, 2104fb24c54200300b768202ee19ae87)
                      - euc_kr.pyi (RegularFile, 2104fb24c54200300b768202ee19ae87)
                      - gb18030.pyi (RegularFile, 2104fb24c54200300b768202ee19ae87)
                      - gb2312.pyi (RegularFile, 2104fb24c54200300b768202ee19ae87)
                      - gbk.pyi (RegularFile, 2104fb24c54200300b768202ee19ae87)
                      - hex_codec.pyi (RegularFile, 37c0de295e96d63764855824db93671a)
                      - hp_roman8.pyi (RegularFile, 7c491b7eb6495f57fd003f7e692f9545)
                      - hz.pyi (RegularFile, 2104fb24c54200300b768202ee19ae87)
                      - idna.pyi (RegularFile, bade19bb96a43fad7d26060dcbb81924)
                      - iso2022_jp.pyi (RegularFile, 2104fb24c54200300b768202ee19ae87)
                      - iso2022_jp_1.pyi (RegularFile, 2104fb24c54200300b768202ee19ae87)
                      - iso2022_jp_2.pyi (RegularFile, 2104fb24c54200300b768202ee19ae87)
                      - iso2022_jp_2004.pyi (RegularFile, 2104fb24c54200300b768202ee19ae87)
                      - iso2022_jp_3.pyi (RegularFile, 2104fb24c54200300b768202ee19ae87)
                      - iso2022_jp_ext.pyi (RegularFile, 2104fb24c54200300b768202ee19ae87)
                      - iso2022_kr.pyi (RegularFile, 2104fb24c54200300b768202ee19ae87)
                      - iso8859_1.pyi (RegularFile, 7c491b7eb6495f57fd003f7e692f9545)
                      - iso8859_10.pyi (RegularFile, 7c491b7eb6495f57fd003f7e692f9545)
                      - iso8859_11.pyi (RegularFile, 7c491b7eb6495f57fd003f7e692f9545)
                      - iso8859_13.pyi (RegularFile, 7c491b7eb6495f57fd003f7e692f9545)
                      - iso8859_14.pyi (RegularFile, 7c491b7eb6495f57fd003f7e692f9545)
                      - iso8859_15.pyi (RegularFile, 7c491b7eb6495f57fd003f7e692f9545)
                      - iso8859_16.pyi (RegularFile, 7c491b7eb6495f57fd003f7e692f9545)
                      - iso8859_2.pyi (RegularFile, 7c491b7eb6495f57fd003f7e692f9545)
                      - iso8859_3.pyi (RegularFile, 7c491b7eb6495f57fd003f7e692f9545)
                      - iso8859_4.pyi (RegularFile, 7c491b7eb6495f57fd003f7e692f9545)
                      - iso8859_5.pyi (RegularFile, 7c491b7eb6495f57fd003f7e692f9545)
                      - iso8859_6.pyi (RegularFile, 7c491b7eb6495f57fd003f7e692f9545)
                      - iso8859_7.pyi (RegularFile, 7c491b7eb6495f57fd003f7e692f9545)
                      - iso8859_8.pyi (RegularFile, 7c491b7eb6495f57fd003f7e692f9545)
                      - iso8859_9.pyi (RegularFile, 7c491b7eb6495f57fd003f7e692f9545)
                      - johab.pyi (RegularFile, 2104fb24c54200300b768202ee19ae87)
                      - koi8_r.pyi (RegularFile, 7c491b7eb6495f57fd003f7e692f9545)
                      - koi8_t.pyi (RegularFile, 7c491b7eb6495f57fd003f7e692f9545)
                      - koi8_u.pyi (RegularFile, 7c491b7eb6495f57fd003f7e692f9545)
                      - kz1048.pyi (RegularFile, 7c491b7eb6495f57fd003f7e692f9545)
                      - latin_1.pyi (RegularFile, 8f5f526689745280db1924f881b95eef)
                      - mac_arabic.pyi (RegularFile, 0c056cdf6a4dd330dac93e88940eb6ad)
                      - mac_croatian.pyi (RegularFile, 7c491b7eb6495f57fd003f7e692f9545)
                      - mac_cyrillic.pyi (RegularFile, 7c491b7eb6495f57fd003f7e692f9545)
                      - mac_farsi.pyi (RegularFile, 7c491b7eb6495f57fd003f7e692f9545)
                      - mac_greek.pyi (RegularFile, 7c491b7eb6495f57fd003f7e692f9545)
                      - mac_iceland.pyi (RegularFile, 7c491b7eb6495f57fd003f7e692f9545)
                      - mac_latin2.pyi (RegularFile, 7c491b7eb6495f57fd003f7e692f9545)
                      - mac_roman.pyi (RegularFile, 7c491b7eb6495f57fd003f7e692f9545)
                      - mac_romanian.pyi (RegularFile, 7c491b7eb6495f57fd003f7e692f9545)
                      - mac_turkish.pyi (RegularFile, 7c491b7eb6495f57fd003f7e692f9545)
                      - mbcs.pyi (RegularFile, ef7ac5dfea54d82c318cd5ebd73207ec)
                      - oem.pyi (RegularFile, fb1d4dbf1b83486738a034a34361e3f2)
                      - palmos.pyi (RegularFile, 7c491b7eb6495f57fd003f7e692f9545)
                      - ptcp154.pyi (RegularFile, 7c491b7eb6495f57fd003f7e692f9545)
                      - punycode.pyi (RegularFile, d7bdc08314eb07e97198040e68c90957)
                      - quopri_codec.pyi (RegularFile, e83ac303b9986fe3b032ac19efd87e0a)
                      - raw_unicode_escape.pyi (RegularFile, 76186d7ee30d1175e74f2f217726e62f)
                      - rot_13.pyi (RegularFile, 43413b1f5cc36327f83a1ac261c31cf6)
                      - shift_jis.pyi (RegularFile, 2104fb24c54200300b768202ee19ae87)
                      - shift_jis_2004.pyi (RegularFile, 2104fb24c54200300b768202ee19ae87)
                      - shift_jisx0213.pyi (RegularFile, 2104fb24c54200300b768202ee19ae87)
                      - tis_620.pyi (RegularFile, 7c491b7eb6495f57fd003f7e692f9545)
                      - undefined.pyi (RegularFile, 400c5e931d7214ec4814a48709109f02)
                      - unicode_escape.pyi (RegularFile, 4e5eddc7565342cac00561373c37dce3)
                      - utf_16.pyi (RegularFile, afde81e7fc2de7fe421ad2645e05f4fe)
                      - utf_16_be.pyi (RegularFile, e19674ac30c6d6f56c009e4760cb0b5a)
                      - utf_16_le.pyi (RegularFile, db6025ee44970d90e8a047f4b5f5ac25)
                      - utf_32.pyi (RegularFile, a199bba97283ccc3df97d78cffdff586)
                      - utf_32_be.pyi (RegularFile, 583d9b82a6d7cc19da66308f57b3d0ed)
                      - utf_32_le.pyi (RegularFile, 6162e1e0a60a142adf7101bbc76b002d)
                      - utf_7.pyi (RegularFile, aad2afd6cac90d340ecce38347551f07)
                      - utf_8.pyi (RegularFile, 3c67fb91310a6c63ad6e6b84c74b5a4c)
                      - utf_8_sig.pyi (RegularFile, 3f6ea23edce06f90e66a33a638b64770)
                      - uu_codec.pyi (RegularFile, 76a2adfbf6a206d06dafe522eb69f0ac)
                      - zlib_codec.pyi (RegularFile, 18e35c1a90d050c81053cbe6f2f3574a)
                    - ensurepip (Directory, 97451c2549e9d596e55d38a7cebf9791)
                      - __init__.pyi (RegularFile, 731307a0b75a4728dfd6d8df266fab5d)
                    - enum.pyi (RegularFile, e1f77808812381610289197b0103d6e2)
                    - errno.pyi (RegularFile, ddd17d7b7ad3d0310bf149dd077ab102)
                    - faulthandler.pyi (RegularFile, 830b246e33840197ce8cfda071a62cfb)
                    - fcntl.pyi (RegularFile, e2efd4c15d3870b946f768958510f6a9)
                    - filecmp.pyi (RegularFile, f4fa43beb827282093df5798a9180ddc)
                    - fileinput.pyi (RegularFile, 5a8ea4cd74e4e587517ae68eb2b70e1e)
                    - fnmatch.pyi (RegularFile, 668fb23d7ae8639249eb79559d9906ff)
                    - formatter.pyi (RegularFile, 7431f1ef61b94d2322f3540b051bcb41)
                    - fractions.pyi (RegularFile, 33518256dbc597afdc4a5b6c2731bec6)
                    - ftplib.pyi (RegularFile, a1fa7ebdec939e5b864353dcc9f2bf9e)
                    - functools.pyi (RegularFile, 01db89b640d7ed1b7712bcca1ff835f2)
                    - gc.pyi (RegularFile, 2a3686539230766d0f5494ec11e3246f)
                    - genericpath.pyi (RegularFile, 46a5842a68bfa1b6fa755afbb2cf7531)
                    - getopt.pyi (RegularFile, d3f9414a0136845992c0f39116b25153)
                    - getpass.pyi (RegularFile, 15d5a503006697ec3237f59eb7aee9eb)
                    - gettext.pyi (RegularFile, 476c0b4b85960c4c94613cc84369bed4)
                    - glob.pyi (RegularFile, 268f898314d5e3c0b81988109a87313b)
                    - graphlib.pyi (RegularFile, e5fdc34fcfac51419c88fed164c037fb)
                    - grp.pyi (RegularFile, 1fc86d29bf95d834c4f185460c2adaa4)
                    - gzip.pyi (RegularFile, 2da0460dcdff5165abbf1d48a4bfc046)
                    - hashlib.pyi (RegularFile, 6f9ee3506ec035c04c6888e7ccff607e)
                    - heapq.pyi (RegularFile, 80721b22c000b00f37db0522c9f7b433)
                    - hmac.pyi (RegularFile, 3e5f9482ffe707ff08de66de62010242)
                    - html (Directory, 2bb0862bb0de3510e94810b5b5faacb8)
                      - __init__.pyi (RegularFile, a35bcc9f4c8c509e7b84c58e1754ca19)
                      - entities.pyi (RegularFile, 827dda458d293482aabda78b3407b8e1)
                      - parser.pyi (RegularFile, 269a369ff7fb01fa42c3182aa46d19ff)
                    - http (Directory, 18f82e709a0efb8cdd5899127f3485d0)
                      - __init__.pyi (RegularFile, ca4a1ce41fb4c01b4d073088218983a8)
                      - client.pyi (RegularFile, 1a8d499fd41cb58f894c239bf857bcaf)
                      - cookiejar.pyi (RegularFile, 56a101932daeac3185c5d75e26845d89)
                      - cookies.pyi (RegularFile, f5919505d6d5a838441d6daef921d62f)
                      - server.pyi (RegularFile, aa5007368d8dcc0e0c83862e137067e9)
                    - imaplib.pyi (RegularFile, 2b63f0bf89d8d311cd0caddf143a8bca)
                    - imghdr.pyi (RegularFile, 2b78e3c664fc7af148e5d0666618ca5e)
                    - imp.pyi (RegularFile, c9a57bd497f3d5fcbbd1a273cf92b28e)
                    - importlib (Directory, 837536fbb81a9042bdea6d45a3d1d5f5)
                      - __init__.pyi (RegularFile, 0f0fca96efeafbde56150d52cb86404f)
                      - _abc.pyi (RegularFile, b7cd73bd4e33e5858e84cff4636a6b7b)
                      - _bootstrap.pyi (RegularFile, 57546bf2c71a621e76d26f3b1f04a608)
                      - _bootstrap_external.pyi (RegularFile, 536c8ec798eb822eb53c1547cf0ea3c2)
                      - abc.pyi (RegularFile, 46bfc3271aa1337cab1f03e1cda1ef11)
                      - machinery.pyi (RegularFile, 89e4b07370721b0f95df0b6e42970f77)
                      - metadata (Directory, e7adb63646dcfce79cf4199b7f1a89a8)
                        - __init__.pyi (RegularFile, 216176f8cc6b686afeffbb242f96056a)
                        - _meta.pyi (RegularFile, ae52651859e0c5ed28fca87bae8e7292)
                        - diagnose.pyi (RegularFile, 7bf714ce364388c8e1df2855aacead41)
                      - readers.pyi (RegularFile, fce59c2510478af87d199ff3adc0748f)
                      - resources (Directory, 387021872b9b2e02af4c44f739117d57)
                        - __init__.pyi (RegularFile, 178d95bbe0c649933dd8f0b8a0777bf0)
                        - _common.pyi (RegularFile, c360ff18fab3333374da338c408ae4ac)
                        - _functional.pyi (RegularFile, 7f593bae409f630447a939bdb598a960)
                        - abc.pyi (RegularFile, 21d95c353e1c7fb761cc5423bed817ef)
                        - readers.pyi (RegularFile, 3cf7d3be2fc95056d9bd05362db5c500)
                        - simple.pyi (RegularFile, c8142a9ae2bd4f66999a831f9b36eed2)
                      - simple.pyi (RegularFile, 495dc7a6c96f7886a4a207d693e5947d)
                      - util.pyi (RegularFile, 4cfd472c99ed181758ebbfeb51246b60)
                    - inspect.pyi (RegularFile, 2e92cb329adcd587b2ab39af11fa375a)
                    - io.pyi (RegularFile, 9336242645c593e7606f9e8a0672dcb4)
                    - ipaddress.pyi (RegularFile, 311c0a10c1995e5a9e0b4e9f37494fa3)
                    - itertools.pyi (RegularFile, 53eff9f3e5b0dc43e56348116d534826)
                    - json (Directory, 304aec58afdefa765d92bd5b6363d856)
                      - __init__.pyi (RegularFile, 78bec44f937dbc36de30085f0679a500)
                      - decoder.pyi (RegularFile, ec21b70828899702b6b32d293a108201)
                      - encoder.pyi (RegularFile, eec155e0c8c4c130f9ef49eb3dc4c8d0)
                      - scanner.pyi (RegularFile, 5b3c6827cebc4f2997ed5c9df423e39a)
                      - tool.pyi (RegularFile, 6e7c2f4c04a859886ee7911657292329)
                    - keyword.pyi (RegularFile, 510f2b25da9b15e1be193af0b6c6f321)
                    - lib2to3 (Directory, e7f39c48948b4994863aff5e17767801)
                      - __init__.pyi (RegularFile, f571933bb948577b1f9f3076fb8fc7c6)
                      - btm_matcher.pyi (RegularFile, 1d34b5a154797a16ae80289f8dab7338)
                      - fixer_base.pyi (RegularFile, 24b2f2abde44fd2a21fe32aa9d92f400)
                      - fixes (Directory, d0aa7dd12a692e8612157d9ca4224bc1)
                        - __init__.pyi (RegularFile, f571933bb948577b1f9f3076fb8fc7c6)
                        - fix_apply.pyi (RegularFile, 70f4f08ac7314e7c1922eb4ccfc40b93)
                        - fix_asserts.pyi (RegularFile, e04f5f3dc5c9f38cad3a8dba14b4439f)
                        - fix_basestring.pyi (RegularFile, 7696032ef91b2962534b285b2781f4f0)
                        - fix_buffer.pyi (RegularFile, 73bc8d4d9c6499995e67fe029ae566cc)
                        - fix_dict.pyi (RegularFile, 7044ecc6552f8ecd02dbb5f2aaab404a)
                        - fix_except.pyi (RegularFile, 7875ce0f6b35efb4b89729efb9cf0be1)
                        - fix_exec.pyi (RegularFile, 951e7054ffb57a5c7ea091d647432f16)
                        - fix_execfile.pyi (RegularFile, da5c5923559db91a0089ed9800c7011b)
                        - fix_exitfunc.pyi (RegularFile, ab447e4c3442d4d45cb76896a411a8b1)
                        - fix_filter.pyi (RegularFile, 7c0b9d909cf3627a0303ed7f0a5c472a)
                        - fix_funcattrs.pyi (RegularFile, 406840cf7a09284ffc964710161efbe6)
                        - fix_future.pyi (RegularFile, d72822c617fb5e1cefab8f70e2bbdb23)
                        - fix_getcwdu.pyi (RegularFile, c58f01b4c1dab7d3d59758fa23a4f8e1)
                        - fix_has_key.pyi (RegularFile, 0a18c16f5e801b1a56747688b918690d)
                        - fix_idioms.pyi (RegularFile, a0a8e136da9587426d3206161b6a572e)
                        - fix_import.pyi (RegularFile, d598a08d2d65c7184f266d5f024b49cb)
                        - fix_imports.pyi (RegularFile, 0a6ee23bd6ab8cd1cfaa0627bd883d65)
                        - fix_imports2.pyi (RegularFile, ed2a427fe4dc922f9c12f75c7ae4096d)
                        - fix_input.pyi (RegularFile, 5eb7e2ee38dd8e2756438b6c9c4c9c46)
                        - fix_intern.pyi (RegularFile, 26cc94341bbed58d8170377872c292f5)
                        - fix_isinstance.pyi (RegularFile, 19fef44c6afc21ea527d8ad455638673)
                        - fix_itertools.pyi (RegularFile, 715151236b0bbbfe1031953d849064b8)
                        - fix_itertools_imports.pyi (RegularFile, 49d341d08fcae905fed875fa960d8106)
                        - fix_long.pyi (RegularFile, 2007a046c91ea3d675b6d5e2179a95b6)
                        - fix_map.pyi (RegularFile, 050216550748946dd8b5783e4f95893a)
                        - fix_metaclass.pyi (RegularFile, cfb497bd96c1f8ce9a371f891e5b98f8)
                        - fix_methodattrs.pyi (RegularFile, f755de29ca20e2c1232e70687fdc90c9)
                        - fix_ne.pyi (RegularFile, ea5c1f6a09ed8ae60e84bd50be8af785)
                        - fix_next.pyi (RegularFile, 130f79cb8362b8a550c43b542fde69eb)
                        - fix_nonzero.pyi (RegularFile, c744febe5a35f92ebcca92f6919772f6)
                        - fix_numliterals.pyi (RegularFile, 1c24280316ac64f788eb79a8d3ef2cc1)
                        - fix_operator.pyi (RegularFile, d79dbd6ca8d23c7c618c058f5ee25c80)
                        - fix_paren.pyi (RegularFile, b1fd47bc00a83b3eef93ea8bcbcaf650)
                        - fix_print.pyi (RegularFile, 12cef9f742fdc6f1514dd0d5fe51723f)
                        - fix_raise.pyi (RegularFile, c6cbbc8070e4ecff090a8954f50f5579)
                        - fix_raw_input.pyi (RegularFile, a573aa6bd09ee7caaf433f30a0fd78c8)
                        - fix_reduce.pyi (RegularFile, f3b1acf79f3497d050c6b5c3ee69d86e)
                        - fix_reload.pyi (RegularFile, d1f93481af0c76ea58d42c5851e1a4fe)
                        - fix_renames.pyi (RegularFile, 75e2b484bc00d6e24b38d5db4e345c93)
                        - fix_repr.pyi (RegularFile, 426f4f862b3e6707c9f823e02c741c69)
                        - fix_set_literal.pyi (RegularFile, e44d0ad67a172de106c7a3ea1160465d)
                        - fix_standarderror.pyi (RegularFile, 617b948a401ce01bb77f923b482caa8a)
                        - fix_sys_exc.pyi (RegularFile, e152cec3d5c1dca68575c3e07ab52ad3)
                        - fix_throw.pyi (RegularFile, 0f9496da01d702df12fae342616215ac)
                        - fix_tuple_params.pyi (RegularFile, 867cc9fb2146e08100f17c0045c49cb8)
                        - fix_types.pyi (RegularFile, ca7d06222a726d052d347e17eba20ee8)
                        - fix_unicode.pyi (RegularFile, f6dbb0b5e8aee32ecb66f67499315fe0)
                        - fix_urllib.pyi (RegularFile, fb77e6f2cbfccc1a39d18ec5255aed09)
                        - fix_ws_comma.pyi (RegularFile, 1f82f3e75d107f757950a8e5b7b8f97a)
                        - fix_xrange.pyi (RegularFile, 73cb71cec5f0c3de24379e9286f6307f)
                        - fix_xreadlines.pyi (RegularFile, 38451c59ee50b27528de7878f6e2f134)
                        - fix_zip.pyi (RegularFile, bc07e528519246d04cdbaeb5905ced52)
                      - main.pyi (RegularFile, c3d1d48926d02069737dd99450e49e8b)
                      - pgen2 (Directory, 41830ad057f70ccd7b477865561e8aee)
                        - __init__.pyi (RegularFile, badbc62387fcd6242828a5f8644199f1)
                        - driver.pyi (RegularFile, 8d5f6fc61795b5df9d79adf43541ec71)
                        - grammar.pyi (RegularFile, 74b9f232e85f5119226b3323b864dd6e)
                        - literals.pyi (RegularFile, eb91dcfcbe1d8186224613130a2f59d1)
                        - parse.pyi (RegularFile, ed3de104b461640def8b4a9915618a68)
                        - pgen.pyi (RegularFile, f1f1c0ddcb6a183c8caa25632ecd67a7)
                        - token.pyi (RegularFile, 340ef6c31c848bd3a41532e00d883a6c)
                        - tokenize.pyi (RegularFile, ee68b7c43fe84f097278aa04d9331e34)
                      - pygram.pyi (RegularFile, b8b774baef21b32796e1bd8ae5dfecb0)
                      - pytree.pyi (RegularFile, 34079b3bc932f4bab001b4ba6c32b3ff)
                      - refactor.pyi (RegularFile, f31947c1b86e16a1c6f0b5389cbc56b6)
                    - linecache.pyi (RegularFile, ed26085d4d8944a8a48fe0e1eb4e70df)
                    - locale.pyi (RegularFile, b6c3919054c61cf95df6b189ab4ab699)
                    - logging (Directory, 9051df788da70c85c6c8005d537bbc54)
                      - __init__.pyi (RegularFile, a84a2ad72eb42b1d11d86b43b2cd1a05)
                      - config.pyi (RegularFile, ace9f791b2f552ee84210c3c3e0f496e)
                      - handlers.pyi (RegularFile, 29ee995b8df0560fc37f8900f7657bff)
                    - lzma.pyi (RegularFile, 36b649bb496caa3a92a8bc969a685593)
                    - mailbox.pyi (RegularFile, 9514aa21b203c17af80061e2a99d31c5)
                    - mailcap.pyi (RegularFile, 7ad6837483a837663c2571c84d32e9a4)
                    - marshal.pyi (RegularFile, f163fc98615dac561c285d8a9e04b1f2)
                    - math.pyi (RegularFile, ab656d3a95f92f36c48f94de8b106752)
                    - mimetypes.pyi (RegularFile, 7d4567b151f38b8f35ab5bf273a25239)
                    - mmap.pyi (RegularFile, 21917a834d9204fb7148a584a0d8ba3b)
                    - modulefinder.pyi (RegularFile, 43636d699e363db0f27068912d33bb04)
                    - msilib (Directory, 460b974ab4cbf252f52c2b2d70e22481)
                      - __init__.pyi (RegularFile, b1753cf680e24cf87ddbc6b0b6bec840)
                      - schema.pyi (RegularFile, 1667e40ca9447946337616bb0c2dc334)
                      - sequence.pyi (RegularFile, eb5131d26321b7d87b41fae76924979d)
                      - text.pyi (RegularFile, 34abdbdad5c27eccba99fe61898bad78)
                    - msvcrt.pyi (RegularFile, 6d6f2017cfd6a5cc40b55d72d1ec076b)
                    - multiprocessing (Directory, 0cacfd0587480a295d6a77055b8ee1b8)
                      - __init__.pyi (RegularFile, c10ff049711768bf7a9328e27fcc760b)
                      - connection.pyi (RegularFile, a46bdbe1335e4fc090b5cee1de4c7d3d)
                      - context.pyi (RegularFile, 9d351f1c70b85f4dd3d4324b97cd4d73)
                      - dummy (Directory, 90154633c0b3cbad1dd2d957c7da6636)
                        - __init__.pyi (RegularFile, ec66f0ec3898e2230e926158119002cf)
                        - connection.pyi (RegularFile, 31310848fd0777c2abaeca4fab223f79)
                      - forkserver.pyi (RegularFile, 1ef0480c367c7f39452142fd2a54f688)
                      - heap.pyi (RegularFile, cc87a037cbeab657911f688c5a516f81)
                      - managers.pyi (RegularFile, dd45766614abd279b415267bb2e96ac7)
                      - pool.pyi (RegularFile, 990869638230129707455552d3fd47f3)
                      - popen_fork.pyi (RegularFile, 671656eecee6ef08f0e43ea2f2a54849)
                      - popen_forkserver.pyi (RegularFile, 8bcdabff59504721969479d660a7e3f5)
                      - popen_spawn_posix.pyi (RegularFile, 05811d9116fcf6cebd6b1c0f23f157e1)
                      - popen_spawn_win32.pyi (RegularFile, fabdae6a16cc2ffe423ffbd7bc65bbdc)
                      - process.pyi (RegularFile, 962df7a7b15c6cc13cd5d90507dbeaa2)
                      - queues.pyi (RegularFile, f086e85388f1f9e999cfbad0c4cc5256)
                      - reduction.pyi (RegularFile, dc75b5141bda49ef678d95d3637b3c91)
                      - resource_sharer.pyi (RegularFile, bbbe44de76f29ba822bc2de51e7f11ad)
                      - resource_tracker.pyi (RegularFile, e82b2e3895803da8b44620c189c72681)
                      - shared_memory.pyi (RegularFile, 0d4976d31e5421301880c06caf7f7f06)
                      - sharedctypes.pyi (RegularFile, 13d0ba369d2c88def20a867b10a0fab5)
                      - spawn.pyi (RegularFile, 53c8bcce00ca60fd8edb668c66947f30)
                      - synchronize.pyi (RegularFile, 0705d166d84f066797ba59b3558b5b03)
                      - util.pyi (RegularFile, 000836fba59bcc62d3b769a4cc31873d)
                    - netrc.pyi (RegularFile, 0543af76c459730403eb10931c1d674a)
                    - nis.pyi (RegularFile, 951169191b8b060ffc907be6fedd2f3c)
                    - nntplib.pyi (RegularFile, b018ff13f49cf44e133f72c0d3442c8c)
                    - nt.pyi (RegularFile, 55a0b57d00861e930e67c992d00dd31d)
                    - ntpath.pyi (RegularFile, 364fd9579619d6a0c6861e354c8bb7f2)
                    - nturl2path.pyi (RegularFile, 79074ae6a8b8f0808c4f8b0e72cd8a7c)
                    - numbers.pyi (RegularFile, 8901bf48a673b64e44ca56e81e081245)
                    - opcode.pyi (RegularFile, 8aead802c642130c6d07b30653b99c46)
                    - operator.pyi (RegularFile, 717f0fcb3c62d2aecc7c37ce1ffd405a)
                    - optparse.pyi (RegularFile, 038f12567abefde6a1b2fffe0f53f3ab)
                    - os (Directory, 1cccc54dd0dbfed68f96399de4818805)
                      - __init__.pyi (RegularFile, 08f66b6e8b93c9aaaaf1afabb59eacd9)
                      - path.pyi (RegularFile, d5ce074d8969fbce7edf858093a27dcd)
                    - ossaudiodev.pyi (RegularFile, 7f0a69c37c7a36f8d2bdef96af53288c)
                    - parser.pyi (RegularFile, 95caf7fb99d589c9e333aa6c4afc5bb9)
                    - pathlib (Directory, 5bdd1d945606836c98e86f9bdb89c413)
                      - __init__.pyi (RegularFile, 6fe8b603d0e5c1b00f12f908426f58a7)
                      - types.pyi (RegularFile, 15ec34329492b7072a67065f0306a01d)
                    - pdb.pyi (RegularFile, 238e007bf1b3db4d9d5b78f61f77580e)
                    - pickle.pyi (RegularFile, b01c6fad3d13099a9869a8dbc4675854)
                    - pickletools.pyi (RegularFile, 989c06bb5c92d3a5d99c2d3e45a81ed5)
                    - pipes.pyi (RegularFile, a4e9e664b3a85f137b5e6bad1dd6f8c7)
                    - pkgutil.pyi (RegularFile, de70034d025f304b8805e73736ca9cbb)
                    - platform.pyi (RegularFile, d9a46fbc7253ffc2e603ab7646f346f8)
                    - plistlib.pyi (RegularFile, a74b9749c4fdeeecb6316c4465459886)
                    - poplib.pyi (RegularFile, 2c02c752284d3a84cc3ef7230449c440)
                    - posix.pyi (RegularFile, 81d262c3365c284079576fd76657ec61)
                    - posixpath.pyi (RegularFile, 9f7ce03e92b5d87de9041be02926ddcc)
                    - pprint.pyi (RegularFile, 8683c6ca0b7bd6d8813da0f393cf1470)
                    - profile.pyi (RegularFile, 838099b5340cdecb7b693faec41b8f3d)
                    - pstats.pyi (RegularFile, 4dee8be7b0caee3c167945d258e058c1)
                    - pty.pyi (RegularFile, 1e377994953aef9c9005ad9b85904a4d)
                    - pwd.pyi (RegularFile, 8ed48c03bb6ca5a70e5ef76ae32ab595)
                    - py_compile.pyi (RegularFile, 4c2444e282725d433b0e5f2b84730768)
                    - pyclbr.pyi (RegularFile, 67e38f1a37f04989934839b1def4c5fc)
                    - pydoc.pyi (RegularFile, 821de4e44a661115a7d18bf540fcf424)
                    - pydoc_data (Directory, fbae65deb47cbfc562ca4d92f1131621)
                      - __init__.pyi (RegularFile, f571933bb948577b1f9f3076fb8fc7c6)
                      - topics.pyi (RegularFile, bdef6a09bfd087c83b3f48544f47375d)
                    - pyexpat (Directory, 4efdccc5529ab9d0663aef7f815fcd2c)
                      - __init__.pyi (RegularFile, 852bbe315e7b3427751ef17573cc85a1)
                      - errors.pyi (RegularFile, c024bfd8423c3c6cda0f653c0ad2f426)
                      - model.pyi (RegularFile, 55f98fbbf29ca1e41ee8828d43b60d8f)
                    - queue.pyi (RegularFile, 8d984e5bc95eb48de2c19846a957f544)
                    - quopri.pyi (RegularFile, 58491580486e298892040d7205fe4107)
                    - random.pyi (RegularFile, 5a5e0153e2dcdeb69cc56e970ba8bc38)
                    - re.pyi (RegularFile, d295b1ae3dc75cb2f2da50e0016c6882)
                    - readline.pyi (RegularFile, 20e7b70dda2efe7a5f52386837ade125)
                    - reprlib.pyi (RegularFile, ecf717ff7234c01b1709832cd25bab97)
                    - resource.pyi (RegularFile, 4de84053ce75900892a51f1b4db49294)
                    - rlcompleter.pyi (RegularFile, 3777b1f90e6d6222311bcfc5b38e1a2a)
                    - runpy.pyi (RegularFile, 66026502366409538454825c32937dbf)
                    - sched.pyi (RegularFile, 598f1d16d3d8018dda97e9dba4669857)
                    - secrets.pyi (RegularFile, 90897efa52d9908d556188c3145f462c)
                    - select.pyi (RegularFile, d96ace9a78d1a08f5ba9667212e4d393)
                    - selectors.pyi (RegularFile, 8ac875eef31e072c011187745046a561)
                    - shelve.pyi (RegularFile, ca2aa10d4f0e76605b42cd71f83107a3)
                    - shlex.pyi (RegularFile, 20e026e7f2d6ba19a7083ad48725a77c)
                    - shutil.pyi (RegularFile, 451439c2639f734a645c394b3c0521ee)
                    - signal.pyi (RegularFile, 30150512bbc9c9da52d1879f6ea922d8)
                    - site.pyi (RegularFile, cec694f091237c1607d289e6790c1664)
                    - smtpd.pyi (RegularFile, 435facc3eeb91183d2f15819948d5c85)
                    - smtplib.pyi (RegularFile, d63a5aa782ebf68de6fadb2a9ecf2e6f)
                    - sndhdr.pyi (RegularFile, 4fc687a8e90dad97ae65d405efa0733f)
                    - socket.pyi (RegularFile, c3fd50a298e966f3d6ecc5632fd7aeb0)
                    - socketserver.pyi (RegularFile, fb3c136186007c8f6b248cb78fa64a48)
                    - spwd.pyi (RegularFile, ea08a21ac125a31cbeaa97e81f73f3d5)
                    - sqlite3 (Directory, 13bc8eec16401c3a7a8cfae7358c9933)
                      - __init__.pyi (RegularFile, 9b9658cc023f951d5559affb40c2283e)
                      - dbapi2.pyi (RegularFile, c7c97fa94775c121025b063fed9e908f)
                      - dump.pyi (RegularFile, 7d898723c934fa6df87ec969e60c9e10)
                    - sre_compile.pyi (RegularFile, 74f268aac645f56a2489b0b25c927285)
                    - sre_constants.pyi (RegularFile, d454044fa6e7dc036d90bde5eb2ecbd1)
                    - sre_parse.pyi (RegularFile, 8b3d08ccc1522024a87bd157049278cc)
                    - ssl.pyi (RegularFile, 4d6628e176a2eff1b2800fddab2d12a8)
                    - stat.pyi (RegularFile, 52dc72b6003d843a40b58c4eedf37133)
                    - statistics.pyi (RegularFile, 09cf7609fed1ba7617b80484d2cfdf38)
                    - string (Directory, 0ccbac3c0386815a1bbb613cb01c5057)
                      - __init__.pyi (RegularFile, d30c9f3e1db6c87105eadd0c92a7d4fc)
                      - templatelib.pyi (RegularFile, 28472d2c9453eb2b84e76d0f40299f45)
                    - stringprep.pyi (RegularFile, e5b5e77763ad5011b24638d30d9a58a1)
                    - struct.pyi (RegularFile, b5455260a29cef331f70f3b875019d8d)
                    - subprocess.pyi (RegularFile, f65d77d2ae3cd925ed5f2699dd430acb)
                    - sunau.pyi (RegularFile, c6123a899789943675fabd2199e7b6b8)
                    - symbol.pyi (RegularFile, 80c30f8140e250decbff268b36d2136a)
                    - symtable.pyi (RegularFile, 14e6a2183156a12d2215e02c7db1befd)
                    - sys (Directory, 43fcdd051a4b7ba7de9e50bccd54331c)
                      - __init__.pyi (RegularFile, b3ec22904fcc6f16e91bc2038aa25131)
                      - _monitoring.pyi (RegularFile, 50970cd621f9fe7021af2f6ad5c73303)
                    - sysconfig.pyi (RegularFile, fc1d117a1521d9b8c54d590e9e5fbf67)
                    - syslog.pyi (RegularFile, c76fcc5cd0dbd2287b743bc34362591e)
                    - tabnanny.pyi (RegularFile, ad8bbe09eae9b14e563a83348ec1dced)
                    - tarfile.pyi (RegularFile, dd2f6b92870eb44b6ceb75df6afafb6e)
                    - telnetlib.pyi (RegularFile, ce31ea7ec3a56334e91c0fb477a7cf30)
                    - tempfile.pyi (RegularFile, d56565ccab772dcadc48cea1d8ff87a0)
                    - termios.pyi (RegularFile, 439c458c132036f315ca29028339aa71)
                    - textwrap.pyi (RegularFile, 31d29d8a43abc78b4a303b15a1b6bbd2)
                    - this.pyi (RegularFile, 0807d58ea02e1881b55728653b6f77fd)
                    - threading.pyi (RegularFile, 8a246f623d9ab8efcba9330f81db5fda)
                    - time.pyi (RegularFile, b2946accd97520de4ac642e23da47e37)
                    - timeit.pyi (RegularFile, 97760dcf2f6791ac36789482d0c860c1)
                    - tkinter (Directory, 1c25e2f395b69d6c2f6ee97c50607563)
                      - __init__.pyi (RegularFile, 61dca8582c50025c24d1224d19b73b4c)
                      - colorchooser.pyi (RegularFile, e2d0849b4a12f47bcd4e6250ff9d71e5)
                      - commondialog.pyi (RegularFile, c1bf861681dd3697c6f55be922e08a53)
                      - constants.pyi (RegularFile, 05deaceff1bd9c7ff618f90b74058944)
                      - dialog.pyi (RegularFile, 61f6e0f025396173dbd23392344a1bdc)
                      - dnd.pyi (RegularFile, 5b6901a5fcb3cbd07821c90b5e626966)
                      - filedialog.pyi (RegularFile, caef66a2982353dbe9feede27b1c73ac)
                      - font.pyi (RegularFile, 32abb66bdc56fab71cf4b2f82ec72342)
                      - messagebox.pyi (RegularFile, 02bc50119983a6fbb04236d8e3ed9613)
                      - scrolledtext.pyi (RegularFile, 2d9e40c0625fce6d547064fba8867312)
                      - simpledialog.pyi (RegularFile, 3864939d52235199ee86ceb146425570)
                      - tix.pyi (RegularFile, b64fd7fb39bd54702cf62f9d5b006cd0)
                      - ttk.pyi (RegularFile, af090dfd10a91d4aa85edf0eb89f5617)
                    - token.pyi (RegularFile, f1fbae71810ef0058462225644f456c1)
                    - tokenize.pyi (RegularFile, 36e1227d080d675721bc84dec3829713)
                    - tomllib.pyi (RegularFile, 622b141b248100fe40eafb6326eabe9e)
                    - trace.pyi (RegularFile, c688a10ed19f104f81d4a0f533833d28)
                    - traceback.pyi (RegularFile, 450123ca63de69c6b88f2a1ec7ea96c5)
                    - tracemalloc.pyi (RegularFile, 26d746aa184f021f690ea602aa94c311)
                    - tty.pyi (RegularFile, ea0294522c128d9513b18e5f48c6ddf1)
                    - turtle.pyi (RegularFile, 958b1d203adb987b6fb125fb01b4c079)
                    - types.pyi (RegularFile, cc1461e7543453626819a6c817a080b9)
                    - typing.pyi (RegularFile, c5a54db889144d02730f67f9a8b6e9e2)
                    - typing_extensions.pyi (RegularFile, 810ab65a847a870b9d4a5281fac75721)
                    - unicodedata.pyi (RegularFile, 4af7ad8c082c933dbd08d1bd85784d71)
                    - unittest (Directory, e5e9d14853b246b953e3a3bd7e929779)
                      - __init__.pyi (RegularFile, 1413cda85a5457e7a9841e23f8562af3)
                      - _log.pyi (RegularFile, 275b71143e66834ea8a7f9ffc015fac6)
                      - async_case.pyi (RegularFile, 60a19dbc9c0326c00f02b04623064d9f)
                      - case.pyi (RegularFile, 0c8dc179370d782b882d0fabcc4a97d4)
                      - loader.pyi (RegularFile, 2c110bf5f3237981f5bee7cc69e6de56)
                      - main.pyi (RegularFile, 80c2d33296441cdc38268f59e479c7c9)
                      - mock.pyi (RegularFile, 10b3d9a89a380dce3ac9f15f93d989f9)
                      - result.pyi (RegularFile, c41fa1cb2cb15ceb3370c00d4e89e32b)
                      - runner.pyi (RegularFile, ff28aee98df93243bd69641f3496fa76)
                      - signals.pyi (RegularFile, c69be3b3a7e5842462fe641d9b4401c5)
                      - suite.pyi (RegularFile, e87407eafb1a08238b589dad66077187)
                      - util.pyi (RegularFile, 11edd0863f28cb4fd41ce48f4b4b8ed9)
                    - urllib (Directory, 7e2c71833a713492beb87f4956f43db3)
                      - __init__.pyi (RegularFile, f571933bb948577b1f9f3076fb8fc7c6)
                      - error.pyi (RegularFile, f842d3cb552f5ccd6cfe19c59070aff0)
                      - parse.pyi (RegularFile, 75efd7c8d7c71aec6d15216e6543a616)
                      - request.pyi (RegularFile, ad39bf55884c94a023f1cb96cd5871d1)
                      - response.pyi (RegularFile, 69336579fd8a6f5bf35d054d8d837b7c)
                      - robotparser.pyi (RegularFile, db901f112a8c8e10aa8e794d8ebd311f)
                    - uu.pyi (RegularFile, 54a780e5b2167a85cfb6e5daf7e24e2d)
                    - uuid.pyi (RegularFile, 962b242adb2d4fc90286c5d724bbdbc2)
                    - venv (Directory, d5c6d373f6eb312b01a727edf290c026)
                      - __init__.pyi (RegularFile, 170f627b788733c18152ceae9abe7c15)
                    - VERSIONS (RegularFile, 09583d68649e841f882cb409738d8d9d)
                    - warnings.pyi (RegularFile, 244ab3924c1419c87d882927456c6438)
                    - wave.pyi (RegularFile, 15b5c7aee1d33217e0b52886f4cc8bfa)
                    - weakref.pyi (RegularFile, 1b41885355e979a784a7c4fc2ba11aa4)
                    - webbrowser.pyi (RegularFile, f88ffc78ae8757724b6b0f3749fc4891)
                    - winreg.pyi (RegularFile, a2ac85f5484ff81d056286894104069d)
                    - winsound.pyi (RegularFile, 844bd42e67a221a986ab5604dcf812d6)
                    - wsgiref (Directory, ff95462f0b88b095a180cce78ba2051f)
                      - __init__.pyi (RegularFile, f571933bb948577b1f9f3076fb8fc7c6)
                      - handlers.pyi (RegularFile, f10631da561f361ee469c44647e218e6)
                      - headers.pyi (RegularFile, 2f814b543178e00f423eb9e166894b6a)
                      - simple_server.pyi (RegularFile, 1b216e1c9a10d6b9eaaa0194e0972ca8)
                      - types.pyi (RegularFile, ee38a824ee025dcba5571e58385fa888)
                      - util.pyi (RegularFile, 67e39475d42f16bbc86eb5ac7a1e9cbb)
                      - validate.pyi (RegularFile, b810d41470dc04cb9699488c2f511d3b)
                    - xdrlib.pyi (RegularFile, 33443412b00d1bdda679f0366fa952df)
                    - xml (Directory, 73cb6cf64ad9c3955a4402db25ecf6fa)
                      - __init__.pyi (RegularFile, 20cb309aaa08360793046d58ed41752c)
                      - dom (Directory, 77565146ea24d4beb498efad2fba17b3)
                        - __init__.pyi (RegularFile, 7358c83841f0d2d413981931edc58a2b)
                        - domreg.pyi (RegularFile, 65aa1dfd3c51aa6c09cb013b2a80b5d2)
                        - expatbuilder.pyi (RegularFile, c626e8f57a25b40e459e93fa0e27130f)
                        - minicompat.pyi (RegularFile, b7781b3bacb596228c702d94d54b42e2)
                        - minidom.pyi (RegularFile, f0808b24daeb660e7890922fc688256b)
                        - NodeFilter.pyi (RegularFile, 0e4cffaf14f21d3eabdcf0a14135cf09)
                        - pulldom.pyi (RegularFile, 132647060ff7122811a4beddfbf2efff)
                        - xmlbuilder.pyi (RegularFile, 9ade72b83fdb7cb7e92b0135d88b6797)
                      - etree (Directory, ef4e7483a7d834b0a23c5132cccf83ed)
                        - __init__.pyi (RegularFile, f571933bb948577b1f9f3076fb8fc7c6)
                        - cElementTree.pyi (RegularFile, 07707e0631b1ae61069e55987315f709)
                        - ElementInclude.pyi (RegularFile, 4b8b02da384f30338a1f80dc473940a9)
                        - ElementPath.pyi (RegularFile, 956680eb232774ec0c7459d36a66f5b3)
                        - ElementTree.pyi (RegularFile, 0528c7733402e66d378d571e1ebbd414)
                      - parsers (Directory, c841d6916cb4ae88584d1735bb839f58)
                        - __init__.pyi (RegularFile, fc89b3cb6757970255bf60a1fd0cc43d)
                        - expat (Directory, a632f3991f1a8b1af6e4424c1250e51b)
                          - __init__.pyi (RegularFile, acb4975d6faa326b238e0646bc2bb17d)
                          - errors.pyi (RegularFile, 56615109c2abb153a7377b4c59cd2382)
                          - model.pyi (RegularFile, a410703993d8aa842aac117a5f0ec5dd)
                      - sax (Directory, c44184d1d47c80e99b14cb590590bf04)
                        - __init__.pyi (RegularFile, aa034e76b88e9d62e355c0fad7ab11f3)
                        - _exceptions.pyi (RegularFile, 3fec448e0e1d9d3a2564d4078840e352)
                        - expatreader.pyi (RegularFile, 555f943180aa8b011e71b6145c0ea5bd)
                        - handler.pyi (RegularFile, 2980e833ec68c73a6af879e039536a1b)
                        - saxutils.pyi (RegularFile, 24edf37416c51d2a5fde42edbf35fcdb)
                        - xmlreader.pyi (RegularFile, 540d9ce64f3525bbf9d5f8d34c5ac0c6)
                    - xmlrpc (Directory, 3f4b98f68e242422e2f5ee66bf68242e)
                      - __init__.pyi (RegularFile, f571933bb948577b1f9f3076fb8fc7c6)
                      - client.pyi (RegularFile, 555160d77e9a034d928df65fe09a82dc)
                      - server.pyi (RegularFile, ba930ec79afcc15722b06d4809075ded)
                    - zipapp.pyi (RegularFile, 54ee2dabaf75a63f743bdaec1a1aff85)
                    - zipfile (Directory, 29abfcb0fd65b456fa8ee16000ca5aa4)
                      - __init__.pyi (RegularFile, be93faead3c214e86dc9aee7076f899a)
                      - _path (Directory, e15b207bfbd900a78c31fb06084752f0)
                        - __init__.pyi (RegularFile, 3a17bdad5b4d5e07ef12e12678868a33)
                        - glob.pyi (RegularFile, b69dc1077c93e72a6ef7555ad5954841)
                    - zipimport.pyi (RegularFile, 846118f5753fe35bceebf06c66722b9e)
                    - zlib.pyi (RegularFile, fe42e322b53a2425fa589d5d94691770)
                    - zoneinfo (Directory, e2ae75e2aea35f53076dfd2676aadd41)
                      - __init__.pyi (RegularFile, 202a97302b1f1e1faa449bb40eaddeb9)
                      - _common.pyi (RegularFile, e149b03b3d80ee01dfc73cb53a02d79a)
                      - _tzpath.pyi (RegularFile, 843ccc0a0fe9384ea5c9472d423017be)
                  - stubs (Directory, 5a485d8b96f9c1a6261e12234c932095)
                    - aiofiles (Directory, f2bea78b3d8363afe0af9d1e5dcc8bb8)
                      - @tests (Directory, 789e0110a1e0a8ebf7f50adc8bacbebc)
                        - stubtest_allowlist.txt (RegularFile, 6514d1b572a4fa8be656b8e6a174a10d)
                        - stubtest_allowlist_darwin.txt (RegularFile, cbc825dc8b2b369124fcbfc26279717b)
                        - stubtest_allowlist_linux.txt (RegularFile, cbc825dc8b2b369124fcbfc26279717b)
                      - aiofiles (Directory, 243b4137058aaf98f67848906ddc1a80)
                        - __init__.pyi (RegularFile, 81787cf71cfd814b51bf037bfad6970c)
                        - base.pyi (RegularFile, 12c48572859f180956a0afe03bc137a7)
                        - os.pyi (RegularFile, 3c32ec1b27deb3461f38cf67960a8973)
                        - ospath.pyi (RegularFile, 3ee83ec791670dc6720d8e1f4cdbded9)
                        - tempfile (Directory, e81f87b4cd209b428087487770d3ddb0)
                          - __init__.pyi (RegularFile, d2c7f74031bfb5f3a084641ac04ea92b)
                          - temptypes.pyi (RegularFile, c7f3ea37576ccbb34bbd93dbe4e6f349)
                        - threadpool (Directory, 0ac4ebb97b62e78d8ffec3e04f43339b)
                          - __init__.pyi (RegularFile, 9004cf4b7d71d1dd1c657486588173c9)
                          - binary.pyi (RegularFile, ffed15900b8dc876489d0d028ef567f9)
                          - text.pyi (RegularFile, 113850106376fafac415b8f69f53afb2)
                          - utils.pyi (RegularFile, 0503cba671ff8eb81c7ec3e111f85a9e)
                      - METADATA.toml (RegularFile, d08110dc7ca77e062468b50d4b282bc1)
                    - antlr4-python3-runtime (Directory, 4da85de91afcbfbec0e252e8efa597dc)
                      - antlr4 (Directory, 4dc187e35d348a2d6809187f3a27c447)
                        - __init__.pyi (RegularFile, f53926cef2c782a41c8cad972773a3b8)
                        - _pygrun.pyi (RegularFile, cfb3a37e7b95bf072b4a5ba184ab1b18)
                        - atn (Directory, 904121bf57c79cfd8943c661af5e439d)
                          - __init__.pyi (RegularFile, f571933bb948577b1f9f3076fb8fc7c6)
                          - ATN.pyi (RegularFile, 6b532b3684e375ce71c15d5a24e722ca)
                          - ATNConfig.pyi (RegularFile, 4c474c86a2ba4ddb9326575c2adcefa6)
                          - ATNConfigSet.pyi (RegularFile, 70184c2aa9c1da1d64ae4c25469a2c40)
                          - ATNDeserializationOptions.pyi (RegularFile, ad11a440bd1dc492b3af18f17ced60e0)
                          - ATNDeserializer.pyi (RegularFile, 42a32514520faaff96e0f80703a7a7be)
                          - ATNSimulator.pyi (RegularFile, 276e85f99f06480a49bc2869654ef272)
                          - ATNState.pyi (RegularFile, 76ec826a308d7a8a18402f26cdd57693)
                          - ATNType.pyi (RegularFile, b97b6cc36df9ba3fb27b3e1e8bf3c730)
                          - LexerAction.pyi (RegularFile, 78e77ea04495a02809f579188313c402)
                          - LexerActionExecutor.pyi (RegularFile, 932f462e9cf3941f86ec4157e6d51951)
                          - LexerATNSimulator.pyi (RegularFile, b4487a4a7a18d3e7be87a8bb3d466079)
                          - ParserATNSimulator.pyi (RegularFile, edade0b48fe866aefedb612546c8aafa)
                          - PredictionMode.pyi (RegularFile, 2dcf334182d66e813adc7d679b2bcec9)
                          - SemanticContext.pyi (RegularFile, c448d60cbb0c0a19f8a7d5d3fba43b20)
                          - Transition.pyi (RegularFile, 566c8c1d513064d9395f5b9337fc1847)
                        - BufferedTokenStream.pyi (RegularFile, 2b48ca8d3dd8b91c177259226c1190ec)
                        - CommonTokenFactory.pyi (RegularFile, 0c54a5f848ec349fd6f55f727bf89453)
                        - CommonTokenStream.pyi (RegularFile, 433c46ff2b147eb9a74ff7ad35123034)
                        - dfa (Directory, c0ff66b8185f65568e9e95456a3ad24c)
                          - __init__.pyi (RegularFile, f571933bb948577b1f9f3076fb8fc7c6)
                          - DFA.pyi (RegularFile, 756c9d8e64e9c008513a2a6d68c5a52b)
                          - DFASerializer.pyi (RegularFile, 6ce0aa6bb337ec647ebdf65c4958f80f)
                          - DFAState.pyi (RegularFile, dc397b4c0269f33154bad39db2c5fb89)
                        - error (Directory, 86d94bfa5592ecbd788157dd4d83aacd)
                          - __init__.pyi (RegularFile, f571933bb948577b1f9f3076fb8fc7c6)
                          - DiagnosticErrorListener.pyi (RegularFile, 1f17306ef392190054729d946629d2ab)
                          - ErrorListener.pyi (RegularFile, 0046f3ced8eaf67cbdf35ad6e2e30ea4)
                          - Errors.pyi (RegularFile, 44096cb6a4684e6dc5e799373cff098d)
                          - ErrorStrategy.pyi (RegularFile, c29ad70d3f9ea93aa410aa2a76b20835)
                        - FileStream.pyi (RegularFile, 59d9168e1ee74b8dde5675f1a3087143)
                        - InputStream.pyi (RegularFile, e94174e69312dd1ad9830f2b9fb4b527)
                        - IntervalSet.pyi (RegularFile, 83a8b772e29e09472402091fbfe1e2c4)
                        - Lexer.pyi (RegularFile, 39978e63ea28d8f817288e15e950132a)
                        - ListTokenSource.pyi (RegularFile, 02d7da3b6619a808fd0fa4c7bfd2b02c)
                        - LL1Analyzer.pyi (RegularFile, 1495738ba0a56571c87de450894657a1)
                        - Parser.pyi (RegularFile, 49503e8d2321248527f43d2bef7e1fb9)
                        - ParserInterpreter.pyi (RegularFile, 242e4e26d8766dcfcd317c920e5b2d08)
                        - ParserRuleContext.pyi (RegularFile, 7af56499bfd47eb2626fed91bdd106c5)
                        - PredictionContext.pyi (RegularFile, 7612f63b92b1a1955d18ba318391be72)
                        - Recognizer.pyi (RegularFile, ceb96a7f2f58f0d2df0f7e729daab018)
                        - RuleContext.pyi (RegularFile, 8bafb2b4cc01c6d531eabfa06bc1a513)
                        - StdinStream.pyi (RegularFile, 63afaa87212dd74aea44c8a7fc774559)
                        - Token.pyi (RegularFile, 6bdf3ea0cd00a860fb2d11fd239be1a8)
                        - TokenStreamRewriter.pyi (RegularFile, 5a347b9240907205793ebf469a3bdd13)
                        - tree (Directory, d72d6d4aea253aad68e5a564dedbf8ab)
                          - __init__.pyi (RegularFile, f571933bb948577b1f9f3076fb8fc7c6)
                          - Chunk.pyi (RegularFile, 49a4229b2c21ade4261c4e13e7cf221b)
                          - ParseTreeMatch.pyi (RegularFile, 0c17c47c7e3d869c053d86e5b2d1a221)
                          - ParseTreePattern.pyi (RegularFile, 92e234109870b56886b45611f1676e52)
                          - ParseTreePatternMatcher.pyi (RegularFile, fcf6dc71e04f5d5f6c8e83b1db401e1f)
                          - RuleTagToken.pyi (RegularFile, 4cfc254a020370dd5ef0b3701daec100)
                          - TokenTagToken.pyi (RegularFile, bb9e4304969baeb84a143b303c793e9e)
                          - Tree.pyi (RegularFile, 63b0da79f4c12d8af59eca3bcf8ae6e4)
                          - Trees.pyi (RegularFile, c13d2aef05b8bffa542de2b3a1ab8e68)
                        - Utils.pyi (RegularFile, c4d9d828d5204dd26e2b137dc142f178)
                        - xpath (Directory, 8fc253c9049ccdb108a4e7967c96e1d5)
                          - __init__.pyi (RegularFile, f571933bb948577b1f9f3076fb8fc7c6)
                          - XPath.pyi (RegularFile, 6c22abc735746b6b0a0cdde26af0c884)
                          - XPathLexer.pyi (RegularFile, 05d912efe5efff09ca7f339738e82107)
                      - METADATA.toml (RegularFile, 16fdd2a9fd15117f6dac9b7beb55698d)
                    - assertpy (Directory, 5087fec87ad5d6a35616fc6d115db07e)
                      - @tests (Directory, c8fad589894b0298ee6cb77568d55f35)
                        - stubtest_allowlist.txt (RegularFile, 58fcd96c13edade46e7fc75055fc2728)
                      - assertpy (Directory, 9b3f22c689eb84f4ce5b0a5fe1d995bc)
                        - __init__.pyi (RegularFile, 8ae8d23f1dc5253d63b6820e05219e8f)
                        - assertpy.pyi (RegularFile, 90bb37d40ea4e284241a90c8274b3b69)
                        - base.pyi (RegularFile, ac4a4802aeb9d94931510863009bd7aa)
                        - collection.pyi (RegularFile, a65868fa785981b6be9aa80151fd1789)
                        - contains.pyi (RegularFile, 45b985dfe1bde41f122668c11ca62a74)
                        - date.pyi (RegularFile, 18dad739eaca7e860f3dec9d2ba11d93)
                        - dict.pyi (RegularFile, a1d3e5012b85f2e3dd41c145ab7efd60)
                        - dynamic.pyi (RegularFile, 6554f496ac58525dda4e6322c2c26484)
                        - exception.pyi (RegularFile, c9fd79efdce2006096854a93942f2805)
                        - extracting.pyi (RegularFile, 5653fa0991b81df0b06fe4c4f03fae30)
                        - file.pyi (RegularFile, ba864e63887541d4693b95b55c78a180)
                        - helpers.pyi (RegularFile, fa2fccbf39f9aabd9989d20c33de63e2)
                        - numeric.pyi (RegularFile, 697c643de5ea84cf1ae9abcb191c8e27)
                        - snapshot.pyi (RegularFile, 7436aaab937921fef6ca1913bad652dc)
                        - string.pyi (RegularFile, 918aeefc7530cb8f50fca4455068afc2)
                      - METADATA.toml (RegularFile, ea3edc7ffeab886b88820badd73cb715)
                    - auth0-python (Directory, 5fadda15ce00500b7452e2193c81fe10)
                      - @tests (Directory, 8654112b429fcc734ca4812f1e955aab)
                        - stubtest_allowlist.txt (RegularFile, edfa0df8991d48165f4ec3f55023e4f8)
                      - auth0 (Directory, 7c0495261d0ca6059a06cadd19278406)
                        - __init__.pyi (RegularFile, 1df17742813677478ffb73e1d050fb95)
                        - asyncify.pyi (RegularFile, 6de00e3c073e1259bb49dffebe08d079)
                        - authentication (Directory, 4bcefb7db4bef67a5788558331925f95)
                          - __init__.pyi (RegularFile, d887b6ebfa9bde3c8d07acb07a9bb5e8)
                          - async_token_verifier.pyi (RegularFile, 1b6bb04f83f011bec84f298bdfd61b7c)
                          - back_channel_login.pyi (RegularFile, 3678eefbc058544ab4f86000eb188ad7)
                          - base.pyi (RegularFile, c2b1f4b8e5bb963d899874c1b25fab8f)
                          - client_authentication.pyi (RegularFile, abb5d4ed97f12bdccffae72400ef3742)
                          - database.pyi (RegularFile, f66ace3b0cfe6b44087ee712fe2c3de2)
                          - delegated.pyi (RegularFile, 9dfc11884968624ea13247321adafe84)
                          - enterprise.pyi (RegularFile, f0db55c25ab235cc2f589a853efabf66)
                          - get_token.pyi (RegularFile, 2d934986bc1b32197467373e897d43b1)
                          - passwordless.pyi (RegularFile, f70c7a5ce3ae118562d04bf7691a7964)
                          - pushed_authorization_requests.pyi (RegularFile, 9e6b5c27bc41841cf172086c82081147)
                          - revoke_token.pyi (RegularFile, 4b15b61c8ee88fead5aebc0c08446fa9)
                          - social.pyi (RegularFile, 0e79f28801c163d62ee9f54087a4833d)
                          - token_verifier.pyi (RegularFile, f926d1d7cadf054a17b47bbc167863ce)
                          - users.pyi (RegularFile, 886344f90570cf9e3edeefe5624b2fae)
                        - exceptions.pyi (RegularFile, e62c3039529c1d69659d560d55df98e5)
                        - management (Directory, 41eb1704028e93f8cdd06ee09ec7d87e)
                          - __init__.pyi (RegularFile, bf846ffe1bda7f06f4e45c4a9adb92d2)
                          - actions.pyi (RegularFile, 24cb6e60e4835152ed44d37bfd0f586e)
                          - async_auth0.pyi (RegularFile, f347182efc02f99a1337dccb7b9eccb9)
                          - attack_protection.pyi (RegularFile, 6d21b169d4b28deafc077477e4ad8cad)
                          - auth0.pyi (RegularFile, ec8ec047352b17722d3ff502b5714c42)
                          - blacklists.pyi (RegularFile, e4aaddb13be9bb8b5417add3900fa4dd)
                          - branding.pyi (RegularFile, 876963f096549ebd83b2f25c5f5bf9c2)
                          - client_credentials.pyi (RegularFile, 7129542c0748b247cda88150d3fe8977)
                          - client_grants.pyi (RegularFile, 9cfefff3abb0ee22bfc31dc019e5eb2d)
                          - clients.pyi (RegularFile, af49c288eb7b5bb256ac8209fe64ebdd)
                          - connections.pyi (RegularFile, 2aa48b7e9fb2351815e6c957ee1e3b77)
                          - custom_domains.pyi (RegularFile, 5664a333c4677254d97b62379ae89f60)
                          - device_credentials.pyi (RegularFile, ae6bb6893c333cbb6e809b5d8c75a4ff)
                          - email_templates.pyi (RegularFile, a54452d7e36c468c6bf814e94370cd72)
                          - emails.pyi (RegularFile, 07863a1f00041a8a8c701631f14e3195)
                          - grants.pyi (RegularFile, 974f230f2b90f889848c5c58bd3c9f75)
                          - guardian.pyi (RegularFile, 2c656a4273d9ac2166afd93fd6c64ade)
                          - hooks.pyi (RegularFile, 5c924425f2f04f7af2c1bb09424ce18d)
                          - jobs.pyi (RegularFile, b1851606f636d7b196ee512f88533d7c)
                          - log_streams.pyi (RegularFile, 5604a40352ed1540d3f9039cdb8fcda7)
                          - logs.pyi (RegularFile, 309f70500fd78a885c58c05eee7f3933)
                          - organizations.pyi (RegularFile, 89c3cec19b99717b6d017c549d3cd896)
                          - prompts.pyi (RegularFile, 9a489fc03effe8aae15cbf6dbf5c0d5e)
                          - resource_servers.pyi (RegularFile, 5047a65ff8c62b22205f08eaa9613ce8)
                          - roles.pyi (RegularFile, ba54eb0ef92c32650f61150754c51778)
                          - rules.pyi (RegularFile, 991656afe986a89a8633d9a840751113)
                          - rules_configs.pyi (RegularFile, 9a8f992f28acdfbf2e4d54e9fb8ac810)
                          - self_service_profiles.pyi (RegularFile, 348d98e452c8cafb6b0da49d19d9131e)
                          - stats.pyi (RegularFile, 098600b9026a3d368b3b690a28b29f3b)
                          - tenants.pyi (RegularFile, 6db4ddc5e2c4e3613fc1ed888316ea38)
                          - tickets.pyi (RegularFile, 08d31ec12b8d66dd626fb4e782f65073)
                          - user_blocks.pyi (RegularFile, 12f4a67112984b84b6ebbf89b53567a5)
                          - users.pyi (RegularFile, 3c5ab5f067bdaf1853a7c90cbcec52d8)
                          - users_by_email.pyi (RegularFile, 87b20c379003cfc5aefd0a03b59522ee)
                        - rest.pyi (RegularFile, 4c4c0405a85ccff0a2197671c6e03003)
                        - rest_async.pyi (RegularFile, 8b78a6069d70c45988a452ca30dd4908)
                        - types.pyi (RegularFile, 44a4703c74db9daca495e3a18476c77f)
                        - utils.pyi (RegularFile, cc4fbcff591ffc81bb681cb6047eb7db)
                      - METADATA.toml (RegularFile, 88f0c00199e6c2aa4b7840f1662e270e)
                    - Authlib (Directory, e4ddbe2b8c97c13d8cfcb1a7d53eaf20)
                      - @tests (Directory, c43880275b00be20f4cd3358fed79912)
                        - stubtest_allowlist.txt (RegularFile, 2f15225445f1d0aa4571349d000f22b3)
                      - authlib (Directory, 2c8af70afc2843f15dd80c32ff14969e)
                        - __init__.pyi (RegularFile, f3d7c74193e0a45c1ddc90e8eb763668)
                        - common (Directory, c4b2db0634a4614c29ba6ab80d793fdc)
                          - __init__.pyi (RegularFile, f571933bb948577b1f9f3076fb8fc7c6)
                          - encoding.pyi (RegularFile, c46a2c6223d38027df86a817a424e54b)
                          - errors.pyi (RegularFile, 2bdc988f97ec8179b2bcaeb168043931)
                          - security.pyi (RegularFile, 76e8db5eaa748d9cf81175d444cde80d)
                          - urls.pyi (RegularFile, 32217684cbbc85f1e9f2b7000deb8407)
                        - consts.pyi (RegularFile, 52234af1ef41e4d8ab69c59a43f29f85)
                        - deprecate.pyi (RegularFile, a28efbb9d4c0342ae0830aea5d440e80)
                        - integrations (Directory, bab0cc693272765c78c690e82872979d)
                          - __init__.pyi (RegularFile, f571933bb948577b1f9f3076fb8fc7c6)
                          - base_client (Directory, c20464cf940ccf88c4935e748e109d68)
                            - __init__.pyi (RegularFile, 3011bc04d250a3643bd9a9a7f9744f0c)
                            - async_app.pyi (RegularFile, c3db73afb6ce0d07be93a107cf98b2fa)
                            - async_openid.pyi (RegularFile, 5a2a1b8342f3d8c37d48ad64756fd338)
                            - errors.pyi (RegularFile, 62fc5f3dfa2d277cb015fed092c4e3c2)
                            - framework_integration.pyi (RegularFile, f3ea0be24806306b05ce67e704b1b7c0)
                            - registry.pyi (RegularFile, 04dffce6c5e1619eb34e24548ea7e462)
                            - sync_app.pyi (RegularFile, 5d608a5575f7789b5cfa3df7719e4d24)
                            - sync_openid.pyi (RegularFile, 19637b3144261f2382e3a210077a5041)
                        - jose (Directory, b51d75c040d37e717cad193d8b5713aa)
                          - __init__.pyi (RegularFile, 1a1ea739d60be2cf84b53f67fe5af73b)
                          - drafts (Directory, f6b4eb187b6062deccffbe0ca9a121b4)
                            - __init__.pyi (RegularFile, db03fed8c294a4dac1682de62bcd1a76)
                            - _jwe_algorithms.pyi (RegularFile, 86d9cfa5789f9110902ad8be64c89e16)
                            - _jwe_enc_cryptodome.pyi (RegularFile, 4fcbdc5eafc387dc440dbbb72e5c7475)
                            - _jwe_enc_cryptography.pyi (RegularFile, fd94325cd81552deb763d4116b5ada04)
                          - errors.pyi (RegularFile, 5ba74503423a548014b182710c473c12)
                          - jwk.pyi (RegularFile, b548614039d3a30b353227a9a1f57269)
                          - rfc7515 (Directory, 3189838807cfdeddc672670fa50292fb)
                            - __init__.pyi (RegularFile, 09527ee44568fe50dfcc8f9ff826df5a)
                            - jws.pyi (RegularFile, c3b2e960a0f1b6ea08ee658d06dc59ac)
                            - models.pyi (RegularFile, a9aded95e600d9605a2c586af4f50636)
                          - rfc7516 (Directory, c2d4ea5f7eec5b9b7adcb8a10fd41461)
                            - __init__.pyi (RegularFile, 8130039956fbcee06f738b54a00e62aa)
                            - jwe.pyi (RegularFile, 03a8c42b1599844d8eb25c2204e94b42)
                            - models.pyi (RegularFile, bd47a42021b208595e98a4e2f15cce1e)
                          - rfc7517 (Directory, 1f79923f981ed7a1a8de3fcafb52ab85)
                            - __init__.pyi (RegularFile, 36d95f3cfe2d631421cefbbf59c92ed3)
                            - _cryptography_key.pyi (RegularFile, 4a85d7c3fc90f69fdced681c80da30aa)
                            - asymmetric_key.pyi (RegularFile, 992ce03267681b8a91f80be754c345e9)
                            - base_key.pyi (RegularFile, e84f5aad0e395df04750a24aee26c524)
                            - jwk.pyi (RegularFile, be42a900dfa90d929dfea7f79949e569)
                            - key_set.pyi (RegularFile, 2cf0bd16cf808d4026a7b53284142c45)
                          - rfc7518 (Directory, 26d0d439ffb4f285f0fdd45744fc13b3)
                            - __init__.pyi (RegularFile, 05f1d1ddf9dc62507adea63035fc10ed)
                            - ec_key.pyi (RegularFile, ed4d4b92682c4318c0348fcb69683c8f)
                            - jwe_algs.pyi (RegularFile, 0574195012361d70cf817137dcbb4357)
                            - jwe_encs.pyi (RegularFile, 47f7eea6a5dbfcbd1545ca4ec600f446)
                            - jwe_zips.pyi (RegularFile, f847009a47c68ccee227b13ac41a1b0a)
                            - jws_algs.pyi (RegularFile, bbfe47ef1b09d37d867deed7373d27c2)
                            - oct_key.pyi (RegularFile, 3cabb7386919622a5385d51c2823f368)
                            - rsa_key.pyi (RegularFile, 327942d6a98f044c61b91a4b514dcd20)
                            - util.pyi (RegularFile, 627003cea6768f729b07dfe6d5f8d962)
                          - rfc7519 (Directory, c01671095c5a67c892594a3f705ec21f)
                            - __init__.pyi (RegularFile, 61d4889707d755867df50b9fbc71c479)
                            - claims.pyi (RegularFile, 79f951a8c9f9fe71af1a7f3cf2996745)
                            - jwt.pyi (RegularFile, 4543d4a748c5d47f5ac7be023ab95d58)
                          - rfc8037 (Directory, 5dbb78a998f43f53a295c5ab767d8801)
                            - __init__.pyi (RegularFile, 53b57ea42d7ecf9676d8cd56ce379456)
                            - jws_eddsa.pyi (RegularFile, 5adb320057403b885624ae5d8b0a5627)
                            - okp_key.pyi (RegularFile, f63c5c9807ca25b3cdc8b6a8ee421d3b)
                          - util.pyi (RegularFile, 5e553bdce965bcd8eeea3b34d42b6f5b)
                        - oauth1 (Directory, 55b28602f7830eb16fc715ac94b57a41)
                          - __init__.pyi (RegularFile, 84284495ee7e6c43073ec8d1a4ec0ce0)
                          - client.pyi (RegularFile, a9d5b3c9052eb6e24d65bb42422935af)
                          - errors.pyi (RegularFile, 28486972618b6fa2fcc40a335a24bf7a)
                          - rfc5849 (Directory, fcabe575969b5072245a2d1450fc062e)
                            - __init__.pyi (RegularFile, d6a1501a23e2a1dd7a04494324809ae9)
                            - authorization_server.pyi (RegularFile, ebf5563342efca9dcb4e082bdadf1379)
                            - base_server.pyi (RegularFile, 8070f6c1b8fb6d0e28b34d3b66db9540)
                            - client_auth.pyi (RegularFile, 8882c6f268a52041f2325d0b8adc6498)
                            - errors.pyi (RegularFile, 0f2b92cf1dfd47bd05405c2fe26f4bd1)
                            - models.pyi (RegularFile, aaf6d01e343e37ab1d21b52b49b6c9c8)
                            - parameters.pyi (RegularFile, 575c33ad770e14a31709e013e68309d9)
                            - resource_protector.pyi (RegularFile, 167bcc78ba63dc7029f74b7f6bad5045)
                            - rsa.pyi (RegularFile, 458bead1a312396800f712ea4241b303)
                            - signature.pyi (RegularFile, 83cfb53d18ed3ef9424a579062b14abf)
                            - util.pyi (RegularFile, e06744781f11febc416ab473b6986d5a)
                            - wrapper.pyi (RegularFile, 94869648794abf0e76450f28e4bc48da)
                        - oauth2 (Directory, ce6830d0c94a208c77bb68744d8f6c94)
                          - __init__.pyi (RegularFile, 1f834a6650db672d6715bb2b9d932eb8)
                          - auth.pyi (RegularFile, 0b8875e11ede6918a4def688b49215a7)
                          - base.pyi (RegularFile, 9bcdd9b6cad0b32eee6807f6aa01d9df)
                          - client.pyi (RegularFile, be9f6ac63b95a15c56d71cc7c668e48f)
                          - rfc6749 (Directory, 33edca80f4a68055c7ffa85732de1f31)
                            - __init__.pyi (RegularFile, 91be5bd98d800c63fa4ae1677494af49)
                            - authenticate_client.pyi (RegularFile, 3a50d7720982e66e40a8e0b230ee4b68)
                            - authorization_server.pyi (RegularFile, 2dd179cc43f6b7df3b7582d14157774f)
                            - errors.pyi (RegularFile, 51f9a6a6ecaae5ab309f5a6e81a78d31)
                            - grants (Directory, fb5e3ccc75e5e7f9d5571426b31aaff6)
                              - __init__.pyi (RegularFile, 28c8d28a27d4e3f0c997aa51722e4a82)
                              - authorization_code.pyi (RegularFile, 1ca445f361737078a28ece47a80cb104)
                              - base.pyi (RegularFile, 90eca51defd8120f8b38c5e9d26b05ca)
                              - client_credentials.pyi (RegularFile, 1bd8712e8d4ddf653c5feb03f6040149)
                              - implicit.pyi (RegularFile, 6c31e6cd07e73b19ff41b37a29052170)
                              - refresh_token.pyi (RegularFile, b5cecd387001f57fea42c41a28ee7836)
                              - resource_owner_password_credentials.pyi (RegularFile, 5d02eb8b7b618cb2032a44f8de84ad7a)
                            - hooks.pyi (RegularFile, 3d7a134c1953e6c470d6d448519f1684)
                            - models.pyi (RegularFile, cbfdeed5227918532186a3e72a3846c5)
                            - parameters.pyi (RegularFile, 6910fa17c5f89d756ead41c86dc0d7d0)
                            - requests.pyi (RegularFile, 9d333fb6178d6dfb4dc901d3ca6d6163)
                            - resource_protector.pyi (RegularFile, 2c3cbf131c77fd6e236173c876d89dc0)
                            - token_endpoint.pyi (RegularFile, 0d6b8bb08ecd9168684dfb038a078ecb)
                            - util.pyi (RegularFile, fb591f4d94356b72337894d1fe426d00)
                            - wrappers.pyi (RegularFile, aa21f9fdd4c0df71ecc73708a4644940)
                          - rfc6750 (Directory, 5f232a5ad286c605c0cb721889478538)
                            - __init__.pyi (RegularFile, 0a3d793a510b3ad27ab7d12d7e5295ec)
                            - errors.pyi (RegularFile, a7016b5b78083a68365b2d18592b5189)
                            - parameters.pyi (RegularFile, 21e5f262b666fcb14f685f401b8caf1d)
                            - token.pyi (RegularFile, 8529077b36d402faa5de5315f1997352)
                            - validator.pyi (RegularFile, a5d010ba51240a93951cc704effa41a0)
                          - rfc7009 (Directory, cb1e29dbd69cf52efb773ffb4337a297)
                            - __init__.pyi (RegularFile, dc1f2593d3900375be66e6c5614bdc8b)
                            - parameters.pyi (RegularFile, 258cddb142f5352ef330bcebc211ffc2)
                            - revocation.pyi (RegularFile, 73704569bac147e03ad557f14329952b)
                          - rfc7521 (Directory, e07e4680bd7fcca6b5e743097dec121c)
                            - __init__.pyi (RegularFile, 1d8038e6a08453dce4de6b885422caac)
                            - client.pyi (RegularFile, 97d578467ddeacff04db076e589d8d03)
                          - rfc7523 (Directory, 4b63523feda297e1c138d44cfb36aaf2)
                            - __init__.pyi (RegularFile, c14a9475a398430f95d113242d406bb5)
                            - assertion.pyi (RegularFile, ca981976d57be805e1e0bfb0467a76fa)
                            - auth.pyi (RegularFile, 805d1a88bf7c0ac19df9bf70ddaafa53)
                            - client.pyi (RegularFile, 3e80aaf08f8e5b4fd7615b3137b082ce)
                            - jwt_bearer.pyi (RegularFile, eb59bb91a7bd92a214e2853d7807a09c)
                            - token.pyi (RegularFile, 374c6c0bbc8d1db12ba8a7f25a69573d)
                            - validator.pyi (RegularFile, 0882e7d149f93adeca0512dff52cbad7)
                          - rfc7591 (Directory, 4d37d2bf03fa22a7a4877da446a2de64)
                            - __init__.pyi (RegularFile, dd300aaf97712476a780770f8f73370a)
                            - claims.pyi (RegularFile, 3ff5d6e0832aa58bb3cf6b25d43213f5)
                            - endpoint.pyi (RegularFile, fade8a34ccf8d905aa73459943008122)
                            - errors.pyi (RegularFile, 5a3ec76976e55d7755dbe6fd6b04429e)
                          - rfc7592 (Directory, 7cc15700e037d80e251f75cffc80671c)
                            - __init__.pyi (RegularFile, 163feb8ff78b3a58cb0e7391ff42e94d)
                            - endpoint.pyi (RegularFile, 5ecaa3afdad6073696ee7f31134a28a1)
                          - rfc7636 (Directory, 2a63ec5eecd286c35632d4d550c4b805)
                            - __init__.pyi (RegularFile, d73ecd1a3804c6635f88ec0f144036c0)
                            - challenge.pyi (RegularFile, 883d7aa35cc920ec5ab2ff1ff5fc0933)
                          - rfc7662 (Directory, 2237bb87c845436474c47169d05187e8)
                            - __init__.pyi (RegularFile, 1ad1e8353b3338ad416a763e8f901dbd)
                            - introspection.pyi (RegularFile, 347993c4e9449881f447f2b02f05615f)
                            - models.pyi (RegularFile, 450c395aed0f509ead1427407874afdb)
                            - token_validator.pyi (RegularFile, 48fc8e1ce36de55c35b3aba1689f3686)
                          - rfc8414 (Directory, 3895052ba1eb73d11f755a7a1e1d622d)
                            - __init__.pyi (RegularFile, 44206318309d3bd78f17ad932baa9d59)
                            - models.pyi (RegularFile, 8648a33c80ac15d01e3773e7e24e9aa2)
                            - well_known.pyi (RegularFile, dc9ba001dd724bbcad7f325fd02d3376)
                          - rfc8628 (Directory, ec4f355acbc8b875ac18793da61d720f)
                            - __init__.pyi (RegularFile, 86e95f99f2f09d60d53dbe33904854ea)
                            - device_code.pyi (RegularFile, a7903c0003540d9a74bd2a4eb2ff1b1f)
                            - endpoint.pyi (RegularFile, b3cc9375c613521f69a9029d2f963f07)
                            - errors.pyi (RegularFile, a93dbecc2976aff7d63780b91a8c2684)
                            - models.pyi (RegularFile, 7b624f0702b779ba238e55f93392be88)
                          - rfc8693 (Directory, a1bc231b0126f5fc50663a4f6115f629)
                            - __init__.pyi (RegularFile, f571933bb948577b1f9f3076fb8fc7c6)
                          - rfc9068 (Directory, a2c2d69525c64e661c6da5ce11ae2ae6)
                            - __init__.pyi (RegularFile, d7f40f9d42ec793657da88284fe8c8b9)
                            - claims.pyi (RegularFile, fba22d449240b2c8493fb67a911e5e92)
                            - introspection.pyi (RegularFile, a077ff7a6d651c93b5ea26ae4cdbe187)
                            - revocation.pyi (RegularFile, 6d49ec90215eae59622f79f9bc1e573b)
                            - token.pyi (RegularFile, a714ca5432a8ab9a248bb6fe7e6ae9d1)
                            - token_validator.pyi (RegularFile, 77f6c56fd66ff7c635436831475db69c)
                          - rfc9101 (Directory, 1f02e317ab9bc4d5a33bc26cfc637be4)
                            - __init__.pyi (RegularFile, 9d441f5040bf1b949ef6a0a956494f40)
                            - authorization_server.pyi (RegularFile, 918ba7a26962e6dc7a0aee81d39ad4c8)
                            - discovery.pyi (RegularFile, 288336bbff5fd0eaaf07b5c5877c830b)
                            - errors.pyi (RegularFile, 3c1e7ab3e77cd3040bee78cb8170223c)
                            - registration.pyi (RegularFile, b97dc6741fbaf2872eb4940473fcc546)
                          - rfc9207 (Directory, 26b411ce1e2f5dc97a2c5bc5ec6d77fb)
                            - __init__.pyi (RegularFile, 5734e16620b02eb8cb08526de9bbcc0b)
                            - parameter.pyi (RegularFile, ca4f80117baf3da227f7210da3386544)
                        - oidc (Directory, f2927495c54db7cac7059e19e698cb39)
                          - __init__.pyi (RegularFile, f571933bb948577b1f9f3076fb8fc7c6)
                          - core (Directory, d1ff879d88b6c577be37d624641be71c)
                            - __init__.pyi (RegularFile, 6e73cc868ff1fdab48ccffe41fbbe529)
                            - claims.pyi (RegularFile, 45b7990e3cfae49d32501cc520300ce7)
                            - errors.pyi (RegularFile, 046bde39fe4bb1f12179b69e4f8425b5)
                            - grants (Directory, 65c00e0869369bbe5a49cd2ab5b8c5b4)
                              - __init__.pyi (RegularFile, c873b25a823bd9720ad685846a03f4da)
                              - code.pyi (RegularFile, ac858e5017ca4272ee7cbbff549182cb)
                              - hybrid.pyi (RegularFile, 9aa48e0a4e7137b56fc982e02281cfc8)
                              - implicit.pyi (RegularFile, aef019396b5d288e58204e271fe91331)
                              - util.pyi (RegularFile, ad96f4c6d7c7117525150face6324d38)
                            - models.pyi (RegularFile, 9d7209561db24c982384617271e8cab0)
                            - userinfo.pyi (RegularFile, 2948bcd7b6eabcc6e7af0b6338b0a1df)
                            - util.pyi (RegularFile, 03a31c7131433b8e9c343f7cb64ddf1a)
                          - discovery (Directory, 91bb4cb3daf54cbdbbe68bdea3761af8)
                            - __init__.pyi (RegularFile, e3e609792cf40cdb849c76518dc139b5)
                            - models.pyi (RegularFile, 29c8f54db9e9c7852c369afe9d74149d)
                            - well_known.pyi (RegularFile, ff14a61ec3d143ff08bfb41f65e2c9ca)
                          - registration (Directory, 16a18024cd08b9f8090c31e13c24d4ce)
                            - __init__.pyi (RegularFile, 7e0db6d01273ca2cb5386ea48d337492)
                            - claims.pyi (RegularFile, c5472bf2aea41fcdcd9884e9decc3d03)
                      - METADATA.toml (RegularFile, cb7ec2bbca78031a2acb59bdf569968b)
                    - aws-xray-sdk (Directory, bceae14550d3461b38b377270f7af7cb)
                      - @tests (Directory, 9d186fa6140a03baa3d41bfd77ca1340)
                        - stubtest_allowlist.txt (RegularFile, 39788d3576e56a553a495dfef51a3bd3)
                      - aws_xray_sdk (Directory, 7ebeafa47cb964758604ea4c575e5aed)
                        - __init__.pyi (RegularFile, eed0de134708f8b568264cfd45cb33ad)
                        - core (Directory, 819df70a4b8541ce98dc5d7e16e73157)
                          - __init__.pyi (RegularFile, d03d5a21a65bcd2f7f7d32f0f43e70b0)
                          - async_context.pyi (RegularFile, 6b2eb576143cde1367ce435517fae2ba)
                          - async_recorder.pyi (RegularFile, d972d92b4fba4f482d100a65e368b403)
                          - context.pyi (RegularFile, 3b89f647ff0be9eb256adacb41a478d3)
                          - daemon_config.pyi (RegularFile, 44e32163e1a40501564ecdb55dc5cb44)
                          - emitters (Directory, 95673c5182818630bd6eba6440698300)
                            - __init__.pyi (RegularFile, f571933bb948577b1f9f3076fb8fc7c6)
                            - udp_emitter.pyi (RegularFile, 6d585437de2cd293778cee10e98440ff)
                          - exceptions (Directory, cb3e7e15b7635b2a14343580ae32c107)
                            - __init__.pyi (RegularFile, f571933bb948577b1f9f3076fb8fc7c6)
                            - exceptions.pyi (RegularFile, 39436cfc27e8809c2a14328f087ea9cf)
                          - lambda_launcher.pyi (RegularFile, 187fa9c8c2cb78058232dd7586e4cbda)
                          - models (Directory, 046dd048f74205b8529bc478d42590df)
                            - __init__.pyi (RegularFile, f571933bb948577b1f9f3076fb8fc7c6)
                            - default_dynamic_naming.pyi (RegularFile, 920ae44b8fb348da81a92cc48b66a8e5)
                            - dummy_entities.pyi (RegularFile, 21230f115a814a07bfdb52e988c99af3)
                            - entity.pyi (RegularFile, f4784811d11438433146d729f4ddc5b7)
                            - facade_segment.pyi (RegularFile, 6ac7791f00488877d9c97c773eda4d73)
                            - http.pyi (RegularFile, 1c0a548b6659dab17adaf34f42429a64)
                            - noop_traceid.pyi (RegularFile, af714d07566db3234c2a63cbadaec07d)
                            - segment.pyi (RegularFile, dcc54ba0b8ae75209c60cf5086aa8f88)
                            - subsegment.pyi (RegularFile, 5506ead7fef8e34cecc4a824275283d6)
                            - throwable.pyi (RegularFile, b9a2298bdfc2732595be3a294fedf2d5)
                            - trace_header.pyi (RegularFile, a6ef9c2f8e009400483d44bef7b2cbe6)
                            - traceid.pyi (RegularFile, a4bc95a472aa065bdbbfb1981fbb3a50)
                          - patcher.pyi (RegularFile, a6626c19cdd7bfd82cbf1a0ca3c856bd)
                          - plugins (Directory, 6a51fd23e282bdd15ae0a1633c5f45d0)
                            - __init__.pyi (RegularFile, f571933bb948577b1f9f3076fb8fc7c6)
                            - ec2_plugin.pyi (RegularFile, 2844ee0a38a5fa8a2387ea61f3365586)
                            - ecs_plugin.pyi (RegularFile, 471e90da12863d85e6c9f0bc1ff7ac02)
                            - elasticbeanstalk_plugin.pyi (RegularFile, 83fb6f2187d705658cb5fe497fad243f)
                            - utils.pyi (RegularFile, 833ef901e7b3e27b35356653a9668785)
                          - recorder.pyi (RegularFile, 468453d638a77c04fba9aa27fb5aa53c)
                          - sampling (Directory, 89c74edbf4d89ac57717f17417c89599)
                            - __init__.pyi (RegularFile, f571933bb948577b1f9f3076fb8fc7c6)
                            - connector.pyi (RegularFile, 8275f4d6afdbb98fe80d3c8574cbbe8e)
                            - local (Directory, a8131e1b4c097cf591f77fcd1adb4227)
                              - __init__.pyi (RegularFile, f571933bb948577b1f9f3076fb8fc7c6)
                              - reservoir.pyi (RegularFile, eeffd7e92835aff0170189f776d3bf8a)
                              - sampler.pyi (RegularFile, 7733b7b498495cf1937583f1515137d3)
                              - sampling_rule.pyi (RegularFile, 47e7e8e23214a7434c7f4e9258616b61)
                            - reservoir.pyi (RegularFile, 4e4e9e38216753d09d3d5b6e632338fb)
                            - rule_cache.pyi (RegularFile, 4908e8e1b8b0081b6836b01c9319ad50)
                            - rule_poller.pyi (RegularFile, 1abe13ce132c45aaddbb533379a4ca4e)
                            - sampler.pyi (RegularFile, 8886e1bdf26872f5b2164f009559057d)
                            - sampling_rule.pyi (RegularFile, 583310b65419eb4fd4feeb179c31d482)
                            - target_poller.pyi (RegularFile, 0501c7e74b43d3c2d281003a2bb42355)
                          - streaming (Directory, e333a5cdccdb04c9221c95ac3fd7254b)
                            - __init__.pyi (RegularFile, f571933bb948577b1f9f3076fb8fc7c6)
                            - default_streaming.pyi (RegularFile, b5b2f607f00d38311585b1dbe8724083)
                          - utils (Directory, d779c734adc15ade152b0bef15d70431)
                            - __init__.pyi (RegularFile, f571933bb948577b1f9f3076fb8fc7c6)
                            - atomic_counter.pyi (RegularFile, 354a16ea9491727ed9c0e35bd5de0ce2)
                            - compat.pyi (RegularFile, b8435b5509c93c630e52f1b4f1c55128)
                            - conversion.pyi (RegularFile, 5e585b4d7ce4ea85f71305cb87bc813f)
                            - search_pattern.pyi (RegularFile, 40d2168e2c5c47f0834d23f6c5d2509e)
                            - sqs_message_helper.pyi (RegularFile, 0b22b51865cc44bdc4d1aa9cba85e3f3)
                            - stacktrace.pyi (RegularFile, c77f5e876047142d9b781957a970b5f6)
                        - ext (Directory, 2301d5014f8b8210fdaa94ba6cbc44e3)
                          - __init__.pyi (RegularFile, f571933bb948577b1f9f3076fb8fc7c6)
                          - aiobotocore (Directory, b312643c5986705b564f0185f5b83125)
                            - __init__.pyi (RegularFile, 5c0ff512b5fcceb0c3b1371b40426813)
                            - patch.pyi (RegularFile, 944d7723e075eb6beab1842ff1eb5117)
                          - aiohttp (Directory, 21ed1861655adec0be7862d988dcaaa5)
                            - __init__.pyi (RegularFile, f571933bb948577b1f9f3076fb8fc7c6)
                            - client.pyi (RegularFile, a9f3b7b40c926ec6809c734f883eca99)
                            - middleware.pyi (RegularFile, b30f805bc3297f8b639b481a968d342d)
                          - boto_utils.pyi (RegularFile, 943c1ec20b0d8423009516f40b1b2e55)
                          - botocore (Directory, b312643c5986705b564f0185f5b83125)
                            - __init__.pyi (RegularFile, 5c0ff512b5fcceb0c3b1371b40426813)
                            - patch.pyi (RegularFile, 944d7723e075eb6beab1842ff1eb5117)
                          - bottle (Directory, 37fa526827465f22dfb5d60cb23c7e87)
                            - __init__.pyi (RegularFile, f571933bb948577b1f9f3076fb8fc7c6)
                            - middleware.pyi (RegularFile, d3495c70e4034af8f52f4c853b8d913d)
                          - dbapi2.pyi (RegularFile, 4fe6a8ed0de4fa4c40ff87927fb35123)
                          - django (Directory, c894f9498c2ca7cae1e66f36475db08e)
                            - __init__.pyi (RegularFile, 40fd6decb972742dc811658d11db9f20)
                            - apps.pyi (RegularFile, c242d1daf6eef951c3322313086ea5ac)
                            - conf.pyi (RegularFile, 06f912fad599e80643e1c3d48a899691)
                            - db.pyi (RegularFile, c8b439575616b5cf8da935a2c90d998c)
                            - middleware.pyi (RegularFile, cc23f212d2fe8bd645b013f7aa81e62f)
                            - templates.pyi (RegularFile, 82bbcebd22103f66c0b41e7dcbde7c3a)
                          - flask (Directory, c20d5c5cef51afe5c2094cc40e495781)
                            - __init__.pyi (RegularFile, f571933bb948577b1f9f3076fb8fc7c6)
                            - middleware.pyi (RegularFile, fc4f8bcfaf3e7d057fdb53f8e446a8bc)
                          - flask_sqlalchemy (Directory, 5e5c467834761cfc711bc7af08d1f346)
                            - __init__.pyi (RegularFile, f571933bb948577b1f9f3076fb8fc7c6)
                            - query.pyi (RegularFile, 764b370988a91d1dd509106ac9c19d55)
                          - httplib (Directory, 86323b7a22d81b1671cf17f7cc1b914a)
                            - __init__.pyi (RegularFile, 3f64623dd7672142d12c779d51234bba)
                            - patch.pyi (RegularFile, 7313c98ef2aee152baec61c1f44538bc)
                          - httpx (Directory, e9d5ba4f5059c077fc55503c9c82ef95)
                            - __init__.pyi (RegularFile, 5c0ff512b5fcceb0c3b1371b40426813)
                            - patch.pyi (RegularFile, f2213284505ffc04c76ef775547e7cc4)
                          - mysql (Directory, 30621531a38aa515549fda8d35534932)
                            - __init__.pyi (RegularFile, 5c0ff512b5fcceb0c3b1371b40426813)
                            - patch.pyi (RegularFile, 6e9a8cdf060b90a72f3b93ca438e7e0f)
                          - pg8000 (Directory, 9ccf272fa37b487b0e4073a1d4065959)
                            - __init__.pyi (RegularFile, 598fa12d0f477d10b32fa798b393a46a)
                            - patch.pyi (RegularFile, a8670f374a45cc2629c8115b79d998a6)
                          - psycopg2 (Directory, b312643c5986705b564f0185f5b83125)
                            - __init__.pyi (RegularFile, 5c0ff512b5fcceb0c3b1371b40426813)
                            - patch.pyi (RegularFile, 944d7723e075eb6beab1842ff1eb5117)
                          - pymongo (Directory, b2c1a9090c476f127075aa8ee2a2708b)
                            - __init__.pyi (RegularFile, 5c0ff512b5fcceb0c3b1371b40426813)
                            - patch.pyi (RegularFile, b566e3b80404d80677c43f7123769c88)
                          - pymysql (Directory, 1da212354c746259474443bdcad848c1)
                            - __init__.pyi (RegularFile, 598fa12d0f477d10b32fa798b393a46a)
                            - patch.pyi (RegularFile, a8b5901d88fb72cb0dac94b9371492a5)
                          - pynamodb (Directory, b6fe6b94ece2de9cecb2a38d78d28be0)
                            - __init__.pyi (RegularFile, 5c0ff512b5fcceb0c3b1371b40426813)
                            - patch.pyi (RegularFile, 21020aa125d8fd70b78fd9f5952e6192)
                          - requests (Directory, aea8a9df79f56308523af01e04d1514f)
                            - __init__.pyi (RegularFile, 5c0ff512b5fcceb0c3b1371b40426813)
                            - patch.pyi (RegularFile, 8deb35617c7252066184ef522714e791)
                          - sqlalchemy (Directory, 4e66e5498054a4d2564404f57b28d34a)
                            - __init__.pyi (RegularFile, f571933bb948577b1f9f3076fb8fc7c6)
                            - query.pyi (RegularFile, 524fd55061cc629647e142a7818f017f)
                            - util (Directory, acf756477368ffa5d70a842f4b2d95fa)
                              - __init__.pyi (RegularFile, f571933bb948577b1f9f3076fb8fc7c6)
                              - decorators.pyi (RegularFile, a3a79ef4fa84f4f3ae0f5a8bbb0c9942)
                          - sqlalchemy_core (Directory, 9ccf272fa37b487b0e4073a1d4065959)
                            - __init__.pyi (RegularFile, 598fa12d0f477d10b32fa798b393a46a)
                            - patch.pyi (RegularFile, a8670f374a45cc2629c8115b79d998a6)
                          - sqlite3 (Directory, f0d4dbcc51979df4779f6acb7cd2b65d)
                            - __init__.pyi (RegularFile, 5c0ff512b5fcceb0c3b1371b40426813)
                            - patch.pyi (RegularFile, 650924e73319aac74e39ed306a06c986)
                          - util.pyi (RegularFile, 9af93e2b3dd99d6b9e3e2e0bcd8e0790)
                        - sdk_config.pyi (RegularFile, 1c63cbb4014ebbfbd30b7957f15cc184)
                        - version.pyi (RegularFile, 7c5d96baddd8faf0ec19819f881f6dec)
                      - METADATA.toml (RegularFile, 7aac27ac6e5393d6908491315c4773c0)
                    - binaryornot (Directory, a4c0765454b459b1baebee85b8f97fc4)
                      - @tests (Directory, 3e892ff756f3ae6565b36402bc985dd2)
                        - stubtest_allowlist.txt (RegularFile, c54630ebf390512ccf205c45b19f8277)
                      - binaryornot (Directory, 11badec9e8b07097843d6ee7417b4fa3)
                        - __init__.pyi (RegularFile, 17e2568679eb52d52331e1582816f4d7)
                        - check.pyi (RegularFile, 84b8f7e7dff66de243d9c05c2a362da5)
                        - helpers.pyi (RegularFile, 75cc51e5874e4ac85db72463ebdc4360)
                      - METADATA.toml (RegularFile, dfc474348874e3e59a64bc720346d3f3)
                    - bleach (Directory, b375e896ece03716887186c423ae2cf2)
                      - @tests (Directory, 2fc831965671bec6d0800958691354e8)
                        - stubtest_allowlist.txt (RegularFile, 66264f3798cc91c3669bc1390fcb21e5)
                      - bleach (Directory, 26233d0eb04c50a9b05a69d127fa6a6d)
                        - __init__.pyi (RegularFile, 75271c2f73eb677091680cfeffceaaa2)
                        - callbacks.pyi (RegularFile, f1fee9e2a8a98e7b16aa199284cc41d2)
                        - css_sanitizer.pyi (RegularFile, ec2232959a02315e34ebf06417cf8cbe)
                        - html5lib_shim.pyi (RegularFile, 63fb38911e71ea91a40e4a763caa9d61)
                        - linkifier.pyi (RegularFile, b39a23b0ac9df056ae72b4daef161f45)
                        - parse_shim.pyi (RegularFile, 911aa050773aacbf6c6594a7b7da7e85)
                        - sanitizer.pyi (RegularFile, b5b3b2200b14acfd5b0a10814f36cd81)
                      - METADATA.toml (RegularFile, 83c9a08935d8d3a062e53566b618ed8a)
                    - boltons (Directory, 3a70875408320d5f6594e7e80e345a79)
                      - @tests (Directory, 3dc035709b1a2ef6da508cf4ae0aefd6)
                        - stubtest_allowlist.txt (RegularFile, 165b74b3d60b8cffac5b2a63dad79d0a)
                      - boltons (Directory, c7497fa6c328dccb7f0cff32622fb263)
                        - __init__.pyi (RegularFile, f571933bb948577b1f9f3076fb8fc7c6)
                        - cacheutils.pyi (RegularFile, ec2238a32f83a0f37e1352a332607064)
                        - debugutils.pyi (RegularFile, b7a11736c21b61846e12a33d45292172)
                        - deprutils.pyi (RegularFile, 502ddbdfaab53c8f0dc7bc57a3b877ba)
                        - dictutils.pyi (RegularFile, a59da50505e1e92ccfff314950b2a408)
                        - easterutils.pyi (RegularFile, 91133a6a6a672a27561cd4e1e1effb29)
                        - ecoutils.pyi (RegularFile, 3367ca5954470bd97cea0924d200354b)
                        - excutils.pyi (RegularFile, d207c955977594057e91c7152d72a1f9)
                        - fileutils.pyi (RegularFile, 1db9c860f1aa0aa37d1931c6564d11b3)
                        - formatutils.pyi (RegularFile, 33ccc7435a4083e3a0b1967259c199d9)
                        - funcutils.pyi (RegularFile, e908abc2c063bd35042ac4de4854d0db)
                        - gcutils.pyi (RegularFile, 542b0f475a1f6f11e96132605249014a)
                        - ioutils.pyi (RegularFile, 19d21096d9c686ed98be2c3d55573c85)
                        - iterutils.pyi (RegularFile, fc5f2874d0c52a8ce4f2b8809357608b)
                        - jsonutils.pyi (RegularFile, a62afccb0fb8985d8fa4230f2fa6916f)
                        - listutils.pyi (RegularFile, 20289d0f688c2f3bf7bfdf5e766f6065)
                        - mathutils.pyi (RegularFile, 99302476d435da5f6f8ab4b60a12943a)
                        - mboxutils.pyi (RegularFile, 7feedfca2b62a40a0a79dce73f1c72d0)
                        - namedutils.pyi (RegularFile, f0541fca4ad85f06ee25f1654e4ff8af)
                        - pathutils.pyi (RegularFile, e19520acc7a8838588e43d911f1f2c87)
                        - queueutils.pyi (RegularFile, 5af07ce25ed49dc37387b539ad7d2eb2)
                        - setutils.pyi (RegularFile, 4e68da1827a3f771b45a9ccd477f0a8e)
                        - socketutils.pyi (RegularFile, c923eb49a75eb5eb37e81cdc4c09b341)
                        - statsutils.pyi (RegularFile, 8cc2fd93092def86a5088c45c9b1c072)
                        - strutils.pyi (RegularFile, d9d3446dde5ffa7a141eb50f5d97bfb0)
                        - tableutils.pyi (RegularFile, ca60395f0702fc93b099d1ce9a10c934)
                        - tbutils.pyi (RegularFile, c25e1a95b29f9d57d5024ee060b267d3)
                        - timeutils.pyi (RegularFile, 6ea33af25604dcd3b660f05a254d3e19)
                        - typeutils.pyi (RegularFile, 6900be2ee0534002849f276f88793e2b)
                        - urlutils.pyi (RegularFile, 631dcf9c36e12c04b32457bc970f3d9f)
                      - METADATA.toml (RegularFile, eb9cc1fb7f868d698f73edbaea339a44)
                    - braintree (Directory, 78c2728245f5a3998c0a75dcfbaaaef2)
                      - @tests (Directory, 29b884bef0dd71a2ca537e957c62499a)
                        - stubtest_allowlist.txt (RegularFile, a80bf082003c91556dbc843be28879d0)
                      - braintree (Directory, 31d0ab4561906d08c3f59c292aa9a91f)
                        - __init__.pyi (RegularFile, c33bba9b8c8a6e291c2d88450b1c01e8)
                        - account_updater_daily_report.pyi (RegularFile, 608b538443ee2fba3f0043657c3391b2)
                        - ach_mandate.pyi (RegularFile, fa395450bf8d0f2b8883e4ad738f337f)
                        - add_on.pyi (RegularFile, ea30c41052d7c41e7f8c31e091ee637d)
                        - add_on_gateway.pyi (RegularFile, 12f3e903df2ade49be6baeee98f682b3)
                        - address.pyi (RegularFile, 0b443a4df2ea342da59e56cbb5ae63ec)
                        - address_gateway.pyi (RegularFile, 81e86f69f5fa2a7b5181be02f8aeaeee)
                        - amex_express_checkout_card.pyi (RegularFile, 4d62b59e188aff4acfb38caf0733dc84)
                        - android_pay_card.pyi (RegularFile, 482413fe834e90b1c864d04df49ed865)
                        - apple_pay_card.pyi (RegularFile, 26c365a4ce3fe0f56c57a57f388fba88)
                        - apple_pay_gateway.pyi (RegularFile, 8e19a16204f1d53f01dbb864488dc8aa)
                        - apple_pay_options.pyi (RegularFile, 6204f6de4a7ccb77487bce57e8fef339)
                        - attribute_getter.pyi (RegularFile, 05c355f38e45877c5f7c29baa455db20)
                        - authorization_adjustment.pyi (RegularFile, 5968062305334ef8d8416d8ccd5b8b90)
                        - bin_data.pyi (RegularFile, 6c6d152bed6622d7ec5731521704f3e3)
                        - blik_alias.pyi (RegularFile, 9c62554a52e08142a9047884f1a1cf9a)
                        - braintree_gateway.pyi (RegularFile, ca3d5a462caacb9f89c920ca33ca972d)
                        - client_token.pyi (RegularFile, a43b3d715482f9e469827433d9f6d0b8)
                        - client_token_gateway.pyi (RegularFile, 6111ce60633a6d9329edfb7451f0d9ce)
                        - configuration.pyi (RegularFile, 8dd7780f3bde7b1b6b95a07f103f049e)
                        - connected_merchant_paypal_status_changed.pyi (RegularFile, 708c75678a5c6abedbaa66a19ca366b0)
                        - connected_merchant_status_transitioned.pyi (RegularFile, 9e2079c79fe2a4c9878c967b32a138df)
                        - credentials_parser.pyi (RegularFile, d481ad8a6b668b6b3fc64aa4b415df61)
                        - credit_card.pyi (RegularFile, 2b87b8b5eb7f3b6690f8b161012a2abf)
                        - credit_card_gateway.pyi (RegularFile, ecd58373cb10ebfc5ecd14639815afb7)
                        - credit_card_verification.pyi (RegularFile, 6385b45259e02d52006692bc3910fc18)
                        - credit_card_verification_gateway.pyi (RegularFile, 663cbbebbcd5ce9f71aed496c9c3167c)
                        - credit_card_verification_search.pyi (RegularFile, 28510b9da45fa3b1865d153af8dc97a9)
                        - customer.pyi (RegularFile, e68351737524768abb0c2b6d96361c78)
                        - customer_gateway.pyi (RegularFile, 7b518617d01f2541ac8f03238e55b035)
                        - customer_search.pyi (RegularFile, 824cc3053afcbd41e8563d90d1cc0ba3)
                        - customer_session_gateway.pyi (RegularFile, 44618cbff445443169781f9588d8031b)
                        - descriptor.pyi (RegularFile, 6a6d33481c964f8856f5065ea4ce796d)
                        - disbursement.pyi (RegularFile, 4fdc7d68268847071138ab9282f1c989)
                        - disbursement_detail.pyi (RegularFile, 4ce9e9270fa9cabeabac2713165850e8)
                        - discount.pyi (RegularFile, 2ecafff50340f4c4c6c3811675bb9651)
                        - discount_gateway.pyi (RegularFile, 7f6ec5a149ac1a85faf7d0f9989e9c6b)
                        - dispute.pyi (RegularFile, f8ae8675990401abf431f17de0a5c7d0)
                        - dispute_details (Directory, ceb827fa374b1cdee07c91d639bc5e62)
                          - __init__.pyi (RegularFile, f03bfa8b6d963e223db3ae5f0fbbf3a6)
                          - evidence.pyi (RegularFile, 0a69c67ac630dda74d8aa91be0302c6e)
                          - paypal_message.pyi (RegularFile, 39930e4afe28bda2e980501194baaa91)
                          - status_history.pyi (RegularFile, a64c49538a3d74e0695b14c074bbb73b)
                        - dispute_gateway.pyi (RegularFile, d9cee05684543e51b0507dbb4f6ce672)
                        - dispute_search.pyi (RegularFile, 4729c23c06e23f794d3b0ac83a42b873)
                        - document_upload.pyi (RegularFile, a7d94d3c84ac8e005aa26fa2f07b24a1)
                        - document_upload_gateway.pyi (RegularFile, c7a43071c2c6ca5d6624eaecf92792f2)
                        - enriched_customer_data.pyi (RegularFile, 5ce5901dc92c247681d30838ab418905)
                        - environment.pyi (RegularFile, e9b4c02b0bf61bcf9c7deb0cb93b2438)
                        - error_codes.pyi (RegularFile, e134e07560e4b057c479d2e7da8e5136)
                        - error_result.pyi (RegularFile, 606e7b620c1d4222aa126d413fa03a72)
                        - errors.pyi (RegularFile, 24bc6d131cab4b50c49351379b2c2864)
                        - europe_bank_account.pyi (RegularFile, 1d93e35689ff956b084ab810132b2f04)
                        - exceptions (Directory, e03f49bac4e17686af85bedced07e6f0)
                          - __init__.pyi (RegularFile, 7a2ada0e23bb2d43a3812d280b2230ed)
                          - authentication_error.pyi (RegularFile, ffdaff6a6914d77eb6e98522130a4228)
                          - authorization_error.pyi (RegularFile, 62148e8c4ebad9778551bb552d84371e)
                          - braintree_error.pyi (RegularFile, 6908507ccf5b1911746f377ac4361d2c)
                          - configuration_error.pyi (RegularFile, b4e4f13a122f91b6101f10c91583c831)
                          - gateway_timeout_error.pyi (RegularFile, 9537065db8e521d470b585b19802bd90)
                          - http (Directory, 607010a9d2c802df8edb5719bef9f795)
                            - __init__.pyi (RegularFile, c06f6bcb0c563dfd6627e170b5ddc6ee)
                            - connection_error.pyi (RegularFile, fc9f9cbcd7fdd1ebbf36e6dcd5f8ae0e)
                            - invalid_response_error.pyi (RegularFile, 025944fb206ca30afa56cd385a2ab04a)
                            - timeout_error.pyi (RegularFile, 756818da4640826e31c04748b95ea836)
                          - invalid_challenge_error.pyi (RegularFile, cafa4d6a6f6743bd0b2270dc8ff7e102)
                          - invalid_signature_error.pyi (RegularFile, 8a8c49154e85e3b75e36d46440e1a566)
                          - not_found_error.pyi (RegularFile, 28905b15197fa5a101d49216ba53a168)
                          - request_timeout_error.pyi (RegularFile, 271e7b1cd3a76c636f983c8669b9a60c)
                          - server_error.pyi (RegularFile, b2ff90281ecdbf6864afe682445259e7)
                          - service_unavailable_error.pyi (RegularFile, f535d0c1b95f5fb26f03bdb1e849286a)
                          - test_operation_performed_in_production_error.pyi (RegularFile, 75ddf883401372f10ff85aafa35e1a42)
                          - too_many_requests_error.pyi (RegularFile, 3f5034160cf22102e2147b7f1a241da2)
                          - unexpected_error.pyi (RegularFile, 4fe088d6d70fd1fbe6ca8cc11bf9abfe)
                          - upgrade_required_error.pyi (RegularFile, ea1009b3e8f29c27f3bda861cd31fa13)
                        - exchange_rate_quote.pyi (RegularFile, 923e6fbc640abb1afea0b09c73af38e6)
                        - exchange_rate_quote_gateway.pyi (RegularFile, f0f59f2371499396ff6478d52625e298)
                        - exchange_rate_quote_input.pyi (RegularFile, 784c8f302f6905219cf4166c7bc73879)
                        - exchange_rate_quote_payload.pyi (RegularFile, 7e16ae1c8cbf7cbdb4cebbb7fbdf135e)
                        - exchange_rate_quote_request.pyi (RegularFile, e8000776a6db598939495ef16ca100b2)
                        - facilitated_details.pyi (RegularFile, f8644fed112beb94993f9a1edb1eca21)
                        - facilitator_details.pyi (RegularFile, a44227d9816dad6f9e096d581fd3cd64)
                        - granted_payment_instrument_update.pyi (RegularFile, e069b156913c246b886b5d2d73b5379b)
                        - graphql (Directory, 65de10b3c0f9645f052691bb12ac3036)
                          - __init__.pyi (RegularFile, 5da0054040cbe45b7c924829b41e6550)
                          - enums (Directory, b6e1f17182c09487ed2bee4c21e0baa8)
                            - __init__.pyi (RegularFile, 4b51b11f1d88bbe7f3baf16f2cd31e98)
                            - recommendations.pyi (RegularFile, b79007b7dc044133779df8e10ef53f6f)
                            - recommended_payment_option.pyi (RegularFile, 6d493b3c16abce0698c00e4bbb468645)
                          - inputs (Directory, ccbeebc6a07d9c9f3dfa5beddf42d5f7)
                            - __init__.pyi (RegularFile, 658b41b8a00d02424a1f0b48b1b81f92)
                            - create_customer_session_input.pyi (RegularFile, 7fb9c48ff937d48d83523c25f5d27453)
                            - customer_recommendations_input.pyi (RegularFile, 8bcaf68beccb0b8c5eac4c5ccddeeee8)
                            - customer_session_input.pyi (RegularFile, 38b6134990b7d518bcbcbfe8c274ea7c)
                            - monetary_amount_input.pyi (RegularFile, 3c4c625861e7f0b148052c0a78423f25)
                            - paypal_payee_input.pyi (RegularFile, 49939acd78ca1f617358feeb6eb00762)
                            - paypal_purchase_unit_input.pyi (RegularFile, aa8e3eba0150983ab7e09599fd525148)
                            - phone_input.pyi (RegularFile, de8c029c7cce0702f85f60b400d3d030)
                            - update_customer_session_input.pyi (RegularFile, 521398a2598c00b5f7765bc84070936d)
                          - types (Directory, 93e24c9d3ccc955c0a5f2996278b3a2b)
                            - __init__.pyi (RegularFile, b4dc796ec49c6d715bd43e58768d9f06)
                            - customer_recommendations_payload.pyi (RegularFile, 2d12035797ac5910566029cebc5c93ea)
                            - payment_options.pyi (RegularFile, 40b5e956075032d93917a7d63d9e49ac)
                            - payment_recommendation.pyi (RegularFile, 9823a100d61028031aa3f3071e621961)
                          - unions (Directory, 44edf07d7fe260613732e630134c0575)
                            - __init__.pyi (RegularFile, 220cd17df3a306e6fdf929eec9ce1e76)
                            - customer_recommendations.pyi (RegularFile, 6586e026e5953b89b69e381ed8bb62eb)
                        - iban_bank_account.pyi (RegularFile, 8116eeadb9058ed8d89f137b59d34dc7)
                        - ids_search.pyi (RegularFile, 7709a6ab6a00b1d631fbc68bb994261c)
                        - liability_shift.pyi (RegularFile, f875a7847757f725ddc9742f4ec2ba0d)
                        - local_payment.pyi (RegularFile, 5cffe58f0fc0fdb6ae477c00ffa7cdf5)
                        - local_payment_completed.pyi (RegularFile, afb5a048f480dd0e1033a0589b0d874c)
                        - local_payment_expired.pyi (RegularFile, aed7b0415c2ab9f036568b2f8cfbd7aa)
                        - local_payment_funded.pyi (RegularFile, e9f06fc356a01746ed4536fe895a38e3)
                        - local_payment_reversed.pyi (RegularFile, ccf2e7891c0cd874cc9c7666dfb46393)
                        - masterpass_card.pyi (RegularFile, 1ab4e3b0161e80e6388a11d2a959fc64)
                        - merchant.pyi (RegularFile, 50902190d46c1f2a14cb496d2cbdd455)
                        - merchant_account (Directory, 037e04a8da419705b05837214ff5b055)
                          - __init__.pyi (RegularFile, f77e2579739dbb93e57eeaa1fee5abf4)
                          - address_details.pyi (RegularFile, 477ba27c50a7b7c0eaf1d6f35df1e8a8)
                          - merchant_account.pyi (RegularFile, cf4587130287cc9df95416b3d3a15e36)
                        - merchant_account_gateway.pyi (RegularFile, 79a8a18d6947799b9797129bcb88a952)
                        - merchant_gateway.pyi (RegularFile, feb185e24c3572b94b92a7bb733a370e)
                        - meta_checkout_card.pyi (RegularFile, 5f17276ec1f01fc93329fd7e5173debb)
                        - meta_checkout_token.pyi (RegularFile, 1fe9da7c6f36a27848498f7aecfc7e58)
                        - modification.pyi (RegularFile, 3f2a65838bffcf606a9741510e41da54)
                        - monetary_amount.pyi (RegularFile, 376706d88b331c29f479fe186e7c3e71)
                        - oauth_access_revocation.pyi (RegularFile, df738be74338ca6920a6e89b22923956)
                        - oauth_credentials.pyi (RegularFile, 86ddbe3e30b466a88151e45f79429bc0)
                        - oauth_gateway.pyi (RegularFile, 55603f1b5330b2c835dd3773460a1d00)
                        - package_details.pyi (RegularFile, 21d13c4c606596aa013829784ab29ff5)
                        - paginated_collection.pyi (RegularFile, 7fcc3e649ce199b88ae4ac1d1b0fe94f)
                        - paginated_result.pyi (RegularFile, 4ea981cb5086c69c3a4f53b348ecef5b)
                        - partner_merchant.pyi (RegularFile, 8ba6442332d42f1f2224b82eb27f2a60)
                        - payment_facilitator.pyi (RegularFile, 7dfdc5a35096618927c1dd18007e4261)
                        - payment_instrument_type.pyi (RegularFile, 2afda14e604c2583ae88809a15dad373)
                        - payment_method.pyi (RegularFile, 5c9dffa3393dadcc1b73e245faea6c22)
                        - payment_method_customer_data_updated_metadata.pyi (RegularFile, cb1999792aa0f2e6e688f43995c92a13)
                        - payment_method_gateway.pyi (RegularFile, 5e665d752e657abf5935f00b5cf725c9)
                        - payment_method_nonce.pyi (RegularFile, 4a0226f747b5bf97a6b156ea03f6c3d6)
                        - payment_method_nonce_gateway.pyi (RegularFile, aa8a35c6af0e9e04a87a0dfb71a1b425)
                        - payment_method_parser.pyi (RegularFile, 78b75293e82971180da6fae73c0eaff2)
                        - paypal_account.pyi (RegularFile, f97cd0bf08350e6614faa02ef03fadd9)
                        - paypal_account_gateway.pyi (RegularFile, 1df7fcba3787ab49bc35a3f6b34db45a)
                        - paypal_here.pyi (RegularFile, 7fbcf9a88d0dfb4d197a20385fd376d5)
                        - paypal_payment_resource.pyi (RegularFile, 5f2b7058634937529ca9fb0498b82325)
                        - paypal_payment_resource_gateway.pyi (RegularFile, 08f14ffc675bd2583be1b5e62fae33a4)
                        - plan.pyi (RegularFile, 12664147a09269ebf4a1636893b22067)
                        - plan_gateway.pyi (RegularFile, deffe4e3bd1fe8b113e5942cbcba0188)
                        - processor_response_types.pyi (RegularFile, b1b484140aa91c8d134beba6b3c5a922)
                        - resource.pyi (RegularFile, 071f0c31296c42413cc90e99a140ecee)
                        - resource_collection.pyi (RegularFile, 68a8c9fbb3468ec2e7200c1c5a16bdf3)
                        - revoked_payment_method_metadata.pyi (RegularFile, e2d8331dc72f11cdf5387b9034d33f15)
                        - risk_data.pyi (RegularFile, ed3bd9ca35548257fc97b50595f93045)
                        - samsung_pay_card.pyi (RegularFile, 7c9362706643c117ec5d875bf65ce16b)
                        - search.pyi (RegularFile, 37169d28c806240e25e2b38635e6cc68)
                        - sepa_direct_debit_account.pyi (RegularFile, 4fe351f367d1554e35075a3fcbef518b)
                        - sepa_direct_debit_account_gateway.pyi (RegularFile, cb549bbc82cea81c78f5e1ad2b31ce0a)
                        - settlement_batch_summary.pyi (RegularFile, 4ae0cf906f796fd22ffb75462bf6d1a8)
                        - settlement_batch_summary_gateway.pyi (RegularFile, 02541f03a095e6a6ed43928ab65203bd)
                        - signature_service.pyi (RegularFile, 51c87f8d444245fb7e76929c6812ee32)
                        - status_event.pyi (RegularFile, 56ddcef930fc68b7115a88c2141dd1a4)
                        - sub_merchant.pyi (RegularFile, 891425f944c06efb0b09f26b50c3a1fe)
                        - subscription.pyi (RegularFile, cede072cfb1a7f71ff20ce8d36fe3802)
                        - subscription_details.pyi (RegularFile, ba5854137040363501a7c4cc31404ddc)
                        - subscription_gateway.pyi (RegularFile, 0bbbc9060c31294de832fef3189d447c)
                        - subscription_search.pyi (RegularFile, f42186c6769676c26f0d5a46687943fb)
                        - subscription_status_event.pyi (RegularFile, bcff3c0e86853bb949de41e4c9a0bf00)
                        - successful_result.pyi (RegularFile, 1c19ed4c837be7a230461c54d59531e5)
                        - test (Directory, 7a0ec11ac1b7473b8a437bce93e25332)
                          - __init__.pyi (RegularFile, f571933bb948577b1f9f3076fb8fc7c6)
                          - authentication_ids.pyi (RegularFile, df041a9fbaca94e182cb6a90ee370924)
                          - credit_card_defaults.pyi (RegularFile, b1fcecf3b05bf3f97c5656bdf231ab4f)
                          - credit_card_numbers.pyi (RegularFile, 525e1c2d0522442ffa7c5f78077468ba)
                          - merchant_account.pyi (RegularFile, a614aba5ad7cc8608e7c2fe582559f1b)
                          - nonces.pyi (RegularFile, 94197d7f280aa783f453e6503b9e2753)
                          - venmo_sdk.pyi (RegularFile, fc0e746d545d3f1ac3897e6a8f73a467)
                        - testing_gateway.pyi (RegularFile, c5cc4d58315e1a97ed463cd6a4cf393a)
                        - three_d_secure_info.pyi (RegularFile, 2f649d6d9831b2929fdc6dfbb50c47dd)
                        - transaction.pyi (RegularFile, 58c3147d903e4fdaf6997e91c5de5caf)
                        - transaction_amounts.pyi (RegularFile, 03813d11bdb6c288dcf55702e1c5b6a3)
                        - transaction_details.pyi (RegularFile, 82869153041e1a0ad483b473a6e5b4d1)
                        - transaction_gateway.pyi (RegularFile, 0bf0deacb8fa123965930eee1fc95259)
                        - transaction_line_item.pyi (RegularFile, 715eff840936ab0142cd6446ee7b2396)
                        - transaction_line_item_gateway.pyi (RegularFile, 2debdec6aa264090c1a4d0450858acc2)
                        - transaction_review.pyi (RegularFile, d939c2ae8e401bb9dee7fde505210f48)
                        - transaction_search.pyi (RegularFile, 6e5510c90b6050bab15b7eb84fb636ee)
                        - transfer.pyi (RegularFile, 0acc484cf4d27ebdbb65281db175209e)
                        - unknown_payment_method.pyi (RegularFile, 0e950e000887f6457cb615dd914bd5ce)
                        - us_bank_account.pyi (RegularFile, fae051d528bd2b4103a5f81a775c63de)
                        - us_bank_account_gateway.pyi (RegularFile, 6192d85967086ad2ba7c5adf18b0826f)
                        - us_bank_account_verification.pyi (RegularFile, e071566eff7566a6ac4b14e3cdc17ee0)
                        - us_bank_account_verification_gateway.pyi (RegularFile, c1c1f645f11bcc80f8ae1cd5d139d719)
                        - us_bank_account_verification_search.pyi (RegularFile, 1c6350c7eec5e14c70b827847e1652f9)
                        - util (Directory, b822154439956b0133a645a954ab94c2)
                          - __init__.pyi (RegularFile, 2fa1879cc01bb2d9a38f12cd763f6037)
                          - constants.pyi (RegularFile, 044fca35d93d8c855126d735d6806a53)
                          - crypto.pyi (RegularFile, 7758f27510eebde4ff074d17680d7e19)
                          - datetime_parser.pyi (RegularFile, 1828b5a35cfe2dbdbe6cb423adaebd7d)
                          - experimental.pyi (RegularFile, 5fab89b28d1da79231321ac96a7cb03f)
                          - generator.pyi (RegularFile, aac866bce237b9287135f8ef4cdb1c14)
                          - graphql_client.pyi (RegularFile, 505f2c719d538a7487a9f998297002a0)
                          - http.pyi (RegularFile, 3bb61177ff316997bec48115b546c014)
                          - parser.pyi (RegularFile, e864ca9bea48bb3a4689135756ff0dfe)
                          - xml_util.pyi (RegularFile, d093d27d507e991746184c181aa3bd89)
                        - validation_error.pyi (RegularFile, b1fdde00dd4014986eb59b547a4e674c)
                        - validation_error_collection.pyi (RegularFile, 20704791f3c7f9c6bdb1f19aee088e5c)
                        - venmo_account.pyi (RegularFile, 1c800d6618d8b3ae7a59d8eb3b11228a)
                        - venmo_profile_data.pyi (RegularFile, 8aed6443c4cacdb12cbf0a82dd8418d7)
                        - version.pyi (RegularFile, c613cc67c33efd67cd7bb7bb32ebc044)
                        - visa_checkout_card.pyi (RegularFile, 650a48ee28eee9d596987cc3ca6bd894)
                        - webhook_notification.pyi (RegularFile, 7bb2261449eed66276493a712a7e3248)
                        - webhook_notification_gateway.pyi (RegularFile, 7599b3de0147aa8303b294b9305fc529)
                        - webhook_testing.pyi (RegularFile, a6fdb2a290c59d7900f1ef3806569f87)
                        - webhook_testing_gateway.pyi (RegularFile, d57750003bcea6359f336ab9a6420731)
                      - METADATA.toml (RegularFile, d064bb7f14cf5cecde41cde6f97815e1)
                    - cachetools (Directory, 4e2011d3a95c1e7ad4a102beb020de26)
                      - @tests (Directory, b0ddf19a81ce82fd05e603a316570034)
                        - stubtest_allowlist.txt (RegularFile, bf849b18dedc08d6d6266abdb72d1cb7)
                      - cachetools (Directory, 71321ed979cd63e0ed24891361952f26)
                        - __init__.pyi (RegularFile, e12de2f4b37d8522642ec0e2f9767057)
                        - func.pyi (RegularFile, 04f92fd6c57281041227f5fd94abbcaa)
                        - keys.pyi (RegularFile, c6e8d8fa9f727801848d77be59abf94b)
                      - METADATA.toml (RegularFile, 4a0a980c4c490ea937d8ce238ccad653)
                    - capturer (Directory, 954f85cdd423b48a799987d6ac5da6ae)
                      - @tests (Directory, 99169a21bfd72e7d76f67c61920c5b74)
                        - stubtest_allowlist.txt (RegularFile, 64fcb8140aec04d08394bfa25d97916a)
                      - capturer.pyi (RegularFile, f5273433a0c23b752a730a373690e41e)
                      - METADATA.toml (RegularFile, cbd1e88c6498b65f68a19bd37b1e0b15)
                    - cffi (Directory, 00770600ae1aa1a90702f1533a655182)
                      - @tests (Directory, 390f8f1a4c15597729d0b6a01747be71)
                        - stubtest_allowlist.txt (RegularFile, 99d4550708373fb0d3bcf91730f674a7)
                        - stubtest_allowlist_darwin.txt (RegularFile, f9067ef02ff18229fb1ef31346da0517)
                        - stubtest_allowlist_linux.txt (RegularFile, f9067ef02ff18229fb1ef31346da0517)
                      - _cffi_backend.pyi (RegularFile, 77be38d1360bc86c32ad2162cf796369)
                      - cffi (Directory, e3cf6ba7a07382bbf517ae106b0d22ba)
                        - __init__.pyi (RegularFile, 6fe787309e323f2f9e2cd7f435568cbf)
                        - api.pyi (RegularFile, 15ad76ee554a56b6e2fe94ec014e44eb)
                        - backend_ctypes.pyi (RegularFile, 1a0690df8ea6a008263f7524a70b2276)
                        - cffi_opcode.pyi (RegularFile, 9807151580167137854fee1e215e0716)
                        - commontypes.pyi (RegularFile, 7e41ccaf136fab431d727c5c1eceda4b)
                        - cparser.pyi (RegularFile, 1cb32b4fe1b707a51c74429db4ac8999)
                        - error.pyi (RegularFile, 936cd327e895948217f801e6c511d7a1)
                        - ffiplatform.pyi (RegularFile, 4ea9159eaeaed60333062ae59fee2057)
                        - lock.pyi (RegularFile, a3965cd25ec70921e098d2240282b994)
                        - model.pyi (RegularFile, e166abfebd62d04303b512137aa540e2)
                        - pkgconfig.pyi (RegularFile, 80728b912525b91d20270b63618b586f)
                        - recompiler.pyi (RegularFile, cf9b84c02825313859b8c48d8953b2d6)
                        - setuptools_ext.pyi (RegularFile, 920640dc72224ca56d7db70afa9c1cb3)
                        - vengine_cpy.pyi (RegularFile, 45f8cb5c664503675e1c7ed0b33f9fc5)
                        - vengine_gen.pyi (RegularFile, 92ddc775eebb92caba89832a26dde528)
                        - verifier.pyi (RegularFile, 6cec23de72a8f5d301ba921ffb81fc36)
                      - METADATA.toml (RegularFile, 5ff9e11b53ddce6c2e03ed1caca6790b)
                    - channels (Directory, d9ae34be2638a0f7ba0fc194a1a5bb42)
                      - @tests (Directory, 621e2228f7e56d4b8e6824c831cc31ff)
                        - django_settings.py (RegularFile, 3ad91097de0814cde50efb1a2031ddc3)
                        - stubtest_allowlist.txt (RegularFile, 95cf022b380e29fa0eabf646276d98a4)
                      - channels (Directory, 03bfca2d8fdece54e2656422588343ec)
                        - __init__.pyi (RegularFile, 7c64b69260a25e171aae3e57010e3de1)
                        - apps.pyi (RegularFile, a570bca786077ffbc7c65bb679b3eef5)
                        - auth.pyi (RegularFile, 527517ec3e4dcb73bd248037f9660169)
                        - consumer.pyi (RegularFile, 772775ae3a955b98725221557d6e2c7d)
                        - db.pyi (RegularFile, 8e3196aee0000c7d078750ec905e7840)
                        - exceptions.pyi (RegularFile, 10bb72b226a9a8de2c639a10eead00c0)
                        - generic (Directory, 8313a630033d3c78d8bca615934fc997)
                          - __init__.pyi (RegularFile, f571933bb948577b1f9f3076fb8fc7c6)
                          - http.pyi (RegularFile, 190a4348f325dd0f284604d31dbe3982)
                          - websocket.pyi (RegularFile, 07472ac5371381b3035afa49b80eb975)
                        - layers.pyi (RegularFile, 5d7bd724ffba0b556a056cb9400433b8)
                        - management (Directory, 3e988503d03da10ea0f6603f50faaee3)
                          - __init__.pyi (RegularFile, f571933bb948577b1f9f3076fb8fc7c6)
                          - commands (Directory, 8b8063c87ab512056bcd3a56fc60305d)
                            - __init__.pyi (RegularFile, f571933bb948577b1f9f3076fb8fc7c6)
                            - runworker.pyi (RegularFile, eb124c8c760a576f8269fd611d25cb17)
                        - middleware.pyi (RegularFile, 31911cb5a9a98f9e9890798e5e1e1095)
                        - routing.pyi (RegularFile, 68204256fff0404ec6b55370bce7a664)
                        - security (Directory, 13c284541d897da43de53467b8e71b93)
                          - __init__.pyi (RegularFile, f571933bb948577b1f9f3076fb8fc7c6)
                          - websocket.pyi (RegularFile, 63006c30c0732a7f8a652f2859234fa3)
                        - sessions.pyi (RegularFile, b62e54f5adbb18c065a8375f34058186)
                        - testing (Directory, a9603c88229e2d93fcd33002f3f86749)
                          - __init__.pyi (RegularFile, b85daf7a13c18eb5566a39c767e5b5dd)
                          - application.pyi (RegularFile, 7e517c76287cc886cf897c4f80f727c9)
                          - http.pyi (RegularFile, 279328dba98364a4ebd194c0fee93930)
                          - live.pyi (RegularFile, 6ce0115fa4c2860f9ef65369d2338000)
                          - websocket.pyi (RegularFile, 0f9c97206213e35897a97ba76112cc72)
                        - utils.pyi (RegularFile, 111301ba29e2cb8bc57da3c8b1ad5938)
                        - worker.pyi (RegularFile, 8b6e577325db28023ff957552a3d4bcd)
                      - METADATA.toml (RegularFile, e514f0f060e00de69d41995914d087b8)
                    - chevron (Directory, 14bf2712a243e9b460907282b2799702)
                      - chevron (Directory, f044b7fd0362bce0a4a659b7df73141a)
                        - __init__.pyi (RegularFile, e3c114e9427684592e5aaf6fdda82f8c)
                        - main.pyi (RegularFile, edd04e2fb9717d082c2f208c4456c27c)
                        - metadata.pyi (RegularFile, cfa083e8d961e4960dc366c92dae37f1)
                        - renderer.pyi (RegularFile, e21675debc0214fbf802381ed1ed7087)
                        - tokenizer.pyi (RegularFile, 1adda4147b85ae54f2643de7a969bb54)
                      - METADATA.toml (RegularFile, 76fd84c0e648d22146319673aedc2516)
                    - click-default-group (Directory, 021feaba614eb09c062b2b98e0288829)
                      - click_default_group.pyi (RegularFile, a818d41b17ee3a8482cd33dc43fc0fa9)
                      - METADATA.toml (RegularFile, bb0167098373725b9dec6e1ae07edb52)
                    - click-log (Directory, c27b3f4a283866fd293266adc3aa9401)
                      - click_log (Directory, 44fa1dd26c81c1b43f0e67dd3c6b5385)
                        - __init__.pyi (RegularFile, 9878160b8d4ca32094313772bbdac987)
                        - core.pyi (RegularFile, 4ee63f1ed3d035972072851612690164)
                        - options.pyi (RegularFile, 0ac37f55f4a08e99ef08775af82cf4e7)
                      - METADATA.toml (RegularFile, 80e018182d9d4258f6196efdef1ad974)
                    - click-shell (Directory, 7e7953fd0b07c81f810354a396939607)
                      - click_shell (Directory, d97a2020ee900b9b323ee80807670fc6)
                        - __init__.pyi (RegularFile, ac5a7e9893af5c5e085b5407758a7f9f)
                        - _cmd.pyi (RegularFile, 7239aa5f80e7841224f99b7ef064fc84)
                        - _compat.pyi (RegularFile, 0a4028740cd20448ea3f4b248b4261ba)
                        - core.pyi (RegularFile, b1e3bd13f0ab013f59856aebc4151edd)
                        - decorators.pyi (RegularFile, da4dfcdb1342cd5b9efefba7dce6168b)
                      - METADATA.toml (RegularFile, 3c79ea561f52d4f10b3e94e5f7348352)
                    - click-spinner (Directory, cb99e35d759ba7da00447539ee21ebd4)
                      - click_spinner (Directory, 053026e7e79984694db4a03468efb5af)
                        - __init__.pyi (RegularFile, 71de3d45e3b878cd41e0dc864f5b3378)
                        - _version.pyi (RegularFile, d36bb5bba5ae96f4d2dd6234fd7b9def)
                      - METADATA.toml (RegularFile, de13fb53e573d0432974eeaea4d4d984)
                    - click-web (Directory, 9753ae88819d61eea34d327549b5538d)
                      - click_web (Directory, 18fe3ad51d6c1256b96233be4dd2c11e)
                        - __init__.pyi (RegularFile, 69637796f0dc9d8b96eb2a28089bee3d)
                        - exceptions.pyi (RegularFile, 3d98c2fbfb210e4ca58b62b1fee9126d)
                        - resources (Directory, f39007e6904adbb55fa720a19a48af99)
                          - __init__.pyi (RegularFile, f571933bb948577b1f9f3076fb8fc7c6)
                          - cmd_exec.pyi (RegularFile, ceb2a04c114fb885fb03d03d871e72c4)
                          - cmd_form.pyi (RegularFile, 41c319f7863c534647b9e44f2884cd82)
                          - index.pyi (RegularFile, a05e9065ff4585828e3cbfb190ec8d8e)
                          - input_fields.pyi (RegularFile, e28f1c274f992b953c91ab7eca4f359a)
                        - web_click_types.pyi (RegularFile, 0675c20866682f646cb1c77309408061)
                      - METADATA.toml (RegularFile, c28b2cee7136d1480f7d6465e8427d59)
                    - colorama (Directory, d6fc61d1f7682016606ff1a8dceea6bc)
                      - @tests (Directory, cece43452554e34f8699cc886ffe81f7)
                        - stubtest_allowlist.txt (RegularFile, a9ba75e810009dd427dd5f68432e7199)
                        - stubtest_allowlist_linux.txt (RegularFile, abdb520b9022d7f9c8a1347367c6f1e0)
                      - colorama (Directory, 8c458f5d9f0e59cb2bf9d8acd0de956d)
                        - __init__.pyi (RegularFile, 89c2ca16a8f06cb8271a0f9050f25ab9)
                        - ansi.pyi (RegularFile, b517adf616aa2c37a98a68a700a83164)
                        - ansitowin32.pyi (RegularFile, 575494db16a45c908a9ac4816e81a6fc)
                        - initialise.pyi (RegularFile, 004fa9e5e81d6f45584a23bd41c7550a)
                        - win32.pyi (RegularFile, 14af8103f58a7a17c243eaf6b2cf5201)
                        - winterm.pyi (RegularFile, c7fbd8ebbfe856a3a111317ba8125c26)
                      - METADATA.toml (RegularFile, 8afdc08e4f2c3a3e0e98497b85c58b29)
                    - console-menu (Directory, 480620a4b8536b89797829f9e2e6e362)
                      - consolemenu (Directory, 27e8af28bcf8184755aa67ee4fedd932)
                        - __init__.pyi (RegularFile, b6afe60c554339980ea77d786f6df7c6)
                        - console_menu.pyi (RegularFile, 7a5baeb0ad07a78bc35c7b3099307306)
                        - format (Directory, c0232a81477c9c83e0cac2cc9fa754fe)
                          - __init__.pyi (RegularFile, 4b17551f7d6efae8600563da538c522a)
                          - menu_borders.pyi (RegularFile, e5923246b33ec52c46b4c2786e412841)
                          - menu_margins.pyi (RegularFile, 207f53ca3c3d599fa18578dc7161aba1)
                          - menu_padding.pyi (RegularFile, d4dade540999805f6253299cbe5f9429)
                          - menu_style.pyi (RegularFile, c9be7e5bf4b31f4223c24a4b3a395b82)
                        - items (Directory, 77d7fe6fc000983a3ce3681a7dd952c4)
                          - __init__.pyi (RegularFile, e13b97a2ba1fc45925f4e2fc8a1bb997)
                          - command_item.pyi (RegularFile, 37e1842779b7e105c88590caf1605973)
                          - external_item.pyi (RegularFile, f396c5d72a9a1dd4bc4fbcbd2daab0cc)
                          - function_item.pyi (RegularFile, d34b80b152834f1321908b42a5fc2944)
                          - selection_item.pyi (RegularFile, c089a3b868afbdf46e8d030c92f72663)
                          - submenu_item.pyi (RegularFile, 35a168b1414f897129997b28fdba8ba2)
                        - menu_component.pyi (RegularFile, 68ade68eeb5dd1e1b67284fc86ab2da0)
                        - menu_formatter.pyi (RegularFile, 8b945bfaa8fa7221aa8c99ba5b93e75c)
                        - multiselect_menu.pyi (RegularFile, 901cc340a471159a427b2f4890a1b92e)
                        - prompt_utils.pyi (RegularFile, f154a112175083feadbdcdfb63712d68)
                        - screen.pyi (RegularFile, 334056db492d91d6769d4e0e4a1de0f4)
                        - selection_menu.pyi (RegularFile, 0da478ee6505020b876c523b8ea0d2f3)
                        - validators (Directory, 0f9afb049bf06a49c9322b519fbdc133)
                          - __init__.pyi (RegularFile, f571933bb948577b1f9f3076fb8fc7c6)
                          - base.pyi (RegularFile, df3128993055ff7bd676583b2f6da820)
                          - regex.pyi (RegularFile, 6e633741e2d62348916a12fdbe2928b0)
                          - url.pyi (RegularFile, 464872b2c2c326097ed4b4cf429fde83)
                        - version.pyi (RegularFile, f571933bb948577b1f9f3076fb8fc7c6)
                      - METADATA.toml (RegularFile, affa755e02e501c9f1a46729c337ce8c)
                    - croniter (Directory, 27a327dd2ecfe634f712c6dd563f9e17)
                      - croniter (Directory, b2cac4280f3a15551bb22eecfd190caf)
                        - __init__.pyi (RegularFile, 7138da17e58810f01a8b77ab66e8f56e)
                        - croniter.pyi (RegularFile, 3a1c455f0aec020a1a8c983c88bdc37c)
                      - METADATA.toml (RegularFile, fae6600657483ed3e394d45090ff696d)
                    - dateparser (Directory, 8f31347469836ec9c8e30fb12952c05c)
                      - @tests (Directory, 4b089f35b57097045bcd90fa0c5bbeb6)
                        - stubtest_allowlist.txt (RegularFile, 297d00e444b7272cd90a59305eaebb48)
                      - dateparser (Directory, a2498b24a25a8f01683bcc3fdfe5d7d6)
                        - __init__.pyi (RegularFile, 88f66a1e37a016bb6ddaa44df430e705)
                        - calendars (Directory, c92cbb8c919a250b003fb4105020abf0)
                          - __init__.pyi (RegularFile, 44a52ef94b0c92c8c4fbd052f0508480)
                          - hijri.pyi (RegularFile, 8eb3da98dd77e4450dd7aa980727b71c)
                          - hijri_parser.pyi (RegularFile, 51e30190a5ffbac8a3cb504aa5757e03)
                          - jalali.pyi (RegularFile, 016ec8656363982cfa369a0e3a422c82)
                          - jalali_parser.pyi (RegularFile, fd358b2d548da847c6234fe8b5bde6e1)
                        - conf.pyi (RegularFile, fbeaccda63a9d2acbea9cf214984c36f)
                        - custom_language_detection (Directory, 68e963114aa6577d580194d007838b09)
                          - __init__.pyi (RegularFile, f571933bb948577b1f9f3076fb8fc7c6)
                          - fasttext.pyi (RegularFile, 669c69bf72deb9c418ca3553af320b94)
                          - langdetect.pyi (RegularFile, 669c69bf72deb9c418ca3553af320b94)
                          - language_mapping.pyi (RegularFile, cd0ccfc6bcaec232cb506c02f57bd172)
                        - data (Directory, 7c9825d7a503c3feb5b8d1189c86dc9b)
                          - __init__.pyi (RegularFile, c7fe3e22f5211a31d9f17e1d5a96c941)
                          - languages_info.pyi (RegularFile, a385482286f96203c08466c2943bdb2e)
                        - date.pyi (RegularFile, 1b6d860efa7b475859c1259ff9003cbd)
                        - date_parser.pyi (RegularFile, f8d5085fd0325b89057ae1bffad9ace8)
                        - freshness_date_parser.pyi (RegularFile, f6f1b6b4094ddfdf3fd0ac0cb9511f27)
                        - languages (Directory, f6e7982a1a54c86ea02a1cf3a2d8d7aa)
                          - __init__.pyi (RegularFile, 20bc06bc20d0ddc481d5965e8f307f79)
                          - dictionary.pyi (RegularFile, e374795d97f3523c797c7e40cb942293)
                          - loader.pyi (RegularFile, c912d7378e5fd96f3de6b7096d5aca5b)
                          - locale.pyi (RegularFile, 8a0bcc8dde8738c1b1b4e6c0de3348d0)
                          - validation.pyi (RegularFile, f448f37d08ac97309ffd587bfc4c1943)
                        - parser.pyi (RegularFile, 2ba9313d0e68a8879ee07c18007a540a)
                        - search (Directory, 0c26c9d88949d458aba8e5c245131e81)
                          - __init__.pyi (RegularFile, f2912dcd029d15e7bfea3150fe4b8d60)
                          - detection.pyi (RegularFile, 0f0198ddb85f38e6f34a31236f9e3e18)
                          - search.pyi (RegularFile, bc21e0fcb079210a437404eb652a67f4)
                          - text_detection.pyi (RegularFile, 3144150e5a662dbd7e477b954d775362)
                        - timezone_parser.pyi (RegularFile, 2ff90a42d3e38530aed206c7486b79ae)
                        - timezones.pyi (RegularFile, 281d2cd492b08236d426a734ce9064e7)
                        - utils (Directory, 45c77cddc3791806c58b4969ad2d84db)
                          - __init__.pyi (RegularFile, 2d28275e4c10a5ee54c98a3c99cd37bc)
                          - strptime.pyi (RegularFile, a97e85a1e1348c3e9ba9cb8a644c41c9)
                      - dateparser_data (Directory, d38a338b40cad01771f6f2a64a80938c)
                        - __init__.pyi (RegularFile, f571933bb948577b1f9f3076fb8fc7c6)
                        - settings.pyi (RegularFile, 794492c3fc5001dfeb3a0e281728d4fc)
                      - METADATA.toml (RegularFile, 9a8638b631d33c94dc99554da9261bb7)
                    - decorator (Directory, 2e1706dd7aaa244a1d4fc3c355fb7b39)
                      - @tests (Directory, 3f2fab1b90808145fd6512af851a403a)
                        - stubtest_allowlist.txt (RegularFile, 27908af60601c8a8bb7c6f950fe5ef57)
                      - decorator.pyi (RegularFile, 7cf243b3af572db8134dd2e3b9c2afcd)
                      - METADATA.toml (RegularFile, 91457955429a255ac40d992746ee42db)
                    - defusedxml (Directory, 7cf3b7dc99a5251b71ef38826b9b688c)
                      - defusedxml (Directory, 6ab3d6e07511ad001dfbca06bdfe4099)
                        - __init__.pyi (RegularFile, 165369e46feb1aa74ef2cc92f952a2c3)
                        - cElementTree.pyi (RegularFile, 12c8f6b4f90dda1427d7e85d70846079)
                        - common.pyi (RegularFile, f23189c66d80b93fea5f38e31cb428ee)
                        - ElementTree.pyi (RegularFile, 24a154b40ce4cc651ac0dbc7f19f2ae4)
                        - expatbuilder.pyi (RegularFile, cdc1d72044f496a6baa601b685f0b260)
                        - expatreader.pyi (RegularFile, c83867c21f1116f48af66b42bacf52fe)
                        - lxml.pyi (RegularFile, ae9febac86bb9f60b17d4519cf740aaf)
                        - minidom.pyi (RegularFile, b2462ee6b8d2c5dc949d1beef9a50777)
                        - pulldom.pyi (RegularFile, 55f31b6da1b5849a8fcdfa375dbc9c11)
                        - sax.pyi (RegularFile, 782fc91fd08e617e95e553b69a056daf)
                        - xmlrpc.pyi (RegularFile, 4939c2897340e47f68c35eb8a369196c)
                      - METADATA.toml (RegularFile, 70cbf0bc100d2e6b6990054808cf505e)
                    - Deprecated (Directory, 8ea4e1953c40684fbccbc58ac2a2482f)
                      - deprecated (Directory, e4edd77b8f46cccdaa98f1b627d95c3b)
                        - __init__.pyi (RegularFile, b7b7d763b434ad3e761e68f27dad2a70)
                        - classic.pyi (RegularFile, 6da9065f6a11a30a5857a28545c018f6)
                        - sphinx.pyi (RegularFile, fc4ea73bb19e9b26ef9d6aa2d92de1fe)
                      - METADATA.toml (RegularFile, 90c9f43ef17ed058746073b4e2be4b92)
                    - dirhash (Directory, 0054417a073b48e9c107404c355611d0)
                      - dirhash (Directory, 5f165f1976e7d3accd6b0adaada433b2)
                        - __init__.pyi (RegularFile, 6920b2052439ca8065f6bc4191a2b021)
                        - cli.pyi (RegularFile, aabf1c2acdbc067382bfd1408439a997)
                      - METADATA.toml (RegularFile, 8993db6cb7c91bf2ef3b738c7c2b40ad)
                    - django-filter (Directory, 1409ff1d494a5674790be2e356ff8a2d)
                      - @tests (Directory, 767fee46437503b20c7e01cb8064a2d4)
                        - django_settings.py (RegularFile, e99c6b144386c77bbc25ee3f44ccaaa3)
                        - stubtest_allowlist.txt (RegularFile, b38032cb689287b16d1d2bc576650567)
                      - django_filters (Directory, 4deec6acbece7e6745c13b67727369ec)
                        - __init__.pyi (RegularFile, 081ee59c8b1935448a7410746aae9a1a)
                        - compat.pyi (RegularFile, c5cee76391c64c66b208061b85287c1f)
                        - conf.pyi (RegularFile, fa2760178a372b247c24fe5316a76acf)
                        - constants.pyi (RegularFile, b5dcbf73a43b776ef157706782599dd7)
                        - exceptions.pyi (RegularFile, 638cb80faaa576f6504a33f2000124a3)
                        - fields.pyi (RegularFile, fe1f93e2b67a38c1fba6f7cef94b9283)
                        - filters.pyi (RegularFile, d6bf74a96a45f930364eb056573d4b86)
                        - filterset.pyi (RegularFile, abcdc8ec972e255b99087378d559b95f)
                        - rest_framework (Directory, 5abff1551838a146099882b29b9aabd4)
                          - __init__.pyi (RegularFile, 441dce0e7ad872f9b5993bce40ef267f)
                          - backends.pyi (RegularFile, 97fdd50ad153cc2f89a554189ab96278)
                          - filters.pyi (RegularFile, f40ccea044447c3931b4cd122b85a907)
                          - filterset.pyi (RegularFile, 8961528798bb66e7a3683f6959f7746e)
                        - utils.pyi (RegularFile, 05f03c5afd3284306d941b2c0901c596)
                        - views.pyi (RegularFile, d46b3db31cee1ce26c3f29ef175d9978)
                        - widgets.pyi (RegularFile, fa4efb1340edba5e386cac3bb675c836)
                      - METADATA.toml (RegularFile, fd6eea479781287e422cae82dd1336c4)
                    - django-import-export (Directory, bff8023fa3a4a0bd39cf93871a7ab705)
                      - import_export (Directory, 1c6dee8d3a0e818026565b17c6de1eb5)
                        - __init__.pyi (RegularFile, 4f674eb8f556927c4aefa3c7c517cee5)
                        - admin.pyi (RegularFile, 95be791cbe9a2100e41976f43414ab51)
                        - command_utils.pyi (RegularFile, 5fcf6a1ab9289d0fd6fb0b8fa1192a39)
                        - declarative.pyi (RegularFile, 8bc72570e0fce78b376404b5a083e1f7)
                        - exceptions.pyi (RegularFile, 36332eb3adfe9f0f829f9fe0454fb960)
                        - fields.pyi (RegularFile, a803c79975ebd93bf4e8de322c740f52)
                        - formats (Directory, ec7ab450a03820bab0198be6ab50137f)
                          - __init__.pyi (RegularFile, f571933bb948577b1f9f3076fb8fc7c6)
                          - base_formats.pyi (RegularFile, 781afdec59f3ec3f407705e94b869b4c)
                        - forms.pyi (RegularFile, 3d3ccd78a7c05a8a4e1335eb8419d711)
                        - instance_loaders.pyi (RegularFile, 15ef03594aeec9d7ddb5c53696552808)
                        - mixins.pyi (RegularFile, d1a73efc4835a2a1febfae25bff416e3)
                        - options.pyi (RegularFile, d6d420c00201499e683287b343336784)
                        - resources.pyi (RegularFile, 893d82aabcd7ab2f41577e6e421cbc86)
                        - results.pyi (RegularFile, a6d8e13d1400a9a0c81c16d0a9a32da4)
                        - signals.pyi (RegularFile, 030ea4d3615dd0e92428dec7a66a4af0)
                        - templatetags (Directory, d9da954692aad270c5152eb1a25fa899)
                          - __init__.pyi (RegularFile, f571933bb948577b1f9f3076fb8fc7c6)
                          - import_export_tags.pyi (RegularFile, d6337ba9cd9377e9869b1657bcbae06e)
                        - tmp_storages.pyi (RegularFile, 948b63b7e2d82c709bc3e6fdaed5a925)
                        - utils.pyi (RegularFile, 52468ee1f9e89f7e7c32ed760da688ca)
                        - widgets.pyi (RegularFile, 165a594892464dc46627bf1eaa7d99be)
                      - management (Directory, c9abb1900c68592c97cb33b360ebc7eb)
                        - __init__.pyi (RegularFile, f571933bb948577b1f9f3076fb8fc7c6)
                        - commands (Directory, 99238761935b0b1da890b3233146b2d0)
                          - __init__.pyi (RegularFile, f571933bb948577b1f9f3076fb8fc7c6)
                          - export.pyi (RegularFile, c8b2ec87e2f2f04f4132bcbe1e71fa77)
                          - import.pyi (RegularFile, c8b2ec87e2f2f04f4132bcbe1e71fa77)
                      - METADATA.toml (RegularFile, bb15660aae3c51acdf86c98141037b86)
                    - docker (Directory, 02edb2ecf536d516975517e9dfbf1744)
                      - @tests (Directory, 320dc8ae8a8cdd475f86f94ff34ad433)
                        - stubtest_allowlist.txt (RegularFile, 838712083d4e335bbf8957e0f03f63a5)
                      - docker (Directory, 6dc8d66055b0bc98dd9f1eb19bd02c27)
                        - __init__.pyi (RegularFile, aeacbf50a7a0cabb653c3f009c33c726)
                        - _types.pyi (RegularFile, 2c59c801b2c4fb3c6177de5a5160ebd9)
                        - api (Directory, 11df11d3551a2a074f8456e2470eadc8)
                          - __init__.pyi (RegularFile, 39255ac1c80c135b8e4f11d8a0f07c61)
                          - build.pyi (RegularFile, 46d5195942133d5e3798f6fefaee8053)
                          - client.pyi (RegularFile, 1a5d5acfe787a1076b718e2ae60353c6)
                          - config.pyi (RegularFile, a7fcd4293576542123fbe37d1fb5adf8)
                          - container.pyi (RegularFile, ce72118dd9602e4f817b7be0367a5d3b)
                          - daemon.pyi (RegularFile, 141ed8125cfaaef1f23efd00e86ee423)
                          - exec_api.pyi (RegularFile, 9809f6511d265d0d7b1bb09d2126b693)
                          - image.pyi (RegularFile, 8f30ae3b6536b93818c573abadad6472)
                          - network.pyi (RegularFile, 1d47766adb2dd190925f263ce4e438db)
                          - plugin.pyi (RegularFile, 5a844f9c0de420e653ce2ebc47164abc)
                          - secret.pyi (RegularFile, 62fceac9f6baabe3ce564b3ccb539ad4)
                          - service.pyi (RegularFile, 019670816945a644729727bba5da60fa)
                          - swarm.pyi (RegularFile, 7c736b5eec60256cd636b1e76cd45010)
                          - volume.pyi (RegularFile, be33b37182c922d29b2172b909aefe5f)
                        - auth.pyi (RegularFile, d8cb554b12bccbbfc2b55ef613b77ac9)
                        - client.pyi (RegularFile, ded70c1ba261103de77c8b4732711c13)
                        - constants.pyi (RegularFile, 0e963e105a0e238fc0e79721a28ff8c2)
                        - context (Directory, 7423b6facc36085d34c966a5964bfab3)
                          - __init__.pyi (RegularFile, 28df0ecc1b8ebbd7e6fbd5da5d10999d)
                          - api.pyi (RegularFile, 4d272dc8672e9838913cb19d8e7fe2b5)
                          - config.pyi (RegularFile, ce929f55987a1ac493a711eb10731369)
                          - context.pyi (RegularFile, f582d47019d34d0128f5429c9c02039b)
                        - credentials (Directory, 672d6e1443dd8582f95a0e27146a0f9b)
                          - __init__.pyi (RegularFile, 9f214b670594847d91146b2b5119a299)
                          - constants.pyi (RegularFile, ffb52fa935244d9352ebb298ae0b676f)
                          - errors.pyi (RegularFile, 61bb1862e98ae3314944728f187cc5c7)
                          - store.pyi (RegularFile, 66d90aa39174443a2011a07022e120c1)
                          - utils.pyi (RegularFile, 59d3b3e76e9d60685ed3a79be0ad1e72)
                        - errors.pyi (RegularFile, aa05c5e0235126f33be4380ec1fe7dd4)
                        - models (Directory, 359ab7a5f2bc0990a64e0068dec5872c)
                          - __init__.pyi (RegularFile, f571933bb948577b1f9f3076fb8fc7c6)
                          - configs.pyi (RegularFile, 7a4193c3f8260f32ecd9f98eab2d8734)
                          - containers.pyi (RegularFile, 771e2387a05fdf2721bce47f55a93366)
                          - images.pyi (RegularFile, 52f739dda352e3f209727a23c374b20b)
                          - networks.pyi (RegularFile, 6a178b75c294a988fc83b5c2d904d734)
                          - nodes.pyi (RegularFile, d6ad416843178cd13c5e5b30c04aea7d)
                          - plugins.pyi (RegularFile, 97b28ffda9a0b97621511de93ea721b4)
                          - resource.pyi (RegularFile, 1e13cfe0f1acca0369924754ef0ea57b)
                          - secrets.pyi (RegularFile, 337c2bc1ec339631c15e71dec0690221)
                          - services.pyi (RegularFile, a931669bfb3f6338ae1c1dc05a909707)
                          - swarm.pyi (RegularFile, 6fdb59cbc76eac1cc18e8f7b4140fd53)
                          - volumes.pyi (RegularFile, fd3c73328cd008945424b6b71d141ae5)
                        - tls.pyi (RegularFile, 82b941671c0ae63655397e6b197783ce)
                        - transport (Directory, ca4bb95afbc3bfcab692f48cbfc88634)
                          - __init__.pyi (RegularFile, c2bc6623a288836ff623b1c167cd7738)
                          - basehttpadapter.pyi (RegularFile, fd5d1083655be6b1552487cd60e4cd86)
                          - npipeconn.pyi (RegularFile, 9ab31ed10a226ac808c5909231689442)
                          - npipesocket.pyi (RegularFile, 0ce6750c327648bb868cc2b6ccfef896)
                          - sshconn.pyi (RegularFile, 5f45566024691298b29fe85304d9019b)
                          - unixconn.pyi (RegularFile, d381e330cf00a4f937a1b6fd9f5510ff)
                        - types (Directory, 4a5e135dddbdda09d23b71ad88318b7f)
                          - __init__.pyi (RegularFile, 7f6032f0cd161e33bdfc8d6d82502d8b)
                          - base.pyi (RegularFile, b8989afcee773ecc7120f9fa254343c3)
                          - containers.pyi (RegularFile, a275faa7c941b8649353bfcc7ddfe855)
                          - daemon.pyi (RegularFile, fd4ee8decfb18b597ea3c25ba452a973)
                          - healthcheck.pyi (RegularFile, 41e80980bf8273777353c1cc16462a65)
                          - networks.pyi (RegularFile, 711a422b95c95c7b0055f2772326d844)
                          - services.pyi (RegularFile, b2b8c40389b6075312ae1d3930bd3333)
                          - swarm.pyi (RegularFile, 93499ba37bbbebfbc288e5f2d85b5477)
                        - utils (Directory, 6ecdc7cef5d46b4ed1a7cc0475ee9831)
                          - __init__.pyi (RegularFile, 1613305efcad9c14b5e4f53f80503c4a)
                          - build.pyi (RegularFile, ab76dcfdbefa88912a24c7c165025a38)
                          - config.pyi (RegularFile, 78cb9f16d977bf2249875d6d72c5b307)
                          - decorators.pyi (RegularFile, e406047ad2d4bc59e5c70a76c6ac598c)
                          - fnmatch.pyi (RegularFile, 39dd6b0b4bffc54dd148b42b53879cd7)
                          - json_stream.pyi (RegularFile, 4472133ad0d99478a89e5f3f7ac05a2f)
                          - ports.pyi (RegularFile, f0db2e7ad55baf7808c1334b1e76b28c)
                          - proxy.pyi (RegularFile, 15fc538177c888040d82ecb07db8f586)
                          - socket.pyi (RegularFile, fd9610fa0200da5ed9011905afbf7bb7)
                          - utils.pyi (RegularFile, 551454aeca8c782f660262b8e710652d)
                        - version.pyi (RegularFile, 4f674eb8f556927c4aefa3c7c517cee5)
                      - METADATA.toml (RegularFile, a14859f76551e146b8eb7c7bd0c16fa1)
                    - dockerfile-parse (Directory, 4fb810c9e75986433e786a3003b5c406)
                      - dockerfile_parse (Directory, 7393d4e7efefd0fc69a7426401018914)
                        - __init__.pyi (RegularFile, e2a5b8832d6c57d6738f17c2cc3dc4a5)
                        - constants.pyi (RegularFile, c8d2dfb3cb18388053b6ba70396789e6)
                        - parser.pyi (RegularFile, c7531daa340da1ca97e967525f4dffd2)
                        - util.pyi (RegularFile, e091c380a31b4be03adfec0c003b541a)
                      - METADATA.toml (RegularFile, e77ce8899d1e88df0c199e53edda405f)
                    - docutils (Directory, 360890a2f23572abe71d62487344c6f0)
                      - @tests (Directory, ce557ce83fa384aa55703a21ab85ff81)
                        - stubtest_allowlist.txt (RegularFile, 845d9e5c4a610f8026a8ca92fc86e651)
                      - docutils (Directory, e8140f00b49270b307964db6de219548)
                        - __init__.pyi (RegularFile, 989f33d2540ba6b4fc6a9288aae61944)
                        - __main__.pyi (RegularFile, d4a22ef7f4b9f175c7c82df128218d1b)
                        - core.pyi (RegularFile, 69f1c938a0e4c3e002451621379768d5)
                        - examples.pyi (RegularFile, 7e588e425ab604244145090ac59d8fa6)
                        - frontend.pyi (RegularFile, dbe618d2e9bc48cc31e7e1a3894d9dde)
                        - io.pyi (RegularFile, 2f28c4222fd48d72cce12e88309923b9)
                        - languages (Directory, 78921c9ca63eeb73b8c0f4f13284194d)
                          - __init__.pyi (RegularFile, fe1cb7c41c9825b58e8fea3b042c227e)
                          - af.pyi (RegularFile, 7a39668fe9387759a6943fc8cc6bf2fc)
                          - ar.pyi (RegularFile, 60621d135d33162ff2cb9c3015dcb974)
                          - ca.pyi (RegularFile, 7a39668fe9387759a6943fc8cc6bf2fc)
                          - cs.pyi (RegularFile, 7a39668fe9387759a6943fc8cc6bf2fc)
                          - da.pyi (RegularFile, 7a39668fe9387759a6943fc8cc6bf2fc)
                          - de.pyi (RegularFile, 7a39668fe9387759a6943fc8cc6bf2fc)
                          - en.pyi (RegularFile, 7a39668fe9387759a6943fc8cc6bf2fc)
                          - eo.pyi (RegularFile, 7a39668fe9387759a6943fc8cc6bf2fc)
                          - es.pyi (RegularFile, 204def4e0c2b1c44e4eec7a694c72c56)
                          - fa.pyi (RegularFile, 60621d135d33162ff2cb9c3015dcb974)
                          - fi.pyi (RegularFile, 7a39668fe9387759a6943fc8cc6bf2fc)
                          - fr.pyi (RegularFile, 7a39668fe9387759a6943fc8cc6bf2fc)
                          - gl.pyi (RegularFile, 7a39668fe9387759a6943fc8cc6bf2fc)
                          - he.pyi (RegularFile, 7a39668fe9387759a6943fc8cc6bf2fc)
                          - it.pyi (RegularFile, 7a39668fe9387759a6943fc8cc6bf2fc)
                          - ja.pyi (RegularFile, 7a39668fe9387759a6943fc8cc6bf2fc)
                          - ka.pyi (RegularFile, 7a39668fe9387759a6943fc8cc6bf2fc)
                          - ko.pyi (RegularFile, 7a39668fe9387759a6943fc8cc6bf2fc)
                          - lt.pyi (RegularFile, 7a39668fe9387759a6943fc8cc6bf2fc)
                          - lv.pyi (RegularFile, 7a39668fe9387759a6943fc8cc6bf2fc)
                          - nl.pyi (RegularFile, 7a39668fe9387759a6943fc8cc6bf2fc)
                          - pl.pyi (RegularFile, 7a39668fe9387759a6943fc8cc6bf2fc)
                          - pt_br.pyi (RegularFile, 7a39668fe9387759a6943fc8cc6bf2fc)
                          - ru.pyi (RegularFile, 7a39668fe9387759a6943fc8cc6bf2fc)
                          - sk.pyi (RegularFile, 7a39668fe9387759a6943fc8cc6bf2fc)
                          - sv.pyi (RegularFile, 7a39668fe9387759a6943fc8cc6bf2fc)
                          - uk.pyi (RegularFile, 7a39668fe9387759a6943fc8cc6bf2fc)
                          - zh_cn.pyi (RegularFile, adf0217ca649f65bc3fedf2c79544699)
                          - zh_tw.pyi (RegularFile, adf0217ca649f65bc3fedf2c79544699)
                        - nodes.pyi (RegularFile, 238e132bbf94bab8f684c28c73456eb5)
                        - parsers (Directory, f0bc71c906c0d0ab2086e3c4e7b4f27d)
                          - __init__.pyi (RegularFile, be05c3723315c114b7662ba131dd2be8)
                          - commonmark_wrapper.pyi (RegularFile, 32095f7f23737089767a9166a3c49b9e)
                          - docutils_xml.pyi (RegularFile, 29de11d751833495f51c71e74f5056b9)
                          - null.pyi (RegularFile, a661b6455b9ab9fe622bcad2c29c0c79)
                          - recommonmark_wrapper.pyi (RegularFile, f27dc922e1a4fb81800a6e64ac4d233f)
                          - rst (Directory, 90365841ae3939a51e7c64f9df9533e1)
                            - __init__.pyi (RegularFile, ce48d61f1f5ab21442bf195ac7d47dce)
                            - directives (Directory, 42df838d02002af1b07f76f4a2a62f4d)
                              - __init__.pyi (RegularFile, bbd82f88966f67903baef4526a3c66b6)
                              - admonitions.pyi (RegularFile, 7087720e3f625941dff13cf1141348af)
                              - body.pyi (RegularFile, eddc793dac90a8b01c231d2785e2ceb0)
                              - html.pyi (RegularFile, e6f1ca3c9ae68e9ceb802a3f57dc8227)
                              - images.pyi (RegularFile, a56435515ea7854b4ee8fbd69e3f09b2)
                              - misc.pyi (RegularFile, 718a58645c4d697a78304ffe2e72959b)
                              - parts.pyi (RegularFile, 6f8a4a63791b3aab76e3ff0cc3cf7e72)
                              - references.pyi (RegularFile, f7d6a00fbd7392a2116b93fd1e883fac)
                              - tables.pyi (RegularFile, fc279911b51d577e8d0c8179aa29db4d)
                            - languages (Directory, 3074057a5913f67bfdc1b4cb8a3edd8a)
                              - __init__.pyi (RegularFile, be2c7d7f1a10fc9bc453e25dd3a77743)
                              - af.pyi (RegularFile, 4d76e23b3b07ba9229ccc9f31849fe6c)
                              - ar.pyi (RegularFile, 4d76e23b3b07ba9229ccc9f31849fe6c)
                              - ca.pyi (RegularFile, 4d76e23b3b07ba9229ccc9f31849fe6c)
                              - cs.pyi (RegularFile, 4d76e23b3b07ba9229ccc9f31849fe6c)
                              - da.pyi (RegularFile, 4d76e23b3b07ba9229ccc9f31849fe6c)
                              - de.pyi (RegularFile, 4d76e23b3b07ba9229ccc9f31849fe6c)
                              - en.pyi (RegularFile, 4d76e23b3b07ba9229ccc9f31849fe6c)
                              - eo.pyi (RegularFile, 4d76e23b3b07ba9229ccc9f31849fe6c)
                              - es.pyi (RegularFile, 4d76e23b3b07ba9229ccc9f31849fe6c)
                              - fa.pyi (RegularFile, 4d76e23b3b07ba9229ccc9f31849fe6c)
                              - fi.pyi (RegularFile, 4d76e23b3b07ba9229ccc9f31849fe6c)
                              - fr.pyi (RegularFile, 4d76e23b3b07ba9229ccc9f31849fe6c)
                              - gl.pyi (RegularFile, 4d76e23b3b07ba9229ccc9f31849fe6c)
                              - he.pyi (RegularFile, 4d76e23b3b07ba9229ccc9f31849fe6c)
                              - it.pyi (RegularFile, 4d76e23b3b07ba9229ccc9f31849fe6c)
                              - ja.pyi (RegularFile, 4d76e23b3b07ba9229ccc9f31849fe6c)
                              - ka.pyi (RegularFile, 4d76e23b3b07ba9229ccc9f31849fe6c)
                              - ko.pyi (RegularFile, 4d76e23b3b07ba9229ccc9f31849fe6c)
                              - lt.pyi (RegularFile, 4d76e23b3b07ba9229ccc9f31849fe6c)
                              - lv.pyi (RegularFile, 4d76e23b3b07ba9229ccc9f31849fe6c)
                              - nl.pyi (RegularFile, 4d76e23b3b07ba9229ccc9f31849fe6c)
                              - pl.pyi (RegularFile, 4d76e23b3b07ba9229ccc9f31849fe6c)
                              - pt_br.pyi (RegularFile, 4d76e23b3b07ba9229ccc9f31849fe6c)
                              - ru.pyi (RegularFile, 4d76e23b3b07ba9229ccc9f31849fe6c)
                              - sk.pyi (RegularFile, 4d76e23b3b07ba9229ccc9f31849fe6c)
                              - sv.pyi (RegularFile, 4d76e23b3b07ba9229ccc9f31849fe6c)
                              - uk.pyi (RegularFile, 4d76e23b3b07ba9229ccc9f31849fe6c)
                              - zh_cn.pyi (RegularFile, 4d76e23b3b07ba9229ccc9f31849fe6c)
                              - zh_tw.pyi (RegularFile, 4d76e23b3b07ba9229ccc9f31849fe6c)
                            - roles.pyi (RegularFile, ecf2461c1aae82b5761a708f0288d588)
                            - states.pyi (RegularFile, 006f5910569b7fa0f493cfc6a5eb3fe8)
                            - tableparser.pyi (RegularFile, ee75dd334008e2a6dfcc2d0ed1cd7f96)
                        - readers (Directory, 6f5603b1d42c8141be9828b3060f00a0)
                          - __init__.pyi (RegularFile, 1a4af1eecc45d1da2331b665e26a04ea)
                          - doctree.pyi (RegularFile, ac109677d475a2300cf7879172f28424)
                          - pep.pyi (RegularFile, a538428103b51df138a24bb138aa9389)
                          - standalone.pyi (RegularFile, e27c68a1959806ce32f70c94e8296ea8)
                        - statemachine.pyi (RegularFile, 3f01f084785e00a04d60bc7608174fe7)
                        - transforms (Directory, af668dec0491182035592f0b2aca7831)
                          - __init__.pyi (RegularFile, 36ffb99c579ead8871f5487db0527ea1)
                          - components.pyi (RegularFile, 9ebaafadd901485908b58e8723f3c36a)
                          - frontmatter.pyi (RegularFile, e74d2618f51aeda1e278d099aa1634f6)
                          - misc.pyi (RegularFile, 41848afbad28e26f70e5bc48000b88a5)
                          - parts.pyi (RegularFile, d003bdc0d8027c097f1b19367037871a)
                          - peps.pyi (RegularFile, 0fb6baa11242d4b491dbce780ef71876)
                          - references.pyi (RegularFile, bfd64e94fae49b6f32d1c4711bde7934)
                          - universal.pyi (RegularFile, 0ca5adbb7dd9a68b9f67f18643766b26)
                          - writer_aux.pyi (RegularFile, 6d3280bfe16d7a3d9942ff4058b4ae56)
                        - utils (Directory, a25ae5c34337d5f51fed8aeee12c1bda)
                          - __init__.pyi (RegularFile, 6013f2d027395407613a152032fdf648)
                          - _roman_numerals.pyi (RegularFile, 9ff5484bf5bd69b1432db504d4eb907b)
                          - code_analyzer.pyi (RegularFile, 2160d4b39ec0b5f7a55c27ca07f3da4b)
                          - math (Directory, 0b33d81741d61fe7d693f474f8cc88c7)
                            - __init__.pyi (RegularFile, 006e4db0c5eb78b9c1e50dede80f63e5)
                            - latex2mathml.pyi (RegularFile, 7fff73bb10d790574a9f9b8f6f846fce)
                            - math2html.pyi (RegularFile, 8523c59478805b3e83f44d4f6d936667)
                            - mathalphabet2unichar.pyi (RegularFile, 10b1b8758f799034c6b6d5501a69efce)
                            - mathml_elements.pyi (RegularFile, 2f9c9c452beafbcffaadd8ce0b8d2945)
                            - tex2mathml_extern.pyi (RegularFile, c223dc49f85815f78e42d0c5153965ff)
                            - tex2unichar.pyi (RegularFile, f332810513ad45f93b342a474cceb166)
                            - unichar2tex.pyi (RegularFile, 9a665d4f039df4553867af19f4a1741f)
                          - punctuation_chars.pyi (RegularFile, 7f4ee9339ea777fa384d9b92aea8153a)
                          - smartquotes.pyi (RegularFile, 1aa4bf3c7605d551bc433ff253a4e78b)
                          - urischemes.pyi (RegularFile, bddcaac25c1269749aadc2727aedc5c5)
                        - writers (Directory, 82105c013db889a1cc1c3984b5c97c1c)
                          - __init__.pyi (RegularFile, 7632c67a60dfe12d4a789ce9730670a0)
                          - _html_base.pyi (RegularFile, 1e733a6dca457fec77dd6bc068305640)
                          - docutils_xml.pyi (RegularFile, 5fcf3fc6e10b997db5d318e1568c1b80)
                          - html4css1 (Directory, a2f6ebf33f510522aecca37377a468ca)
                            - __init__.pyi (RegularFile, b33760c0c72af5517dbdd223448e06ca)
                          - html5_polyglot (Directory, 0627c69b994402902a0ea48c2fb0d4be)
                            - __init__.pyi (RegularFile, d311142fc6b3b94746b67d40924fae19)
                          - latex2e (Directory, 0ab518b47eeab6aac19261658e83e92c)
                            - __init__.pyi (RegularFile, 6bc8be73e204a5f03db2c2247f910970)
                          - manpage.pyi (RegularFile, c84bcb3af9ab1e50465e9ae566d4e20b)
                          - null.pyi (RegularFile, 318ebf0f62b0fdd27f29d9921c8201ef)
                          - odf_odt (Directory, e802f619c7f2eadcc69b69026121a8b2)
                            - __init__.pyi (RegularFile, 1f452e9a90619b9920c57984be6fddc3)
                            - prepstyles.pyi (RegularFile, e27d15d0f143799347d69624e37dc889)
                            - pygmentsformatter.pyi (RegularFile, 2a00980583aecd7428f6fdbfb016aa14)
                          - pep_html (Directory, 72e9164eb4c95d04342b1ec1d41a9f05)
                            - __init__.pyi (RegularFile, 3e69d0a5819feb1d9b4da7a3bdf55238)
                          - pseudoxml.pyi (RegularFile, 6e1582f680a66eceac793806f42833f1)
                          - s5_html (Directory, 07d29111c51e7c0a246e4bf64e081d40)
                            - __init__.pyi (RegularFile, a3f805b9d3f9446d9cd1ab2e7ddb11ea)
                          - xetex (Directory, 32bae3bd435c4521635188a6426b43bd)
                            - __init__.pyi (RegularFile, affa06e7b492dab9b437e2bb79bdaffd)
                      - METADATA.toml (RegularFile, 2b7858c7ed24f2da3b423bcb1262eac0)
                    - editdistance (Directory, 56a507b18f722c676fa39f128c595355)
                      - @tests (Directory, d779efc78954b3a35b993b27d6a3a413)
                        - stubtest_allowlist.txt (RegularFile, 9e527aefba138c64d26a40594fe933d4)
                      - editdistance (Directory, fc0d53410becc3035782644a35b98186)
                        - __init__.pyi (RegularFile, 6ac11b693bc64e5af8c7a172f509dbe6)
                      - METADATA.toml (RegularFile, b3e8ef721438c462648451c4f4809a1d)
                    - entrypoints (Directory, 1b370197e6eb3eee08b2c21f11dcf97c)
                      - @tests (Directory, 77a486a45bc2689e54557756bb67932d)
                        - stubtest_allowlist.txt (RegularFile, 50a3ee75eceb8eca137073c70a69a7dd)
                      - entrypoints.pyi (RegularFile, 2b27b1504bb119a593cd4141039bfaac)
                      - METADATA.toml (RegularFile, 5f93f688d9b74109d1c86906fca95241)
                    - ExifRead (Directory, a673308decedfef0a18a88783fb85a44)
                      - @tests (Directory, 1714b05ca9249fd20e5844f88ce0a8f6)
                        - stubtest_allowlist.txt (RegularFile, 2e467269d93b1b915da5f9e50b7769f6)
                      - exifread (Directory, 5bc45213b4346cbc66ca7a6b24845fb7)
                        - __init__.pyi (RegularFile, 9535ae4ac3284e5bd491c5bd10794b41)
                        - _types.pyi (RegularFile, ab46adaa3d732d96836ebdcc3a5bdd10)
                        - classes.pyi (RegularFile, fe7ec70a3b548463a3d3ce35f6df38e0)
                        - exceptions.pyi (RegularFile, c3b9c28f242e3674e975dd28f251521f)
                        - exif_log.pyi (RegularFile, a5a523fafe98a2d96779ae46ffcc1d64)
                        - heic.pyi (RegularFile, e5269e4ed3f6502ad2799a428580ea6f)
                        - jpeg.pyi (RegularFile, c00626fcc01e9de28bf22fc9ab666e58)
                        - tags (Directory, 484a2793f58fba5a6d35a1f11bb7a3f2)
                          - __init__.pyi (RegularFile, 99d08048f1504d70fb219c77f4cea62c)
                          - exif.pyi (RegularFile, dfd58fa58fd09c7e1eecdabaadde69af)
                          - makernote (Directory, 76e34f53ce3a13dc0716d8180a1a0609)
                            - __init__.pyi (RegularFile, f571933bb948577b1f9f3076fb8fc7c6)
                            - apple.pyi (RegularFile, 677c39777e7b5a6551fdb76a7def0664)
                            - canon.pyi (RegularFile, a6ce02bd4b7c15bd0c3618b13a3c8b67)
                            - casio.pyi (RegularFile, 677c39777e7b5a6551fdb76a7def0664)
                            - fujifilm.pyi (RegularFile, 677c39777e7b5a6551fdb76a7def0664)
                            - nikon.pyi (RegularFile, 596ca8589259d046bdab6f12e3a1df06)
                            - olympus.pyi (RegularFile, 490958a8bcbcacea6b6a333752a4337b)
                        - utils.pyi (RegularFile, e6427a3718f61c5416fc0ec36e61e70c)
                      - METADATA.toml (RegularFile, 55284e9eccaddad7f66c75a874e2c3e3)
                    - fanstatic (Directory, 96900a4f061fcc4555127bf673bccd8b)
                      - @tests (Directory, 8ab7a7c8b12b002d72fc15392d6a6c53)
                        - stubtest_allowlist.txt (RegularFile, 8094ccb49feb524348879d7e6bec3298)
                      - fanstatic (Directory, ef4c2d733060f0840d49bbf302592fd9)
                        - __init__.pyi (RegularFile, de11e1d9b183c7ea98a791035b468624)
                        - checksum.pyi (RegularFile, 2965f0501f1257499261a28dc0fc1d47)
                        - compiler.pyi (RegularFile, b63530a1a741ee0b83ee60ff4eee1a49)
                        - config.pyi (RegularFile, cb28bafb74547c27d9d2bf3618e67c4c)
                        - core.pyi (RegularFile, 6bbfac4ef9bab9b8708f761e1c3609b2)
                        - inclusion.pyi (RegularFile, 7a550fbcff93115eecd55433006ae16d)
                        - injector.pyi (RegularFile, 376322dc0eecb24466ca9943d5ba3f06)
                        - publisher.pyi (RegularFile, eea499a199c06b03bebe67a32919129e)
                        - registry.pyi (RegularFile, 72759b013662b6ac59c8d71766ec0e89)
                        - wsgi.pyi (RegularFile, c61e75f9b1dbff7b2f4d58f4f006cf7e)
                      - METADATA.toml (RegularFile, 690e465f38070ab0421bb9635f50bea1)
                    - first (Directory, adab69023771642956aba970079613c9)
                      - first.pyi (RegularFile, 475de84f36b22d3422cb4f53a3d72ee2)
                      - METADATA.toml (RegularFile, c27a3a7c58b71c913a1770932e508a93)
                    - flake8 (Directory, 455de7ba94e5f6d5db3aff0e82563a74)
                      - @tests (Directory, 48289db2023d2af74b4820f613fefda2)
                        - stubtest_allowlist.txt (RegularFile, fd307f6ff3aec46726fcec0ebbaef2f4)
                      - flake8 (Directory, 6f57cb6e24f5828614e80e21e962e3e3)
                        - __init__.pyi (RegularFile, 219eb02b116434d17b14ced8fd306f61)
                        - _compat.pyi (RegularFile, cd1b0395ca23282a533b8600a89276a1)
                        - api (Directory, 02b841360b4ac0db02f4c940949c14a9)
                          - __init__.pyi (RegularFile, f571933bb948577b1f9f3076fb8fc7c6)
                          - legacy.pyi (RegularFile, 3d21beb6cd0aad29695af4ac70769e70)
                        - checker.pyi (RegularFile, 36972bf48c7756d96f3ab1cdba02c870)
                        - defaults.pyi (RegularFile, f64a1465b3c9322e1235766c391377d1)
                        - discover_files.pyi (RegularFile, 5ceb6149d925fb68ec3fdd9202238b6d)
                        - exceptions.pyi (RegularFile, 1470ae7aad854b384e4d1b826c35f552)
                        - formatting (Directory, ce283f050bb366a6828d03fe838aff32)
                          - __init__.pyi (RegularFile, f571933bb948577b1f9f3076fb8fc7c6)
                          - _windows_color.pyi (RegularFile, ac5798df831c7c9c18bda545800a1c91)
                          - base.pyi (RegularFile, a9fa911ef07d48a895e5ff220c5ce459)
                          - default.pyi (RegularFile, f3cb4182251d5e9605851240328ff784)
                        - main (Directory, 053bf5cb33041e887cf0c73463d8ef04)
                          - __init__.pyi (RegularFile, f571933bb948577b1f9f3076fb8fc7c6)
                          - application.pyi (RegularFile, 9ff0813b970ce306fbbe3e37bcb7f053)
                          - cli.pyi (RegularFile, 7462da8d7907d5fe6694b832c406b7ff)
                          - debug.pyi (RegularFile, f8be9adf45cbad4d3a72033f7b5b4bd0)
                          - options.pyi (RegularFile, ccf17eaa587b4967bdcfe025e5055567)
                        - options (Directory, d2420934fa4d66bb550b5f244cbfb5fb)
                          - __init__.pyi (RegularFile, f571933bb948577b1f9f3076fb8fc7c6)
                          - aggregator.pyi (RegularFile, 8485c733babccdb2a76097cbf0a8572c)
                          - config.pyi (RegularFile, f4dc7856761aa092d1f749d5ea7bbe7d)
                          - manager.pyi (RegularFile, 7dd1f66680e20a72c2f65ccfcc00d123)
                          - parse_args.pyi (RegularFile, c0c07996055f272cd4343751a5696b60)
                        - plugins (Directory, 65b921cb234c5f1a79bbe0087c095dd0)
                          - __init__.pyi (RegularFile, f571933bb948577b1f9f3076fb8fc7c6)
                          - finder.pyi (RegularFile, 84d4e548b9430e5a8caa7bfa01f95feb)
                          - pycodestyle.pyi (RegularFile, c5cd4e2d35cbd0e220250fab460ed079)
                          - pyflakes.pyi (RegularFile, efec082572a2a8ea6a593d33f8794376)
                          - reporter.pyi (RegularFile, 792cd18fc4b6a234ddf372e165131eed)
                        - processor.pyi (RegularFile, 231c89c94e640d552c1be3ce8f909a43)
                        - statistics.pyi (RegularFile, 8be8c22776aa9a4386dfd7a3355bd43f)
                        - style_guide.pyi (RegularFile, d20c12115bce10842818c4053927e996)
                        - utils.pyi (RegularFile, e0202e29711ab46d0299fd63483b6766)
                        - violation.pyi (RegularFile, 1b3f776b3970b8858d06ca3c93245d07)
                      - METADATA.toml (RegularFile, 1a8802fc54f3d5bc51640a54e0d03947)
                    - flake8-bugbear (Directory, 79320bd55810efe6d7790c7e1e748a42)
                      - @tests (Directory, 09c4e56eed8868512d034b222d169107)
                        - stubtest_allowlist.txt (RegularFile, eb84d1ec31e5a179d3f92898f7ab944d)
                      - bugbear.pyi (RegularFile, 490e49c6314101cbbfcb95564c968229)
                      - METADATA.toml (RegularFile, 0af7af686dfb0f76da2f45291cbc4ea0)
                    - flake8-builtins (Directory, ea0d120bf9d54101fdd5ca41139fa2ed)
                      - flake8_builtins.pyi (RegularFile, 716f3a8f9da88630cd7aaeca7552ed62)
                      - METADATA.toml (RegularFile, 9cea263725078cadb54d6a09e432bfdf)
                    - flake8-docstrings (Directory, 134b7bd3a8f8972e00c4e9f402b12363)
                      - flake8_docstrings.pyi (RegularFile, 8bffcd419eac072fa2ac6dbdb19ccb54)
                      - METADATA.toml (RegularFile, aec421686ef51e7d41c6bd533c6f3029)
                    - flake8-rst-docstrings (Directory, 76aed781a45d3b382beba7a4fd14420e)
                      - flake8_rst_docstrings.pyi (RegularFile, f337890328a09ece038ac9ffe1f235d9)
                      - METADATA.toml (RegularFile, 79601838723686e20ac693fdf17d5a5f)
                    - flake8-simplify (Directory, 1d741a10ca52bfa3eac6f2a9d55d65ad)
                      - flake8_simplify (Directory, 938ab9be6ef0cdc3f4c0427857993dbd)
                        - __init__.pyi (RegularFile, 35c282b4c34947de098d206d6ed0ad19)
                        - constants.pyi (RegularFile, 218579e3e3444ce52c1bb117011f056d)
                        - rules (Directory, 8d97765a1ca791ceec6de37d7c2eee4b)
                          - __init__.pyi (RegularFile, f571933bb948577b1f9f3076fb8fc7c6)
                          - ast_assign.pyi (RegularFile, 25cfb4373bafaeb6f3b54859de522df2)
                          - ast_bool_op.pyi (RegularFile, cddce745a0e0df1f4a5db7c9c630760b)
                          - ast_call.pyi (RegularFile, e0cd8d344fdba160c4710cca0ba19c49)
                          - ast_classdef.pyi (RegularFile, 043129a8bac6b7018201373f22c756fd)
                          - ast_compare.pyi (RegularFile, 850de9208f09a3143702f9e06d63391d)
                          - ast_expr.pyi (RegularFile, 6a90ae635c1c2ac1bcb86680b4e108d1)
                          - ast_for.pyi (RegularFile, 575e0017fe2b24a0b5a6fb806d2c229a)
                          - ast_if.pyi (RegularFile, 137c8fc35deeed3ce70c6779276e0265)
                          - ast_ifexp.pyi (RegularFile, 79a524e61fa8f37f67805b78bcdcc023)
                          - ast_subscript.pyi (RegularFile, e3d81f3fe54fbd16443126056f1c3cb4)
                          - ast_try.pyi (RegularFile, 48ab21c2e8f79c3af6303c84255b9967)
                          - ast_unary_op.pyi (RegularFile, 01bbbe939fb4a1c88b2d6aa2cad2ed12)
                          - ast_with.pyi (RegularFile, d6eb8261d599ce23f043d561f17b9ed3)
                        - utils.pyi (RegularFile, 60871d8df2d4c15ef6171b3e93183943)
                      - METADATA.toml (RegularFile, bb1d76113c656fba882cccd40b2534d1)
                    - flake8-typing-imports (Directory, 37069d37f93b369de8cda11ebff42251)
                      - flake8_typing_imports.pyi (RegularFile, 511a71a107eefd777c5ba8790156abe5)
                      - METADATA.toml (RegularFile, e581edcb19b2f352910c2ffe4a141904)
                    - Flask-Cors (Directory, 80fafa82a2e7ef140367d599619dec72)
                      - flask_cors (Directory, 773d06bc73b1c43464bf6669023ef4c5)
                        - __init__.pyi (RegularFile, 9aba6135b402ea7e73f4f88b57a3fc29)
                        - core.pyi (RegularFile, 2b8a94e84121ccaf353868422f0db5dd)
                        - decorator.pyi (RegularFile, e35be39a1e207561f15381207a042cec)
                        - extension.pyi (RegularFile, 8c6ac9fa22a656d38ae13c4e46904bdc)
                        - version.pyi (RegularFile, 4f674eb8f556927c4aefa3c7c517cee5)
                      - METADATA.toml (RegularFile, 95916842448314d0997c425b4e9f3b0a)
                    - Flask-Migrate (Directory, 8d3d47a91df756dfc6152c50d1044e4e)
                      - @tests (Directory, cef1d5ff68760afbf4b6440cebba9534)
                        - stubtest_allowlist.txt (RegularFile, 383565934d30d9447ba5995709cd7dde)
                      - flask_migrate (Directory, 27e858459f35b0bc0f86ce50b76b424d)
                        - __init__.pyi (RegularFile, ec9a7eb6251beb09a0479000890e8da8)
                      - METADATA.toml (RegularFile, 5e9e1593209ae2de5b224c7a0ad31ef5)
                    - Flask-SocketIO (Directory, 31b8b65c3cb6cc27a3b91d7aba074d3a)
                      - @tests (Directory, 5a20dddab3405332b6b6dd8519e03353)
                        - stubtest_allowlist.txt (RegularFile, e19d51a92de38081b7fb2e57ce7b75ae)
                      - flask_socketio (Directory, 73671de7f77ade96f169c3fabddea54d)
                        - __init__.pyi (RegularFile, a440c76f7c2543f087f0141f2348c6bb)
                        - namespace.pyi (RegularFile, bd18e475724ac01b3dbea00f27121920)
                        - test_client.pyi (RegularFile, 97294e58889b1514dc2ef832f71cad71)
                      - METADATA.toml (RegularFile, 9fe1635d89eba4f108a87283c5502e52)
                    - Flask-SQLAlchemy (Directory, 23286c9d22fde6b9fc816c47ffeb01a8)
                      - @tests (Directory, ff9e80b4f2dd0847f90082795915ea04)
                        - stubtest_allowlist.txt (RegularFile, 1dc2e487ac1a57359c05b5f51b3a8212)
                      - flask_sqlalchemy (Directory, 4224986e40af05520af56c2c02a21cfd)
                        - __init__.pyi (RegularFile, 24acc683a8540298eefd1c12595b19f5)
                        - model.pyi (RegularFile, 62026d488066e9f7cc88152168b0b30a)
                        - utils.pyi (RegularFile, 8e88dba4dd286e75421e5ab276f522bc)
                      - METADATA.toml (RegularFile, 8569b438745ad37195ce5040a0511d60)
                    - fpdf2 (Directory, cde8f1e74861e6f4d403b72908e66b35)
                      - @tests (Directory, e2737c0b49f5875159153dc89df3baf3)
                        - stubtest_allowlist.txt (RegularFile, ce543ee3a5ca8ec25365ad861548f8d2)
                      - fpdf (Directory, 577f9d2c2d2688832238de1059f9b82f)
                        - __init__.pyi (RegularFile, 5616d2296997d7a054ad547f2ac8990a)
                        - _fonttools_shims.pyi (RegularFile, b11ff4e89abc0d11d844443d13b87904)
                        - actions.pyi (RegularFile, ddf7a7aad725e5fd39e30491f2938bb5)
                        - annotations.pyi (RegularFile, 933b6ea331d9cae64f239af1b6df8176)
                        - bidi.pyi (RegularFile, 05a137a0952d8d93649b6e501e888a29)
                        - deprecation.pyi (RegularFile, ae43bc874cf7e1eed29f68492870da48)
                        - drawing.pyi (RegularFile, 98e9dfb22d1da931f829976b976c042f)
                        - encryption.pyi (RegularFile, e2b7eb084cfe84e9a01020ae7655a369)
                        - enums.pyi (RegularFile, 52eca231fd42549cc0ab311ac15edcc7)
                        - errors.pyi (RegularFile, 156982f2e704cf816b4cc0a541675ec8)
                        - fonts.pyi (RegularFile, 6f1770580d87d25c1542172781d4ca4b)
                        - fpdf.pyi (RegularFile, 7425eb9b6d0dc4b0616f6defcaf2d1d5)
                        - graphics_state.pyi (RegularFile, 534b8bf12a9c520176eab5c9f9ab4964)
                        - html.pyi (RegularFile, 3b40f7270cfc066759d3de3575477652)
                        - image_datastructures.pyi (RegularFile, 05d1c463d231a463be3dfb24c95fd2b7)
                        - image_parsing.pyi (RegularFile, 620db88959c629379444b3525f333cac)
                        - line_break.pyi (RegularFile, 6480d63b0fa5c99289c8ba957479a35a)
                        - linearization.pyi (RegularFile, 98c70a9948c3b9ae1912e96e772b6316)
                        - outline.pyi (RegularFile, c3c44ef1f6498b98af12d7890f6bab3a)
                        - output.pyi (RegularFile, ba784233624c21419c8ccb8e8a38d872)
                        - pattern.pyi (RegularFile, 536ae5340ad2efc2ab4580d950e8af62)
                        - prefs.pyi (RegularFile, 05e11b2c0b9ed0a6cd3fe954695ed08c)
                        - recorder.pyi (RegularFile, 2ff8e6250a4ef4c9d4bce9f83df2a5ea)
                        - sign.pyi (RegularFile, d76f8f8ce1c43a5ee033c4b6e704d244)
                        - structure_tree.pyi (RegularFile, 4bbcd245c1a7cf653e68bf4eacdfdecf)
                        - svg.pyi (RegularFile, 7499cda5013368ef66b037651709e040)
                        - syntax.pyi (RegularFile, 8b601284f0761fa2ac0fbd9421121e5c)
                        - table.pyi (RegularFile, 013ad582880ffcec77ce2e51fba7d9c7)
                        - template.pyi (RegularFile, d98fa6b07cb1060c7e74b0ff366b9a76)
                        - text_region.pyi (RegularFile, c4c48bbaeb36c1b766501b25c7828954)
                        - transitions.pyi (RegularFile, bad51c5f06ee650716ec5c8a82cee294)
                        - unicode_script.pyi (RegularFile, ceaf78e77a11133b444c985b5a9c9dd1)
                        - util.pyi (RegularFile, 0c5db90086db4da06aa31896836024f3)
                      - METADATA.toml (RegularFile, 85eadf1d03199258556e2a6fc52e0b6c)
                    - gdb (Directory, 24bfa1d02df02971bed3e404b3b94bb2)
                      - @tests (Directory, 0d71856da66fd42a5e0aa65a46d1520f)
                        - stubtest_allowlist.txt (RegularFile, 77127fd5d5941c1fc29c974bae8e1488)
                      - gdb (Directory, 7b9edb2f69a51f9ff6de4d6e6a6b68bf)
                        - __init__.pyi (RegularFile, c5bf84e27f8a2dd993f300ef3d271207)
                        - dap (Directory, 5c57894a4ae759ccfd13b10158b11707)
                          - __init__.pyi (RegularFile, 690d8ff6c795b5bb6629234d0b2f4c37)
                          - breakpoint.pyi (RegularFile, 4845fe8d47f6d316ce9cae3399830c88)
                          - bt.pyi (RegularFile, 77aeeddb3b976b3f635436ff7ac14427)
                          - disassemble.pyi (RegularFile, 96382797699c522b15a61194cf12f813)
                          - evaluate.pyi (RegularFile, 98dadfe6153adc5592399c7c296c1fa6)
                          - events.pyi (RegularFile, fe1d160df8250cd9e6151f83f326965b)
                          - frames.pyi (RegularFile, ecc2a9174b06bd26865c08da4f0e8343)
                          - io.pyi (RegularFile, 9808d25da34d4b6c4f7f935402fbcfb9)
                          - launch.pyi (RegularFile, e7d8d143292159b306e18cc377a3b8bd)
                          - locations.pyi (RegularFile, 5c6588ab6305cd2efecd793f31ce8e24)
                          - memory.pyi (RegularFile, 9b412b78049046f4a867010e9bd23a00)
                          - modules.pyi (RegularFile, 8cec0b2568e4d493899f52d2dffa2aaf)
                          - next.pyi (RegularFile, 423788e2b36689ae68e264415ab08194)
                          - pause.pyi (RegularFile, 89bb7675477fe90ae945c523b8f7b2cf)
                          - scopes.pyi (RegularFile, 14b02ed14e6412f240c7acb35f737d8c)
                          - server.pyi (RegularFile, 5b2e6b00efadf708fe9f0fc7494b5600)
                          - sources.pyi (RegularFile, ba2150d9fe3a5c5dfade6ffad65e7f94)
                          - startup.pyi (RegularFile, ae5e1a59d4331cbe01322dafdae98936)
                          - state.pyi (RegularFile, eed1bc7926745a275d638ffee45c34ff)
                          - threads.pyi (RegularFile, 0103b522a817aadf97ff53c8df358e10)
                          - typecheck.pyi (RegularFile, e8e169f49e06250e785684f630181998)
                          - varref.pyi (RegularFile, db8e673811781531672b6f7ddccb0930)
                        - disassembler.pyi (RegularFile, 82dce39b5b5b8ec0facff90fbbf696e9)
                        - events.pyi (RegularFile, 9e8973fe39bd3018eee542e2bf17fc23)
                        - FrameDecorator.pyi (RegularFile, 19bdecb245dcabaf489847ccc8ab9291)
                        - FrameIterator.pyi (RegularFile, f961f74ee90aa6ffb4da8f807b5fd080)
                        - missing_debug.pyi (RegularFile, 7b43a004885bc7c9071395fa186da2c1)
                        - missing_files.pyi (RegularFile, dd5fc6856ca2f7c463a76310d7a7260e)
                        - missing_objfile.pyi (RegularFile, b6cb7969e342dd9b6a10f9ae58570cd5)
                        - printing.pyi (RegularFile, 019e2ac8f5758bf65e31521c7407800c)
                        - prompt.pyi (RegularFile, e08cc76a067600d411d96be02632d231)
                        - types.pyi (RegularFile, fb6f46226c27afd311726c7577e7d3ec)
                        - unwinder.pyi (RegularFile, e0e0e881b6139c8619087efa6f2f5f0d)
                        - xmethod.pyi (RegularFile, 957e507ae84a232c35bad4a884077c94)
                      - METADATA.toml (RegularFile, 141170700c23b9ba1a36abe4e621a4eb)
                    - geopandas (Directory, 9cdd019056868b247812bedef481e6ed)
                      - @tests (Directory, 801bc6989758deb870b83b3643002d3f)
                        - stubtest_allowlist.txt (RegularFile, 42c7cd3069d567355a716c645aa2e663)
                      - geopandas (Directory, 3072c380dc8ae7811214eb24c9878868)
                        - __init__.pyi (RegularFile, 117be4b39bede4222eb3d081286e18b4)
                        - _config.pyi (RegularFile, d4d59e4f1e7993291c288a3db18109b8)
                        - _decorator.pyi (RegularFile, 005e7354657dd9f985d1c9eb8dfb436e)
                        - _exports.pyi (RegularFile, 5f406129539c11c290313aa6edf5ac40)
                        - accessors.pyi (RegularFile, 300cbeffa91cdbc2ceba725e44f6eb65)
                        - array.pyi (RegularFile, 6d454d1d1cacdadf5c44e36a386b4e04)
                        - base.pyi (RegularFile, 5445d7783e2f3535f91a40a50f0d177f)
                        - explore.pyi (RegularFile, 3090deebd37120105c6bdec221876151)
                        - geodataframe.pyi (RegularFile, 75a5a05098afc5eb677695c0b55ce652)
                        - geoseries.pyi (RegularFile, 32259ea96f95dc881a081aa4b8415e22)
                        - io (Directory, 0fef0c4c4276b625a8c6baa651c42dc4)
                          - __init__.pyi (RegularFile, 501aca70dac3f6006418161bd349c342)
                          - _geoarrow.pyi (RegularFile, f1c35f600c2291a1d1f957fdbc909d9c)
                          - arrow.pyi (RegularFile, be565b2831a43b82fa825a617f068e1f)
                          - file.pyi (RegularFile, e0edf5c9f701bb7d5196e2e3eca022b6)
                          - sql.pyi (RegularFile, 6340133665201d7932f250d31a868852)
                        - plotting.pyi (RegularFile, 3fb06c546a779dbb7ca4c01373f62d00)
                        - sindex.pyi (RegularFile, ffeffc2ff3df5ca5ba299a32e124501a)
                        - testing.pyi (RegularFile, 44b07a97950a47d4006231bff05e2047)
                        - tools (Directory, 19b04b1119f65498584c082c1614fd31)
                          - __init__.pyi (RegularFile, 1c415b085240c404aa0a9de522917780)
                          - _show_versions.pyi (RegularFile, 415844cc225490496bf84232ea03a507)
                          - clip.pyi (RegularFile, 0173f880fbbfbfcc5b6e6f5f43474539)
                          - geocoding.pyi (RegularFile, 45b6a4569a9ae4a0f702772a5c45c161)
                          - hilbert_curve.pyi (RegularFile, 6762ab006967ed7fc76da93042ca59fa)
                          - overlay.pyi (RegularFile, 92ac5b1689ad2a8898cfa4192c42e3b6)
                          - sjoin.pyi (RegularFile, 0629f3af4b4c3c059abcbb52525fd9a9)
                          - util.pyi (RegularFile, 5652c3ddea4bf6def11221c413ba8234)
                      - METADATA.toml (RegularFile, 09cc38bdcd56a3ccf143e8aa307b26d9)
                    - gevent (Directory, 96ed484d5f3be72dd6260b93d44896f8)
                      - @tests (Directory, 62d46a65e9022a487643416655f4f5f7)
                        - stubtest_allowlist.txt (RegularFile, 9c8f9cabf8d2681c0e8407af0ae0dfdf)
                        - stubtest_allowlist_darwin.txt (RegularFile, c640eacaf4c946a455836cac2d8eb8e5)
                        - stubtest_allowlist_linux.txt (RegularFile, e4c04dbc5cd90a9559a3e73ada6c0c9c)
                        - stubtest_allowlist_win32.txt (RegularFile, ed6e1f3d3f209fa94befa101d769f176)
                      - gevent (Directory, bb0116653ba8b4089044243cc3546134)
                        - __init__.pyi (RegularFile, be072a62b502b19c5987e55b746f8b6c)
                        - _abstract_linkable.pyi (RegularFile, 06f111381df90473babe5d0a7d52f01c)
                        - _config.pyi (RegularFile, e6d96b7e2fae99459e9c2a002cb7f7be)
                        - _ffi (Directory, ef49e1bba029c263df3b5cb9a2b474d7)
                          - __init__.pyi (RegularFile, f571933bb948577b1f9f3076fb8fc7c6)
                          - loop.pyi (RegularFile, a2978714f8629d41239b885de6dd46d2)
                          - watcher.pyi (RegularFile, 6193a601a3ee13f28185f098f6478754)
                        - _fileobjectcommon.pyi (RegularFile, 24114cf5b7b9bc428c106bdbb83a10f0)
                        - _greenlet_primitives.pyi (RegularFile, e0a0c45d2f1eb1150f81ded0552c0508)
                        - _hub_local.pyi (RegularFile, 9bf58b16e66cac099a6ccde077791d16)
                        - _hub_primitives.pyi (RegularFile, f613fd9f46102e651f2487ab5eabb1c2)
                        - _ident.pyi (RegularFile, 97bf9e0bde18774886f402d7052314ce)
                        - _imap.pyi (RegularFile, cab014fc6bce62a1016a2ef333f8cc17)
                        - _monitor.pyi (RegularFile, 53830b8625d651e636f9b5239527bb74)
                        - _threading.pyi (RegularFile, bb6f418f9335f01e1a0f5e0428f1b127)
                        - _types.pyi (RegularFile, 06c4a25e83ce00288bd598fd67114b11)
                        - _util.pyi (RegularFile, 7ff10f08e2a0a3331a2e339ec936e3f7)
                        - _waiter.pyi (RegularFile, f723172ef9ffb64dcde27ee58d612503)
                        - ares.pyi (RegularFile, 5859b783cac2ba677a1af23077b93f08)
                        - backdoor.pyi (RegularFile, 6206b5088d4368ac30c82bea96308076)
                        - baseserver.pyi (RegularFile, 53f8045084842eaa94003c1b1cbc40f4)
                        - event.pyi (RegularFile, fd7e82d97aee4de6718ff31914e7063e)
                        - events.pyi (RegularFile, b182422c8f34368b3ea9499b7ea4bec5)
                        - exceptions.pyi (RegularFile, c12f8880be46c60dc5aff672497a66c5)
                        - fileobject.pyi (RegularFile, 199cb6a44b9df095cef64caa14f44aa0)
                        - greenlet.pyi (RegularFile, 8bb30f4086084846a541ad0df971bb49)
                        - hub.pyi (RegularFile, 1acbc1427f3dce74cbe7181e4666d575)
                        - libev (Directory, 1dc0f5524e1f89c51e02bca0d33511f3)
                          - __init__.pyi (RegularFile, 18abb1dc19459f05c7fb3c7719935840)
                          - corecext.pyi (RegularFile, 80f4a3c8c336defb7337b79ce1f911c1)
                          - corecffi.pyi (RegularFile, 54595dc15ffe16b186b8c171c852a609)
                          - watcher.pyi (RegularFile, e7be6889ea354b27dda4aba4eb32bbf5)
                        - libuv (Directory, 6d244ba82e8ee67909adf4fdcc133bf7)
                          - __init__.pyi (RegularFile, 18abb1dc19459f05c7fb3c7719935840)
                          - loop.pyi (RegularFile, ace3e24b44cd7fbf9f006a0881c934df)
                          - watcher.pyi (RegularFile, d417e5df4821dc45f6daa72d9e86361d)
                        - local.pyi (RegularFile, b447d8b13c7cff1f5bd265fbce17de4b)
                        - lock.pyi (RegularFile, 4b6fa90a4972c67de3e2f2c6bb6ee64c)
                        - monkey (Directory, 9a7086e02b1b03c35d82728b9dbd2549)
                          - __init__.pyi (RegularFile, 0202ccf38690200010a6d916a3523624)
                          - api.pyi (RegularFile, 1bd749f8ae7922040dd04e9596e9a5e0)
                        - os.pyi (RegularFile, 4f73787661482fca196005ce91590501)
                        - pool.pyi (RegularFile, 2814d56c074ecaac4337f94626b1fd46)
                        - pywsgi.pyi (RegularFile, 39c819d766db23c3d1e788fe502c66bf)
                        - queue.pyi (RegularFile, 2e546d5fa8d5adfc2d785f01617dd7ef)
                        - resolver (Directory, a94dc573c29438c5c1039e85c7ae8190)
                          - __init__.pyi (RegularFile, 5c7785b929e953b11c875a1513632497)
                          - ares.pyi (RegularFile, 3088ac39c21042b608ff56dc687dbd5b)
                          - blocking.pyi (RegularFile, 3047a2b8048383a47ffdd50dcd89d354)
                          - cares.pyi (RegularFile, 6851e82804e3ab84b83c44019de6180e)
                          - dnspython.pyi (RegularFile, 26bd8cd8e92834764be71f406030ff99)
                          - thread.pyi (RegularFile, 43b8b3aab0a2b536cebf71ce52dde9f1)
                        - resolver_ares.pyi (RegularFile, 7eabccaab307251cf087e1f08f903c10)
                        - resolver_thread.pyi (RegularFile, bcd330e322f30018de4379f8933ee9c0)
                        - select.pyi (RegularFile, 9babe95a7af415ae783f1ec90001240d)
                        - selectors.pyi (RegularFile, 479802e4c2f54036e94be9bfb575f7ab)
                        - server.pyi (RegularFile, 0fecf5da21746017a832ace86c5f6a03)
                        - signal.pyi (RegularFile, cbe5540e47df12c621e66eedb82001ad)
                        - socket.pyi (RegularFile, e2ce3f5405c6aac09e5d4a315a14bd29)
                        - ssl.pyi (RegularFile, d3ae0adaad08a4eee08b0a43b6a03c82)
                        - subprocess.pyi (RegularFile, 2e347512703268c6057c83eaa84ce0dd)
                        - threadpool.pyi (RegularFile, 3f553a656c53e436a30e8797a0b5e3ad)
                        - time.pyi (RegularFile, f68de6d38c0ea0a0d5c5582f8998b019)
                        - timeout.pyi (RegularFile, cac0d0945942abb402f513841cd4bc05)
                        - util.pyi (RegularFile, 7f0058636e86d017422fada57bcdcf8c)
                        - win32util.pyi (RegularFile, 523a4b78285f206f32e7eacaf5686a17)
                      - METADATA.toml (RegularFile, 638723352c59607a4ddd68978087bd53)
                    - google-cloud-ndb (Directory, cdf05b57548d0a9cdba74b1e2d29605b)
                      - @tests (Directory, 9a7bb55b6e6014b8616a929ba61903a2)
                        - stubtest_allowlist.txt (RegularFile, 3125fb07e5c11a0695cf88535fad8dc1)
                      - google (Directory, 82a283a6407099eae5952ee6bc8e1c7d)
                        - cloud (Directory, 47481efb7aa282c582462647631c1da4)
                          - ndb (Directory, 5212570ec075f754007e36c064349dd7)
                            - __init__.pyi (RegularFile, 54603399364746215995019541c07a03)
                            - _batch.pyi (RegularFile, 0f8f7a267e9f46bc5f912cc92cff071c)
                            - _cache.pyi (RegularFile, 842c55ade104c637c8d040b95b58429d)
                            - _datastore_api.pyi (RegularFile, 8b269b7035209de19bb6c7b68558baf1)
                            - _datastore_query.pyi (RegularFile, 26892babfa9a9702f7a954f4af2c2359)
                            - _eventloop.pyi (RegularFile, 52715cc092984d9f433c9d6513353781)
                            - _options.pyi (RegularFile, a70890522f2a270a0e12e34b15478234)
                            - _transaction.pyi (RegularFile, fce51d52b93f0c3cb76707de0b28f098)
                            - blobstore.pyi (RegularFile, e1f0d0271fdbbeea897fc86c25795ca5)
                            - client.pyi (RegularFile, f3749c1d9be3287e6339c9e1e308010f)
                            - context.pyi (RegularFile, 6e58be4b99a3e184439cedd6ec617e56)
                            - django_middleware.pyi (RegularFile, 6cb33cc00637ee9da9c6c9798c31adea)
                            - exceptions.pyi (RegularFile, ecb6414a0a764ea6f52d1176a7ebaa5e)
                            - global_cache.pyi (RegularFile, 9ca9c5386e7e2b5bd524b0ff376df887)
                            - key.pyi (RegularFile, 2b37e89ba954cdce48622022f82ced0a)
                            - metadata.pyi (RegularFile, 80d264a08fb1bf1950dea9ff6c51cd50)
                            - model.pyi (RegularFile, 8eb2652a592a22bf1eb9f8f4114344a2)
                            - msgprop.pyi (RegularFile, 7fbe26b050bb2838722fd6097bbd535a)
                            - polymodel.pyi (RegularFile, b25dd05f00898a20bf7d165d82b00e9a)
                            - query.pyi (RegularFile, d56bad1320b5ca0b9f9af44521d9f4a7)
                            - stats.pyi (RegularFile, 215c44867a4f01036826ad6324c89b65)
                            - tasklets.pyi (RegularFile, f6a14d5c68b2fa735f064a874cc58468)
                            - utils.pyi (RegularFile, d76b1ef00e3a80252c2079397a8e97d4)
                            - version.pyi (RegularFile, 4f674eb8f556927c4aefa3c7c517cee5)
                      - METADATA.toml (RegularFile, 8fa560c1d7065061cd6b1ce550a738ca)
                    - greenlet (Directory, b6263f667070f1c97e21017ae30057ef)
                      - @tests (Directory, d425cc5a6c0f2e70c5ae7499a7b0d45f)
                        - stubtest_allowlist.txt (RegularFile, 15ef360f17f61bf23e1049daeb64e894)
                        - test_cases (Directory, 4db60f544e8fe7d106037cfee6c48f85)
                          - check_greenlet.py (RegularFile, caa25d31b978a14225e135670813fc42)
                      - greenlet (Directory, 46c5311df72a2f39384f8d9fe9618212)
                        - __init__.pyi (RegularFile, 903725a19d44914890422cf4791a05c3)
                        - _greenlet.pyi (RegularFile, 1d331ab070a4aa2b4f3cd1001e4bdf24)
                      - METADATA.toml (RegularFile, 110edb32a2a3889cae1676664fa2e774)
                    - grpcio (Directory, f2096737f9091b3ce53b792797a25936)
                      - @tests (Directory, e3b17fd643e0a99124345245bcbbaf90)
                        - stubtest_allowlist.txt (RegularFile, 9ab05c7b698f82dd21f85a93a8982871)
                        - test_cases (Directory, fc11bc46938128a3428a8c69cfbf7825)
                          - check_aio.py (RegularFile, b184644b0c66167af51969caaad23ffb)
                          - check_aio_multi_callable.py (RegularFile, 1ee6d04893fbd605ef70b12a586f5fc5)
                          - check_grpc.py (RegularFile, 8c8011e36c44dc99c73673f1e4192c14)
                          - check_handler_inheritance.py (RegularFile, 0121b568c0d9a264ed172b16be95e22f)
                          - check_multi_callable.py (RegularFile, 8c21b734ac1b4954f7abfa6154d3ea33)
                          - check_register.py (RegularFile, e933e97cc69c2162a54c62a6827b8e44)
                          - check_server_interceptor.py (RegularFile, bd01cb296d4506decc0d1a8eab5f93d2)
                      - grpc (Directory, a0170ff21c2e88e536549237f051965b)
                        - __init__.pyi (RegularFile, 6abf066623de8498755f817e94ae71e9)
                        - aio (Directory, def643a89aeb8b7f32d78f6c48e06cd2)
                          - __init__.pyi (RegularFile, d02d3aa9fa09acbf7eeca8c6c6f0bf07)
                      - METADATA.toml (RegularFile, 4b8503fdbffc40d6aeed910f15a11a57)
                    - grpcio-channelz (Directory, 4b464acbce74fae3004d2d4777443415)
                      - grpc_channelz (Directory, cda435a44986f3460936a0c4fb1b3b82)
                        - __init__.pyi (RegularFile, f571933bb948577b1f9f3076fb8fc7c6)
                        - v1 (Directory, c97bd0356fe22b5ea60769882ee186a2)
                          - __init__.pyi (RegularFile, f571933bb948577b1f9f3076fb8fc7c6)
                          - _async.pyi (RegularFile, 4f7aaa25896f6d0e37147f75173dd7aa)
                          - _servicer.pyi (RegularFile, 9a4337c797d3457134641f705945a700)
                          - channelz.pyi (RegularFile, cab09e4c009d902a422243be301d1d0e)
                          - channelz_pb2.pyi (RegularFile, 6725d700938d6775feac3998d49777ce)
                          - channelz_pb2_grpc.pyi (RegularFile, 2f0534df4b3599a445112d0781243944)
                      - METADATA.toml (RegularFile, 6748e257eac06fbf11da9b7161f20f74)
                    - grpcio-health-checking (Directory, 72c2e85c98f2f0c9729c60057edfd6cd)
                      - grpc_health (Directory, a4bfeb0c0a65024561f4baa8888a6f3e)
                        - __init__.pyi (RegularFile, f571933bb948577b1f9f3076fb8fc7c6)
                        - v1 (Directory, e65c18667af6534821f0be1d9ed49711)
                          - __init__.pyi (RegularFile, f571933bb948577b1f9f3076fb8fc7c6)
                          - health.pyi (RegularFile, 9f0848e672314f28776d22ae9fd47a5c)
                          - health_pb2.pyi (RegularFile, 51be5279247e9216af6ecb943d04f391)
                          - health_pb2_grpc.pyi (RegularFile, 8a23cae95608ab141e35831cd57a3e80)
                      - METADATA.toml (RegularFile, 6748e257eac06fbf11da9b7161f20f74)
                    - grpcio-reflection (Directory, c5b337f787350a8b8c8cbf2ffaa170d0)
                      - @tests (Directory, 0b2a40895b499b40aaa131248bd9eaa5)
                        - test_cases (Directory, 30a857d742df9275e247f0844206597e)
                          - check_reflection.py (RegularFile, cb9ee083508bdb65f03a1c9c505fc98b)
                          - check_reflection_aio.py (RegularFile, 4c72fd6de7442146333763ab2b9c7f4b)
                      - grpc_reflection (Directory, 450f4c4d44d59ea20a2db3757cd53301)
                        - __init__.pyi (RegularFile, f571933bb948577b1f9f3076fb8fc7c6)
                        - v1alpha (Directory, ba1f0b280e7d6b1a35f75020a4f0d1c5)
                          - __init__.pyi (RegularFile, f571933bb948577b1f9f3076fb8fc7c6)
                          - _async.pyi (RegularFile, df0369e3ae943dcd99f878438bed9064)
                          - _base.pyi (RegularFile, c3d86de5722911d23647969407d6c0a8)
                          - proto_reflection_descriptor_database.pyi (RegularFile, b6b49a2b5668c0bbaa9059803de37937)
                          - reflection.pyi (RegularFile, 493b28da8cab1462bf79cd931e45beac)
                          - reflection_pb2.pyi (RegularFile, 94a31dcbbb3ee1176d413b3e344c0063)
                          - reflection_pb2_grpc.pyi (RegularFile, e74ecb155d0aa5db1cb7afe561029f32)
                      - METADATA.toml (RegularFile, 6748e257eac06fbf11da9b7161f20f74)
                    - grpcio-status (Directory, e9b8d68c4df510c8e60f3497be47e275)
                      - grpc_status (Directory, ce0b58a5c5dab690fecaf1eb60c6cf48)
                        - __init__.pyi (RegularFile, f571933bb948577b1f9f3076fb8fc7c6)
                        - _async.pyi (RegularFile, 12101b0a29880d44bcf80875d7e1cc89)
                        - rpc_status.pyi (RegularFile, 75ccc56c7bb510270cd8a09e52cb86bc)
                      - METADATA.toml (RegularFile, e2dcc83998a191e43d4bd7b1fd4b1f21)
                    - hdbcli (Directory, b727e37ff2c3bd0279c7f51752e7698b)
                      - @tests (Directory, cd3050b03c439ee43c57a3ef8d277fff)
                        - stubtest_allowlist.txt (RegularFile, 3efa676a8a3589ba4889aea67e66ecb7)
                      - hdbcli (Directory, 1f7b374e932123138e5626cc03d8272a)
                        - __init__.pyi (RegularFile, 3d7055be5c300d7133cddfac41f1f798)
                        - dbapi.pyi (RegularFile, cf4a6b19d4b636b0252e7915ffbe87ff)
                        - resultrow.pyi (RegularFile, 950685f1677208cdd7a786837298dcf9)
                      - METADATA.toml (RegularFile, ff2c28a5e783acf899a536577007a8f5)
                    - hnswlib (Directory, 141de6734f53707efc5046299a03582a)
                      - @tests (Directory, 8daa1e94a8837842555474beeb7f1e79)
                        - stubtest_allowlist.txt (RegularFile, 1aa7ebb8a1d5655e4a8a4f94a77e3e2a)
                      - hnswlib.pyi (RegularFile, 57ada02384f0775a9380f6a7ca5edefa)
                      - METADATA.toml (RegularFile, 22413e06f0c142f7aee1ef8ba3f0a9ed)
                    - html5lib (Directory, 14c0e929877dbaaeead3875cb33ddf0b)
                      - html5lib (Directory, 4b800a64b95ffb3eae903de69f9a3792)
                        - __init__.pyi (RegularFile, 37131f11db739d8b8763e6ac829633e2)
                        - _ihatexml.pyi (RegularFile, cd1139e7db5676954db32ffee4507294)
                        - _inputstream.pyi (RegularFile, 7477ba684a7b7bb60e9eaa60eab818c1)
                        - _tokenizer.pyi (RegularFile, 5124f2c2eec185bc6de592ffa9bc313b)
                        - _trie (Directory, 45f4ac67314caf30d351d84267c79da2)
                          - __init__.pyi (RegularFile, 2da5e0959bfcbb765467ae93102ce654)
                          - _base.pyi (RegularFile, cd947da95adbe50c9b994d7d4b974ab9)
                          - py.pyi (RegularFile, 4ac96f60308788370a7feaec51e0aa9d)
                        - _utils.pyi (RegularFile, 32aa737d5250016c979b72d7ac77be0a)
                        - constants.pyi (RegularFile, b857d4935b9362705cffadeae8fea4c2)
                        - filters (Directory, 1c6c3d073625add07d7cb4f5269a6d70)
                          - __init__.pyi (RegularFile, f571933bb948577b1f9f3076fb8fc7c6)
                          - alphabeticalattributes.pyi (RegularFile, a56b9a03d6b36a898876b5b0b917efb3)
                          - base.pyi (RegularFile, 8dad1c5b3ff2b4c67dd7d45ae2b50f80)
                          - inject_meta_charset.pyi (RegularFile, 9a208f9497fd67dd5d8d5c57e3310653)
                          - lint.pyi (RegularFile, a3c93a8d8bddd9c0f674acfecb7e0006)
                          - optionaltags.pyi (RegularFile, 6a11d6491d0571f272567030c1483449)
                          - sanitizer.pyi (RegularFile, 3d21e34b75b8487f092c8891a3fb2894)
                          - whitespace.pyi (RegularFile, aa94815a4d658a826b69e48c06d6ef47)
                        - html5parser.pyi (RegularFile, 3823b87aab088d4348a4527226ef48ac)
                        - serializer.pyi (RegularFile, 4dda70ea55a6d24c3f3feae9df4902c0)
                        - treeadapters (Directory, 41f58ff237e7861048167515752ae10f)
                          - __init__.pyi (RegularFile, d8c73ff663ce0b1e8270bb5de048a7e7)
                          - genshi.pyi (RegularFile, 9ff367cb461257db2e459ea11bcdfd9e)
                          - sax.pyi (RegularFile, 05b351c77b23c1364f817e4b69b80154)
                        - treebuilders (Directory, e82046ea20479d1a6b1618d070ad5660)
                          - __init__.pyi (RegularFile, a610a35c9d54dc42630aae6346dd4827)
                          - base.pyi (RegularFile, 38bfedb8a92884fb467c27a2e2bc61c2)
                          - dom.pyi (RegularFile, 57d8660b44be2be1f26475a4ef886e48)
                          - etree.pyi (RegularFile, 4f8b90300102bf2521995ac1789ae0ad)
                          - etree_lxml.pyi (RegularFile, 6f74952e85832672487c7b5e883661a3)
                        - treewalkers (Directory, a587fd357c83bd16230dc3a4f916a5b1)
                          - __init__.pyi (RegularFile, 8aa906fec825134a43495fa846e36d20)
                          - base.pyi (RegularFile, 96ca7ef59cc0266b830f8a5a908d2e70)
                          - dom.pyi (RegularFile, 62fe49cc0dc98360ec6270ce7f994500)
                          - etree.pyi (RegularFile, 424baad37fd4d6929a4a10a658d7d38c)
                          - etree_lxml.pyi (RegularFile, af108643b97e9c2f6427b69f936a0f0c)
                          - genshi.pyi (RegularFile, 86716b11e25c836bb161c7a8d409247c)
                      - METADATA.toml (RegularFile, af4dbb8525b7ae8b5e7709c0fc85ebab)
                    - httplib2 (Directory, 0f8289e9aae31bdc93468db30041571d)
                      - @tests (Directory, eaae16d36b13c5506bda4cf7cc562419)
                        - stubtest_allowlist.txt (RegularFile, ab6fde57614e3904cb5d95861be0f848)
                      - httplib2 (Directory, 40b4abd057d3a60c8e5136e2641db2af)
                        - __init__.pyi (RegularFile, 2a5e58f32522c5686cfd299314b227db)
                        - auth.pyi (RegularFile, 39e302a6efa7d9fce6152e8e4d0052fa)
                        - certs.pyi (RegularFile, 94dfd505906ddbb5e3f11a2e9bc18e21)
                        - error.pyi (RegularFile, f460369b7f3df6f55da00cf1c7423daf)
                        - iri2uri.pyi (RegularFile, 3fc37ec99c19b2c4c60d728ff4f9e540)
                        - socks.pyi (RegularFile, c058152a1922b0959ab2cc9e2724a6ee)
                      - METADATA.toml (RegularFile, e92635fad052d05b549021351ad46b5b)
                    - hvac (Directory, b4e8afcbc89d08b208a51ca21b56c2fe)
                      - @tests (Directory, 96593047925ffaf7bc900a6add15821e)
                        - stubtest_allowlist.txt (RegularFile, 6f83932d67e51c193a1412a132dfc094)
                      - hvac (Directory, 76943590e0ca78dbee6bc0be5e54456f)
                        - __init__.pyi (RegularFile, e21d81344b361dca3719e830d4135ecf)
                        - adapters.pyi (RegularFile, bee2af7fd01885318e1981aca39e2d0b)
                        - api (Directory, 70c6a2a45be0ec1bb46d000e983c5416)
                          - __init__.pyi (RegularFile, ff684e3f6ab7152397c6fa735cc6d26b)
                          - auth_methods (Directory, f3e9f84fbd7283f74298137a1472cffe)
                            - __init__.pyi (RegularFile, 703b6cade120a5f74989a84a9664f69e)
                            - approle.pyi (RegularFile, 96a7ce17a0b6409deee036271b4422c9)
                            - aws.pyi (RegularFile, b88da9c73fea5decace58e38ccc00be8)
                            - azure.pyi (RegularFile, 517c7017c1e553352683493a6cf3466a)
                            - cert.pyi (RegularFile, 17f6437cc35b9da941904645b656d07d)
                            - gcp.pyi (RegularFile, 1ecd0165607e507d47e6fae5eb234048)
                            - github.pyi (RegularFile, 1f3c54cd8444e84cd9e5d857acad2e36)
                            - jwt.pyi (RegularFile, 149e059cce2177d67e25b846bd7f63de)
                            - kubernetes.pyi (RegularFile, d2d958e632c0bd938ce7202b52e8982b)
                            - ldap.pyi (RegularFile, 09ff518e505b2a0f2f45639330936985)
                            - legacy_mfa.pyi (RegularFile, 2f002ae3039ec6ae727fa229e243354c)
                            - oidc.pyi (RegularFile, c88551dc803bf3a5854f54c5037f5ed4)
                            - okta.pyi (RegularFile, 8a53e64bd4654feb7e3754b378ffc1e7)
                            - radius.pyi (RegularFile, f7ee8ada62a0b17f062b0c7968416755)
                            - token.pyi (RegularFile, 57739177af6b35d8faf5784b8d79fa8c)
                            - userpass.pyi (RegularFile, 4e2b59ee511516d09dfe927cfcdebe60)
                          - secrets_engines (Directory, baca09e267c12ec1b498031777898008)
                            - __init__.pyi (RegularFile, 4b41abfef22cc6c9bad78947eb07a913)
                            - active_directory.pyi (RegularFile, 277bcaccaf596f7861d5b741974aa9ac)
                            - aws.pyi (RegularFile, 1d581a006a13e0851b89fddc33ad922c)
                            - azure.pyi (RegularFile, e4dc5f83ecc267ebd8ca0d52fb0f99ec)
                            - consul.pyi (RegularFile, 8e64c91ae51b5afd23eeca5f35229a3e)
                            - database.pyi (RegularFile, 7139d3d51ac3462baa747e1e04dcae64)
                            - gcp.pyi (RegularFile, 85df39a96427c40c42d8c7d0c4ee96e7)
                            - identity.pyi (RegularFile, e511193b860c778ecc3860ef13ef9cee)
                            - kv.pyi (RegularFile, f47d2c2cb9994d298f2b057fe8d4fab9)
                            - kv_v1.pyi (RegularFile, 3614d98d9569e5f6341bd2ad57ba561a)
                            - kv_v2.pyi (RegularFile, f1c859f95cde5a1a9328c70f6c57784e)
                            - ldap.pyi (RegularFile, 62a886a31c3b4cdfc76fc850619b89e7)
                            - pki.pyi (RegularFile, 45a053f8c0e527830a3ea2c67d07d406)
                            - rabbitmq.pyi (RegularFile, 969ed1f5084a6d1cdc8b8f0ab6213ef3)
                            - ssh.pyi (RegularFile, efc6ccc532aba630c843bf288ab76fbb)
                            - transform.pyi (RegularFile, cfc533a169e796ea7c97a37cb9796d09)
                            - transit.pyi (RegularFile, 8a35178c3b9c7237e919a384286da14f)
                          - system_backend (Directory, 7e405b977d08a1cccfa60dd0ffd17619)
                            - __init__.pyi (RegularFile, 65bf28b350ea0ee535516c94d4515632)
                            - audit.pyi (RegularFile, 5e8e1674a2fb07373cd7d7489465bbde)
                            - auth.pyi (RegularFile, 444afc77fe03fa3e7b599e00b6c86d65)
                            - capabilities.pyi (RegularFile, afb523be890e01c55304b0bc9a7435b9)
                            - health.pyi (RegularFile, 48f1c930603792d0e774dad847021b4e)
                            - init.pyi (RegularFile, 41e5901a889b64ec89e022c887f8fbdc)
                            - key.pyi (RegularFile, dd7927e51f0d9dbddcd5d82e1bada858)
                            - leader.pyi (RegularFile, 1a27520e1bf5b55b32eb0f6d8a7afb2f)
                            - lease.pyi (RegularFile, 73fdb5c18cd13776d4287f18b8b75845)
                            - mount.pyi (RegularFile, 3d9c5c99be44b34f7b00fc49b1beab63)
                            - namespace.pyi (RegularFile, d5cf292e35ba552d68510bfe21613eb4)
                            - policies.pyi (RegularFile, bc7fec004577acbd18c8bdeb72c3812c)
                            - policy.pyi (RegularFile, 9ce7b9a36b353da126987bf0f7a2657f)
                            - quota.pyi (RegularFile, 5dddafe68b02becfce39e8291685ba06)
                            - raft.pyi (RegularFile, bddbf48738d11a69acac39697c73d3e0)
                            - seal.pyi (RegularFile, ada62c55ff989b7936d43fc7574972ac)
                            - system_backend_mixin.pyi (RegularFile, b4ab0e92067eba2a20220f29053d2d75)
                            - wrapping.pyi (RegularFile, 2727fdb57efb6973ccf37a4898b9bd26)
                          - vault_api_base.pyi (RegularFile, f8a6bc8aadd28a743250446c9750aa53)
                          - vault_api_category.pyi (RegularFile, 0102bfaff8347063c8754611cdcfdc9d)
                        - aws_utils.pyi (RegularFile, bca0bea3e636ef41e2cbfec7795c6cc8)
                        - constants (Directory, e6e4ab02a183d8b27e8ff25f116e388c)
                          - __init__.pyi (RegularFile, f571933bb948577b1f9f3076fb8fc7c6)
                          - approle.pyi (RegularFile, f17db8ddb5447bfa93b41b9ed15d79a6)
                          - aws.pyi (RegularFile, ea57d968113e686ecbe50ea98c3fa649)
                          - azure.pyi (RegularFile, 5a1f6a20a291d7ccfb618035103e7f7e)
                          - client.pyi (RegularFile, 4b6c153a7603cfd7f33b2f14b845eb1a)
                          - gcp.pyi (RegularFile, 513a983772d65d6c617339c70742df38)
                          - identity.pyi (RegularFile, 88a7b4528ad07db2c4e236f5b46d8716)
                          - transit.pyi (RegularFile, ce800b9aad514154c7a49411e6426754)
                        - exceptions.pyi (RegularFile, 66b87e5e06f927b2d7ced6ecdea5e17f)
                        - utils.pyi (RegularFile, 07f741ca5d40edd3f8ff9a0e24e9a4b0)
                        - v1 (Directory, ce0dd9ca19b9c2edafb2a2c99bdd0bc3)
                          - __init__.pyi (RegularFile, 6cd37e3ec4161c05a9e89d9c37c98c09)
                      - METADATA.toml (RegularFile, b4c78efe9e42ee45d243e27b94c67c32)
                    - ibm-db (Directory, 180e318fadf16d7ae03acab08459348d)
                      - ibm_db.pyi (RegularFile, defe5e6a05cefb9d6bd6bd3a7cbfbf8a)
                      - METADATA.toml (RegularFile, 603ea60e4d7d1b4ae5b55cc18bf3d097)
                    - icalendar (Directory, 38a7a6d28916c628ade1fc07e5a79bc3)
                      - @tests (Directory, 6211a90eeb911b46297c5998c633d9c4)
                        - stubtest_allowlist.txt (RegularFile, 18243fb00cb11341510628a5c17fceb0)
                        - test_cases (Directory, 44a945abab5f8c6e8827085cf0bf0546)
                          - check_cal.py (RegularFile, 22de29e611a705e36a1a3e7c2fb14baa)
                      - icalendar (Directory, 7465e876324f7edf2973631cc9c5dccd)
                        - __init__.pyi (RegularFile, c55630dc619f140a409d21390ed22c24)
                        - alarms.pyi (RegularFile, 50214505bd02d3eef7f1983c3bbc58ed)
                        - attr.pyi (RegularFile, c38b0af92ae8b7f71fb6c26ba167ca47)
                        - cal.pyi (RegularFile, 5f617b0e4c966f8b645970e8ba096729)
                        - caselessdict.pyi (RegularFile, c34e0da122e645d0fcdf5be590688969)
                        - enums.pyi (RegularFile, c832ec5e6526be818d905388220c9e5c)
                        - error.pyi (RegularFile, c4acec40de60677cd0d68b3eb2f0b1dd)
                        - param.pyi (RegularFile, 213c7276e24aad2a6e727e413da102dc)
                        - parser.pyi (RegularFile, b3b621df0474613124584a9be7f8cd4d)
                        - parser_tools.pyi (RegularFile, cd2dd28e1ddf335ba94a216baee9870f)
                        - prop.pyi (RegularFile, 2cb0a582bfd73ec85acc9729c1d1ec00)
                        - timezone (Directory, 5bbc10bfb10052f324eb30d118470d1c)
                          - __init__.pyi (RegularFile, ddbb2e0429668f8dcb27e2deb8eb208e)
                          - equivalent_timezone_ids.pyi (RegularFile, 2e2ebf1738455e56f142356be198fbfe)
                          - equivalent_timezone_ids_result.pyi (RegularFile, 6b0de4a531daa73f5b2150abfa3c06cf)
                          - provider.pyi (RegularFile, c719c477db828e8af7158f9297278f79)
                          - pytz.pyi (RegularFile, f12cf44c96b6e6d8dd3df08e20269f63)
                          - tzid.pyi (RegularFile, e3b76f9eaf28e6b932a4f9521b01f927)
                          - tzp.pyi (RegularFile, 4347de0cea09f1ac09bac7f19b226050)
                          - windows_to_olson.pyi (RegularFile, 62d7992fd20ef400b17e17fa1fa4fbe5)
                          - zoneinfo.pyi (RegularFile, 503461183683cce421d338470718cf08)
                        - tools.pyi (RegularFile, 5dc5595ab02894466c50febf68afc226)
                        - version.pyi (RegularFile, 8126eab19cf24b0aad8981bb28d98cbd)
                      - METADATA.toml (RegularFile, 0bdc33298867ce376903020f40d73074)
                    - inifile (Directory, 4fea8ad40674daa8b8a6fd6b6ccaec16)
                      - @tests (Directory, 3b03ca2a829b5932b18ae31888c0a3d7)
                        - stubtest_allowlist.txt (RegularFile, e245e38626e8cad087d88dd46442a900)
                      - inifile.pyi (RegularFile, 2775fdfdabbefa4635fc343515c9b77b)
                      - METADATA.toml (RegularFile, d4f92e3ac50ddd37d2d5e9a51f8112c3)
                    - JACK-Client (Directory, 0ba99fb058cc0f5bf0dcbbe485445afd)
                      - @tests (Directory, 82812cc0b3ff991599423b0f099e8992)
                        - stubtest_allowlist.txt (RegularFile, b8805763fcde60412c3398e1f3d48810)
                      - jack (Directory, 5f5dd421bca111a43cc3b8b2ca402ba8)
                        - __init__.pyi (RegularFile, 1b8b13fb4228090bf06ef60f7cdf848f)
                      - METADATA.toml (RegularFile, b88effff83df55acebf237bbf61b450e)
                    - Jetson.GPIO (Directory, c31d125cf51d74f41ea362d443b3a654)
                      - @tests (Directory, 11f389c91c60669b700d5ddca8a364df)
                        - stubtest_allowlist.txt (RegularFile, 1dcb2a7b9d57c2925f2cdeff573d02a8)
                      - Jetson (Directory, 7cba74d9de69a27b9ff7e52056b998c4)
                        - __init__.pyi (RegularFile, f571933bb948577b1f9f3076fb8fc7c6)
                        - GPIO (Directory, 15cfc540d5c1f0564adfc2e329e826a8)
                          - __init__.pyi (RegularFile, fc37e067a82e2e98938de076f03f300a)
                          - gpio.pyi (RegularFile, 8de8e123ec26a55457d4a3745b15eca6)
                          - gpio_cdev.pyi (RegularFile, f5b560be37d32642b145db8cb1b74e79)
                          - gpio_event.pyi (RegularFile, 98fc212b524867cb80fb1f52b513d63e)
                          - gpio_pin_data.pyi (RegularFile, 031a685022b07eaeb94985802451d829)
                      - METADATA.toml (RegularFile, c42e518dcaf0f139a0a94f920aafbc38)
                    - jmespath (Directory, a0d6f8627313d15e6a2ed9a80fd062b8)
                      - jmespath (Directory, fae89e2cfb2cf65fb740efa41132d020)
                        - __init__.pyi (RegularFile, 483b08b4956ee982a78493099c8dac92)
                        - ast.pyi (RegularFile, 2b59446e783ba3c8df05e44224256854)
                        - compat.pyi (RegularFile, c3a239c20fc1d244356915b893fa44b4)
                        - exceptions.pyi (RegularFile, 2cf50082667c47d7c6865d9a31d268d4)
                        - functions.pyi (RegularFile, 3b32f91b7c021f0b63c1485189afe7f2)
                        - lexer.pyi (RegularFile, 999ae2bcc85b155b51f2d86b67175cff)
                        - parser.pyi (RegularFile, 2a17441b0cddbf223535214c412db856)
                        - visitor.pyi (RegularFile, 85142f1fad71a642820dc3196cbba3b6)
                      - METADATA.toml (RegularFile, b1ac518557b65107009758e9f773f47a)
                    - jsonnet (Directory, 682f2df931606b53ee7393848343af84)
                      - _jsonnet.pyi (RegularFile, 3e38512122df7497d806f4fdbe47d0eb)
                      - METADATA.toml (RegularFile, e51f0031ef30f1b8383b3f3e979bc800)
                    - jsonschema (Directory, 0a3153f901fbe731e5663251549d569b)
                      - @tests (Directory, bb90028afc79281366490e3da32b339c)
                        - stubtest_allowlist.txt (RegularFile, 6a71752598eaaeb7be9f5d59c05f3aaf)
                      - jsonschema (Directory, 6b0ee5a4bc9fc340ecd6ee8778b47c93)
                        - __init__.pyi (RegularFile, d32d94fba4baad7f0bb6e250d5f0f55b)
                        - _format.pyi (RegularFile, b702885f5a0a1eda69b7d53c8b43b4de)
                        - _keywords.pyi (RegularFile, c9c2b3c968ffe43097f68efce4e78f9f)
                        - _legacy_keywords.pyi (RegularFile, 020fad3fd7a70f745295f233aa79fe55)
                        - _types.pyi (RegularFile, 1109601a20eb273aeb7ac1e5f43dc663)
                        - _typing.pyi (RegularFile, 0e1f1a99be9e3482fbe5bd5af227d65e)
                        - _utils.pyi (RegularFile, d00463e3ae7eebd548ac8b25c23cd881)
                        - cli.pyi (RegularFile, 66230c60fdaaf2d99affa35758fc6ef0)
                        - exceptions.pyi (RegularFile, d33e9a3d4fa57b40ea93f432b5592a79)
                        - protocols.pyi (RegularFile, 0f69048af4b5eed227c4957e2b4d7c9c)
                        - validators.pyi (RegularFile, dadcbdb920eb24b2337d057d1ebd26cf)
                      - METADATA.toml (RegularFile, a009249c75515372dd8bd08e0f5ff03d)
                    - jwcrypto (Directory, 0583db97b2b863db66406dbdaa464b12)
                      - @tests (Directory, f2af464b24f3dcedd60cf404a858dedb)
                        - stubtest_allowlist.txt (RegularFile, 6eed124d43be79949676cc4939ac425b)
                      - jwcrypto (Directory, 3e1b46819e7586b884db167fdbbf28ae)
                        - __init__.pyi (RegularFile, f571933bb948577b1f9f3076fb8fc7c6)
                        - common.pyi (RegularFile, 51c5da9d3b6fcae0400eb81921acfd6a)
                        - jwa.pyi (RegularFile, 0095f384cc3394fe5077a13e209bf1c0)
                        - jwe.pyi (RegularFile, d74ef8d0acdb0915c0bff499c7397d7b)
                        - jwk.pyi (RegularFile, 2609ead7af064c7caf1a3d6f0aa5ef2a)
                        - jws.pyi (RegularFile, e6d08c0bb2c9c9360130194cc315be77)
                        - jwt.pyi (RegularFile, 95691a46109a8649a963181bb4e60baf)
                      - METADATA.toml (RegularFile, 5c8c98ca80c54b544ec30bb7d0c27173)
                    - keyboard (Directory, 8d77ed738e144362462e5a49377ecf54)
                      - @tests (Directory, 8142f2ed518b3a781c4dca79ff166c5a)
                        - stubtest_allowlist.txt (RegularFile, 4e4f9e353fc4d9faac722f12557f4ba5)
                        - stubtest_allowlist_darwin.txt (RegularFile, 49a59edfc7828c783a8d80ffaf000671)
                        - stubtest_allowlist_linux.txt (RegularFile, 49a59edfc7828c783a8d80ffaf000671)
                      - keyboard (Directory, e75c543aff491aedecc76675fd521a5f)
                        - __init__.pyi (RegularFile, 40605740e1da572b6200d38acf0ce0ba)
                        - _canonical_names.pyi (RegularFile, 7e9e35a058e743f392be123cb8c25aef)
                        - _generic.pyi (RegularFile, a69d46ea1fea15f898e5eec83851b965)
                        - _keyboard_event.pyi (RegularFile, 4ec997a23f2c222bcb954d340fbbffd7)
                        - _mouse_event.pyi (RegularFile, 10a63950faed8ce70184b76dc6afd276)
                        - mouse.pyi (RegularFile, aedbb2b06a46ce188515da4df4559485)
                      - METADATA.toml (RegularFile, 37109e867e28f11356659a017f86d487)
                    - ldap3 (Directory, 2b27c71a6470b41f8c47e7d4375f049a)
                      - @tests (Directory, 16787d8454020c4e085d314d102cd504)
                        - stubtest_allowlist.txt (RegularFile, 5303a736f1d29dbaaafc5da67b49beaf)
                      - ldap3 (Directory, bbdfabf044f7ccb16799617cbee72a80)
                        - __init__.pyi (RegularFile, 9d087ff19ab6b57688d69b5cc230128d)
                        - abstract (Directory, 8ab8ac17b11c157d5fe09dbe4a39da8f)
                          - __init__.pyi (RegularFile, d0bc7962b81d422274404633af63a445)
                          - attrDef.pyi (RegularFile, b9f767e6cececb92514d11ac1657f754)
                          - attribute.pyi (RegularFile, a6397540f459c63e1e0bf1f6d2b2a1f8)
                          - cursor.pyi (RegularFile, dc9ff530a3f3629c949d1b9268cdc80e)
                          - entry.pyi (RegularFile, 2e4956016fc6a1a356f176bccf46227e)
                          - objectDef.pyi (RegularFile, 44af0385e299bd66e341e0690c9e8d81)
                        - core (Directory, 2023fbc582572bbd315967fb266a5288)
                          - __init__.pyi (RegularFile, f571933bb948577b1f9f3076fb8fc7c6)
                          - connection.pyi (RegularFile, 125abf8f20ebb0afa6dc165aae9ebc09)
                          - exceptions.pyi (RegularFile, 03d4736b61355dc4960a3f6b4ba6d42e)
                          - pooling.pyi (RegularFile, fa95d8fb7477cf43d2f97b38cf88a97a)
                          - rdns.pyi (RegularFile, 55b0ec085aa480ee737785ac9c924978)
                          - results.pyi (RegularFile, 27761ea812d07b31b9d97df690de47b1)
                          - server.pyi (RegularFile, c37e09fc28ba72fdce771dcc0abc1665)
                          - timezone.pyi (RegularFile, 54ce8d7cd54b1d44e30894801f2543bb)
                          - tls.pyi (RegularFile, e2cb3bee2d9edbbd98cd37f3feda1e26)
                          - usage.pyi (RegularFile, 3173056448e3d0ffe6c46096c1af40f6)
                        - extend (Directory, 123c056cc60b283c5cfedf2d593a44ff)
                          - __init__.pyi (RegularFile, e78cd8f68289a645f33481df9a91370e)
                          - microsoft (Directory, cc6577b7f556acc131fb34ee86eaa074)
                            - __init__.pyi (RegularFile, f571933bb948577b1f9f3076fb8fc7c6)
                            - addMembersToGroups.pyi (RegularFile, a733381f7ed0281ffaac7fd3efdbc37c)
                            - dirSync.pyi (RegularFile, bd55180dcd4b49b5b09f61bba57a7d30)
                            - modifyPassword.pyi (RegularFile, 09741e066f35647e809dc0228a1b7f3a)
                            - persistentSearch.pyi (RegularFile, 322efac574949bcb5d7f746a188e161a)
                            - removeMembersFromGroups.pyi (RegularFile, 8b816496b0524b6b952f63d8a0a688b0)
                            - unlockAccount.pyi (RegularFile, c0862256daef4c91b3b7bcac1d97d434)
                          - novell (Directory, b906bc5f139f7ccade5c31ea3976e0e7)
                            - __init__.pyi (RegularFile, f571933bb948577b1f9f3076fb8fc7c6)
                            - addMembersToGroups.pyi (RegularFile, 7898520a38f1ccb29415179513ad4810)
                            - checkGroupsMemberships.pyi (RegularFile, 1ddad0eab5f52f39b56ee8547145bd89)
                            - endTransaction.pyi (RegularFile, 1ec5d9b4edddad8adf9700379eaf9be4)
                            - getBindDn.pyi (RegularFile, 33ec0872d22a01efeb5ae601f1ad79db)
                            - listReplicas.pyi (RegularFile, e3234f17af8ced7c31937c02a9268726)
                            - nmasGetUniversalPassword.pyi (RegularFile, 1642186115a71aee9e48459af10e0710)
                            - nmasSetUniversalPassword.pyi (RegularFile, fca533096375b6de3272ba01a6b36cf5)
                            - partition_entry_count.pyi (RegularFile, d0f5564b9dcf00650cee08daad6d73fe)
                            - removeMembersFromGroups.pyi (RegularFile, 70b1fc6eee9a48285a57be291b1e9945)
                            - replicaInfo.pyi (RegularFile, 3da66610281cbfa8904d5cbd49ff3a87)
                            - startTransaction.pyi (RegularFile, 97e4c875a42c52ec8ea8c1b8fc195b6a)
                          - operation.pyi (RegularFile, 5c3d714696edae39208db6bc7ceec273)
                          - standard (Directory, b188a3c22e9f34103aa29e7b3a9ade55)
                            - __init__.pyi (RegularFile, f571933bb948577b1f9f3076fb8fc7c6)
                            - modifyPassword.pyi (RegularFile, b9080ce1304ebc9de9bf072eb015b844)
                            - PagedSearch.pyi (RegularFile, fb265e2724ef91454380f680a55eef20)
                            - PersistentSearch.pyi (RegularFile, 91c9224f7752a71092eb8438c185f7b1)
                            - whoAmI.pyi (RegularFile, b6a7718c43d6afc023ab4654d8f108d7)
                        - operation (Directory, 50df5d35431dbddff386ab09619f9408)
                          - __init__.pyi (RegularFile, f571933bb948577b1f9f3076fb8fc7c6)
                          - abandon.pyi (RegularFile, 0d4eeb7f64978eb56378502c3b76b25d)
                          - add.pyi (RegularFile, 6d15a26344743726118f164b9e70b702)
                          - bind.pyi (RegularFile, 72cab5154a49356b4ebd614bd67efb60)
                          - compare.pyi (RegularFile, 8c53f4adace29ed16a4df8f66e27d5df)
                          - delete.pyi (RegularFile, f532f926b883f390680eee6ef32e95dc)
                          - extended.pyi (RegularFile, 8174480f0e291eb0244ba388e14501de)
                          - modify.pyi (RegularFile, 5cda4e0220cbdd11f12a11b51687464f)
                          - modifyDn.pyi (RegularFile, 604812b957f0397b1dbd14063251a16a)
                          - search.pyi (RegularFile, ae8f4f1b8b41a2a7b5a5f51e2b78cc98)
                          - unbind.pyi (RegularFile, 8e1a3af97f18412713dd1aacda39f682)
                        - protocol (Directory, ed2407e498eade2598943889344d5c9a)
                          - __init__.pyi (RegularFile, f571933bb948577b1f9f3076fb8fc7c6)
                          - controls.pyi (RegularFile, 984ee1d944fabe7b4f5aed559aff61a0)
                          - convert.pyi (RegularFile, 28ec443c4e89066250b01fb422d56c90)
                          - formatters (Directory, dd894a422720ecdf99e175e5ce86d380)
                            - __init__.pyi (RegularFile, f571933bb948577b1f9f3076fb8fc7c6)
                            - formatters.pyi (RegularFile, 9652074799ed6d54bd557219c641a478)
                            - standard.pyi (RegularFile, 42a409199d2980cfa6313b7b98ad4171)
                            - validators.pyi (RegularFile, 833a0eb8fe3d7653360fba3c6de0ae8d)
                          - microsoft.pyi (RegularFile, 2ca885694a5c10f38cbae7f6de1a77be)
                          - novell.pyi (RegularFile, fcb16bdd1a64d01c5b4832a8c0438f6f)
                          - oid.pyi (RegularFile, d649d95ca1603ed02026b68f25c86121)
                          - persistentSearch.pyi (RegularFile, 915bebf6c35c8e4a10cb4053e7f8450b)
                          - rfc2696.pyi (RegularFile, 8d66a7a30ad2a6fee5d134bc6bbc7dff)
                          - rfc2849.pyi (RegularFile, 4f6fbbb4a5ea7d19f330cce66af3f1c6)
                          - rfc3062.pyi (RegularFile, a349ffb69d9b42afa27cdd5e7d796f8e)
                          - rfc4511.pyi (RegularFile, d11300027818c0deb8719e787e5e7edd)
                          - rfc4512.pyi (RegularFile, 2ca3504f2cfc0e71b969b341d3d57ae2)
                          - rfc4527.pyi (RegularFile, ca7fc669c0f08b0d84fc531fb628ad13)
                          - sasl (Directory, 2eb9a2f5bbbc400093d85874800fcd8d)
                            - __init__.pyi (RegularFile, f571933bb948577b1f9f3076fb8fc7c6)
                            - digestMd5.pyi (RegularFile, 1da1d869e4d8357683729570c40e5864)
                            - external.pyi (RegularFile, 52cd68a5c2ac0eab47ac52c99dc6f6a8)
                            - kerberos.pyi (RegularFile, 8e0a1dfc2a5f34d33396d5b8be6e1786)
                            - plain.pyi (RegularFile, 284dda9c7d0bfde90b835394bc989532)
                            - sasl.pyi (RegularFile, eb8dba4c5ad32cd00b40d769a668f29a)
                          - schemas (Directory, 1a0677efbe698b030952e6bb951ffaf0)
                            - __init__.pyi (RegularFile, f571933bb948577b1f9f3076fb8fc7c6)
                            - ad2012R2.pyi (RegularFile, a54de6f8508fa6f387f5d5e46e321fe9)
                            - ds389.pyi (RegularFile, 98e576195ef841ce87820a7ac91b45d7)
                            - edir888.pyi (RegularFile, d4d6115fa0b1620cc86547325d52683e)
                            - edir914.pyi (RegularFile, b1cb6554f0eb8a866bfce3275fa0f0da)
                            - slapd24.pyi (RegularFile, b02ffd51f1a87e58d0ed0b80ea197e4f)
                        - strategy (Directory, b3eb72f0ac17169ea38f53e7bda26de5)
                          - __init__.pyi (RegularFile, f571933bb948577b1f9f3076fb8fc7c6)
                          - asynchronous.pyi (RegularFile, 74cdf3ee62bd3c4aa2ad73ee5c37764a)
                          - asyncStream.pyi (RegularFile, 170e7555a45ef3e96b5d8adedfae8875)
                          - base.pyi (RegularFile, ce7f0aeb3c2f4ab4c10efb14040df7fa)
                          - ldifProducer.pyi (RegularFile, 378a95250700aa85d5cc634c19759f56)
                          - mockAsync.pyi (RegularFile, 31599494884846954e1407b5509bdc3c)
                          - mockBase.pyi (RegularFile, 2d17da786d1492e29fbd169618dfdc4c)
                          - mockSync.pyi (RegularFile, 69ee763575ea82d9dbeffce251b67664)
                          - restartable.pyi (RegularFile, 9a2bbfbdb119a0ea2344b3660e68b16a)
                          - reusable.pyi (RegularFile, f4080664ca9abc3a28d89f7437e8b955)
                          - safeRestartable.pyi (RegularFile, 8237da48840b035c235f70bb90b31f16)
                          - safeSync.pyi (RegularFile, f249b121c2c7ce56017addd0ce770a94)
                          - sync.pyi (RegularFile, 34c965116a51642f19af51c4adde6712)
                        - utils (Directory, 3c9b1f7ac2ce6c2b7bedddebaafc38f6)
                          - __init__.pyi (RegularFile, f571933bb948577b1f9f3076fb8fc7c6)
                          - asn1.pyi (RegularFile, 7656df19154dc8c275bf21ca2510f011)
                          - ciDict.pyi (RegularFile, 7db19672ef0c8cd8a5cf0875394cb384)
                          - config.pyi (RegularFile, dad061a18145049486c4de7994bea39b)
                          - conv.pyi (RegularFile, 495280e7dabfd88969c5c666262912cf)
                          - dn.pyi (RegularFile, 6a131337db802e8b26f0471deb01e466)
                          - hashed.pyi (RegularFile, 16377fc13cbcd2ea239e73be1f0407b7)
                          - log.pyi (RegularFile, 6b9850669df40b98124df8555568ea93)
                          - ntlm.pyi (RegularFile, 05b4c9881104c920416ac1247ee0949c)
                          - port_validators.pyi (RegularFile, d96a6c559eaa74bcc98b09fcf282a61b)
                          - repr.pyi (RegularFile, 3e3f9d6679f47c3bace11a04dceab1a0)
                          - tls_backport.pyi (RegularFile, 7ff6bec222b94ac058e5145db65390cf)
                          - uri.pyi (RegularFile, 06b2dc4bfe54b711044cb6cc709ecc4e)
                        - version.pyi (RegularFile, 3cfec1a35ecac5c49f27baf3ee821dc9)
                      - METADATA.toml (RegularFile, 88900691c430d5d4dca0ffb617fa54b8)
                    - libsass (Directory, 764bd96b424c32a43a97a8d179ebe7df)
                      - @tests (Directory, c22fb47cc235c24641d99618901bdcd3)
                        - stubtest_allowlist.txt (RegularFile, c6b8332707cd25ea4d38571f9b2540d4)
                      - METADATA.toml (RegularFile, abbed655891996a1f164fb41088e8467)
                      - sass.pyi (RegularFile, b1f300e758a38d0da4968f43b0e8919b)
                      - sassutils (Directory, 7375dae39ec4aa7a8517f68ab02d3ec9)
                        - __init__.pyi (RegularFile, f571933bb948577b1f9f3076fb8fc7c6)
                        - builder.pyi (RegularFile, 5e17a78f3d69b2528761b90cc2ffd33e)
                        - distutils.pyi (RegularFile, 68a077b29aa60ffc17a22f5970682392)
                        - wsgi.pyi (RegularFile, f1c6a1266fbc1769097b031b90eff57c)
                    - lupa (Directory, 5719bec312f46106ea205eb2f1d0575f)
                      - lupa (Directory, bcb379cff5374d418c2c587e5f126bc3)
                        - __init__.pyi (RegularFile, bdb8a559ce40aafc020d347fcf19bc24)
                        - lua51.pyi (RegularFile, 20d51b6b438c621fa5d512bdb13bf4e9)
                        - lua52.pyi (RegularFile, 20d51b6b438c621fa5d512bdb13bf4e9)
                        - lua53.pyi (RegularFile, 20d51b6b438c621fa5d512bdb13bf4e9)
                        - lua54.pyi (RegularFile, 20d51b6b438c621fa5d512bdb13bf4e9)
                        - luajit20.pyi (RegularFile, 96880f01a6e1c16100c8512fbdcd1063)
                        - luajit21.pyi (RegularFile, 96880f01a6e1c16100c8512fbdcd1063)
                        - version.pyi (RegularFile, 6f88e240fab11c80c2e55f98c5de9c42)
                      - METADATA.toml (RegularFile, 2da806af46e9d9be60c5408b880e768d)
                    - lzstring (Directory, c69a4e3b09d0b5b7e0ac49047793ec94)
                      - @tests (Directory, 59fc91d3fdb6f272870b936425bd39b3)
                        - stubtest_allowlist.txt (RegularFile, 2963ed6413de9d60c5d566fa2444a66b)
                      - lzstring (Directory, 2a32fd0a7b1952ab7cfaa1bc9cda33c6)
                        - __init__.pyi (RegularFile, 8eab042534910edcc60308650382d4e6)
                      - METADATA.toml (RegularFile, ac61c284625851907361bb71bd7add99)
                    - m3u8 (Directory, 6f7313a9d3bbe8a0772fcf12dc72ae4b)
                      - @tests (Directory, 8d105ac98a57823fd1b2c90ddad0872d)
                        - stubtest_allowlist.txt (RegularFile, 189a49597fb1683c80a76ac8c71e93b5)
                      - m3u8 (Directory, fab3ae416d7932da6891badf2fd2a3ab)
                        - __init__.pyi (RegularFile, 60d5e6fde128586055137745fd594ce3)
                        - httpclient.pyi (RegularFile, 30bac08152794025813b54b3c99612a0)
                        - mixins.pyi (RegularFile, 90e649c8cf55c152fdb2f287df6901d8)
                        - model.pyi (RegularFile, 657f9c67e53a618061396a8dfa9fc1db)
                        - parser.pyi (RegularFile, c3fcb1aba4e71fb81b6fb5a93fcd79be)
                        - protocol.pyi (RegularFile, 1d60114c6428a02bdc2b58ebfc0552b5)
                        - version_matching.pyi (RegularFile, 9080872d0a34af98f4f85e9cce56af11)
                        - version_matching_rules.pyi (RegularFile, 32c6b97ac585f19efdb8513768b8969f)
                      - METADATA.toml (RegularFile, a1b6583ea26bbb7681a58ea02c223d39)
                    - Markdown (Directory, eb6f0bef834853994f9636048f84150f)
                      - @tests (Directory, f20b5dfb054a9d98878f785b4178cb3a)
                        - stubtest_allowlist.txt (RegularFile, 04daac656d19e6fb56c372819b7aff28)
                      - markdown (Directory, 46ad6d9ab7f892504a911a3072aa46c6)
                        - __init__.pyi (RegularFile, e36743fc6277dea1b2090f8c2700e6e6)
                        - __main__.pyi (RegularFile, 184aeb185958f72d135b1fc7c6307073)
                        - __meta__.pyi (RegularFile, 4a7d8241df52ccb9375ce1c650ede361)
                        - blockparser.pyi (RegularFile, fb30494292090ec7ad84486835247866)
                        - blockprocessors.pyi (RegularFile, ef4c45c006218cfa54ce7cc257af0f15)
                        - core.pyi (RegularFile, 2b5bf1de0e937b7637734ab37ea147b0)
                        - extensions (Directory, 27fbd5ca85ebd8c50b2b5195d5cbb642)
                          - __init__.pyi (RegularFile, fb57d33a77badc401fa6ef92f6ca6087)
                          - abbr.pyi (RegularFile, 9e9790555cec06ed30ec8e99fcb6a9b3)
                          - admonition.pyi (RegularFile, 4e18d7ec34a8c4df034bc98183c54658)
                          - attr_list.pyi (RegularFile, 11cee8554c647fd0d21cc3a914502744)
                          - codehilite.pyi (RegularFile, 0ac81ab5df87ad193a6db3597d067220)
                          - def_list.pyi (RegularFile, bb9227730993825bd15fcf2f6d096f82)
                          - extra.pyi (RegularFile, aa811a6717463cac7559bbe33769749f)
                          - fenced_code.pyi (RegularFile, d16633b4e6fcd78e6563f1bb4323d85f)
                          - footnotes.pyi (RegularFile, 5a508f18a54645cb2427f391e5279959)
                          - legacy_attrs.pyi (RegularFile, faa102da9fb59b6dcc5ba1aaacc5d5e1)
                          - legacy_em.pyi (RegularFile, 45b8b300728160132e4043681b3fc738)
                          - md_in_html.pyi (RegularFile, 31a3d0a837d5708c004994ae473f89d6)
                          - meta.pyi (RegularFile, 849cd126d8c787cae64f3e4c5f0fbfc5)
                          - nl2br.pyi (RegularFile, 634f0400913f284a56a040f8b274c5c1)
                          - sane_lists.pyi (RegularFile, 2ddaf0e7c41e5a7bf7b454e47206408e)
                          - smarty.pyi (RegularFile, ee31e5e26d6a521513614350c5aef975)
                          - tables.pyi (RegularFile, cd543b405f48915eb9863940d4b7c6c7)
                          - toc.pyi (RegularFile, 9ed3d962fd2a6e34c61e65d4da7fb1cd)
                          - wikilinks.pyi (RegularFile, 712a79dfe1c617070783c18cd06e8992)
                        - htmlparser.pyi (RegularFile, 178e669cdcf7d2890f5cafa47e0abc33)
                        - inlinepatterns.pyi (RegularFile, 9a687a3fa911768a9594287487652b2d)
                        - postprocessors.pyi (RegularFile, 6ce10f5043b469db1532b89dc8748aad)
                        - preprocessors.pyi (RegularFile, cdb7723f246991a9292ff04084532739)
                        - serializers.pyi (RegularFile, 51de0cf6767b4e49c5beb68b6e16b917)
                        - test_tools.pyi (RegularFile, a75ee1090b60c96c06a80ae14d17afa0)
                        - treeprocessors.pyi (RegularFile, d7d0edd9e49d25f904ba87538b92b230)
                        - util.pyi (RegularFile, 4e3f70950dfd1bc8cae51e1afd3dd170)
                      - METADATA.toml (RegularFile, 03b00b0a6ba2237d478a2d61651ce196)
                    - mock (Directory, 4831a7c9c6e255a7a381ec3bdaa9b840)
                      - @tests (Directory, e88696c6b2d98c22f146512047ea3a1f)
                        - stubtest_allowlist.txt (RegularFile, 1d2f835129778d3493b77addc776f4b8)
                      - METADATA.toml (RegularFile, 3286dace9e4bcfcff0cc012bb1362d9b)
                      - mock (Directory, 94e9d0c7f6d283700c817cee6d0b66df)
                        - __init__.pyi (RegularFile, d7cb1f9fbb4afe4f2ea8a036cc780166)
                        - backports.pyi (RegularFile, 5d150e700f9e47a0c1022cdf160a5d0a)
                        - mock.pyi (RegularFile, f7e395dacdba2ddf075c10b249e32dc4)
                    - mypy-extensions (Directory, 251ceba2c5d212cc932696499a545e18)
                      - @tests (Directory, f2fcd56ffdadac1061f3f04b6a6c38c2)
                        - stubtest_allowlist.txt (RegularFile, 3fb6ae602d6229bf8f7f04d866842544)
                      - METADATA.toml (RegularFile, b38b36ff07ff51eb78248e8c205e53e7)
                      - mypy_extensions.pyi (RegularFile, cd87a81ee95f671aecfaa58950a6ba7c)
                    - mysqlclient (Directory, 859297975282b10a4cc3c8d4e4a27add)
                      - @tests (Directory, 022f1e3bae7edaa2bdb33cf0139547f2)
                        - stubtest_allowlist.txt (RegularFile, 1b2f0cb326120dae3394c7177789e731)
                      - METADATA.toml (RegularFile, 39e0dea8688f1ba5f8213c451db49217)
                      - MySQLdb (Directory, 0e8aa36846324f86b22310b8e1e6f136)
                        - __init__.pyi (RegularFile, cd8144859c8fb9d2789608f56bb3e704)
                        - _exceptions.pyi (RegularFile, 15e603c61ee592642961e5e94481bdae)
                        - _mysql.pyi (RegularFile, 883466cffb00130e5f8ab3575736ac85)
                        - connections.pyi (RegularFile, 87d99230fc613feabe41044e9134809b)
                        - constants (Directory, 8de6ac0a06b88fd45e191fb63b8316c9)
                          - __init__.pyi (RegularFile, b2de3eb537c5196bf31d4a1b5025b782)
                          - CLIENT.pyi (RegularFile, a31e21f473903374dcd1db7da0f513f6)
                          - CR.pyi (RegularFile, e551ebe538010f55be048b1b299ccef7)
                          - ER.pyi (RegularFile, d504d508b62b8ded7f33efde237fa9fc)
                          - FIELD_TYPE.pyi (RegularFile, edea86712b01667b3c0dcf2cf0b6dd41)
                          - FLAG.pyi (RegularFile, f4b2ec910c8d91916c02aa532ae750aa)
                        - converters.pyi (RegularFile, 37281db44345a0821306f92f02507096)
                        - cursors.pyi (RegularFile, 337716c99c7582d95606b1419d09ba25)
                        - release.pyi (RegularFile, 00a73eb4158ef86ead2f2dbdaa94934d)
                        - times.pyi (RegularFile, c210de78794791fc1a1c1d7b6a356cea)
                    - nanoid (Directory, 166e3dc946fc5b32b2c8427a9aecb503)
                      - METADATA.toml (RegularFile, f503307fed721ff7ce9623af01b103e6)
                      - nanoid (Directory, 5590ca5b3f1420e595cab883e9ef0742)
                        - __init__.pyi (RegularFile, 6355d7e2ef8483dcecc4a4ac322c9b32)
                        - algorithm.pyi (RegularFile, 91deb8f9d9db1e2ce99bf6133bf1e65d)
                        - generate.pyi (RegularFile, 8fc869cda4550647f05730e2b558ee70)
                        - method.pyi (RegularFile, d2f53e76a0d0827377941d7e2d7af007)
                        - non_secure_generate.pyi (RegularFile, 717ba9b2f9d3199122b204ab9ded04ae)
                        - resources.pyi (RegularFile, 1decf6b59fc93996cbc82b444f0806fe)
                    - nanoleafapi (Directory, 042018e0883523752509bdddb3a07feb)
                      - @tests (Directory, 7f53a84ffc34d3b793ea4a182b86f469)
                        - stubtest_allowlist.txt (RegularFile, ee77bf59a88509458d329f3693c1c072)
                      - METADATA.toml (RegularFile, 0b740d7661c7ce75c576adf7647d2011)
                      - nanoleafapi (Directory, fb6144e0f59c79319b9a2e29770e7490)
                        - __init__.pyi (RegularFile, 59c9bfd6375f6de772b306157d9021d7)
                        - digital_twin.pyi (RegularFile, de3563d6b91dc8eedb070843d0e557a1)
                        - discovery.pyi (RegularFile, 54d2f53f0688df18f558d3699b0db150)
                        - nanoleaf.pyi (RegularFile, 023ca89e92de18f4a8d3943fd9391830)
                    - netaddr (Directory, a63d2d49b7e3b2b2797033b7d5b8dad0)
                      - @tests (Directory, ddde61f1fa4295dca9882fb1a7586d3e)
                        - stubtest_allowlist.txt (RegularFile, 36ebfda58e4bf63b7c04112f166f3bd2)
                      - METADATA.toml (RegularFile, 80fd39acb28c7507a1ca85458b8329d8)
                      - netaddr (Directory, 8d0a536b1049f71cbd180548c6048277)
                        - __init__.pyi (RegularFile, 5fec993cfd90e21374aaf31f0e208a9f)
                        - cli.pyi (RegularFile, 01c475cf5491c3dc389dbe6fe86fccc4)
                        - compat.pyi (RegularFile, f571933bb948577b1f9f3076fb8fc7c6)
                        - contrib (Directory, 8eab13c2352ba9378c9e4423b4855a0e)
                          - __init__.pyi (RegularFile, f571933bb948577b1f9f3076fb8fc7c6)
                          - subnet_splitter.pyi (RegularFile, ae4096ad1afd8f3590fe580c5d3fb283)
                        - core.pyi (RegularFile, f4df0e913dd5955713a41de6556e9c6d)
                        - eui (Directory, 4d1c8bfe06829dadb1cdb1650fb33788)
                          - __init__.pyi (RegularFile, a885cb9b3f058f59c8c6513d3febfb73)
                          - ieee.pyi (RegularFile, c4b93962c279399cbea137ccb02237b2)
                        - fbsocket.pyi (RegularFile, 6e4e8ee41cd15fa36f0ea45dba10460c)
                        - ip (Directory, 6142a6fe751d6235f228bdd1b4256613)
                          - __init__.pyi (RegularFile, 9dd439cb27c234dec5b20e8aa8aabc74)
                          - glob.pyi (RegularFile, 89901a028d5502a4db0842f381beedd2)
                          - iana.pyi (RegularFile, 495b37a7a80b793abcaaec161a2f751c)
                          - nmap.pyi (RegularFile, 592480e7070aca0dda5e71449ce5e7cb)
                          - rfc1924.pyi (RegularFile, 6f4554377a2419ebf47f5ed4b5d89af8)
                          - sets.pyi (RegularFile, 5fce7168f24b9c60893fdbfcda2ff6ea)
                        - strategy (Directory, 2aed6cdefc71a059e4165809cbc501c2)
                          - __init__.pyi (RegularFile, 9686769a855b1dd3e164a191060ef642)
                          - eui48.pyi (RegularFile, 0d3a1f8724b223d8573463f58a84d2a5)
                          - eui64.pyi (RegularFile, 709ece4d1e325f3660a30763c06f8f00)
                          - ipv4.pyi (RegularFile, 572722ef400eb75e88133f103926f662)
                          - ipv6.pyi (RegularFile, 31741f57de5be94e3c33a6f46c42faf8)
                    - netifaces (Directory, 103307b8584e1d3ed983c0217064da03)
                      - @tests (Directory, c8f80e82151c5169b696a5084e3974a4)
                        - stubtest_allowlist.txt (RegularFile, a4131da589ff707a573f2744ba4f4c51)
                      - METADATA.toml (RegularFile, f1463644ad0df77d51a6c045d861614a)
                      - netifaces.pyi (RegularFile, 16fff252234d48f1b267c184db1b07e0)
                    - networkx (Directory, 0941e8e91c8d165abb7e65be527c7b55)
                      - @tests (Directory, 25849b787dde5f2314143ab45647d84b)
                        - stubtest_allowlist.txt (RegularFile, b7e135862268576ab5aaeda91c976689)
                        - test_cases (Directory, 0452ba847555d6582bb7ef0e8daa1512)
                          - check_dispatch_decorator.py (RegularFile, 5c94431d0cb116e40448f24cf8dfb9bb)
                          - check_tricky_function_params.py (RegularFile, 1f6a03a3c3b39bab313b3220ce6fffe0)
                      - METADATA.toml (RegularFile, e85f1f068fcb89ec4b1588accb45d20b)
                      - networkx (Directory, ccdd2874d08df758668e5b709511f5a6)
                        - __init__.pyi (RegularFile, dd6b931018706022fc56647397f4d652)
                        - _typing.pyi (RegularFile, 316a39bb1da9312ab49a927a9af2e44f)
                        - algorithms (Directory, 182076d0e41dcb422c6b71d39b865081)
                          - __init__.pyi (RegularFile, a6c0283fa72cbf9b9e4c9a32bf2b2b34)
                          - approximation (Directory, f256b92387d89f03d6c38f43f0cc15d3)
                            - __init__.pyi (RegularFile, 41578698e9b54a8823fdf7b75bd9ad57)
                            - clique.pyi (RegularFile, b369172667cea7c8d13fe162737a62d5)
                            - clustering_coefficient.pyi (RegularFile, 493452d52897ebcc04f5a5c9580fdf43)
                            - connectivity.pyi (RegularFile, 949143bd3ca5e107a0cd638b05d98d59)
                            - density.pyi (RegularFile, c8dcd8c269bd12e4fd6ea4c64f9085ac)
                            - distance_measures.pyi (RegularFile, 584163b1d3fb185a1bd58e9ad856f9f1)
                            - dominating_set.pyi (RegularFile, 6500aaa0255d19308b7f20df5b2a8f1e)
                            - kcomponents.pyi (RegularFile, e0a99f695457cad3be3e4ecf1ac6c9f9)
                            - matching.pyi (RegularFile, c0a0d1f070f32a965cc27ad5307fc8d7)
                            - maxcut.pyi (RegularFile, ce6abbad314667e3ad22c1769119bea0)
                            - ramsey.pyi (RegularFile, 926d4c17c0788c297c0e7e18e9eb7fe7)
                            - steinertree.pyi (RegularFile, 2c0e81804d067ebfa31ba250558ead40)
                            - traveling_salesman.pyi (RegularFile, 0587976637a520750ea3d9a0f521a4c2)
                            - treewidth.pyi (RegularFile, 31fb4b0fbb05818f49bf7fff775d8fad)
                            - vertex_cover.pyi (RegularFile, c25018f046887e1bab4ba68c15c231f8)
                          - assortativity (Directory, 81aa1b8093c06edd2f70e28f226e4458)
                            - __init__.pyi (RegularFile, d1251b53f577828f092c7feff31d9807)
                            - connectivity.pyi (RegularFile, 83ff00dfb26dd679e51cb7df5238fb9b)
                            - correlation.pyi (RegularFile, cb0164b4484a3b16cc909ce04630a3ad)
                            - mixing.pyi (RegularFile, 2df100822be6d16527997080b9f81b6a)
                            - neighbor_degree.pyi (RegularFile, fd51e557c8c91d0b6a35acf834397c8f)
                            - pairs.pyi (RegularFile, 867ec0231f5c4eea5a5494e5a965288f)
                          - asteroidal.pyi (RegularFile, ba041aa4f100bf922fdb4ddc25613cf7)
                          - bipartite (Directory, ec63922e5c29c284899ae9d2224bacac)
                            - __init__.pyi (RegularFile, 1c53f3421e1b468b08c86ead9ed693fd)
                            - basic.pyi (RegularFile, 027229e4af23fe9263f077f58a1436b7)
                            - centrality.pyi (RegularFile, 1fda39df31e82edf5b4fb17002e60d0b)
                            - cluster.pyi (RegularFile, ed2d093df85d5de88c7bb6f0aa5a42e5)
                            - covering.pyi (RegularFile, a6f54327468a3b6812583791a1ea4d52)
                            - edgelist.pyi (RegularFile, fbf6b8457a7be5022eb9f8142e3c4ab4)
                            - extendability.pyi (RegularFile, c8e4f2b8086257e4cfcd8236f3162958)
                            - generators.pyi (RegularFile, f1f4ccc2772afbad0a63111dd6e90682)
                            - link_analysis.pyi (RegularFile, 4ff773d164736cfd65472bae08b9c3d4)
                            - matching.pyi (RegularFile, 35718badfb39c8ee5d6fe6bfa5b3c770)
                            - matrix.pyi (RegularFile, ba4e06d2f4c612f87db8a689d365634f)
                            - projection.pyi (RegularFile, 27084aacf794f134902c1c15905a7365)
                            - redundancy.pyi (RegularFile, a3203465fa1243d0f181906fdf7da5c2)
                            - spectral.pyi (RegularFile, 9719a389c09c46bac5102026611404d3)
                          - boundary.pyi (RegularFile, 9dcba56dc6dbb4ceb28ad694f95f5582)
                          - bridges.pyi (RegularFile, f75e993215b45a140ebf7290b3895b3d)
                          - broadcasting.pyi (RegularFile, 4d6b2315cda3a441ad86be3c73e834d5)
                          - centrality (Directory, 1dba5c8d4418992c1d1b676384bc374e)
                            - __init__.pyi (RegularFile, 763bf08c77d7f618ac1562d3d819352f)
                            - betweenness.pyi (RegularFile, 577c7d185319dfb1a20587247ad7f544)
                            - betweenness_subset.pyi (RegularFile, e6a66783c6c6a72e5b7dc8578898e317)
                            - closeness.pyi (RegularFile, 45b14d7a7f0a19d624b1c8234e8f6303)
                            - current_flow_betweenness.pyi (RegularFile, 4a95a4c1f0874d07df47e0abe441cc9a)
                            - current_flow_betweenness_subset.pyi (RegularFile, 56df151ec95281a0d430194fdbaecff4)
                            - current_flow_closeness.pyi (RegularFile, 047fac679e0c0894bdcce67aa185ebe1)
                            - degree_alg.pyi (RegularFile, f9f352da3eb2b2d24b4a137fba1c874d)
                            - dispersion.pyi (RegularFile, 606507aa99a2f35fb6a2cb814b01723a)
                            - eigenvector.pyi (RegularFile, 463d3d61453695027d5df144c3bcd50a)
                            - flow_matrix.pyi (RegularFile, 095ebcffe55d5decc2f9d57dde61afd6)
                            - group.pyi (RegularFile, 973cb3a1ba32471a0057554bc490f48f)
                            - harmonic.pyi (RegularFile, ff288015117ef91052a9cc2a80e77b73)
                            - katz.pyi (RegularFile, e84221510decc487475d2662aa3f0cef)
                            - laplacian.pyi (RegularFile, be13f77aef1f7388f127476496132395)
                            - load.pyi (RegularFile, f4482d4a736154f09f0e7d9b44fe57d2)
                            - percolation.pyi (RegularFile, 5c7d245230b08221d687ecb72971af58)
                            - reaching.pyi (RegularFile, 793f27a2f9d245fc34cb01549d2a0c62)
                            - second_order.pyi (RegularFile, 6b6f3783f9bb8dd5e77c6308923a401a)
                            - subgraph_alg.pyi (RegularFile, 0ed7cbd64ab924889b4fff17e7420bec)
                            - trophic.pyi (RegularFile, 16f4be6ca8c5f917fb01914df6b612e9)
                            - voterank_alg.pyi (RegularFile, 37ea5d5066589ca484c204645c2131af)
                          - chains.pyi (RegularFile, d1e441087f5cebfbcfa6c3d22ca49eae)
                          - chordal.pyi (RegularFile, 744583842ce83eaaae5c7814b49748bc)
                          - clique.pyi (RegularFile, 23a6decdfb614f873f915f558bf60eea)
                          - cluster.pyi (RegularFile, 84f7e31c334b9081f872736736bfab9e)
                          - coloring (Directory, 179c9e580f3ca7821747d58e769fbc13)
                            - __init__.pyi (RegularFile, 6e8b855e45f055f0c6202030175975a2)
                            - equitable_coloring.pyi (RegularFile, b76abb3e615d376c354f9112de0f8b51)
                            - greedy_coloring.pyi (RegularFile, 1e694a84db4b808c7d53064d085342f0)
                          - communicability_alg.pyi (RegularFile, 494361667bee918ddff80be384dbef7d)
                          - community (Directory, 0fc81ca130c1cb4e8c0147c62796d914)
                            - __init__.pyi (RegularFile, befdc14d6dfd4c01b497e5ce81756b80)
                            - asyn_fluid.pyi (RegularFile, 67819a01345018b0d8eb29e6666ee985)
                            - centrality.pyi (RegularFile, 7e5b078af6f15aeb84779f8c69c4f196)
                            - community_utils.pyi (RegularFile, c532aed961b211a506365300d645f073)
                            - divisive.pyi (RegularFile, 37fcd38479d791a7631b50980b11c641)
                            - kclique.pyi (RegularFile, 1adeffae7ea1a9090f3b2272b1bb97ae)
                            - kernighan_lin.pyi (RegularFile, fcd3ab74af49552afd33018c1286e300)
                            - label_propagation.pyi (RegularFile, 905d3b1cc8af127a191432e64bf73fc0)
                            - leiden.pyi (RegularFile, f874c63d5222b72f1605ea95af3da359)
                            - local.pyi (RegularFile, 642e34f6c7eaff2c892e3121e5d71bfc)
                            - louvain.pyi (RegularFile, 2a0d4d43d5cc0e0a0c2724050f365fab)
                            - lukes.pyi (RegularFile, 60c556bb39e12fa8b5438f863310081c)
                            - modularity_max.pyi (RegularFile, 188ee6f8b9523a018e2c0d5eed0643a3)
                            - quality.pyi (RegularFile, 9b8cd8bda255ed3acf04be7639e66930)
                          - components (Directory, fadca881fc8969a70f858817f05f27b3)
                            - __init__.pyi (RegularFile, b9ca12a3ed0a0c8270312d8410e5883e)
                            - attracting.pyi (RegularFile, 5a408f9b2b6bb1be2f1e29684e539c4d)
                            - biconnected.pyi (RegularFile, 6c70766fa978f866d602c2dd2a805359)
                            - connected.pyi (RegularFile, b3d2d5c3e2affc464d4434e4a39865ae)
                            - semiconnected.pyi (RegularFile, 694471b78355fe62e55245984b2ade44)
                            - strongly_connected.pyi (RegularFile, 99b223c681871bcaf08cef85cb935d3a)
                            - weakly_connected.pyi (RegularFile, 693bbf233d7bc4ee2c15d6ee1932ad4f)
                          - connectivity (Directory, 6954cea66beebe243a044ab0c8b42e0c)
                            - __init__.pyi (RegularFile, cdd597d0ec40a6843b54b3bbcd2c7f8c)
                            - connectivity.pyi (RegularFile, 8763eeb4905cade5c30cf453f0c38bc2)
                            - cuts.pyi (RegularFile, 82bbe9577cc7e83dc8cca443006292ae)
                            - disjoint_paths.pyi (RegularFile, 85be8083737b708690e9a39cef5699a8)
                            - edge_augmentation.pyi (RegularFile, ef7c586c5bd021fbd922810d5d2cbac6)
                            - edge_kcomponents.pyi (RegularFile, 2672c41324358fa04a76800daec2dce7)
                            - kcomponents.pyi (RegularFile, d7d1dd31ff4ccdf045dc2079afc50135)
                            - kcutsets.pyi (RegularFile, 6879b5c5fff6a43bd5be940a48835d81)
                            - stoerwagner.pyi (RegularFile, 6c1ba0f341b0b1e93b2ae548d0327acc)
                            - utils.pyi (RegularFile, 764c6f79f62e21aa9d0108020b2b757f)
                          - core.pyi (RegularFile, 094f65f661abb0155ef983f86a670c23)
                          - covering.pyi (RegularFile, e56282d3598f38de946545447de8a1ae)
                          - cuts.pyi (RegularFile, 0b2f31064ed2d353aed88327989a5553)
                          - cycles.pyi (RegularFile, 57059a2da48ac75bc7b6bd61e998e307)
                          - d_separation.pyi (RegularFile, 726d1e35ba8c52cbae98cf5ac307124f)
                          - dag.pyi (RegularFile, 6039b5f6a5ba4d6bb72e10f6b360dd2b)
                          - distance_measures.pyi (RegularFile, bfd38d2f45fd340a63505ec102816007)
                          - distance_regular.pyi (RegularFile, cb5d67a51ca08fdb228d2192abfb49f3)
                          - dominance.pyi (RegularFile, f54fa9d2de53df6cd93805ac04b8226d)
                          - dominating.pyi (RegularFile, 4142f75ecc8e173ab0fc4b0ca9f7bf21)
                          - efficiency_measures.pyi (RegularFile, fbb42607cabb752bb0be745001311b47)
                          - euler.pyi (RegularFile, aa9893305bf0a8e3870db525e14afcbf)
                          - flow (Directory, eff6d9890700c95131a2ee36cf523a9e)
                            - __init__.pyi (RegularFile, 518c23680ee8d4964a626763054d826b)
                            - boykovkolmogorov.pyi (RegularFile, 46801703cf6ce7ffc3bc0682815e7538)
                            - capacityscaling.pyi (RegularFile, cecc92be30d83da13b82cfb4dbd443e9)
                            - dinitz_alg.pyi (RegularFile, 6c6e682cd776efef028a55675be119f4)
                            - edmondskarp.pyi (RegularFile, e81c0451a21180d450cc8f98bd1ddf23)
                            - gomory_hu.pyi (RegularFile, 5831b8f6e232f421be8563886020e3ba)
                            - maxflow.pyi (RegularFile, e9d1b7a4a0d86a2687af5ab39a6865e7)
                            - mincost.pyi (RegularFile, b8ce9bd77dae0897d381efb25e7a0fd2)
                            - networksimplex.pyi (RegularFile, e88308387281895c53ac686cf63f7e9b)
                            - preflowpush.pyi (RegularFile, e6d104baaad9d9ba5b5cf03455b68018)
                            - shortestaugmentingpath.pyi (RegularFile, d4deef3c25eded75f9ad1325d6980dbb)
                            - utils.pyi (RegularFile, da651b56f11b5e74153e1320b2bb2031)
                          - graph_hashing.pyi (RegularFile, 22934e67625c01c19687fcd43f0f5cae)
                          - graphical.pyi (RegularFile, 7a19c28e2662dcad1b05461a0ea543a5)
                          - hierarchy.pyi (RegularFile, 34583703837dec0f468414199f1b1186)
                          - hybrid.pyi (RegularFile, ae4d1f319674cf591555cf9be6e6dc6f)
                          - isolate.pyi (RegularFile, 057c83fb3f65a2dbdb4a0dc74cec6c78)
                          - isomorphism (Directory, b5609a25b67a4f8d52b1b6709caa5539)
                            - __init__.pyi (RegularFile, 8b0fc6073f313352843e25704f2b70ad)
                            - ismags.pyi (RegularFile, 5dd04e9416e7b95443eaf36f6dfc3c6f)
                            - isomorph.pyi (RegularFile, 980b0e560fea17470ea3702dff0a9db5)
                            - isomorphvf2.pyi (RegularFile, 34194a62e345b445524435d64cf2e512)
                            - matchhelpers.pyi (RegularFile, 7b5fa63e46797fa9a27750e84ac44adc)
                            - temporalisomorphvf2.pyi (RegularFile, 296e9c5b48ac10a15d8313508594646c)
                            - tree_isomorphism.pyi (RegularFile, 64cd94d523c67930015cfaaa37550e60)
                            - vf2pp.pyi (RegularFile, c183feb13833c46092e1cf840200db15)
                            - vf2userfunc.pyi (RegularFile, 689b58df4150754ff3c6ba602aa3be8b)
                          - link_analysis (Directory, 14eb0bcbd9aa32943fb3c94da44f2832)
                            - __init__.pyi (RegularFile, 73fc7ea53db58a28183db47cbcc29128)
                            - hits_alg.pyi (RegularFile, 4cef67dee8cb11d652db5aabe15349d2)
                            - pagerank_alg.pyi (RegularFile, 422417a11f1f371c9447383c418129a0)
                          - link_prediction.pyi (RegularFile, ae0362eaf1f60ab673104197dcda0e07)
                          - lowest_common_ancestors.pyi (RegularFile, 2398bccd239b122e0a14a229706ae7dd)
                          - matching.pyi (RegularFile, 61107d1a56d03727f6054baead96b744)
                          - minors (Directory, 75db04bee24ca55a2c4c6c34fbb7215c)
                            - __init__.pyi (RegularFile, be40b6cddbd474de96d244927cfb1cdf)
                            - contraction.pyi (RegularFile, 1a8b8e047b21da152869792a856514f2)
                          - mis.pyi (RegularFile, 0c745389c3dba56e4b296a348b7e5248)
                          - moral.pyi (RegularFile, cf72c1c40e7e409d3ffc9c92ac40cc2c)
                          - node_classification.pyi (RegularFile, 1e61a78070e6da0163b674398431895c)
                          - non_randomness.pyi (RegularFile, 5f2adf911df8c589fc444003d1ccb167)
                          - operators (Directory, 6e92e82f76bd77222bbce9cf67a505fc)
                            - __init__.pyi (RegularFile, 7bd1e1604f6824616c41ed3c7f21b2e3)
                            - all.pyi (RegularFile, ffa3a2ebfc0ea92ced9214961dd04318)
                            - binary.pyi (RegularFile, 6559afc06d0039913df8ff38915d8946)
                            - product.pyi (RegularFile, 0251afae45a7b1330508106b3639d9fe)
                            - unary.pyi (RegularFile, b1dfff7e73ce53379f3682d3eed66882)
                          - planar_drawing.pyi (RegularFile, d8d6ca8c47ebf80e42889350b650bde0)
                          - planarity.pyi (RegularFile, 16dfa55f301da96bec8f37cf8b2d9039)
                          - polynomials.pyi (RegularFile, 09be91997324f7b179bfaba3cce96ac4)
                          - reciprocity.pyi (RegularFile, d72ca858d473ac0c6bb3369f6fe579cc)
                          - regular.pyi (RegularFile, fdcaaf514a01a186662b054b650eb098)
                          - richclub.pyi (RegularFile, 5429bbc800281348761a9ac6140ff596)
                          - shortest_paths (Directory, bf47c4235eb7a589a2f07a58a7dce8fc)
                            - __init__.pyi (RegularFile, d91794b24c18170082e7a9b2ba532c31)
                            - astar.pyi (RegularFile, 1f028e94d935089b26e4e8f5441a7c3e)
                            - dense.pyi (RegularFile, 45b7221b2cc4ddc4355eb4bc108d4553)
                            - generic.pyi (RegularFile, 04837a5b8d47a92269e6840c0ec124ae)
                            - unweighted.pyi (RegularFile, de359e5e8f5b69d85c4be2c7ba164b2a)
                            - weighted.pyi (RegularFile, d187f134b4ab38d62d06d5a1f9a8d208)
                          - similarity.pyi (RegularFile, 28ed09037c948d554215416b444f3e16)
                          - simple_paths.pyi (RegularFile, df9d98e18dd6a8d0a5dea20f17dd7a1b)
                          - smallworld.pyi (RegularFile, f02b0939b62bfc1e8898b398100851c1)
                          - smetric.pyi (RegularFile, 35a7368e8c60e2b69904ba0bad2f98dc)
                          - sparsifiers.pyi (RegularFile, 9584959a4686323879bbb25d5feeaf64)
                          - structuralholes.pyi (RegularFile, 502896972cefbe8a894409e60066b460)
                          - summarization.pyi (RegularFile, 130cdd7dd31581906a6e448a4005bd12)
                          - swap.pyi (RegularFile, 37dd0fdc20d289eba4d2dcb611d2085e)
                          - threshold.pyi (RegularFile, 79795a02462ddbf8af5d1064ee72a30d)
                          - time_dependent.pyi (RegularFile, ba1bb4c83818f83c5288c336aa8d7221)
                          - tournament.pyi (RegularFile, 47624bee89cd4561523757f6095d5a83)
                          - traversal (Directory, d03017aead3e8c4814c811c72cf814a3)
                            - __init__.pyi (RegularFile, 3de72653bf5ea0801c5f80a47e745ed2)
                            - beamsearch.pyi (RegularFile, 96c4c81cb0afec3825fcee97f8206140)
                            - breadth_first_search.pyi (RegularFile, 86df83621ed05fc382c82387e4568853)
                            - depth_first_search.pyi (RegularFile, 0c435335e58bc658e8333b59f4fa64e6)
                            - edgebfs.pyi (RegularFile, b76bbdb751b1da02e5ccd3a5ac492549)
                            - edgedfs.pyi (RegularFile, 0260b3f156d70014216fb16378d3d084)
                          - tree (Directory, 139ec904b2f971a385bb7e786110123b)
                            - __init__.pyi (RegularFile, e29333cc9343dd18a55ceb9716b9d2ec)
                            - branchings.pyi (RegularFile, 6c9ed4d5cf7006ed6f99d8213b40fd7a)
                            - coding.pyi (RegularFile, b30ac92ada448e1ba8728e9e3e6b7138)
                            - decomposition.pyi (RegularFile, 88cd5090732465de859807b0bb473527)
                            - mst.pyi (RegularFile, d06ed6d5b27fadd29dc5a4773ca3dc16)
                            - operations.pyi (RegularFile, 53228ca14ade0360379048442b058080)
                            - recognition.pyi (RegularFile, c5fccd59d56bcf1c5103415c32432f63)
                          - triads.pyi (RegularFile, 7f277e45c8c60a7f8554bb4e35af3924)
                          - vitality.pyi (RegularFile, 1135dd002b4ecf956fc5c5216699c36d)
                          - voronoi.pyi (RegularFile, 6401a412095e97988408bba1de2048cb)
                          - walks.pyi (RegularFile, 1c5b96a9fbfcd39b3bb8c3e92e184dfc)
                          - wiener.pyi (RegularFile, 7768e7e79428b2b36f9a7238b543295b)
                        - classes (Directory, 00a2883eae53e61dc6a360a8ba16af6c)
                          - __init__.pyi (RegularFile, f78d11aa8114b555ea24f2a1d089444c)
                          - coreviews.pyi (RegularFile, 594ed3e578145ec6a037a8594e91b7aa)
                          - digraph.pyi (RegularFile, 3853b86003f592c8463af785fbcbaa6c)
                          - filters.pyi (RegularFile, aee220f75ecb02f8a8cf41b7059ed99c)
                          - function.pyi (RegularFile, b91d3b47635c9282e71dcf9ee1bfc670)
                          - graph.pyi (RegularFile, 55cc7acc755c6ee242b90961fc5fcd54)
                          - graphviews.pyi (RegularFile, 9861dd558f4e53b351dc3c9e05f77cf0)
                          - multidigraph.pyi (RegularFile, 713bc85d1451a829e6127a9e7051f703)
                          - multigraph.pyi (RegularFile, f6c7c2a1990febe8c38984151ba9d752)
                          - reportviews.pyi (RegularFile, 8c528bf5d5e33cf5a9fe603278c63616)
                        - convert.pyi (RegularFile, fbc8e3ca3f736b652b8f3bed9ee6c873)
                        - convert_matrix.pyi (RegularFile, 43027b19484d8299812bf66322f57d9c)
                        - drawing (Directory, d69f276343e4dae3243308a1ee87c0e5)
                          - __init__.pyi (RegularFile, 9c5efa3755ec34e0c4bdfd289ebc8b3a)
                          - layout.pyi (RegularFile, 04ef0145240ac84e09712f24f513fb8a)
                          - nx_agraph.pyi (RegularFile, 4d62b539cd1e831e64f200e8ec613a19)
                          - nx_latex.pyi (RegularFile, 9a0b750b857072198a432b12fd114d09)
                          - nx_pydot.pyi (RegularFile, eb2d023aabfcdf1c3cf78e647225d6e5)
                          - nx_pylab.pyi (RegularFile, f10bfb7dfbde1ab156ab83822d418c6d)
                        - exception.pyi (RegularFile, 35476a6fcdad16ed297cf2a498fd4337)
                        - generators (Directory, 906050220887ffd49d9e753add5e7e8a)
                          - __init__.pyi (RegularFile, 907f08ced21340474e9cd6c1262f41e0)
                          - atlas.pyi (RegularFile, 9a1acef6b1986fadb04ec62d4aa837ed)
                          - classic.pyi (RegularFile, fc24674c761ebc385fa4c5e5283500ec)
                          - cographs.pyi (RegularFile, f4d58fbd303d0e0b50e1ccf56a6605c3)
                          - community.pyi (RegularFile, fd7254f5f2b68dce26a804e7c4b671fc)
                          - degree_seq.pyi (RegularFile, c8e0abe030f9153a95e247e57db34ad8)
                          - directed.pyi (RegularFile, 09492b9ae6e635ad5ac2cad696554819)
                          - duplication.pyi (RegularFile, bbc1b07c271494869c5cd27c3279bafc)
                          - ego.pyi (RegularFile, a970ddccedeb851933c16304caa100c5)
                          - expanders.pyi (RegularFile, 607620f8d70b032d7d1370abf90281f9)
                          - geometric.pyi (RegularFile, 2a9c9f0198b1fd5e922ccd3146158cc4)
                          - harary_graph.pyi (RegularFile, 7871df1cccb12844f3a4bb433e76059a)
                          - internet_as_graphs.pyi (RegularFile, 7eaceecae353c59bbfec5f1959e106cd)
                          - intersection.pyi (RegularFile, d342999c161e3b65c42ff9eeaf7000e0)
                          - interval_graph.pyi (RegularFile, 931a67aa4907bcae62b4cd58f15725db)
                          - joint_degree_seq.pyi (RegularFile, 05f8fad40db41ea2d39141b1c90c6e5e)
                          - lattice.pyi (RegularFile, fb88f4874c7d344bab9e503b31eed7be)
                          - line.pyi (RegularFile, 58f62f8e87775d8282cc145e076202cd)
                          - mycielski.pyi (RegularFile, 2257a8da31d95a159ac04c06b9624747)
                          - nonisomorphic_trees.pyi (RegularFile, 0609831e33735676f93b18d9646e0c0f)
                          - random_clustered.pyi (RegularFile, ff1cac3e63945b7add9a7636ee1024df)
                          - random_graphs.pyi (RegularFile, 3bc621f2abd6530e2f171bfcbf8d3694)
                          - small.pyi (RegularFile, 809d9dd9672bd7fa28462d6cf747b8cf)
                          - social.pyi (RegularFile, 6bb272a65c4b152f3714bddbf988f342)
                          - spectral_graph_forge.pyi (RegularFile, 5f55dfc69a88499a57fed6d4a32f50b4)
                          - stochastic.pyi (RegularFile, 70f1efff0bcb20baaf28848ca22d6ab7)
                          - sudoku.pyi (RegularFile, 0ef4a529db8ab4faea4a36958bcd8b2e)
                          - time_series.pyi (RegularFile, 202827f78fd720337d5724c958d43383)
                          - trees.pyi (RegularFile, bb3c033ac570b818dbeff9cf84fb1dcc)
                          - triads.pyi (RegularFile, 430938f194d4a997e6ecc3dd1d6ec531)
                        - lazy_imports.pyi (RegularFile, 7ada2ac6165577c35934d18eabd4aa42)
                        - linalg (Directory, 25b71658a4489446b4dcb9ddfdfcd995)
                          - __init__.pyi (RegularFile, 72164d35750f67e01b72489bd5cad3a6)
                          - algebraicconnectivity.pyi (RegularFile, 47820b9af1b5b648b2782632c9698068)
                          - attrmatrix.pyi (RegularFile, bb616cadb21a4e66f8e1d706f3a2cdd5)
                          - bethehessianmatrix.pyi (RegularFile, bd417945b8eeb818d6645b18a19e35f3)
                          - graphmatrix.pyi (RegularFile, fe1b279f903b508dbb6c050a9c0005ef)
                          - laplacianmatrix.pyi (RegularFile, 0b98e2f4d8afc54cb6faea4395ee43be)
                          - modularitymatrix.pyi (RegularFile, 765b21f47c13215d651789b31a037294)
                          - spectrum.pyi (RegularFile, f265cbfa243641c597c6f099bc1793ab)
                        - readwrite (Directory, 5aeb8057c4f014eba09503f4a1485746)
                          - __init__.pyi (RegularFile, 146a0a81425cb6c8ea30d91f271126f8)
                          - adjlist.pyi (RegularFile, c81144d4d8c82cdd1c9446f45f5bea12)
                          - edgelist.pyi (RegularFile, eef5f0267441be6bf762dbdc248ca862)
                          - gexf.pyi (RegularFile, a0e1c6511763f34a17d6da00d8a7c9f3)
                          - gml.pyi (RegularFile, a1d0303a8fc309a31596d7a04f0be024)
                          - graph6.pyi (RegularFile, c3421d437953d1ee47c7ad2a70b379e0)
                          - graphml.pyi (RegularFile, ffcb2522aaad5dde18b29484bf3bc273)
                          - json_graph (Directory, fc230812e19efcd2d129dde628e727a2)
                            - __init__.pyi (RegularFile, 802a9121a2801334049bdacce9b654de)
                            - adjacency.pyi (RegularFile, 92dc122fab27cad36624260f34792925)
                            - cytoscape.pyi (RegularFile, ab10a64c35b32cbd9f2dd84214de0abc)
                            - node_link.pyi (RegularFile, 8aa2f67f256926b54acad846aef8bd72)
                            - tree.pyi (RegularFile, baabe20da031a6d455dfbd21e61ef109)
                          - leda.pyi (RegularFile, 05af0dd82ed07449ef711359e8d7338f)
                          - multiline_adjlist.pyi (RegularFile, ddd6e44a917ebf7c6ab6b456c61a2967)
                          - p2g.pyi (RegularFile, 657fcfdc2bc04b25f125077124821dac)
                          - pajek.pyi (RegularFile, c8c0f29c07244bc87d8ab81b0befa98b)
                          - sparse6.pyi (RegularFile, 3dcad6e703ae814d10b0ce193a2ba558)
                          - text.pyi (RegularFile, efd920ad01b4dae1e1ac99f061aeaec9)
                        - relabel.pyi (RegularFile, 2ec8b5f47f461ae52c4d801c95b7255a)
                        - utils (Directory, c2fcade16e2edb7a897644e790292350)
                          - __init__.pyi (RegularFile, 2d5b76ed3e28638752dada9d707cd4dd)
                          - backends.pyi (RegularFile, ba2236cccf1464cd7b2cd868eb3297ff)
                          - configs.pyi (RegularFile, 1f06bdca3ffa2a7aac3bbc4fae09fbf4)
                          - decorators.pyi (RegularFile, 804a3dbb21b693a8b518e857c23eb25d)
                          - heaps.pyi (RegularFile, e9abb59386053be31bd8693ce5fc8c30)
                          - mapped_queue.pyi (RegularFile, b78bd674faf862136e8c3c04adb76531)
                          - misc.pyi (RegularFile, 16688b9815f614a66510c3d91d9e18e8)
                          - random_sequence.pyi (RegularFile, d8aa54dcfd3a6d0587297b856b875b7c)
                          - rcm.pyi (RegularFile, 838a7aeb8ada326f4a233811dcd35b9e)
                          - union_find.pyi (RegularFile, 6a145229b7c83ef7dee6f9e3cd5a8c1e)
                    - oauthlib (Directory, 05356ebb3a7efddd38ac436063775989)
                      - METADATA.toml (RegularFile, 1da1d7f0a7d8e3bb8e96fd01feb56889)
                      - oauthlib (Directory, 48078e2b257cd04083e3e9365509d0b3)
                        - __init__.pyi (RegularFile, a67c4f35af2a5cef1a4368eef503d606)
                        - common.pyi (RegularFile, 53f8681844b1f1523546c2e80a8128fe)
                        - oauth1 (Directory, 5f6071af454bfd2c1e7ecb0e3b0824c3)
                          - __init__.pyi (RegularFile, bd91829bb7e03503b55107e7955a8f9c)
                          - rfc5849 (Directory, b9b5e2f2a40423d28b756a5a5498029e)
                            - __init__.pyi (RegularFile, a9a2b962c5ab3dde60cea3308b0a7473)
                            - endpoints (Directory, acc2d7fe790f33a649940382b83e5656)
                              - __init__.pyi (RegularFile, 9b4dfdb981334f6034b2b5285e7bfb87)
                              - access_token.pyi (RegularFile, 45e35068d22d99e37210d08edbd54554)
                              - authorization.pyi (RegularFile, 39604b6a1ec991ed49ce1816158e2ca9)
                              - base.pyi (RegularFile, 5747c9f6b83a26c894b2e7d53b08efac)
                              - pre_configured.pyi (RegularFile, 7e662b511b770538e49d6e2afeb32f82)
                              - request_token.pyi (RegularFile, f3622b1b6df662183217dabbe83207ea)
                              - resource.pyi (RegularFile, 0e0a466fae59b98e12254522e6d20964)
                              - signature_only.pyi (RegularFile, 9f4e143942fb9ffe149608af0957990e)
                            - errors.pyi (RegularFile, 62dad0a73dcb62610dcb3fce60d502c2)
                            - parameters.pyi (RegularFile, e9995d8fc8630eae92578f75aff9d68e)
                            - request_validator.pyi (RegularFile, c635da7fa70ea7ed9d9dcf5b7462d696)
                            - signature.pyi (RegularFile, f72b1121aa63298a7d0d6a8db32fc65d)
                            - utils.pyi (RegularFile, 05660a87cee64be3a66621d5f89401d1)
                        - oauth2 (Directory, 96e89a390420808a35d152f3eefbabb2)
                          - __init__.pyi (RegularFile, 0e89cad039ba22c1dcb9527b49c94509)
                          - rfc6749 (Directory, 3fade076d7b7d52ceb9369b6d61d562c)
                            - __init__.pyi (RegularFile, d65095a67afaf1b3e8bd04707fdf274a)
                            - clients (Directory, fe0a62807ebd8b6f001346fd3b0ca4a4)
                              - __init__.pyi (RegularFile, 4595f31fc16e9b7f77b8cb11ee03e698)
                              - backend_application.pyi (RegularFile, 198f77f74248d28f10d59d2486071b1a)
                              - base.pyi (RegularFile, 5c1445ecb3f1044dfd473d544357739f)
                              - legacy_application.pyi (RegularFile, 44ab3e0ce6d8e7cc40b9417964bfd008)
                              - mobile_application.pyi (RegularFile, a65e567628f208094172257ce9e8c7a3)
                              - service_application.pyi (RegularFile, c1e397bf7ada9b038b36f5716b6f7f70)
                              - web_application.pyi (RegularFile, 75317cc23a3d580335f138df0ba4d22d)
                            - endpoints (Directory, 1e428e2fd28f317cc1783f897b27c2e6)
                              - __init__.pyi (RegularFile, a0c75c3399c7cec8c2e5ee567c0511b8)
                              - authorization.pyi (RegularFile, bdd6f1f48ac1d5b45dc8028ac5e5b8a6)
                              - base.pyi (RegularFile, 20f516800aefcb93eaa56bd7ee52c9e2)
                              - introspect.pyi (RegularFile, 16ca88bd5c0d5c6eb3341cfa4935225a)
                              - metadata.pyi (RegularFile, 747392b2f3d73767189e4704a4ec22c2)
                              - pre_configured.pyi (RegularFile, c3b14190300e34938363ca5629423d0e)
                              - resource.pyi (RegularFile, c770816556ee765683a0de8db47e067a)
                              - revocation.pyi (RegularFile, af0352e2fc102af34cb131252661ecb5)
                              - token.pyi (RegularFile, b9500560a04daa42c63b014542fe8a1c)
                            - errors.pyi (RegularFile, 49048845605128253f2d8e7310cc782b)
                            - grant_types (Directory, ce0c24d9c5ca033853c6161a78eb44d6)
                              - __init__.pyi (RegularFile, 0fcd839184cbebd94a58a60d7e1b56f8)
                              - authorization_code.pyi (RegularFile, 7217b6f69454b204bd5116f43f02a544)
                              - base.pyi (RegularFile, ff66694531588ed8c1ad6639584fd60d)
                              - client_credentials.pyi (RegularFile, fd91d645a009a587bc8c9b74006558c3)
                              - implicit.pyi (RegularFile, 24ec05fb7c6bf48e827eef26ce980701)
                              - refresh_token.pyi (RegularFile, 9d6ca4d07db585b25ce8163017979f00)
                              - resource_owner_password_credentials.pyi (RegularFile, 3ba92330e387b2196f53723ba81f45cb)
                            - parameters.pyi (RegularFile, 300d3205e0b89853fb488b51c14af0af)
                            - request_validator.pyi (RegularFile, a5e8cc93be93f299aad4616b0d529ff0)
                            - tokens.pyi (RegularFile, 22fd74f7251dce886c800d3707e5274b)
                            - utils.pyi (RegularFile, d5ece3f42ffce09986a381916efc0443)
                          - rfc8628 (Directory, b328458a545628289a7170926228b231)
                            - __init__.pyi (RegularFile, b2b295fd0c0241a4e17f6c5cc6bce4b6)
                            - clients (Directory, d96aeb31608a6b59e810f622285fbbd1)
                              - __init__.pyi (RegularFile, d98a3fbf338cf2cf94bfadd1a27e2558)
                              - device.pyi (RegularFile, 91eba9b8b462d2a699c1b0d10d3f5186)
                            - endpoints (Directory, 1a8ea70181d3d1b1450d8c7972baec20)
                              - __init__.pyi (RegularFile, e33846e6cdd22e2c6bc8bdec7034f8a5)
                              - device_authorization.pyi (RegularFile, 48c6ae910dbd77a57f48c14753c73c8a)
                              - pre_configured.pyi (RegularFile, 4d100dd47406b3e7f0f6d1c3763c1249)
                            - errors.pyi (RegularFile, 14ba0206b39e3179b816a80bb1af224e)
                            - grant_types (Directory, 4aa3bc6b2aa0b6312aa3e10c26a154ab)
                              - __init__.pyi (RegularFile, 7ab3a42154d494ee03331e0db38e55d9)
                              - device_code.pyi (RegularFile, 29bac0ca550066912c238eb58ece4967)
                            - request_validator.pyi (RegularFile, 6e18451f7aae2caeb7c3bd327dd2fb60)
                        - openid (Directory, 8c89934a1afcf872844002e7b0fda5b8)
                          - __init__.pyi (RegularFile, 39eda73bf18d8e2bfce948d081595089)
                          - connect (Directory, f90e4ec7af32b8b4642dcbc31bb3cd55)
                            - __init__.pyi (RegularFile, f571933bb948577b1f9f3076fb8fc7c6)
                            - core (Directory, f4133d8972e2a65db571537ee2d0a4b3)
                              - __init__.pyi (RegularFile, f571933bb948577b1f9f3076fb8fc7c6)
                              - endpoints (Directory, 75938e5350ad4fe86359c218b61653aa)
                                - __init__.pyi (RegularFile, 71df91efe52b719951b443bbd5a6f97b)
                                - pre_configured.pyi (RegularFile, 44fa41ec92268b39192f3689639a65a7)
                                - userinfo.pyi (RegularFile, 85b6c56e1db7e90a82b09ee34492dc99)
                              - exceptions.pyi (RegularFile, 97258bcb7f0cbc9d530bbc24b2b0a367)
                              - grant_types (Directory, e979143735b43b746829c32658ce469e)
                                - __init__.pyi (RegularFile, b01f51481ea7a930fd7c5a3232d27f09)
                                - authorization_code.pyi (RegularFile, 36ff789bc68167ba7b8cfdfb70b1868c)
                                - base.pyi (RegularFile, 000478926403ac12fad92edf70f670e8)
                                - dispatchers.pyi (RegularFile, fcc479c2414df695841dfccaa584a421)
                                - hybrid.pyi (RegularFile, 8d17294e212ec024ea975f9a8c0bb3e0)
                                - implicit.pyi (RegularFile, a16e38fd2f4477579f3d00cc83054ea3)
                                - refresh_token.pyi (RegularFile, cd023a9085586aa97d7c882a6bf9f32e)
                              - request_validator.pyi (RegularFile, 100fab032cbbdaaa06e36d83a33b50a9)
                              - tokens.pyi (RegularFile, ec5b8a885d6d105f7f49ffcd70d1b321)
                        - signals.pyi (RegularFile, 4412a7c02954778bc634008122fe75a9)
                        - uri_validate.pyi (RegularFile, 4e37882538bcf517b98f019ec73e064c)
                    - objgraph (Directory, 5b5cd261c95c58c0f632ce7492a3f90b)
                      - METADATA.toml (RegularFile, abe9bfdf81af3336c06b55e926ba2187)
                      - objgraph.pyi (RegularFile, 9d2d4c7283b9ff6cfd5347271664b3a4)
                    - olefile (Directory, 4983c5e71430ef1c9e16bd4cd8800322)
                      - @tests (Directory, 27f13177efd3d2ce745c2fa569e4084a)
                        - stubtest_allowlist.txt (RegularFile, 1f5b194dc39c5128f7fd916347e544ee)
                      - METADATA.toml (RegularFile, 0a73b32b0397e7b468c070261184681b)
                      - olefile (Directory, 206f474830b172355fb15e2f3b9ef8fb)
                        - __init__.pyi (RegularFile, c1d938f607c25d78dcd07ed56ad4d712)
                        - olefile.pyi (RegularFile, 0dfc8f23868b88e544975e92ce38c9e1)
                    - openpyxl (Directory, deff4b0220e6407d10b759389d98c075)
                      - @tests (Directory, 777631b4fcce0f58d593f4ae6f2c6ba9)
                        - stubtest_allowlist.txt (RegularFile, b8d40567aa75e3deb2733fe4c598ceb8)
                        - test_cases (Directory, 08930c464beeb3cdb4473f01496dd8d9)
                          - check_base_descriptors.py (RegularFile, 6ff1368f9c684f2f6289ba84bc7cfdbe)
                          - check_nested_descriptors.py (RegularFile, 51938e559026fb2a562153f5f2b43699)
                      - METADATA.toml (RegularFile, 99cb6e08302ad552ca093aa5d9137df3)
                      - openpyxl (Directory, dfd7ada1a1db398a0dbee0bcd29f8dd5)
                        - __init__.pyi (RegularFile, 41321a1da902d987e86b5b453f3f6079)
                        - _constants.pyi (RegularFile, e35e325f2b81956d65c5ce4c4b95fb39)
                        - cell (Directory, 71999b21617263db2e8da88501970573)
                          - __init__.pyi (RegularFile, 8a459c373c2fe78064e178e82f8efb01)
                          - _writer.pyi (RegularFile, fd446b75842fc4fb407d697142055254)
                          - cell.pyi (RegularFile, b77d7493852b14d24d6d5e2e869d8ad7)
                          - read_only.pyi (RegularFile, f3f366fe4364fb5091248dbf9e76403c)
                          - rich_text.pyi (RegularFile, 12bdcbcd77b3970028fbf062a226f74d)
                          - text.pyi (RegularFile, abc462cf7256704b4805a333eb499343)
                        - chart (Directory, 13c1c2cae7ad2fb9bcc00c1d0ddc88a0)
                          - _3d.pyi (RegularFile, 5e5f3599123f50ee43ac00b8adbd17b0)
                          - __init__.pyi (RegularFile, 1ea33d0b203ad75d56999e95cd851d33)
                          - _chart.pyi (RegularFile, 32a7dab57188654513b5c39555a0c547)
                          - area_chart.pyi (RegularFile, cd9e5ce198cbe440d1a75a0ada49dcb3)
                          - axis.pyi (RegularFile, 12aed1ddc8f2b2461132f971c70dc4f7)
                          - bar_chart.pyi (RegularFile, 794c5854654a4346521dbe47daf07eae)
                          - bubble_chart.pyi (RegularFile, 86a60b3773fc631f6b23ac5cb8377e9f)
                          - chartspace.pyi (RegularFile, 310a2600007e763e07f3edaa9af6fb13)
                          - data_source.pyi (RegularFile, 9c9a7885202eb82a968eb0c602f8e2af)
                          - descriptors.pyi (RegularFile, c61e414dee9a702353763e1cb5906020)
                          - error_bar.pyi (RegularFile, dc08ca508a0d08b3f2031b25ec9860b5)
                          - label.pyi (RegularFile, a5f8ac015e3bb3ee3de0f2a9d9b2fc7b)
                          - layout.pyi (RegularFile, b0967677fa4085dd73f0af6b160577f5)
                          - legend.pyi (RegularFile, 19e8e373cb5b057e0969495f03df07e7)
                          - line_chart.pyi (RegularFile, 5b602f9c9a560f24637aa5530a853dc7)
                          - marker.pyi (RegularFile, bcdf168c3ec5f9c411e336148c547519)
                          - picture.pyi (RegularFile, 4b8ddbeb2a57d5a4d392a2228ed22b1c)
                          - pie_chart.pyi (RegularFile, f29ca14785494349ca8ba33ebe046113)
                          - pivot.pyi (RegularFile, 1672c55d648a53ae043efda4e516bf01)
                          - plotarea.pyi (RegularFile, 4a9f7cfa042a9d749bea521967601ef2)
                          - print_settings.pyi (RegularFile, 47f3638926fb92d55a03ac47e785ed87)
                          - radar_chart.pyi (RegularFile, c95757f20ab625694cbe598a17707219)
                          - reader.pyi (RegularFile, 7b043d8164677fee020f5ee0e9982ac1)
                          - reference.pyi (RegularFile, ea9cf4041d190748541836767114d54c)
                          - scatter_chart.pyi (RegularFile, c27e445420d9d861f98275ac87c72e4c)
                          - series.pyi (RegularFile, 1f4e852c92aa2493359d2da545a5865b)
                          - series_factory.pyi (RegularFile, 2c17997db95010758e176b64a6e5d0fc)
                          - shapes.pyi (RegularFile, 06351c1009ad93f5c2b6286b4d208fe6)
                          - stock_chart.pyi (RegularFile, 8dc49e51c04ecf07be10fa80c79a80ea)
                          - surface_chart.pyi (RegularFile, 80966e6d4ae72c6106dd512297cf4e36)
                          - text.pyi (RegularFile, 4fb604aa732a5808e6d99719c42c9fc8)
                          - title.pyi (RegularFile, e9c9b72c3f6f2ebaf47e3ca263e9c170)
                          - trendline.pyi (RegularFile, a9b5b5239e88ce532adec4d535745a07)
                          - updown_bars.pyi (RegularFile, 24fa92767bb6033564f5923a74542d4e)
                        - chartsheet (Directory, 9a2c9c832d11467219182805e324088f)
                          - __init__.pyi (RegularFile, 9de474417e34bba6f7ee633c0ecba459)
                          - chartsheet.pyi (RegularFile, c4e29a3c3476723796531fc3aafc2cd1)
                          - custom.pyi (RegularFile, 897be4ad252a1128617362181c222d48)
                          - properties.pyi (RegularFile, 9b3136a5d9bf710ad4c680789c6536c9)
                          - protection.pyi (RegularFile, 1e96abd0ea8df293ed26a92cf8f85277)
                          - publish.pyi (RegularFile, fa3b52c983dc02899291005e54293c3e)
                          - relation.pyi (RegularFile, 93be12524a6a3747f1b1e1ff31891e61)
                          - views.pyi (RegularFile, 6cb962f7be5064bbd074fa68e119dce0)
                        - comments (Directory, ea127bfb2007e767eea1ad8a90676c6f)
                          - __init__.pyi (RegularFile, 4d6da032dacf695115e674854d2226f0)
                          - author.pyi (RegularFile, c795fd24f04c3ca79d5a4b7f5b55850b)
                          - comment_sheet.pyi (RegularFile, 6b6e62c42576062cdb5a7f1cf98d0dd9)
                          - comments.pyi (RegularFile, dc21e3175fa28f6f3bf787600c00d79b)
                          - shape_writer.pyi (RegularFile, e14a2ee8c165d1a338735915f7ed9b57)
                        - compat (Directory, a20b3db0a92abb703efe3930ec3f55c5)
                          - __init__.pyi (RegularFile, 908f044d4181041d9b95863885d51cf7)
                          - abc.pyi (RegularFile, ca97236957563edfd963d5698b8e5163)
                          - numbers.pyi (RegularFile, 7cda5f252677ba8763f35786604f0c4c)
                          - product.pyi (RegularFile, 5ccdc49fa2a78af8d8bdc6ba8439e5ed)
                          - singleton.pyi (RegularFile, 13ea28a501f85064fc59863a6c0cf1f3)
                          - strings.pyi (RegularFile, f8526fe9be5355bba7e14662fb15bb3c)
                        - descriptors (Directory, 20824020822bc4fc818f1f2863a0cf35)
                          - __init__.pyi (RegularFile, 894a306da4fc725bcafacb45cbd4ee78)
                          - base.pyi (RegularFile, 05bbe494cdb1aa58e6feb8f5e2c24abd)
                          - container.pyi (RegularFile, 159c366b71aa47584b90386223e5cea3)
                          - excel.pyi (RegularFile, 7fa2c6a37d50cb9bebb62ee4a8e41de4)
                          - namespace.pyi (RegularFile, 51961e49751b236eb37e9b4dbd056259)
                          - nested.pyi (RegularFile, d0d17bc8429b8f9b8e7cd3bca7b63744)
                          - sequence.pyi (RegularFile, 62679fe193781ea2a809016d83292ea6)
                          - serialisable.pyi (RegularFile, 63ad7d0b1f845319576d9300b769fec7)
                          - slots.pyi (RegularFile, 26d3f72343e26364b01977f8685d8799)
                        - drawing (Directory, 633dec9c2013e4136fb9bd2f995d1302)
                          - __init__.pyi (RegularFile, a2d28ba722fd65485faec31114e600bc)
                          - colors.pyi (RegularFile, bb35ccb1b7112e90d0608de058fc7f67)
                          - connector.pyi (RegularFile, 5631e25bf770be2fdd4e123d9e95c71c)
                          - drawing.pyi (RegularFile, 71718666c1fe6b8882327a19c76fb42c)
                          - effect.pyi (RegularFile, 1b70d44c0bf0df1869c69df301bc57f4)
                          - fill.pyi (RegularFile, 4fc669093ef8064154d386380a9f6d46)
                          - geometry.pyi (RegularFile, b57cd2b7a3d93a9c88c926809338e2a1)
                          - graphic.pyi (RegularFile, 5a9a957319f50377ff6cea8e3466be9b)
                          - image.pyi (RegularFile, a046e29aa3c3680a4ac9980af582abbf)
                          - line.pyi (RegularFile, 5b22d83da71ca94843a6dff24818b601)
                          - picture.pyi (RegularFile, 2e8ebe90c504d4fbc9b19f5db5ff1fe0)
                          - properties.pyi (RegularFile, b4e7704459a49bf9795f9447f2fac4d7)
                          - relation.pyi (RegularFile, 5396cd79b1f4caa16eb59669a51b13cc)
                          - spreadsheet_drawing.pyi (RegularFile, 4025ef03b038834cf23fb694c2501500)
                          - text.pyi (RegularFile, ecc68ad691d3d94de27b7796fa929735)
                          - xdr.pyi (RegularFile, 30957c80beb92c05157ad69202294749)
                        - formatting (Directory, eeab678606be3c5db930204f63e8d4ae)
                          - __init__.pyi (RegularFile, bab6fc079ff074f2f61d68976b2835a1)
                          - formatting.pyi (RegularFile, 8e3c17a55c67be4cb271db896632f7d4)
                          - rule.pyi (RegularFile, 5f5897bcc91249f177c37ba8ca695e04)
                        - formula (Directory, 16c6728900c50dcf62596a02b677aa7d)
                          - __init__.pyi (RegularFile, e8e680dde4130db0de48b6939cbad44a)
                          - tokenizer.pyi (RegularFile, f2cfb483f570fbc530d6f8e0de07e65e)
                          - translate.pyi (RegularFile, 9ee0eeec47d9a8c146adcb328ea24806)
                        - packaging (Directory, dcd3b456299f83cc90420f4606de5d24)
                          - __init__.pyi (RegularFile, f571933bb948577b1f9f3076fb8fc7c6)
                          - core.pyi (RegularFile, 6a0d19b39cde76ca2c4af603a312d889)
                          - custom.pyi (RegularFile, 361ee0034f27290e6392676a691d4a07)
                          - extended.pyi (RegularFile, b8e225c367ee6c3751f3678897ffbcde)
                          - interface.pyi (RegularFile, daaaf39128048341b740c35b9b0e98f3)
                          - manifest.pyi (RegularFile, aeb83492be9689f9036465c05d9ac9c0)
                          - relationship.pyi (RegularFile, ad8c867783e527940d68800afb3d629d)
                          - workbook.pyi (RegularFile, 0c96d8928fa765973ad5f1d0b9d4c0c2)
                        - pivot (Directory, ba8c6dc40531c51a9add4d00f5fd545f)
                          - __init__.pyi (RegularFile, f571933bb948577b1f9f3076fb8fc7c6)
                          - cache.pyi (RegularFile, e1c60888db4bffbda542dc8da04d1167)
                          - fields.pyi (RegularFile, 97c28f76731bd46d16ff0c95f25f4ad1)
                          - record.pyi (RegularFile, cf08f2f15ee3095feab75e7f5a32f289)
                          - table.pyi (RegularFile, 5bfaac75fb919985b720585cd723f39e)
                        - reader (Directory, 288cd8c7e7fdc3fc18619c18154815b4)
                          - __init__.pyi (RegularFile, f571933bb948577b1f9f3076fb8fc7c6)
                          - drawings.pyi (RegularFile, b7ec69d219de59536960c4ab5f5a91c9)
                          - excel.pyi (RegularFile, 0ce0e001fe1a59897ad4278e19443b14)
                          - strings.pyi (RegularFile, 4771cea88be5588c133ca48fa9d03309)
                          - workbook.pyi (RegularFile, 76d64b03823652d49e1eeb463939bb85)
                        - styles (Directory, 187e5559197e84c2494d2922a6d8f6dd)
                          - __init__.pyi (RegularFile, 905408817121a2d8229c78f248487306)
                          - alignment.pyi (RegularFile, c2e8c2e0688f8a81db50ad905a3324a0)
                          - borders.pyi (RegularFile, 67a9b54ae470de5d68031db0cc3dae35)
                          - builtins.pyi (RegularFile, 9d9cf3de767f67b7336e0b2f1116b751)
                          - cell_style.pyi (RegularFile, e098afa278acf5b28cdc8d934c65faf0)
                          - colors.pyi (RegularFile, 6f5dfaa1a3bb52e6af18ff6009528e90)
                          - differential.pyi (RegularFile, f23f5097db74e3e5eb544b1296bd8048)
                          - fills.pyi (RegularFile, db592138c650cd80447c34111317bdd1)
                          - fonts.pyi (RegularFile, 2c9152b66faf54bf5c9ba5cc8196f736)
                          - named_styles.pyi (RegularFile, 476552630da0e721c0b1b9f620110a5f)
                          - numbers.pyi (RegularFile, ea5f6a7ecd40239b054dcf43cb9599ca)
                          - protection.pyi (RegularFile, 93e8c7afab812d770348d6492b0a6101)
                          - proxy.pyi (RegularFile, 4a8a07331d31c7b6d11b71062225508a)
                          - styleable.pyi (RegularFile, bc4bdaa1ddac0edf697abced53f55e40)
                          - stylesheet.pyi (RegularFile, f9e3bff67b8cb5a557af04dec683b630)
                          - table.pyi (RegularFile, 95876d60d75dd6faa26bf924145653ee)
                        - utils (Directory, 6031eba38a7f05ab3138c3cbc857d33f)
                          - __init__.pyi (RegularFile, 1baf7a0be22b8b2a6e585000269e4b14)
                          - bound_dictionary.pyi (RegularFile, cdd19d7b55dc5af62f170b5b98cab682)
                          - cell.pyi (RegularFile, 4c720ea7a0aeea762e772ee071b39e87)
                          - dataframe.pyi (RegularFile, 39d6d983a946c42a5e680ed53e2b766d)
                          - datetime.pyi (RegularFile, f4277ce44ed4d62f991c2ce7c358e9dc)
                          - escape.pyi (RegularFile, 39fa4a5745811d1f6578def637843495)
                          - exceptions.pyi (RegularFile, 86d7f0fa8610e4f49a860f563c489db0)
                          - formulas.pyi (RegularFile, 91bfe261c74463b568b7ca2c68825863)
                          - indexed_list.pyi (RegularFile, 1372c5f27a460be306703629312bdd2e)
                          - inference.pyi (RegularFile, ce7acf1217aa68145d2e7e19c0948f31)
                          - protection.pyi (RegularFile, c021e860b69eabe814d2624589555813)
                          - units.pyi (RegularFile, d7f36ab6b9f290f5b96c116057f078bf)
                        - workbook (Directory, 3aa2c2f5df2f2c1b673c0b757d2c6f61)
                          - __init__.pyi (RegularFile, bd8be4b08e3108777337e57265b75937)
                          - _writer.pyi (RegularFile, 0c0c4c418204e107b8b2385572543799)
                          - child.pyi (RegularFile, 0a2a17569a607c51b77a4fd98e23b1dc)
                          - defined_name.pyi (RegularFile, c0e3a5668fc09b6b63d1e31833b3042b)
                          - external_link (Directory, 8e7bf37e773fec11357efa1911393a53)
                            - __init__.pyi (RegularFile, dfc7ae65c1188092689c4d6969a7863e)
                            - external.pyi (RegularFile, dd1c7127a98557382233477d3ed63864)
                          - external_reference.pyi (RegularFile, 0c36d0f0bb51f597f49b716d68f089da)
                          - function_group.pyi (RegularFile, 2286aab142227d323fcf814b29d3a801)
                          - properties.pyi (RegularFile, 790d5cf0f2004a056e5006fb4d565969)
                          - protection.pyi (RegularFile, 76d849e7509b9e4ed2991b8c727818f3)
                          - smart_tags.pyi (RegularFile, cabdb652534c6a3904e42f66c49b4f9d)
                          - views.pyi (RegularFile, 78a6ed3601513531a0a7ec719a0bef4c)
                          - web.pyi (RegularFile, 2f47bf73fa22ed9cd5c74ca823673043)
                          - workbook.pyi (RegularFile, 3b09dd8dfde7b0d969f53f030b1c4966)
                        - worksheet (Directory, c91e8c6eab9df4a5dbc6219f970314e1)
                          - __init__.pyi (RegularFile, f571933bb948577b1f9f3076fb8fc7c6)
                          - _read_only.pyi (RegularFile, 5e613c61c501d9d5ea6d8fcd99647f20)
                          - _reader.pyi (RegularFile, 5a2475167166a1585291fcffdbf76587)
                          - _write_only.pyi (RegularFile, 7d039db341160b06a65b3401907b15f3)
                          - _writer.pyi (RegularFile, 1051ff3913e87b459cf8f2a357a9f3ae)
                          - cell_range.pyi (RegularFile, 2a51f680927e789c5788f78e111c1f97)
                          - cell_watch.pyi (RegularFile, fdd4858ef025156ab579d12e6ed94a85)
                          - controls.pyi (RegularFile, 24bb1e05ea743ed0f02c3cabaf9e2908)
                          - copier.pyi (RegularFile, bf7865f91334583ffdeddeae9b33ef91)
                          - custom.pyi (RegularFile, d86e944cd0e4cde212fcb5493e26fdcb)
                          - datavalidation.pyi (RegularFile, a3193d62d419cc7f596718d2f912cf51)
                          - dimensions.pyi (RegularFile, 4e1728d16e50f19d8dc0682f6ec006a5)
                          - drawing.pyi (RegularFile, f5df12db9007a824c986ff97907694f3)
                          - errors.pyi (RegularFile, 2f4d488c324058ddd95f102b82f73888)
                          - filters.pyi (RegularFile, 8e27387db5ddf09954dc45a1f2bc23e3)
                          - formula.pyi (RegularFile, 37b0e65fe34a0949019a85c17924a0e6)
                          - header_footer.pyi (RegularFile, e80c79a5d99be437d8544b56cc0378c9)
                          - hyperlink.pyi (RegularFile, 03dfea0ff05686f9985323aea29c5a56)
                          - merge.pyi (RegularFile, 2403d1ea292f39d1a211c10ea4d1e954)
                          - ole.pyi (RegularFile, 72a53a7f39c0e53d7aaf9794151ff034)
                          - page.pyi (RegularFile, 6c2d57829cc041dfa3aaf292ad87bd31)
                          - pagebreak.pyi (RegularFile, bf3630eb144c74bbc3d79bcdf9b5e49d)
                          - picture.pyi (RegularFile, 095c4f760be70a5f552bd291ada44801)
                          - print_settings.pyi (RegularFile, fc9f41d5f55651b6f64a932d94f06bfc)
                          - properties.pyi (RegularFile, 0e3543f6e8ad149c6ca6dc7527b2a924)
                          - protection.pyi (RegularFile, 4c0f730f078d25902dd4c74b52cfb939)
                          - related.pyi (RegularFile, 984b30f929f1bb0971050f7a2b508364)
                          - scenario.pyi (RegularFile, 6d6622c4b42288be5ffba7b23929e47e)
                          - smart_tag.pyi (RegularFile, 4b6df13605a1dbf774a1fc2087a445e8)
                          - table.pyi (RegularFile, 497d457d18b469b3e13eca65c9e6c1c0)
                          - views.pyi (RegularFile, 4431c8562b843d6f8251fed738918137)
                          - worksheet.pyi (RegularFile, 70700f03cb3aa535e2f89a043f594e1f)
                        - writer (Directory, a43380ac585a6b70cea170c2bf6ede77)
                          - __init__.pyi (RegularFile, f571933bb948577b1f9f3076fb8fc7c6)
                          - excel.pyi (RegularFile, 8e32c72403d737f51d9d12bec853d3ab)
                          - theme.pyi (RegularFile, 18e2d6b20c619eac55b0eb4abf41b267)
                        - xml (Directory, db09c14d954539219ef75e32b1f62214)
                          - __init__.pyi (RegularFile, c19f5703efa7c5126a497aa0f63a661b)
                          - _functions_overloads.pyi (RegularFile, 3a78de99150e18dd032089c6401b26fa)
                          - constants.pyi (RegularFile, ad8b63c0117fdfb9dadb663c89896fde)
                          - functions.pyi (RegularFile, 3cf4955fe953259c7e7e8ee5f7ccc945)
                    - opentracing (Directory, 5cfc62649b6218f8e309d92bbb68f6fa)
                      - @tests (Directory, 19dbada6e8159c806395a22c7b220890)
                        - stubtest_allowlist.txt (RegularFile, b3074883560f207e631eb92417aeb77f)
                      - METADATA.toml (RegularFile, 59d8f32ec4ca3d159a6a93a27f67afb2)
                      - opentracing (Directory, ff29d1d4e4c9e7ef855e6f7fb443e363)
                        - __init__.pyi (RegularFile, eb27d42ef13bdb1728368a4665df5c8f)
                        - ext (Directory, d60d1893d47865dc63ea39dbfc7a13f1)
                          - __init__.pyi (RegularFile, f571933bb948577b1f9f3076fb8fc7c6)
                          - tags.pyi (RegularFile, e5020dbfd2ab477a40d2a0d1c82bce3c)
                        - harness (Directory, 84db06228532a99e73a4bfbf000945ef)
                          - __init__.pyi (RegularFile, f571933bb948577b1f9f3076fb8fc7c6)
                          - api_check.pyi (RegularFile, 49545dbf3d1bc797580dfe367fc2ee3c)
                          - scope_check.pyi (RegularFile, 0f21191b428265fc4901f0894641cb88)
                        - logs.pyi (RegularFile, 34776d497b600c01a933428f753ea2f6)
                        - mocktracer (Directory, 0ad8cefef58dfa654837c9af1082a5ee)
                          - __init__.pyi (RegularFile, b47179b8528c8aa1b2f663400dd9ec58)
                          - binary_propagator.pyi (RegularFile, 8eb8d4f81ac2388c9c2dc6448399d0d0)
                          - context.pyi (RegularFile, 643963ffbb97bb9018d6b51e3c00babc)
                          - propagator.pyi (RegularFile, f216fb1b7e6d9a33a0ebdd4b989d0ad0)
                          - span.pyi (RegularFile, 49467011fa5b107dc9ee99a750b153c2)
                          - text_propagator.pyi (RegularFile, a7e63e5239172ea40bb477ce57b05210)
                          - tracer.pyi (RegularFile, b43ea2db33ecaebe6b16158cd8d949e8)
                        - propagation.pyi (RegularFile, f80b3243b7bc76185be7c5d7f4cc89d9)
                        - scope.pyi (RegularFile, a9c34ca574ace90e65421aa5d7ce77b6)
                        - scope_manager.pyi (RegularFile, e4eb2a0723acacea5c426ca62d6416d1)
                        - scope_managers (Directory, 2c45a2e10d211e5781209ed7d65aadd5)
                          - __init__.pyi (RegularFile, ac0fe0e523fce0220a8b70696f4bc43f)
                          - asyncio.pyi (RegularFile, 811636fb0c8989436e7625917200bf63)
                          - constants.pyi (RegularFile, 95f4ee51fbeeba4e7289555a3c579f70)
                          - contextvars.pyi (RegularFile, 9861fb37193f8b186b28fe0ffee74e27)
                          - gevent.pyi (RegularFile, c6cb47f851e485e054145a11a9a05f59)
                          - tornado.pyi (RegularFile, 39673eee70cc05e4144edf70e181482a)
                        - span.pyi (RegularFile, 527153eb72268bd820fa92d389b10538)
                        - tags.pyi (RegularFile, e5fc678cacab63cf07c2b5912772fe99)
                        - tracer.pyi (RegularFile, 07d968209eb61911cab34df02e97f41d)
                    - paramiko (Directory, ca8bbedbbe2cc3b562385a05958203b9)
                      - @tests (Directory, be0a6c5c8faff085b433fa072479ac8d)
                        - stubtest_allowlist.txt (RegularFile, 41e3d68351eafa36d761dd609d8f22c7)
                        - stubtest_allowlist_darwin.txt (RegularFile, 0411e3c2f5eed2b3f19815db2e3fe0b0)
                        - stubtest_allowlist_linux.txt (RegularFile, 0411e3c2f5eed2b3f19815db2e3fe0b0)
                        - stubtest_allowlist_win32.txt (RegularFile, 7ef5933e7509213459355075c5a34681)
                      - METADATA.toml (RegularFile, 18b9ad7dc2af91b811b0e63e6f217f00)
                      - paramiko (Directory, a1c0237b3ec1155297d9f7397f8ab191)
                        - __init__.pyi (RegularFile, 3ba96d785f8b6e8addae880b79d9373c)
                        - _winapi.pyi (RegularFile, 92068e9b51ef51e9b4a9ed4b5b0d6607)
                        - agent.pyi (RegularFile, b664a75738fa8cf3cc6098817ba738c8)
                        - auth_handler.pyi (RegularFile, b60adad6e3e7e9db28915c71e16d1e87)
                        - auth_strategy.pyi (RegularFile, 2a61baa3b02912ac7a55e6468a3441ea)
                        - ber.pyi (RegularFile, 8c78f9a82ecbe58ff35c03def98ecc12)
                        - buffered_pipe.pyi (RegularFile, 82f33bf03daa5d54826e4da18e9cae6e)
                        - channel.pyi (RegularFile, e4be1230dd28c16f277c91acb3e3ad0d)
                        - client.pyi (RegularFile, bb9f35cc88fc043e4bef862218197b55)
                        - common.pyi (RegularFile, 1b0698d9545445a72358141240287967)
                        - compress.pyi (RegularFile, c8a21fdfebd60394e19f557446c7b43a)
                        - config.pyi (RegularFile, 9d60d15a7e0e6b95a0d669a0662d238a)
                        - ecdsakey.pyi (RegularFile, db73789705f7c1978556eea4caaf14e6)
                        - ed25519key.pyi (RegularFile, 631775707e574c9cc51b85af7081eff2)
                        - file.pyi (RegularFile, acf38f903afbe42052405a80f4159b33)
                        - hostkeys.pyi (RegularFile, b285b4c7b5e91c706b6dd222466d3249)
                        - kex_curve25519.pyi (RegularFile, 1dee77de48fae8f2fd200fc8e9e36fd1)
                        - kex_ecdh_nist.pyi (RegularFile, cbf4cccc0e3494ff294be6bcd8a4002a)
                        - kex_gex.pyi (RegularFile, bfe6907b7809f95165d999f436209614)
                        - kex_group1.pyi (RegularFile, a140c9e510346af57553ab736abb6d80)
                        - kex_group14.pyi (RegularFile, 15214e51b4c13de35ee52ac4539ce0f3)
                        - kex_group16.pyi (RegularFile, 04a2c6be1cda9d26b6e5bffdc01cc993)
                        - kex_gss.pyi (RegularFile, 621782638dfc61be80ebc908cebb6edc)
                        - message.pyi (RegularFile, b11727b936675a8c6a37c69002295096)
                        - packet.pyi (RegularFile, 90e46bea7210230c5c494496abdf81f6)
                        - pipe.pyi (RegularFile, 879f72f2b5a88cb63f190117ef82afbd)
                        - pkey.pyi (RegularFile, 762bff97f4fb05223ce8d58009d0810d)
                        - primes.pyi (RegularFile, eabe56f5c23f672233f9ce0c67085371)
                        - proxy.pyi (RegularFile, 1b3d2632df0a8019f25916f1bdb640fd)
                        - rsakey.pyi (RegularFile, e325fabb05588a1d4300220855e710c3)
                        - server.pyi (RegularFile, 10aa74e19cab45b823a22fa45390bca1)
                        - sftp.pyi (RegularFile, 173321f3e2b93f3d769961ea6d28551e)
                        - sftp_attr.pyi (RegularFile, 256519661da65397ed69cd6c72872ba4)
                        - sftp_client.pyi (RegularFile, 4eab6fd7a2efc67cc1efd21ed830faea)
                        - sftp_file.pyi (RegularFile, 3381ad418c5b402ee499dcd05b6952b9)
                        - sftp_handle.pyi (RegularFile, 96795eade1dd26eb2b039afd2759dc53)
                        - sftp_server.pyi (RegularFile, 9b830b3e3772ac59f0ac5bd03d7520e1)
                        - sftp_si.pyi (RegularFile, 3a2a7150e00b5c73f339807c670e9dc2)
                        - ssh_exception.pyi (RegularFile, e9c05ffa54b9d140a1f2fb892447734c)
                        - ssh_gss.pyi (RegularFile, 0c016675c50d828a11dc3352c891b423)
                        - transport.pyi (RegularFile, b33b91e97d51cada7c7da47b740e102b)
                        - util.pyi (RegularFile, 78d8baf5b5c3be2f24c280b93e16e471)
                        - win_openssh.pyi (RegularFile, 99feffa67b87b628ac5c7c99cfe06a9c)
                        - win_pageant.pyi (RegularFile, 272096770db344045e765cef9505f64e)
                    - parsimonious (Directory, 0837811bc7a1fba7180bf85ceec6c914)
                      - @tests (Directory, bb4fc2d2fdaa4e8e12ff308c916058e1)
                        - stubtest_allowlist.txt (RegularFile, 3e37d8fb478f7fe7a6266b49a8f63ddf)
                      - METADATA.toml (RegularFile, a77f7d117468497c47936b7ef77a6f12)
                      - parsimonious (Directory, d4c849a9d592a92c214988695a606676)
                        - __init__.pyi (RegularFile, 3cc9b92387fcc3816980cc965207beed)
                        - exceptions.pyi (RegularFile, 538521c4caad4debede97cf379184590)
                        - expressions.pyi (RegularFile, 2c2e73c41a4e26c20fde8de260d4e11d)
                        - grammar.pyi (RegularFile, 94f4f242f6d1c1eeafa7c78f71580df7)
                        - nodes.pyi (RegularFile, 5a3fc60884690e18b2e5838a80709b2a)
                        - utils.pyi (RegularFile, 04f034887e3e9a2be702f00e53f565a0)
                    - passlib (Directory, 8357c0e581f6d55207aecec60cae9b52)
                      - @tests (Directory, 2c1367c590879ab8c3108e41961a3e86)
                        - stubtest_allowlist.txt (RegularFile, 749566ed8aeb0bbe767cc75bb11c6c20)
                        - stubtest_allowlist_win32.txt (RegularFile, 6c19229644f1d2145ae3f591b3149bf7)
                        - test_cases (Directory, 06552caa9477abca8e5652e6dffbdf6e)
                          - check_bcrypt_using_rounds.py (RegularFile, dd8c2b4751c6a7e9362aecb1148bdd9d)
                      - METADATA.toml (RegularFile, 5c130c7a6b96e6780df624c4db7523c4)
                      - passlib (Directory, d922f8a3b9588a6a2d6f1d48836ea9eb)
                        - __init__.pyi (RegularFile, 6f88e240fab11c80c2e55f98c5de9c42)
                        - apache.pyi (RegularFile, fe2e60bcf3ad133582607065aeae9d30)
                        - apps.pyi (RegularFile, 6bda7783dac2c5f612593def4cde8ab9)
                        - context.pyi (RegularFile, 801ebf66ed238c5e24774e8383dbc86a)
                        - crypto (Directory, 6fec57b7f10a8d4e581faa6c10954117)
                          - __init__.pyi (RegularFile, f571933bb948577b1f9f3076fb8fc7c6)
                          - _blowfish (Directory, 3e4334eebecd30ee7b0f7b6ee017d67e)
                            - __init__.pyi (RegularFile, 4c22b073c804fd9d5c15d23461986322)
                            - _gen_files.pyi (RegularFile, 08df48b869102f57c62a57113354683e)
                            - base.pyi (RegularFile, 4c92f97ff0d3b18c49ad4602398d7bf9)
                            - unrolled.pyi (RegularFile, 86367bb06bdb1f4bd03778504c7cdea9)
                          - _md4.pyi (RegularFile, c94e49b32636f9433557e657c175ce1f)
                          - des.pyi (RegularFile, e3f927c4e7e637e5f0e28e7a77caa9d1)
                          - digest.pyi (RegularFile, 5188c5264811b030d62d57dfa2f077d3)
                          - scrypt (Directory, 06623b1238204b145d88bfdf728e904c)
                            - __init__.pyi (RegularFile, ca24aff04c89d8b89195b45548dda26e)
                            - _builtin.pyi (RegularFile, 38316bc9595e60cbd8a14b9351773858)
                            - _gen_files.pyi (RegularFile, 6e7c2f4c04a859886ee7911657292329)
                            - _salsa.pyi (RegularFile, e7bf74650844eac87c2166ccc0e97779)
                        - exc.pyi (RegularFile, d1eaeb86145f1fc2eab4bbf6209148e0)
                        - ext (Directory, 7841f0783542c109758190cd34ff845e)
                          - __init__.pyi (RegularFile, f571933bb948577b1f9f3076fb8fc7c6)
                          - django (Directory, d6a32679d7b8a1df720c2650f909be69)
                            - __init__.pyi (RegularFile, f571933bb948577b1f9f3076fb8fc7c6)
                            - models.pyi (RegularFile, 686325a4c1b5e398bca86d13314a34c1)
                            - utils.pyi (RegularFile, a45940bcce93e6949127579dbd6fd861)
                        - handlers (Directory, 7a11d436ed40497f82dedd1d95a641b4)
                          - __init__.pyi (RegularFile, f571933bb948577b1f9f3076fb8fc7c6)
                          - argon2.pyi (RegularFile, 9785c01e645400b45788c4daf703a7aa)
                          - bcrypt.pyi (RegularFile, f701c2d7d56e616a1a1e7f2c74348e11)
                          - cisco.pyi (RegularFile, 911ad19bcab7092f4e491e50d0934b1b)
                          - des_crypt.pyi (RegularFile, 535e8de9dc1fab881d50111e15a81dd7)
                          - digests.pyi (RegularFile, b8becf7b2ba321c3654638f9c2007c8c)
                          - django.pyi (RegularFile, de4e4f6615e62eddd4bb62b48e490816)
                          - fshp.pyi (RegularFile, d6e4997216be7f1a95f0481974056de4)
                          - ldap_digests.pyi (RegularFile, 6ff017c43dc148d8d3a44bce10161634)
                          - md5_crypt.pyi (RegularFile, 157523e153ae0057a4315fc5a8860339)
                          - misc.pyi (RegularFile, ac550c483dbc49ccab654bc188bd9e19)
                          - mssql.pyi (RegularFile, 109df4da5068bc9af904ab7833a3b39b)
                          - mysql.pyi (RegularFile, bee28753bc584ea1db5ac156c7bde8f9)
                          - oracle.pyi (RegularFile, b9fc7dd7722c8a90f1735f8ced828df0)
                          - pbkdf2.pyi (RegularFile, 40faeaae826840ddc4fd7dfe56196835)
                          - phpass.pyi (RegularFile, f53529d800ca996fb0601d0a8e12b34d)
                          - postgres.pyi (RegularFile, 1d5fd45b67ce2b1e98cb4c8a19a438b1)
                          - roundup.pyi (RegularFile, dabf50ec86bd9ac301feab4ebe1a1637)
                          - scram.pyi (RegularFile, 459f97a6946ab4fade2b9727b13aadfc)
                          - scrypt.pyi (RegularFile, 9684a5c27ff895c18308666585bc5f1f)
                          - sha1_crypt.pyi (RegularFile, 8a81031da836d1053187f3963b946d9c)
                          - sha2_crypt.pyi (RegularFile, 19e99b76a6c5d0eb8915d4a72ce2262d)
                          - sun_md5_crypt.pyi (RegularFile, 665a8e34e1ecfef6cb371dbd33b47d3d)
                          - windows.pyi (RegularFile, 2954f5625b808ffe28e0b06567d34299)
                        - hash.pyi (RegularFile, a13c8e79e539b112da9ccedd86d2ac65)
                        - hosts.pyi (RegularFile, 7cf35f1cf292b6944be39525a6d33f7c)
                        - ifc.pyi (RegularFile, c024f89227491a7fad38f260ebff54ff)
                        - pwd.pyi (RegularFile, 7e102e45c0ecd32f6b388e6575bc70f7)
                        - registry.pyi (RegularFile, fae0e3eca85d2c8222fb0e199aba9c88)
                        - totp.pyi (RegularFile, 66226e9ef0b1655b1ce27e663f147b52)
                        - utils (Directory, de9caf6ef7fef88a77f9ff0b93915030)
                          - __init__.pyi (RegularFile, 3eed484380dfdc8e302c10d000518d34)
                          - binary.pyi (RegularFile, fad4f16698db3cd791600644edb62b71)
                          - compat (Directory, e0b69d0abfb7f34a13025e998e3ddda2)
                            - __init__.pyi (RegularFile, de13b24e4971752d44e556887e963778)
                            - _ordered_dict.pyi (RegularFile, 32c7b083ab67fcd97510a9be15224098)
                          - decor.pyi (RegularFile, e21daa2ca125508337851a22264e5564)
                          - des.pyi (RegularFile, 69b34744755f240cd79372dfc4910045)
                          - handlers.pyi (RegularFile, 7769544c13c620ae456446ab9360b5a2)
                          - md4.pyi (RegularFile, ff06830ecd17c7b35919119e887a6e53)
                          - pbkdf2.pyi (RegularFile, 845f6099692f24236c463f9e8e60cb0b)
                        - win32.pyi (RegularFile, f28e6218306732f2e8fd8d258840b9ed)
                    - passpy (Directory, 258fb62281a2f9e77d3976524a09e829)
                      - @tests (Directory, df40ce0299a18361ee95898c30375412)
                        - stubtest_allowlist.txt (RegularFile, a0884b8bbdfcff4c92634e9e9e6bd7f8)
                      - METADATA.toml (RegularFile, c1e80e316d8399e09e576ae12b239c96)
                      - passpy (Directory, 7b88e661ebcf69a5a4c14c50ae97b2e4)
                        - __init__.pyi (RegularFile, 7c87df1fae507601d2e7a48855a8b55e)
                        - exceptions.pyi (RegularFile, f7148a176735478d78b0df35037444ad)
                        - store.pyi (RegularFile, d5d48963ad5f9a800e746290de19be38)
                        - util.pyi (RegularFile, e0491f7f441351585d8fee83151b59e8)
                    - peewee (Directory, a537e52dcdbaf5119c7901c21d5b2c63)
                      - @tests (Directory, 32b041ed2ca957f5e3096f79c5a52fb7)
                        - stubtest_allowlist.txt (RegularFile, 6994ad08e44e6da63a6540bfb7e20301)
                      - METADATA.toml (RegularFile, 70a92f63c9c6c5a05b966fe917780596)
                      - peewee.pyi (RegularFile, c1f4c8a3ec34b593b70807790ba1fff9)
                      - playhouse (Directory, 2aeab6263892a6f0c3262ead31901a63)
                        - __init__.pyi (RegularFile, f571933bb948577b1f9f3076fb8fc7c6)
                        - flask_utils.pyi (RegularFile, 574be3442bc9d61cf40fbbdbd41006c8)
                    - pep8-naming (Directory, 895e5332eda2623872fae7c4c2878913)
                      - METADATA.toml (RegularFile, 797801dcf89472a14d665171d06d58b8)
                      - pep8ext_naming.pyi (RegularFile, 7cd5a70597e1689bde699519daf46304)
                    - pexpect (Directory, 532172c52d3ca666b310ecdb58f70559)
                      - @tests (Directory, e5cb783373de9f81756c73ad43c433b7)
                        - stubtest_allowlist.txt (RegularFile, 7bf0f5b152b573dd0047341e0a3cbd3d)
                      - METADATA.toml (RegularFile, 01ddfe68d0cefc7585f672a4c9edd303)
                      - pexpect (Directory, 87cf5bbf346f19bfe0403f641ecb1c69)
                        - __init__.pyi (RegularFile, 9288489e2f64233c9c98ba1a82e737a1)
                        - _async.pyi (RegularFile, c6760a70a95909ec3eb0b04c6688d363)
                        - ANSI.pyi (RegularFile, 8ba640feb12feed15f3e0be1b855c248)
                        - exceptions.pyi (RegularFile, d690ee7b8b54ec4eeefee6393bf1d7e3)
                        - expect.pyi (RegularFile, 7f37e58ce3224b9fe4da6612fa99bb0f)
                        - fdpexpect.pyi (RegularFile, c83b2e1ef0ed7d0eb69ff382b721fed2)
                        - FSM.pyi (RegularFile, 58082da23a5aca4df43d2ffd766d2cde)
                        - popen_spawn.pyi (RegularFile, a95d6a779645072b4e5f2fe42a5918d9)
                        - pty_spawn.pyi (RegularFile, 4cab3494f66ab8a7f37a1864f0c93a45)
                        - pxssh.pyi (RegularFile, 8fe97b47600be30702f52faa6f1e3324)
                        - replwrap.pyi (RegularFile, af725d22e910a7d03254666461b2724a)
                        - run.pyi (RegularFile, f95eee4c6186535f8aa8c9ddbfcb0774)
                        - screen.pyi (RegularFile, bcbececa6d1e1073c43a06fb551640a1)
                        - socket_pexpect.pyi (RegularFile, 734158c104e98049a45d569bb9086dbf)
                        - spawnbase.pyi (RegularFile, b360c6a4bc1b0d97795bf125d38775d6)
                        - utils.pyi (RegularFile, 8a69c239263facb1c596d4ef8dced88f)
                    - pika (Directory, 2cf32a50497d5afc6fe6c6470652df75)
                      - @tests (Directory, fe3009de7fdae19229699a9165d18f37)
                        - stubtest_allowlist.txt (RegularFile, 690de7683bf346ae3b7e0c18dbbef4a5)
                      - METADATA.toml (RegularFile, 02d8c0b586e818f4e92bea9dcb20eab2)
                      - pika (Directory, acba4d61fa0b8cdc8beb0d6ffaf660c6)
                        - __init__.pyi (RegularFile, ac02df9913c3d51d5172927b544a75c5)
                        - adapters (Directory, 2530537c5c4ef2ddac819877a1a089cf)
                          - __init__.pyi (RegularFile, 2bc3be0d03f3bad29fbe1ab847e01ab1)
                          - asyncio_connection.pyi (RegularFile, 8891db06f01db38efb3da56978f1db1e)
                          - base_connection.pyi (RegularFile, ed09be809c5d2bce780464e078204c6c)
                          - blocking_connection.pyi (RegularFile, dbac7b449394bca7467064cfcc370f40)
                          - gevent_connection.pyi (RegularFile, ec11f0d9add4ef21d5a2900429f5d6f8)
                          - select_connection.pyi (RegularFile, 23213ac40984659192706623c9068b4c)
                          - tornado_connection.pyi (RegularFile, dc8199a5d45d0959b5da304e3557a763)
                          - twisted_connection.pyi (RegularFile, 1dd848c23c4963addaa55e7daffe06d5)
                          - utils (Directory, 0b17d4a86fe87b499d4b0081012fd101)
                            - __init__.pyi (RegularFile, f571933bb948577b1f9f3076fb8fc7c6)
                            - connection_workflow.pyi (RegularFile, febb3d7c76dc92048407ca90a1728ceb)
                            - io_services_utils.pyi (RegularFile, 938888b85f3e6572015b4e3d18380ff7)
                            - nbio_interface.pyi (RegularFile, 15d6247a4baa1d7ff4bef7384317ea50)
                            - selector_ioloop_adapter.pyi (RegularFile, 1dcddce178d1a26a2582e397196fcb55)
                        - amqp_object.pyi (RegularFile, f6c578e7d6642add900b5f548410dbf8)
                        - callback.pyi (RegularFile, 2d93f50443637f46a0facff97912ff8c)
                        - channel.pyi (RegularFile, 79d163f6023b6ab1a4b49812ff352c85)
                        - compat.pyi (RegularFile, 38867dd47f627731b26c17f5c7e1c3d9)
                        - connection.pyi (RegularFile, 6a582dbdcd5e1ae2b4cc044bf4f350fb)
                        - credentials.pyi (RegularFile, 98cc895eba7bf222fff3957e549b4e55)
                        - data.pyi (RegularFile, ff10c93692089f9b33e45ca20861ae10)
                        - delivery_mode.pyi (RegularFile, a0b9e898892866bf8eddfa2ae0856672)
                        - diagnostic_utils.pyi (RegularFile, f260565c0d011ed57b79b21b0c310f0d)
                        - exceptions.pyi (RegularFile, ebc1b0e479a00cdd180ac879203bc1f9)
                        - exchange_type.pyi (RegularFile, 57dfa2cb08ff9fb8ad470ca2e4352011)
                        - frame.pyi (RegularFile, 8ec595fb905788eb509a100246c03148)
                        - heartbeat.pyi (RegularFile, 59cbb8aa9cffd4f8e57e5511ec874bf7)
                        - spec.pyi (RegularFile, 0f4fc6df743c9fa1d6e4b99d824da693)
                        - tcp_socket_opts.pyi (RegularFile, 89c6f15f8fa3cb5f84e3faa63d22fbfc)
                        - validators.pyi (RegularFile, 2e84376d5ac21fb53ef4e0909e920906)
                    - polib (Directory, 359aa9019a213f65ce0222ed5633c48f)
                      - METADATA.toml (RegularFile, 3fc793105cffe54577295957be44fbf6)
                      - polib.pyi (RegularFile, d6c47ffd4a73b3b6fc570c531bd839dd)
                    - pony (Directory, ed35e0841dbee0bfb809b2ec1352ea12)
                      - @tests (Directory, 3784a86863e837976fc37a3a81a96d75)
                        - stubtest_allowlist.txt (RegularFile, 9ce69bc358d5298f2973a5ce35637c32)
                      - METADATA.toml (RegularFile, 431a1d6d3cc29687a391c635148c7ce5)
                      - pony (Directory, ec2a962a7fdd8bc608eb39e1d620b08c)
                        - __init__.pyi (RegularFile, 2c7dd50700057247d04d0bf70227177e)
                        - converting.pyi (RegularFile, 36aa7127bedad3eac95746dd1b67df50)
                        - flask (Directory, de8616b89e715da84dcf2c5cee5d5f3c)
                          - __init__.pyi (RegularFile, cbc727bdb9ad2d39c10b3f1a5bc8deb2)
                          - example (Directory, 898b5b4129f3cd931629a9203e2b039b)
                            - __init__.pyi (RegularFile, f571933bb948577b1f9f3076fb8fc7c6)
                            - app.pyi (RegularFile, 423aa1db16ff756ea03f1f265db77d99)
                            - config.pyi (RegularFile, e1e410b8ece7d69b99df8e2fc7bfa103)
                            - models.pyi (RegularFile, d9571733422532f680af49a5a402ab3f)
                            - views.pyi (RegularFile, 143a8076dcee261f9d69ff90eb02c868)
                        - options.pyi (RegularFile, 61340b4e2cb9b18c22b7e65a5c44d612)
                        - orm (Directory, d0e8a4881184787a1da3222217398721)
                          - __init__.pyi (RegularFile, 8a1e36cf0825e031356b85182a9dc1ef)
                          - asttranslation.pyi (RegularFile, c798c5c8a72117f268b87d9305a4fe65)
                          - core.pyi (RegularFile, 8b3b806d40bee8ce4602539c33f37cc7)
                          - dbapiprovider.pyi (RegularFile, 59a2e4bd63a2587fc9f72a368eba11fe)
                          - dbproviders (Directory, e17ede5bd1f87c665b1ce44744bf4b67)
                            - __init__.pyi (RegularFile, f571933bb948577b1f9f3076fb8fc7c6)
                            - cockroach.pyi (RegularFile, 1a3f936f873512bcae6adaf5b78fc1c1)
                            - mysql.pyi (RegularFile, 7cfcc3075cf4b04badd0b01325e76c0f)
                            - oracle.pyi (RegularFile, 59a431f365dfabe9d7cbe32cce6812ea)
                            - postgres.pyi (RegularFile, 05fe994579e507a4228a4a9d470dbd41)
                            - sqlite.pyi (RegularFile, de2e32cbc0b4b46103719a3fd17aa878)
                          - dbschema.pyi (RegularFile, 03cd8da1769c70eb85f8820cf8f927c2)
                          - decompiling.pyi (RegularFile, d37cdfe2d2d7b2db8193420f22f50fcf)
                          - examples (Directory, c889c7fcbae02706c96328d0652c92e4)
                            - __init__.pyi (RegularFile, f571933bb948577b1f9f3076fb8fc7c6)
                            - alessandro_bug.pyi (RegularFile, 5b32c73f4fd117c9fa5dc1d026eaabe1)
                            - bottle_example.pyi (RegularFile, 59c8533a0eb3df50b1fefc83c76d5b5d)
                            - bug_ben.pyi (RegularFile, c56a3c822c6be06d40ca1a3a5a5f9a2e)
                            - compositekeys.pyi (RegularFile, b58b53e467b739332aa5388b056bdbd9)
                            - demo.pyi (RegularFile, b79f7e8567072050260b5b687227a91c)
                            - estore.pyi (RegularFile, 39278e3bb460a8e5ae521e2e6da74ec2)
                            - inheritance1.pyi (RegularFile, a3ae7e6685926d12237e443dd67c8dd9)
                            - numbers.pyi (RegularFile, d1aaf29b87164c0bfdc79a0de04b91a6)
                            - session01.pyi (RegularFile, 6ad9ef4bd225f8ae7423b2783bf66353)
                            - university1.pyi (RegularFile, 0ac601fab50ef70023f23e6b91f8cb24)
                            - university2.pyi (RegularFile, f3c4957ec344bc685e10371d8d8ff2c0)
                          - integration (Directory, 3d02319c48f4f96b81dd8a8651682f02)
                            - __init__.pyi (RegularFile, f571933bb948577b1f9f3076fb8fc7c6)
                            - bottle_plugin.pyi (RegularFile, d1daad4a4d296530e852fa67b6d730ca)
                          - ormtypes.pyi (RegularFile, 0f38adcb33c5092868c110253ccdb88a)
                          - serialization.pyi (RegularFile, 71a31ce283666b8df5065c08dfabf1d5)
                          - sqlbuilding.pyi (RegularFile, 02f13339762002fd1ba395c032029078)
                          - sqlsymbols.pyi (RegularFile, 8f15510b74155621ce7c97499b3661fe)
                          - sqltranslation.pyi (RegularFile, 4d4efe3c2b2e57b71f43c54961e200d7)
                        - py23compat.pyi (RegularFile, 869e0354cd521b1995e545224c1a4ea1)
                        - thirdparty (Directory, e648a48710916cdb8a983c3c544214ed)
                          - __init__.pyi (RegularFile, f571933bb948577b1f9f3076fb8fc7c6)
                          - decorator.pyi (RegularFile, 7e903df0d7add8e867a9e79e8b3e181e)
                        - utils (Directory, 256fadf67664f925f6a8c9b2bb20ad47)
                          - __init__.pyi (RegularFile, 84f33a227743085c5e3884a23567bfa0)
                          - properties.pyi (RegularFile, 50c4e4e2bb4bc175eb3baa4b66a0c488)
                          - utils.pyi (RegularFile, cfbcbc182891f7bdcd046ecc7fc919c2)
                    - portpicker (Directory, e25463d442d381a196a7a1ffe9433143)
                      - METADATA.toml (RegularFile, 930a0e0fdabd14b59d684be5a475486c)
                      - portpicker.pyi (RegularFile, bed224e4d85db134c92f700b310da905)
                    - protobuf (Directory, 8ee25012cabb85769e84887f465ae517)
                      - @tests (Directory, 503de92ace7e60fa4bb8abaea1710236)
                        - stubtest_allowlist.txt (RegularFile, d334d87eb9e459b9bc2eeee6ec58d361)
                        - test_cases (Directory, c87143d3d554248f4a351e4026e8e043)
                          - check_struct.py (RegularFile, 47019615c28db038c220a1ed3dafb835)
                      - google (Directory, 24a172504fb6f6ed2295a215ac0cc069)
                        - _upb (Directory, 5b3cd5be5f7db77e322954aebc054922)
                          - _message.pyi (RegularFile, a0bcc416ee53686af758d894bdd0130b)
                        - protobuf (Directory, a0a250a95f339f0b93fc61389969b85e)
                          - __init__.pyi (RegularFile, 6f88e240fab11c80c2e55f98c5de9c42)
                          - any_pb2.pyi (RegularFile, 3f62c7aa96f18e46725cea24e08a8d25)
                          - api_pb2.pyi (RegularFile, 8501c598246440df99bb7b950a57a154)
                          - compiler (Directory, f267191941862aae23c649021f90cd3c)
                            - __init__.pyi (RegularFile, f571933bb948577b1f9f3076fb8fc7c6)
                            - plugin_pb2.pyi (RegularFile, 0fa76c2675fe139dd497a4b057669da1)
                          - descriptor.pyi (RegularFile, aaf30068d26e31251bb98918d8926321)
                          - descriptor_database.pyi (RegularFile, 15a5ba7d7b0b4626b791b6ce9dbeed79)
                          - descriptor_pb2.pyi (RegularFile, 4497ed4036a4ef01ee3e1c814f801a3f)
                          - descriptor_pool.pyi (RegularFile, d423450bf8d4c9e307819a43a8cb9dde)
                          - duration_pb2.pyi (RegularFile, 44f2fe25e09f092e1cd4ca0daeaee1c5)
                          - empty_pb2.pyi (RegularFile, 1fd9393b45845b5d4b85819a027c962d)
                          - field_mask_pb2.pyi (RegularFile, b07d2103db666189aca27f6dcc4ce2c8)
                          - internal (Directory, d0d5e3cd24c91e09d06d4c1adc783324)
                            - __init__.pyi (RegularFile, f571933bb948577b1f9f3076fb8fc7c6)
                            - api_implementation.pyi (RegularFile, b725460c666a81a2dd80142089809d9b)
                            - builder.pyi (RegularFile, 923b80579b95a027bf4d04eedb050505)
                            - containers.pyi (RegularFile, 6bc696feb87b1e4215dc98eae98c37d3)
                            - decoder.pyi (RegularFile, 54e40553009e7f1a7b48439992cd17f2)
                            - encoder.pyi (RegularFile, 4d4e32127f13ba2c17aa0a2fb52e941e)
                            - enum_type_wrapper.pyi (RegularFile, 421536db8c2afa280b1351ccb75aadfe)
                            - extension_dict.pyi (RegularFile, c18f19fc9c42a5622dcc96f74e24df9a)
                            - message_listener.pyi (RegularFile, b8bb40dfc67eff5b324b2e5b4e8503ab)
                            - python_message.pyi (RegularFile, eaf6388b3fa3be4b1b4526a61dab6b92)
                            - type_checkers.pyi (RegularFile, cb38a25ece97b13e925258db62e99df3)
                            - well_known_types.pyi (RegularFile, f22555d95a6077b2eeba3bce64587a75)
                            - wire_format.pyi (RegularFile, be96c8c4a4c2e3d4bead5a3ad3e0864c)
                          - json_format.pyi (RegularFile, 170d95b3442b619f0e78e00abc7d2a3a)
                          - message.pyi (RegularFile, d52eceae494463ae64e44e1153db0248)
                          - message_factory.pyi (RegularFile, a2e3e09158c169c6662bddfbcf968ee3)
                          - reflection.pyi (RegularFile, a9896891a6835be83e248d0d7087b02b)
                          - runtime_version.pyi (RegularFile, 69d791f9946b95343b3c69852e03665c)
                          - source_context_pb2.pyi (RegularFile, 5da5319c339ab36c73c64924835e49e3)
                          - struct_pb2.pyi (RegularFile, 5e8c38ce7fb4bf521af874db3f3d5d3d)
                          - symbol_database.pyi (RegularFile, 3fa94f8b8befd827c04610b32dde247b)
                          - text_format.pyi (RegularFile, 7e23854989d12bf3b218b5ceb4e13117)
                          - timestamp_pb2.pyi (RegularFile, 171ba2f5a014162ebfff453d38ffa2d0)
                          - type_pb2.pyi (RegularFile, a21b8fb67b42115e0f8c7ffe763eb291)
                          - util (Directory, a1bc231b0126f5fc50663a4f6115f629)
                            - __init__.pyi (RegularFile, f571933bb948577b1f9f3076fb8fc7c6)
                          - wrappers_pb2.pyi (RegularFile, 3ef92e5b55941d7084d26b5e17145d3d)
                      - METADATA.toml (RegularFile, 2c3c86036c3247ad2f3f9bd9730dbaac)
                    - psutil (Directory, 6c537ab0b5394d07ea152f7a1cadb3a9)
                      - @tests (Directory, e9adc64437ad0e1c8b9c70b3e5598dda)
                        - stubtest_allowlist.txt (RegularFile, e27124a4d36685c35f955456fbdaee66)
                        - stubtest_allowlist_darwin.txt (RegularFile, 8230a851c6b4d95fb0f4786e614c1fb3)
                        - stubtest_allowlist_linux.txt (RegularFile, e898b73b245e49e38c5a1b2bfeab22cd)
                        - stubtest_allowlist_win32.txt (RegularFile, 1d7d5ce4d006a4e7a40b1e6f27491e1f)
                      - METADATA.toml (RegularFile, a9927c7b7c90e7f001d6faaddb7d11a4)
                      - psutil (Directory, c20ed1cee2b5c5a48ebbcbb6c8b56c74)
                        - __init__.pyi (RegularFile, 58d444a119c80ecbbded74ea1531aacd)
                        - _common.pyi (RegularFile, d1a377975db90c3eea2952e7d36fac54)
                        - _psaix.pyi (RegularFile, 6e8d5e0b79fe68e46df0c46fcb231d11)
                        - _psbsd.pyi (RegularFile, fba75b7b753fbcd3f7c7841addba32ba)
                        - _pslinux.pyi (RegularFile, b9de1e14b7342b56b0d7c597a2ba5a95)
                        - _psosx.pyi (RegularFile, 8151b3563237ffe69ac5f3465db97aa2)
                        - _psposix.pyi (RegularFile, dc42284dbb7e051818715117a966c1f4)
                        - _pssunos.pyi (RegularFile, d38ac9c431e8bc1b772d2abfa4c1f943)
                        - _psutil_linux.pyi (RegularFile, 1566e08c096985e851c3a8035c512485)
                        - _psutil_osx.pyi (RegularFile, 5b6adaff5db0eb280b39bd5f38ab65aa)
                        - _psutil_posix.pyi (RegularFile, 1cb1302c355a9de4e3f781ecbfdfd114)
                        - _psutil_windows.pyi (RegularFile, 9ae677f2fed330bb320dc1a18c7a14d1)
                        - _pswindows.pyi (RegularFile, 80b8bdabad36228876c9508c4e2043f9)
                    - psycopg2 (Directory, 8965b776c5e535f58d7748d43005eb59)
                      - @tests (Directory, a6a6604e673bfddf96fa697ae0eac544)
                        - stubtest_allowlist.txt (RegularFile, 1dd72a1328d057af3af9c37f88b63791)
                        - test_cases (Directory, 295f7cb56afc1f7f94f904192fd7d692)
                          - check_connect.py (RegularFile, 8af865606dd09808de97bc8d084a576b)
                          - check_extensions.py (RegularFile, b8dc7fcdaa5011775c07bbdb1af40590)
                      - METADATA.toml (RegularFile, 5094df2f4e3a64670ceb5f6045be5683)
                      - psycopg2 (Directory, 96b51e772b90a63fd97dc3b073018b12)
                        - __init__.pyi (RegularFile, 0a6c6d1f8837425aaa0834a1c39b2d09)
                        - _ipaddress.pyi (RegularFile, 568b79a0e28b6db03d5757b969b96a81)
                        - _json.pyi (RegularFile, 571f5988da2528fe7f70da0851b137ad)
                        - _psycopg.pyi (RegularFile, bb51c2c211030e46c0287ca49b24416c)
                        - _range.pyi (RegularFile, 468ee62b20ca0b1864409eef9b67f1e5)
                        - errorcodes.pyi (RegularFile, 842939938ea88de8f967000260ec0cb9)
                        - errors.pyi (RegularFile, d4737844e790fd4fba4f8b386e22828f)
                        - extensions.pyi (RegularFile, 87d42c30717924b01d00630da1488b09)
                        - extras.pyi (RegularFile, f03f27307ae72aaaffd9bbc4ebbe3535)
                        - pool.pyi (RegularFile, 1018282d9e746d53b65c7e0ba820ee8e)
                        - sql.pyi (RegularFile, f70d5bc5719869bfb086ddf096153d01)
                        - tz.pyi (RegularFile, c6e5402281f5e978051eb04956017b24)
                    - pyasn1 (Directory, 4a088bd203123357387fb368e29cf5a2)
                      - @tests (Directory, cb43620a020238700fd2722ea3f3cf29)
                        - stubtest_allowlist.txt (RegularFile, d38d46492b1edb80ab2cf1415548e9bf)
                      - METADATA.toml (RegularFile, a6da555649c5ca39559cc9943b03f48b)
                      - pyasn1 (Directory, 006a9fcd9ff9bc3688f10dc6320a4d20)
                        - __init__.pyi (RegularFile, 6f88e240fab11c80c2e55f98c5de9c42)
                        - codec (Directory, 961eefcfd160e23c7dfbdafdc071ee71)
                          - __init__.pyi (RegularFile, f571933bb948577b1f9f3076fb8fc7c6)
                          - ber (Directory, 37ed119a8e23189fa2541dc0b395c43b)
                            - __init__.pyi (RegularFile, f571933bb948577b1f9f3076fb8fc7c6)
                            - decoder.pyi (RegularFile, 8a39e07b96dce47307b7d4305823b7fb)
                            - encoder.pyi (RegularFile, b7d9d868575d2a690625645b4f6a365c)
                            - eoo.pyi (RegularFile, a7aa174dc050f44e6397563a2d353ae5)
                          - cer (Directory, 054ba51324992d8c4170a0761868af20)
                            - __init__.pyi (RegularFile, f571933bb948577b1f9f3076fb8fc7c6)
                            - decoder.pyi (RegularFile, 14fab5e9e7c5fafe6953015bad5dca93)
                            - encoder.pyi (RegularFile, 2750c3f318dd674b8631d1bab5707015)
                          - der (Directory, 7a208bf02a52b389b44a6ee1309669f2)
                            - __init__.pyi (RegularFile, f571933bb948577b1f9f3076fb8fc7c6)
                            - decoder.pyi (RegularFile, 8e8bf08131250ae0822dd43e172ef02b)
                            - encoder.pyi (RegularFile, 38ddf914e1f9f1e470e093ff402f672a)
                          - native (Directory, 6b26d84f832f947bd95bfc69a1d61d4d)
                            - __init__.pyi (RegularFile, f571933bb948577b1f9f3076fb8fc7c6)
                            - decoder.pyi (RegularFile, e271c1389cdd9e2a2682102d37c95fde)
                            - encoder.pyi (RegularFile, c1bbc67e24e060a8bf94463a3b504d3e)
                          - streaming.pyi (RegularFile, c796c2701e7642bd4f20264aca18e679)
                        - compat (Directory, 0ade9953292d00dc549dd531a592f835)
                          - __init__.pyi (RegularFile, f571933bb948577b1f9f3076fb8fc7c6)
                          - integer.pyi (RegularFile, 97cc0235cbcf7b9ec5ce4a672c1993ef)
                        - debug.pyi (RegularFile, 369092d25465d38bde4bf2144cf8d2f6)
                        - error.pyi (RegularFile, 6e9d322c1ff8cce9e394b163491b84c9)
                        - type (Directory, 4c0cbbf809088fe941d71736d1c3634b)
                          - __init__.pyi (RegularFile, f571933bb948577b1f9f3076fb8fc7c6)
                          - base.pyi (RegularFile, 279b085481dcf1659297066b35877c08)
                          - char.pyi (RegularFile, 092a5c48edd76dabfafc2c2409b23ba8)
                          - constraint.pyi (RegularFile, af9d5478c605585de1e748d983cdcdcd)
                          - error.pyi (RegularFile, bd7345e8ff8a1d783e6d99399b5d00c7)
                          - namedtype.pyi (RegularFile, a88dcc884765aba708380c555f07d846)
                          - namedval.pyi (RegularFile, 4054502949317608ec0d5b4162468e00)
                          - opentype.pyi (RegularFile, 33b0081d172831c37d7c699b0267d912)
                          - tag.pyi (RegularFile, 08e28af247aa628ce0004588391ec929)
                          - tagmap.pyi (RegularFile, 2282520bcc35689296897a0a4ca514ab)
                          - univ.pyi (RegularFile, fcd4f9aa132b1da67b2cae3001fcc616)
                          - useful.pyi (RegularFile, de403ed421bfc5d8efd7530f16866bed)
                    - pyaudio (Directory, dc2fe67796bd7afe85125552c03e04d8)
                      - METADATA.toml (RegularFile, 0d45fc0b4214d52a5e726cb86bab5ce1)
                      - pyaudio.pyi (RegularFile, 880711741e3e0fc0182e6da8cf487165)
                    - PyAutoGUI (Directory, c7a27842d83910d363164acc92b96860)
                      - @tests (Directory, 01e6c8f57edc76db8cea704c572b883e)
                        - stubtest_allowlist.txt (RegularFile, c725509937da82682d24497dd9084b5b)
                      - METADATA.toml (RegularFile, 087d03f5cd6bdf2156e9efaf0bdf4c4a)
                      - pyautogui (Directory, d5daa3f712b05fb7a90845673f7e648b)
                        - __init__.pyi (RegularFile, 6931780a51c6c7a20a178c6d08c15b31)
                    - pycocotools (Directory, 7e4b8e7661cd894c55c2d3d37a091443)
                      - METADATA.toml (RegularFile, 0f0b7df395346ee567b0d0d23898e682)
                      - pycocotools (Directory, b480e48de68a6d30f2dd4949d4e22c9b)
                        - __init__.pyi (RegularFile, af9121cc156ff3b884f12e4039893474)
                        - coco.pyi (RegularFile, 119d8ef6b72688b3d488815f4ed4a4c7)
                        - cocoeval.pyi (RegularFile, 6a7a3fb538a25217aba87835d3b70278)
                        - mask.pyi (RegularFile, 07fd330e885fa215c7ac3ae172ceb104)
                    - pycurl (Directory, a512031bab38d6dbe3f7ee9dfa03c81b)
                      - METADATA.toml (RegularFile, 8c2f6596a1285c7c32ccb310c22ea45b)
                      - pycurl.pyi (RegularFile, 042a9bd88ec5dc4117c3f89779602404)
                    - pyfarmhash (Directory, 69f448aa8e92932d0d8aec5ec8635544)
                      - farmhash.pyi (RegularFile, 7d12c234d90f049f31498c9cde6c0491)
                      - METADATA.toml (RegularFile, fd0f948249f381b62dbd9df9638f2e15)
                    - pyflakes (Directory, 7a9e8b2dc66b43a6e1512aeed61a0560)
                      - @tests (Directory, 7ebba36b1aa96984ba84031a49ed5b6a)
                        - stubtest_allowlist.txt (RegularFile, 3896a012a2b370de85e28ec58c19a5a5)
                      - METADATA.toml (RegularFile, a94cfefc3c3cad641c418f96addc5cff)
                      - pyflakes (Directory, 6f3286e4da2e162fcb0582aeace2f00b)
                        - __init__.pyi (RegularFile, 6f88e240fab11c80c2e55f98c5de9c42)
                        - __main__.pyi (RegularFile, 1144d41d3f1db6e007e09e923d328934)
                        - api.pyi (RegularFile, 0ef85543efce663f25ff8cea7543a763)
                        - checker.pyi (RegularFile, 41bb30a334e945643e4d982135601700)
                        - messages.pyi (RegularFile, 9f71d074e996486d98153c0be94763d2)
                        - reporter.pyi (RegularFile, 6bd9e94a1160e95aeaaea7f6583879d8)
                        - scripts (Directory, 0d820f47e4b607469e9f9bd7831e05dc)
                          - __init__.pyi (RegularFile, f571933bb948577b1f9f3076fb8fc7c6)
                          - pyflakes.pyi (RegularFile, d8fbcc366dabda8aa69ba2bfbf4f35a3)
                    - Pygments (Directory, a17f3c745ef7c77b35c612da0d34ca96)
                      - @tests (Directory, 3371d8f3fd1a1170a5607f9530a42cf0)
                        - stubtest_allowlist.txt (RegularFile, 375a4900f46c0f04e713629c2609da8a)
                      - METADATA.toml (RegularFile, 6dabc5bd775f08a7d998610e60453206)
                      - pygments (Directory, 45f0c2de0dac6bba0fb5ea0c813529a3)
                        - __init__.pyi (RegularFile, 235e7564699c51368d24027286b96de9)
                        - cmdline.pyi (RegularFile, 2bf8405a37efedb48109fbc11a739042)
                        - console.pyi (RegularFile, e9bc25e83611ed17208b260f83e34e5c)
                        - filter.pyi (RegularFile, e30d9f50d7bef80b1a682f4ceb08af3b)
                        - filters (Directory, 3a85111978cbf190ee5be9ed51fddad0)
                          - __init__.pyi (RegularFile, 5706436d90af227fc310274373c73cdf)
                        - formatter.pyi (RegularFile, 8c3668dd8935ab9279ceb704ff998aa1)
                        - formatters (Directory, 931469355ac767d44bf77eaf86f4961a)
                          - __init__.pyi (RegularFile, 16561206f589deb767169e967187a082)
                          - _mapping.pyi (RegularFile, a7a14d40992f82b9485c70954fae6983)
                          - bbcode.pyi (RegularFile, 86b2e1620b6ca546fbcb87104048e995)
                          - html.pyi (RegularFile, 367d5daa4d834e6fe28c07cc5fb854f6)
                          - img.pyi (RegularFile, e395d9908a0b98599ad1c4bd9a80865e)
                          - irc.pyi (RegularFile, 7f089b724cc80b06528541090c5115ce)
                          - latex.pyi (RegularFile, 87d3f1a347e16d3835b51956a90472fe)
                          - other.pyi (RegularFile, 253dc86433c0f4b39328e4d043a3f063)
                          - pangomarkup.pyi (RegularFile, 1d0b4afc15c7b221491c36c011a61788)
                          - rtf.pyi (RegularFile, 2d579ec473b1275d2f5176a4ca093fd4)
                          - svg.pyi (RegularFile, 3abf8f6592d6f9b243b91296715941d3)
                          - terminal.pyi (RegularFile, b550e55db512f31898d0b2c847fcfcda)
                          - terminal256.pyi (RegularFile, ea1ba0b16d67e27d845c6bd4c95112bd)
                        - lexer.pyi (RegularFile, 44b4860c6e3c1208370852e4e1f79ecc)
                        - lexers (Directory, ad8b925a6d81f3ace6d78419e23f1dfd)
                          - __init__.pyi (RegularFile, 980c607f8bcc0208cc3ef4631cce21db)
                          - javascript.pyi (RegularFile, b521be19b2392424eecec7fd118b35fa)
                          - jsx.pyi (RegularFile, 38f0606dc6514b981e875ecce11e65f0)
                          - kusto.pyi (RegularFile, 675b4d13f12bb0a09cf49b3d2301158c)
                          - ldap.pyi (RegularFile, aad1209294e36c174f8eda6d90612fd9)
                          - lean.pyi (RegularFile, 523d13e75f31e5b180090cb67b50440d)
                          - lisp.pyi (RegularFile, cebcb0a9beca4c818cb6082ba0375850)
                          - prql.pyi (RegularFile, dd9d2a72fce61d78afedd13125401a7f)
                          - vip.pyi (RegularFile, f629f48d555c5829737168ce19046dbb)
                          - vyper.pyi (RegularFile, e67ebbd37c4994d2d667a0af50cc54be)
                        - modeline.pyi (RegularFile, 5643a74a652db8af989aca85a11b12fa)
                        - plugin.pyi (RegularFile, 00e9eb35a5fdf15d4b95cdb802f36dcc)
                        - regexopt.pyi (RegularFile, 69ae514e02322d397a27f51c8e27943d)
                        - scanner.pyi (RegularFile, 113d9f819750b876dadcfaf880e7d975)
                        - sphinxext.pyi (RegularFile, c4f8aa26705ff3f5770b913c5dd367ef)
                        - style.pyi (RegularFile, b47800dce550863e192ddf06d71e19d8)
                        - styles (Directory, d7d6b2655dcaf882f3572a2461584df2)
                          - __init__.pyi (RegularFile, 1fa2790c6766bc6fd45baa359a327366)
                        - token.pyi (RegularFile, 48392512295b5b3fea0533b6a4c244d6)
                        - unistring.pyi (RegularFile, 33c5f22efe97ed30123e6a93a8067522)
                        - util.pyi (RegularFile, 0b270ca8d107fafd8cd68782956afcfa)
                    - pyinstaller (Directory, a16ae732a140d23ba7eaf29f371c96b4)
                      - @tests (Directory, 5d80ce474d836acf97fa631b608d967f)
                        - stubtest_allowlist.txt (RegularFile, abe48b523cd779648f756859b12f7db7)
                        - stubtest_allowlist_darwin.txt (RegularFile, b0d23c5a557a98fbf4c483f823dfd9c5)
                        - stubtest_allowlist_linux.txt (RegularFile, b0d23c5a557a98fbf4c483f823dfd9c5)
                        - stubtest_allowlist_win32.txt (RegularFile, fdcce513ab85172e9662302e398b82a6)
                        - test_cases (Directory, f5bd6e0ab6b655ce8bcebe49975d920f)
                          - check_versioninfo.py (RegularFile, 4fb5fa22f1801e3555777b0b1189cf7c)
                      - METADATA.toml (RegularFile, fd9def67aa2a01682363b8042d5244e8)
                      - pyi_splash (Directory, 25fc7e7f39c02ba7a59e4c2b31133a7c)
                        - __init__.pyi (RegularFile, 4be963e947a8c5ab15857c2a2dd9a3cb)
                      - PyInstaller (Directory, 42ffa19534ef46b1166b9ff1ba6a9291)
                        - __init__.pyi (RegularFile, ff146718f3b8fdde0e159406052c3c15)
                        - __main__.pyi (RegularFile, c807d805b1b3f1daa78b90bd95c0d343)
                        - building (Directory, 08e7fb427e60b3a92906ed080d9b6f55)
                          - __init__.pyi (RegularFile, 1c1b6875801b7c0f570aeafe5d0eb88d)
                          - api.pyi (RegularFile, 57feb35366a2f20f4a576b50d50bddd7)
                          - build_main.pyi (RegularFile, e3b9a8d198decab95d24368f2ee3f1a4)
                          - datastruct.pyi (RegularFile, 9dfbd72d59e531911d577924d0d017e4)
                          - splash.pyi (RegularFile, 082603de56ed57ead976d321c6e12f00)
                        - compat.pyi (RegularFile, 3dd593cc356a93a6249c28efe13ce784)
                        - depend (Directory, 739df4135d2bffc7dbeb4305b995fb0e)
                          - __init__.pyi (RegularFile, f571933bb948577b1f9f3076fb8fc7c6)
                          - analysis.pyi (RegularFile, 35c651e1d48cb1496dbc06b061b3e5a8)
                          - imphookapi.pyi (RegularFile, 2dfae8c15d1a5c72fb652a1662b21c76)
                        - isolated (Directory, e513483b6266b6f489b649819d24ccdd)
                          - __init__.pyi (RegularFile, 9f3414a50c90f8e334a7f1f0899659ff)
                          - _parent.pyi (RegularFile, a8b8fbab19af16a675a5062dbe0822ad)
                        - lib (Directory, b0c8a8fdc51f389d6dbce9ab7dbd7351)
                          - __init__.pyi (RegularFile, f571933bb948577b1f9f3076fb8fc7c6)
                          - modulegraph (Directory, b429d34101421e99e18e66fc2bf7d20c)
                            - __init__.pyi (RegularFile, f571933bb948577b1f9f3076fb8fc7c6)
                            - modulegraph.pyi (RegularFile, 0f1efc3a80356a146ce330ad93b62595)
                        - utils (Directory, 9d25e2fdd732532bfc43144026044147)
                          - __init__.pyi (RegularFile, f571933bb948577b1f9f3076fb8fc7c6)
                          - hooks (Directory, 38d2e3b2150b6182f5ce4e29e52dc543)
                            - __init__.pyi (RegularFile, db841d32cac256413736708bea0291de)
                            - conda.pyi (RegularFile, 1da1be0e4f40788243255b9eeea1ddec)
                          - win32 (Directory, dc5b3b91778b97db94f55b7003e288c8)
                            - versioninfo.pyi (RegularFile, 5b99caff23d115a1d654d3729b4e7b1f)
                    - pyjks (Directory, e106b6193e1660c211c66c5c973ec377)
                      - @tests (Directory, 4742a08f7b3256c873e15aa82729868a)
                        - stubtest_allowlist.txt (RegularFile, 841df151d942804dcad5e86d643a68ca)
                      - jks (Directory, e3b0c533f9a8d38ec5f1ade43b6a04d8)
                        - __init__.pyi (RegularFile, 4bac41c93b36c832dc51fba205995069)
                        - bks.pyi (RegularFile, f3d3e219c5ecbdcfdbf13ba82b123c86)
                        - jks.pyi (RegularFile, be5fc81c672eee855a710e18714bf165)
                        - rfc2898.pyi (RegularFile, a769d7ed0f2ef2e8963468ef1384b434)
                        - rfc7292.pyi (RegularFile, 21dc56653ecd51233371a42b247a4b65)
                        - sun_crypto.pyi (RegularFile, 557a2d43c40773bb0530718621ca412c)
                        - util.pyi (RegularFile, 59ad8ab7a1d731513acfed262ec82d19)
                      - METADATA.toml (RegularFile, f9c63e3436111eeab79e9d36fa5826ee)
                    - PyMySQL (Directory, 6d9a614c63337600eb3794f178cf8409)
                      - @tests (Directory, 9b41f439822024aa2a9476b7241047a2)
                        - stubtest_allowlist.txt (RegularFile, 307189c6bb85c5a8a6f08e018cb1a155)
                      - METADATA.toml (RegularFile, 4b259c97f9ffbce6ed9baa3e7da6db48)
                      - pymysql (Directory, 530a3175ab6ca8d76e507c95c53881f0)
                        - __init__.pyi (RegularFile, e6539cf495445fd35ccd920e86e2b5d1)
                        - _auth.pyi (RegularFile, bc913559c701a266e1fb39617f08eba0)
                        - charset.pyi (RegularFile, c6371d52ca7fc79d8ae30b1175a50364)
                        - connections.pyi (RegularFile, 9858752e445fab9ccd97f9658bf66e0d)
                        - constants (Directory, 346c1433f7ce61179587c3cdbe88f318)
                          - __init__.pyi (RegularFile, f571933bb948577b1f9f3076fb8fc7c6)
                          - CLIENT.pyi (RegularFile, d3181d299fe873db2c110ac187b5a4b9)
                          - COMMAND.pyi (RegularFile, dbb8d196f9f2a94baa7f63304d70afa4)
                          - CR.pyi (RegularFile, a856155d0b8d934949b486ca7a2f0d02)
                          - ER.pyi (RegularFile, f20f2a19818c45e09eeeb9f775dd6cac)
                          - FIELD_TYPE.pyi (RegularFile, b0f035cb40827330df16b25d28d69aa8)
                          - FLAG.pyi (RegularFile, 2ebf961e3e152503a0eae1a8d8b8563b)
                          - SERVER_STATUS.pyi (RegularFile, ce7c21d8eb0972c7e5daa7cbd6cd2683)
                        - converters.pyi (RegularFile, 824546cfd5c042af43d8f0215138d033)
                        - cursors.pyi (RegularFile, 155836f2afc5c0a3052e1e0449d2eb8f)
                        - err.pyi (RegularFile, 0bbfb711e9a5ea293afc0397e968fa93)
                        - optionfile.pyi (RegularFile, c76467860b802b0c4d1a0611a3839bb3)
                        - protocol.pyi (RegularFile, b9d4fb9fcc0ca24d6e205974962f33b5)
                        - times.pyi (RegularFile, 38c4d3e57e38179294a36500d2aaa2e8)
                    - pynput (Directory, 48ae6dede39f1209c9fa61508f0edcb1)
                      - @tests (Directory, 54d6d80685523932db0c2ed8d9637606)
                        - stubtest_allowlist.txt (RegularFile, 84f5988dd90af6691b3b9ff436bfdc5a)
                        - stubtest_allowlist_linux.txt (RegularFile, 54dfe7b903b3359a4226cc5313ea9b33)
                        - stubtest_allowlist_win32.txt (RegularFile, 6b3eccfa6bc3023222ec88a81e5129d8)
                      - METADATA.toml (RegularFile, a1e0de8c46fd96fca710ef4d53eb72c6)
                      - pynput (Directory, 5d5fb2f0b40df6669e61d07db595b17c)
                        - __init__.pyi (RegularFile, 957458e9316bba692c1630d47c5a5a73)
                        - _info.pyi (RegularFile, fa4a631fbe23241d208ec18d9d8c1da2)
                        - _util.pyi (RegularFile, f17a5d064a4f339c234f4f3573ef963b)
                        - keyboard (Directory, 587f42fe25e15d4fb7f7bac8202b0718)
                          - __init__.pyi (RegularFile, 6b3c4ae8bb99a2582c66164562c170cd)
                          - _base.pyi (RegularFile, aaa7b51d2f3394f6d5706ba5ff0fec1b)
                          - _dummy.pyi (RegularFile, fb8d0539f4d25d2919a98a00d628731a)
                        - mouse (Directory, 7e700e65cd8afdbad84f97a99b6618a8)
                          - __init__.pyi (RegularFile, c59a9eedf82c95478aeb5d802c56b1bd)
                          - _base.pyi (RegularFile, 33d036f47fc763dc7197eddcfc10f375)
                          - _dummy.pyi (RegularFile, 780b464e375317b3ff60354c113bc0fd)
                    - pyperclip (Directory, a83c14f28cce82edea75520e14cf3f87)
                      - @tests (Directory, 72663c3095a80bd1ae9eb8af88dae5c3)
                        - stubtest_allowlist.txt (RegularFile, 7f48e24294323669ca33f9106ca9269e)
                      - METADATA.toml (RegularFile, b7ad9b8cedc7db790a508708a277b9c8)
                      - pyperclip (Directory, be59512e5abe16468cb40770dc4f2660)
                        - __init__.pyi (RegularFile, 0c67a7437f6daa2c4c5e092aa8a3afda)
                    - pyRFC3339 (Directory, cc4ad6adbfca4b37bb885838b7a20da6)
                      - METADATA.toml (RegularFile, 6398549cfea1da0e217c6e14f2cb99d2)
                      - pyrfc3339 (Directory, 8ced12413ab79905fd1801d71b143c16)
                        - __init__.pyi (RegularFile, 2ae4252376ceb8de4aa8c9e24ea46a7b)
                        - generator.pyi (RegularFile, 07618b596dc4387955759a5c4bae5d8a)
                        - parser.pyi (RegularFile, 739370b41009464a123dbeaa94e81bcc)
                        - utils.pyi (RegularFile, ee6e81af5bff1974d2395db06940281c)
                    - PyScreeze (Directory, 793cf835759275f4575fe6de685afe9b)
                      - @tests (Directory, 2aadf0330693b45d390af386d5bfad3e)
                        - stubtest_allowlist.txt (RegularFile, b383997aacc42fd5a0b2cd220079f83b)
                        - stubtest_allowlist_linux.txt (RegularFile, 3119a9b5022bb839ffedf2b8b1154f22)
                      - METADATA.toml (RegularFile, 5b5c34534586b7e85f556b20f1ef383b)
                      - pyscreeze (Directory, 6d2d887516d97c0b9a7bb0a7a7bd33ed)
                        - __init__.pyi (RegularFile, 9e87bafa42bd9fec5a33907fff96a5de)
                    - pyserial (Directory, 097fb010648f44ff27dea10139c56ebf)
                      - @tests (Directory, 847f5baab047f7759a6758f6c1309e88)
                        - stubtest_allowlist.txt (RegularFile, fca690ff456ce5bf434fd5fa84a4c158)
                        - stubtest_allowlist_darwin.txt (RegularFile, 81c32b4487d180b5cc81f9b8625e1e2d)
                        - stubtest_allowlist_linux.txt (RegularFile, 0a085d7dc3c7d6610e2311c1654a49de)
                        - stubtest_allowlist_win32.txt (RegularFile, 0278b4bc6b8d3d5983f0d3ac34018ca6)
                      - METADATA.toml (RegularFile, a41257734b183db8e1fed6693d477582)
                      - serial (Directory, d93225730e3403ccc28bb366903e6574)
                        - __init__.pyi (RegularFile, 6d29ea70dc71435685b367a0298cbf67)
                        - __main__.pyi (RegularFile, 9f532590e3f0d7a40403add282cc6a34)
                        - rfc2217.pyi (RegularFile, 819a335f240a0c5aa1c8794cfbe18a07)
                        - rs485.pyi (RegularFile, ab48f5bb11396c45e2772921d3b1a389)
                        - serialcli.pyi (RegularFile, dce095f32bf576c9d76bc9233b90b8d6)
                        - serialjava.pyi (RegularFile, 43c6e004c58d9a07a1fe15d66ee62e1c)
                        - serialposix.pyi (RegularFile, 808d4c9e6fbc0bf49c3ba00d863bb3ae)
                        - serialutil.pyi (RegularFile, 023514f82fc60bfa72ddee0ec31ca224)
                        - serialwin32.pyi (RegularFile, f78aafb0e271a8108587eb3e9f4c5c5f)
                        - threaded (Directory, b235c46d26c706adf4d1ea38a46dfbfe)
                          - __init__.pyi (RegularFile, 1d4c8475efeb5a6435a834d741d58bc5)
                        - tools (Directory, 6e7eee8d506932fd8102c786bbca7d6c)
                          - __init__.pyi (RegularFile, f571933bb948577b1f9f3076fb8fc7c6)
                          - hexlify_codec.pyi (RegularFile, b7d93ff47ec8c2478697dc7ed332c2ff)
                          - list_ports.pyi (RegularFile, d1171c41ceb495e62cc55083dd0ed50d)
                          - list_ports_common.pyi (RegularFile, 0fa7ac65a474b8c2c7fa0ec0bc4ebfac)
                          - list_ports_linux.pyi (RegularFile, 9dcbf305e00c0185215ddb4bb2881bfc)
                          - list_ports_osx.pyi (RegularFile, bd898acee9597d22b8e30804fdddb8f7)
                          - list_ports_posix.pyi (RegularFile, 77d6f3a6b587a10ec03154c4156f3e53)
                          - list_ports_windows.pyi (RegularFile, f0d8f66d2f1430adb5f4acd6a3be450b)
                          - miniterm.pyi (RegularFile, 1e8806e9de04b69190243133818884a6)
                        - urlhandler (Directory, a418f31701854dbedb94e56952801e64)
                          - __init__.pyi (RegularFile, f571933bb948577b1f9f3076fb8fc7c6)
                          - protocol_alt.pyi (RegularFile, 123ad0698aacc69833371c24be408ca5)
                          - protocol_cp2110.pyi (RegularFile, b00ac277c89ddeaf80f3c5549186ca5b)
                          - protocol_hwgrep.pyi (RegularFile, 8cd9aa230e605ba7615b27dbfefd7cd5)
                          - protocol_loop.pyi (RegularFile, dc7b63f7fc096c43c536087289f32587)
                          - protocol_rfc2217.pyi (RegularFile, 984068bd6e33c7cc8b31240ff3ee29c4)
                          - protocol_socket.pyi (RegularFile, 40ab0db0950a197f5d8bb92e48b3769b)
                          - protocol_spy.pyi (RegularFile, af3559b0e720d6dec4fd64b4dbcd5ba2)
                        - win32.pyi (RegularFile, 01dfca7e8014ffd8d3cd031cd4d49eba)
                    - pysftp (Directory, 53922ac87a22d9e43e661b8712904281)
                      - METADATA.toml (RegularFile, 9a7d07ce2937ecddc38b0597741e5539)
                      - pysftp (Directory, 40a24374eebc2ba178f9a44fd5351dc3)
                        - __init__.pyi (RegularFile, 727adb00939471e1aeaefefb387c1ec7)
                        - exceptions.pyi (RegularFile, a9ecf2313731cb7a65ff3f260adf4bad)
                        - helpers.pyi (RegularFile, d7a9b61248fd018ac380a7821c48f76b)
                    - pytest-lazy-fixture (Directory, 016fbbb1d87e5dc6af06431cc9bf3b6c)
                      - @tests (Directory, 3b9c5c436165feb577017f955a7ee87a)
                        - stubtest_allowlist.txt (RegularFile, 58f662ca28befc604156f757c0b419ad)
                      - METADATA.toml (RegularFile, af9c5953f857e8d000759731d16c9143)
                      - pytest_lazyfixture.pyi (RegularFile, ef8ddc366ca432077950a91fb2c39a90)
                    - python-crontab (Directory, 8a2ba55d0b418040ab1b16f7f64d127d)
                      - @tests (Directory, 0a2c9e59999cc0988168f264dcfce973)
                        - stubtest_allowlist.txt (RegularFile, 01dbf5ba29802b7c34067f4ee57e6f25)
                      - cronlog.pyi (RegularFile, 2e591c91331e291ef1f1f38364814e5c)
                      - crontab.pyi (RegularFile, a86a4966840768b2360e3de7e73f7f28)
                      - crontabs.pyi (RegularFile, ffac93e8e343c898c4af93d5b760210b)
                      - METADATA.toml (RegularFile, 6d8e095de18895087a40363a40d5aa09)
                    - python-dateutil (Directory, ff6775c4a83f0ea11e5ab3a07ba99b0b)
                      - @tests (Directory, 42673ccb53a8e97a130105e72526c75d)
                        - stubtest_allowlist.txt (RegularFile, 359309333150b416e400983848f113c1)
                        - stubtest_allowlist_darwin.txt (RegularFile, 037a4d23fb607a3cc28f344dc5a38600)
                        - stubtest_allowlist_linux.txt (RegularFile, 037a4d23fb607a3cc28f344dc5a38600)
                        - test_cases (Directory, 7e75071c6874e904a19b2fec36debd2f)
                          - check_inheritance.py (RegularFile, 00976227b8370e4ad3dc7d59d83258e7)
                          - check_relativedelta.py (RegularFile, 657bc0f9511a3ecfb16973abd05e59a6)
                      - dateutil (Directory, 70d8b0fb4d2034fd994a7f976e784a9e)
                        - __init__.pyi (RegularFile, d426e6b4e158650e3ba9bc04bee84b33)
                        - _common.pyi (RegularFile, 078cd43b576dc8cdad20eef251262ae7)
                        - _version.pyi (RegularFile, b9ed0031fd8a6da3b2240999fa7119c9)
                        - easter.pyi (RegularFile, 7305ee0e369938d31b894d7ca55d208c)
                        - parser (Directory, 666d3c3c2ca5f50529e4c9dd0fe4674c)
                          - __init__.pyi (RegularFile, ca8594833a48d92f91c690ce1805bd13)
                          - _parser.pyi (RegularFile, 3365fe6c88b34d99bf02cd07692cd5c9)
                          - isoparser.pyi (RegularFile, aed833790b5015c49f9f771467567164)
                        - relativedelta.pyi (RegularFile, 47f974b5f324f22c13244382cbfe5a2a)
                        - rrule.pyi (RegularFile, 8d78b131caed4ef0df3c91ee7c94be5f)
                        - tz (Directory, b77af83f6722ac43f24f24cd3b0ab271)
                          - __init__.pyi (RegularFile, 5a092b3958af3a9fe599c7ba7f0ea6ab)
                          - _common.pyi (RegularFile, 221dcded96656c0db551a104322f8772)
                          - tz.pyi (RegularFile, 150cfed38b248e54273bf87da60dbdeb)
                          - win.pyi (RegularFile, 69e01a9958aa31edeedbf1699dcd638b)
                        - tzwin.pyi (RegularFile, 0ccd71e593b5e2c6ecdc960402f06526)
                        - utils.pyi (RegularFile, f5f7d972ebf7c48785029d9c1863e738)
                        - zoneinfo (Directory, c38609510ee9dc5ef38d7361806e10a1)
                          - __init__.pyi (RegularFile, 62418d2165ed9df78217f558ac076ef7)
                          - rebuild.pyi (RegularFile, cf9dcb842caa2174e0d7516c5368501f)
                      - METADATA.toml (RegularFile, 3de569cc96af939841435da4dc1d414e)
                    - python-http-client (Directory, dbce23b370ed6f22d44678b686241777)
                      - @tests (Directory, 7396f264b809638e6c0bd197adc3f107)
                        - stubtest_allowlist.txt (RegularFile, 113641005cd3059a122fe2959e22c76d)
                      - METADATA.toml (RegularFile, 4d6b98ee48310a107c5696f383255821)
                      - python_http_client (Directory, 48daf0e2faecd11c8ed527893e2b752d)
                        - __init__.pyi (RegularFile, 8f3acdbe751df8605a3965ee5b8df4a1)
                        - client.pyi (RegularFile, dfd7f53d7db6635c6f648c81bbd44e5d)
                        - exceptions.pyi (RegularFile, 994ef6c682704e313a45331bcd75ef4a)
                    - python-jenkins (Directory, d30e0ce998194bb7f60c7c69f34e9547)
                      - @tests (Directory, ea0c7b4f0f519b0701c318c0827ff411)
                        - stubtest_allowlist.txt (RegularFile, 697b53cf084001f391a6342a4267298e)
                      - jenkins (Directory, 8dbbee8e185cfd9cc1cd76666998699d)
                        - __init__.pyi (RegularFile, 8727cd5376d9978c846bd2aa8aa6dfe0)
                        - plugins.pyi (RegularFile, a480a24e63311b4cebde94965b69955e)
                        - version.pyi (RegularFile, 420731e229fa82098802cad0a9934b41)
                      - METADATA.toml (RegularFile, c96c0ed042247842efb33fc125f951f8)
                    - python-jose (Directory, 99445fdc7ff8ae6876226d55bb1e9c37)
                      - @tests (Directory, d4578c4c39252a70715e1d56132c80f4)
                        - stubtest_allowlist.txt (RegularFile, d34f64c9f10f3649f2ae8b5e81dfcd97)
                      - jose (Directory, 2ec0e7da8a3e11458a6989c7a67d8048)
                        - __init__.pyi (RegularFile, d9a3eaef7b8c776dabf862f02b2659d2)
                        - backends (Directory, a81f09a52527cac137dd34e2850773a1)
                          - __init__.pyi (RegularFile, 8686a15d7903963bcf202f6250824140)
                          - _asn1.pyi (RegularFile, 90cc380f82142c85a9ae0e8e94b3472f)
                          - base.pyi (RegularFile, 0a5685fa85a42600808dfc7cfd17a703)
                          - cryptography_backend.pyi (RegularFile, 487399edd3d4249a7e1d6793028d9bef)
                          - ecdsa_backend.pyi (RegularFile, a6bd4a14ee622539bb45b92b267bc67d)
                          - native.pyi (RegularFile, 6e3ddf08c0562f1bc75ebec3323102e7)
                          - rsa_backend.pyi (RegularFile, 9729aea743b97d07b479a9ea46650ac2)
                        - constants.pyi (RegularFile, 7486b59ea3d44edcb0066c784cf06ad4)
                        - exceptions.pyi (RegularFile, 21a8ef17e6f0b357e75df828f1131999)
                        - jwe.pyi (RegularFile, 82cee3670b6b3d2608586113bb6c1fed)
                        - jwk.pyi (RegularFile, 1ec8b56eae430150504191a978d7a168)
                        - jws.pyi (RegularFile, 1331cdc745fa9aa919f6bba542aeeb26)
                        - jwt.pyi (RegularFile, 9100cc1558273f56ebbe362ab67c3457)
                        - utils.pyi (RegularFile, 99a8bd8cb910e27ceb72ef9aad861734)
                      - METADATA.toml (RegularFile, 0ce77a90109a1549219f5f10f56e1759)
                    - python-nmap (Directory, 2045533c34e4ffd6e317c3db14a2af73)
                      - @tests (Directory, d742376064a3cc073b48a7d7e503f27e)
                        - stubtest_allowlist.txt (RegularFile, a701a3d6fdf3ce5e8fca31f9d4a88c5e)
                      - METADATA.toml (RegularFile, 5cd2cc51831a2bcb3c4e38181b00ccee)
                      - nmap (Directory, 15b2338c9c0b404085d83d5d8221929f)
                        - __init__.pyi (RegularFile, 60fa2af9e50bf41a1c192889d309ba5e)
                        - nmap.pyi (RegularFile, 39c41b562127ad368da84a863e853513)
                    - python-xlib (Directory, da292da71bf2b8ca64023570a051287d)
                      - @tests (Directory, 8e41ea53cf2eddcc501a200db7675b7b)
                        - stubtest_allowlist.txt (RegularFile, 7cf2b7b0e6dd0bd7516662eef890b614)
                      - METADATA.toml (RegularFile, 0d9d5cde8d2c20336ce148dd94591da2)
                      - Xlib (Directory, 0ce55ec67e84682cea8f55c1a8c6f1e8)
                        - __init__.pyi (RegularFile, 2121ba9ff25a92cee79501150ec88c0a)
                        - _typing.pyi (RegularFile, 72fc696c2afa1db5663c19388ffe27ef)
                        - display.pyi (RegularFile, 9472c17ff4a658eda1efe8d9dd99faad)
                        - error.pyi (RegularFile, beb6c23fe8ba4f39b5c3e9e14e34bf3e)
                        - ext (Directory, 6aaef56f9e2ef04abc8045989f5fe2d3)
                          - __init__.pyi (RegularFile, f2304b3eb40f3b1d9db8309adfe162dc)
                          - composite.pyi (RegularFile, 596624149c16e7fe461397f68554b8bf)
                          - damage.pyi (RegularFile, 6e3e10b50f8ae34b339aa1e2cf11be3d)
                          - dpms.pyi (RegularFile, a362759dcd99a38435f65bcb415b5946)
                          - ge.pyi (RegularFile, 22fdeaa174b984533de6177da7fe4af6)
                          - nvcontrol.pyi (RegularFile, f58eb95012b16a5f61ecb2d1e8bcf93a)
                          - randr.pyi (RegularFile, 42e7f58bf7cf77c12404abb99dc85141)
                          - record.pyi (RegularFile, 6ca14bed65aedd1ce2e775f4629e3599)
                          - res.pyi (RegularFile, ddacebc6f3085f6719f95d4683e6cdc7)
                          - screensaver.pyi (RegularFile, 6cdce0b4a755a340d0d4360d2af36137)
                          - security.pyi (RegularFile, 48486a7f06ec086027555057492294ea)
                          - shape.pyi (RegularFile, 40129e662b294c211bf0cfdaae0891f6)
                          - xfixes.pyi (RegularFile, ab4aca404f7a793c827644933522df87)
                          - xinerama.pyi (RegularFile, 04c5a4b835f9d891e36b4c70ace0c942)
                          - xinput.pyi (RegularFile, e0ae1b595e6f67a92ac9b10af0b92860)
                          - xtest.pyi (RegularFile, 383b9f5a25930c023787570b141e63cf)
                        - keysymdef (Directory, edc5dec521b987e171967c9f8bf2ee2b)
                          - __init__.pyi (RegularFile, 92e1e9605a8e4f8c5bf76e0f79b36537)
                          - apl.pyi (RegularFile, 7130005a868f8d173a51277618873719)
                          - arabic.pyi (RegularFile, cba7deb07f326167dc685b828ca63476)
                          - cyrillic.pyi (RegularFile, ce3d22ef59f9d99a17ee396882a828d9)
                          - greek.pyi (RegularFile, cbc26726a3d0886464523fc7d62f6746)
                          - hebrew.pyi (RegularFile, 04fcfcbd36f02da6e6652d1bbafb9abd)
                          - katakana.pyi (RegularFile, f56e94de68cd719354f5f0af751ace49)
                          - korean.pyi (RegularFile, 11c0341ac680f2ec0ee9f49f3d308f35)
                          - latin1.pyi (RegularFile, 8d4159c151444b300958f9cd2b3d74c3)
                          - latin2.pyi (RegularFile, b09d32660289eecd141036683267a7aa)
                          - latin3.pyi (RegularFile, 9ee6d04789393b9fe0e060ec90f74817)
                          - latin4.pyi (RegularFile, 0325505c2d373a0c0d792cd25618e0a7)
                          - miscellany.pyi (RegularFile, 76da25bba7b100bd2f2a6aef6f09edcb)
                          - publishing.pyi (RegularFile, 09f2b8acb3d9fd0886231707f8dc83df)
                          - special.pyi (RegularFile, 5be5a71180b71f17188d3bc696032f58)
                          - technical.pyi (RegularFile, 657bdeb4f63f2af7e1c4b8116734b666)
                          - thai.pyi (RegularFile, dd5878349f71e27ecb11811b28f527f0)
                          - xf86.pyi (RegularFile, 750897f5749e4d93fc97e833331d0645)
                          - xk3270.pyi (RegularFile, 9300f9c2a1590453040d84a914c91436)
                          - xkb.pyi (RegularFile, 9d17f71d84f962c8c5d36ad2d67c4af7)
                        - protocol (Directory, 16e21dc2464a7fc362a5d6910c654207)
                          - __init__.pyi (RegularFile, ee76eda13c2598e2f3a8aee690e431a7)
                          - display.pyi (RegularFile, 36d1c1667a60af6b5150af57cdfa43b4)
                          - event.pyi (RegularFile, 32e994d3d960e84923997176bd76dec5)
                          - request.pyi (RegularFile, 18acb79b8aaf2717028455041ebb1130)
                          - rq.pyi (RegularFile, 3c6640830d6a66082b7800eaf03f4ec8)
                          - structs.pyi (RegularFile, 45205558eb97c9ef056e44ac717a8d17)
                        - rdb.pyi (RegularFile, 4307f968858d90bba840ae2d7a142ad4)
                        - support (Directory, c4faa65aeabb73d52baf4e6c43f7bff5)
                          - __init__.pyi (RegularFile, bf9a0993be99d1c7aa83d77c48303566)
                          - connect.pyi (RegularFile, f3bc8c8e78ebbb2527c5ab857a17784d)
                          - lock.pyi (RegularFile, 73b247b4435d1e3318dd8c49c4fbb679)
                          - unix_connect.pyi (RegularFile, 50b9db439f21abc5ba1ab6ff18dbdb55)
                          - vms_connect.pyi (RegularFile, d58012d15a3821c63f8abda0c4c3017a)
                        - threaded.pyi (RegularFile, 9a41a8bd9a5c4aca5ce62c6248291813)
                        - X.pyi (RegularFile, c7cc419b6941d8fd930c83f0cb07bcf3)
                        - Xatom.pyi (RegularFile, 68fea94f86c0263c968ca617d0d94ac0)
                        - xauth.pyi (RegularFile, 428b39d23d1b30b1e478dbc5f4895935)
                        - Xcursorfont.pyi (RegularFile, 72e56bb6ad6a8a0c3f26f10139568c7f)
                        - XK.pyi (RegularFile, 4c2ee0c7e7a88d6da9c3f2252d85dfdf)
                        - xobject (Directory, f966507e6b8631b192d487b8312d3022)
                          - __init__.pyi (RegularFile, 55e8fd4bf227b695e24d04ca575ab0d8)
                          - colormap.pyi (RegularFile, d75c9656b85e3f112f34f42f83782b41)
                          - cursor.pyi (RegularFile, f310ee6e764330f239e9659574142400)
                          - drawable.pyi (RegularFile, b27c0295c007165630c38745ad410c97)
                          - fontable.pyi (RegularFile, 3a289c8de065f5dbf3dc023310243ba8)
                          - icccm.pyi (RegularFile, 36998d274a5020e519a41d07e4a6a0a9)
                          - resource.pyi (RegularFile, 8c8e284d61bc3fd2ab3613d7b3811ed6)
                        - Xutil.pyi (RegularFile, 3fe787c0e3057f06d905a48cb75e2409)
                    - pytz (Directory, e3c300a924f63984693756e2c841ea79)
                      - @tests (Directory, 80c965e65479364578c41932c81d0fb3)
                        - stubtest_allowlist.txt (RegularFile, 54db26d69ef7698889840e159307bb6c)
                      - METADATA.toml (RegularFile, 5833a00e89571bc414b025ded30b0bb5)
                      - pytz (Directory, efb1d2ec013e3b6221dee11887c10463)
                        - __init__.pyi (RegularFile, 0115a44c88b43e21cb4ab2584ee60bf7)
                        - exceptions.pyi (RegularFile, 1468093be570a295b06c1ab4ef443fe5)
                        - lazy.pyi (RegularFile, 5e9622b835d83e40d98b52296a5495ce)
                        - reference.pyi (RegularFile, 8674bdb3a63c085c26025771b81692e4)
                        - tzfile.pyi (RegularFile, d56ee7784eb614d5f1bcb08c8cf9dec1)
                        - tzinfo.pyi (RegularFile, 6acf23bcf7f884c69e0ae0cabb6381fd)
                    - pywin32 (Directory, dd6180c1130eeda8447872f85f8780b5)
                      - @tests (Directory, 4061c5e276f795c83f5fa70676447dd6)
                        - stubtest_allowlist_win32.txt (RegularFile, f67efd7a12dc3a4bc3ad59a05957b5b2)
                      - _win32typing.pyi (RegularFile, 0866d597e781e14ec484093aaa392b7f)
                      - commctrl.pyi (RegularFile, 6dc17f21db1b762661749ff4012f560e)
                      - dde.pyi (RegularFile, 5242b208d25444f2781650e377372090)
                      - isapi (Directory, 24b853cbc3534cce6d2f618de34fa1cb)
                        - __init__.pyi (RegularFile, 4df15dc1c17b273909caef28bad8cfd8)
                        - install.pyi (RegularFile, 83f0b40922398e5b318e39262e00ddfe)
                        - isapicon.pyi (RegularFile, 29e6cec48f11f8e5b8405ee6913a8eb4)
                        - simple.pyi (RegularFile, 91be5ad39a69b9336598940a18c4fc36)
                        - threaded_extension.pyi (RegularFile, 75e7b2b0c5930807b802a4a8be1ce528)
                      - METADATA.toml (RegularFile, 6df8d88f871c55ebeeb3b21a43712d6a)
                      - mmapfile.pyi (RegularFile, 686a9b4edd0cf9295fb47d4dd942a99f)
                      - mmsystem.pyi (RegularFile, 65b7f2acfc3e203d5d7711f20f01c496)
                      - ntsecuritycon.pyi (RegularFile, f60ff6635e7a55422f256a7d3b865f9e)
                      - odbc.pyi (RegularFile, 1b675bee2716e71e9497a1fdc7403e1e)
                      - perfmon.pyi (RegularFile, 187863faa1b2c54c19dc67c45e105615)
                      - pythoncom.pyi (RegularFile, aa307ee27fb80193d3ff5eb08446a867)
                      - pythonwin (Directory, e2344cc6561a492afaaada4b4186717f)
                        - __init__.pyi (RegularFile, f571933bb948577b1f9f3076fb8fc7c6)
                        - dde.pyi (RegularFile, 1235543b989dd94aa25f55c4e3892636)
                        - win32ui.pyi (RegularFile, 3e7799f9cf7db233f225cdabe451e26c)
                        - win32uiole.pyi (RegularFile, f2bde696467451f7754d6dbb0dd3b9ae)
                      - pywintypes.pyi (RegularFile, a22d5955eba87e7cb20fb454436dfc4b)
                      - regutil.pyi (RegularFile, 2b3093ee0bdc653084aa1e1d08b0e69c)
                      - servicemanager.pyi (RegularFile, 78211aa7895e306d055fecd7970d75ba)
                      - sspicon.pyi (RegularFile, 6c9afb54aa1b87b2928da3312e73ac8a)
                      - timer.pyi (RegularFile, 105e09d93925909c8b30c40078bb1735)
                      - win2kras.pyi (RegularFile, c2dcde5e92c419126eb3126d7c9e8ebd)
                      - win32 (Directory, 0484007210061710dc5f1e8ec7ff1fca)
                        - __init__.pyi (RegularFile, f571933bb948577b1f9f3076fb8fc7c6)
                        - lib (Directory, aafe9b880a54013a998d7a383845ad88)
                          - __init__.pyi (RegularFile, f571933bb948577b1f9f3076fb8fc7c6)
                          - commctrl.pyi (RegularFile, 5f36150178859a33d9a45582a939329c)
                          - mmsystem.pyi (RegularFile, 6040efbbb91538361c0169114c172e88)
                          - ntsecuritycon.pyi (RegularFile, e8b63bf0425b3b4f6fd67d05645203f9)
                          - pywintypes.pyi (RegularFile, 1abfd73e2cc037bef9613b54e746ac45)
                          - regutil.pyi (RegularFile, f4a78f7045fd9d170daedfbac880c08a)
                          - sspicon.pyi (RegularFile, 9271be5ea09630077706bf1234bf93a9)
                          - win2kras.pyi (RegularFile, 7c042a3dac84ce7c03cd2be7228f44f1)
                          - win32con.pyi (RegularFile, 16f38e87fbbf59eb6271211ae65fc0b1)
                          - win32cryptcon.pyi (RegularFile, 6d7905a798e96335b3302dd2c72224fe)
                          - win32evtlogutil.pyi (RegularFile, b76b13773e14ce78a624e06006f3d917)
                          - win32gui_struct.pyi (RegularFile, 150b5667b69e617fb1e24aefeafc7e05)
                          - win32inetcon.pyi (RegularFile, 2a7e53108e3fd41983906462ec5e5114)
                          - win32netcon.pyi (RegularFile, a611f8f2f27e00e4bd3f462603af5589)
                          - win32pdhquery.pyi (RegularFile, 22eb01d8be3433165127287940f4f4d0)
                          - win32serviceutil.pyi (RegularFile, 30c899834b49e04e4ba02d4e37d55eca)
                          - win32timezone.pyi (RegularFile, 010c36ac2fc55dcd3c24b7146a16ee09)
                          - win32verstamp.pyi (RegularFile, 008c78c25a60ed2d9b4f3216b2f29c1d)
                          - winerror.pyi (RegularFile, b99f10f43d1166285e898012ac46f77a)
                          - winioctlcon.pyi (RegularFile, cbbb3704858015b6c2a0e17521c4480a)
                          - winnt.pyi (RegularFile, 7b3c6c3518b7f16ca11569d245ea56a9)
                          - winperf.pyi (RegularFile, 1d90867d1bdc0da13a193185adf69ba0)
                          - winxptheme.pyi (RegularFile, ad95c20e181be281100585943fa387d2)
                        - mmapfile.pyi (RegularFile, 7ba132b6dc2c3b174383987167ad687b)
                        - odbc.pyi (RegularFile, ce7d082f698f381a6b0b22cc9def305a)
                        - perfmon.pyi (RegularFile, 551b139943897d35fa69db9286b571c5)
                        - servicemanager.pyi (RegularFile, 302d46bcc558508a32e21b9cdef63158)
                        - timer.pyi (RegularFile, 525862ed37675e0f47051b20de991e7c)
                        - win32api.pyi (RegularFile, 38ed8cd798cde86f8958ee3db9a9033c)
                        - win32clipboard.pyi (RegularFile, 1d56db4c44fa0329d24108e24c253df7)
                        - win32console.pyi (RegularFile, e2460f7847e3b1d45d0a33fbf6f7eb0d)
                        - win32cred.pyi (RegularFile, 834eb7f745a71d4c9619ca03ca9ae468)
                        - win32crypt.pyi (RegularFile, e80dedf91c4ff08a933c24f9ad54a7e0)
                        - win32event.pyi (RegularFile, 2101f178f3a8c48ffd5de43804d6d50f)
                        - win32evtlog.pyi (RegularFile, d3bc2dd79ded7fe04e166919bcd45be6)
                        - win32file.pyi (RegularFile, e9c66034fa90c0de123ae09ddbde488b)
                        - win32gui.pyi (RegularFile, 81047f484f1a3cd501c562804bbfa660)
                        - win32help.pyi (RegularFile, 8cdbdd2818f8ad8e5b994874d436ccae)
                        - win32inet.pyi (RegularFile, ec00a5800f47344726d557c30ec2fcaa)
                        - win32job.pyi (RegularFile, 1bd883c5fc989e443402a33f6d5de718)
                        - win32lz.pyi (RegularFile, 382a6a8becf8d8ba2f6c7df96e34721f)
                        - win32net.pyi (RegularFile, be43432be5b7ee21051ce3aa6568ecbc)
                        - win32pdh.pyi (RegularFile, 3d27094604cd0edb408d462f99b6d3e3)
                        - win32pipe.pyi (RegularFile, 441265f78aeecb5c330d3a47b269c1bd)
                        - win32print.pyi (RegularFile, 50a8b788c3df131161b0eb1969042fa3)
                        - win32process.pyi (RegularFile, 09bd877d8cdb0197dfdfaf44c4eb7694)
                        - win32profile.pyi (RegularFile, ced054df5d9f6b294c8bcc8692851a40)
                        - win32ras.pyi (RegularFile, 1ef89de1ef5101b335e36306462a0675)
                        - win32security.pyi (RegularFile, 652d5f018a49f5715ad7ba58a9472fe3)
                        - win32service.pyi (RegularFile, 09db6da595fea77e8d3d3281ae24c17f)
                        - win32trace.pyi (RegularFile, b1c920e4580075adc38212f03ee9609d)
                        - win32transaction.pyi (RegularFile, d26cd00b7d197179fcb657561db0758c)
                        - win32ts.pyi (RegularFile, 4a1d82c77d062cee0bd804876072c577)
                        - win32wnet.pyi (RegularFile, 81228daa7271d3e1f786eeddb0c44391)
                        - winxpgui.pyi (RegularFile, d5aa8afb1aee5bd51e7f360166f1ff19)
                      - win32api.pyi (RegularFile, 98b0dff7ca739d7fd816aeed2e5b8095)
                      - win32clipboard.pyi (RegularFile, 10cdc89fc532f28b70985207763f9460)
                      - win32com (Directory, f5d4617ddd5851cf1b93f78100845d88)
                        - __init__.pyi (RegularFile, 157b512bf4c62f21346f254a468dc029)
                        - adsi (Directory, cdc32623dda84674de42636c4cc747c3)
                          - __init__.pyi (RegularFile, 60be67883ca73bb9f7904161db09cb4d)
                          - adsi.pyi (RegularFile, 30f5dc18248f23c1bef688d765485740)
                          - adsicon.pyi (RegularFile, 57386ef7de8007dc3af2e0d6093d426a)
                        - authorization (Directory, fc5ea43d8254588df86e4b380d908f5d)
                          - __init__.pyi (RegularFile, 1c2abdfac1410c806b1d965062823085)
                          - authorization.pyi (RegularFile, d33e8c1d53ba092385334a73ee8afb7a)
                        - axcontrol (Directory, 2f909899382d36f67cdbd4378163bc08)
                          - __init__.pyi (RegularFile, 73e73cc6707ffbc91607ed6d54ed87bf)
                          - axcontrol.pyi (RegularFile, 74ec0befe6b5bfb4cc830b18bf0d5004)
                        - axdebug (Directory, 45830d2825961f3c3b74b89740c51661)
                          - __init__.pyi (RegularFile, 3b92e83c32d8e96bca26080e07f37a31)
                          - adb.pyi (RegularFile, 8e033ddf9b985bff99d1fedf1fa155dd)
                          - axdebug.pyi (RegularFile, 72d2d3154bcd5053853959c06fcc378e)
                          - codecontainer.pyi (RegularFile, c911363240a8874bda817401340637da)
                          - contexts.pyi (RegularFile, 3585e74a58490626cb19dbe4b262e7ea)
                          - debugger.pyi (RegularFile, 3e421aba33c1e63d5559b410126fc524)
                          - documents.pyi (RegularFile, 4156678a4f29d29314e4e59f1468c86b)
                          - expressions.pyi (RegularFile, 20bfdc432ff9d9b35a92e5d44b8f18dc)
                          - gateways.pyi (RegularFile, 05dcf1dbcaaf6823390c8b6a64c43527)
                          - stackframe.pyi (RegularFile, de9068cba3b57b4cf68565c0dd325773)
                          - util.pyi (RegularFile, 6e25d0e805781b7494fecb073767f4ac)
                        - axscript (Directory, a38f01d899e90e23c5378a3da3aaa911)
                          - __init__.pyi (RegularFile, 79d20edd7871562719f56b7b1927210c)
                          - asputil.pyi (RegularFile, 33109fb057b423bbb5d3b6e62de013c1)
                          - axscript.pyi (RegularFile, e9d986e54bb2f6bf823f2140519c585f)
                          - client (Directory, 8738fa111a646ccc7d626660951042e8)
                            - __init__.pyi (RegularFile, 348afd66e4fba272e094d01f44a1c78c)
                            - debug.pyi (RegularFile, 7f7cc868aed1e56f5786c715afa64199)
                            - error.pyi (RegularFile, f9e0048cc484192c36549b692b69ab8d)
                            - framework.pyi (RegularFile, 76ca2f40ec2062178f5c9b5e20c7f78d)
                          - server (Directory, ff12ae2e54a1f952d8213eb16f73541e)
                            - __init__.pyi (RegularFile, 04349202d43fbec1f2c1f78fec097614)
                            - axsite.pyi (RegularFile, 1888d4eadb79a08a075738929a41ca4f)
                        - bits (Directory, c934460214f3bfcc2f0221bec86ddd3b)
                          - __init__.pyi (RegularFile, cb1754f4553edb0d159094615a03850a)
                          - bits.pyi (RegularFile, 1cf2f08bf3ca6098c4b70eb858ed2855)
                        - client (Directory, 826d3ce5769bf14c17c80727cb69d59d)
                          - __init__.pyi (RegularFile, 0482ce89f11e64ddf5e11f8059298fdb)
                          - build.pyi (RegularFile, 772dc26962e6070b1b160da64b228e60)
                          - dynamic.pyi (RegularFile, 746d65c96edbf488548a154ec18a72ec)
                          - gencache.pyi (RegularFile, 0f8566f480e40b532070e040db68a7bf)
                        - directsound (Directory, d3869e8d3f57f0ed3e14342e560b2351)
                          - __init__.pyi (RegularFile, 114844d9e46dcb37c507c37608501a84)
                          - directsound.pyi (RegularFile, 1a8f598a23f4e50c6d25266f55c5e946)
                        - gen_py (Directory, a1bc231b0126f5fc50663a4f6115f629)
                          - __init__.pyi (RegularFile, f571933bb948577b1f9f3076fb8fc7c6)
                        - ifilter (Directory, 329f7f829cda3c353b66188123a2432e)
                          - __init__.pyi (RegularFile, 6b9d8eda7866330631a315ca0f67abe5)
                          - ifilter.pyi (RegularFile, e366a21b83658a9bea298f3248436278)
                          - ifiltercon.pyi (RegularFile, 60d9c6c771511d66f69e4a66ac1975c1)
                        - internet (Directory, 1c2ab0b94db816bbcde7f6ea8800cf1a)
                          - __init__.pyi (RegularFile, 1bead78f6def310c8a8888aea46f994a)
                          - inetcon.pyi (RegularFile, aee405887a275f083b52c2194d294c85)
                          - internet.pyi (RegularFile, 0e13af9486188137af11b7273b534e2f)
                        - mapi (Directory, 2236cb8fe75806636462c63370711333)
                          - __init__.pyi (RegularFile, 3ae51d11831fdd9035411bedafaba2fd)
                          - emsabtags.pyi (RegularFile, bb1856b68755026d83dbef52423fa18a)
                          - exchange.pyi (RegularFile, 509719a25fd3d689e1cd83c75785ee12)
                          - mapi.pyi (RegularFile, cdd527d226662879499d2d0ee8ec9a6e)
                          - mapitags.pyi (RegularFile, 827371f6613100c0e28941ec785a1d44)
                          - mapiutil.pyi (RegularFile, c59e5195d923286e4d01347b0bb3ff18)
                        - olectl.pyi (RegularFile, ac60fcff5a83e4f7ebff32c06337beae)
                        - propsys (Directory, a342438e9188863ec3a2b79b2841f7ff)
                          - __init__.pyi (RegularFile, bf561edb2f3bd20b5b866320a120fb0d)
                          - propsys.pyi (RegularFile, 0f7fafce517aed6d4cdd4287d9bddc15)
                          - pscon.pyi (RegularFile, 69c4e5f254478ec897098d86599dfbbe)
                        - server (Directory, f5384f8cb8857e3cc20300a373d07c25)
                          - __init__.pyi (RegularFile, f571933bb948577b1f9f3076fb8fc7c6)
                          - connect.pyi (RegularFile, ab73ea6b0f1da53e2a003d3b419510ae)
                          - dispatcher.pyi (RegularFile, 7d193bbd1679e5046cd907f17e11fc06)
                          - exception.pyi (RegularFile, f046fe58c68cfbce2cb56e9faaf30d30)
                          - factory.pyi (RegularFile, 571b11adeb8cf6a5c6488b2c39fa5c8e)
                          - localserver.pyi (RegularFile, a88b4a2089b785d3e3816c24bb4d0519)
                          - policy.pyi (RegularFile, d88123647532be48f3860c6787350158)
                          - register.pyi (RegularFile, c864f596402a081686e3c5588dce671c)
                          - util.pyi (RegularFile, 2c3a4d8088a6ea1a1375342d2d5bcdeb)
                        - shell (Directory, 7df1d2e809047188253d6681c8f8b949)
                          - __init__.pyi (RegularFile, a18ab67e4cae9565bc230e945b530cac)
                          - shell.pyi (RegularFile, bb47139d65e2afd1f1420b7ac137c5e5)
                          - shellcon.pyi (RegularFile, 73a4bec2c25d3766eb43de12e7f6e217)
                        - storagecon.pyi (RegularFile, c735f058c60b3592fb90d7f6972d4ee3)
                        - taskscheduler (Directory, 3f6b752815d95ed64de070db3b04fe32)
                          - __init__.pyi (RegularFile, 090fd065c59316fb4a7feabc16b3de1f)
                          - taskscheduler.pyi (RegularFile, 86a5610679ce060d786ceb6390ea0ada)
                        - universal.pyi (RegularFile, d36cc740e3f6bc21772dbfdced60ce7c)
                        - util.pyi (RegularFile, 0fe87df044027f35eebcf0eb5788ad71)
                      - win32comext (Directory, 922140898f82324e37d0f2530c2b6d21)
                        - __init__.pyi (RegularFile, f571933bb948577b1f9f3076fb8fc7c6)
                        - adsi (Directory, 61f8e2d78843196e4ea3541fad13a853)
                          - __init__.pyi (RegularFile, 6ba476ad1e9e3c53f216d5e21d0259ec)
                          - adsi.pyi (RegularFile, 19e4cc73a3fb81c1e655470d4da02a50)
                          - adsicon.pyi (RegularFile, d3d6e8b92f2f8a1aa662b49a27f45512)
                        - authorization (Directory, 24a3ba6e8e3b6df0e25736d8d6023907)
                          - __init__.pyi (RegularFile, f571933bb948577b1f9f3076fb8fc7c6)
                          - authorization.pyi (RegularFile, dbf332f2569460226e8412379690355a)
                        - axcontrol (Directory, ec00631671ae5f15c85b1f56c5048613)
                          - __init__.pyi (RegularFile, f571933bb948577b1f9f3076fb8fc7c6)
                          - axcontrol.pyi (RegularFile, df4bafb181f5866635dd421059cbd776)
                        - axdebug (Directory, 80f7466a6697f8193ca3b3e7c974c7be)
                          - __init__.pyi (RegularFile, f571933bb948577b1f9f3076fb8fc7c6)
                          - adb.pyi (RegularFile, 343e303cc42e5f159dae4d69616be6a0)
                          - axdebug.pyi (RegularFile, 21abfceaed2df3a5292b7322a67fb902)
                          - codecontainer.pyi (RegularFile, cbb3a955267a51c0cbba88e7e4f09d29)
                          - contexts.pyi (RegularFile, f95ff52a26b5b0b61fddf6c9edf5d79f)
                          - debugger.pyi (RegularFile, 39431f13190900972a567442edc99ebe)
                          - documents.pyi (RegularFile, 0692102a40089b5253272c8913f2019c)
                          - expressions.pyi (RegularFile, 8de4dc0be66671983b85c4a5898425b4)
                          - gateways.pyi (RegularFile, b4fa92576e676f908d86e02855707ce2)
                          - stackframe.pyi (RegularFile, a5e2ac865127f31a02124bf85f98c555)
                          - util.pyi (RegularFile, 26219fc0ef8c29da09c477596749dbdc)
                        - axscript (Directory, 1f898fc6ac0412a58357338aed73d8e7)
                          - __init__.pyi (RegularFile, f571933bb948577b1f9f3076fb8fc7c6)
                          - asputil.pyi (RegularFile, 7b0d3628ddf698644fbe9003b2491e78)
                          - axscript.pyi (RegularFile, 5feda15ac0ea20de7f2427beec57cecf)
                          - client (Directory, 99863e808c6b1a20fe81738540ab3a03)
                            - __init__.pyi (RegularFile, f571933bb948577b1f9f3076fb8fc7c6)
                            - debug.pyi (RegularFile, fca0ccde3dd5a797279932849805bce5)
                            - error.pyi (RegularFile, ab1bfb2fe731a7477441bf0c3b5422ff)
                            - framework.pyi (RegularFile, 3fee3df1ad75852c53de550cde720def)
                          - server (Directory, 8983a1f158a456921853c7c4a02d8dc4)
                            - __init__.pyi (RegularFile, f571933bb948577b1f9f3076fb8fc7c6)
                            - axsite.pyi (RegularFile, 80bcb9e38753c31b59e94a80d6ed0cac)
                        - bits (Directory, c517e038ad2639fedb8fe7b410a236db)
                          - __init__.pyi (RegularFile, f571933bb948577b1f9f3076fb8fc7c6)
                          - bits.pyi (RegularFile, 19eb17f5f90c8f5910659ff62676deb9)
                        - directsound (Directory, 6d7500d5f19d8f20dfd7d0395eb64a5d)
                          - __init__.pyi (RegularFile, f571933bb948577b1f9f3076fb8fc7c6)
                          - directsound.pyi (RegularFile, 26d431d0ddd521d9c3deb822bd4690e8)
                        - ifilter (Directory, 6916cfa3f9b6bc7b5cdf2e1c2d8aac82)
                          - __init__.pyi (RegularFile, f571933bb948577b1f9f3076fb8fc7c6)
                          - ifilter.pyi (RegularFile, c20334e8b69fc22db983ef95899d97f7)
                          - ifiltercon.pyi (RegularFile, b8e1e8da9072ce8e6fe8062badd18cb1)
                        - internet (Directory, 1f801419001a31e07f5ce1cb47d4fe6b)
                          - __init__.pyi (RegularFile, f571933bb948577b1f9f3076fb8fc7c6)
                          - inetcon.pyi (RegularFile, 0b95bfc4f831f7dd5d0219bb7d6701ef)
                          - internet.pyi (RegularFile, 5e6679c0d94aeb30ff1fcba1fa06b99f)
                        - mapi (Directory, 2ce9b563b88e1705d56dd70c5984e99c)
                          - __init__.pyi (RegularFile, f571933bb948577b1f9f3076fb8fc7c6)
                          - emsabtags.pyi (RegularFile, 781d72c507b3fa8a455c48bddcb269b5)
                          - exchange.pyi (RegularFile, 55d5f09f6d2973cb25ad5e324b1cc981)
                          - mapi.pyi (RegularFile, bc374f42eadc9c84906b243e74a8c775)
                          - mapitags.pyi (RegularFile, cdb304c1c6ca7835ba94929ea1dee7dc)
                          - mapiutil.pyi (RegularFile, 6f4b2d09f2f0dd7d2c5fc9faf7cfb468)
                        - propsys (Directory, 87b50701373ef13752ba8358f7bdcdf9)
                          - __init__.pyi (RegularFile, f571933bb948577b1f9f3076fb8fc7c6)
                          - propsys.pyi (RegularFile, 24f3c230dc948e715c2948978c298fa6)
                          - pscon.pyi (RegularFile, 1d3637878981b70b584099c542024f44)
                        - shell (Directory, 6803c2ba05d6ac57d81685455b30b5a8)
                          - __init__.pyi (RegularFile, f571933bb948577b1f9f3076fb8fc7c6)
                          - shell.pyi (RegularFile, 00ef47483d6d253d9414588587eb0f92)
                          - shellcon.pyi (RegularFile, 07b920cc389424aec80b581ee578ef92)
                        - taskscheduler (Directory, 1be2bb68de19c48cc2bf7f9091267d86)
                          - __init__.pyi (RegularFile, f571933bb948577b1f9f3076fb8fc7c6)
                          - taskscheduler.pyi (RegularFile, 98f62b3f8abbb76a45306d72db334113)
                      - win32con.pyi (RegularFile, 0c09acef56fb53dc2679878ee29e3733)
                      - win32console.pyi (RegularFile, dc6c36cdad4cc81fd4d251d604a4f8d8)
                      - win32cred.pyi (RegularFile, 7c75c093261aca71c630bb3f4248afd4)
                      - win32crypt.pyi (RegularFile, 2e2953d6fbb7911c44a3b354caa5ac6d)
                      - win32cryptcon.pyi (RegularFile, d2291dc4dd9db8800d7c1816d7aaf200)
                      - win32event.pyi (RegularFile, 441222eb1a601dcc5289875dcf2d7c89)
                      - win32evtlog.pyi (RegularFile, 9e448a835f845f619d7b56fc77a966d4)
                      - win32evtlogutil.pyi (RegularFile, 33b5bdf92379edf530f021aa27fec94a)
                      - win32file.pyi (RegularFile, 454cda6eff329fec30076655042f3e3f)
                      - win32gui.pyi (RegularFile, c628410e1abf5aef967403fb537285b2)
                      - win32gui_struct.pyi (RegularFile, 2cc8e93d30f7fd2a5a6e15be4a54e701)
                      - win32help.pyi (RegularFile, e2cd9c7771b5a856ca9b3800961a3406)
                      - win32inet.pyi (RegularFile, 301a538b97cd6c5eb468e4cebc8bb11d)
                      - win32inetcon.pyi (RegularFile, 96d6e5183fe76557703b96914485ead9)
                      - win32job.pyi (RegularFile, b8bf08ca8b52622abd755f035374a27e)
                      - win32lz.pyi (RegularFile, 54d0f799b3022fef5a537e2032d45781)
                      - win32net.pyi (RegularFile, 8cd8a3dc72ae63baec5cbae148da924c)
                      - win32netcon.pyi (RegularFile, 66db1f3f21d7dd198616a73f9a984817)
                      - win32pdh.pyi (RegularFile, 261ec573c1bf8bef9d8817d61c516bdc)
                      - win32pdhquery.pyi (RegularFile, f617df9332aaa284914778af5d5cc62e)
                      - win32pipe.pyi (RegularFile, 9ee41d53dd027046600a916bc8b485f2)
                      - win32print.pyi (RegularFile, 7b3b42406d07b97be28fd1caeb4ec903)
                      - win32process.pyi (RegularFile, 55413e6804e9cba496e77a0ae3ce84d0)
                      - win32profile.pyi (RegularFile, 5ae199e1098b1dc2a6fd73f8e860adbe)
                      - win32ras.pyi (RegularFile, d314c6303c3f5148c90d09a1bc22f285)
                      - win32security.pyi (RegularFile, e57a2b74d6c99d65fce1decf8115ea04)
                      - win32service.pyi (RegularFile, 5c8f4851c7c2263b3679259c6188912b)
                      - win32serviceutil.pyi (RegularFile, 46954cebe4bb9081ca6c744c15684b6f)
                      - win32timezone.pyi (RegularFile, 10468e1070d191a075230849188bdf3a)
                      - win32trace.pyi (RegularFile, 5bf98311b3714be80ab02b35f036619d)
                      - win32transaction.pyi (RegularFile, a6261f631c35c06cad83d994e5c2c5af)
                      - win32ts.pyi (RegularFile, e36e0c581724b8580a17949e5564b772)
                      - win32ui.pyi (RegularFile, ae479034f6669801517b6f542b838ba0)
                      - win32uiole.pyi (RegularFile, 426e5ed2ee9f08174c0c3a96d4cdf845)
                      - win32verstamp.pyi (RegularFile, 99aa4f7d6d81d50c84ccdd6a2e6e7171)
                      - win32wnet.pyi (RegularFile, 9ca01c3dd82f3d4fc58b7446f53d13ce)
                      - winerror.pyi (RegularFile, 2dead3d0095ef7cb38a499cd4eaaa21b)
                      - winioctlcon.pyi (RegularFile, df1f80e7148af97189375f9de951d32b)
                      - winnt.pyi (RegularFile, 9868d992b8f148e29db6954754aa3d9f)
                      - winperf.pyi (RegularFile, 3f2963cee6b4c5b8142fddebc32689cc)
                      - winxpgui.pyi (RegularFile, 43ceb9bf981fc6aeefd38ee013953bfa)
                      - winxptheme.pyi (RegularFile, 359b5ba909df7de724295a0dbca45432)
                    - pyxdg (Directory, eb028bf4849e4ccc749aee40f4b6e36f)
                      - @tests (Directory, 60355dad93449e93cfba5a434034da7a)
                        - stubtest_allowlist.txt (RegularFile, d09e7735595a4bedeabf4059ce44b72b)
                        - test_cases (Directory, 98f9538698ee081cca99d89483840699)
                          - check_IniFile.py (RegularFile, cddb6a7a18ed7d812fac13e817c77c93)
                      - METADATA.toml (RegularFile, aa97acbad7c1a5224798968aa2171e09)
                      - xdg (Directory, 7625cbd6dcc529be8535bb5af0463cc8)
                        - __init__.pyi (RegularFile, bdb51a1b23683f7ab75f9959834d92a4)
                        - BaseDirectory.pyi (RegularFile, 09ae6733650010dfd73688b45ed2c020)
                        - Config.pyi (RegularFile, d472ea4ac2dbda37515f5c8591e57578)
                        - DesktopEntry.pyi (RegularFile, 413e889a4a40fe7cb79b6fdf0b18ef4b)
                        - Exceptions.pyi (RegularFile, b4944352cc706c7cc63ed6aa27b8225d)
                        - IconTheme.pyi (RegularFile, d2e1d9fe1fc954f8c2b1eb9f5991bd83)
                        - IniFile.pyi (RegularFile, 9afe4c48c1c3a5d50d84672233845b73)
                        - Locale.pyi (RegularFile, ee95ad5ce4762df7b335fdd67295acc4)
                        - Menu.pyi (RegularFile, c2c283138b0d23947b146eec9e0ded80)
                        - MenuEditor.pyi (RegularFile, bcf6eca0dc680c0a439e45f7012f36b0)
                        - Mime.pyi (RegularFile, 71f0c2a170af5e3df93340bec81c5623)
                        - RecentFiles.pyi (RegularFile, 0bf25d8ecf1c3adbccea2dac85f40d0f)
                        - util.pyi (RegularFile, 981664ddc0df54f36db8fb7ce7c04f71)
                    - PyYAML (Directory, bfdd51b18dbfb9d7078d42475f165519)
                      - @tests (Directory, 11f732caef732b819ca1fb8922c087ca)
                        - stubtest_allowlist.txt (RegularFile, cef493e7174d1758db8b538aaba9d611)
                      - METADATA.toml (RegularFile, 6bb54d307b5213ad547461be80ff14f0)
                      - yaml (Directory, e76fcd965a86a1aa823522b65a7cb2e2)
                        - __init__.pyi (RegularFile, 8525a9b8d862d927ce103a25eb3f4e68)
                        - _yaml.pyi (RegularFile, ec126c40dc80b156cb0d0f4a3093b93e)
                        - composer.pyi (RegularFile, 952bd1e3dd3ea0de5cacdfe4b1bd6918)
                        - constructor.pyi (RegularFile, 33457e7eb1d97ff72b17acfcefa94d9a)
                        - cyaml.pyi (RegularFile, 3c4459982996b8b08f1d74fcae8baeee)
                        - dumper.pyi (RegularFile, 97b64da4cb73aa029aa83e122c8b32fc)
                        - emitter.pyi (RegularFile, c87e91c7cdcf8f9a65460abb25a2356c)
                        - error.pyi (RegularFile, 502018047e2a85e299c1b18b41613249)
                        - events.pyi (RegularFile, 3db3281310a800b4f5ffc2b6253f3d35)
                        - loader.pyi (RegularFile, 81aa4938bda3816ba155dfdf3532ddd7)
                        - nodes.pyi (RegularFile, 9c6aa06a25a01ff5aa986ee6b263e1af)
                        - parser.pyi (RegularFile, e5453a1b71ccff01c5fe080b683f47ad)
                        - reader.pyi (RegularFile, c07d4ff8b42c9842b3d663797024aa3d)
                        - representer.pyi (RegularFile, ab360c39ba6678bdd6492f44719d065e)
                        - resolver.pyi (RegularFile, e2903af39b582a74c6676277fb7f397f)
                        - scanner.pyi (RegularFile, 1b614370257b3268c4ddd4773e6615c6)
                        - serializer.pyi (RegularFile, 318fd3784a5baecf1946c1e0daa6c922)
                        - tokens.pyi (RegularFile, fe1527ad6add5c672efa1abc335ce93c)
                    - qrbill (Directory, 553ef455c88667200f272c254e96e855)
                      - @tests (Directory, 28429a4c7830cf097e2a9e96df3770d9)
                        - stubtest_allowlist.txt (RegularFile, 41eaf3a4238a1b7e3f94fdaa73b912f1)
                      - METADATA.toml (RegularFile, aa22404b1ff8d003b28f2f84af289742)
                      - qrbill (Directory, 15ff88d4b45076f3bd0a096445fd80e9)
                        - __init__.pyi (RegularFile, 1dadc99f43828258b37cce3576e6d248)
                        - bill.pyi (RegularFile, 174a30c21448b6ce9ddbc94eaa4cff0c)
                    - qrcode (Directory, 860c36b571cc9dabaa8ea143b3c3f681)
                      - @tests (Directory, 8039180a8e45a8f7e1e4f528ec089bbc)
                        - stubtest_allowlist.txt (RegularFile, 0293b103a013e08ae7eafec2c35ececc)
                      - METADATA.toml (RegularFile, 0340a843e4a441c5c5de6de9a82fde9c)
                      - qrcode (Directory, 76778b54a085469d997527ecaa8ca793)
                        - __init__.pyi (RegularFile, 02e0079c4b01dc089253aed99e6c870e)
                        - _types.pyi (RegularFile, 87655de86add11d0d4fb2d2e139da1f7)
                        - base.pyi (RegularFile, c0e75b541712384f4260816e629c2304)
                        - console_scripts.pyi (RegularFile, 4bf330ff07c4c2554eb52e9d2b9fb996)
                        - constants.pyi (RegularFile, 94bbad6864bfebff8088f99bf5a462d7)
                        - exceptions.pyi (RegularFile, 9f5942147d9ad50b48f3bd3f0632d69c)
                        - image (Directory, f5b713e28049002608c4d900add1cacd)
                          - __init__.pyi (RegularFile, f571933bb948577b1f9f3076fb8fc7c6)
                          - base.pyi (RegularFile, 91dcf6f68658be3cbbf2970dae38bea1)
                          - pil.pyi (RegularFile, bd1438f54853d902c22d6a60640c632a)
                          - pure.pyi (RegularFile, 98bc899f6c790f134714966026205565)
                          - styledpil.pyi (RegularFile, 88c67131509bfb9a0157919c325d8b34)
                          - styles (Directory, 090a24098817c371f3600580a984b73d)
                            - __init__.pyi (RegularFile, f571933bb948577b1f9f3076fb8fc7c6)
                            - colormasks.pyi (RegularFile, 48ae92cd08da2e38db9866170dcd8586)
                            - moduledrawers (Directory, b154544f17de1c3a00032c19d70309ea)
                              - __init__.pyi (RegularFile, 2b02f28e7a8f5c931d8d6547e532a5bd)
                              - base.pyi (RegularFile, c2b8566aa692ca5e58125a141a4e3d4f)
                              - pil.pyi (RegularFile, c164bbbb57f00b65208672508c6fae34)
                              - svg.pyi (RegularFile, d5f916b4ae13c6d5d14d8522fc7c3b86)
                          - svg.pyi (RegularFile, ecff9052174d3b6a6c602ed222018256)
                        - LUT.pyi (RegularFile, 36a905f6e565d3dbdfe64cc205899787)
                        - main.pyi (RegularFile, f12b040439848f01b1a85736098ac043)
                        - release.pyi (RegularFile, d04365151de903c226ecb9dbc6c12b91)
                        - util.pyi (RegularFile, 6fa1f0b6485259753e8969bd7b660127)
                    - ratelimit (Directory, bd68dce3344f40259950a07c683a7879)
                      - @tests (Directory, a529e448a46cabf1b82c74c914e3e198)
                        - stubtest_allowlist.txt (RegularFile, 33015b2bae227973fd53c44dba1c9d39)
                      - METADATA.toml (RegularFile, 7003c89ae279af5db8ed8518d0a5a08d)
                      - ratelimit (Directory, 546f36efc413045d29c1c798781d4e21)
                        - __init__.pyi (RegularFile, 7e5fc2df32a111c6533b713cbc1c49bb)
                        - decorators.pyi (RegularFile, c6725f1adee1c8e31751633bbc2b91ce)
                        - exception.pyi (RegularFile, 8695747183dbe316318f1727928b5dce)
                    - regex (Directory, 25950b003e6f9921e95a529684c1c409)
                      - @tests (Directory, 4f3660ced404a2c60f485588750cfa73)
                        - stubtest_allowlist.txt (RegularFile, dbf74efbbabcafe72b6307cd740aeb61)
                        - test_cases (Directory, 75bca0c43ad9e443e057fe4d34ce0661)
                          - check_finditer.py (RegularFile, 3f4710723065451310f4ac9a6ca6f970)
                      - METADATA.toml (RegularFile, 897f347b4f1b201f69d0bfb196b3f4da)
                      - regex (Directory, a120919c9d722764b42daf248db290bb)
                        - __init__.pyi (RegularFile, e8da05c4ba0725633e42deb7e3097708)
                        - _regex.pyi (RegularFile, 2398fbd3eefdee96057cc4a0f345d0d3)
                        - _regex_core.pyi (RegularFile, bb4d3883d66096a6505f1d5da3978987)
                        - regex.pyi (RegularFile, b5c4e1abef176242f681901e89827455)
                    - reportlab (Directory, 424228fc2a6445187a68bf36a8e5a48c)
                      - @tests (Directory, 0b601b116f0d8b2a8e49010129d73acd)
                        - stubtest_allowlist.txt (RegularFile, 6618aae94dca7217cb4c4be9580164ba)
                        - test_cases (Directory, ca1feda982c844ebcf23b2ecb73ac978)
                          - check_tables.py (RegularFile, deb724baec4f7f39933b361a0c965aa2)
                      - METADATA.toml (RegularFile, 91a268a8fb98abc3e625265f3f3737b8)
                      - reportlab (Directory, 42683e69e1583279b46acbbd5f5e771a)
                        - __init__.pyi (RegularFile, 2cc89f40d81de6ec93ee2ad2e6692a8d)
                        - graphics (Directory, 51715a10415e8602eaa49a08d252ae21)
                          - __init__.pyi (RegularFile, 6f88e240fab11c80c2e55f98c5de9c42)
                          - barcode (Directory, 15db221034f681a93e3311478356b518)
                            - __init__.pyi (RegularFile, 88b032b333e8173363fe039f60f8d0a1)
                            - code128.pyi (RegularFile, 77650eefd735de6caa73e5306fab03e0)
                            - code39.pyi (RegularFile, e8254aee2f67002548338726979c1666)
                            - code93.pyi (RegularFile, d49ee694bd59c0efe4b7a43a5594ca83)
                            - common.pyi (RegularFile, eed93ff91820f8414d1bfe0b6c2bf1d1)
                            - dmtx.pyi (RegularFile, 3ee0c64b6e7a9da0cd166338737cec1d)
                            - eanbc.pyi (RegularFile, 3f1e99c6f988de8ad7d498b9125c0587)
                            - ecc200datamatrix.pyi (RegularFile, 095bd632df08baf5cecf274541300cf1)
                            - fourstate.pyi (RegularFile, f571933bb948577b1f9f3076fb8fc7c6)
                            - lto.pyi (RegularFile, b66dc47696f9456e8d5a23f251a9bc1e)
                            - qr.pyi (RegularFile, 3f64b278401f726fedbd88ffaa839d14)
                            - qrencoder.pyi (RegularFile, 611afc4a286199a91cad57bb44cc9635)
                            - usps.pyi (RegularFile, 6aef5222fe31abdd2821c13b519355ed)
                            - usps4s.pyi (RegularFile, 9fc92a89c9c94aee3b09380ecebdcdf7)
                            - widgets.pyi (RegularFile, 36365ed43ac5443b426006d03b2610dd)
                          - charts (Directory, 1d8926acfcf763707094c1c7206a7819)
                            - __init__.pyi (RegularFile, 6f88e240fab11c80c2e55f98c5de9c42)
                            - areas.pyi (RegularFile, f9bdb003fa3ed11b5d5cb1e9037b5872)
                            - axes.pyi (RegularFile, 5e1b8b57f886d97ea93324bd54113cef)
                            - barcharts.pyi (RegularFile, d5b0d51aabedd5845c946d7628c5853c)
                            - dotbox.pyi (RegularFile, e02f2dfa03a61f9ca2d1113fb1b7af07)
                            - doughnut.pyi (RegularFile, 70b747d0e614ef1ff41c98fa873cd36b)
                            - legends.pyi (RegularFile, b1b694130a60f10e3d2783d170cfd7a1)
                            - linecharts.pyi (RegularFile, 57e869410965057db3bb5b172e0b73b8)
                            - lineplots.pyi (RegularFile, 36bae889d7bcd698e0d38c3b4d245e4a)
                            - markers.pyi (RegularFile, ad019cc1f8c9f5e56c6e510da4e0f24a)
                            - piecharts.pyi (RegularFile, c48eea558209f3aff5c106118d06d966)
                            - slidebox.pyi (RegularFile, af2961a5040c05952181b69eef1d9b62)
                            - spider.pyi (RegularFile, 0330e5d7c9e3a47765538bdfeb797e0b)
                            - textlabels.pyi (RegularFile, 511b249acdeca89c7802ecdecc7b335b)
                            - utils.pyi (RegularFile, 7722883b9fc331f221d3c9d201b19496)
                            - utils3d.pyi (RegularFile, c568b6e21824759d7fbd6c1de97c2d8e)
                          - renderbase.pyi (RegularFile, cd9887b838276b1f31b040557ed42383)
                          - renderPDF.pyi (RegularFile, 13b4833bca8e80b9b33d853b20b668bf)
                          - renderPM.pyi (RegularFile, 65e8f169e3213281314103a80baae510)
                          - renderPS.pyi (RegularFile, 2aac5b818a59af56e217ac584b3ec907)
                          - renderSVG.pyi (RegularFile, 064a67999862f6088079302d2901d85a)
                          - samples (Directory, 7828b0f28b3e2c2687c9be00c7478163)
                            - __init__.pyi (RegularFile, f571933bb948577b1f9f3076fb8fc7c6)
                            - bubble.pyi (RegularFile, 37395c87e2dd2710037ea7b2a676528d)
                            - clustered_bar.pyi (RegularFile, 893f7b2ff038ae29daa68d25c4ca779c)
                            - clustered_column.pyi (RegularFile, 682180aa74c2b109538a2dbd1b7c0853)
                            - excelcolors.pyi (RegularFile, bc59558dea8e59374916c80bef8eeb69)
                            - exploded_pie.pyi (RegularFile, a9263cbcb50d0d53c53b4de99fe22a7e)
                            - filled_radar.pyi (RegularFile, f5c122c40c9ddee124e35fc2d6f10a80)
                            - line_chart.pyi (RegularFile, 7013a715819f66e995b3ffc2cd536b6f)
                            - linechart_with_markers.pyi (RegularFile, f642346dde06d2e217085e9cafcbcbde)
                            - radar.pyi (RegularFile, 47991c92d33d5cdc8422e43ca419351f)
                            - runall.pyi (RegularFile, ffdf0320786230e2a0712f492e3d339c)
                            - scatter.pyi (RegularFile, 010793ace87672700b3d7a5a5d98f3ab)
                            - scatter_lines.pyi (RegularFile, fa1b9f1fe13405942dfd7204aa21c267)
                            - scatter_lines_markers.pyi (RegularFile, f2026eec8060febfd1c3525845f0af85)
                            - simple_pie.pyi (RegularFile, fc2f8e40f23bd823a4c11f118c031fad)
                            - stacked_bar.pyi (RegularFile, 29560731cc18bc053fa12bba41a0c953)
                            - stacked_column.pyi (RegularFile, d2c867ddc273ebf2b1b81fd6750e5849)
                          - shapes.pyi (RegularFile, cad0a88c96dffaf79cb42fe3edd75381)
                          - svgpath.pyi (RegularFile, de1b6e6a86651b395e9847d984351c79)
                          - transform.pyi (RegularFile, d3056f5d8064af88577dc8cecdfae2c1)
                          - utils.pyi (RegularFile, 6fe7938c745e1a5784fff3dd28d627a5)
                          - widgetbase.pyi (RegularFile, 340f266841eb827d2eaf997c5e39a49d)
                          - widgets (Directory, fe180fa422d65d5053947d4abc7f1a5f)
                            - __init__.pyi (RegularFile, 6f88e240fab11c80c2e55f98c5de9c42)
                            - adjustableArrow.pyi (RegularFile, fe591472c49ae2f2af55b2d764e0813e)
                            - eventcal.pyi (RegularFile, 8641b01c51d27ca744c50b41bf0df68e)
                            - flags.pyi (RegularFile, 71517c594778f77ac47589233def1aff)
                            - grids.pyi (RegularFile, 4ac31f3dae0ccd0fb15de10b2a6d1271)
                            - markers.pyi (RegularFile, e5f70ec22433c120b80a39acd53e02d3)
                            - signsandsymbols.pyi (RegularFile, 5d15a67f71d8fbd5c106ca6293f564e4)
                            - table.pyi (RegularFile, e29005bc63ebc6fcc3056dfc6427956f)
                        - lib (Directory, 68784fbcd856c5b1192e63768b0cc0c1)
                          - __init__.pyi (RegularFile, 86dd1e290f8552ebf328fea240290730)
                          - abag.pyi (RegularFile, 76b9df66ff571770999e35306eda897e)
                          - arciv.pyi (RegularFile, 138eb2664fafa98d43a3c7be5d27b5a1)
                          - attrmap.pyi (RegularFile, 3716588b9a56e4268fef5a8818cc89b1)
                          - boxstuff.pyi (RegularFile, 5c0aaecc4f92b7a12f22a5cb8a967874)
                          - codecharts.pyi (RegularFile, 67aca6ec570a29687e895084cd795949)
                          - colors.pyi (RegularFile, 5ec3e2b9bfa8259b7de2daa70b0c5414)
                          - corp.pyi (RegularFile, bdfe4245110e57f89d4a7876ee7932f7)
                          - enums.pyi (RegularFile, ebd30dd18a609a5b08e0fb40d747f08c)
                          - extformat.pyi (RegularFile, 0a6954d9d6e94266e0066b3b78fe2f8e)
                          - fontfinder.pyi (RegularFile, 9b283c845e842b32081874cdf70edecc)
                          - fonts.pyi (RegularFile, 56358aeca6d7e97be61dd2fb2dca15bb)
                          - formatters.pyi (RegularFile, 09843ca74dc6b99fac4c0f941cec8dfd)
                          - geomutils.pyi (RegularFile, 5879b8935d2e962a0a0aa3694191f276)
                          - logger.pyi (RegularFile, 54a1ad73090a460815641eb72e269724)
                          - normalDate.pyi (RegularFile, 2d5d5022940c4197ffa3ecde67a8b2aa)
                          - pagesizes.pyi (RegularFile, 8881e707e53c40123b646cb91391488f)
                          - pdfencrypt.pyi (RegularFile, 993d6b6c95de1f9bf39bc08dcd8b1671)
                          - PyFontify.pyi (RegularFile, 0bc465f15e7b494d3280049458fcfbb6)
                          - pygments2xpre.pyi (RegularFile, 333fed9b6dae50860aaa770e159fcf96)
                          - randomtext.pyi (RegularFile, 17c088abaea7e3c8b709797c94f07c55)
                          - rl_accel.pyi (RegularFile, 68dfdb6fdffdc3974059b95c2739da85)
                          - rl_safe_eval.pyi (RegularFile, ea6f56da6d038394ca0f3165f2f35e15)
                          - rltempfile.pyi (RegularFile, 99ab3c55b5768c505ca9b79487f317e3)
                          - rparsexml.pyi (RegularFile, 762dd4901ab6c4baac6ee42a297e82ff)
                          - sequencer.pyi (RegularFile, e20b41bf99ad48f296fdfc0496303977)
                          - styles.pyi (RegularFile, e2dfe9edc5cccba4b756afd269252498)
                          - testutils.pyi (RegularFile, 240b5bbd06a5bde75087231aab6e1231)
                          - textsplit.pyi (RegularFile, 3750d5359d88324e7d1242dc4d60e961)
                          - units.pyi (RegularFile, 6d5f93ea4c30ecc207d3a00b61f76ff2)
                          - utils.pyi (RegularFile, 9480be9721ffa27aeb5b01f4e50dde67)
                          - validators.pyi (RegularFile, 4c28e5684b69e5617c36e7b68ba4126d)
                          - yaml.pyi (RegularFile, 2e296ac5e9f16069b5a848a37b30ea12)
                        - pdfbase (Directory, 67b20c1d9122fbfed9aa904d0776e130)
                          - __init__.pyi (RegularFile, 6f88e240fab11c80c2e55f98c5de9c42)
                          - acroform.pyi (RegularFile, 39308fc60651439aae89b6c294ff5d10)
                          - cidfonts.pyi (RegularFile, febc018c2f41b357b544ad6e62fd7394)
                          - pdfdoc.pyi (RegularFile, a8e589f9a0ca7e3c1dbef748bff2a312)
                          - pdfform.pyi (RegularFile, 998754958c72e5c9ee1d6c11e94ee9be)
                          - pdfmetrics.pyi (RegularFile, bce5d6ccf423b05c039a3affdbc8282b)
                          - pdfpattern.pyi (RegularFile, 6199ea05d28fa8f89a40fff86d699443)
                          - pdfutils.pyi (RegularFile, 5fb9b22d432786f974d7768f6f61d676)
                          - rl_codecs.pyi (RegularFile, fa6d8ab0233ed75fb02eb3522adb728f)
                          - ttfonts.pyi (RegularFile, 129385f532502a3de721d95c8628c3e4)
                        - pdfgen (Directory, 80dd87caf64c3783a77fe3bd9a9ca8fd)
                          - __init__.pyi (RegularFile, 6f88e240fab11c80c2e55f98c5de9c42)
                          - canvas.pyi (RegularFile, 13437d86ff86fe8f5b89a20c5aa80479)
                          - pathobject.pyi (RegularFile, 61b1be73da08f912b43dcbfebd6c91a6)
                          - pdfgeom.pyi (RegularFile, 0bf5e21e4228b57f67a9f2eac437d587)
                          - pdfimages.pyi (RegularFile, 46668a1d074e81da9367d83c3827e108)
                          - textobject.pyi (RegularFile, ded10cdc013fee8eb875e6208ae7810e)
                        - platypus (Directory, 83c8f91cf203d0bf6d2df70bba2c762c)
                          - __init__.pyi (RegularFile, fa62d296912fa7ee9b4101a565b68b4c)
                          - doctemplate.pyi (RegularFile, dd70be406144e06c997e13edc2ca31e3)
                          - figures.pyi (RegularFile, 8c855615ee75cdd327f6432cb36ecb26)
                          - flowables.pyi (RegularFile, 573ec53d3828529aee827011aeed02ab)
                          - frames.pyi (RegularFile, a773113d92904f1cecc4af13e21c640c)
                          - multicol.pyi (RegularFile, 06255b22f3c8fb9b99aa43bd239ff092)
                          - para.pyi (RegularFile, 96ee3c1d19163d09ed0f2694edd4ade4)
                          - paragraph.pyi (RegularFile, 8ad218f571db5b5ec24fa83a9e6e97a3)
                          - paraparser.pyi (RegularFile, e3e5b7f25fc2dcf1733be4284719163a)
                          - tableofcontents.pyi (RegularFile, 09668707b914f4991667ee68115a11ee)
                          - tables.pyi (RegularFile, e291fa3a7cc35cd21f1134f9c517685b)
                          - xpreformatted.pyi (RegularFile, 2babb57876d114171656646d8a211faf)
                        - rl_config.pyi (RegularFile, 2edbb09261ba37f1ab1553563b08cd2b)
                        - rl_settings.pyi (RegularFile, 29b38fd453d367b89b92169a94323d62)
                    - requests (Directory, 0f66f969d82c385d981aaf5f7759be12)
                      - @tests (Directory, c64b63eef241ad6cb8342e3da069f700)
                        - stubtest_allowlist.txt (RegularFile, c9f2c635312e67efe28223388430fc08)
                        - test_cases (Directory, 11ed929b231d38efeb114948a6cd6eaa)
                          - check_post.py (RegularFile, c3c498bc6f4e7ae8260a3ca1eb39e85f)
                      - METADATA.toml (RegularFile, 79bfda33aa2f7ed59d183cdfd4b8765e)
                      - requests (Directory, 8a1095214a197e3c4dcf91f469c9f59a)
                        - __init__.pyi (RegularFile, 4e9de63ff3b5d677f7367a894c8e26db)
                        - __version__.pyi (RegularFile, edb6371b7541a5e6c900eac7bae1260c)
                        - adapters.pyi (RegularFile, a103c40eac88848fce7852bb50a9f84b)
                        - api.pyi (RegularFile, ba80e4708c45db9b0b1ef984c38b67a3)
                        - auth.pyi (RegularFile, e33f02826023e6f73c12f11e881c4eea)
                        - certs.pyi (RegularFile, 717f23972a4d71ef856f90dc861a599f)
                        - compat.pyi (RegularFile, 3610459a7805a6abef321938f89af90f)
                        - cookies.pyi (RegularFile, 92bfa4e4087ff913aa15d34c3596f352)
                        - exceptions.pyi (RegularFile, 453cc1994482ce44ac81566e68e597bc)
                        - help.pyi (RegularFile, 256ea3e6ae2687f1e99a6d792bda2df8)
                        - hooks.pyi (RegularFile, 015aa883e6b58846d88d24e5a2abd4c3)
                        - models.pyi (RegularFile, a359f0bf6528638d16c25ca1b11bd214)
                        - packages.pyi (RegularFile, 802428414d9a448d79ebdb3bb52770c5)
                        - sessions.pyi (RegularFile, 6c7a62a6ced64df32982204d9cc6f7a4)
                        - status_codes.pyi (RegularFile, aa0ca7f3cddcf7bc5fa55eaa238ba810)
                        - structures.pyi (RegularFile, e584721c43d7b017d5a4f8cc60f30cc0)
                        - utils.pyi (RegularFile, cb9ef1f7196098ece0436b8082736930)
                    - requests-oauthlib (Directory, c19c42fcac9f9cb3bde9890de10cffa7)
                      - METADATA.toml (RegularFile, cf39836d5aeeee71ce7f192c077c2904)
                      - requests_oauthlib (Directory, 81d78a721f82a1831078d119fc581cbc)
                        - __init__.pyi (RegularFile, d330c476033c7299a3f5a0e1beb7cd23)
                        - compliance_fixes (Directory, 8424698f186610f9ff6e979902d714cb)
                          - __init__.pyi (RegularFile, ff8eb9b546cb06c0af6f4500d565c20b)
                          - douban.pyi (RegularFile, 1bc890c1c927b1ff45e8f6496d569e41)
                          - ebay.pyi (RegularFile, b1b6a80fcafe123ac4ae2bcb2fc76087)
                          - facebook.pyi (RegularFile, 747800e1ddce4cb9a5407e344b204b3d)
                          - fitbit.pyi (RegularFile, e1316d6168688e5172abbcd58acf1e09)
                          - instagram.pyi (RegularFile, d4b7853030ac5cdff1210ef52920c53a)
                          - mailchimp.pyi (RegularFile, 090025c7c93ec9213f65dd8c920d8fd6)
                          - plentymarkets.pyi (RegularFile, 0850e290972f99a2a44aefd84d1894f8)
                          - slack.pyi (RegularFile, 35ac45912f5e6d38619d6e84e333128e)
                          - weibo.pyi (RegularFile, c72ad62a997f90fd62c28390344f4b52)
                        - oauth1_auth.pyi (RegularFile, 8869361cf9868e119955edc2704ccf20)
                        - oauth1_session.pyi (RegularFile, 6791b7761d0f155a8e781e7b14463677)
                        - oauth2_auth.pyi (RegularFile, f136738ec9a5b30de85d88c5c072d7c1)
                        - oauth2_session.pyi (RegularFile, 36a03c079a05e266b60532707a298e4f)
                    - retry (Directory, aff73ea44e984302f90188a83568e2f5)
                      - @tests (Directory, 7e5a61e19512b1dfd10d11947e13c454)
                        - stubtest_allowlist.txt (RegularFile, f7f686d7fd66c75fee564475f8f3e3e5)
                      - METADATA.toml (RegularFile, d60e013c962ab36daa34c6beffc6b2f0)
                      - retry (Directory, bd2c3b5b70596636e3ca0542a3091f1c)
                        - __init__.pyi (RegularFile, 93fa3000a483f502d2507efcbc927118)
                        - api.pyi (RegularFile, ea69e3c5ecf9d98a4211914af34a88c5)
                    - rfc3339-validator (Directory, 2d2e96f08deb240706b6ffb1096864a0)
                      - METADATA.toml (RegularFile, b9a44bae716b6bcb9fc7983127064f90)
                      - rfc3339_validator.pyi (RegularFile, 635905d5b04946ff9667a87d7f12ab16)
                    - RPi.GPIO (Directory, 8b89e587f6a9ee99eaecbaa86d48bcef)
                      - METADATA.toml (RegularFile, 8030995ac70517d9dc102939bf9d941d)
                      - RPi (Directory, 9cc554a21be4f3a8faed4f954ead12e5)
                        - __init__.pyi (RegularFile, f571933bb948577b1f9f3076fb8fc7c6)
                        - GPIO (Directory, 6bfc22c048c0d12b9f49db679e3b1b97)
                          - __init__.pyi (RegularFile, 63138ebb57a2dca2b48bfd5d7a1c878e)
                    - s2clientprotocol (Directory, d538a7362fa2a45248a4c4f122cd97c1)
                      - @tests (Directory, 162ac46fa8c940edb7a7475965e62893)
                        - stubtest_allowlist.txt (RegularFile, 1f8bbdc42bdeddcee587240a3f37d43c)
                      - METADATA.toml (RegularFile, a4bb3da5dbd73c0e6f69d10d2ed70db9)
                      - s2clientprotocol (Directory, e33754cf17389094b50787afb1ec2ceb)
                        - build.pyi (RegularFile, 7e74ef874041f787efcb28d116850b82)
                        - common_pb2.pyi (RegularFile, f04df52bc15cc1949d259e05e396ded0)
                        - data_pb2.pyi (RegularFile, f3b5ac050a033ecb8b30763dc6ee03b0)
                        - debug_pb2.pyi (RegularFile, 0dd785f03f8d1266778ec5b8f44fecbb)
                        - error_pb2.pyi (RegularFile, 97950b71707e9ec334d0d3e475f5bccc)
                        - query_pb2.pyi (RegularFile, b13567637b57517bc8646b597845ef46)
                        - raw_pb2.pyi (RegularFile, 2aa77d68eaba1306758db1a72954a18d)
                        - sc2api_pb2.pyi (RegularFile, 31facd8fe557df08d6247ef1a57f6dbf)
                        - score_pb2.pyi (RegularFile, 6d61bd2e3de3393039c3abafc7ed14b0)
                        - spatial_pb2.pyi (RegularFile, c0a97bd980cf12645392016f57fc170b)
                        - ui_pb2.pyi (RegularFile, dcb701b49dbdd1e8f97d645ec713ebf2)
                    - seaborn (Directory, 89ab08d2529150fdc4454863014ad6b7)
                      - @tests (Directory, 97f55b2a3887c75e67ac844add123259)
                        - stubtest_allowlist.txt (RegularFile, 1b0361639e7e49c9d009841c6db1a067)
                      - METADATA.toml (RegularFile, 3ca3ef326657ed1ee2666e5980d5c726)
                      - seaborn (Directory, a26991969234b0a602f53d30234fa7e8)
                        - __init__.pyi (RegularFile, 59d2e331969b5e1926b10fa4afcbb2f1)
                        - _core (Directory, 3e563267a3606ccb993cc04b21a659fa)
                          - __init__.pyi (RegularFile, f571933bb948577b1f9f3076fb8fc7c6)
                          - data.pyi (RegularFile, 31a7ba6da44a9e856319f6fc5b76bc0f)
                          - exceptions.pyi (RegularFile, c9110c6f903966b4ce0967c0dd4d04cb)
                          - groupby.pyi (RegularFile, bffe30fe45c24eaa7f2d1dadc5b4ad3b)
                          - moves.pyi (RegularFile, 39533e21341fcb833dd5140d8fd786f0)
                          - plot.pyi (RegularFile, 02d53a05b6762721461426dec2f9bb70)
                          - properties.pyi (RegularFile, 8fe4a8249b01216286d079e5275d1cf4)
                          - rules.pyi (RegularFile, 941284574f9fa95f3caaef412c532b0f)
                          - scales.pyi (RegularFile, 11e56689c28ce6d5cacb84b1b172c4fd)
                          - subplots.pyi (RegularFile, 2d1e679eea002616eec857768689ceec)
                          - typing.pyi (RegularFile, 4d59d6fcdc419072fd01a6df331e8000)
                        - _marks (Directory, e1af099c0e96f7d7de72c681a4f0fbb0)
                          - __init__.pyi (RegularFile, f571933bb948577b1f9f3076fb8fc7c6)
                          - area.pyi (RegularFile, 1c338211f6452d55f96504d943f18118)
                          - bar.pyi (RegularFile, f76337ced343cde452e0befcc9a598a4)
                          - base.pyi (RegularFile, 7e60ad654658e8dc768af123a5d21328)
                          - dot.pyi (RegularFile, 6e33948314f98473f23f1ae7ac837dcd)
                          - line.pyi (RegularFile, 53a3d83cdb819c1eb750700ee7184a89)
                          - text.pyi (RegularFile, c922390623faf7e83dcc461b535affe2)
                        - _stats (Directory, 7b8563da78c8a50c99b765ac4edf4c43)
                          - __init__.pyi (RegularFile, f571933bb948577b1f9f3076fb8fc7c6)
                          - aggregation.pyi (RegularFile, e5a6248b457c6fe3edd740f50a36c435)
                          - base.pyi (RegularFile, 6bf442ad6332c67f7c8dc091b22a0f96)
                          - counting.pyi (RegularFile, b0adda3daeda63961b09bf2b623df58e)
                          - density.pyi (RegularFile, d66ce2319cb65df8656f39975fc340ca)
                          - order.pyi (RegularFile, b2449b0d85f9b3dd56716a706d44c3e4)
                          - regression.pyi (RegularFile, 0eab8c6f29d674d02de42492c2885924)
                        - algorithms.pyi (RegularFile, c874887c2b0465714a82a388bd06d792)
                        - axisgrid.pyi (RegularFile, 51d03cd8f7f4a9845793e3aa81ba69e9)
                        - categorical.pyi (RegularFile, 3624029ab21a7c3ff05df64c3f2dc11c)
                        - cm.pyi (RegularFile, 77c33b764b3c1274882801edb8307bab)
                        - colors (Directory, a1bc46fdea1deac6fb78f69e9190181e)
                          - __init__.pyi (RegularFile, 9062e8e5c7068f89d720b5347afb8992)
                          - crayons.pyi (RegularFile, ccfe2f71672c4db7909a935d3a2d0485)
                          - xkcd_rgb.pyi (RegularFile, 6c1d0ec966865b3068d7d2cbd94da927)
                        - distributions.pyi (RegularFile, dbf2cb010c067b5897a2c410821d4975)
                        - external (Directory, 4381c7ea24f1c9af9d24d6c806cdcca0)
                          - __init__.pyi (RegularFile, f571933bb948577b1f9f3076fb8fc7c6)
                          - appdirs.pyi (RegularFile, b5807d5697055b516b5b44c4866299cc)
                          - docscrape.pyi (RegularFile, 75772bc50422a8dc38838b08211739d1)
                          - husl.pyi (RegularFile, 34cbbfd06a32afc3b221cf0864c65d59)
                          - kde.pyi (RegularFile, 037b9147189387145fa6c07fd3539398)
                          - version.pyi (RegularFile, 544cdbf21e6caf21840f1faaf2199eb1)
                        - matrix.pyi (RegularFile, a74adf3ed39c0630a087cf4b0e280231)
                        - miscplot.pyi (RegularFile, 82cc582e79a58fb106275dc3a0a1f154)
                        - objects.pyi (RegularFile, b9ecfb3e98827ab61fa2b71adad30676)
                        - palettes.pyi (RegularFile, 31545abc8b239ea08660fb67d3294235)
                        - rcmod.pyi (RegularFile, 3e47fa8684962728c3e26fc6ff79facd)
                        - regression.pyi (RegularFile, 411d4b1b982d1f264973c620a7ee2f53)
                        - relational.pyi (RegularFile, 24eb149d7fb40612d378235cd8373441)
                        - utils.pyi (RegularFile, 3d9809a21292ac1f823eef5c7abae62f)
                        - widgets.pyi (RegularFile, 7f60c79614db2b6e30624749c9dd1de5)
                    - Send2Trash (Directory, 6ab9d5247f60e0b16ccaac37412d5192)
                      - @tests (Directory, 64f6c94a6797bad20d67e8d387fbdd71)
                        - stubtest_allowlist.txt (RegularFile, 109e89ba2e679c4badfd9bc43fcf5abd)
                      - METADATA.toml (RegularFile, 77473af83067d5fd226c01a562396bf3)
                      - send2trash (Directory, e0bd2acc9a7a9f1c71beca9de79374c4)
                        - __init__.pyi (RegularFile, 0df746f1d3b33462e05bbf315bc9e973)
                        - __main__.pyi (RegularFile, b349bb6d9d79de24b942815ea5073572)
                        - exceptions.pyi (RegularFile, 87b97dc9fe48b800d71649106e456559)
                        - util.pyi (RegularFile, 5466893bdae11417f42428c369f8ecd5)
                    - setuptools (Directory, 741cad71cacaa44c6c8fbad1b3f522e8)
                      - @tests (Directory, f41972211ddcf8dad2015558e111195e)
                        - stubtest_allowlist.txt (RegularFile, 7931d50f3477f4b8d85be3c0ffd95985)
                        - test_cases (Directory, 32f5eb2172cef65b41baeb6a448508a1)
                          - check_distutils.py (RegularFile, f265ddf52cc84bc59bc27f0f8d23b074)
                          - check_extension.py (RegularFile, e63ce4b96a36b76d2907e3c22367b8e3)
                          - check_protocols.py (RegularFile, 790177aae4a7d5cf0560ebedba48a570)
                      - distutils (Directory, da40c7786ea35478d4124f15ecb7865e)
                        - __init__.pyi (RegularFile, 6f88e240fab11c80c2e55f98c5de9c42)
                        - _modified.pyi (RegularFile, 756c753d71129170df011f604a7c79ab)
                        - _msvccompiler.pyi (RegularFile, b09d45d226faca6d66922fee499767dd)
                        - archive_util.pyi (RegularFile, 28a47d1410b3f032a7be8b903b787e82)
                        - ccompiler.pyi (RegularFile, f7f83f803d3ba2bccb6fe367a270ae30)
                        - cmd.pyi (RegularFile, a9e612c180d2eac5e4e91bedd332ee7c)
                        - command (Directory, 2828ccf41c7bbf7462e7c857ceb5528d)
                          - __init__.pyi (RegularFile, 5db28ad92d090a321aef9e3ccf01650e)
                          - bdist.pyi (RegularFile, cd9e570f7876f8a797f5439be5f9d4ac)
                          - bdist_rpm.pyi (RegularFile, 4961872987738b755c75c17416ee1f1d)
                          - build.pyi (RegularFile, 276fc5c7a9083024f85c6ab55cefebad)
                          - build_clib.pyi (RegularFile, f966b1acdbdd9258d9ac11b62615d3bc)
                          - build_ext.pyi (RegularFile, 8adb124ba544f985be4aa1b6024e2d66)
                          - build_py.pyi (RegularFile, 26b7569144d0697f5d4e89d59cae8444)
                          - install.pyi (RegularFile, f45018642d1044ce00ba3a47304e62ff)
                          - install_data.pyi (RegularFile, 50b10ad0f062e8e70a15985390524f47)
                          - install_lib.pyi (RegularFile, 3523440c59edf50b8faa9d12fae0f66b)
                          - install_scripts.pyi (RegularFile, dafbd20b1ba42fa73be4629e0c60a7c7)
                          - sdist.pyi (RegularFile, 9355288c0a6e3074451011334c32887f)
                        - compat (Directory, 35f4bf12dc1cc9e3e4bcaeb214822a18)
                          - __init__.pyi (RegularFile, a3b8391d76c47e4b1c2865668ccfcf20)
                        - compilers (Directory, efb48b0500fbc88a6dd4fed2ebfa1e59)
                          - C (Directory, 7c929eec6b0fc49baaeaae92f3a05612)
                            - base.pyi (RegularFile, 9ff5e04c86338402a67a529b9c4dd282)
                            - errors.pyi (RegularFile, f732c9a023f1e0c8669b2e5579030e3e)
                            - msvc.pyi (RegularFile, 4b2c788be0337c0c8b690d06a6c461b5)
                            - unix.pyi (RegularFile, 725d71921136a8244c787266f50aab43)
                        - dep_util.pyi (RegularFile, 45183dce2a321caf40bdf74967924b49)
                        - dist.pyi (RegularFile, ca6dab04cf6f4130ca7225f80ed66693)
                        - errors.pyi (RegularFile, 45285bc22fab5dff8238c4fcc91e4c73)
                        - extension.pyi (RegularFile, 21fc782f45a383f749f8c30cb712f3be)
                        - filelist.pyi (RegularFile, b01df6247c6db0736fed70d300810123)
                        - spawn.pyi (RegularFile, 774eee9ba7097cc95b608fd42df843c2)
                        - sysconfig.pyi (RegularFile, c5f25e97dfbabb6e4dcd24c9bc0a758c)
                        - unixccompiler.pyi (RegularFile, fa4850c1babf4a9af8cf94f066e68a17)
                        - util.pyi (RegularFile, 1f1d4331631411f763d2727525464f84)
                      - METADATA.toml (RegularFile, 8fb41db495214d4833fa4c9fe798db5c)
                      - setuptools (Directory, 123ea61ca0d84421b6ceb95b9e4808a8)
                        - __init__.pyi (RegularFile, 1ba034cd515b0e4c21f0b49686df9444)
                        - _distutils (Directory, d3086a41cbe57bb3230c7ed4ba999303)
                          - __init__.pyi (RegularFile, 6f88e240fab11c80c2e55f98c5de9c42)
                          - _modified.pyi (RegularFile, 96b17f2d7c08a7554eee7cf98872c8e8)
                          - _msvccompiler.pyi (RegularFile, 9b4f21ce155e02133cfd3ce1e1ed3fbf)
                          - archive_util.pyi (RegularFile, fdc47bf545d8ad628e07079757c1ff85)
                          - ccompiler.pyi (RegularFile, 77d8068575c71d77d5757528365a2d3d)
                          - cmd.pyi (RegularFile, 73476cb15b4e3e837d2f07b30dc573cf)
                          - command (Directory, 90533bfc00fcd1f5129967e790473e78)
                            - __init__.pyi (RegularFile, 905efcdd2ba4da4a411aa178ef4f2107)
                            - bdist.pyi (RegularFile, e32ff95c35c3cc368e174e07dd874f4f)
                            - bdist_rpm.pyi (RegularFile, 4bc309e46b74beb91c9be980dff31ce1)
                            - build.pyi (RegularFile, f5508c86c9a0d498f4b39dbf1eade2c5)
                            - build_clib.pyi (RegularFile, 2f951c5bcdb4a863226e08a2c0650081)
                            - build_ext.pyi (RegularFile, 7c520aa47e0b24163d043a232cbba9b7)
                            - build_py.pyi (RegularFile, e2979bca58bd934b2a6d60395c8e3f9d)
                            - install.pyi (RegularFile, 516f4bb2ad46e9bb5029205f0bda2fb4)
                            - install_data.pyi (RegularFile, e9f57da5b3b1b6b21a97e5fd19d562c9)
                            - install_lib.pyi (RegularFile, b8b75445c5d85bdc4aae26a5fed0eae5)
                            - install_scripts.pyi (RegularFile, c78ee9214a874f9d161f709bb94669a6)
                            - sdist.pyi (RegularFile, b0ce133465e7862af8d69c9439357fae)
                          - compat (Directory, 52cba090191d2545e493b9bb8499d6dd)
                            - __init__.pyi (RegularFile, edcee654f0be10612cac48a8f2a33b44)
                          - compilers (Directory, cf9a2f71f6bd9ec82e79159880d08bec)
                            - C (Directory, f3a1bbb209204af5b2647703603efa47)
                              - base.pyi (RegularFile, dac32a65b5cae32e6e25e2cbdd595f91)
                              - errors.pyi (RegularFile, 979c1d3eca10894ba863c5f973c5e80b)
                              - msvc.pyi (RegularFile, 577e5dfeab5c15b44bde496e6a89682d)
                              - unix.pyi (RegularFile, edd2f1f2881003f5852c3f2c67ed88ef)
                          - dep_util.pyi (RegularFile, 60afb5d640a771851787b372034a2902)
                          - dist.pyi (RegularFile, d1cd0a297b91b856310c227b732eed9c)
                          - errors.pyi (RegularFile, 7554a551d31edbede550d469368fafb0)
                          - extension.pyi (RegularFile, 92513474d9a8a62fea219ffbaa4bbc6c)
                          - filelist.pyi (RegularFile, 2af1b9f260a06215c38b6b8b55c1f1fa)
                          - spawn.pyi (RegularFile, 38834dfc999b34e46664aec2bc19f4b5)
                          - sysconfig.pyi (RegularFile, daa7e197a660ec8805302e7338bb1823)
                          - unixccompiler.pyi (RegularFile, b1549dc7d56b1dff7bdcdbdec29d6638)
                          - util.pyi (RegularFile, 022bf7fd7f2599d229dc73d8c9f22770)
                        - archive_util.pyi (RegularFile, 04f583c6ee776cf2c773dce45a4a9b13)
                        - build_meta.pyi (RegularFile, f2340d53454ce8203d7aebcd6481ccb6)
                        - command (Directory, 2db84aa910e400ed1db7272af48bbf93)
                          - __init__.pyi (RegularFile, f571933bb948577b1f9f3076fb8fc7c6)
                          - alias.pyi (RegularFile, e005105d48ee62ebf9be032b2654c60a)
                          - bdist_egg.pyi (RegularFile, dc1066972a209406a1d365445c9a3063)
                          - bdist_rpm.pyi (RegularFile, 1973060fc499f4e8ed25a66f249304a4)
                          - bdist_wheel.pyi (RegularFile, 953c84743277598698f25db95f68a707)
                          - build.pyi (RegularFile, 309ae9d7e1df3f3cd0c1619967d7c75f)
                          - build_clib.pyi (RegularFile, bd5301af4d2cab9c5431b98e066a848f)
                          - build_ext.pyi (RegularFile, 2a54f783534d64d0d800142120dc0fa6)
                          - build_py.pyi (RegularFile, 387bf49aa7d6150f90de6dc1d043b82d)
                          - develop.pyi (RegularFile, 3af1b912051952be7cbad7526f803daf)
                          - dist_info.pyi (RegularFile, a25ad7d3f07a38a61dd45a4b4d72c1b6)
                          - easy_install.pyi (RegularFile, 1d39bb879d4433ac103d5e151f8cc958)
                          - editable_wheel.pyi (RegularFile, bd60792412f059667379ff041e7866c8)
                          - egg_info.pyi (RegularFile, bd98606c5434daa670da67693cf015ed)
                          - install.pyi (RegularFile, 3c65d7845c1bdee0670660253ff30db1)
                          - install_egg_info.pyi (RegularFile, b88e216c2a1a2ccf6218aa37128c1177)
                          - install_lib.pyi (RegularFile, 74a5ea0ed227e155bcfb35795f9f6c07)
                          - install_scripts.pyi (RegularFile, c9aac078c3d61bc42533d7ee7885c379)
                          - rotate.pyi (RegularFile, 4a34fa6273bf3d50718eabfbf618dc75)
                          - saveopts.pyi (RegularFile, 51c894a9e7f22784f980df87c2f089df)
                          - sdist.pyi (RegularFile, bb46c348760e140de552fa7054289b12)
                          - setopt.pyi (RegularFile, befe273d2e9574db218145ce50ede019)
                          - test.pyi (RegularFile, 79f0b7b3a2cf7f9af91255bef3278da3)
                        - config (Directory, b6b64b077a74b8e3279b83d98c65aba9)
                          - __init__.pyi (RegularFile, d890e3f7d06094b123f0b35cd5d5a36e)
                          - expand.pyi (RegularFile, 59b3d87642d440fd25b166e40ae0eb78)
                          - pyprojecttoml.pyi (RegularFile, 90f287e9cdd2ca474660e6ceffd29b00)
                          - setupcfg.pyi (RegularFile, 6255f2442be145c051419a5888abab46)
                        - depends.pyi (RegularFile, 1328fe17c113a48c442e86b4749d06a3)
                        - discovery.pyi (RegularFile, 055257016d959dac13052ac3ad3e981e)
                        - dist.pyi (RegularFile, c011ed556d32738561a7a578047d2dc6)
                        - errors.pyi (RegularFile, ed55e276568df25205f36a0362a6d367)
                        - extension.pyi (RegularFile, 090cbbbb2632c3acb2061e89a4277b90)
                        - glob.pyi (RegularFile, 304d8e107406929361047f2457220bc8)
                        - installer.pyi (RegularFile, 2ed669dc95d66f7c3527b35eeb9a9ccc)
                        - launch.pyi (RegularFile, 1d4d1b5ff20f3dd03db6f60cefa07fc7)
                        - logging.pyi (RegularFile, 49288970b56eb5e3720dd29e7f28c0db)
                        - modified.pyi (RegularFile, 9edda3e50150f1797b8db44ff1a8c51b)
                        - monkey.pyi (RegularFile, c7c39d664c5aae7dccded9c0259a0b61)
                        - msvc.pyi (RegularFile, 801daee508a2e62411f12c80cc7685eb)
                        - namespaces.pyi (RegularFile, 4fed023394b459eafcf29c242ad4b237)
                        - unicode_utils.pyi (RegularFile, 52a18dc7c965ca032ef4280ecd2aee4c)
                        - version.pyi (RegularFile, 4f674eb8f556927c4aefa3c7c517cee5)
                        - warnings.pyi (RegularFile, e5d5896be70c2bc5474f5de48959b7e0)
                        - wheel.pyi (RegularFile, d9ec643e64ae410d01eaf889fb813651)
                        - windows_support.pyi (RegularFile, a825c75b285f93ee551631bc51aad1dc)
                    - shapely (Directory, 013094bb8dd281b0eb3fc308d3dae50e)
                      - @tests (Directory, 1edff51912914ef2aa523f15997cf031)
                        - stubtest_allowlist.txt (RegularFile, 90151997438f2f06ca57043c148bcdb8)
                      - METADATA.toml (RegularFile, f5ae108024548f9b273051c37005556c)
                      - shapely (Directory, 8f4cbea289402750b396288b14ab29a0)
                        - __init__.pyi (RegularFile, 7da7dc99b5f6f33096797a4491bd13e9)
                        - _coverage.pyi (RegularFile, 8c9e4e0e017f967a50ba2dffa9a512aa)
                        - _enum.pyi (RegularFile, 9bbac8e103b1be5266bd27dc18008bf1)
                        - _geometry.pyi (RegularFile, b94f07b7a088758c92e4e55a1241f20a)
                        - _ragged_array.pyi (RegularFile, c2447cfa8421bd094b21ea2709cf593a)
                        - _typing.pyi (RegularFile, 2fe4ee6f630d48722776c1f1c6526b5d)
                        - _version.pyi (RegularFile, a75d932219ba22955db023d231e1edb7)
                        - affinity.pyi (RegularFile, a1a7aaa069b5ddaa7699ff400d021499)
                        - algorithms (Directory, 48c30a69eb57f909e2ab0bf9784c83d8)
                          - __init__.pyi (RegularFile, f571933bb948577b1f9f3076fb8fc7c6)
                          - cga.pyi (RegularFile, 72c09a6d5aeb41215c132253dedc2e62)
                          - polylabel.pyi (RegularFile, fcd6effdb10f7877f9d5dc4d52277e5b)
                        - constructive.pyi (RegularFile, c2c40c04d209a561feb50677ef242e88)
                        - coordinates.pyi (RegularFile, 265a0a0d7ad4bec18d88d0c736eaab8e)
                        - coords.pyi (RegularFile, a30b606520649c7c7ebc6e00659db023)
                        - creation.pyi (RegularFile, b18c60ed141a416742d0c4ec01c12c2c)
                        - decorators.pyi (RegularFile, 232cc1b2f9362d4ea29635e9225ff026)
                        - errors.pyi (RegularFile, 4bb8b09996c664f9cbbdee9871608294)
                        - geometry (Directory, 47ed985e620daad0bdfd7509c8bbe11e)
                          - __init__.pyi (RegularFile, 1c6c31e09a99bb91cdf2ad6656ac8f3c)
                          - base.pyi (RegularFile, 39ea640be46655191e63fb4de7c34c53)
                          - collection.pyi (RegularFile, 9ae8ea0978fadc696667ce8ef62e19b5)
                          - geo.pyi (RegularFile, 73f0084ab483ce4205d19f7724ba7125)
                          - linestring.pyi (RegularFile, 3aa5dbf14803251d5f95bebdd1b855cc)
                          - multilinestring.pyi (RegularFile, 46b39c92c1de664a7ff751679da559bb)
                          - multipoint.pyi (RegularFile, d5e78abd7075b797fc95588932ded006)
                          - multipolygon.pyi (RegularFile, 13ec92704d24bcfa0ead5395ecec5f80)
                          - point.pyi (RegularFile, 9ba3bde83d28d629beffcdc2f38c9530)
                          - polygon.pyi (RegularFile, 114c682c2d473ecd1efac2423cc1ea0f)
                        - geos.pyi (RegularFile, 83aad76b50fe851a24cff2dcead0cf22)
                        - io.pyi (RegularFile, 4394cbb3a2b7a232e836c0bf03c941a1)
                        - lib.pyi (RegularFile, 57ea36db2bb81fcf6a3cf4425c2e26b5)
                        - linear.pyi (RegularFile, 87295b665f1fff0524980538fa10bc99)
                        - measurement.pyi (RegularFile, 167bd807d06f49665fd741e24427c6a7)
                        - ops.pyi (RegularFile, 8e6dd24a5de0a784c1af4c8790eb8cbc)
                        - plotting.pyi (RegularFile, 5cc98f5f8e61fb026b118a3869daa7ab)
                        - predicates.pyi (RegularFile, 6b5408860c2c71a99ab13d665a02cba6)
                        - prepared.pyi (RegularFile, f28cb59515c81fade7463ec5272e0973)
                        - set_operations.pyi (RegularFile, 1e9dfd8553e96a829d24f73dfe869ed2)
                        - speedups.pyi (RegularFile, cac2f848778eb0697bb6e40a8e015c29)
                        - strtree.pyi (RegularFile, f952991d9b2e915133b87d8bfaa3b375)
                        - testing.pyi (RegularFile, b6fd4bd25c2171222166d57b82bb62ce)
                        - validation.pyi (RegularFile, aecfd096208773831fdfff240fb652de)
                        - vectorized (Directory, 66712be68289a5289bdb11eb23d4439f)
                          - __init__.pyi (RegularFile, 98d7f78568758e4bb032df0972aa8c5c)
                        - wkb.pyi (RegularFile, eed096020f90a207839bf7956a23c7a8)
                        - wkt.pyi (RegularFile, 6cdb5f8153b6ab1f1db5c8587b061912)
                    - simplejson (Directory, a7becae7f9a74d8eff82fedc826f42a0)
                      - @tests (Directory, 8b2c729ee28b3a0e8508c8aff6eb8083)
                        - stubtest_allowlist.txt (RegularFile, 29863fceb20bc85d8bc80613103faca2)
                        - test_cases (Directory, c0fb17feeca2c068867bafd9a4a7f282)
                          - check_simplejson.py (RegularFile, 87283e106ca6ced635f3abef14abcb7d)
                      - METADATA.toml (RegularFile, 3f4239d418448caf0950620557b00b9d)
                      - simplejson (Directory, efa7b857e94a9bb7eaf78c0b34959588)
                        - __init__.pyi (RegularFile, 420e1aba20c2df776901074b796cfb33)
                        - decoder.pyi (RegularFile, bde78be698573bc28406e54af2424a92)
                        - encoder.pyi (RegularFile, 5a82cbc7b842518044e2675f91d2bc88)
                        - errors.pyi (RegularFile, bb9b1d2e3f08aa1498a4a27fe880b35b)
                        - raw_json.pyi (RegularFile, 9cb6b7ff1a1e13e8fbbfe8224dd5f690)
                        - scanner.pyi (RegularFile, 060f930d1ab1401a86f7761d0512d837)
                    - singledispatch (Directory, 429f00040b4cb1e7c8d590f3be25942d)
                      - METADATA.toml (RegularFile, 8407929ea0a6287fd4d5cec8435795ba)
                      - singledispatch.pyi (RegularFile, bfcf7ee26f7ded8ca91b5e863d2a4aac)
                    - six (Directory, 889c38edce08fc071aad23ee74af2234)
                      - @tests (Directory, 25e0e37cf7543e8d2649fdf8c1320d67)
                        - stubtest_allowlist.txt (RegularFile, 7625bb24a59abc008de1eed39fe3518e)
                      - METADATA.toml (RegularFile, 33ec3c349ac1df0dceb14d638d6e1f5f)
                      - six (Directory, 67842535ec16c70f4a55512b8cda8997)
                        - __init__.pyi (RegularFile, 2a63b97235992ccb2cf81ca1adad398d)
                        - moves (Directory, 6527c8e5320acd00023564df1eb6eb87)
                          - __init__.pyi (RegularFile, e4d1e8a595b7a12446ba226ce10a825c)
                          - _dummy_thread.pyi (RegularFile, 677d23f26fbaf137bef00b7659af0617)
                          - _thread.pyi (RegularFile, 677d23f26fbaf137bef00b7659af0617)
                          - BaseHTTPServer.pyi (RegularFile, 63da24fe4301980f822924122506f263)
                          - builtins.pyi (RegularFile, 526dc97c59a0bdc55845dd2ba6e37454)
                          - CGIHTTPServer.pyi (RegularFile, 63da24fe4301980f822924122506f263)
                          - collections_abc.pyi (RegularFile, 24942526c3ab715e2ab68dc88c2776d6)
                          - configparser.pyi (RegularFile, dc7123e8ff40300d1f2fc90be8e8e2eb)
                          - copyreg.pyi (RegularFile, c47f2cddd2ee3a6734a892069faae1f0)
                          - cPickle.pyi (RegularFile, 8067b8dfc99f778e619c80d5a44b90d3)
                          - email_mime_base.pyi (RegularFile, 1534625cbf9668b2d026a9fcf886f53e)
                          - email_mime_multipart.pyi (RegularFile, 80977c08217c73cb818636b8fb35b793)
                          - email_mime_nonmultipart.pyi (RegularFile, 229c30b5169ed4e3b4348d9ff02f51a1)
                          - email_mime_text.pyi (RegularFile, 6d91d2adfceacbe3112add28aee25dc5)
                          - html_entities.pyi (RegularFile, ae88eb01583dd23acc36dc2788bf207a)
                          - html_parser.pyi (RegularFile, 19acb5c595b7a48c0afc62c7c3a60c0b)
                          - http_client.pyi (RegularFile, 01c5e7236b89298fce4d45411825ffa6)
                          - http_cookiejar.pyi (RegularFile, 514e7fe25e503e789674bc465d1077dd)
                          - http_cookies.pyi (RegularFile, cda2ab72e899d9c28d1b1e71922d0303)
                          - queue.pyi (RegularFile, 1821af0f5a422bbe9abe5dbc9b8b9f0c)
                          - reprlib.pyi (RegularFile, 38487b2d96d396041636edeaffa95a92)
                          - SimpleHTTPServer.pyi (RegularFile, 63da24fe4301980f822924122506f263)
                          - socketserver.pyi (RegularFile, 0aca1f14cc83ff95d5009e6902f40f91)
                          - tkinter.pyi (RegularFile, 3baed869c72fd5eeefe1a13cbc6102a1)
                          - tkinter_commondialog.pyi (RegularFile, ebec7a68b5463945db6c90e6044d2750)
                          - tkinter_constants.pyi (RegularFile, 61066e67b1813eb7a8e8723bd2818636)
                          - tkinter_dialog.pyi (RegularFile, 025d9c1cd9d41ad04e7094159efae2ba)
                          - tkinter_filedialog.pyi (RegularFile, 1d667f8bd4e8b8f2322b0b189c01a32a)
                          - tkinter_tkfiledialog.pyi (RegularFile, 1d667f8bd4e8b8f2322b0b189c01a32a)
                          - tkinter_ttk.pyi (RegularFile, b73a815f5440484a8f9597f281989e0a)
                          - urllib (Directory, 1aa87741e41faf480355765f45d1d274)
                            - __init__.pyi (RegularFile, 865aff457de54b7868739f36a6883ee0)
                            - error.pyi (RegularFile, ca04214a5cbb94c23741fcdbca8f4379)
                            - parse.pyi (RegularFile, 38301544b73477b804383d7eac3ab16b)
                            - request.pyi (RegularFile, 0d8cc88db200a8497cdbbdbbb54d7569)
                            - response.pyi (RegularFile, 382e8b6d887fa908cf175435fc481835)
                            - robotparser.pyi (RegularFile, c88cdb91f2a989ee02cd50a2ea377c6c)
                          - urllib_error.pyi (RegularFile, 8c5f8d70c39ea81d15d53890bf6760df)
                          - urllib_parse.pyi (RegularFile, 4f7cef76d1f71431764ba82a13c0b2ba)
                          - urllib_request.pyi (RegularFile, dfd813b111046d934a4d0970f498f3e5)
                          - urllib_response.pyi (RegularFile, 3adae4764816cba12c5f159e90a45d36)
                          - urllib_robotparser.pyi (RegularFile, 0024f7454cbf150483faaacc0b8084d9)
                    - slumber (Directory, 8adbd96a146d09762b10d54e3db8acc6)
                      - METADATA.toml (RegularFile, 1308b7b095c9d63436da2dc9bcf7f5fa)
                      - slumber (Directory, 9a2286b4d0e0e6726b8e00bd35eed436)
                        - __init__.pyi (RegularFile, c5cc3b341ef9fc05f77df8d8ec92b6db)
                        - exceptions.pyi (RegularFile, 01ef93b94b6fb6bbbb44465fe5fb84e9)
                        - serialize.pyi (RegularFile, eec1fb650c4cbdd18f3fce0ae17ddc7f)
                        - utils.pyi (RegularFile, 9928d5d7e06fba2267ace694c1190a29)
                    - SQLAlchemy (Directory, b457cf10f14ce384a0a0026c383ef4ea)
                      - @tests (Directory, 7e5615e971bf217115abba500c233182)
                        - stubtest_allowlist.txt (RegularFile, d36b3f1f38b0c64d1811afebd96a314e)
                      - METADATA.toml (RegularFile, 4526578b16e4698e14e7434cde49866b)
                      - sqlalchemy (Directory, 60b99bffb87e2bf575e6f421a813c2b3)
                        - __init__.pyi (RegularFile, ab1a68a40194800cd685ecc4b31ec2ca)
                        - cimmutabledict.pyi (RegularFile, 5d94bb1b7c99799d4cb4ac1b01fe934a)
                        - connectors (Directory, 81d21260b367c18104321452e4d367fa)
                          - __init__.pyi (RegularFile, 55373c71a93e9408b212b2dfda97c021)
                          - mxodbc.pyi (RegularFile, e2e89b246a48566b3988cc7c450897f2)
                          - pyodbc.pyi (RegularFile, caa1540cd0285e52e570f594e57d567b)
                        - cresultproxy.pyi (RegularFile, 3e0d01487d2abdba6bc46f14acb006be)
                        - databases (Directory, 8a942d3e799c1ee76dbf0122b70972af)
                          - __init__.pyi (RegularFile, c74baba3dec9c9d5d7012c15ff9e223c)
                        - dialects (Directory, 2219fb5eead41633e1e17d756299fb5e)
                          - __init__.pyi (RegularFile, 2eb9b1c67e4aa254f40a8d6fd9dc2324)
                          - firebird (Directory, 8f65ec8c1d267a52bce29baa57eb16fe)
                            - __init__.pyi (RegularFile, 0363bd800eb33bb7b7f09505ef2aa476)
                            - base.pyi (RegularFile, 221798b7bd45486a020b2bb66827c91a)
                            - fdb.pyi (RegularFile, 0a0776c9515d251fba74febcccf109be)
                            - kinterbasdb.pyi (RegularFile, b83c2d7e0303b5973f76310400a1590e)
                          - mssql (Directory, 14c9071aece52f9e43a9de740c610c8a)
                            - __init__.pyi (RegularFile, f5e1bf55f43553babcfad85e08d5166b)
                            - base.pyi (RegularFile, aa989b36f70e9fe4ebf86c770d4634a6)
                            - information_schema.pyi (RegularFile, 8d667c3e4a7c76dc5b08e1fcaf1caa6c)
                            - json.pyi (RegularFile, 7608de13f31e3ef54fc8cb7e87b364f6)
                            - mxodbc.pyi (RegularFile, 88c40f4c0a0cac2b5045778432ce06ad)
                            - pymssql.pyi (RegularFile, 97e29fb60805e0bc425aced8ed5f98f1)
                            - pyodbc.pyi (RegularFile, bb37d98f67ff4604ca952fa0c6288ded)
                          - mysql (Directory, 10c7b1b183196cec1703f63f83ab4fc5)
                            - __init__.pyi (RegularFile, df789c1cde147ae97d5ebb92bae8147e)
                            - aiomysql.pyi (RegularFile, e0d1aad915f7dcf1127d7f92d34ee574)
                            - asyncmy.pyi (RegularFile, 8d0457a06af1cdd3ba9c454c02ddc706)
                            - base.pyi (RegularFile, 25efdaaa19bbd7a984e0d019eb175d05)
                            - cymysql.pyi (RegularFile, 5d2dbbb2ae36d2fa9af7e26eca638f58)
                            - dml.pyi (RegularFile, 9bb83939a39a46f43c4ea57dff1f2267)
                            - enumerated.pyi (RegularFile, 383af485349e3c4df17f3bb3cd1b2998)
                            - expression.pyi (RegularFile, 26b9b0ae61314eb402e0270d2f4baa0a)
                            - json.pyi (RegularFile, 4db41e4c2d3381b1bc37aaec0413f6b8)
                            - mariadb.pyi (RegularFile, 575c94b25eae32b71cfd4b16cc4ae28a)
                            - mariadbconnector.pyi (RegularFile, 4e76ba86fee0e467a2064ebe45e58d5d)
                            - mysqlconnector.pyi (RegularFile, f6ca275c8b9d8ac31d9ca2c0cc8d2176)
                            - mysqldb.pyi (RegularFile, 865cfdb3ef4a7e97b039429d39361291)
                            - oursql.pyi (RegularFile, ec5d4d75ac79e594fbc916dc6d32bd9b)
                            - pymysql.pyi (RegularFile, 69013561862918bcc27813878cc405ce)
                            - pyodbc.pyi (RegularFile, 1a169683f7f7b6d1e763334a198ef61d)
                            - reflection.pyi (RegularFile, be4ab902534694b4aa25a836dd656411)
                            - reserved_words.pyi (RegularFile, 2b32754e3dc18a28a65981751f746a6c)
                            - types.pyi (RegularFile, 2a042d7ef4a030e9aadffc0dd1dd404b)
                          - oracle (Directory, 67162f50695742e09e0e02aa2ad80af0)
                            - __init__.pyi (RegularFile, 7fd709058abb263339a64ac23ae1476d)
                            - base.pyi (RegularFile, 2389e5f8b442b3ebd1b65b0a4fb5ccb6)
                            - cx_oracle.pyi (RegularFile, 87f34fd33a7dc6a3b75a1581a278757a)
                          - postgresql (Directory, c077134313256b3145dd46145087fd9a)
                            - __init__.pyi (RegularFile, 943abdec1a16f693b4b31231aa1af953)
                            - array.pyi (RegularFile, 8455790a7390c0cd63f00abdaba2b02a)
                            - asyncpg.pyi (RegularFile, ac4265d0e9ab15166565fcadc1f7444e)
                            - base.pyi (RegularFile, c7013b03d2e7303c0768c18312dbe199)
                            - dml.pyi (RegularFile, c36e2d6dc506e578d8ead2179b381129)
                            - ext.pyi (RegularFile, bd22bf288c353db816158f6afd7fafd1)
                            - hstore.pyi (RegularFile, f6152cacd38b59fa37aa03a0879f890d)
                            - json.pyi (RegularFile, fca255e4582af77e5d29c59b787816ad)
                            - pg8000.pyi (RegularFile, d55e45058a9dc53ef760376aae902059)
                            - psycopg2.pyi (RegularFile, e2513b5b88198bd824604023e538b000)
                            - psycopg2cffi.pyi (RegularFile, 19fdd4e9544b76a787cc18acf26203db)
                            - pygresql.pyi (RegularFile, bef995c3d430701880044e06ac0f645f)
                            - pypostgresql.pyi (RegularFile, 912ec553ed858441dd42493bdb344249)
                            - ranges.pyi (RegularFile, c066364da530b282e8ab7c8f94b359a0)
                          - sqlite (Directory, 6fe796471ab005883b6fe395eb2518d4)
                            - __init__.pyi (RegularFile, 39c7b0814b5360e89d82467b6e0e3bed)
                            - aiosqlite.pyi (RegularFile, bab0919dce2fb0f440cdfb55a490d190)
                            - base.pyi (RegularFile, f1be1a12617382e7680d235d784d9179)
                            - dml.pyi (RegularFile, a8108b4a8fb96e37b7e000af2d2899e8)
                            - json.pyi (RegularFile, 7608de13f31e3ef54fc8cb7e87b364f6)
                            - pysqlcipher.pyi (RegularFile, 663070c1464ab6bf126bcbc05c6675a9)
                            - pysqlite.pyi (RegularFile, 2bab2289f530d5198a3fe7fb7852dc18)
                          - sybase (Directory, fc2e3f7a28ef9158e78b408557f159c9)
                            - __init__.pyi (RegularFile, c78c41a201fb78f0e4192615a1500816)
                            - base.pyi (RegularFile, f6dc27f2f099055287645a6eb3f8f3f1)
                            - mxodbc.pyi (RegularFile, 643a03918a5d931b0372a806bc6f11f7)
                            - pyodbc.pyi (RegularFile, 56f6adff3ce2241d134884fafba5f61a)
                            - pysybase.pyi (RegularFile, c23f3e2a61f288bcac70f2b0a7797fb4)
                        - engine (Directory, 026a02d08a8fa29ffde8e392fce3858f)
                          - __init__.pyi (RegularFile, 918bd336b92c56093e691ea88c7cd2c2)
                          - base.pyi (RegularFile, 3935a46db745ba6b15f86b9950e5be27)
                          - characteristics.pyi (RegularFile, 8180e5ac7c753a725b9fc816ddf36420)
                          - create.pyi (RegularFile, a57d972b6fa2184d3caf379be42912c5)
                          - cursor.pyi (RegularFile, 775c2b193e8c22809273cdcc3953c0ae)
                          - default.pyi (RegularFile, 5fb51f32aee008a4afab6dfd4e3807c2)
                          - events.pyi (RegularFile, 9b02753ac247c6060516e26d803d28ef)
                          - interfaces.pyi (RegularFile, cddd59edd6186e50bc36d020615cccd1)
                          - mock.pyi (RegularFile, 947897a2217f2f69680cab07d15150ab)
                          - reflection.pyi (RegularFile, 5b86589ccb213b6988478c0846f012d0)
                          - result.pyi (RegularFile, 4319ce0ed67bc2d4f924a5e7cafac92e)
                          - row.pyi (RegularFile, 513d16f45a25cc159e20db16d468f1a9)
                          - strategies.pyi (RegularFile, d4c4ba0de9435bfef66c0240988fd3bd)
                          - url.pyi (RegularFile, 907cff9d57e209d2274642ba71f2d6b0)
                          - util.pyi (RegularFile, 5aefb832402ffe69dba747dc97c7b8f7)
                        - event (Directory, 95478111e4af3ea19af8c1866bde2dcc)
                          - __init__.pyi (RegularFile, 2ce09df62f0c2b801a157e04acd247a1)
                          - api.pyi (RegularFile, a712588cf31748a6567274a27cc2bb05)
                          - attr.pyi (RegularFile, 4e75cbbef0a3d01c34409b4c29a44aaa)
                          - base.pyi (RegularFile, 3192d36a97e98d29b267cd4d203299cd)
                          - registry.pyi (RegularFile, ca0bd189581dba7686e30f591d45712b)
                        - events.pyi (RegularFile, 24daea49ee3f0b3904a98b0acb7c4e87)
                        - exc.pyi (RegularFile, 9ce8570a2f85a1e830a50147997b2c38)
                        - ext (Directory, b8c404f10d553ca370b5fc2478415ec9)
                          - associationproxy.pyi (RegularFile, 74e27022c8ccba7f386885f4cfee0501)
                          - asyncio (Directory, fd9b4f1de1f3c0507e9e9998c88413a7)
                            - __init__.pyi (RegularFile, ce80a0b80d00d441d89c97d21735e16b)
                            - base.pyi (RegularFile, 5b58f04abdcc4cf359d8b2f4c71d84f9)
                            - engine.pyi (RegularFile, dc8780503644d60e696f4ac779d006fd)
                            - events.pyi (RegularFile, 0dc4f38b85b2c8c4ed1f0ed8b501f9bc)
                            - exc.pyi (RegularFile, 017f3e7f9b1e03ca9561c05061229386)
                            - result.pyi (RegularFile, 5574ea9b03c2f76bd227a9e5dd22fd46)
                            - scoping.pyi (RegularFile, 4822b57d3bbcf8849c6b46b0e4750ce7)
                            - session.pyi (RegularFile, bf277124a2ade6dc635632cd13c9122c)
                          - automap.pyi (RegularFile, d6daad9f779d7ba4e68a0a2d598de7ea)
                          - baked.pyi (RegularFile, c74e9aa7b76e2ed60efcf085f59c7a07)
                          - compiler.pyi (RegularFile, 55ed8ce5bcce9f4cb4361edbcfb52a63)
                          - declarative (Directory, f86757c43217a2f07b2ee8850915ccf4)
                            - __init__.pyi (RegularFile, 597d8da5317e3012f5bf69cc956d6659)
                            - extensions.pyi (RegularFile, eddbe67f4356a9dc3a78496d67574e93)
                          - horizontal_shard.pyi (RegularFile, 0246e8ad214f10d07978d91e49fa1bbd)
                          - hybrid.pyi (RegularFile, 0294924e753e3ecb478673e6cdaf4d9b)
                          - indexable.pyi (RegularFile, 06e0f9c248e0e45fd3abd46e82730e7f)
                          - instrumentation.pyi (RegularFile, 51ac13c75e3402b215d860be4dd4f1d8)
                          - mutable.pyi (RegularFile, b18c66f28b98168af30e8896b040743d)
                          - mypy (Directory, 6cdab765e070378a98ec4dc467406694)
                            - apply.pyi (RegularFile, e6dbe25ebf3763d624c70aaa0729f461)
                            - decl_class.pyi (RegularFile, 3700efc5557c184edd253d9e867b11c3)
                            - infer.pyi (RegularFile, ee549b252d5de2a0ab1c54e878aa381c)
                            - names.pyi (RegularFile, cad39ab51229682079c64156ef5bc527)
                            - plugin.pyi (RegularFile, ff6068b2e4f8327c68d796df81974d33)
                            - util.pyi (RegularFile, a54dfa6664b0957e90c936e1aebc5151)
                          - orderinglist.pyi (RegularFile, 61235622889e9dcc4d94875102b0dcdf)
                          - serializer.pyi (RegularFile, f8d93f1434126e380624b08ccd75c986)
                        - future (Directory, 8f9ed6bc7d8cefd642cc548f1534f579)
                          - __init__.pyi (RegularFile, c69dc7ebc9492ce5ee9186b96da8d6ab)
                          - engine.pyi (RegularFile, 15f1e92636980622667ae87e95b6dcbd)
                        - inspection.pyi (RegularFile, 6567d0e5e489a9d13639770a4caaf406)
                        - log.pyi (RegularFile, 2b7b055e345d2528658a181b79bd7079)
                        - orm (Directory, 279ed4697e3fee45e4f981b2063587f4)
                          - __init__.pyi (RegularFile, f93cb32714e5281a39663b8ebeb896e0)
                          - attributes.pyi (RegularFile, b04d2c6cf360e5851a1aa793abf250f6)
                          - base.pyi (RegularFile, e3d641eeb582c78a6552971a4474c856)
                          - clsregistry.pyi (RegularFile, e8119aa40d4d49d8da78bdfe7505eb35)
                          - collections.pyi (RegularFile, 1084049260324ae571e3a82c5c107ea3)
                          - context.pyi (RegularFile, d71d53b6bba047617282dae3960c9bd0)
                          - decl_api.pyi (RegularFile, 9010d67516c409758fbadc312b0e69ae)
                          - decl_base.pyi (RegularFile, 129eed27fd79d81046f3e334e6b56425)
                          - dependency.pyi (RegularFile, d19744ab60b079551c257a4d05376747)
                          - descriptor_props.pyi (RegularFile, 66c3cb6006b5bca0398687e6cf66f52c)
                          - dynamic.pyi (RegularFile, ed7836c3002be4efc72872c246b249a6)
                          - evaluator.pyi (RegularFile, 3595ac508b6c6e42a5528e3d39bbd117)
                          - events.pyi (RegularFile, cb35eb41d6f6ac5a6bb2a93e3f519043)
                          - exc.pyi (RegularFile, c996a0609e183372e30ef3d7a6dbbd57)
                          - identity.pyi (RegularFile, f92dcd7eeb799a6d256e271ea15173f0)
                          - instrumentation.pyi (RegularFile, bea5fe13d06b718c960f57b43a0cb90b)
                          - interfaces.pyi (RegularFile, c112dd59d203256e23bb9d64874cc034)
                          - loading.pyi (RegularFile, a92753b019654e3d830ed4404687e681)
                          - mapper.pyi (RegularFile, 24ac66dd27df5cbbde4afd810d9f7e89)
                          - path_registry.pyi (RegularFile, f739ed25064cd5bf4fa9d2ca162d0b8c)
                          - persistence.pyi (RegularFile, 4c18bf8f432cb596df75ab2e89d19565)
                          - properties.pyi (RegularFile, e743d16b2f65957cfb916677d0afe11b)
                          - query.pyi (RegularFile, 0a2fa84240bd3ba911b28e0795dfd7af)
                          - relationships.pyi (RegularFile, cd21c63affd27d6c152cd9b92ec425d2)
                          - scoping.pyi (RegularFile, c4bfa66a99f83e11ad98a60d48a7e438)
                          - session.pyi (RegularFile, c1224011af6b3eb604e3930caa9f46b9)
                          - state.pyi (RegularFile, 2800e5ed9332437a7a7a2315994de0c4)
                          - strategies.pyi (RegularFile, 16d19b96f34ab34808cd011d986e93fa)
                          - strategy_options.pyi (RegularFile, 64545e06d992ba51cdd31108b90d462a)
                          - sync.pyi (RegularFile, 3f22dd348045a6585d45258c218434ff)
                          - unitofwork.pyi (RegularFile, f9ecfdeec507d9b4e6f17a06355bc154)
                          - util.pyi (RegularFile, 25ae33bfbc46baa2b6976ae3800ab3fa)
                        - pool (Directory, e6979dc9f37b41b0090193784f9167a5)
                          - __init__.pyi (RegularFile, 6bb24f64816c3aa356a42a40b84f9002)
                          - base.pyi (RegularFile, dd28d0a8f3c099672569601c08f4567b)
                          - dbapi_proxy.pyi (RegularFile, 7b0404155d3ac259109515df4e286da8)
                          - events.pyi (RegularFile, 02f4b16f47dfb0529493182f635c31a1)
                          - impl.pyi (RegularFile, 1f2c5e6b1004659f104148ee1ec9318d)
                        - processors.pyi (RegularFile, d02eeb61a51ada78d103b6113bcfbf76)
                        - schema.pyi (RegularFile, 8339751ef4f3822ec8c4b45300c0fb4d)
                        - sql (Directory, fd6428e49699a9a5f5c197c90f3e7d8c)
                          - __init__.pyi (RegularFile, e5da6c44e5334c97ad442dd666ae0c96)
                          - annotation.pyi (RegularFile, d1ebe386488e769327699786b79f2a9b)
                          - base.pyi (RegularFile, 356bdba661dad6f02f742d37e67e7697)
                          - coercions.pyi (RegularFile, 419449d37c5cd775337900366b3c7761)
                          - compiler.pyi (RegularFile, 41b88badf41d3fb41ca89c66a6f48738)
                          - crud.pyi (RegularFile, 95b94fc9caa0195ea297347798e71d27)
                          - ddl.pyi (RegularFile, 8a2f48a55cda785be0eaa8d5219d7b6a)
                          - default_comparator.pyi (RegularFile, f0adf07ad94d679c2181a0aedcdcd9d4)
                          - dml.pyi (RegularFile, 0f14535c8a290965f8e5b75e1119b49e)
                          - elements.pyi (RegularFile, 261191a0c75171ec2ee590db91e67b28)
                          - events.pyi (RegularFile, 2ceb59183ecba669f4324e3d8ee67fa9)
                          - expression.pyi (RegularFile, 35a6c64404430c38c3165c49d65b60d6)
                          - functions.pyi (RegularFile, 890633014a30346c484ad7d914663185)
                          - lambdas.pyi (RegularFile, 7a4fdf83880dc87da5824b7e76bb8fcc)
                          - naming.pyi (RegularFile, 25800935eb5d8ce35f1c0e4f7251af43)
                          - operators.pyi (RegularFile, d33f9e42f303c142198ba4d469117f5c)
                          - roles.pyi (RegularFile, ea8904382067532d2bec598736125174)
                          - schema.pyi (RegularFile, 54672a979214b7f2c6b4fd2f186b6b65)
                          - selectable.pyi (RegularFile, bea534f98331b93f6bda0f2e17d72d1c)
                          - sqltypes.pyi (RegularFile, 2c98dff32d0e719bbcd32463959bc5f0)
                          - traversals.pyi (RegularFile, 0f81c9dcaaf90aea0810ce5a236c0c76)
                          - type_api.pyi (RegularFile, 4c86c3167ebaea7bc8a833a3fa050639)
                          - util.pyi (RegularFile, 629de1d101ffb479979e56b2a52e0099)
                          - visitors.pyi (RegularFile, 05615bd3202f8d48e4f15d92eae06e4b)
                        - testing (Directory, 745a5c7a852722e1d4e070b7a920209c)
                          - __init__.pyi (RegularFile, 354dce6f6da60fd6c8c4217bdad866b2)
                          - assertions.pyi (RegularFile, e031a4f5cbbd0111a7c6c3f7079fc911)
                          - assertsql.pyi (RegularFile, c71422916f60c20d94f3cbdba5fecdf3)
                          - asyncio.pyi (RegularFile, 19f7c0520ffdd326159265bfb1c3be47)
                          - config.pyi (RegularFile, cf1f92662ae989c0f07c3069b44ccc27)
                          - engines.pyi (RegularFile, 69a6f480fb0976c67d5a1a3e372432ec)
                          - entities.pyi (RegularFile, d8db3d413e28aadc1b9ac25b5d7369c4)
                          - exclusions.pyi (RegularFile, eaa4a8a55e35afa94dd95c66361c1d3b)
                          - fixtures.pyi (RegularFile, f79a3d64393679987fc1d39521f87d6b)
                          - pickleable.pyi (RegularFile, 20c9caf0e2350cfedbd5aae6074faa60)
                          - plugin (Directory, 096fe72013604efadb32d467dc593f02)
                            - bootstrap.pyi (RegularFile, 5991a2199cc334d070b86b65453efcca)
                            - plugin_base.pyi (RegularFile, 64614f0e37cef29952f43a822cfd41ac)
                            - pytestplugin.pyi (RegularFile, d828c303bbd32c37550b71ad7fed800e)
                            - reinvent_fixtures_py2k.pyi (RegularFile, dac2f9049e3f7826698fc96b2e830814)
                          - profiling.pyi (RegularFile, 0a8ef1bf8dec6180c411b2be4c150b4e)
                          - provision.pyi (RegularFile, 3f58e35b99f9eee5c33570bf69d6e274)
                          - requirements.pyi (RegularFile, f639e2d267aa0a90d83e64097994c430)
                          - schema.pyi (RegularFile, d674a7b0b7cc129129b4b5d1a75a9d24)
                          - util.pyi (RegularFile, df8f8b8b13a903d5f00f8252c56eba15)
                          - warnings.pyi (RegularFile, d3bc3610d4efb16bb19f2b84b6caed81)
                        - types.pyi (RegularFile, e73bcc17aab3f16c1e3207fa56024ab0)
                        - util (Directory, d73e622e729c56c7be524267f506dc4b)
                          - __init__.pyi (RegularFile, 9ced87f70de38cdd4052c3b2e7fbb771)
                          - _collections.pyi (RegularFile, 7e639d93fbbc3392725f21e518692c96)
                          - _compat_py3k.pyi (RegularFile, 74085345af18f0d3c05fbf884d01165d)
                          - _concurrency_py3k.pyi (RegularFile, 43226d001c4888fc3f02771a7b15c03b)
                          - _preloaded.pyi (RegularFile, eb38c01a7d70c2853f5ccee39472541b)
                          - compat.pyi (RegularFile, 39a5f7f94b74a141687d55bee0d11fec)
                          - concurrency.pyi (RegularFile, 5e92cb4225d99e1441415f8ef5d8713c)
                          - deprecations.pyi (RegularFile, b4ff25b82fb9a8595f1f2eb6a548741b)
                          - langhelpers.pyi (RegularFile, f0133e964fbd572df0d04cbafb44adc1)
                          - queue.pyi (RegularFile, 5763ec44794b231bde19d6dd99a53ad5)
                          - topological.pyi (RegularFile, 967adb31ad7f65ea18095e3b3bb4dcff)
                    - str2bool (Directory, 43999f8b1154c0153c48cfa7d40005da)
                      - METADATA.toml (RegularFile, a4c9477762b901860a347a5a3e91eb15)
                      - str2bool (Directory, fc6dd06064024db841221bb93166223d)
                        - __init__.pyi (RegularFile, 6b3432e76cb1a756d8ded32827bc87ac)
                    - tabulate (Directory, 53d251f28e12385d5713dbb19297c1b1)
                      - METADATA.toml (RegularFile, e0a1b09fe7582ba0d0dbf2db3755a08b)
                      - tabulate (Directory, 36490499fb43f7b6919e3474a536a820)
                        - __init__.pyi (RegularFile, 888ba2e972a65e4bab4e0de83d4904c9)
                        - version.pyi (RegularFile, bfca6cc440743a11f73492a74447a8d4)
                    - tensorflow (Directory, aafb9bbd4551ab6cc84e4aaeed92fd7b)
                      - @tests (Directory, 80b527134781e3a12113613c3daf0baa)
                        - stubtest_allowlist.txt (RegularFile, 4c65cbfaaaebeedb9fbd346138020ff9)
                      - METADATA.toml (RegularFile, e21d17aba1a149ba7389f4952d090271)
                      - tensorflow (Directory, f9ede76d2e77b18453990827988e3759)
                        - __init__.pyi (RegularFile, 9878e60ea4e579e977f0fe0558ceb255)
                        - _aliases.pyi (RegularFile, 6d4abc1efc04e4cb86b1db883d565f97)
                        - audio.pyi (RegularFile, 6ed31d1d963c9729aab4d89ebbc0ee0e)
                        - autodiff.pyi (RegularFile, 185b43e908fde47d939cedd3d711be92)
                        - autograph (Directory, c0faa7a700d4407d276ee3f21718b1f9)
                          - __init__.pyi (RegularFile, b53abedd0e8a9b6c41eb4b8d4b07d13c)
                          - experimental.pyi (RegularFile, 0d6558538d2e5ac74cd811a87e152b39)
                        - bitwise.pyi (RegularFile, 3af4e8a7332df8803e74940ba00c02fa)
                        - compiler (Directory, b88bb88c9b610d9b1c4203705daa91c9)
                          - xla (Directory, 03966e918b3b1aad74db0bc2ac2a34c9)
                            - service (Directory, 8edf8634c02d892cfabab4f7352c4360)
                              - hlo_pb2.pyi (RegularFile, 57690bac42777c3694f49db0244df452)
                              - hlo_profile_printer_data_pb2.pyi (RegularFile, d15e6b71c70e00021b420794960504b3)
                              - metrics_pb2.pyi (RegularFile, d2090b76ec787721e2e78e4bbc95fd0d)
                              - test_compilation_environment_pb2.pyi (RegularFile, d70c4a974b7b39e6e4026ff0992e6023)
                              - xla_compile_result_pb2.pyi (RegularFile, 54b31d47ea4d1ca7a94f1cea8fed34af)
                            - tsl (Directory, f357d9ba8ceebb43d108bda8c2c4315d)
                              - protobuf (Directory, ef45010b88c61c91eb597ced2371b260)
                                - bfc_memory_map_pb2.pyi (RegularFile, 49463d74ed402a0bf8e97725d9ae391c)
                                - test_log_pb2.pyi (RegularFile, ccc7a365e117ef59e58c8a2764be1ae4)
                            - xla_data_pb2.pyi (RegularFile, d27595f013178a9d69fdccb617642fad)
                            - xla_pb2.pyi (RegularFile, 571aa3a2c789cb7ff0a10e303b7b6fe1)
                        - config (Directory, 68f761beda1066db518672d4242bd1de)
                          - __init__.pyi (RegularFile, 7a2d8fcb6e506e9d8b081fbb488957e5)
                          - experimental.pyi (RegularFile, 9b8514c6a92955dd5d618e6c475d6021)
                        - core (Directory, 355429a8fbe55230d35f020d6b446f85)
                          - example (Directory, 05a272b8a8874d200206e0341277cd63)
                            - example_parser_configuration_pb2.pyi (RegularFile, 8578426022971a52088d743a5a678002)
                            - example_pb2.pyi (RegularFile, 18cedb089b815ff96ee3270c31b71b78)
                            - feature_pb2.pyi (RegularFile, 09d646725fee2bff9b1f22c81cba2441)
                          - framework (Directory, 1ce9082fb9218a8944912b48ec441291)
                            - allocation_description_pb2.pyi (RegularFile, 5a6fbff45944659d6224e8030f376b02)
                            - api_def_pb2.pyi (RegularFile, 02417745f4974d0c6cd4bd3f24d7cd22)
                            - attr_value_pb2.pyi (RegularFile, fada559e1f5c3b6dee5ee90ff9941752)
                            - cost_graph_pb2.pyi (RegularFile, b704491aaf60915916599c13d6bda66b)
                            - cpp_shape_inference_pb2.pyi (RegularFile, 86efb025f911697ca63db74e46f196c2)
                            - dataset_metadata_pb2.pyi (RegularFile, 30ac9c8d4558f4b5dc67987a6aad6d32)
                            - dataset_options_pb2.pyi (RegularFile, e0a7efc72765cc18389badba9a45f3cc)
                            - dataset_pb2.pyi (RegularFile, 2e6dd986c203f86a9d80974e3fab45ea)
                            - device_attributes_pb2.pyi (RegularFile, 46e1137aeec8c462bf3f381fb1bce779)
                            - full_type_pb2.pyi (RegularFile, 1c1cc49814ace5e656f4160aa4b2a37b)
                            - function_pb2.pyi (RegularFile, 0bea0a30432c71875dbb105fe08e16ce)
                            - graph_debug_info_pb2.pyi (RegularFile, ada3183bf1255b582b355039a310ad35)
                            - graph_pb2.pyi (RegularFile, 7472d837605cf2dde38e37e12773a7aa)
                            - graph_transfer_info_pb2.pyi (RegularFile, 6521ecb55d2c7fb09b7253993e8e5306)
                            - kernel_def_pb2.pyi (RegularFile, ad39550e91594add03292be48f39b0e5)
                            - log_memory_pb2.pyi (RegularFile, a0e8eb503dff9e25a6cbb0d45fe04dde)
                            - model_pb2.pyi (RegularFile, ae611e0a48cf11195de932f93629eeec)
                            - node_def_pb2.pyi (RegularFile, 64c6c973eefc8170f782c3b7b1e4d2d2)
                            - op_def_pb2.pyi (RegularFile, c31502783a226dff061b55e3b4da9a0a)
                            - optimized_function_graph_pb2.pyi (RegularFile, ed4f3eb60fb54cbf3fe8082bc7549682)
                            - reader_base_pb2.pyi (RegularFile, 58d60b5092c327c208b7b106d46721e9)
                            - resource_handle_pb2.pyi (RegularFile, 58339e4b67fdbad60670bee5253ff142)
                            - step_stats_pb2.pyi (RegularFile, ef25f40728e0586c7a2c2fb8bf6fc4f5)
                            - summary_pb2.pyi (RegularFile, 1ba511fa6c724cede23a7351aa874bdc)
                            - tensor_description_pb2.pyi (RegularFile, ebf49461847b8a8695577b48cc13c75f)
                            - tensor_pb2.pyi (RegularFile, 665a772d0ca684608c074d41b21690ff)
                            - tensor_shape_pb2.pyi (RegularFile, 102517c9c12969cac39ff75b9650fb72)
                            - tensor_slice_pb2.pyi (RegularFile, fa16515d6320647c7638acf0413c3a0c)
                            - types_pb2.pyi (RegularFile, 946219cfd0ef43ca4afe3bc5f6ffff2d)
                            - variable_pb2.pyi (RegularFile, b6b866a7228ae2d534b54901987f86df)
                            - versions_pb2.pyi (RegularFile, dc73e441bd0fcd9123d907a45c458cae)
                          - protobuf (Directory, a3e3f0853a5885dfd42cd01c62fcba3f)
                            - __init__.pyi (RegularFile, f571933bb948577b1f9f3076fb8fc7c6)
                            - bfc_memory_map_pb2.pyi (RegularFile, e7799c4ee76f269b1ff994f39a2df4db)
                            - cluster_pb2.pyi (RegularFile, f502d71a57deb0dc0bb2a1f8e65848b0)
                            - composite_tensor_variant_pb2.pyi (RegularFile, 268bb4b54060758a31aea36262c23194)
                            - config_pb2.pyi (RegularFile, 6d62b3d798c777d498edbdd319799260)
                            - control_flow_pb2.pyi (RegularFile, bc9c3d8178674c83cc0a0ca269dd3cb8)
                            - core_platform_payloads_pb2.pyi (RegularFile, 9a34401403fb8e1596becf0d26f8bfd2)
                            - data_service_pb2.pyi (RegularFile, 7bfd6341cf26138084e4a829be11dd09)
                            - debug_event_pb2.pyi (RegularFile, f7bca1777d1df06c7093d43a7ed33516)
                            - debug_pb2.pyi (RegularFile, 914773604b74a5cb667581312d736dc4)
                            - device_filters_pb2.pyi (RegularFile, f3c6203edf844b519276c845bdfd2b80)
                            - device_properties_pb2.pyi (RegularFile, 3544bafb724a9fb2162546d732daf773)
                            - error_codes_pb2.pyi (RegularFile, 164cc9651797230215a5b5819edb2325)
                            - fingerprint_pb2.pyi (RegularFile, c786301adfcd447bea2c1b3d315d2a22)
                            - meta_graph_pb2.pyi (RegularFile, 7d61663ef5bf8643d63808db10e1fb8f)
                            - named_tensor_pb2.pyi (RegularFile, 32bb668303f62abb2cc04aeaa71f7ab7)
                            - queue_runner_pb2.pyi (RegularFile, 31f25c765a5d2622263f13124125a90d)
                            - remote_tensor_handle_pb2.pyi (RegularFile, 02e48e83c409f60006f22aef84e9af5d)
                            - rewriter_config_pb2.pyi (RegularFile, 7bdccdcb94f958beb228f556ff852972)
                            - rpc_options_pb2.pyi (RegularFile, 810c6e1b53744c4a5132b49fb3b89894)
                            - saved_model_pb2.pyi (RegularFile, 89e24c66f25c4d5cacfed6625aaf7fa7)
                            - saved_object_graph_pb2.pyi (RegularFile, 15763e20f278b8353c63dbd07ca23cf5)
                            - saver_pb2.pyi (RegularFile, 0f4984c5801589b290f7c54377329cfc)
                            - service_config_pb2.pyi (RegularFile, cc2b966c1c244960d66922aa565202a7)
                            - snapshot_pb2.pyi (RegularFile, e34cb51bbd2a8658fee977af6d379725)
                            - status_pb2.pyi (RegularFile, 4f8493c1861a8d26c453e12db9973cf2)
                            - struct_pb2.pyi (RegularFile, 5da582d2df28f1ea20c154bd4c25aad9)
                            - tensor_bundle_pb2.pyi (RegularFile, 2456382ee15ecccbd808fd1c817fb4fd)
                            - tensorflow_server_pb2.pyi (RegularFile, e64bf105425432240437d5b30274caa0)
                            - tpu (Directory, ee53d7be8d5b8e03e29a3660b0f7dcd9)
                              - compilation_result_pb2.pyi (RegularFile, a7b88d63fcce6a01f071ac4aa1305afb)
                              - dynamic_padding_pb2.pyi (RegularFile, 40e02abc14331aa2fe8baf07277c83ce)
                              - optimization_parameters_pb2.pyi (RegularFile, f64c0a6450d418c3c2918754fdc313d0)
                              - topology_pb2.pyi (RegularFile, c42e15453a2c01158f97c35ea3c942ef)
                              - tpu_embedding_configuration_pb2.pyi (RegularFile, 9330e8a8229f10da19131274d842d346)
                            - trackable_object_graph_pb2.pyi (RegularFile, 8aa3f434905498c9320bd1e8e6f6fe0d)
                            - transport_options_pb2.pyi (RegularFile, c0e7a7cc0e397417730b261c51c459f2)
                            - verifier_config_pb2.pyi (RegularFile, de55f35da94ff2538c4b0fb88566e38b)
                          - util (Directory, c3057718463e5487c5bfa5026ff67e0c)
                            - event_pb2.pyi (RegularFile, 92213579af5c5754fe416f38fd988c42)
                            - memmapped_file_system_pb2.pyi (RegularFile, 4d560dd943c655a9d9da1e923a37ce3a)
                            - saved_tensor_slice_pb2.pyi (RegularFile, ede4537157b22ef23576ea3fce966f4c)
                            - test_log_pb2.pyi (RegularFile, 3ddbb4cd40fd195ab554d71555a0fa08)
                        - data (Directory, 04cb9605220418c74820240abb7bcc72)
                          - __init__.pyi (RegularFile, e22646cdcd1c5998875b27b039ca8083)
                          - experimental.pyi (RegularFile, 317bc566414a174771fd1f29a064030c)
                        - distribute (Directory, 2ab4fafb18670f157f5d24730f1651d1)
                          - __init__.pyi (RegularFile, 9856b5882587e0b0e7defc3031c1f1df)
                          - coordinator.pyi (RegularFile, 391871288918d7ae05fe0a2c08e92c01)
                          - experimental (Directory, c44f94d8d6c0e0876cce3d5ee6d496a7)
                            - coordinator.pyi (RegularFile, bf18820dd7739dac555bed10def153d1)
                        - dtypes.pyi (RegularFile, 13fa8a0d2fac0e9cc1677a782a270aa7)
                        - experimental (Directory, c810f96af75f7b5a349359adfb9c7bc5)
                          - __init__.pyi (RegularFile, 685b0baf46ba77d4dc025341c4613e19)
                          - dtensor.pyi (RegularFile, 2417cef1c66e5e4e640c0f4638c1e94c)
                        - feature_column (Directory, 2de582fd16e3186b18370dd80551895f)
                          - __init__.pyi (RegularFile, eaee7a21b913ea42faef693de20f6919)
                        - initializers.pyi (RegularFile, 4b875cf3fe45bde15fde88d454afd37d)
                        - io (Directory, 29d546984fb7958a17944db765ff5a6e)
                          - __init__.pyi (RegularFile, 9f59585f1ed70ad67e7e7c47adeb5e1d)
                          - gfile.pyi (RegularFile, cc4da5c9885b7a19d0badb69fca3e51a)
                        - keras (Directory, bc938b225d2b03a8f650fb2f2458a058)
                          - __init__.pyi (RegularFile, b46570b8faf83a8b087f6a797f6abc3d)
                          - activations.pyi (RegularFile, 82f8fbc1e608dbc6b994ad00d71bbdc3)
                          - callbacks.pyi (RegularFile, c97cfea5ab67d6f2762347f57d81cef5)
                          - constraints.pyi (RegularFile, 944b03b5642731bc8f05bf45aab7e972)
                          - initializers.pyi (RegularFile, 70105fa3afb3fffe91b73d793236a55e)
                          - layers (Directory, 761644f7df9d6cf96e12086fa24b2dfc)
                            - __init__.pyi (RegularFile, 43c480fb757675c24da1d6d37263db42)
                          - losses.pyi (RegularFile, 391bde90a0be7d9290ee26942400010a)
                          - metrics.pyi (RegularFile, 1f6e396df9d0aea707f74847c3128c6d)
                          - models.pyi (RegularFile, 425f9e8e9b113953c46df1f4abbc253d)
                          - optimizers (Directory, 235e9e719da1a13b1bb0e468007ed685)
                            - __init__.pyi (RegularFile, b3046819090deeccb88d36fd26cc3eb4)
                            - legacy (Directory, 522b8199b3b47716a979df35b8bbea02)
                              - __init__.pyi (RegularFile, 79f13735ede67f78b8a8bf4c10eaf619)
                            - schedules.pyi (RegularFile, cb548a83e86f50bbfb8178af7afef6be)
                          - regularizers.pyi (RegularFile, 6c7106ca4f1dced3ec56a036dd5feede)
                        - linalg.pyi (RegularFile, aeaf9ba308835dcc723734da4a609754)
                        - math.pyi (RegularFile, affdde3f28543cd94e1240bc6b62eb06)
                        - nn.pyi (RegularFile, e838b511edeba52ee77358aa74f240bd)
                        - python (Directory, ae05a2889a38b13809d01c43e7868846)
                          - __init__.pyi (RegularFile, fda16b9b5ae197d0877cfc6f895a6bba)
                          - distribute (Directory, e353baac73aca60a2d43ff906d9e8bbe)
                            - distribute_lib.pyi (RegularFile, bc9e4237d68def4d4d1bf91021a4b69c)
                          - feature_column (Directory, e534de2b1763d57dd1c110fec28f4e9a)
                            - __init__.pyi (RegularFile, f571933bb948577b1f9f3076fb8fc7c6)
                            - feature_column_v2.pyi (RegularFile, 719e0459f4f43aa01a4bcd7d7a55a012)
                            - sequence_feature_column.pyi (RegularFile, ad90610f77ff6cb0d7ab359a5b19b758)
                          - framework (Directory, ecb3c038f1af95ff39f8e7889c47e6b4)
                            - dtypes.pyi (RegularFile, 5fb3c93b3a5a21ae683205cdeace651e)
                          - keras (Directory, bec0ee7f3bb0f14dea2fa07b6968067d)
                            - __init__.pyi (RegularFile, fda16b9b5ae197d0877cfc6f895a6bba)
                            - protobuf (Directory, 53efde872b7072a2bfbf0681ab070e4c)
                              - projector_config_pb2.pyi (RegularFile, 5591f4ccb9f70887a1ff6a3117246777)
                              - saved_metadata_pb2.pyi (RegularFile, 652238387a7cddc7259fc2ba1ed8cf58)
                              - versions_pb2.pyi (RegularFile, 9ee7b56532d92257520072fc8f2be46f)
                          - trackable (Directory, e6f411fa4ab1c053cd376879699b376c)
                            - __init__.pyi (RegularFile, f571933bb948577b1f9f3076fb8fc7c6)
                            - autotrackable.pyi (RegularFile, 71106020d311ee96cdb8b0d2946eed93)
                            - base.pyi (RegularFile, 10c2d576a3d6ce0542efd7e17aa862ac)
                            - resource.pyi (RegularFile, 05e286b624183152ae1cc88a0c3fe618)
                            - ressource.pyi (RegularFile, 82bf55cf97864838b17505bcc10900a1)
                          - training (Directory, b6486f89a92b85d849fda8a45cd88446)
                            - tracking (Directory, 1c9144c7f123eef929453b5941e68af1)
                              - autotrackable.pyi (RegularFile, f5abe35e9e7f39c253e6cea48007af5e)
                        - random.pyi (RegularFile, 8407858f5b82c1074df67b6d3d3224fe)
                        - raw_ops.pyi (RegularFile, 844691d46dbe967e076a4a37aa66e193)
                        - saved_model (Directory, d467fe6d6b51c99756384a9eb563c0e7)
                          - __init__.pyi (RegularFile, 958ec4b7c3b29f1b9f48456116d4493c)
                          - experimental.pyi (RegularFile, d04f18c9ab2c41550ad74fef4b0647bc)
                        - signal.pyi (RegularFile, 0c2a8f90f392f8511db342730e4b2943)
                        - sparse.pyi (RegularFile, 8cd69f7831ae50833456da915541c73b)
                        - strings.pyi (RegularFile, e208ee1a7e1afe34b34ea2e4f24a121b)
                        - summary.pyi (RegularFile, 5e6289c63b3e1e2b52408c898bf3f51f)
                        - train (Directory, 47106bdbfca1c1b94c3390b4f4a674d9)
                          - __init__.pyi (RegularFile, 6dfd2dbdad2c441530a1a09f3b1677f1)
                          - experimental.pyi (RegularFile, bd28d351054ffd4250f75f536f5eff1c)
                        - tsl (Directory, b17d74361c5cad0e835f344e1b578cbf)
                          - protobuf (Directory, ded01a9abc3526407d61c238705a34a1)
                            - coordination_config_pb2.pyi (RegularFile, c4f3fc0c948ab854eb8fbe7c853454a7)
                            - coordination_service_pb2.pyi (RegularFile, 7d2397be3c677ba8aa841e725e7d0e65)
                            - distributed_runtime_payloads_pb2.pyi (RegularFile, 5f5de3bfe5bc1ffe2cfa6757af343013)
                            - dnn_pb2.pyi (RegularFile, 750b3b8c309e0d75a124febac5c34734)
                            - error_codes_pb2.pyi (RegularFile, 0661e28c01e7c45f2a4b1b3eac1ee04e)
                            - histogram_pb2.pyi (RegularFile, 617c1c223f0a4edd8255a6d63c18343c)
                            - rpc_options_pb2.pyi (RegularFile, eeeb6ce149fb6df7e4126531afb8bd92)
                            - status_pb2.pyi (RegularFile, 2989aa899967f0eeaf1687f187c9a8ef)
                        - types (Directory, fe83397cd7a23203df6d5f0008047abe)
                          - __init__.pyi (RegularFile, 60d2ca4e0a6598f0b6114eacaeb3cd3b)
                          - experimental.pyi (RegularFile, 8b434731c5bc4ba2b1aada53a55d0287)
                    - TgCrypto (Directory, f8d3f02394aef0b0ddff9083eabffc89)
                      - @tests (Directory, 3ebb061bea68ec43f67a290d54bf31e0)
                        - stubtest_allowlist.txt (RegularFile, 556f01b26e077326b3a59f3828ce8c17)
                      - METADATA.toml (RegularFile, 554daa468eb19525b27cb0c918282773)
                      - tgcrypto (Directory, 67447f6c6813f786ec6f673e3778a6fc)
                        - __init__.pyi (RegularFile, 1673f6755e7ca2c69a3476dd5b536043)
                    - toml (Directory, dfcfdc0eecab7201c09bbbcd6ce16e02)
                      - @tests (Directory, e8ff3c6a0cec91daab64d32845fe5efb)
                        - stubtest_allowlist.txt (RegularFile, 5597b3d1c61ec2acc13db9e1560a7041)
                      - METADATA.toml (RegularFile, 8d1c33009a2510a0f7f1c777833fb811)
                      - toml (Directory, 71ee6781fe1b3990b77bfebbebab4b68)
                        - __init__.pyi (RegularFile, 8898c8b2b16c72ed3ab2c9fc15431e4d)
                        - decoder.pyi (RegularFile, 0f1d0862be20cc478e59af8a23998176)
                        - encoder.pyi (RegularFile, c2576f38462c3e46dede6e6a903ec1ac)
                        - ordered.pyi (RegularFile, 9b2d0f674a176672d843156635158cd6)
                        - tz.pyi (RegularFile, 263fa56e06cfe298cbfa844b6f9eb45d)
                    - toposort (Directory, 67823b8716bc432c776f254c1c854d23)
                      - METADATA.toml (RegularFile, 3f86f74bf29d2835b3eb7e414f50e35d)
                      - toposort.pyi (RegularFile, bd786be11554cc6a728faea6db9e5b95)
                    - tqdm (Directory, 4cf48cae932ef7dbfb9df1d9faf244fa)
                      - @tests (Directory, ad129fcbfcd1278890ed134886babc16)
                        - stubtest_allowlist.txt (RegularFile, 0fb1c543040002f428ef885d78309f8c)
                      - METADATA.toml (RegularFile, ece0ce20082d56b2b3552a37e66a60a6)
                      - tqdm (Directory, c3590a782f7deb109948f96a0374ff1d)
                        - __init__.pyi (RegularFile, c8efef9ded84def496be1ad6a1e6015f)
                        - _dist_ver.pyi (RegularFile, f571933bb948577b1f9f3076fb8fc7c6)
                        - _main.pyi (RegularFile, 207117627a2af96a2eb262b9c2914035)
                        - _monitor.pyi (RegularFile, 90d48a4dd7238e88ba2515df82ba40b6)
                        - _tqdm.pyi (RegularFile, 4e01cb1ce3288c069bb5a360bdfc3f4f)
                        - _tqdm_gui.pyi (RegularFile, ae532511e10669b5fae965a5e46bfae2)
                        - _tqdm_notebook.pyi (RegularFile, b2e7f26d5d1a7637fd050ff210a96768)
                        - _tqdm_pandas.pyi (RegularFile, 9b05d67be8687d9741950819b398ba61)
                        - _utils.pyi (RegularFile, df1e03ed7c37a668db2fe50d76794429)
                        - asyncio.pyi (RegularFile, 3bcdcbd79cec0e915f8b36ee8127b944)
                        - auto.pyi (RegularFile, a21df2b8763a7ec59b6363a085e99fc2)
                        - autonotebook.pyi (RegularFile, 90c84a6086cbaf36e4db47c4d3559e7d)
                        - cli.pyi (RegularFile, d43763f3632f044499e860ba5da758bb)
                        - contrib (Directory, ee6d4fa810f0e586c93ffeb7a5fc60be)
                          - __init__.pyi (RegularFile, b2c3ba0febe926afb2f659bfe18aa655)
                          - bells.pyi (RegularFile, c16c2fd81a711744b7ef1bc5f8b8ee67)
                          - concurrent.pyi (RegularFile, 0c5a7066731a683b426d3517378f9c0a)
                          - discord.pyi (RegularFile, c3cb9d1ced337f0bb3ca2e7be22ef33a)
                          - itertools.pyi (RegularFile, c4ce89c6e228568b457f27fa9dd2566c)
                          - logging.pyi (RegularFile, aed27bb2313f65634f8dda98317e5e10)
                          - slack.pyi (RegularFile, 155b27f32ddaa90ba47d4c68918b7ef6)
                          - telegram.pyi (RegularFile, ec8f3bb757613b20d39cfca37a6f3306)
                          - utils_worker.pyi (RegularFile, e9231db41e8a0961f60291ba1a59e792)
                        - dask.pyi (RegularFile, bb61f194743493864bde30dc7936eee6)
                        - gui.pyi (RegularFile, 20ff03defb9e01d35128fea3bbc5f5f8)
                        - keras.pyi (RegularFile, f7897d3781e5fd58393398f80c0bc918)
                        - notebook.pyi (RegularFile, fe237a8f7f8d6b6882783bc89ef3dcb0)
                        - rich.pyi (RegularFile, b5ed08b89868ddb1fb1341a38eeb2e71)
                        - std.pyi (RegularFile, e9e277c486898f82f6c5731ba1c86f45)
                        - tk.pyi (RegularFile, c9da56539d2b4b9c3b1f6c709488fa6b)
                        - utils.pyi (RegularFile, f72c71cbb86abc6874da1953830311c5)
                        - version.pyi (RegularFile, 4f674eb8f556927c4aefa3c7c517cee5)
                    - translationstring (Directory, 6cf433a5d89b1c20f8eb6b57d321322f)
                      - @tests (Directory, 9b571c70fb290a84f28c022d1d62f754)
                        - stubtest_allowlist.txt (RegularFile, c694ad83de23f250891ebd56b421fe64)
                      - METADATA.toml (RegularFile, 19af8eff033dd20c1b33a2b232ab8aee)
                      - translationstring (Directory, 6bc2f69de55d09f1d8c482fcd5217923)
                        - __init__.pyi (RegularFile, bd854352d8d221ee75edfecf1cd9f0ed)
                    - ttkthemes (Directory, 071379c6c61fb6f70c9c539a651da966)
                      - METADATA.toml (RegularFile, d9792295ed4fb209e7a3480b6d1d1592)
                      - ttkthemes (Directory, 213b9f4bd44031d0b909e7ac4c3aa7fa)
                        - __init__.pyi (RegularFile, e9c527e0ccfca823239ca52e4d143ca5)
                        - _imgops.pyi (RegularFile, b22c5d2ad96ba42321619bc1f9eaff39)
                        - _utils.pyi (RegularFile, 382891f9417e64371bcf50fd82d01218)
                        - _widget.pyi (RegularFile, a4d90810e0c458f2d15373707d917a40)
                        - themed_style.pyi (RegularFile, 3310cd6b771d0d374eeebd8f147c5767)
                        - themed_tk.pyi (RegularFile, 57ecf5740fa58317a693dbd2e13a45b9)
                    - ujson (Directory, 4d038003af679473ce530749d6a5ad1c)
                      - METADATA.toml (RegularFile, f77630d85da4140ed15e13cd6db3505c)
                      - ujson.pyi (RegularFile, 8f671b89166a9e26d27df87adf58610d)
                    - unidiff (Directory, 5da1fe39ed13f85f23da296ea35a9bdf)
                      - @tests (Directory, 64c928d6e3ee45b5fc34527c487f53b6)
                        - stubtest_allowlist.txt (RegularFile, 2b3972a55efab2581b8e20291eef8bf2)
                      - METADATA.toml (RegularFile, 1c59cca91671bce5caaf3708fed6c9f0)
                      - unidiff (Directory, 8264fff0d5a8db9a2f1ab58690ff10ea)
                        - __init__.pyi (RegularFile, fd26c9d9249b46ff2d692eed756b9531)
                        - __version__.pyi (RegularFile, 4f674eb8f556927c4aefa3c7c517cee5)
                        - constants.pyi (RegularFile, 60f6062225dc6d302be1cfbc26c82c5f)
                        - errors.pyi (RegularFile, 5a5c2dddb5493e84551ee5d1cb1cbd95)
                        - patch.pyi (RegularFile, e67d3fef32d061ce5cfbf4e5220e14dc)
                    - untangle (Directory, 09f601d4ed4a1c3be7692bfbee4cef76)
                      - METADATA.toml (RegularFile, a3bb2d4f58112e1d633ee577c9f8bf41)
                      - untangle.pyi (RegularFile, 862a6dcd67fe7d0989d2c451e6c20e7d)
                    - usersettings (Directory, d2aa898a54235cade229ad93781b7ee9)
                      - @tests (Directory, 48470b74c3df626c7f62b0bcf1011d32)
                        - stubtest_allowlist.txt (RegularFile, afbccdc89d6ca75cdab13614883e4c22)
                      - METADATA.toml (RegularFile, efd1d5faa623c9524ed00c4c09f103a4)
                      - usersettings.pyi (RegularFile, a817ed0250c34f29b95a6988af9561d2)
                    - uWSGI (Directory, 15a1905771ae54140cb5bb6aa3dd33c4)
                      - @tests (Directory, b2a666b95019ad835c3d8183739f6b1a)
                        - stubtest_allowlist.txt (RegularFile, 2451a5bec2081df4f404f64badf8a043)
                        - stubtest_allowlist_darwin.txt (RegularFile, 596e9cd3c60e60d3783169061ede14d7)
                        - uwsgi.ini (RegularFile, 9a621ce1cd3f76b127cffa67299f9376)
                      - METADATA.toml (RegularFile, 76ee63d6d052b80080894f33d5d060eb)
                      - uwsgi.pyi (RegularFile, 5d7d656e38fd4fc31cbadae375c2b9f8)
                      - uwsgidecorators.pyi (RegularFile, 0357492db47874b97144e47cc55f8b45)
                    - vobject (Directory, 1bda0cbcfd60a4a8036cb6eef3549a0c)
                      - @tests (Directory, fa5edb91378e29513c050963dfe961c0)
                        - stubtest_allowlist.txt (RegularFile, e235e205119b2c389a389f7a9bcad70c)
                      - METADATA.toml (RegularFile, 70283d33a06975ec5cfc96e75a747a83)
                      - vobject (Directory, f0d1bdd2193cb475e279584839cd5fa0)
                        - __init__.pyi (RegularFile, dfabb079809771a0cacb58d81b0f0358)
                        - base.pyi (RegularFile, e98337e9b94c4821e8b49dea2b483717)
                        - behavior.pyi (RegularFile, f8a152b431baeb0c1de5e09fd8fce683)
                        - change_tz.pyi (RegularFile, e1e4e93cbcdec9afc05beb15c8839e70)
                        - hcalendar.pyi (RegularFile, b9b775f477625d37b873efa3b1ea9d3f)
                        - icalendar.pyi (RegularFile, c375d3191f078d38fc29a2544c0c3dd5)
                        - ics_diff.pyi (RegularFile, 9dbb9a044811d76668ed1f800f18d77e)
                        - vcard.pyi (RegularFile, 9b03806fea9df6c13975ecac818ccf3b)
                        - win32tz.pyi (RegularFile, 0df1e561de150b29ca0a0b2a23109e3e)
                    - waitress (Directory, 51b23241e9cb5ad1ddeba2ca4a26681b)
                      - @tests (Directory, e1f1812ded68cdfb79f7a8bd91207f9f)
                        - stubtest_allowlist.txt (RegularFile, 94d01cc289bcd95b1244c02471ebe38f)
                      - METADATA.toml (RegularFile, 3094fdd25be69970298dcddf22ae0f10)
                      - waitress (Directory, a32b0e42975e164880a7ae48afc73e54)
                        - __init__.pyi (RegularFile, 2c3a160f41fe617ca98f9d9014efb1c3)
                        - adjustments.pyi (RegularFile, 780fe7f4d6c218a4caa380040745f5d4)
                        - buffers.pyi (RegularFile, 8bce9828292ec8ffc74d20249630fcd3)
                        - channel.pyi (RegularFile, 71e7cfc4755b72085f735435bcc19a19)
                        - compat.pyi (RegularFile, 3a6f391f8270629fd1db11bbccac385a)
                        - parser.pyi (RegularFile, 0bd4ba3358f5f7a7ce9922c39025d74c)
                        - proxy_headers.pyi (RegularFile, 28b671170e278a209012b2e1338d24ea)
                        - receiver.pyi (RegularFile, 3a0a99f3a4246e760190de4c01b16e00)
                        - rfc7230.pyi (RegularFile, 6c2b13663e62abb624d478ffb986de59)
                        - runner.pyi (RegularFile, 0a4f84be985ff1c818c087bd06da3717)
                        - server.pyi (RegularFile, 485a6f8cbccb98008d9d524f41a20829)
                        - task.pyi (RegularFile, a9e87f0ca4484a2d13228f57b20bec26)
                        - trigger.pyi (RegularFile, 99bc9f3c8820d192237c4049444545b6)
                        - utilities.pyi (RegularFile, 9febfb1882d85c31a4a5a943ac0b7618)
                        - wasyncore.pyi (RegularFile, 5dde1a081861b1da0d202d32ecb277ed)
                    - watchpoints (Directory, d56b6a68ac540a8bf77322fb951c300e)
                      - @tests (Directory, e0c92f0229366e28a7f424aba64eee98)
                        - stubtest_allowlist.txt (RegularFile, c1725f55abfef025a6c273d41c9b172c)
                      - METADATA.toml (RegularFile, 1abed574d9917ffb18250194b6866756)
                      - watchpoints (Directory, 18433dcd63fb1fc660b5cf54763ddaab)
                        - __init__.pyi (RegularFile, a04f5742c7fd610acaa4179c9f39976c)
                        - ast_monkey.pyi (RegularFile, c5424925d0421af2ea36d4367486511f)
                        - util.pyi (RegularFile, e001c681110131910bb6158f5df15abf)
                        - watch.pyi (RegularFile, 6c7977031a207dcc403abd80090d0034)
                        - watch_element.pyi (RegularFile, 70d4bc3068308c8b681ac33b10ae077d)
                        - watch_print.pyi (RegularFile, 68e647d381e63792eca81ca2f9da2022)
                    - WebOb (Directory, f77149ae71c9b7825589d8e7e22c1104)
                      - @tests (Directory, 58dd7fe3a7615e8dac3a3b8612e16afd)
                        - stubtest_allowlist.txt (RegularFile, 2e1e52b60c94d3dd36d759e1cf164bd0)
                        - test_cases (Directory, f19124fad92ee048bcb7981a3e6d24bf)
                          - check_cachecontrol.py (RegularFile, bf92bdc3425baec6775da9302146d8ed)
                          - check_wsgify.py (RegularFile, 96cb20de8998e53a298410b5ffe5cb09)
                      - METADATA.toml (RegularFile, 0e95ce69fa767c9abca904ddc5d42ba8)
                      - webob (Directory, ed179cf7cc54b4092742df91c7ea904c)
                        - __init__.pyi (RegularFile, e1b2dd9afb7e82ad8679b4e3d12bc5db)
                        - _types.pyi (RegularFile, 9f9b6df3643f3833b8692415679e1263)
                        - acceptparse.pyi (RegularFile, 8078533765c31dae72c3931eea3f9fd6)
                        - byterange.pyi (RegularFile, adb37eb7e98dce006d05fe9ca46ee56d)
                        - cachecontrol.pyi (RegularFile, 209d2c471dfa2ab96523a933190d505c)
                        - client.pyi (RegularFile, ef2c270b7b9c86e6c0265254842ef553)
                        - compat.pyi (RegularFile, 488ba5d7cb1454e70fd42eb5e42b65b6)
                        - cookies.pyi (RegularFile, 3eb793ee34cb61077501b6e8d483dc23)
                        - datetime_utils.pyi (RegularFile, 027cb35120a92ca64228e0cd5599b811)
                        - dec.pyi (RegularFile, a278a0a679864e83a179f780c677c98f)
                        - descriptors.pyi (RegularFile, 093452316e7a097acdd2152d556de9b0)
                        - etag.pyi (RegularFile, 5e4cb18bfffe33a61b336e910cfc3b16)
                        - exc.pyi (RegularFile, 75f1b867480edf09984d93ab6aa8c235)
                        - headers.pyi (RegularFile, b58fdbdb744a1fa3b7ee35cb43bfa456)
                        - multidict.pyi (RegularFile, 2fc77bf59a6cd9b08990ebd7ef75a972)
                        - request.pyi (RegularFile, 03da915981fbc6f2b0cda0766d17d3fc)
                        - response.pyi (RegularFile, 2a226c5c173412699593329a4d400042)
                        - static.pyi (RegularFile, 645013994d77163195929b71f1b44d01)
                        - util.pyi (RegularFile, 763d4aeb8108ff1a34257b3fe4171c07)
                    - whatthepatch (Directory, 37701871792a40862bd2c8366a0b6e80)
                      - METADATA.toml (RegularFile, 1cb3485c74b2e966f602b3b98adbc932)
                      - whatthepatch (Directory, 6bf004cda5cc8bc1a47b5b496a05a82f)
                        - __init__.pyi (RegularFile, f0e26c7b21c2776565b15e9d103b8c39)
                        - apply.pyi (RegularFile, 384f43e795997f610b67d4d71aa0b064)
                        - exceptions.pyi (RegularFile, a56ca7a240b14ebee136f06a5e364660)
                        - patch.pyi (RegularFile, 145545f46fa9c2f11cb64ed581a9bac7)
                        - snippets.pyi (RegularFile, 036402c0c621f2b0a760121c5ec3d979)
                    - workalendar (Directory, ae8cf9e4cfad85c32bfb09891794eb42)
                      - @tests (Directory, ca2a671cebbc577a1ab3df69bb84792d)
                        - stubtest_allowlist.txt (RegularFile, 868cbc766f99adecebfc339d37544508)
                      - METADATA.toml (RegularFile, c6079d7e512e54624528cf6a2cfb260b)
                      - workalendar (Directory, 2ad6b65449261cb4f237daf68c9e33af)
                        - __init__.pyi (RegularFile, f571933bb948577b1f9f3076fb8fc7c6)
                        - africa (Directory, 5b80e6d90c18b2105671bda9c4e8607b)
                          - __init__.pyi (RegularFile, b2908fabdb6413195be6257f356fc588)
                          - algeria.pyi (RegularFile, 51160dafe810e890bac434004ff457a4)
                          - angola.pyi (RegularFile, 2d22b08cb3004ee5c01e325b00dc844a)
                          - benin.pyi (RegularFile, b04e5261e8f0d54671600aca0ecb3f92)
                          - ivory_coast.pyi (RegularFile, bbafe1cdcb44f8deb3d942e703ffab4b)
                          - kenya.pyi (RegularFile, aabfc51b3c98298b7a32f2c2887c7809)
                          - madagascar.pyi (RegularFile, 9e94cdd112f6e623373d0c497c10f45f)
                          - mozambique.pyi (RegularFile, 0980af16d86d649c4438ac94ceb4e5d3)
                          - nigeria.pyi (RegularFile, 0a4e77ea1d594d470f52c2f317d3e9ae)
                          - sao_tome.pyi (RegularFile, 776ed6655b80284454c06eda6b1f16a4)
                          - south_africa.pyi (RegularFile, cd5193446eeee815aab54dc99ffd31e0)
                          - tunisia.pyi (RegularFile, 32bcdd80aa133565c7a5bf1e3658ff74)
                        - america (Directory, b1bd5a825397b69f6ff2090c12889cad)
                          - __init__.pyi (RegularFile, b31099137d9bfe978b8cf010a51db9bc)
                          - argentina.pyi (RegularFile, 8062ed5715565ce1bc7b4c160b09fd97)
                          - barbados.pyi (RegularFile, 425b69a3edbd0ed404c7023b60d80529)
                          - brazil.pyi (RegularFile, 980fbb38f52af0499be118d4aa57eb86)
                          - canada.pyi (RegularFile, 7b11b213fd46054267c69bc4dcf905fb)
                          - chile.pyi (RegularFile, 1b24e4bdfd4b7f70fe48940972e9e181)
                          - colombia.pyi (RegularFile, 957d65f21bba75ed195b7547887b91d8)
                          - el_salvador.pyi (RegularFile, 557b8b84d8f23c3cecf4bf78ad2c68af)
                          - mexico.pyi (RegularFile, 97bbbf895826a65794eed3b4d052dfc8)
                          - panama.pyi (RegularFile, 9673eded9e8e29be2755c580b8f2a3cb)
                          - paraguay.pyi (RegularFile, 4852d762c63a5bbd3a569a8ce7e50db1)
                        - asia (Directory, 69a1a0ff0f28318d79e64de4cd81ac22)
                          - __init__.pyi (RegularFile, 51f0b5275596c131736cdc74100b344b)
                          - china.pyi (RegularFile, 19f420b51972c283ac9e5715355373cb)
                          - hong_kong.pyi (RegularFile, ab7a1203a5743f6bbbc3103cfcbcdcdf)
                          - israel.pyi (RegularFile, 6e3bef0de41b53601cd1a85c014287e4)
                          - japan.pyi (RegularFile, f9c2d354f615ffbfd8e1051a23708c57)
                          - kazakhstan.pyi (RegularFile, 7369da4393f96700b67197eb11410fd3)
                          - malaysia.pyi (RegularFile, 1e2023769f03c583ca4c8e33d474c0e8)
                          - philippines.pyi (RegularFile, 615e0e384af06d7d372be01ffc490e1a)
                          - qatar.pyi (RegularFile, 6a627902c1692146f2863bf7e47ae7af)
                          - singapore.pyi (RegularFile, c7e746ba3c22bab5fc9e2967913cf1fe)
                          - south_korea.pyi (RegularFile, 41ca54a1c59a05b8f57f8f81861af8ec)
                          - taiwan.pyi (RegularFile, 2649fa8e8c8a6054edea152b0e7e93ac)
                        - astronomy.pyi (RegularFile, 698426363d72ad33a0bc30eb41e27664)
                        - core.pyi (RegularFile, 86eaee66f906580d6de8f6f4f4686768)
                        - europe (Directory, 48509e533ba9db6283c1ad672810fc55)
                          - __init__.pyi (RegularFile, 0e3c6749fdff7d9c2f57eaa76d0c0577)
                          - austria.pyi (RegularFile, d7924a08b11dc235fdbcfada4918ca11)
                          - belarus.pyi (RegularFile, 715ee5c63f596a7014c3334e1e721ca9)
                          - belgium.pyi (RegularFile, b40c1f028e18cfe2c57d3e8ace603ef1)
                          - bulgaria.pyi (RegularFile, 61aae427078f5a7eabdfcba90811781d)
                          - cayman_islands.pyi (RegularFile, 42514dbbfdbea8eff4f5ff7c32d101e6)
                          - croatia.pyi (RegularFile, c89789e4b3a6a776cdb581125c467e9f)
                          - cyprus.pyi (RegularFile, f9a67f40c395267ffc1fd6451a82bef0)
                          - czech_republic.pyi (RegularFile, e2d8b485934841fc4037ebb8d619b336)
                          - denmark.pyi (RegularFile, 07617b79e50688489df3d2b4105a4b80)
                          - estonia.pyi (RegularFile, 51bafecc4a29b11a7ee8703f7ae80b4d)
                          - european_central_bank.pyi (RegularFile, 8ec0500550bdda3e4d0e478fa89e295f)
                          - finland.pyi (RegularFile, 450480f758b6cc08cc99c1bca04a0199)
                          - france.pyi (RegularFile, 918224f68822c99aa9f1cee486126c9a)
                          - georgia.pyi (RegularFile, 2b6ab8a5916c29aa9a65f5fcd84206a0)
                          - germany.pyi (RegularFile, 07600dde73d2ca474397a9f03d45ece1)
                          - greece.pyi (RegularFile, aa59bea7dd8440f1ada39b5db19870b8)
                          - guernsey.pyi (RegularFile, e42e99f48083e003bdd377d7f927c4ea)
                          - hungary.pyi (RegularFile, 8605580a7645fb78e386b527585c1193)
                          - iceland.pyi (RegularFile, b47d4a86556563a76fb76c08eb7e41bd)
                          - ireland.pyi (RegularFile, f39e66507356208237bbdea5373d09a0)
                          - italy.pyi (RegularFile, 31a92bd77af29f37fd069432f2a27c13)
                          - latvia.pyi (RegularFile, d586eb488e08c7e926d2d6c7e08fb3dd)
                          - lithuania.pyi (RegularFile, 8737c0ed02623197dba88c9a1235ea24)
                          - luxembourg.pyi (RegularFile, 0186958671f8d2f00acdc03769204ce5)
                          - malta.pyi (RegularFile, 131455dcae58977e7b68135122a9fdfc)
                          - monaco.pyi (RegularFile, a5ed9eea60394fb072ad2fe13d6f3be6)
                          - netherlands.pyi (RegularFile, 00266537d827d0c9e8c1c8186b936ae7)
                          - norway.pyi (RegularFile, a6e27881a01440bcf4b5e261a54925f6)
                          - poland.pyi (RegularFile, 32169d4b0e96b1432ab5194976c12f32)
                          - portugal.pyi (RegularFile, 066faa19767b930d6fff28f60f7cbac4)
                          - romania.pyi (RegularFile, 4bca19bf393decb5939cd798eaf22a2a)
                          - russia.pyi (RegularFile, 69582238b0db19264c0b16068a735b83)
                          - scotland (Directory, e35571f0f9f793287451ec550cf7b5d5)
                            - __init__.pyi (RegularFile, 792ca0086aa2ae4c44d82afabdebc3a3)
                            - mixins (Directory, 79e670b47ce6e4ca4de94efc89e86ab9)
                              - __init__.pyi (RegularFile, 3a9149dbb80b1dd50a801bfc45012bb8)
                              - autumn_holiday.pyi (RegularFile, a2630280ffa023d2044a200f0fdadd60)
                              - fair_holiday.pyi (RegularFile, 916bc79d1ea07bfc8e137928855fa855)
                              - spring_holiday.pyi (RegularFile, 70d2f3ef302f11bfee69a73a3f5a5445)
                              - victoria_day.pyi (RegularFile, 21bb06556227f8b11d9ecbbb72c13394)
                          - serbia.pyi (RegularFile, a0be56d68d6ffb79c6b6156c9636b21f)
                          - slovakia.pyi (RegularFile, 68864cc16a51301f77edf6c49a2acd4d)
                          - slovenia.pyi (RegularFile, 8404b071152eba6c6a9a74c89c89cb65)
                          - spain.pyi (RegularFile, 4aba790e9a6a3f43ba8eba2ab1322002)
                          - sweden.pyi (RegularFile, 070bc9cd69afb3cfb604eab9dcab11a7)
                          - switzerland.pyi (RegularFile, 4a1e7521f0c1e7a9762fa045258d72d7)
                          - turkey.pyi (RegularFile, c3b4d5469f62e2a23c4ca5cda3edd68f)
                          - ukraine.pyi (RegularFile, 037234245e29c1d9d6409d715e75d3f6)
                          - united_kingdom.pyi (RegularFile, e3059378637a5c0ca7b441ddf517e307)
                        - exceptions.pyi (RegularFile, 00aed6ba7c2d599db8aaaaee7d881ee4)
                        - oceania (Directory, 1f448b41847f5d355212fab0a23a94c4)
                          - __init__.pyi (RegularFile, e15a38ce45c09ce70eea1f70501ed7d1)
                          - australia.pyi (RegularFile, 18846344e562b69c814ccc55a878ed66)
                          - marshall_islands.pyi (RegularFile, 827273fbf23fda6725aa94a177a063d9)
                          - new_zealand.pyi (RegularFile, 2b23a9ad1be2d560e525af651936c1b0)
                        - precomputed_astronomy.pyi (RegularFile, 80469854fee3c004d88d3b5ebfa5be2b)
                        - registry.pyi (RegularFile, de90280fe864a44b5fbc6a9f51f399de)
                        - registry_tools.pyi (RegularFile, 9294450a38b21eb3172285207cdf286f)
                        - skyfield_astronomy.pyi (RegularFile, d7fb5325a5900fc8664f1f3e71885b69)
                        - usa (Directory, d0b358fb52685eae259d7fbd7d399503)
                          - __init__.pyi (RegularFile, 796a8e6f59f8a1248fb4decdfc3ffa89)
                          - alabama.pyi (RegularFile, 6e95fdf59927b658eca8664f1f284de8)
                          - alaska.pyi (RegularFile, 9069d153f4568180e714e7bd22dd5b48)
                          - american_samoa.pyi (RegularFile, bb51b75ad53b73a480aa4220fe312072)
                          - arizona.pyi (RegularFile, cf10ff99ee1bd2c895c63288354ff907)
                          - arkansas.pyi (RegularFile, 047524bc62275eaf1e4849eb93fb2ce5)
                          - california.pyi (RegularFile, 141436e67f3d7f04721ceb9eadeb46bb)
                          - colorado.pyi (RegularFile, 7b3cba1da81573b371ce96aa75555673)
                          - connecticut.pyi (RegularFile, 1fa4c5ae3687ece3d9428b049f0e8c28)
                          - core.pyi (RegularFile, 0f6b5d2aa817e7dfae67b69a5bd88ec7)
                          - delaware.pyi (RegularFile, efc2313ed775a9c6ea3f95308a399f88)
                          - district_columbia.pyi (RegularFile, d2939200086d3a1eb5dc8e5500460298)
                          - florida.pyi (RegularFile, 985c081bd680f5374e935e51acc2ab80)
                          - georgia.pyi (RegularFile, 937c2ede224f8de9ed6eb42dbb9cacad)
                          - guam.pyi (RegularFile, 31b1a56bfe2a90c4c065bd3e0e69f03d)
                          - hawaii.pyi (RegularFile, 79b9e1817ad03728962a51b78fba54e4)
                          - idaho.pyi (RegularFile, 8c513d908dacbdcb728a6258d2e1f0d9)
                          - illinois.pyi (RegularFile, 9b662f8350b9ba4706cd18dd878f6c45)
                          - indiana.pyi (RegularFile, 8ba1247b927cd188ebf154a61a7b5bed)
                          - iowa.pyi (RegularFile, 1989ea183c85175b539ccd1c11482b9f)
                          - kansas.pyi (RegularFile, ee268b830eb667c9c0060dd63a910b70)
                          - kentucky.pyi (RegularFile, c6d8a471600b74875d767886f91c025e)
                          - louisiana.pyi (RegularFile, 4b99c22de5420e4523a81ff25a62e20a)
                          - maine.pyi (RegularFile, d607f4ec1ae79b0b00d5c20326590747)
                          - maryland.pyi (RegularFile, c3cbe052516a24445dc7bf5e73fe32f9)
                          - massachusetts.pyi (RegularFile, ce89c519285aa3a0d9353a665174aadf)
                          - michigan.pyi (RegularFile, 00d8960d9a8b835a830e247a0bb43133)
                          - minnesota.pyi (RegularFile, 975434270b7e8d0e9a39e99fdb0b8f64)
                          - mississippi.pyi (RegularFile, 4ea32159da85d77391421592de311615)
                          - missouri.pyi (RegularFile, 1c49568e6969ff96b2da159fcca95957)
                          - montana.pyi (RegularFile, a3f541bed404b12e274a1b4c0da89eb0)
                          - nebraska.pyi (RegularFile, 88178860161b70db5a5d91ac42c4ab29)
                          - nevada.pyi (RegularFile, 0fb57e5e1b83d9c727e98b0912863119)
                          - new_hampshire.pyi (RegularFile, 8d8a7fb70d31de22d1d8194f5003fd39)
                          - new_jersey.pyi (RegularFile, fbae560b486ed4c5a4774d335e88428c)
                          - new_mexico.pyi (RegularFile, 4d67c04c8e50d3484b0cb5f30ba58baf)
                          - new_york.pyi (RegularFile, 4d5559d10bd3db682fb36c98ee363339)
                          - north_carolina.pyi (RegularFile, ac265a5310c75b52ce1a50721961e09a)
                          - north_dakota.pyi (RegularFile, ee61b8970aea76c856cebc3fbcfc17d6)
                          - ohio.pyi (RegularFile, 57616dc99414c11f6ad20d2acc903c48)
                          - oklahoma.pyi (RegularFile, 27d900c61f23931b97efa10a9124fd70)
                          - oregon.pyi (RegularFile, 8343abf3ccbcb67dc898abbcbb3f4cec)
                          - pennsylvania.pyi (RegularFile, f57b47b516d8082147d78acfd328326e)
                          - rhode_island.pyi (RegularFile, cecf5e4f21e9c9e5fa48bc123ef23619)
                          - south_carolina.pyi (RegularFile, e346b825f58033e47502debbe00880fa)
                          - south_dakota.pyi (RegularFile, 7a004cc7e37c9081811328058bd91f54)
                          - tennessee.pyi (RegularFile, 2af45581d59a6f3fb44c63ae02a6c15e)
                          - texas.pyi (RegularFile, c9d4f6d8d549b07df54a7207a9b61803)
                          - utah.pyi (RegularFile, bab4ab35ae8ac5b57ca0c59176ba26aa)
                          - vermont.pyi (RegularFile, 1289914253df09a022f0060280d19799)
                          - virginia.pyi (RegularFile, 89d0802ad62169ebd2d9dd60637f334a)
                          - washington.pyi (RegularFile, c2eb7857d3cbb6da7a74fb0c3057778d)
                          - west_virginia.pyi (RegularFile, 27ce3ba4fed03961bd96afe8775a3ae3)
                          - wisconsin.pyi (RegularFile, 4ed063d0a3ed82f6968b2a915cefafdb)
                          - wyoming.pyi (RegularFile, 9c724578383f54fcc00ea65b71571589)
                    - WTForms (Directory, 0814b437a1e8adc9da2aa279a89c4c69)
                      - @tests (Directory, 613c5a47e42195fcbee80d1fbb8333df)
                        - stubtest_allowlist.txt (RegularFile, add7148e14c2de99c84df2f5c354ec53)
                        - test_cases (Directory, 5f4d81ba3c04cc8c10fb017838343c01)
                          - check_choices.py (RegularFile, 7906a5c5713b5ff88661e9cf652e326d)
                          - check_filters.py (RegularFile, 21ac01e3e609beeeebcce64a904b2844)
                          - check_form.py (RegularFile, 818cbb857cd0899855b6eb80ee069791)
                          - check_validators.py (RegularFile, 5e41158956881dfb5ebe494547d1a74f)
                          - check_widgets.py (RegularFile, 3a9a9cdd1682e29df07f3b94d58c1c75)
                      - METADATA.toml (RegularFile, a1b99daf3ca16af859ad89b6aaee013b)
                      - wtforms (Directory, 320664b1e339ebfd2c1c4aee22c23841)
                        - __init__.pyi (RegularFile, 81cc5ef74aef7165837284dc04517a65)
                        - csrf (Directory, be650c4fd330f6da7ac2d87fa07c930a)
                          - __init__.pyi (RegularFile, f571933bb948577b1f9f3076fb8fc7c6)
                          - core.pyi (RegularFile, 1b7e6c13ec43f69241f23bbc966b2ee4)
                          - session.pyi (RegularFile, 56d168166b8f61a27197385cf55e8887)
                        - fields (Directory, cd92ddd1bf9f6f037c01f23647448104)
                          - __init__.pyi (RegularFile, 51df505108bcf944bf66399ac91f1d8c)
                          - choices.pyi (RegularFile, d89a5a9eddb602b0240ab33eef54f4a0)
                          - core.pyi (RegularFile, 4f7d2ad5a31d7b049d07ccf0f0f6ca6c)
                          - datetime.pyi (RegularFile, 089bd7fdc85785976478f043d9aea40a)
                          - form.pyi (RegularFile, 4e380722efe10e0c8764a9a0113c10b9)
                          - list.pyi (RegularFile, b0988adfcb09bd44ee655195a75adc12)
                          - numeric.pyi (RegularFile, 7298bdf72db527ab03a01e0093ef69aa)
                          - simple.pyi (RegularFile, 7f7df3b03db7e9410ad8fa8830da4fed)
                        - form.pyi (RegularFile, 6b4929cf459c017942de3ec4bf95f0aa)
                        - i18n.pyi (RegularFile, 5751a854018e5987a18f6fb6645aeb5a)
                        - meta.pyi (RegularFile, 0d458e9d9e098ab51a39a0fc162e86e5)
                        - utils.pyi (RegularFile, dd1e5d2935fe987ccb0567adf6a2254e)
                        - validators.pyi (RegularFile, da17e26c25bfbedbb5e6af12f856ecc0)
                        - widgets (Directory, deaf10ec1b2198016931a6a2da62783c)
                          - __init__.pyi (RegularFile, ff3a9d01cabc7b4c78cc8f7c8434b69e)
                          - core.pyi (RegularFile, 2d5c195ebb82904dcfce0b47f454a56d)
                    - wurlitzer (Directory, 0477181b91fb6e5e9777b927430752fc)
                      - METADATA.toml (RegularFile, 3ac89f55adb399c7381bdfa8f53ba972)
                      - wurlitzer.pyi (RegularFile, b838b5731f66adde39d295edb82b1b2e)
                    - xdgenvpy (Directory, d53df57b2481ba2647e1d295a3c30b4b)
                      - @tests (Directory, 2a93ce838b7da06356de29ac1f672fef)
                        - stubtest_allowlist.txt (RegularFile, b81455784108468c523a889ce3596aff)
                      - METADATA.toml (RegularFile, e62b8718e1c1fd5334c0f7702471a9d6)
                      - xdgenvpy (Directory, 383fbc6a086069afb419665d6371fab8)
                        - __init__.pyi (RegularFile, f571933bb948577b1f9f3076fb8fc7c6)
                        - _defaults.pyi (RegularFile, e1a701b4fc7bfb2eadaf48c2e1acf73d)
                        - xdgenv.pyi (RegularFile, a4e28a00a6742bcb148892310c1c01df)
                    - xlrd (Directory, 3df098a486f108667029f2e9eaafab02)
                      - METADATA.toml (RegularFile, 2003cc02465a56cd5fe8932ba78b0322)
                      - xlrd (Directory, a353950c30c9b2398b256c4bde958541)
                        - __init__.pyi (RegularFile, 783252fe1e541b1d53282f9aef7e81be)
                        - biffh.pyi (RegularFile, ed337c527f9f31fb5e9c53095054ed2e)
                        - book.pyi (RegularFile, d88974e57b55b767630f7b1d2ca15c37)
                        - compdoc.pyi (RegularFile, 1436d04a5f639ea9edf7b2038924a444)
                        - formatting.pyi (RegularFile, a2581924dd2da3fec717c1833dc22d82)
                        - formula.pyi (RegularFile, 4230b477db87914c5dce069b505ad586)
                        - info.pyi (RegularFile, 58f888e0ae297edb3974e122bb9ef601)
                        - sheet.pyi (RegularFile, a3331f08a6c89ec854827086052bef3d)
                        - timemachine.pyi (RegularFile, b3c5e738bb64476e3c3ad40a80900df3)
                        - xldate.pyi (RegularFile, 61c30019a802800751f973c4d78d3b00)
                    - xmltodict (Directory, 52202b5703407171429b1cfe0a3db9d2)
                      - METADATA.toml (RegularFile, ab63a584a0485fd5e9d10933bf2949da)
                      - xmltodict.pyi (RegularFile, 96e5495d7280f8ae9238487f91d96e99)
                    - yt-dlp (Directory, 72b1dd3efbef1061575945e4e654b402)
                      - @tests (Directory, c277d47ef5b23ad8dc7f4b88a1e83faf)
                        - stubtest_allowlist.txt (RegularFile, e56ce42aa95bd2871a66a80ceaff6f51)
                      - METADATA.toml (RegularFile, edf2d3bf30c0e57fc6762249adaf03b4)
                      - yt_dlp (Directory, 910511ed5f306f423219f1537b0dabe1)
                        - __init__.pyi (RegularFile, 82628fc172ccb35910b811bc8289a20d)
                        - aes.pyi (RegularFile, a34c2611be10bc084ba146c847f1222f)
                        - cache.pyi (RegularFile, 9eadcd4cadea46d7dc05e2605c45c075)
                        - compat (Directory, b144c04efac868031520a7df85fd17fa)
                          - __init__.pyi (RegularFile, 2ad2de1fcb94e621c7bef68572952674)
                          - compat_utils.pyi (RegularFile, 917278469125784943e9984f20ec8325)
                          - imghdr.pyi (RegularFile, 5c0069859c0a2e0751a147b0583533cf)
                        - cookies.pyi (RegularFile, 9a38ece3d3001b1174dc651e6792f9cd)
                        - downloader (Directory, bf8c9b89095a8587deeb4d9c39e895d7)
                          - __init__.pyi (RegularFile, 6c4e5fe11aa0306b994fde769c8de672)
                          - bunnycdn.pyi (RegularFile, c6d5ecbd52097e1af0d4bc4211f295b9)
                          - common.pyi (RegularFile, d10bc52d976f6b7c4176621e611477f8)
                          - dash.pyi (RegularFile, 021c5e2b905837c4e7ab46ab08c311cd)
                          - external.pyi (RegularFile, 18655cf17d66c2671e3b53e920d5f647)
                          - f4m.pyi (RegularFile, 6b3ace23b7c665100d9703c97c8346c0)
                          - fc2.pyi (RegularFile, 4a88d963b23512e79447e65f0b102abd)
                          - fragment.pyi (RegularFile, ed21ab21e8b265aed9599d1f0f50ee2f)
                          - hls.pyi (RegularFile, 1dbc4d91ca763bfcf593934023134700)
                          - http.pyi (RegularFile, 813e23ef08d3eebe749e579d14635f37)
                          - ism.pyi (RegularFile, 5dd304c60475c774a013d342a37953fb)
                          - mhtml.pyi (RegularFile, 41b482c32746eb2948006e8defa8dd6d)
                          - niconico.pyi (RegularFile, 373de6131cac2c5aa09d9bb2589be1fb)
                          - rtmp.pyi (RegularFile, c291b25e1a81912fbd968d5ffc556c7e)
                          - rtsp.pyi (RegularFile, 2780f3a4c44b794eab684094c5c6c009)
                          - websocket.pyi (RegularFile, 3ba7edb62108a887c7c5cc9d8a8addd9)
                          - youtube_live_chat.pyi (RegularFile, c79803896626f1424cc45f7acb6dd769)
                        - extractor (Directory, c44e4f73fa6d5a179279a22b7347fed0)
                          - __init__.pyi (RegularFile, 21bed4a6aacc68c79bcd8554e46b74d5)
                          - common.pyi (RegularFile, 632d824fa206bba7b03ee22b256e6a5d)
                          - commonmistakes.pyi (RegularFile, 4dfeeecfa479d06e22edbe188e49c51c)
                          - commonprotocols.pyi (RegularFile, 84bd3dd7e15098951626e1fc9b8a4818)
                        - globals.pyi (RegularFile, 4fe8b8f910412907c9ae3d84c70e3915)
                        - jsinterp.pyi (RegularFile, ddcef6fdc27cdd0b435e76204564320f)
                        - minicurses.pyi (RegularFile, dc78de615122d2680eac51ec0d977196)
                        - networking (Directory, 1b8911dbf629a549cdccc965ddbd62e6)
                          - __init__.pyi (RegularFile, 6bb6238752be69c5e15869b26d9deed1)
                          - _helper.pyi (RegularFile, c26c4935dd94d806b3d67634f5e21647)
                          - common.pyi (RegularFile, b134bf8d91c9277edf7c263a5e3e6713)
                          - exceptions.pyi (RegularFile, 0dcb1cce8e0c8839093c0dd345a8233e)
                          - impersonate.pyi (RegularFile, f7c9d5b657050cc8efdf84bd8d673ed6)
                          - websocket.pyi (RegularFile, 293e97866abe328f2b406dd5b64e62ef)
                        - options.pyi (RegularFile, ea51fdf712899bd8441e0867837b4837)
                        - plugins.pyi (RegularFile, 69beff47e968c728dd1fb77ad3e3d71c)
                        - postprocessor (Directory, 71202767c90b0255e77bb76206baccfc)
                          - __init__.pyi (RegularFile, 95943992f1ec14288669cb7f02b54660)
                          - common.pyi (RegularFile, 60d0510de6559da41c003cdb874aed6c)
                        - socks.pyi (RegularFile, 5a68be0b132e68049313464b3e2b610e)
                        - update.pyi (RegularFile, 5ac861b3ac847b0e00ff86ba3fb41d78)
                        - utils (Directory, 54a15b61e41e61c6b92df43379a2cb0a)
                          - __init__.pyi (RegularFile, 1b513f05cfb4c726fe8066756a64e5cb)
                          - _deprecated.pyi (RegularFile, 3ceefd6ff469ef6cdb05a9680832c5d5)
                          - _legacy.pyi (RegularFile, 1665af68d02694cc5249a48008a29776)
                          - _utils.pyi (RegularFile, 506aec7e315dc37271b4fb68d4bf405f)
                          - jslib (Directory, d913c3cedf435d1516fc2923f875609f)
                            - __init__.pyi (RegularFile, f571933bb948577b1f9f3076fb8fc7c6)
                            - devalue.pyi (RegularFile, 689f9d4c9880386bb04a7b317b042cc9)
                          - networking.pyi (RegularFile, 444420d7c7794afd8b2a7f295bc8c438)
                          - progress.pyi (RegularFile, f31cecf4ccc7ce62f1dc8402c3e326bc)
                          - traversal.pyi (RegularFile, 60ffe8171476b1f66c333ff09960b08c)
                        - version.pyi (RegularFile, 10870fb3467d08d78396b8bded7efb4c)
                        - webvtt.pyi (RegularFile, 09e65c1a85bae7fe5ff9a06f90705b25)
                        - YoutubeDL.pyi (RegularFile, fdd7db52af9f5fc6afc012017966d2cb)
                    - zstd (Directory, 54dac6931aae54bb91be05020a754932)
                      - METADATA.toml (RegularFile, 777ccfb64cfb46f42ad2156692220c23)
                      - zstd.pyi (RegularFile, 16f353ed6d133fe1f8af353bee6a9c88)
                    - zxcvbn (Directory, 2f72ce24fbd97ae214c4c953795d311a)
                      - @tests (Directory, 3df30f3e289a55fb1ab6767b8b6e2d0e)
                        - stubtest_allowlist.txt (RegularFile, ea811d05febbb290729d84a4a744754c)
                      - METADATA.toml (RegularFile, 29f83ad6c74d214cbe71a02c4bbe9758)
                      - zxcvbn (Directory, daaf2eb80a17cfe2257003beecaef063)
                        - __init__.pyi (RegularFile, faba32de3a730992290140e3be3e596c)
                        - adjacency_graphs.pyi (RegularFile, 5b3cc432f4ab8cfe81076e1b581eaee9)
                        - feedback.pyi (RegularFile, 340834c1072366f8bfc89def9c7d9565)
                        - frequency_lists.pyi (RegularFile, 1ad7615e8db3caabacfd8dbf9f50fdc2)
                        - matching.pyi (RegularFile, 92b1869a84820aa05959cbf5507e75a4)
                        - scoring.pyi (RegularFile, ff3b0a2d8b4281aeefc81396357b8bd6)
                        - time_estimates.pyi (RegularFile, 361eb93b8802272111af4212117a4815)
                - uv (Directory, 7e26ce9e842d9cc9d8576cdcbe567c1f)
                  - uv_sync_proxy.py (RegularFile, 008444e3a1bf98e30e84941ef72be7d4)
                - virtualenv-20.13.0.pyz (RegularFile, d15cb4f8eb2f81211970997cba1b3345)
                - virtualenv-py3.pyz (RegularFile, 9669fe529870a9657f7742fe0573ea90)
              - lib (Directory, bc37b4d06d6192857019da89d2541129)
                - modules (Directory, 51fadbec5d01eac3d59a19d7ec1a4d05)
                  - intellij.python.ast.jar (RegularFile, 1960df7ed0df63dfb725e863bd33f00d)
                  - intellij.python.common.jar (RegularFile, 67bc2c8e37b4a0cac504c425647a4db5)
                  - intellij.python.community.aliasProvider.jar (RegularFile, 091fbbc8c330b245a3d6d1056de2e7ad)
                  - intellij.python.community.communityOnly.jar (RegularFile, 9fd689b1a1d21b735b4e8690eaff7410)
                  - intellij.python.community.core.impl.jar (RegularFile, 04a3aa1c219de99e559306352cc139b7)
                  - intellij.python.community.execService.jar (RegularFile, cee54ee064e2174b781ec1489ae8c669)
                  - intellij.python.community.execService.python.jar (RegularFile, c80293306361ff99bcc7568f76d2c44b)
                  - intellij.python.community.helpersLocator.jar (RegularFile, 610757e948724bf2f63d5959d246ed46)
                  - intellij.python.community.impl.huggingFace.jar (RegularFile, ea84db8ba370b72f8fa5b921e3cfd27b)
                  - intellij.python.community.impl.installer.jar (RegularFile, 4c345436c178ccd6c34810765414cf90)
                  - intellij.python.community.impl.jar (RegularFile, 2102a8f1d1673b15158ad9c86ec39711)
                  - intellij.python.community.impl.pipenv.jar (RegularFile, d4b2ec9863b9f43142a78fe6043db1ae)
                  - intellij.python.community.impl.poetry.backend.jar (RegularFile, c804bc4a73b63fca7be76c3c7d1306d6)
                  - intellij.python.community.impl.poetry.common.jar (RegularFile, 0b5afbb2c25b2f4bb64ec2c7525f3888)
                  - intellij.python.community.impl.uv.backend.jar (RegularFile, 0cd3ee1e246167e6b4a231a647c78a63)
                  - intellij.python.community.impl.uv.common.jar (RegularFile, 8fc4c7eebd346bb50ce477c1c08be7c4)
                  - intellij.python.community.impl.venv.jar (RegularFile, 98137ea1ca23d6f9135bc68e7359ecf5)
                  - intellij.python.community.interpreters.jar (RegularFile, 4ac8965ff04737ebf1532f1706db7dde)
                  - intellij.python.community.jar (RegularFile, a13be6e45c6b73da80d7397e9b1b41db)
                  - intellij.python.community.plugin.impl.jar (RegularFile, f312c70d3308aaac35e2ef695aa5d463)
                  - intellij.python.community.plugin.java.jar (RegularFile, 2bbfe6916f4350f776f214ba4629155e)
                  - intellij.python.community.plugin.minor.jar (RegularFile, 1e49a97c2c4905de29fc0efb60994b45)
                  - intellij.python.community.plugin.minorRider.jar (RegularFile, 2fb6d500b1aea5d809d3e12d814b7e5a)
                  - intellij.python.community.services.internal.impl.jar (RegularFile, b064f632ca16f302b8ee3874fe245798)
                  - intellij.python.community.services.shared.jar (RegularFile, 16f25a5816a20f007340f797e4af29b2)
                  - intellij.python.community.services.systemPython.jar (RegularFile, 778b923eac825b675ded2cf9da56ffed)
                  - intellij.python.copyright.jar (RegularFile, 01a4fcaa58d87e5c47fa60440411bcee)
                  - intellij.python.featuresTrainer.jar (RegularFile, 533e8aa5ccd33c5dd8b077c6537d9ef1)
                  - intellij.python.grazie.jar (RegularFile, ce10f7db93a987e5832239e6d59ed2a6)
                  - intellij.python.hatch.jar (RegularFile, d384166133146fc9a843e4dbaa22087c)
                  - intellij.python.langInjection.jar (RegularFile, 73f941d88fa7cb7d94f430e7e4b3fe35)
                  - intellij.python.markdown.jar (RegularFile, 654c4fc62007690a0e819a102586fed6)
                  - intellij.python.ml.features.jar (RegularFile, 684975cfd8525e9719d00ee1bd4aa457)
                  - intellij.python.parser.jar (RegularFile, e138d83a9dd48a551416c339516fb74a)
                  - intellij.python.processOutput.impl.jar (RegularFile, 0b526ea6e7770027b3abe8a1af894975)
                  - intellij.python.processOutput.jar (RegularFile, 9e3e51e7d578851815cea53c9338ca23)
                  - intellij.python.psi.impl.jar (RegularFile, 7f56ff7b19f4500892c687130995109e)
                  - intellij.python.psi.jar (RegularFile, f6f0b26572d0ee06db5bb841c5469968)
                  - intellij.python.pydev.jar (RegularFile, 029a7580892226bebffb1c09b3762ea3)
                  - intellij.python.pyproject.jar (RegularFile, 289a8af9baadedb116b4e01b78145390)
                  - intellij.python.sdk.jar (RegularFile, b9057e5a78b5e132ccbc15d237e4ec12)
                  - intellij.python.sdk.ui.jar (RegularFile, 09d3a6cebd91f165c965dd3a3a49592d)
                  - intellij.python.sdkConfigurator.backend.jar (RegularFile, 37a4b5262af647e3c93a0a62ab5d6149)
                  - intellij.python.sdkConfigurator.common.jar (RegularFile, db4b4c74125a50fb5f4eb0108bd06b7f)
                  - intellij.python.sdkConfigurator.frontend.jar (RegularFile, 988ce93491f3d76eac3208f7e10f979f)
                  - intellij.python.syntax.core.jar (RegularFile, eacc4a493bd1d206ccde495c7dcfed89)
                  - intellij.python.syntax.jar (RegularFile, ea6af85b89bc2d46c809894a6319872e)
                  - intellij.python.terminal.jar (RegularFile, 7a03e98dffd561a34ee72ae61b795869)
                - python-ce.jar (RegularFile, b4588defc6e8661657792fa7b48b26aa)
            - python-dap (Directory, 35d4a7a0537f57489e346995be4febb2)
              - lib (Directory, d24375f8cf6c79027ecdfba3c590bc06)
                - python-dap.jar (RegularFile, 92ac70d793e47173c3fc99cc6156a6f0)
            - python-django (Directory, b71c9ae3de779ad9e1c17bfd5a23715f)
              - lib (Directory, fb61de99ea98eb2270a870c86024b3c0)
                - python-django.jar (RegularFile, cc78322f8013bd9dce32a73935a697c2)
            - python-lsp (Directory, 55e6e94da09035b5e86126ee2cc68d78)
              - lib (Directory, 5601380f25a98cb2a505fccfe263ce65)
                - python-lsp.jar (RegularFile, a269be9354b26c9042a888a05faac3e6)
            - python-pyscript (Directory, 022651e41ed79ca63ca468da5b22f16e)
              - lib (Directory, 108a25269aa631ed0259ac7427e3eb11)
                - python-pyscript.jar (RegularFile, 627acaa21eba883473d3878fb8e3eeb3)
            - python-sharedIndexes (Directory, 625006a7fa4d3b9e037c245a1c14b4d4)
              - lib (Directory, d13b17552efea0452167b1c8379680f5)
                - python-sharedIndexes.jar (RegularFile, 34af67850a8c366281aad64fa3217bf0)
            - react (Directory, 7a2c559d3b73c666b5495e0c59fc9887)
              - lib (Directory, afb84c11e3ebfabd2a44da298bf4322c)
                - react.jar (RegularFile, 8d4cd2884ead077229d8f4eb3c263bcd)
            - remote-dev-server (Directory, 52e2b549e4b63230aab98e93ca81efa3)
              - bin (Directory, d7adc2de2f1e5d4777c3eda9edfe4d3d)
                - launcher.sh (RegularFile, 2a4da903433c7245e805c565ade9b78e)
              - lib (Directory, 114fbdbf667af273c0134bbce516c5ec)
                - remote-dev-server.jar (RegularFile, 634e3d16045ff00cf0a0bb71f175cc80)
              - selfcontained (Directory, 70dbbed158f6918a2f4eb8376eb775ce)
                - bin (Directory, d991a17c579173cf45e513a72273613e)
                  - xkbcomp (RegularFile, 23d7cb16ac97ced860634f0422c7730e)
                  - Xvfb (RegularFile, ea39aa67e768a97ca06c1882d6747b36)
                - fontconfig (Directory, b88f2c30a708dd9f44d54d7798190978)
                  - fonts (Directory, 6c4b75a874f3291077845ba9ad5885b1)
                    - DejaVuLGCSans.ttf (RegularFile, 197015c0b00b3902616a3cea05d7d81a)
                  - fonts.conf (RegularFile, 42e24905c39962cc3573a4dea21f7346)
                - lib (Directory, 5e4af48abda0fa59737a8a33c94f03e1)
                  - libasound.so.2 (RegularFile, 3b0e7082518f005414e211964786f82f)
                  - libatk-1.0.so.0 (RegularFile, 9cce0845bc9798083dd459ca3f834c6d)
                  - libatk-bridge-2.0.so.0 (RegularFile, f2b606b0fc7d54e2134ac0494d35e7b0)
                  - libatspi.so.0 (RegularFile, 2023be3ea2384e343fcab3bada7cd449)
                  - libattr.so.1 (RegularFile, 833d9c2b611e6bcb6aecb9c5c86c2fa6)
                  - libavahi-client.so.3 (RegularFile, 4758c35a5b24e70da1bfa7260387a76b)
                  - libavahi-common.so.3 (RegularFile, 48f61bb4f7a0bf16c5efd7a74f282d95)
                  - libblkid.so.1 (RegularFile, b664fc3ca6d8d074a49ac0c28686b7a9)
                  - libbz2.so.1 (RegularFile, fe7faa56eb4ebb59b2619145f6ce0bea)
                  - libcairo.so.2 (RegularFile, 030b069d7c332ee31c1512c6bdb61357)
                  - libcap.so.2 (RegularFile, 7c816c743fe28646bdd8d0e4fb655733)
                  - libcom_err.so.2 (RegularFile, 61ff89e5b9aaff46d5c78d97bcdd3241)
                  - libcrypt.so.1 (RegularFile, 5219a41b87555e2f7d909f8ab2ae862e)
                  - libcrypto.so.10 (RegularFile, e3cc3226dd02e506315a870e2b252cc8)
                  - libcups.so.2 (RegularFile, 08a0b521ed153be3d7aa0b9203637324)
                  - libdbus-1.so.3 (RegularFile, b115ea8ba5ab0e82f001a155ea30b219)
                  - libdrm.so.2 (RegularFile, d3e3c31da55fdcfc909ad7f00876ba1c)
                  - libdw.so.1 (RegularFile, c29b10e26f8df337948e4639af11952c)
                  - libe2p.so (RegularFile, 18fd3cb932d5db44c2db45f5cf543f20)
                  - libEGL.so.1 (RegularFile, 03587132199aaf87e3cba7e158881e5f)
                  - libelf.so.1 (RegularFile, 68ea4054353a36018ea52e45acd314a4)
                  - libexpat.so.1 (RegularFile, da33f563cf8e1f85863fb1d900c15d27)
                  - libffi.so.6 (RegularFile, 1246805bbb1bb809260d91d22a0ba905)
                  - libfontconfig.so.1 (RegularFile, 7ba743887e7f8f8f22ba09c17625931e)
                  - libfontenc.so.1 (RegularFile, 60acc986869e7a68274162566bcfa9ad)
                  - libfreebl3.so (RegularFile, 504ba701e7e939eea2479012508dc10c)
                  - libfreeblpriv3.so (RegularFile, 157e526ccf169f233d645abaf4ff38b0)
                  - libfreetype.so.6 (RegularFile, bc7fb630997ed99867318bd34cb757be)
                  - libfribidi.so.0 (RegularFile, 018625253c497a82e9f9f13bac91a1d7)
                  - libgbm.so.1 (RegularFile, f0393063c1f5f31a6cac67f57ce44626)
                  - libgcrypt.so.11 (RegularFile, 7ec764c9560ffcf2f50bce5621a28327)
                  - libgio-2.0.so.0 (RegularFile, 02d96152e258fa8eead2d88efb901747)
                  - libGL.so.1 (RegularFile, bfbddb145ff1044383549a832b75ab2b)
                  - libglapi.so.0 (RegularFile, 3e478011d800ebf33b78f1bba0c3ae3f)
                  - libGLdispatch.so.0 (RegularFile, b5fa5cb5548e3f94a9585106a832a36c)
                  - libglib-2.0.so.0 (RegularFile, e7f9ecf692160d8a46fbc0582fc86d89)
                  - libGLX.so.0 (RegularFile, 526ef082a4615ddfec0f565821136084)
                  - libgmodule-2.0.so.0 (RegularFile, 4d7ffc33cabb5c1ae77a25c630adbb1b)
                  - libgobject-2.0.so.0 (RegularFile, ec9b900d5c4c9e630bacd24976c9a338)
                  - libgpg-error.so.0 (RegularFile, cf47e56d081355a8b67325eba7f46e17)
                  - libgssapi_krb5.so.2 (RegularFile, 270c306177692ce08767f79356beeaa5)
                  - libk5crypto.so.3 (RegularFile, 75f5401e447efcd089fe96a40bbd3651)
                  - libkeyutils.so.1 (RegularFile, e626637135cb0b7f45e32b3d49c928b6)
                  - libkrb5.so.3 (RegularFile, 1073f949b633b4fd7e02e2e543295b61)
                  - libkrb5support.so.0 (RegularFile, d46389d068ebf7fb69e59722311bcbf4)
                  - liblz4.so.1 (RegularFile, 4aa3f9954b85ad27c8a6c78d96e965e0)
                  - liblzma.so.5 (RegularFile, c5147c073d0e926a6f3c13873a3e31e2)
                  - libmount.so.1 (RegularFile, 636872ee9815cfe6f98130b161f92759)
                  - libnspr4.so (RegularFile, 1232682c9f71cb67ffe04d7ec008b4ea)
                  - libnss3.so (RegularFile, 2b4f202edd58016560a9eb50be82bd9b)
                  - libnssckbi.so (RegularFile, 9619a331b93de2a09678f470cd35956d)
                  - libnssdbm3.so (RegularFile, 38a2dad74b81eb5f9a71ccfe0716e427)
                  - libnssutil3.so (RegularFile, 5b08b67d8e872dc6ee6dd9a2fbeb6da3)
                  - libpango-1.0.so.0 (RegularFile, b8ad149d5027f26aa7240f76ddb20c51)
                  - libpci.so.3 (RegularFile, 5a9cd40f1186d077e865a677282aea74)
                  - libpcre.so.1 (RegularFile, 14af978113ad9e6dab02136327859678)
                  - libpixman-1.so.0 (RegularFile, bd1897073e4d4626f5a7d5efdb5e8bb4)
                  - libplc4.so (RegularFile, e123bd322690dd2b455ed7d0302bd145)
                  - libplds4.so (RegularFile, f5b1cd64833dc01d55e3d6c6a7bf8295)
                  - libpng15.so.15 (RegularFile, c3d3fdf84433d18bafa144c4662d09d8)
                  - libsecret-1.so (RegularFile, 66c458e85a31d70e4994dfed5c6f015d)
                  - libselinux.so.1 (RegularFile, 72b067e753068c2d364af4673e541a46)
                  - libsmime3.so (RegularFile, 8ca8af04c0a6dbc56a429d8f381033ac)
                  - libsoftokn3.so (RegularFile, 2895df641200eaa3bea06ce47d6aff08)
                  - libsqlite3.so.0 (RegularFile, d99840ae501aa472824ff6d6d2217abc)
                  - libssl.so.10 (RegularFile, 81edd3b32767bfebcba18a984ea70d42)
                  - libssl3.so (RegularFile, 44d36040a1424ff12d24f02c9e85db24)
                  - libstdc++.so.6 (RegularFile, fc4d2329631ab65c3526db3b36520d6e)
                  - libsystemd.so.0 (RegularFile, bbe16ee3c12360b6a1e4a2a970bc717b)
                  - libthai.so.0 (RegularFile, 6e7f5e600418cbaa0dc72f1afb5d0368)
                  - libuuid.so.1 (RegularFile, 78478dc7077eb2b1dd241262e50be4e6)
                  - libwayland-client.so.0 (RegularFile, d3f9d31302f33677feee525f39e5f9b0)
                  - libwayland-cursor.so.0 (RegularFile, 02faa0548f9cb06560cfc15aa17dbcd2)
                  - libwayland-server.so.0 (RegularFile, 6b7cc6ff22b32806935d6e6c499916e4)
                  - libX11-xcb.so.1 (RegularFile, a014853b7904bd84c5f42ee9e9730774)
                  - libX11.so (RegularFile, a34bf5479b59a167030ce4569c51904d)
                  - libX11.so.6 (RegularFile, a34bf5479b59a167030ce4569c51904d)
                  - libXau.so.6 (RegularFile, f5b251f4d845be3c3c01e6d3052c5c41)
                  - libxcb-render.so.0 (RegularFile, dfd12f4d34d464ec28dc9f5f41489efb)
                  - libxcb-shm.so.0 (RegularFile, a051915a2c7809ba89495898fbb55033)
                  - libxcb.so.1 (RegularFile, 106bd02c91c81a813aaf67443383e169)
                  - libXcomposite.so.1 (RegularFile, 186aff9f2ab18e8cc788f03103f353b5)
                  - libXcursor.so.1 (RegularFile, 6536bf577dea30646d1e356ab0754209)
                  - libXdamage.so.1 (RegularFile, 36511e13c6405ed4c79cae9a2d9dbdce)
                  - libXdmcp.so.6 (RegularFile, 49a11ae50654fea1f792e5e7fe44c9ae)
                  - libXext.so.6 (RegularFile, eaa4249c11c089b602469ce94eb6a798)
                  - libXfixes.so.3 (RegularFile, 7cce4df6bbe59c29c27552f47914bf16)
                  - libXfont2.so.2 (RegularFile, 1125896fcb6e9d104169a60058271200)
                  - libXi.so.6 (RegularFile, 6b99abb30386c5ebcee66e20255f9f4d)
                  - libxkbcommon.so.0 (RegularFile, f27f630f6367ea8f18d89f352bd7e87f)
                  - libxkbfile.so.1 (RegularFile, 71bd3821338225d40f7ba1244bae4def)
                  - libXrandr.so.2 (RegularFile, 9753118c460a4a3bfbb7da09a97b896a)
                  - libXrender.so.1 (RegularFile, 880353970ea61d0574be879cf5766577)
                  - libxshmfence.so.1 (RegularFile, 1252e4004ade3b610219ed00557ce422)
                  - libXtst.so.6 (RegularFile, 1244106add69cdcf5fceb2f9642b5ead)
                  - libXxf86vm.so.1 (RegularFile, e221ac1b457e9a73b469df753b8f7435)
                  - libz.so.1 (RegularFile, fdd20dadea647c481d0fa35fab5a3fde)
                - lib-load-order (RegularFile, f296539daaac0b827a0aaa1a4ef445f0)
                - lib-load-order-limited (RegularFile, c977eb39693634354c9f60ba639993c6)
                - X11 (Directory, 0c9e3739f61d6a9465791f51b2a33896)
                  - xkb (Directory, fd9689409242fcdb236eb9339ed7a161)
                    - compat (Directory, a608d0345107c645879340ff815dc9fc)
                      - accessx (RegularFile, 5a18bd982d34e361d1f281efd109db2d)
                      - basic (RegularFile, b9ccfa849afeb9bab7eb4607a184ad7b)
                      - caps (RegularFile, f521a2166fb6492a4af9999cab2c4686)
                      - complete (RegularFile, 77f40e714575461f660289fcf28f5ef4)
                      - iso9995 (RegularFile, 98909c99ea94557b5bbbeb37080e8664)
                      - japan (RegularFile, 1d5593936d2d6dd2630e4438a50262c7)
                      - ledcaps (RegularFile, e2d57cfdafec40916937e3f9f182bf6d)
                      - lednum (RegularFile, cced37d5f5a68c9005698cf89669feae)
                      - ledscroll (RegularFile, 984c4177996d96a835caff95029634de)
                      - level5 (RegularFile, 5f7b81678cb46f620af51e95789a93f6)
                      - misc (RegularFile, f679efeba510ae9f05f1fd3cbc603a5c)
                      - mousekeys (RegularFile, 1ebc277ab1ecdb6e5e945657230395f4)
                      - olpc (RegularFile, 4e1fa4142698819abb6fb5dde28a95a2)
                      - pc (RegularFile, e67a48c352086fd42609b4f8cb76db53)
                      - pc98 (RegularFile, 643b46309bd730dec7a90658876cdf48)
                      - README (RegularFile, 0475a0a37c0a37f4da09fc2b05e428f7)
                      - xfree86 (RegularFile, 11d42438bce8cbf4ce8dd7d49ad23b87)
                      - xtest (RegularFile, 2b51b338c8a2817deaec2ecbe51ead89)
                    - geometry (Directory, 7b5c72e1bfbb4746fe019ab3f0df67ac)
                      - amiga (RegularFile, ec3c2535d8e6684a4bfa71035feef3ff)
                      - ataritt (RegularFile, 37e2f28c212630c97b83808ba68dc72c)
                      - chicony (RegularFile, 79c823a75ae00be51aa67121d361c15c)
                      - dell (RegularFile, 3fb8e7a050c77ac54d8caabb3171a190)
                      - digital_vndr (Directory, 3279b716edecd7f48196ca2ab87015f9)
                        - lk (RegularFile, b79b0e4181f040d97cc9b81e9edf2f62)
                        - pc (RegularFile, 65661c9b052bec1db4871d8bb709cacc)
                        - unix (RegularFile, c52da15d9350af6b0f0d906cee523c99)
                      - everex (RegularFile, eefc18dd3ed6bdc7b4d10ea397f1196f)
                      - fujitsu (RegularFile, 9feacc0c2d4fab71a182253d98cbfe54)
                      - hhk (RegularFile, 24e5bbfebc9e81d16b25c155297b5bb1)
                      - hp (RegularFile, 9b70d070d5421f666f45b411cba7e7c5)
                      - keytronic (RegularFile, 00d0e6f5878c6d571dee251cde7b45d2)
                      - kinesis (RegularFile, a232b41048c89dcf3082330b4274d307)
                      - macintosh (RegularFile, 29247c8dd96c23f50f59bd9cc577b2e1)
                      - microsoft (RegularFile, 47335ced61fc338d83357b0153204411)
                      - nec (RegularFile, 33b5f7a47bb7dc162e32ead57b4fc9e9)
                      - nokia (RegularFile, 6a71de11fa0d6d9ee5ccabcdb4b84857)
                      - northgate (RegularFile, a138f31aeccdf03408fa4d37450ea30f)
                      - pc (RegularFile, 7e03d8fa51a23b2e9ed3b2d615008e98)
                      - README (RegularFile, ae3f4e85e624300e403381b9bc1a7da1)
                      - sanwa (RegularFile, 91c4f03a6aa1be09c774c1ae29528d3e)
                      - sgi_vndr (Directory, afd4d1ba2e3c03f8fd9c07fba3ae0fdc)
                        - indigo (RegularFile, b24b9dac62d24c6ae5ddd1bf808800f2)
                        - indy (RegularFile, 810c17080d9feffe806e8ce06cb60ba4)
                        - O2 (RegularFile, 19a688f0797ae18d24b5e4e4ab1817fa)
                      - sony (RegularFile, 2332bb9956dbc537bf80601d4db4c6bc)
                      - steelseries (RegularFile, 7c85e1a40df8dfe733b69f3c7772ae57)
                      - sun (RegularFile, 7d1694e45f0930ab6d4658e42fcd6820)
                      - teck (RegularFile, f1fc57f1d6b30152b2c16e7a560e8961)
                      - thinkpad (RegularFile, 74e5491983af95e03cce4e22b4232ae2)
                      - typematrix (RegularFile, 5e45c67689d5d3a7fca12ecbcd4c07ad)
                      - winbook (RegularFile, 979a6f0b9a9348e7d39b36c2b9d9cc4b)
                    - keycodes (Directory, 0261e04329655d94a9aed531eb002a1b)
                      - aliases (RegularFile, 9324c93d5bb6aa494edbed338d649ea3)
                      - amiga (RegularFile, d6b638f61e746bbdb698c7105fa568ad)
                      - ataritt (RegularFile, 50a9b2513444765ea75160ba1ff14fd7)
                      - digital_vndr (Directory, c761379c3ef822937b7fffd25efabd13)
                        - lk (RegularFile, 2aee73ea7296e73c2647054bad1638ee)
                        - pc (RegularFile, a84ee6bfd7c76cfe739125d5f5bea315)
                      - empty (RegularFile, 129bbe5753ce3fe25aa1b58ce3071a61)
                      - evdev (RegularFile, 90b4b40ec1ba824a05efce50690f3e7c)
                      - fujitsu (RegularFile, 1a7d790cd0ae59c96f626cf54b667d18)
                      - hp (RegularFile, 35a4d2602a564e42a807d444c35ec422)
                      - ibm (RegularFile, a31f5a7c6dc8bae114c9c6528079f014)
                      - jolla (RegularFile, 3fd07c92d259cafe7f4d5be95fabeac1)
                      - macintosh (RegularFile, 8fa221e37d59123f67190ee0ea2b3107)
                      - olpc (RegularFile, 78d085e9ca910e1b637eb89541545a93)
                      - README (RegularFile, 43a238a9f79fdd3d955572beb7e615ff)
                      - sgi_vndr (Directory, 3c2ed327f70dc80e3c2bbc0527383f3d)
                        - indigo (RegularFile, ea0077a0580ec12e00e266352bc6c27c)
                        - indy (RegularFile, cbb72938b78caba966e8d07ee32db9de)
                        - iris (RegularFile, 18b564688c582fe9dd7237cf631a37cc)
                      - sony (RegularFile, 36b0213c699aae06f69f1bb5fe2e522b)
                      - sun (RegularFile, f4dc3cb6d49523c68b001bb7d863e521)
                      - xfree86 (RegularFile, 8ae169191bf9c3d1c7bba0fc2c62e1ee)
                      - xfree98 (RegularFile, 7637252dd5cb992b0f955e4554501c1e)
                    - rules (Directory, 7d651be9fe59fce0aaef356a0046c070)
                      - base (RegularFile, 7d042a53f62ae76479bf8d9223014631)
                      - base.extras.xml (RegularFile, 11e7a46afd760cdba9ab9666b6962ecf)
                      - base.lst (RegularFile, d305d24fd26c9dd0af445a5fbe9608f3)
                      - base.xml (RegularFile, f27d29d0fba26d810da60596950018b1)
                      - evdev (RegularFile, c7f11c1f7ec764a763ec5057fc0b3702)
                      - evdev.extras.xml (RegularFile, 11e7a46afd760cdba9ab9666b6962ecf)
                      - evdev.lst (RegularFile, d305d24fd26c9dd0af445a5fbe9608f3)
                      - evdev.xml (RegularFile, f27d29d0fba26d810da60596950018b1)
                      - README (RegularFile, 367d94f23fb09310b21f38b959aa4af6)
                      - xfree98 (RegularFile, 34cf61a4d183c8183626a6ddadd7c301)
                      - xkb.dtd (RegularFile, 8a810dbbd0624be41a427ed7c9d58470)
                    - symbols (Directory, 3a73b4ffa390725c0525b37f603599b5)
                      - af (RegularFile, d5025f44e81f7a09b06c550b96604704)
                      - al (RegularFile, 953ae766d2abf8704e409041a98ba637)
                      - altwin (RegularFile, 31cb70ae156893b451baaad4b36106fc)
                      - am (RegularFile, d88c148db37d65d47ed101c47b213e69)
                      - apl (RegularFile, 866df551e3b0f916eb28bd5e7a9754db)
                      - ara (RegularFile, a5f2349d18a663d6e9308827057ae215)
                      - at (RegularFile, 626f04ccab26cffedc0dbd66242d5e58)
                      - au (RegularFile, 04255c1461beecb5661402c8a78e4bce)
                      - az (RegularFile, 10573de51f2ce4082c30b8e5988862c7)
                      - ba (RegularFile, 2f68b6f24dd008e0b3c673459a90e460)
                      - bd (RegularFile, 6b02c4960edbef36531bb67bcabc5dec)
                      - be (RegularFile, ad055e0d58e0eaba0e0e61f45f0ae20c)
                      - bg (RegularFile, 1759ccc7e1b3d00c64fa421277646d67)
                      - br (RegularFile, d5a0e5b6d2a84a7fd4f504ef0e9f4d0d)
                      - brai (RegularFile, ee3eadba14dcb82fc121bfec3ca3a072)
                      - bt (RegularFile, f8a377e0ec0a7d94885ff5ca8a651ca7)
                      - bw (RegularFile, 118036c970454a345813ae2b7a1a5c94)
                      - by (RegularFile, f0eb699d1dd3236d0cdb3c3dd2c9575b)
                      - ca (RegularFile, 753c3f021af3d57ba4592afa8ccbe0de)
                      - capslock (RegularFile, 485eb17f1a4af725c3448995fe88fc86)
                      - cd (RegularFile, 716eb6317cf6bfcb60d684e660dc0598)
                      - ch (RegularFile, c91232dbe958caa5715a8b3b92da1151)
                      - cm (RegularFile, 2907da1a3d37c2c07c1ce9996db2a4c9)
                      - cn (RegularFile, 430b7b5454875ef1f331914b76b017f0)
                      - compose (RegularFile, d62fd99433bc917ad6ac3f189261cf9f)
                      - ctrl (RegularFile, 431287d76b05c202eacec794d8e27101)
                      - cz (RegularFile, 8047477350d25977f7eb24b96f419f88)
                      - de (RegularFile, 8de2482fd738a64147d11c358851de5c)
                      - digital_vndr (Directory, 8aa98653d54bad90193a545b3ff41e89)
                        - lk (RegularFile, f603eee926bcfc56edc5f51dee378265)
                        - pc (RegularFile, 2398d96b5484e76176da6e3d2d44170f)
                        - us (RegularFile, 2afc0c2a444b140d9acd2600e6c6ae49)
                        - vt (RegularFile, a7efa507ea84f875a512d254dd7e7fd9)
                      - dk (RegularFile, 3c02e92f2e1d217c6dfedfd7f044bf89)
                      - dz (RegularFile, e2fe17aa5d9f0bd87ba519176e8a0877)
                      - ee (RegularFile, 6f0a3770ae252f46e66f8fa77457bf90)
                      - empty (RegularFile, d6aed18e8adbf83572df079674a3311b)
                      - epo (RegularFile, a1577dc5f57ec58f53ee72bfe1fa98d5)
                      - es (RegularFile, c94316cbbe5f2e9b34a867d6648efb7f)
                      - et (RegularFile, 51ac62a9f5964c3ee7c0298bbd34d531)
                      - eu (RegularFile, ab5e4b0ece3c4f0eec7012731ca7bcd7)
                      - eurosign (RegularFile, 1d6dfd31308012f930c8b5310bcd4761)
                      - fi (RegularFile, 30ff85ba73cda2581208593b13fea4c9)
                      - fo (RegularFile, c70035eef2b4cff15dd2baef3af02421)
                      - fr (RegularFile, ff17715810a91faf1d405961c34676e7)
                      - fujitsu_vndr (Directory, 9d81435d356c9018af8b6bd538a8f2f5)
                        - jp (RegularFile, 0355c0f2a6055b4d2f88a82c32fea52c)
                        - us (RegularFile, 3f3bd94bfc7f4de3443d351d7411490f)
                      - gb (RegularFile, bbcee5ec448782dd80655daae465754b)
                      - ge (RegularFile, f44167ccba0e7bab7f3bf33b3f9a789e)
                      - gh (RegularFile, fa042d2a9dec7c4e7618cf229591f1b5)
                      - gn (RegularFile, 98dd77dd908635440d4e881082de2d8f)
                      - gr (RegularFile, 83a079051091b8f5fb19059e756f9969)
                      - group (RegularFile, 6c90eb605948d1d00dc7a03998c85e7a)
                      - hp_vndr (Directory, 1b87e7e4064c3f272c36680414e19944)
                        - us (RegularFile, 0af0580401d9bcde0967a71e6a7cf727)
                      - hr (RegularFile, 015b036e2b20f296ed04817187659479)
                      - hu (RegularFile, e4579a1a084e2dc54c2ca536c43c86d6)
                      - id (RegularFile, b00a281a6ed87f560ee701d244f550c0)
                      - ie (RegularFile, 2b8541e3bf8557df03ae7c7d16fb8ab1)
                      - il (RegularFile, 48ae130c4b109ad19d478b7cc10ea878)
                      - in (RegularFile, 827dbd21917ce2500c9060635123aecb)
                      - inet (RegularFile, ac91e3c633273f109e39cdfb037a9e43)
                      - iq (RegularFile, 51daf391f6e7d87abfa3e9ef6c8207b9)
                      - ir (RegularFile, 9c15fa96865a4f00f2fde61b42d7f5c6)
                      - is (RegularFile, fa07e8c6531e1eaeb8b66420e619e40d)
                      - it (RegularFile, f49f2ba10c97d5ab08a2c796a093f838)
                      - jolla_vndr (Directory, dca30d1e6ca6767da63cc54c8f60b3e3)
                        - sbj (RegularFile, 3f37b0a9a13bd3532a80bfe19e426207)
                      - jp (RegularFile, 8234fad493b9562e5a302c0e26ecbdf5)
                      - ke (RegularFile, 5ab9e414779a8f6a466bb26a0829d05f)
                      - keypad (RegularFile, 5b177d9ec98fc152dbb83d2eb0b4256b)
                      - kg (RegularFile, a49328507f1d58c31d7305e8f822c5d2)
                      - kh (RegularFile, f9340779adeafb63a4199c01a42d35ae)
                      - kpdl (RegularFile, b73af71fa7e8e2690267dcc718b410ff)
                      - kr (RegularFile, ec1f7228c088017c01400055acaf4b94)
                      - kz (RegularFile, cbd88b7c310f9d02bbf0f1213c4fce86)
                      - la (RegularFile, 423f0c6d9ddcd939e8085b2b3d2b2700)
                      - latam (RegularFile, c2a85e8b41b46e883a111beece67fd12)
                      - latin (RegularFile, 9dc8b07b31b96b5cd9593d44637c8779)
                      - level3 (RegularFile, 217d9e949977d2f9b0fe48e30107df43)
                      - level5 (RegularFile, a40836714b6f38b3ebd413e4817c29c7)
                      - lk (RegularFile, 1130652c5f23ab881c44c9d71fd1fc1b)
                      - lt (RegularFile, 82b44ad5bb94cc87740a9e3442b7d6fb)
                      - lv (RegularFile, 93f1cc879b8e5a308ab1a89030a9ec42)
                      - ma (RegularFile, 811c10e1836b2ff7e58c4792edbae464)
                      - macintosh_vndr (Directory, d879a0f28f6223c61991437723a5bdfb)
                        - apple (RegularFile, 8f406b4d1e0dab9b6f76c0061ebabdf3)
                        - ch (RegularFile, b05cda2dfae41f654bc9db5f1c78248e)
                        - de (RegularFile, 1169467bc8cdfb9d2c314758e82a1ad8)
                        - dk (RegularFile, 2db18a025279faf42857c0b5c2306c2f)
                        - fi (RegularFile, f5b6ced2055cfd75501ae121e7e1b110)
                        - fr (RegularFile, 2f34cc1e20797d87fa76eba256515d8c)
                        - gb (RegularFile, b6eeab2fcdc7acd055099612b65091eb)
                        - is (RegularFile, 4f095ecb72d7c4bb5485b3265e469e1d)
                        - it (RegularFile, 67c239d8ef84edc7c97a2e6832a467a5)
                        - jp (RegularFile, aa1238a1d4326946100cd1b8fdd13ee8)
                        - latam (RegularFile, db07ffa606b0690c80fd89b57effc277)
                        - nl (RegularFile, 9f470f36b7e8752f63a3bce3c0289cf4)
                        - no (RegularFile, 845f4123a8acb47a9cafc62b00751a50)
                        - pt (RegularFile, 797f526651673dedda219ad2acde7edb)
                        - se (RegularFile, 8a227f68f5011fa972e6ff1c4ab3df1f)
                        - us (RegularFile, 1a82d0ad86400b47cbf459347f281656)
                      - mao (RegularFile, 58661ab2c554ab0936c151e155c38fa3)
                      - md (RegularFile, c0feac5d5171060f72bfa64f283f857f)
                      - me (RegularFile, 1a715d6df0d0647baba21c08f3c22e22)
                      - mk (RegularFile, 258b7a2e7a136656a848149a2071275b)
                      - ml (RegularFile, d563757e89d3e811e2c2defd6aad4278)
                      - mm (RegularFile, 4d9f715bdefe05d9b2a632d8df82765e)
                      - mn (RegularFile, fef1cfb03633e5140856d2c7275cd20c)
                      - mt (RegularFile, d54f623cd71a327cc50045d65db1600a)
                      - mv (RegularFile, 0bb59209c72ea6c0f70bb47f978303df)
                      - my (RegularFile, d5a2e5428d81df4261b16e8687b4485c)
                      - nbsp (RegularFile, d845603bc6137332a860cd8e2299975d)
                      - nec_vndr (Directory, df38aa9e6db944ad445b40aa379c766f)
                        - jp (RegularFile, 3ab6d827c9919748515320aae7c9f03f)
                      - ng (RegularFile, 3c125831ea5f3a517622547059e7971c)
                      - nl (RegularFile, 784826a13454b8b4b0656fed9dd9ad1a)
                      - no (RegularFile, 272a9d6c52a1f70420fd815be81b1e76)
                      - nokia_vndr (Directory, bdc238cf8db130e02d048112c65b9f96)
                        - rx-44 (RegularFile, f139adbfb44e09346e50813c51ad9549)
                        - rx-51 (RegularFile, 6d32605b58b0b0aa8e95ce7334e93a98)
                        - su-8w (RegularFile, 0f4e8c62c0cd20291ae7fc001442046c)
                      - np (RegularFile, eb68c9b889bc88c7fac5e4dffeac204d)
                      - olpc (RegularFile, a923863d2a51f632f856a12ac94c1340)
                      - parens (RegularFile, 3db412a0a055d2f44202c75c95feeb7d)
                      - pc (RegularFile, c2d3668a4e3fcb28968f1b2c861a3347)
                      - ph (RegularFile, 7dfd6d3cc0bef7e76e120681aa7519cb)
                      - pk (RegularFile, 65f6e95925e2a27914ad03233d5f95e4)
                      - pl (RegularFile, e122f5869b88a2b6e392077cf0918d42)
                      - pt (RegularFile, fd65ba833456748cf7e12b528ac83196)
                      - ro (RegularFile, 33d47ce31146183242073c3ef004026d)
                      - rs (RegularFile, 0c2741d9b38325d610090f4ff9ac1758)
                      - ru (RegularFile, 755450e47e9f4ef505f5e552ab91e6dc)
                      - rupeesign (RegularFile, 7a79ed155b1d37f60148b1b5590886f8)
                      - se (RegularFile, f5b18cb2cdb48ad6e831a50ea913c535)
                      - sgi_vndr (Directory, 89026aa5cbd1ca9a23b9e40c213d11fd)
                        - jp (RegularFile, c134e048762e090eb194f73efc4540f3)
                      - sharp_vndr (Directory, b1ef8cf2ff044327eae0d7447c8c5c45)
                        - sl-c3x00 (RegularFile, d40c6e8a816c3a30f4d37902bd871b32)
                        - ws003sh (RegularFile, 31f4aa5f07b990d574c396b4eeff10b4)
                        - ws007sh (RegularFile, 87205c0b5c66a252cc211457a1880fb4)
                        - ws011sh (RegularFile, abf0f0924378036ad02a9d85ab412e2b)
                        - ws020sh (RegularFile, 6b672b4c52bfdd987f6af7e878321656)
                      - shift (RegularFile, 6b26820f232e71b99f9116c9751b7627)
                      - si (RegularFile, 519dbb7a87bd2ed37697136b44a488ca)
                      - sk (RegularFile, 1f7b519943294dad33a4928eca89b252)
                      - sn (RegularFile, 0463d0f4b7d0ce0587f646678be358f2)
                      - sony_vndr (Directory, 319d43ca9d54e79b99de529c22162778)
                        - us (RegularFile, adb78a2f8e663bc54a137c091e8ee0f8)
                      - srvr_ctrl (RegularFile, 645e12539aa1e456d3404e1a144dc680)
                      - sun_vndr (Directory, f47b26cc9afb90c9e4d74c89a93f8649)
                        - ara (RegularFile, 25274702de40bf8981873a7b9bd3494d)
                        - be (RegularFile, 9b1bf0a4692ef72a3cdd35f361c20c1d)
                        - br (RegularFile, 1bf3dadffbd06fedfd1df9d4f9e00d18)
                        - ca (RegularFile, df9f6d4eeddc008ef09c54d1f20098d4)
                        - ch (RegularFile, f3efa21175ff9acb92f9ca36a7f4108f)
                        - cz (RegularFile, 2064cdf007bddba0e9e5a72cb71e4caf)
                        - de (RegularFile, c5ef4f31890d9863b992030f4b278a93)
                        - dk (RegularFile, ba52488740de356e732278ff531ee274)
                        - ee (RegularFile, 2ea405b2cdaf329399a3735117e521c7)
                        - es (RegularFile, bb742ca11f50a5204acf35a3d64a55be)
                        - fi (RegularFile, ff3594a7a6332e914b7f56d36e582fdf)
                        - fr (RegularFile, ab07a324394b523e114abadf629b219f)
                        - gb (RegularFile, 52eef6c52699e2b003cdf0bcdc6b6991)
                        - gr (RegularFile, dffb46c2ec1535980b4da8500ea5f3cc)
                        - it (RegularFile, 24d7a9781ef2b0c1cec089b2e4afeaff)
                        - jp (RegularFile, ad43db81eca50b738d0ecffcdae77b91)
                        - kr (RegularFile, 390378e945db813f90e6c74c3be8e76b)
                        - lt (RegularFile, 23d4fa44fcea67e49728a7c930619610)
                        - lv (RegularFile, e49e8e1f08e0401656f5145641a61741)
                        - nl (RegularFile, 3145dfc36f5aa3cdeaa430970a370161)
                        - no (RegularFile, 553c46e6a4498552d32bdeb7091cb95d)
                        - pl (RegularFile, da822f105385069d76b2e64da8d6fc9f)
                        - pt (RegularFile, 39d6e8589c0bead542963c09574ad111)
                        - ro (RegularFile, 6af3f4bb34e960fa37f82b9a64b737d7)
                        - ru (RegularFile, eee0707a6389d4ad16feb51661e858f6)
                        - se (RegularFile, 08097d16775461253640b0be919eae93)
                        - sk (RegularFile, 9fafbad734b11568ec50033629f45fe1)
                        - solaris (RegularFile, 8075109439f8ce670e18fa8583919190)
                        - tr (RegularFile, 0157f899b26ee805920aa24b424b3c25)
                        - tw (RegularFile, fcaa040ad2bbd5a114199eabf81788b0)
                        - ua (RegularFile, 3583a800da05f02ca81cf1aab24e5151)
                        - us (RegularFile, a6ffba3a585ec012374c6e12a7314527)
                      - sy (RegularFile, a68dbb388895332918f6b910549a3b8b)
                      - terminate (RegularFile, 10bd2f2622b717285f584bc9f2cb632c)
                      - tg (RegularFile, 53cac88080887874e9457c27b4f891f8)
                      - th (RegularFile, 1e5a2617ab60432d075b510967783c3a)
                      - tj (RegularFile, c71e146372edb778fa651030f31ed557)
                      - tm (RegularFile, 905920da395c8c6530807e654379f82f)
                      - tr (RegularFile, 2715a5b6c094022dbe94fe724ccbf8dd)
                      - trans (RegularFile, c96cbda219d469e7e30431b6b6de7fac)
                      - tw (RegularFile, 0143362ecb3e5d74dabe0007e80e6163)
                      - typo (RegularFile, 360eae968bb5804855cec091deaf18f4)
                      - tz (RegularFile, 9a8910242accc799f00e11f42d9ddd48)
                      - ua (RegularFile, 0231e5044d53029c768f9b8cab71508b)
                      - us (RegularFile, 816f0ba7f7c6ed3af42a62c937839416)
                      - uz (RegularFile, 27c533ee09ae2365746327ac443e1847)
                      - vn (RegularFile, bc791215eaffc00ff5512e4a09ab9f1e)
                      - xfree68_vndr (Directory, 1c653abb3f4550bd8a87a2b9498d4706)
                        - amiga (RegularFile, 5dbeb52d203fc9946b9717c968cc3922)
                        - ataritt (RegularFile, 40e401641e0880a61fd8bb16bd5a2b07)
                      - za (RegularFile, 5c87e1653e733cdc0ba4c2e2fda3e020)
                    - types (Directory, a4465e9c113f68ea34a67ff553e236be)
                      - basic (RegularFile, 725f0c9e72b1e0f2732091a6fba87af2)
                      - cancel (RegularFile, ff33ed642b728c0ff06b0ffd62ca1df2)
                      - caps (RegularFile, ef31df8d605be37bd30a081b8bdc142c)
                      - complete (RegularFile, d8950f6aadd1203d8921fcd018f7d143)
                      - default (RegularFile, 507bfd4d5c07cd1644c044f79a6b498f)
                      - extra (RegularFile, a3b5ffe4fc2f8feaab3e3d618bee30b9)
                      - iso9995 (RegularFile, a06c590526fd3202be795151f0baa7e1)
                      - level5 (RegularFile, 023d282da5911f5a4fbb2068611e33c7)
                      - mousekeys (RegularFile, b820e8dd5d46e46bf3bc8615e44f70c3)
                      - nokia (RegularFile, 00f8422a18bb5044aab84d6c1a4d6893)
                      - numpad (RegularFile, 385189ade4ddec7260d5488ee4d04f23)
                      - pc (RegularFile, 14591740e2aeabe794ee71749452e543)
                      - README (RegularFile, ec33afdcdacd4b73dd4ba17e6449d961)
            - remoteRun (Directory, e2e87d432fc009ddddd15516ad84efee)
              - lib (Directory, 2e26a1f3ab1357016557ed222104eee6)
                - modules (Directory, 91007353c82a034f6c175c8f5b46ffee)
                  - intellij.remoteRun.gradle.docker.jar (RegularFile, ba5b978912b8a280c89378dbb7ab1296)
                  - intellij.remoteRun.gradle.jar (RegularFile, de74aa1892ae8ee29c1d9eaaf7b0a4bd)
                - remoteRun.jar (RegularFile, ebcd14f8f24bf1aaaad06de9fa55622b)
            - restClient (Directory, c95750b743195855d1b2052372026b82)
              - lib (Directory, c2d5d481f95fcc68ed7255345655a6a6)
                - brotli.dec.jar (RegularFile, 9d047c63ce4bdba8bbd3048b141c05c4)
                - github.javafaker.jar (RegularFile, f5ecc9b662b7f197de3f5e0db6829086)
                - graalvm.js.jar (RegularFile, f7a281b1cc3f340b2d5b884abb90115b)
                - grpc.jar (RegularFile, 97501ef616ed6d71631da1247381e7fb)
                - jooq.joox.jar (RegularFile, fccf318e6629c06837dc36871f51260d)
                - kotlinx-coroutines-reactor.jar (RegularFile, 1865ef26a903887f3ee0246520a1d6d8)
                - modules (Directory, edac4315ac17d32d29ab051850569686)
                  - intellij.httpClient.grpc.jar (RegularFile, a41df0f73db24bad130dabb43428218e)
                - reactor-netty-http.jar (RegularFile, 388f50fdf49d71f075b108075bf820ae)
                - restClient.jar (RegularFile, 0cdb6cc21befa1c1f605cbb80534212b)
            - restructuredtext (Directory, 61d657fe464f8aaf6758a2ccfd8cc143)
              - lib (Directory, 5f566b757769affff0ddab1c6c55cdec)
                - modules (Directory, fb30c2d317e84872d4add97220f2656a)
                  - intellij.restructuredtext.python.jar (RegularFile, 827757e59976edff4b21c5a88e4677e0)
                - restructuredtext.jar (RegularFile, 93b9698656ad7f20c7007d478ad211b0)
            - sass-plugin (Directory, d18e68245b8c3c57cef54f67e9dfe5c6)
              - lib (Directory, 20b6cdb16edc3096a37036cbeeded792)
                - frontend-split (Directory, 3bbb2898425dc43a9a65a3ae972f5320)
                  - sass-frontend.jar (RegularFile, e0720d1f4ca2b7dcd08d770a6425f4d6)
                - modules (Directory, d532a0326d9ad54181be5af84b7f9b94)
                  - intellij.sass.backend.jar (RegularFile, bad77cbc7b8847a23a2f0c49a3d0fce5)
                  - intellij.sass.common.jar (RegularFile, 9d7c29341c80a946c805cff35a67dbbc)
                  - intellij.sass.copyright.jar (RegularFile, a4afe7a829c97e258d1b7be9f460da4c)
                  - intellij.sass.frontend.split.jar (RegularFile, ad2f5bf268db59b8b761094ce7d3aacd)
                  - intellij.sass.jar (RegularFile, 35d2d33b291c064be4fb6e7d1dcd3230)
                  - intellij.sass.watcher.jar (RegularFile, 176bb8f9314fcfc7a69f8075fc2fad45)
                - sass-plugin.jar (RegularFile, 4ffdc21993bcae0ed66a76ff0ffe73b5)
            - searchEverywhereMl (Directory, 3e3daa4ecef69c34943ffd6b881c93c1)
              - lib (Directory, 18b7278aa5a69decf98e9a5688f00701)
                - ai.grazie.emb.jar (RegularFile, f6233b97f0e04d3c31b7d4c7bf7fca77)
                - ai.grazie.model.swagger.annotations.jvm.jar (RegularFile, a45e3cf26f45abf26dfb8d790849466c)
                - jetbrains.mlapi.core.jar (RegularFile, cf2a4618c1143fb21119890a930b3930)
                - modules (Directory, 7754c372b5403bc56658f373cb960502)
                  - intellij.searchEverywhereMl.ranking.core.jar (RegularFile, 4f3a87d8398acce12352f006618c0fd8)
                  - intellij.searchEverywhereMl.typos.jar (RegularFile, d82e8fff0e76097e25a75e9c79af7526)
                - searchEverywhereMl.jar (RegularFile, d0328c2e32469c670918d925f9cabc7e)
            - settingsSync (Directory, e287d62e01e5d55b6175a5a97e3a88f0)
              - lib (Directory, 272e91c18b72cd172854ee7ac5f22571)
                - cloud-config-client.jar (RegularFile, 4c95f2f479190b2f845e7f65e41039cb)
                - jetbrains.intellij.deps.eclipse.jgit.jar (RegularFile, 9d73a42070b160f59e47bc070f80da2e)
                - settingsSync.jar (RegularFile, a4c1d316f7b4062054f23fb6ce4726b3)
            - sh-plugin (Directory, f8423fd7bf4f53609d43056e4f8d3f1e)
              - lib (Directory, 29e032be5dfcbcdc6c43fc2019a59e8e)
                - modules (Directory, de87cb34a8197ebd14df820cf2542e25)
                  - intellij.sh.backend.jar (RegularFile, 29ef5b53130887c744c9466ab57ca3ac)
                  - intellij.sh.frontend.split.jar (RegularFile, 8c20b7b3e6fd02c36a4e57d3e382194d)
                - sh-plugin.jar (RegularFile, 1040fc0b22dcd0b49bb6e1f2eeb61e87)
            - station-plugin (Directory, c301a691d279d2bbf9cf00cc4d8dbad8)
              - lib (Directory, 7a52e808cd4b90bc6e981c9601fb4a83)
                - modules (Directory, 98c9aa450fffbe841111e39ff3e7b9b7)
                  - intellij.station.aia.jar (RegularFile, 251200094110a0b590202e85f18e9369)
                  - intellij.station.frontend.jar (RegularFile, 51ad649958b464747858a17652b33a8c)
                  - intellij.station.frontend.split.jar (RegularFile, 4e58c0185c0d8535e1dcf8fe4817b193)
                - station-plugin.jar (RegularFile, 82fbd2e0b8302bc9b60157a228aed440)
              - toolbox (Directory, cb71e6d2274e80863e14696c2cd25d44)
                - build.txt (RegularFile, 4e7314ff05eb8bdd3f3cc4bb3bd0e6f2)
            - styled-components (Directory, 1131ad6bc6207c2f49319dcaf6cad2ea)
              - lib (Directory, df7d29959371799ff8c83458aa568813)
                - styled-components.jar (RegularFile, d3ff4df5bdab9061c57186bdaa39268e)
            - stylelint (Directory, dae66b24ea589721a505b8296216d521)
              - lib (Directory, 8cbb77b9df50348c2ce51dcc23dff09e)
                - stylelint.jar (RegularFile, 2799b0b993bda9021586b1291d9c0741)
            - swagger (Directory, ab52257ef41571cea82f1f4eeb09b693)
              - lib (Directory, aee171d735e1c9d68bc7f14e8b57a866)
                - intellij.swagger.redoc.jar (RegularFile, 3f65477c06194d46eed60dfbefcdd8c5)
                - org.webjars-swagger-ui.jar (RegularFile, 2415206deffe31bfb1f9d89ce4038372)
                - org.webjars.npm-asyncapi__react-component.jar (RegularFile, 5921b49d99735cbe2d44774664c99f34)
                - swagger.jar (RegularFile, d80b7f50e84ea5c43370436733216254)
            - tailwindcss (Directory, 662ccf18ee43febcfce08176cef35614)
              - lib (Directory, 56ca8ee136abc07162c3afe857bd24ed)
                - tailwindcss.jar (RegularFile, 73253e7dd26b93beafea97ee20c3b919)
              - server (Directory, e9ed96db98a5a384801a1d430371d3da)
                - bin (Directory, fb7d93aa96a07ac2a6dee1f65b347cd0)
                  - oxide-helper.js (RegularFile, b57005f26bf75451b7270b81950d79ac)
                  - tailwindcss-language-server (RegularFile, 873119c3030d73fcc9379e9d171738fa)
                - version.txt (RegularFile, ddb63561de19e0c192323c78c472e981)
            - tasks (Directory, 3cfb4f5425139eb8508ef065bd40868d)
              - lib (Directory, 4fd006b7dd8e3816c588db09afa47400)
                - axis.jar (RegularFile, af278268facc022bf32e62a363db9dec)
                - commons-discovery.jar (RegularFile, 8e038d1a148de79363fc407b8e32c214)
                - http-client.jar (RegularFile, d31b800cb71dd107d8227e29e25c885b)
                - modules (Directory, 604d46e362b5edff10d7e3d04748f68d)
                  - intellij.tasks.bugzilla.jar (RegularFile, 3d7d54d2f7474fd3938c4a92b782e3a2)
                  - intellij.tasks.jira.jar (RegularFile, a8e69b20e9be03a2cd851681f2e49de0)
                  - intellij.tasks.trac.jar (RegularFile, 996bbabcc8a0407e306aa84566b6b042)
                - tasks-core.jar (RegularFile, 235023b39bc7a081521876415b565cc5)
            - tasks-timeTracking (Directory, 72ad6176077dba1ee9d657b92c0aab86)
              - lib (Directory, 9c56bf82c027de663f23cecd871a7b5a)
                - tasks-timeTracking.jar (RegularFile, 3f694ed5e2bc44a6b67205cc38dd984c)
            - terminal (Directory, 2c9035ff6ec17f8cf5978dac8d212cae)
              - lib (Directory, 3d7edab312d46559762b1bb7cd672140)
                - completion-ranking-sh.jar (RegularFile, 45d98b273c1e11febcbe562f0466fac7)
                - modules (Directory, 861a2115ebda15bda8dcbe85a8f073ba)
                  - intellij.terminal.frontend.split.jar (RegularFile, 0155073e2368cf5839a284cd3b042409)
                - terminal-completion-db-with-extensions.jar (RegularFile, 610d4f676a56dfe03936d64f35fe74ff)
                - terminal-completion-spec.jar (RegularFile, f373e1bf7a55061677d5bb90b49226c4)
                - terminal.jar (RegularFile, 342ae0acc7bee831c82b971312421c2e)
              - shell-integrations (Directory, 76d7a23c77bb3abd0b5f2d2892d538ca)
                - bash (Directory, 1a59be357ca00e56b2581e684b1d61e3)
                  - bash-fig.bash (RegularFile, 6d66c31f4130bb1dd7fa27f31a8cab5a)
                  - bash-integration.bash (RegularFile, 1a45442e3fa4d0ea70f4aa9ded48549f)
                  - bash-preexec.bash (RegularFile, e2184c94f31bb0c1769f7ce0db4da4ff)
                  - command-block-support-reworked.bash (RegularFile, 9465d02ad9c3f1787d57897611811049)
                  - command-block-support.bash (RegularFile, 8dcd6c13f98f5810690cd4bda128ab4d)
                - fish (Directory, e44537188f3f8a0e8e02546efdd2d1f2)
                  - command-block-support-reworked.fish (RegularFile, db4986c797b18f89b3e3774d78ef2d52)
                  - command-block-support.fish (RegularFile, a810414ee756fca1c33ccdf302a22037)
                  - fish-integration.fish (RegularFile, 9c39e44119804bc7db786c923c76d030)
                - powershell (Directory, 35043b0ab8375344a6dd73426a4bd795)
                  - command-block-support-reworked.ps1 (RegularFile, 420a6ef5a035fb113f3037aaf8964619)
                  - command-block-support.ps1 (RegularFile, 8ca93bfe957b2d076e98017d8b60202c)
                  - powershell-integration.ps1 (RegularFile, d5a5c5a9963a0bc8495aa7b75d6f148e)
                - zsh (Directory, c36672d74da2172c8b964ae70cf9c349)
                  - command-block-support-reworked.zsh (RegularFile, c03fe55cb0297890c779092a5b28f834)
                  - command-block-support.zsh (RegularFile, 650307be58fb559365f85fc3fc55a520)
                  - zdotdir (Directory, 671a40b351a0852166462e0a4b5b7f2c)
                    - .zlogin (RegularFile, 40d38190447a350692f727a5da15e869)
                    - .zprofile (RegularFile, 6ea67334c9d3e6644837af1aa3abb428)
                    - .zshenv (RegularFile, 2e4e05641c167f1a774becbafd173b9a)
                    - .zshrc (RegularFile, bd99b1c523c6326b3c4136325030467e)
                    - source-original.zsh (RegularFile, 569be89aff0052cfd2e32840c37d0ccc)
                  - zsh-integration.zsh (RegularFile, b0102e26a627d8259f6502aef0a932ff)
            - textmate-plugin (Directory, efc0d3181047a19dfd3f246f0cf9595a)
              - lib (Directory, 74f6308c7301ef7933136babcc86ab4e)
                - bundles (Directory, 09bc2ae0ab2a6481d278ad80a56f6d20)
                  - adoc (Directory, 7f2d6be03938360f1d748291554828b5)
                    - asciidoc-language-configuration.json (RegularFile, 3ca42f83d06b7218ab519fe83396fd29)
                    - LICENSE (RegularFile, c2c1e563507aacc33683439f27836e98)
                    - package.json (RegularFile, 6e80830a1505f4c6106f0f148871bda8)
                    - README.md (RegularFile, ea2be30f9dcdde9967a205128da1da16)
                    - snippets (Directory, 49cae2ca45bdd1d50a2f10330482bed3)
                      - snippets.json (RegularFile, 84616822aea48a833ec3b63a6e749767)
                    - syntaxes (Directory, 571597ca8dd42eb3888e5d3c63254610)
                      - Asciidoctor.json (RegularFile, bb56691ca1b258af323fc97cb9bcc2cb)
                  - bat (Directory, 1cb9d898ab5b7646bb81cc33052456ca)
                    - .vscodeignore (RegularFile, 3901c7c48582f04ecfa3b5218d0c8558)
                    - language-configuration.json (RegularFile, be9dd80d9fc8fd289515733b74d60ed0)
                    - package.json (RegularFile, 14de8f662b77f8ce2cfe4d3154471168)
                    - package.nls.json (RegularFile, b303c290fd15c1e56af559d7a52d913e)
                    - snippets (Directory, 14785a6582de6438e79dbbe7b588e449)
                      - batchfile.code-snippets (RegularFile, c5a9fdb3f443211b3bfdc0b554b95ddb)
                    - syntaxes (Directory, 9e11dc82c66c0d86a5a1a673446f22c6)
                      - batchfile.tmLanguage.json (RegularFile, ad3c2864f6cf8511335efb5d5a193186)
                  - bicep (Directory, 0780ddd4147be4a8c75d29268ade89bb)
                    - package.json (RegularFile, d199c183ab85e223d12c1f70b86fd258)
                    - syntaxes (Directory, bc054e831f49b75c75733ed37b6ba645)
                      - bicep.codeblock.json (RegularFile, 02a07b11e9b80f295eb295273726bac5)
                      - bicep.tmlanguage (RegularFile, ccf32fff5723db788d7d1cad52ad4fb0)
                      - language-configuration.json (RegularFile, 7895fe326480e5ba0c50118dca922600)
                  - bicepparam (Directory, f25678d7a87a26247442ea3d4c3704fd)
                    - package.json (RegularFile, b7354ac13971ceaa0ef50d00bd636614)
                  - clojure (Directory, 5fcb425828fc5d001a398ed222ceee36)
                    - .vscodeignore (RegularFile, 3901c7c48582f04ecfa3b5218d0c8558)
                    - language-configuration.json (RegularFile, 0187900007c0d06c2c73444796d4815a)
                    - package.json (RegularFile, b25542ea72116333f526b3c434dd0dfb)
                    - package.nls.json (RegularFile, 70bada3ff5040db25defc213926b99f4)
                    - syntaxes (Directory, 4670f0a2db05aa54932763df628cfc08)
                      - clojure.tmLanguage.json (RegularFile, 0be21960bab6508976cc10fa0de99769)
                  - cmake (Directory, 1d9787aee08470ee3d42d0b3e11d0938)
                    - LICENSE (RegularFile, 481c7b7419c6b74284ec7070752172d7)
                    - package.json (RegularFile, 29d96f722525fa09a97e9997802c63e7)
                    - README.md (RegularFile, e726424dc3317d69253ecbf4bc01faa8)
                    - syntaxes (Directory, 994959c799d239f31320d3dc30a5991a)
                      - CMake.tmLanguage (RegularFile, 4239e7f1e78b9194d2c4c381168a087a)
                      - CMakeCache.tmLanguage (RegularFile, 2a14c17c56fe3e89f01b6f9191c61b1c)
                  - coffeescript (Directory, c3470c3e271010f1c021abca869f6f9b)
                    - .vscodeignore (RegularFile, 3901c7c48582f04ecfa3b5218d0c8558)
                    - language-configuration.json (RegularFile, 9bda33d4be7f72c6870126d910ef665c)
                    - package.json (RegularFile, 951d4becf9afc9515ee5a1553f697c3c)
                    - package.nls.json (RegularFile, 3ff321e0e6b35130266b4a9443a6107b)
                    - snippets (Directory, b43dfad05d540978ede9fc562ee27457)
                      - coffeescript.code-snippets (RegularFile, a2a42b9d6dbac39d45ef7316764154bc)
                    - syntaxes (Directory, 2194a4716c7f8014541bab53f8d9f07f)
                      - coffeescript.tmLanguage.json (RegularFile, e3b410975aced59448b8db9edf6ec4a8)
                  - cpp (Directory, 6e5f7ece17fad7c87f2d4cdfebb5b345)
                    - .vscodeignore (RegularFile, b2b1c2894e8a18c8ffb9bb1de4aa960a)
                    - language-configuration.json (RegularFile, b69c45f0fd3dbe4ee85d2054a1901b63)
                    - package.json (RegularFile, dc60d38090f80b9950e5128fa89c5d35)
                    - package.nls.json (RegularFile, 7ccbd104d93869d7702c9b5ec015d152)
                    - snippets (Directory, 2dec7257fbb133997f0a207b58b89c94)
                      - c.code-snippets (RegularFile, 566d6ffd9c3fa4528522e77a1d50aedc)
                      - cpp.code-snippets (RegularFile, 566d6ffd9c3fa4528522e77a1d50aedc)
                    - syntaxes (Directory, d05f16aa85128c8a8b5ddafda2dba943)
                      - c.tmLanguage.json (RegularFile, 2eb4faff4ed3fee8f710d87257a6ccf1)
                      - cpp.embedded.macro.tmLanguage.json (RegularFile, 2c92fe5b44054eab60ecc187ae4a7802)
                      - cpp.tmLanguage.json (RegularFile, ab8fd72030960ff97fa532686e29d8aa)
                      - cuda-cpp.tmLanguage.json (RegularFile, 15a08215f33d9a1d234e1eafd3addffd)
                      - platform.tmLanguage.json (RegularFile, 5399e0a504405417ce9dea928743a0bb)
                  - csharp (Directory, f6505640f4bd71566977e124acbad99d)
                    - .vscodeignore (RegularFile, 3901c7c48582f04ecfa3b5218d0c8558)
                    - language-configuration.json (RegularFile, 513a739b71221fb578462dae17066eef)
                    - package.json (RegularFile, 1f1166e129486aa90d54f886dbd1f03e)
                    - package.nls.json (RegularFile, 7891cff353eb50ca73a33275406665ec)
                    - snippets (Directory, 7fb638854ca70d03bb9b655c4e41b423)
                      - csharp.code-snippets (RegularFile, 2d98ad90f356773e8706dd4614f26238)
                    - syntaxes (Directory, edbbf1d3a86303b9be13d5ffb5f82679)
                      - csharp.tmLanguage.json (RegularFile, 9d43d7a85e240f49248a02911e0863ca)
                  - css (Directory, 54b0a8ab6973b8b666456f1475001df4)
                    - .vscode (Directory, 2043c1a8595744ba36dbf53571102906)
                      - launch.json (RegularFile, c7559f1cbf3655334dff01d67b0b9953)
                    - .vscodeignore (RegularFile, 339961a5aa66dd13fcbef7ba1ca9794c)
                    - language-configuration.json (RegularFile, 91ca0b958a0ff113cc843a414f20e2ca)
                    - package.json (RegularFile, a2382a3ed1dd5998c3a71772bbba1c6f)
                    - package.nls.json (RegularFile, c57796cee5af6244a6f5b06c412f07cb)
                    - syntaxes (Directory, ccb649fecf9a89d3d8cb13035ab567fb)
                      - css.tmLanguage.json (RegularFile, 1f6161c991b246ad55d9fa4d734aabe2)
                  - dart (Directory, a20bbeef68c068e9826636cb46e8e5b1)
                    - .vscodeignore (RegularFile, d4002ed1f9a79b68d9b129240d929c65)
                    - language-configuration.json (RegularFile, 7025e3d5caa9b9be33fccc3daa135b3d)
                    - package.json (RegularFile, 9d1e3e3b2ebbeb0b84ae141fa1779a4b)
                    - package.nls.json (RegularFile, f34e2a52cdbca14e266af76a47a5aedb)
                    - syntaxes (Directory, b9778a1455801fce786231836630be9b)
                      - dart.tmLanguage.json (RegularFile, a8aa6f05ca01c87cc95a2568605b16d5)
                  - diff (Directory, a670707bdc2962c39df93bbd7e1f85af)
                    - .vscodeignore (RegularFile, d4002ed1f9a79b68d9b129240d929c65)
                    - language-configuration.json (RegularFile, b1033f98881baf90c94b22e3730f1f74)
                    - package.json (RegularFile, a7051cec8f20d8daea4fc60299d38bfa)
                    - package.nls.json (RegularFile, 58591f0b90dac1951bb46a95e1f9ae0f)
                    - syntaxes (Directory, 702def4f3e5c22026ef37ed556344393)
                      - diff.tmLanguage.json (RegularFile, ad1cd761f16e888cfd8cbdf2af79c6a2)
                  - docker (Directory, ad8ec2bb62af3d278db7a7981e3ac277)
                    - .vscodeignore (RegularFile, 3901c7c48582f04ecfa3b5218d0c8558)
                    - language-configuration.json (RegularFile, e2cbb4fc7477bd4fcffbce48c6ee9e49)
                    - package.json (RegularFile, d24bf9acc66cbdb0b11ec774a1600648)
                    - package.nls.json (RegularFile, 20ba8bdae4bd676a677afac804275d03)
                    - syntaxes (Directory, 7eab1b566f349817f62649164f1d6c7e)
                      - docker.tmLanguage.json (RegularFile, 8bb94ef3d86b4308093730ee7ec4d6c0)
                  - erlang (Directory, 4d61d641c8f8c72cf4ecf14a2a334b9f)
                    - grammar (Directory, ddb4765333f5f17e79081f5c7cf766ff)
                      - Erlang.plist (RegularFile, b7d8173af95500c3ee7d293f93d89ee4)
                    - language-configuration.json (RegularFile, 99408730dc605f65e36c61f60fc5d1d1)
                    - package.json (RegularFile, fe90d553210414dea9378d9e5f984745)
                  - fsharp (Directory, 737f3daf26d71679b42b85cdadec9810)
                    - .vscodeignore (RegularFile, 3901c7c48582f04ecfa3b5218d0c8558)
                    - language-configuration.json (RegularFile, cc2b917a64f1078d8e8efa3f9c45acd3)
                    - package.json (RegularFile, 685d0d7ffe4dc4bef700820d5d53ef03)
                    - package.nls.json (RegularFile, 8770aec52c301dfc130bf592567a8ed3)
                    - snippets (Directory, 7baf473049acfbd39ae70126144f6304)
                      - fsharp.code-snippets (RegularFile, a0d9494ed348be49a542d867b48dd998)
                    - syntaxes (Directory, 5395a50b679c48a0f29436d9d84247da)
                      - fsharp.tmLanguage.json (RegularFile, 7dbd6324e14f350357744c983e7235df)
                  - git-base (Directory, 927aba70c22dc83fe86ab4a282344c22)
                    - .vscodeignore (RegularFile, f3f53e779052ecbeacaeca299ee9da5d)
                    - languages (Directory, 06ee8ec47b5f72b2eaaa4a695d3ccf9d)
                      - git-commit.language-configuration.json (RegularFile, 3272a95d6af08bbc71fa1bcaa0172f40)
                      - git-rebase.language-configuration.json (RegularFile, 3272a95d6af08bbc71fa1bcaa0172f40)
                      - ignore.language-configuration.json (RegularFile, 74484bf5b5e39db9a9a78c3ec924e0e2)
                    - package.json (RegularFile, 1e543a88bd51be568591982b311ca375)
                    - package.nls.json (RegularFile, 175724fa20d1ba482ed8ecc34f25d272)
                    - README.md (RegularFile, 001320eae5658c272daba87f0199c946)
                    - syntaxes (Directory, 304ec39f569bb62481ea426594797de6)
                      - git-commit.tmLanguage.json (RegularFile, 792509b0c63bd6c454dce0194f69bba2)
                      - git-rebase.tmLanguage.json (RegularFile, 13afe0b385bd623127834ff7145b295f)
                      - ignore.tmLanguage.json (RegularFile, 10ce2ea79ff1f6681487fd48ad8c980b)
                    - tsconfig.json (RegularFile, 468f6e470a91f42913c3be20bf6cadc9)
                  - go (Directory, 313887b58012a7cffd86a2f50713e4c0)
                    - .vscodeignore (RegularFile, 3901c7c48582f04ecfa3b5218d0c8558)
                    - language-configuration.json (RegularFile, ddd48957a76504dc6ea748cbd1455aed)
                    - package.json (RegularFile, f2f35d1e2bcebb65a7fcdebcb878ebea)
                    - package.nls.json (RegularFile, 15f2448ff998938c5789f76929209fe6)
                    - syntaxes (Directory, 10b87958b6828ba1f6f9e91ddb59645f)
                      - go.tmLanguage.json (RegularFile, 664aff05fdd38aa06ce57842770fecca)
                  - groovy (Directory, 4ea7461201215a9ce4d88003534d7dee)
                    - .vscodeignore (RegularFile, 3901c7c48582f04ecfa3b5218d0c8558)
                    - language-configuration.json (RegularFile, 161f773ef42973a8f729278521ec1cc1)
                    - package.json (RegularFile, 9e36723e37be7f5dd9c728cc851f33ea)
                    - package.nls.json (RegularFile, 938abe82d338344ea2ef88c216b17937)
                    - snippets (Directory, 10a7a81c040c9454f8f1783a9ac73f43)
                      - groovy.code-snippets (RegularFile, 8885c065a17f2b034af7ff1b941f988c)
                    - syntaxes (Directory, a6f7d0324b447780249b8aad6529d2ad)
                      - groovy.tmLanguage.json (RegularFile, a3c83d36d2b3c0d38d049043a955fe39)
                  - handlebars (Directory, b5f2b8e826d0b317bba96d92745be03a)
                    - .vscodeignore (RegularFile, 3901c7c48582f04ecfa3b5218d0c8558)
                    - language-configuration.json (RegularFile, 6e99fa4ec596d9ebdc8200675366cdc1)
                    - package.json (RegularFile, c900535666f1a14e7857623833f1dd87)
                    - package.nls.json (RegularFile, edf7b25249b08081dd73b20bc044413f)
                    - syntaxes (Directory, 773a1866fe8b12de8890bed05202d6d7)
                      - Handlebars.tmLanguage.json (RegularFile, 4bc64a2b8e018af575bedef5e0ca536c)
                  - hcl (Directory, 695b5af62c053725fa363982de2d6345)
                    - language-configuration.json (RegularFile, bb84b6558dd40fd7c7e90ce86abeb9d4)
                    - LICENSE (RegularFile, 3aa8a2bfb6c417925ee8e124bda79dd1)
                    - package.json (RegularFile, 97ddad5e2946a64a5ebc83f3fee6ef63)
                    - README.md (RegularFile, db85de718097b449af7d5cc9738bd37c)
                    - syntaxes (Directory, e976217d7f82e886b800eca9cc45f79f)
                      - hcl.tmGrammar.json (RegularFile, a4e6f720d880f37f644547d7488e70e7)
                  - hlsl (Directory, ef8be2a0a2cfc967595a549eca6b830c)
                    - .vscodeignore (RegularFile, 3901c7c48582f04ecfa3b5218d0c8558)
                    - language-configuration.json (RegularFile, 6426375f4ae65a3429d528cf66dd741b)
                    - package.json (RegularFile, 8772135fe65ca3bcf1687ba930fc1106)
                    - package.nls.json (RegularFile, 594a5ff8c46bcf16344c8d8eb452d87c)
                    - syntaxes (Directory, be554cda2546f8828b96eb412ec025b4)
                      - hlsl.tmLanguage.json (RegularFile, 063f9f64fb00097648e1f1677ef5e758)
                  - html (Directory, 03c2fb727cb6f0e7bbc5fc93851edc1e)
                    - .vscodeignore (RegularFile, b2b1c2894e8a18c8ffb9bb1de4aa960a)
                    - language-configuration.json (RegularFile, 6082b838a95ba6e5b3a6bb6c29d22c27)
                    - package.json (RegularFile, a402b536cbee5301c13a4b914376f4e0)
                    - package.nls.json (RegularFile, 9478af41616294d9a4f61168e1cff809)
                    - snippets (Directory, 32b0839e330697974e8c48d19580bf83)
                      - html.code-snippets (RegularFile, 727b3b3a672bd8e6e513ae3ddbad9097)
                    - syntaxes (Directory, 22e5cdcaf620cf79bdf38ec7bac96c28)
                      - html-derivative.tmLanguage.json (RegularFile, c6d1d410cbcadd2937d769f89d85535a)
                      - html.tmLanguage.json (RegularFile, 9028848c1fc8ef4a6593adbd0f80e6ac)
                  - ini (Directory, cc2abcbbf291aa521ce4259c92c4959e)
                    - .vscodeignore (RegularFile, 3901c7c48582f04ecfa3b5218d0c8558)
                    - ini.language-configuration.json (RegularFile, 3c36d0017831920157779d66fb582ffb)
                    - package.json (RegularFile, 6c0d08a7a6601e41120a264b2d984d40)
                    - package.nls.json (RegularFile, c34aa620d6aa3e02da41868bb7946813)
                    - properties.language-configuration.json (RegularFile, 0c6f07e2d55a0a1497abc815e18c3c14)
                    - syntaxes (Directory, bd7eedf14c8ab3a78ef325794fb6f0d6)
                      - ini.tmLanguage.json (RegularFile, 84dc50b919ed543ae6f1732a2dc1c685)
                  - java (Directory, 20d7e48325659a348d02d3f46277941b)
                    - .vscodeignore (RegularFile, 3901c7c48582f04ecfa3b5218d0c8558)
                    - language-configuration.json (RegularFile, 7d0fa3fd321199c609f6fe283f16944d)
                    - package.json (RegularFile, dd4f24e306528f795991aa2001701f6d)
                    - package.nls.json (RegularFile, df2dda897cbe26a187c175c7f119fb10)
                    - snippets (Directory, 42d9106718bb18689c5bd0749e6611fb)
                      - java.code-snippets (RegularFile, 3028eb3329365bffb33f12cef53532a9)
                    - syntaxes (Directory, 134e9e4a6fa35d97368fa69857734e2e)
                      - java.tmLanguage.json (RegularFile, 6589d250a9116fc444d78bd3b5b3c6ba)
                  - javascript (Directory, d02e955740d677475b5fb1b5e6041e75)
                    - .vscodeignore (RegularFile, 76f153b963cd964519555f2e450dcfa4)
                    - javascript-language-configuration.json (RegularFile, 08483c4a5056c344864eecfdab895ff4)
                    - package.json (RegularFile, a8e15a02b5a21e674b7b2e7994946281)
                    - package.nls.json (RegularFile, 0f6a619fa3394b2537b2aeb299780c70)
                    - snippets (Directory, f68b58443f63ced7679ba210e90d7821)
                      - javascript.code-snippets (RegularFile, 015d433c35cd53ac5ecb3948478c5f33)
                    - syntaxes (Directory, c9117d6cf7f54b1f220de0312cc1a064)
                      - JavaScript.tmLanguage.json (RegularFile, 4894473638e17a7978d3a8d9fbe40c3d)
                      - JavaScriptReact.tmLanguage.json (RegularFile, 10e2ddbf791833e5e17694bb821b2e29)
                      - Readme.md (RegularFile, 06495971a91d6d2cb4cf4ea308e7dd17)
                      - Regular Expressions (JavaScript).tmLanguage (RegularFile, d80081b3bec4f2fc960acb4935aa4f4f)
                    - tags-language-configuration.json (RegularFile, 616d3d04fbce77cce1aa131fa5b10bf6)
                  - json (Directory, 76b6882528275128a369b0531a00e34c)
                    - .vscodeignore (RegularFile, b2b1c2894e8a18c8ffb9bb1de4aa960a)
                    - language-configuration.json (RegularFile, 66519c7ce33ea3664d36291b8e20771c)
                    - package.json (RegularFile, b20d5744443f8343d611cf4a44b4ac04)
                    - package.nls.json (RegularFile, d12671a948731ac52571b62249700b1f)
                    - syntaxes (Directory, 749fb88ed7685e0447f773640ac69f90)
                      - JSON.tmLanguage.json (RegularFile, e4f9c3cced630ed81516566f5913319f)
                      - JSONC.tmLanguage.json (RegularFile, 4e559e5a2397d9351614279a3558f40a)
                      - JSONL.tmLanguage.json (RegularFile, 54ae84c85dfaefaf460827ff42cbc6a8)
                      - snippets.tmLanguage.json (RegularFile, eab0b36ae19d9bec6c2c73d7e3be1760)
                  - jsp (Directory, c231919a3d6a801ee5309109595fcfb5)
                    - jsp-configuration.json (RegularFile, eadba55ffc1cd360a76bfb6e076b7ffc)
                    - LICENSE (RegularFile, 0d843e4ce4764cea15955a2782355f4d)
                    - package.json (RegularFile, 15306c44b118da8a22c95b8706ae063e)
                    - README.md (RegularFile, 08ed0f6973e2072ffe775690692d4f92)
                    - syntaxes (Directory, 8525436bf30acacc5812fb53e06ece35)
                      - jsp.tmLanguage.json (RegularFile, 242cbb89184e73fb0bfbb3eada39d384)
                  - julia (Directory, 9c48592e99ba8b84865f4703dacd76d2)
                    - .vscodeignore (RegularFile, d4002ed1f9a79b68d9b129240d929c65)
                    - language-configuration.json (RegularFile, c087d3627624921721d9d68404f17704)
                    - package.json (RegularFile, 65497efbf3490a791324a25333cb73e7)
                    - package.nls.json (RegularFile, 843c2b2ebc3784f4d004ba5cf444f51c)
                    - syntaxes (Directory, 4414a984bbdf924b9bade530303ff5c0)
                      - julia.tmLanguage.json (RegularFile, 42eab98f9182313eab41cbce137ff35d)
                  - kconfig (Directory, 62c6a6d417a931301be3bdfa2c672516)
                    - language-configuration.json (RegularFile, e0cff92cf58ee42bf1aebcab66b5f269)
                    - LICENSE (RegularFile, 56576293878c8875c8d66bc217ef5890)
                    - package.json (RegularFile, a8516aec9c0000a23d7ff1536340a554)
                    - syntaxes (Directory, e9bf82a0f27aa3852ebb915125da11bd)
                      - kconfig.tmGrammar.json (RegularFile, 3018c54478206976b0a098b8b1533f3a)
                  - kotlin (Directory, fbe39d9ca5743b31783bca87fdbf37ce)
                    - info.plist (RegularFile, 71d1d2a2c25858e899bf105074f8841f)
                    - snippets (Directory, 94891b9420f82edd3ef9cc2a9b24465c)
                      - class.tmSnippet (RegularFile, 81b04b71fc240344da0e35f94612f8ba)
                      - println.tmSnippet (RegularFile, 87d12a20662823fadbbf19ba1954cc95)
                    - syntaxes (Directory, 7c14dd63c30aab10c84a63cbcbb0e6a6)
                      - Kotlin.tmLanguage (RegularFile, 5332db1c5334afbace4014da43c8a70d)
                  - latex (Directory, 06a71ada3992ba01dc88bf436c7748d7)
                    - .vscodeignore (RegularFile, 144c45d207b72c3f4c08881aa6f2be1d)
                    - cpp-bailout-license.txt (RegularFile, bd69823779fcb553dbb781612df22ba1)
                    - latex-cpp-embedded-language-configuration.json (RegularFile, 3f99b845bae46050b2f65ff1a40b4089)
                    - latex-language-configuration.json (RegularFile, f831feab92c2fd8854b36cf73ec8da0c)
                    - markdown-latex-combined-language-configuration.json (RegularFile, 25d7960c30f13058140631c15c1c0efa)
                    - markdown-latex-combined-license.txt (RegularFile, 22b824d2ef96515fccc700616abeaa0c)
                    - package.json (RegularFile, 72377da31a761af3c5691c2e355b40fd)
                    - package.nls.json (RegularFile, 6f15ca5665d4b77b3bf856398efab7b2)
                    - syntaxes (Directory, bb30a6ed70030c171af6c27ffa04a1d5)
                      - Bibtex.tmLanguage.json (RegularFile, 13a477cc4926a3aac8d02cf4361f815e)
                      - cpp-grammar-bailout.tmLanguage.json (RegularFile, bdcff5fe40d6c59676389dad6d0e5c12)
                      - LaTeX.tmLanguage.json (RegularFile, 1bcf26a0b695d62681af46e153a678e0)
                      - markdown-latex-combined.tmLanguage.json (RegularFile, ae6fa35f88ee4b424a73c6872a5bf2d6)
                      - TeX.tmLanguage.json (RegularFile, 512ae1e1609437f0ba16a9b1cadf3168)
                  - less (Directory, 9827faa8cf537c064e776f121b689e68)
                    - .vscodeignore (RegularFile, 3901c7c48582f04ecfa3b5218d0c8558)
                    - language-configuration.json (RegularFile, 4537c0658116f1bdccda27f4b3ad503b)
                    - package.json (RegularFile, 001f8bd732eca725c84f6561e35dfdb3)
                    - package.nls.json (RegularFile, c9ecefacf83f5ad09850456d1f8eff56)
                    - syntaxes (Directory, 27760d8c231b034d6054a8d81625a4b8)
                      - less.tmLanguage.json (RegularFile, 52efce304b0901aea39b8e420716ce81)
                  - log (Directory, 037301637fa484612db2ec09e0f4f1a3)
                    - .vscodeignore (RegularFile, 3901c7c48582f04ecfa3b5218d0c8558)
                    - package.json (RegularFile, d40e2c769871bb0ddd68f4deead3d85f)
                    - package.nls.json (RegularFile, 1617bec10fa3170ddd8c6a3fd9d46ae0)
                    - syntaxes (Directory, a381f4b6e56cab102e6b994ad11338a8)
                      - log.tmLanguage.json (RegularFile, 44d7beab1c0b02bd3dd4fc9c2d511966)
                  - lua (Directory, 223f8d01be6023b0ad89094157220adb)
                    - .vscodeignore (RegularFile, 3901c7c48582f04ecfa3b5218d0c8558)
                    - language-configuration.json (RegularFile, a37677b8a0051a3ab4bbe09ca385225d)
                    - package.json (RegularFile, 97f175bc76658aa23a2add6cd4267e5e)
                    - package.nls.json (RegularFile, 5651edf42b475ee9da1e6a06feada538)
                    - syntaxes (Directory, fd6cd3a02aec4f5315c727247e30e0a5)
                      - lua.tmLanguage.json (RegularFile, bf91105756c0ab4d7a1143c25d2bb309)
                  - make (Directory, 605cdcb9ee766791847e874198374ae3)
                    - .vscodeignore (RegularFile, 3901c7c48582f04ecfa3b5218d0c8558)
                    - language-configuration.json (RegularFile, 130205b28253eeef05bfcaf0149f0bca)
                    - package.json (RegularFile, 40e38fd774532d1b8d1767dc2ad64eab)
                    - package.nls.json (RegularFile, e3501444d592290fd27a3dcdcfdf34f3)
                    - syntaxes (Directory, 53fd1d007c44071280ab08c99b647e3b)
                      - make.tmLanguage.json (RegularFile, 25b43b71db8f68f41d5e9cf669736a2d)
                  - markdown-basics (Directory, 476cf3141df8926c53739373e93fde95)
                    - .vscodeignore (RegularFile, 379583f93f2478c443bfe2c69b8eafc2)
                    - language-configuration.json (RegularFile, c1912669b018448aae8d9302ea074991)
                    - package.json (RegularFile, bec4195f6d20e00a3a454102a1b96123)
                    - package.nls.json (RegularFile, fc87fbfda66ec7a0fbd70571983dd74b)
                    - snippets (Directory, 96b8014f11647aed899ab33bf16e9e03)
                      - markdown.code-snippets (RegularFile, 12b9775aeaa7753eee376be79e20f170)
                    - syntaxes (Directory, 36453d5e257ca98474cfd8107d077cff)
                      - markdown.tmLanguage.json (RegularFile, 4c93d79fc704e5083b14a608338ce86d)
                  - markdown-math (Directory, 60d9c33890e8586722a9639cb1f169f5)
                    - .vscodeignore (RegularFile, 36eaee5d1b21c1de31ef47a65dee2fb5)
                    - notebook (Directory, c5fc14b0e9f52aa6e13cdb6544dd7035)
                      - tsconfig.json (RegularFile, ccbafd819c076f4131cdfe5c2bfe0289)
                    - package.json (RegularFile, 6c232a3e8f3335027873acebfd163a68)
                    - package.nls.json (RegularFile, 2cd844010a1b1f696908c249a2cc10fe)
                    - preview-styles (Directory, 076daf74699dc9254f01c0f8e69ff6ca)
                      - index.css (RegularFile, 58476b553207ff9052a93b8107b35a63)
                    - README.md (RegularFile, 767063884b48a0a077a1992589b3c020)
                    - syntaxes (Directory, 68320e1f376c473cb68e14187c7d1c3e)
                      - md-math-block.tmLanguage.json (RegularFile, 0992586dc644eb2ec648fa0ee3ae0d84)
                      - md-math-inline.tmLanguage.json (RegularFile, 723e1948a00defc4010ef975a6b4bd61)
                      - md-math.tmLanguage.json (RegularFile, 4ebfa217f7ca83cee828148805742ea8)
                    - tsconfig.json (RegularFile, 5a8582f63f64efdeeb66d8a78a5ffe73)
                  - mdx (Directory, ae3a148f62e9793badacc3d2d261a4ae)
                    - language-configuration.json (RegularFile, f0ecd89da1c93e57412fe6a18e643977)
                    - license (RegularFile, 640353bbd0cb6b8affcebe026d24876e)
                    - package.json (RegularFile, c82077bf8ae3be0db6951b7d802f1e4b)
                    - syntaxes (Directory, e4cf89f9c7fc93396abd61cfea2bcfab)
                      - mdx.markdown.tmLanguage.json (RegularFile, aea75b63ecb3d132fbf88efd99f4a38e)
                      - mdx.tmLanguage.json (RegularFile, 5edd467872b3f19023904049aee74371)
                      - source.mdx.tmLanguage (RegularFile, a703d1073cb6e3b51e79fcf9583879b3)
                  - objective-c (Directory, 8c0ab3e00f49e026ad5e501664e5d93e)
                    - .vscodeignore (RegularFile, 1f3af2829bd94ba1ec4abeb10eb9fe60)
                    - language-configuration.json (RegularFile, 161f773ef42973a8f729278521ec1cc1)
                    - package.json (RegularFile, ac9096eac254fa42c16160e55bc93bc5)
                    - package.nls.json (RegularFile, be7de9d188715d630c830e547c3a1ce0)
                    - syntaxes (Directory, cd24374d34ead827ad09de9610ec5141)
                      - objective-c++.tmLanguage.json (RegularFile, aca2a9c9812fc5764a14378060d0e050)
                      - objective-c.tmLanguage.json (RegularFile, 02b82001e1f3a57a1dbbd8206f81fe25)
                  - perl (Directory, 27cbb62fefcb11952b83585e04fb2957)
                    - .vscodeignore (RegularFile, 3901c7c48582f04ecfa3b5218d0c8558)
                    - package.json (RegularFile, 6c0cb6a68d920497ddc8cdafc40588a5)
                    - package.nls.json (RegularFile, 12bf902e9ef3f664e62b62a47f3ed2b8)
                    - perl.language-configuration.json (RegularFile, 33bf053f97fa86ab19b5e2b30de8442b)
                    - perl6.language-configuration.json (RegularFile, bc1693a6a4f749ecf373055a342420e2)
                    - syntaxes (Directory, f35bbccaf1e964a4a1d0da857b3e2a56)
                      - perl.tmLanguage.json (RegularFile, 7f9b54bd172bbf047271b6465d097fee)
                      - perl6.tmLanguage.json (RegularFile, d6f8c2f00151916b58a550a3826ef692)
                  - php (Directory, aae563bc1deacb84db60491330aabf89)
                    - .vscode (Directory, 074b09aba94969e7bf4727daf5b9b2a5)
                      - launch.json (RegularFile, 4a8bab7eedcff80c2295f550892c5e00)
                      - tasks.json (RegularFile, 310d64a8adb1debf2921fc3a7962409a)
                    - .vscodeignore (RegularFile, cd2b1911a2b28f26f7fc09c623f74eab)
                    - language-configuration.json (RegularFile, 0eae49db1cd102e588fa79eee6f0bc86)
                    - package.json (RegularFile, ae69bb8793de2eb9375ba7fd33d13dd1)
                    - package.nls.json (RegularFile, 81859e0c51f4478272daa50e74361f5d)
                    - snippets (Directory, 1ab1e3ccef5f722eba34bd34e24ae46a)
                      - php.code-snippets (RegularFile, 6e6a2193ba3fd28f3a83261387256f3d)
                    - syntaxes (Directory, e893e4cf70de648d5ac6a84ce2fca852)
                      - html.tmLanguage.json (RegularFile, 01ef898daf361dc78ba3aea25cbfb2f2)
                      - php.tmLanguage.json (RegularFile, cea33e2fc21976bebf272264f8afbf25)
                  - powershell (Directory, c471261d53cd765b41fc4e3242b2e7f6)
                    - .vscodeignore (RegularFile, 3901c7c48582f04ecfa3b5218d0c8558)
                    - language-configuration.json (RegularFile, 39ccdc44e61e73de0ab8b45603c49a03)
                    - package.json (RegularFile, c7b4c4d28227a89362c8982ad4fdd268)
                    - package.nls.json (RegularFile, 801f5a867717cf3d5ea11c7fe9f6a3cd)
                    - snippets (Directory, c070ad628c3b74cd135f0c379641b111)
                      - powershell.code-snippets (RegularFile, 2d98ad90f356773e8706dd4614f26238)
                    - syntaxes (Directory, 5366068a03b675f56c721acff251d24b)
                      - powershell.tmLanguage.json (RegularFile, c46f2d3d00ee8fb07e0da562a1b7066b)
                  - pug (Directory, 7eabbe277c4b499b7e4f49c6dbdd8ceb)
                    - .vscodeignore (RegularFile, 3901c7c48582f04ecfa3b5218d0c8558)
                    - language-configuration.json (RegularFile, 9f980675e8eea41c890d1e0bbd0d4202)
                    - package.json (RegularFile, 5be8c46d59bb471fee9e606a1f51c395)
                    - package.nls.json (RegularFile, 738ae4647c91d3d1dd0d0eee5a33b93c)
                    - syntaxes (Directory, 3c1057174f2b0ccbb6955414c6a9cde5)
                      - pug.tmLanguage.json (RegularFile, 3e215d185ae0b9c56c5493ef108b9cd7)
                  - python (Directory, 5461a42caff67c0dabdcda001282a323)
                    - .vscode (Directory, c9949d7fc0ed9d8dde0979dc85bbdc32)
                      - launch.json (RegularFile, 21eaab8f03dd7eb76c34a873489cb9d2)
                      - tasks.json (RegularFile, 9a66f4a9361fa08e9972aececc54286f)
                    - .vscodeignore (RegularFile, 3134995f0dc287047bc87c1464a53670)
                    - language-configuration.json (RegularFile, db978f5080cd04ecd2ae028b5241b50a)
                    - package.json (RegularFile, 5517b4d4e6c7fe90ba27b5cf438eee27)
                    - package.nls.json (RegularFile, 8c1fcee75abc11dc3f07927e6fbf1a33)
                    - syntaxes (Directory, eccb909b17faf42c17d41d5583a30ea5)
                      - MagicPython.tmLanguage.json (RegularFile, 70ac722c1b163a2ac300b418375d4e81)
                      - MagicRegExp.tmLanguage.json (RegularFile, 915b2d4262972b444a5de27fa5c95a76)
                  - r (Directory, 1a49316529b5b420e26b568216420577)
                    - .vscodeignore (RegularFile, 3901c7c48582f04ecfa3b5218d0c8558)
                    - language-configuration.json (RegularFile, 957736615ed163015bcf1aa085ddc38f)
                    - package.json (RegularFile, b240822b31d1be382b8a778eeda321c1)
                    - package.nls.json (RegularFile, 31598142903b4596807fceb282e7e283)
                    - syntaxes (Directory, 537b2bb9987f2384e677e840263c83f2)
                      - r.tmLanguage.json (RegularFile, c7c478267b0248a5e3b63e824ef3fa79)
                  - razor (Directory, 47af3828914e5ad658a053b427180f2f)
                    - .vscodeignore (RegularFile, 3901c7c48582f04ecfa3b5218d0c8558)
                    - language-configuration.json (RegularFile, dc5b63fd0f660b16a4bcf8e5d5cba10e)
                    - package.json (RegularFile, ce8c976530a72e4dc7977c7c75f0808f)
                    - package.nls.json (RegularFile, e48aeb4efe77704256eccb88e14ce8e6)
                    - syntaxes (Directory, a24172fd6845aa03cfc3a09aa0dc727d)
                      - cshtml.tmLanguage.json (RegularFile, dba3449c203d8b6bc5c3cb6a57ea0f7e)
                  - restructuredtext (Directory, e6c941cc4a691a7f55136b861a2eee8f)
                    - .vscodeignore (RegularFile, 3901c7c48582f04ecfa3b5218d0c8558)
                    - language-configuration.json (RegularFile, f9f612f379effcb338889b9ce140e802)
                    - package.json (RegularFile, 66ac57def7aba0b3752d45766565187d)
                    - package.nls.json (RegularFile, a3bfc8e4b35b30767cc41a26dafa5af4)
                    - syntaxes (Directory, af8f24218e5c64199c5b17210cef52e3)
                      - rst.tmLanguage.json (RegularFile, f534167e7024e63adc4bfcb28cac60bd)
                  - ruby (Directory, ac6dcbe4284d226da06aa3b05df98ef5)
                    - .vscodeignore (RegularFile, 3901c7c48582f04ecfa3b5218d0c8558)
                    - language-configuration.json (RegularFile, 6c88f29683f28a975ccb62cf7831f1a5)
                    - package.json (RegularFile, 8d659838faab763da32c1d728f1926c5)
                    - package.nls.json (RegularFile, 8d911d73f438e2c7d0095c6947754f1a)
                    - syntaxes (Directory, 5cfcbccf69545dac7bd51c531ecb5a18)
                      - ruby.tmLanguage.json (RegularFile, 9aed36b8008df546c2124bb76d7bd24b)
                  - rust (Directory, 1cb4f0e36ad30792706b70ca05d63c00)
                    - .vscodeignore (RegularFile, 3901c7c48582f04ecfa3b5218d0c8558)
                    - language-configuration.json (RegularFile, 6f3565f9f04d2f72136b5ba2c11dda6b)
                    - package.json (RegularFile, 51d776d2b4bb2963a5b4f0cbd6d6a107)
                    - package.nls.json (RegularFile, 41c2e627ab9935403ef54ea550731e30)
                    - syntaxes (Directory, ea72ab5518223ffe6c252279cb4eb72c)
                      - rust.tmLanguage.json (RegularFile, 2cbd77c913a6afd69055052c8a86136f)
                  - scss (Directory, 33f7fd534ceead3b38462212dc0d8848)
                    - .vscodeignore (RegularFile, 3901c7c48582f04ecfa3b5218d0c8558)
                    - language-configuration.json (RegularFile, a288015d0e2491bd567de3a0863f8173)
                    - package.json (RegularFile, 35ebfbd60753a0696633f647aecee8b1)
                    - package.nls.json (RegularFile, 196f2e2c3bf06ee1407d6c4b55100799)
                    - syntaxes (Directory, 2f6047f95e4f6d0b115ddc0c83abc95a)
                      - sassdoc.tmLanguage.json (RegularFile, d0f37e6acd3691e1264d2bb129cf2e6b)
                      - scss.tmLanguage.json (RegularFile, 12714f5f647d323a910aa4fb66d183da)
                  - search-result (Directory, 41852e776e3739dc9a7b9328c0cea9da)
                    - .vscodeignore (RegularFile, fac33c017f9d85608dc8d628e9c63215)
                    - package.json (RegularFile, 1279c5ca82def066f0760b69f801684d)
                    - package.nls.json (RegularFile, 1845f3384a692cffd8005390d736e9d1)
                    - README.md (RegularFile, 9da3d64ff59cd7f2163c9373559f75a1)
                    - syntaxes (Directory, 0148c4a6b9c2bb8888949178b9d1f8e8)
                      - searchResult.tmLanguage.json (RegularFile, f284c21e40ba1fb278c88b61563cde99)
                    - tsconfig.json (RegularFile, 71d9bb3a49c8a8a360e4441c72cb800d)
                  - shaderlab (Directory, 5d1b024e05e423d368ab079485663829)
                    - .vscodeignore (RegularFile, 3901c7c48582f04ecfa3b5218d0c8558)
                    - language-configuration.json (RegularFile, a71ccbc3458fdc2b39bd01de299757b3)
                    - package.json (RegularFile, b4f8d9ee51947d2cac60a1168805fb9d)
                    - package.nls.json (RegularFile, 40942e6b0a86766ee496f93ee95140e4)
                    - syntaxes (Directory, f3d2ed9f8f1ffddce5d96c8182f834bd)
                      - shaderlab.tmLanguage.json (RegularFile, be71dfbf4593ef7d9a19da571c9b499e)
                  - shellscript (Directory, b68b961661067f6cac84b25fac4fa0d4)
                    - .vscodeignore (RegularFile, 3901c7c48582f04ecfa3b5218d0c8558)
                    - language-configuration.json (RegularFile, 2f0641e2915694892d2b5789876305d4)
                    - package.json (RegularFile, c82ccb0a0ea868e6eeb74f7755e83d4d)
                    - package.nls.json (RegularFile, 0dde4c0b48f1c06d1acaa03b7901db35)
                    - syntaxes (Directory, 07d3f87c9a58859217ffcc92cecfac80)
                      - shell-unix-bash.tmLanguage.json (RegularFile, 42939eac9a90c0c1b0e7a59ac8cdcd0b)
                  - sql (Directory, 93fbc40fa56023d247ad48a1a6295ccb)
                    - .vscodeignore (RegularFile, 1f3af2829bd94ba1ec4abeb10eb9fe60)
                    - language-configuration.json (RegularFile, 9571507fdee95fb1257a9a97f13b9681)
                    - package.json (RegularFile, 302a70f5ffe1ed08f064129f9623c339)
                    - package.nls.json (RegularFile, 9e04663c94c26e59cdec5ef46942193b)
                    - syntaxes (Directory, edb6fc9b00f56bc2f2e1e1789557ad2c)
                      - sql.tmLanguage.json (RegularFile, 7f0b4a5490c1c4d2c78c676bc647663a)
                  - swift (Directory, d9e34d06326dcc464943619e702915fd)
                    - .vscodeignore (RegularFile, 3901c7c48582f04ecfa3b5218d0c8558)
                    - language-configuration.json (RegularFile, 90206b3cecac239c44413eb3f13d3aa0)
                    - LICENSE.md (RegularFile, 4030454cba89a03d7e1976b81267877c)
                    - package.json (RegularFile, 8d6ca714d59a02364f15954bc057b099)
                    - package.nls.json (RegularFile, 447ea00fd2682a07591784d5d9ca11ac)
                    - snippets (Directory, cece3e3c2eb3e233dece4455f16459e7)
                      - swift.code-snippets (RegularFile, ac9baa8c814e55e8c3ddd035c0717139)
                    - syntaxes (Directory, 66e18c4a59fc1d5bc8a28820ce53a484)
                      - swift.tmLanguage.json (RegularFile, 0bdb1ae3c2420f25bdbab40d69d644f8)
                  - terraform (Directory, 2be3f674ad1af48720cb3fba4bc01f8f)
                    - language-configuration.json (RegularFile, 73fe0733f6bb1ff67e982641eb76ff9c)
                    - LICENSE (RegularFile, 78549b51b2294e6ade07357557e35da6)
                    - package.json (RegularFile, 1d7f4713dcf0e783c0e66bccdd9d6ea4)
                    - README.md (RegularFile, 5c370c4beba153134b14a185c56bf00b)
                    - snippets (Directory, 8eeb65860c9146e6fc2f822e5c0b193b)
                      - terraform.json (RegularFile, 31b333d5f0add5759ebb2ad03af92059)
                    - syntaxes (Directory, a27dc0bafe5957683b8d515225a8a085)
                      - hcl.tmGrammar.json (RegularFile, a4e6f720d880f37f644547d7488e70e7)
                      - terraform.tmGrammar.json (RegularFile, 028ce4cfe2f6cf103aac34fd696080cc)
                  - twig (Directory, 6f9c85d65f300b56724817100ef4f14f)
                    - LICENSE.md (RegularFile, 401a5e2550153071d4cd808fd1182eb6)
                    - package.json (RegularFile, 426e32a489ea1f84c667c06d698d40ce)
                    - README.md (RegularFile, 46afcd74a3ffcb99f7cd71870ba81be4)
                    - snippets (Directory, ae2362a3a6939e8c8e835b7bf6cb49cd)
                      - snippets.json (RegularFile, f876d371030c525457b84186d4c62b47)
                    - src (Directory, 7af85fb14a01d921caccff548cba8a98)
                      - extension.js (RegularFile, c27ff52d6ce2430b75872ff6bb6d374a)
                      - hover (Directory, d62fdea5515d2b568358569945c2fc5a)
                        - filters.json (RegularFile, 93e41cbf6f56a248b283bd52b554491d)
                        - functions.json (RegularFile, 90fb1d0702e3396e53a3cd2408c1c96b)
                        - twig.json (RegularFile, fb57829bcbfb5e61ce0c295a2c9cf806)
                      - languages (Directory, e8ed6192d07cb123d95f9e348ff1aad4)
                        - twig.configuration.json (RegularFile, 51fefb97a1bef7d0411b2b3afe271aa5)
                      - snippets (Directory, ae2362a3a6939e8c8e835b7bf6cb49cd)
                        - snippets.json (RegularFile, f876d371030c525457b84186d4c62b47)
                      - syntaxes (Directory, 26401940c4b7da0eac803891bad971d6)
                        - twig.tmLanguage (RegularFile, 7bb84763b7ebef32f52f8d2736ddbaf9)
                  - typescript-basics (Directory, c21ab679f46b829d5bd6dd4fe65dbded)
                    - .vscodeignore (RegularFile, 8f09fe0f7dd9c3a08043e77589d2527d)
                    - language-configuration.json (RegularFile, 9fe255da9f2958bb7f4517d255d04acc)
                    - package.json (RegularFile, 8eb64e8714461d12672e8bd06710391b)
                    - package.nls.json (RegularFile, 4b61686c34eeddad2bf824f8765379b1)
                    - snippets (Directory, 7537ff7ea42d8945418ddf3a7c2ec4b5)
                      - typescript.code-snippets (RegularFile, 1763609f70d05e26d3beef5c2c4cff7c)
                    - syntaxes (Directory, 692969de8de0e553c1c8f0cbe8da8b96)
                      - jsdoc.js.injection.tmLanguage.json (RegularFile, f670b663a4ff6ed072051653d7b88906)
                      - jsdoc.ts.injection.tmLanguage.json (RegularFile, 174b5d58ab60b48d7a6018d2e515a145)
                      - Readme.md (RegularFile, 72c09d034e6c98201611fa105946c741)
                      - TypeScript.tmLanguage.json (RegularFile, 834632eb92c83d3eb1e0c2c97b3cf352)
                      - TypeScriptReact.tmLanguage.json (RegularFile, 491480d0dcfd65000c60e3ecd5f64719)
                  - vb (Directory, bfdc3aa518daf20c4a71b5273eeb31c2)
                    - .vscodeignore (RegularFile, 3901c7c48582f04ecfa3b5218d0c8558)
                    - language-configuration.json (RegularFile, 7f7777b3c3824064e282e4bc694ef074)
                    - package.json (RegularFile, 4045f7849678c8d02a2cda55d67c2c30)
                    - package.nls.json (RegularFile, 61962cc71acea96176c4b84489966ff6)
                    - snippets (Directory, 6de1052ebf5ecf4256df518998fd487e)
                      - vb.code-snippets (RegularFile, edadecdfd0a2741edc697996e76a54d5)
                    - syntaxes (Directory, fe7f6446bcd2899057086461a0a241eb)
                      - asp-vb-net.tmLanguage.json (RegularFile, 06b5893852d77bbe41e4cf7c59bbb10b)
                  - viml (Directory, 8c4b47a6c6a7f79e8c754f99f7b441a5)
                    - grammars (Directory, 4579ca54f3cdb3e9d25bc1c37f5ef291)
                      - viml.json (RegularFile, a64b7849d9986287c55170664690ba8e)
                    - LICENSE.txt (RegularFile, ff33831835ca057916d49f267135d2f3)
                    - package.json (RegularFile, e9fa93a4216d16a17167b1f7e7ee134b)
                  - xml (Directory, 80cef2d5404553bbd1663f242f88c741)
                    - .vscodeignore (RegularFile, 3901c7c48582f04ecfa3b5218d0c8558)
                    - package.json (RegularFile, 456238a033501ca290f38cc09a38d36e)
                    - package.nls.json (RegularFile, d5cb76da80699ebf63c6a5195f8dc711)
                    - syntaxes (Directory, b5b8c3f088865153624364e7d7d58994)
                      - xml.tmLanguage.json (RegularFile, 730621898acf7bdb707c7d5ab92c05f3)
                      - xsl.tmLanguage.json (RegularFile, b944ae88b704b32a988fa804cb99fab7)
                    - xml.language-configuration.json (RegularFile, 6d1e4507ae264a2834ccd74cadb72a8b)
                    - xsl.language-configuration.json (RegularFile, 50beebda3e1dea275589c67cbfdb35c0)
                  - yaml (Directory, b219f289d9adf9ecc1d70fa025eb1471)
                    - .vscodeignore (RegularFile, 3901c7c48582f04ecfa3b5218d0c8558)
                    - language-configuration.json (RegularFile, e9dba554fbd8716abf360ed6552cc4d1)
                    - package.json (RegularFile, 7b18bb18a62e438e886fa4180e329867)
                    - package.nls.json (RegularFile, 39ef5be84cf52c1e298c8d7bbe45a8b3)
                    - syntaxes (Directory, 54bfe8e25f12ccb69fc2eb38f35ca86e)
                      - yaml.tmLanguage.json (RegularFile, af8cb103c2b7850ae385a020b757a75b)
                - modules (Directory, 2209cad936764e7dd968ecd759aa4767)
                  - intellij.textmate.backend.jar (RegularFile, 7ac435e61969b8e293e8997af45c3d38)
                  - intellij.textmate.common.jar (RegularFile, e219e7564372190f5a2425fbe3bafaf3)
                  - intellij.textmate.core.jar (RegularFile, 2d7a5baee66476927c340f569016c401)
                  - intellij.textmate.frontend.split.jar (RegularFile, 7c99f699657e891cd2fc8859ab637e66)
                  - intellij.textmate.jar (RegularFile, 558c0548664535911161f2caf4ec6a83)
                  - intellij.textmate.joni.jar (RegularFile, 75b3ae91daa28e79205c9d933634ca09)
                - textmate-plugin.jar (RegularFile, 48b574057b2c7cc42c728b908b86d65f)
            - toml (Directory, 7e48c4d8123fdd204d9eede6c457eedf)
              - lib (Directory, e5ebe18d0ed817d0cf612879bbdef29f)
                - modules (Directory, a6e881971c79aa6477ab3e823c2c7c03)
                  - intellij.toml.backend.jar (RegularFile, 360e726efe706d3f9587623e034620b1)
                  - intellij.toml.frontend.jar (RegularFile, 1c324e55fe5d7939c622c2c7bfdbfb6a)
                  - intellij.toml.frontend.split.jar (RegularFile, f5c5c72e307de1be14642d4e8e56f0f9)
                - toml.jar (RegularFile, cc06abe4b1b2ee4e12d9b3c0d5260a49)
            - tslint (Directory, 7166147e5dea3f7d21f2d7070415a90a)
              - js (Directory, d810ba9b1e8e9b4369938f692f4c1d98)
                - convert-tslint-config.js (RegularFile, 9514b5709bb06affeaf58aafe90f51ce)
                - languageService (Directory, b129883828c05bf0585dc19b9dd30816)
                  - tslint-plugin-provider.js (RegularFile, 96db2a7f61693627b7903d4492e5bb6d)
                  - tslint-plugin.js (RegularFile, 4ba7c6f555b6160830b7618247732fd0)
                - utils.js (RegularFile, dcc7c7f9b0019041611427cc84997601)
              - lib (Directory, feacdc8fd857a1cc24ad4fc27e72733b)
                - tslint.jar (RegularFile, e73abd7bb96b9e02a592a6343989dc6c)
            - ultimate-plugin (Directory, bf32e0639c6e2b04f95bacd18d9120fd)
              - lib (Directory, 18edc519b47732383cbe308a909a07b8)
                - ultimate-plugin.jar (RegularFile, 5b10c993efc3d248e7741fe0e10b574a)
            - uml (Directory, f4de42a29de478e6d886dab3ba72f1cd)
              - lib (Directory, c9f5134eae2a42970ec029da27097a99)
                - modules (Directory, 6c8a8a3c3a0738892a39e676acb678d7)
                  - intellij.diagram.gradle.jar (RegularFile, a610ab0340b3e6529707c4a3c8496340)
                  - intellij.diagram.java.jar (RegularFile, 462e3cc9c1c97efd92014ff863aaae14)
                  - intellij.diagram.maven.jar (RegularFile, 36f6e19b48d9e080fcddd0b857b35986)
                  - intellij.diagram.properties.jar (RegularFile, d8bb7d0df2d0743b885f8ec0afc70a3a)
                  - intellij.diagram.vcs.jar (RegularFile, a877f134eb2059d6e97bcd8767570beb)
                - uml-support.jar (RegularFile, 859f408ea0a836edbe90c3c4e8bef4dd)
            - vcs-git (Directory, 223f3dd1c8ae856d053ff838a3f41edd)
              - lib (Directory, ab584093575ac2759d187d6f84ce8f27)
                - git4idea-rt.jar (RegularFile, 951d8642ed2c261e93a8c9aa59f6832e)
                - modules (Directory, 00a76db30660e999355c802a06bea857)
                  - intellij.vcs.git.frontend.jar (RegularFile, 93e5ba3135326d50293635398ca248ee)
                - vcs-git-frontend.jar (RegularFile, d3051fd8342e4a1ce707d0e9e2de675c)
                - vcs-git.jar (RegularFile, d4244291667e849ee5ff5371c6572ee9)
            - vcs-git-commit-modal (Directory, b7d30d5840b8c7d1ea152a22be2a7650)
              - lib (Directory, 57318f5a9358df02d0a865bb19e7d769)
                - vcs-git-commit-modal.jar (RegularFile, 864819a41af282915642e9e17a81e457)
            - vcs-github (Directory, 42066ffcd94208953633be5ca540f090)
              - lib (Directory, c7bf9188bf1693266c68b23cc15eda23)
                - modules (Directory, 9d5f4aaaed2a15d443d2085381fe4292)
                  - intellij.vcs.github.git.jar (RegularFile, 96035fd5c39792ef4d6ece59a33c60e7)
                  - intellij.vcs.github.json.jar (RegularFile, 22885b782f43515c5fa1ba04133410eb)
                  - intellij.vcs.github.tracker.jar (RegularFile, 27dbd3f9e0698c79ab00d933382aef0f)
                  - intellij.vcs.github.ultimate.cron.jar (RegularFile, 204d6acfb5d0d8ff277fcc2ff50c40b0)
                  - intellij.vcs.github.ultimate.docker.jar (RegularFile, de308af8a40c34dedcd81372344579e4)
                  - intellij.vcs.github.ultimate.features.jar (RegularFile, f654d6b0ffb5199c817c178458b2c4f0)
                  - intellij.vcs.github.ultimatePromo.jar (RegularFile, ca06e07d8e5d14a02533dd067c496e63)
                - vcs-github.jar (RegularFile, 20952eec45af2847dc33af22a26881f8)
            - vcs-gitlab (Directory, 98c8897cbe95067f9c081606d4e9a76f)
              - lib (Directory, 6cd23bf1e549bc61caec8b4557ecbddd)
                - modules (Directory, 94ed81062463d8fe23c9ecc81d601184)
                  - intellij.vcs.gitlab.git.jar (RegularFile, 46e4e6101b19efddd01f4f1441af3922)
                  - intellij.vcs.gitlab.ultimate.ci.sh.jar (RegularFile, 6bce661ab0ef8b2f35c18bc94d9e9506)
                  - intellij.vcs.gitlab.ultimate.features.jar (RegularFile, 4d0005e5347cd74c502d7ff587566939)
                  - intellij.vcs.gitlab.yaml.jar (RegularFile, 2d44cf84653431439a1f14c9320576a7)
                - vcs-gitlab.jar (RegularFile, 617e0c59a707b64055a735c6ab6f2e0b)
            - vcs-hg (Directory, f3d69ed459499f876a0867763d83149c)
              - lib (Directory, 127d8a69fe505f970ce9017e7a39cd97)
                - vcs-hg.jar (RegularFile, e77827009959e6f212a1e5a70ca7d073)
            - vcs-perforce (Directory, 917a7609d55556d10ce703bb9f7d00be)
              - lib (Directory, 615db30c77574435685ba9fdb431f97d)
                - vcs-perforce.jar (RegularFile, 98cf176859399cf1d351b5a57572ab60)
            - vcs-svn (Directory, 60843134b70d8ff6a6957021d44e6f6a)
              - lib (Directory, 0f26db7237144186761375bfb8fbe80e)
                - sqlite.jar (RegularFile, 5217449f184dcbf6ec5979b7a21aaeac)
                - vcs-svn.jar (RegularFile, 523aa42df7cf517532eb5fae26b850f7)
            - vitejs (Directory, ec833709a6127862ba1f6aac58ecc3ed)
              - lib (Directory, 1852354e35e001c1d76f3e1bad077249)
                - vitejs.jar (RegularFile, a2b16c698282076da191a97bff5a1a8d)
            - vuejs-plugin (Directory, a81064921035f6407c8c2192b50fecd0)
              - lib (Directory, fc85ed8fef9fe2bbabb6d54efc971d2b)
                - modules (Directory, 0c77e7d277d33366af0be564642f1edf)
                  - intellij.vuejs.backend.jar (RegularFile, 1a937f668edbc35584d41d1a62271254)
                  - intellij.vuejs.common.jar (RegularFile, 703126d234e13d01dd57bd924f0ecbcc)
                  - intellij.vuejs.copyright.jar (RegularFile, 948b3b0de44f8f4c81b9b195d384f71c)
                  - intellij.vuejs.debugger.jar (RegularFile, 647e8f2fb0c1b4c878a88ee22ef71c57)
                  - intellij.vuejs.markdown.jar (RegularFile, 545794e8c03960fe416aa624055fc906)
                  - intellij.vuejs.prettier.jar (RegularFile, 373445c4bd060be105b00fdc6b7b5d2b)
                - vuejs-plugin.jar (RegularFile, 79bd28d750e6eecc499fbabdea7d7242)
              - vue-language-tools (Directory, 931647a19d40f2c514a91d23587d5cd7)
                - language-server (Directory, 8b957f5b005e4fca955a2a7fc9a11c97)
                  - 2.2.10 (Directory, b8fe67768405e9e45d75408737a917f9)
                    - bin (Directory, 75ec6585f3b087cf6ba49f337bcf32ba)
                      - vue-language-server.js (RegularFile, 7adc009e65e88ae48d99c7d3ad4ea528)
                    - build.js (RegularFile, b93da89da414df3cfd15b98208b21588)
                    - package-lock.json (RegularFile, acce35f630b5932cc211687a1bac22c2)
                    - package.json (RegularFile, ac4c017208e8f6d47ebe1600ee3bc607)
                  - README.md (RegularFile, 667bcc8e6d6feaad64fee6326a5eca1a)
                - README.md (RegularFile, 8e4ca7b9f26c8a9b04e5710c5170cd3c)
                - typescript-plugin (Directory, 3b680deab197ffe3d09178bb0ed43743)
                  - 3.0.1 (Directory, b6db7339f77f1c24b799d91fc321522d)
                    - node_modules (Directory, ecf254252012b9cb0b0caa82cdee8693)
                      - @vue (Directory, 70a76336778162795e112d0ebaa0d203)
                        - typescript-plugin (Directory, e0b779874c097a7b9c69dcce67ec99e7)
                          - index.js (RegularFile, 59ee6d1e1a22388060cae992df09866a)
                          - package-lock.json (RegularFile, 878b11ae4acd6448f8a8ab25138972a1)
                          - package.json (RegularFile, e655f23a8bcaf120ed26916479ba96ed)
                          - rolldown.config.ts (RegularFile, 96068d1b2018d342f4311a33c52e0f2b)
                  - 3.1.8 (Directory, 7be0d62e3518ffb1b0904199a4799b24)
                    - node_modules (Directory, 77a58e583be7f93325beb6f83602e7aa)
                      - @vue (Directory, 7929ffd4e919dc11f103e7d08b0d4510)
                        - typescript-plugin (Directory, 12dc20fd0758249990c1a7395cd3394b)
                          - index.js (RegularFile, 8fd0fd8100c6fc753a40e5919b90939e)
                          - package-lock.json (RegularFile, e91282a5e560e66b2e447357d5001239)
                          - package.json (RegularFile, f8b49557a4cf238b6c4cdf178e00d7e2)
                          - rolldown.config.ts (RegularFile, 96068d1b2018d342f4311a33c52e0f2b)
                  - README.md (RegularFile, 9876cbb9e3f2afb9af1d259bd32aa495)
              - vue-service (Directory, eb5626c91b829728ce26d35e647b29bf)
                - node_modules (Directory, 17f98c26bb5001145420e9fd31944b8d)
                  - entities (Directory, 38d91a0db569a8013e57c9fb94fd4ef8)
                    - lib (Directory, 23b1526a59728be56b497d8f2517cbe5)
                      - decode.js (RegularFile, 76aec83c458831f35a2103dad48e911e)
                      - decode_codepoint.js (RegularFile, dd007c9604acd4bdfcf0b537e461720b)
                      - encode.js (RegularFile, a318a1940914b996ec290f270cb42c32)
                      - index.js (RegularFile, b48f8cc750c2694a7052d08729be9476)
                      - maps (Directory, 30dfd61339a20d327909ba003b39f899)
                        - decode.json (RegularFile, e91c8efd56c5322c97934b8d2de59729)
                        - entities.json (RegularFile, caed64d7ef452dd1a5892a3befca7238)
                        - legacy.json (RegularFile, 7ac2d1d7f44d4ca044be2d7b46fbd5ed)
                        - xml.json (RegularFile, 13318a8ae95f94e4fe40a75b8c97236c)
                    - LICENSE (RegularFile, 2413481599ce2fbe3e6c366801b67b8c)
                    - package.json (RegularFile, 249005237ef3bfb95a26ca225553ab09)
                    - readme.md (RegularFile, 90658a856b2ee8983bce2b605183dde0)
                  - htmlparser2 (Directory, 0e5e6281b1a0532c18146dbc6191a817)
                    - lib (Directory, 967f8714856a282b4e6b24a55e7dbd32)
                      - CollectingHandler.js (RegularFile, 021a87f2429cd9a6abc3882a34e1e1ac)
                      - FeedHandler.js (RegularFile, 056e8c9e8b43863686fd995f2e2a64ef)
                      - index.js (RegularFile, b2762a18d702f31a2f5365cd3cc08e93)
                      - MultiplexHandler.js (RegularFile, 3230a3fcb78b79e56a415ae4b8f11da7)
                      - Parser.js (RegularFile, 43f503a35417f0c5a1f05b29a24ed3fa)
                      - Tokenizer.js (RegularFile, dc781ec7f6bc5716a788dd25360a25a6)
                      - WritableStream.js (RegularFile, 6bd94e76b9d518d0df337f160c04ec66)
                    - LICENSE (RegularFile, 0bebab48d96d92438e95eaf99ec3ca88)
                    - package.json (RegularFile, b4d295166ee76459bd0ef21608af4a1b)
                    - README.md (RegularFile, 6984ad4fb090d2597a62d0a96a183511)
                  - ws-typescript-vue-plugin (Directory, 8562cf00cbe84e3592c48913b23b7ae5)
                    - index.js (RegularFile, 0f6ccdff956bd1aaf7ae6f220de9942d)
                    - package.json (RegularFile, 4bb6621f0179b887687766a55f4e5cf7)
                    - transformVueSfcFile.js (RegularFile, 0b52c2d6a284c4398daea3706512d503)
                    - vueScriptCache.js (RegularFile, ba14bb3036d504ea794eb98371a7aa3c)
            - webComponents (Directory, 950fd59e10e859ff76da270a99902a47)
              - lib (Directory, 4187f708db6d5f0059c4fe50ab5c7322)
                - webComponents.jar (RegularFile, 03fb6e31cd76f4a06aeaeaa3176a774f)
            - webDeployment (Directory, 2e4be92dad705225612b707916019ccf)
              - lib (Directory, 1161659597f992edfc01c20f886ca29c)
                - commons vfs.jar (RegularFile, 2251d1cb16ca17177c7a66473969e43d)
                - commons-net.jar (RegularFile, f1e5fe7c2fef2e388cdf1cbec7aa579d)
                - commons-pool2.jar (RegularFile, 1c5f672b93f88dc6c38b321c321d08b9)
                - jackrabbit2.jar (RegularFile, ae9fd0412ddc13800b48474e22c3a3fa)
                - webDeployment.jar (RegularFile, 09acd5df3d3f8618d5e5d43f3c64c391)
            - webpack (Directory, 692eb1bcbcbc151530773cbcc500d8f6)
              - lib (Directory, 9ec186d75b49b78fc187625f73843815)
                - webpack.jar (RegularFile, 9ea2360d6a369d89a53a12d5a2888345)
            - yaml (Directory, 6317cf44d9d4b9eece04cb63162a4b88)
              - lib (Directory, d4809e0a851258bd43576e29412d6b49)
                - modules (Directory, 24d36493c9b1634f63f814ef29f1a22c)
                  - intellij.yaml.backend.jar (RegularFile, 5d6ab324b4626cf18cb81e10f3a62319)
                  - intellij.yaml.frontend.split.jar (RegularFile, 408ad50395b082edb427720f0f7c10f3)
                  - intellij.yaml.helm.jar (RegularFile, 7ea1789f3fe89578b5df9b566c6aac82)
                - yaml.jar (RegularFile, eaf435cf6b7974f7c96a0ec30f150461)
          - product-info.json (RegularFile, 62161e6fbd5866d71dfbe810db0d302b)
     
     resultsFile:
      - results.bin (RegularFile, 2c26ef628dd7e5a932358ec0c21d27e7)

      > The contents of the immutable workspace '/home/sakura/.gradle/caches/9.0.0/transforms/dd1cb6b7688beb59ad8826c403a038f4' have been modified. These workspace directories are not supposed to be modified once they are created. The modification might have been caused by an external process, or could be the result of disk corruption.
        outputDirectory:
         - transformed (Directory, 04bf681f488246b70bfef975e26fd44b)
           - pycharm-professional-2025.3.3 (Directory, 504b98218a22c479e6e251406b25d61b)
             - .toolbox-ignore (RegularFile, f571933bb948577b1f9f3076fb8fc7c6)
             - bin (Directory, 2ac836af65cdab0c7518120423e4ca34)
               - brokenPlugins.db (RegularFile, 665b24c7d3dcd53505489943edc28bf9)
               - format.sh (RegularFile, 36c6dcea6d8508097dd4f8861b29fd1a)
               - fsnotifier (RegularFile, 42748b45893d6a19f63fa234f4fcf23c)
               - idea.properties (RegularFile, 86d046e2bfb5946eaebe0f0eb7d9a4de)
               - inspect.sh (RegularFile, e54d1aa922b8af42cc2cb34edbf2ad44)
               - jetbrains_client.sh (RegularFile, a555f27316bf4eb415cbec56b0d8838c)
               - jetbrains_client64.vmoptions (RegularFile, a44b6731d72c76e7ab450cb45c870c15)
               - ltedit.sh (RegularFile, e88c74767085dc5c9ce0b963172948f3)
               - pycharm (RegularFile, d81ea3e3e5a9c0f21b221159b1d972f7)
               - pycharm.png (RegularFile, 245d4c93f5706a6dd8244945a1323abc)
               - pycharm.sh (RegularFile, 9659a75d9f2a82429cbc1d6572f85883)
               - pycharm.svg (RegularFile, ae036dc6d407b3b75f51ec1fc3ec889a)
               - pycharm64.vmoptions (RegularFile, 575b6192620827a9923540bd1af26654)
               - remote-dev-server (RegularFile, d81ea3e3e5a9c0f21b221159b1d972f7)
               - remote-dev-server.sh (RegularFile, 66556b7dd126ca1a4bdcbf0948baf44b)
               - restarter (RegularFile, 8f746ac4c376564dbf22084f8c3c161f)
             - build.txt (RegularFile, fc90648bc0a1b106c51abdb44f51bbd3)
             - debug-eggs (Directory, 69a281f120f86e0e5acbe669beb70417)
               - pydevd-pycharm.egg (RegularFile, deaafd21ce82020e2c5c6862d1835f84)
             - help (Directory, 67ba7503d4d5869fd209baeedbcc9989)
               - ReferenceCard.pdf (RegularFile, 524030a5cd9f08430c112d214b4a73d8)
               - ReferenceCardForMac.pdf (RegularFile, 983b8218635b2d9c88b662809a1105a0)
             - Install-Linux-tar.txt (RegularFile, fb66a3e0a09a6f58df7ff03f10305f12)
             - jbr (Directory, 247c969f726249eddac254f19cf3574c)
               - bin (Directory, 9d70e3e888e71017433bfc1957ded0cc)
                 - java (RegularFile, 39c9653ee3e6f10001599699e6e215e5)
                 - javac (RegularFile, 49168e0eba2147deae60270bd4069c2b)
                 - javadoc (RegularFile, 1847f75162aa48b027a3f9bc100866eb)
                 - jcmd (RegularFile, d8252dd5c38e59a436d0b3d8259f5d09)
                 - jdb (RegularFile, 3963a25a18c4c1c0b69847dac6a5bbff)
                 - jfr (RegularFile, 5a28a97953c6c3ae6da5e0295675db93)
                 - jhsdb (RegularFile, f9a937610187079d6dc2573a4ae5131e)
                 - jinfo (RegularFile, ebfac3eda8ae7e7be4ca3bd1609b18d2)
                 - jmap (RegularFile, 9dfeb5a7cf1b6a8906848f8ba76e8296)
                 - jps (RegularFile, caa938d8709e91b7247396b41a9f4a07)
                 - jrunscript (RegularFile, 040eb34d6e7c1b394f2c17892cf925ca)
                 - jstack (RegularFile, c1d56c90040438803c1bc3cb69b3f3aa)
                 - jstat (RegularFile, 45b2144aaeac5bdf599e9be8b18d1a65)
                 - jwebserver (RegularFile, 784285faa1141516b84969491337bef1)
                 - keytool (RegularFile, 8d31e99d96dbeda41de7a0228343fa39)
                 - rmiregistry (RegularFile, a1a91c63ce7d108ff313f7e17b9fc260)
                 - serialver (RegularFile, f74b1a34518af13b910378257d3e7e77)
               - conf (Directory, 8d3d74c17c6dfa8b9a84cdc186cade3d)
                 - jaxp.properties (RegularFile, 4238bfd06157f3a96e150aa0f5f5b473)
                 - logging.properties (RegularFile, 0e35580084b9710380deae1b0f5ea052)
                 - management (Directory, e9ef9f41bd5b407e7ae1150c156c3453)
                   - jmxremote.access (RegularFile, 4defed7c87c837c76e8899ce390f1f7b)
                   - jmxremote.password.template (RegularFile, f82f92268d15072cfe4d4c9300e199e6)
                   - management.properties (RegularFile, 8971d50e3243356e6c3fca8e64182824)
                 - net.properties (RegularFile, 596760f5b5585ebc896ec3d27106bd87)
                 - sdp (Directory, 261bcd956401f7e2e670496f345f04a4)
                   - sdp.conf.template (RegularFile, e4426a0418768fd20cf63148ad8e14da)
                 - security (Directory, 69d893ff8136e996b032fb45912d0195)
                   - java.policy (RegularFile, bc11a4e2bc469044f6478a0c5d5665c7)
                   - java.security (RegularFile, 9d323e1bf65453d37c9ed0ff3e6d30a6)
                   - policy (Directory, d53effb4dfb81c677474284c6d1a0f14)
                     - limited (Directory, 929f275d67b0253c3f0fb697456322ba)
                       - default_local.policy (RegularFile, fa2c6f88708f686466423ede3303a8b2)
                       - default_US_export.policy (RegularFile, e6393fce674601290bd643377e1e4964)
                       - exempt_local.policy (RegularFile, bbf88f21d55f9cb3deded988dc125628)
                     - README.txt (RegularFile, 1eb4696ec6d377ad920f6b41593ab110)
                     - unlimited (Directory, 704c207afbb0c87a7adc74fcc1a319ff)
                       - default_local.policy (RegularFile, ca23385efe8f4cc88e1876055f743267)
                       - default_US_export.policy (RegularFile, e6393fce674601290bd643377e1e4964)
                 - sound.properties (RegularFile, 6d9f867fd74bc56532a069be639d9b13)
               - include (Directory, d690ce42f7dc1bdb18e8340376aaa5dd)
                 - classfile_constants.h (RegularFile, fefde061655749a8e196625af94ac24e)
                 - jawt.h (RegularFile, e409d12d75e0c302a86dfd7e59130c28)
                 - jdwpTransport.h (RegularFile, c3649b1b54fee76b84a61971e6db12ab)
                 - jni.h (RegularFile, 98fdbbfff77042763291ffa5391a6256)
                 - jvmti.h (RegularFile, 1e2fc8b6db0e9ca2184f5c461b80c682)
                 - jvmticmlr.h (RegularFile, 5643f03cf63b02cbec9115d8c7bcf626)
                 - linux (Directory, facbeb9ad8249f86dbb61a045f904f1e)
                   - jawt_md.h (RegularFile, 00f8703b59e22eb2bfc103ffd0808494)
                   - jni_md.h (RegularFile, 53757ff1b0190fbe067d08cf8e6c07c2)
               - legal (Directory, 074ca7178b92642bb5a9f658ccb9b6cd)
                 - java.base (Directory, 8ba0bdb834d5790ebba3ccf6747b2642)
                   - ADDITIONAL_LICENSE_INFO (RegularFile, e4d07e77a5cc4390ee6f99512d78b0e0)
                   - aes.md (RegularFile, 1d3eafd6f8ccf223c3751edfc42af801)
                   - asm.md (RegularFile, 4c93a221b39707c50c4ea947ee971d1f)
                   - ASSEMBLY_EXCEPTION (RegularFile, e579c53228aea2b2d686dda24139aaf3)
                   - c-libutl.md (RegularFile, db2189e1d4e71e7849c3d2ed2e2b436f)
                   - cldr.md (RegularFile, a4423e10448de1009f751776b9a537c0)
                   - icu.md (RegularFile, 32b8e120d7bdb7bfec3db6861b88065c)
                   - LICENSE (RegularFile, 717a8eef15dd78a9a02332cd5fe4ec08)
                   - public_suffix.md (RegularFile, 71c4cad2f48681c12f376f64d060a6ae)
                   - siphash.md (RegularFile, dedf837c32259874ae056de28b27b88c)
                   - unicode.md (RegularFile, ef24a08887c880fe8f2029cdfc0f0ea5)
                 - java.compiler (Directory, a34baf03971604cacd56b44b0677a874)
                   - ADDITIONAL_LICENSE_INFO (RegularFile, f571933bb948577b1f9f3076fb8fc7c6)
                   - ASSEMBLY_EXCEPTION (RegularFile, f571933bb948577b1f9f3076fb8fc7c6)
                   - LICENSE (RegularFile, f571933bb948577b1f9f3076fb8fc7c6)
                 - java.datatransfer (Directory, a34baf03971604cacd56b44b0677a874)
                   - ADDITIONAL_LICENSE_INFO (RegularFile, f571933bb948577b1f9f3076fb8fc7c6)
                   - ASSEMBLY_EXCEPTION (RegularFile, f571933bb948577b1f9f3076fb8fc7c6)
                   - LICENSE (RegularFile, f571933bb948577b1f9f3076fb8fc7c6)
                 - java.desktop (Directory, e40822985ec3d0312ae9f41980d001cc)
                   - ADDITIONAL_LICENSE_INFO (RegularFile, f571933bb948577b1f9f3076fb8fc7c6)
                   - ASSEMBLY_EXCEPTION (RegularFile, f571933bb948577b1f9f3076fb8fc7c6)
                   - colorimaging.md (RegularFile, 89a8b2cf41cc8ba0acce9e000eaa8a9b)
                   - giflib.md (RegularFile, 1a1bedfbd976e807f359feac62fda055)
                   - harfbuzz.md (RegularFile, 830b94dac7be79f11254034fae962505)
                   - jpeg.md (RegularFile, 56e1e81aa8d827b246bae1a3579d069d)
                   - lcms.md (RegularFile, 113006c0ca65e6c0fed820fd4ba601d2)
                   - libpng.md (RegularFile, 2af21504e313240c710888cc83404a33)
                   - LICENSE (RegularFile, f571933bb948577b1f9f3076fb8fc7c6)
                   - mesa3d.md (RegularFile, 1c02fde19e2debd6fec4ec4fb2de95f7)
                   - pipewire.md (RegularFile, c3fb901a2efe6d11ac3b7881d2ea79ce)
                   - xwd.md (RegularFile, b4ec23e6c848bb27cce074d2f7e69585)
                 - java.instrument (Directory, a34baf03971604cacd56b44b0677a874)
                   - ADDITIONAL_LICENSE_INFO (RegularFile, f571933bb948577b1f9f3076fb8fc7c6)
                   - ASSEMBLY_EXCEPTION (RegularFile, f571933bb948577b1f9f3076fb8fc7c6)
                   - LICENSE (RegularFile, f571933bb948577b1f9f3076fb8fc7c6)
                 - java.logging (Directory, a34baf03971604cacd56b44b0677a874)
                   - ADDITIONAL_LICENSE_INFO (RegularFile, f571933bb948577b1f9f3076fb8fc7c6)
                   - ASSEMBLY_EXCEPTION (RegularFile, f571933bb948577b1f9f3076fb8fc7c6)
                   - LICENSE (RegularFile, f571933bb948577b1f9f3076fb8fc7c6)
                 - java.management (Directory, a34baf03971604cacd56b44b0677a874)
                   - ADDITIONAL_LICENSE_INFO (RegularFile, f571933bb948577b1f9f3076fb8fc7c6)
                   - ASSEMBLY_EXCEPTION (RegularFile, f571933bb948577b1f9f3076fb8fc7c6)
                   - LICENSE (RegularFile, f571933bb948577b1f9f3076fb8fc7c6)
                 - java.management.rmi (Directory, a34baf03971604cacd56b44b0677a874)
                   - ADDITIONAL_LICENSE_INFO (RegularFile, f571933bb948577b1f9f3076fb8fc7c6)
                   - ASSEMBLY_EXCEPTION (RegularFile, f571933bb948577b1f9f3076fb8fc7c6)
                   - LICENSE (RegularFile, f571933bb948577b1f9f3076fb8fc7c6)
                 - java.naming (Directory, a34baf03971604cacd56b44b0677a874)
                   - ADDITIONAL_LICENSE_INFO (RegularFile, f571933bb948577b1f9f3076fb8fc7c6)
                   - ASSEMBLY_EXCEPTION (RegularFile, f571933bb948577b1f9f3076fb8fc7c6)
                   - LICENSE (RegularFile, f571933bb948577b1f9f3076fb8fc7c6)
                 - java.net.http (Directory, a34baf03971604cacd56b44b0677a874)
                   - ADDITIONAL_LICENSE_INFO (RegularFile, f571933bb948577b1f9f3076fb8fc7c6)
                   - ASSEMBLY_EXCEPTION (RegularFile, f571933bb948577b1f9f3076fb8fc7c6)
                   - LICENSE (RegularFile, f571933bb948577b1f9f3076fb8fc7c6)
                 - java.prefs (Directory, a34baf03971604cacd56b44b0677a874)
                   - ADDITIONAL_LICENSE_INFO (RegularFile, f571933bb948577b1f9f3076fb8fc7c6)
                   - ASSEMBLY_EXCEPTION (RegularFile, f571933bb948577b1f9f3076fb8fc7c6)
                   - LICENSE (RegularFile, f571933bb948577b1f9f3076fb8fc7c6)
                 - java.rmi (Directory, a34baf03971604cacd56b44b0677a874)
                   - ADDITIONAL_LICENSE_INFO (RegularFile, f571933bb948577b1f9f3076fb8fc7c6)
                   - ASSEMBLY_EXCEPTION (RegularFile, f571933bb948577b1f9f3076fb8fc7c6)
                   - LICENSE (RegularFile, f571933bb948577b1f9f3076fb8fc7c6)
                 - java.scripting (Directory, a34baf03971604cacd56b44b0677a874)
                   - ADDITIONAL_LICENSE_INFO (RegularFile, f571933bb948577b1f9f3076fb8fc7c6)
                   - ASSEMBLY_EXCEPTION (RegularFile, f571933bb948577b1f9f3076fb8fc7c6)
                   - LICENSE (RegularFile, f571933bb948577b1f9f3076fb8fc7c6)
                 - java.se (Directory, a34baf03971604cacd56b44b0677a874)
                   - ADDITIONAL_LICENSE_INFO (RegularFile, f571933bb948577b1f9f3076fb8fc7c6)
                   - ASSEMBLY_EXCEPTION (RegularFile, f571933bb948577b1f9f3076fb8fc7c6)
                   - LICENSE (RegularFile, f571933bb948577b1f9f3076fb8fc7c6)
                 - java.security.jgss (Directory, a34baf03971604cacd56b44b0677a874)
                   - ADDITIONAL_LICENSE_INFO (RegularFile, f571933bb948577b1f9f3076fb8fc7c6)
                   - ASSEMBLY_EXCEPTION (RegularFile, f571933bb948577b1f9f3076fb8fc7c6)
                   - LICENSE (RegularFile, f571933bb948577b1f9f3076fb8fc7c6)
                 - java.security.sasl (Directory, a34baf03971604cacd56b44b0677a874)
                   - ADDITIONAL_LICENSE_INFO (RegularFile, f571933bb948577b1f9f3076fb8fc7c6)
                   - ASSEMBLY_EXCEPTION (RegularFile, f571933bb948577b1f9f3076fb8fc7c6)
                   - LICENSE (RegularFile, f571933bb948577b1f9f3076fb8fc7c6)
                 - java.smartcardio (Directory, 86e281b939cfd516a65f7b2a92582a24)
                   - ADDITIONAL_LICENSE_INFO (RegularFile, f571933bb948577b1f9f3076fb8fc7c6)
                   - ASSEMBLY_EXCEPTION (RegularFile, f571933bb948577b1f9f3076fb8fc7c6)
                   - LICENSE (RegularFile, f571933bb948577b1f9f3076fb8fc7c6)
                   - pcsclite.md (RegularFile, 481d13a766959ff0be3892aa88f1360f)
                 - java.sql (Directory, a34baf03971604cacd56b44b0677a874)
                   - ADDITIONAL_LICENSE_INFO (RegularFile, f571933bb948577b1f9f3076fb8fc7c6)
                   - ASSEMBLY_EXCEPTION (RegularFile, f571933bb948577b1f9f3076fb8fc7c6)
                   - LICENSE (RegularFile, f571933bb948577b1f9f3076fb8fc7c6)
                 - java.sql.rowset (Directory, a34baf03971604cacd56b44b0677a874)
                   - ADDITIONAL_LICENSE_INFO (RegularFile, f571933bb948577b1f9f3076fb8fc7c6)
                   - ASSEMBLY_EXCEPTION (RegularFile, f571933bb948577b1f9f3076fb8fc7c6)
                   - LICENSE (RegularFile, f571933bb948577b1f9f3076fb8fc7c6)
                 - java.transaction.xa (Directory, a34baf03971604cacd56b44b0677a874)
                   - ADDITIONAL_LICENSE_INFO (RegularFile, f571933bb948577b1f9f3076fb8fc7c6)
                   - ASSEMBLY_EXCEPTION (RegularFile, f571933bb948577b1f9f3076fb8fc7c6)
                   - LICENSE (RegularFile, f571933bb948577b1f9f3076fb8fc7c6)
                 - java.xml (Directory, 3ae2dc3928770dc3d05bfe7f6353c921)
                   - ADDITIONAL_LICENSE_INFO (RegularFile, f571933bb948577b1f9f3076fb8fc7c6)
                   - ASSEMBLY_EXCEPTION (RegularFile, f571933bb948577b1f9f3076fb8fc7c6)
                   - bcel.md (RegularFile, 5974543c760c7342ec6a18eb626babaf)
                   - dom.md (RegularFile, 7998d5e2bc558f6b75d4ba32b7b4aa97)
                   - jcup.md (RegularFile, 689806a56c5ef960b1478ef4ec1976e9)
                   - LICENSE (RegularFile, f571933bb948577b1f9f3076fb8fc7c6)
                   - xalan.md (RegularFile, 76921a49502645640c14f1726e0b68ac)
                   - xerces.md (RegularFile, 9d011eb67c74494864e8b8cf766c777a)
                 - java.xml.crypto (Directory, afa1c332b8058edb822810bb6cf6057d)
                   - ADDITIONAL_LICENSE_INFO (RegularFile, f571933bb948577b1f9f3076fb8fc7c6)
                   - ASSEMBLY_EXCEPTION (RegularFile, f571933bb948577b1f9f3076fb8fc7c6)
                   - LICENSE (RegularFile, f571933bb948577b1f9f3076fb8fc7c6)
                   - santuario.md (RegularFile, b694b4301a50447d192fe43962809bc8)
                 - jdk.accessibility (Directory, a34baf03971604cacd56b44b0677a874)
                   - ADDITIONAL_LICENSE_INFO (RegularFile, f571933bb948577b1f9f3076fb8fc7c6)
                   - ASSEMBLY_EXCEPTION (RegularFile, f571933bb948577b1f9f3076fb8fc7c6)
                   - LICENSE (RegularFile, f571933bb948577b1f9f3076fb8fc7c6)
                 - jdk.attach (Directory, a34baf03971604cacd56b44b0677a874)
                   - ADDITIONAL_LICENSE_INFO (RegularFile, f571933bb948577b1f9f3076fb8fc7c6)
                   - ASSEMBLY_EXCEPTION (RegularFile, f571933bb948577b1f9f3076fb8fc7c6)
                   - LICENSE (RegularFile, f571933bb948577b1f9f3076fb8fc7c6)
                 - jdk.charsets (Directory, a34baf03971604cacd56b44b0677a874)
                   - ADDITIONAL_LICENSE_INFO (RegularFile, f571933bb948577b1f9f3076fb8fc7c6)
                   - ASSEMBLY_EXCEPTION (RegularFile, f571933bb948577b1f9f3076fb8fc7c6)
                   - LICENSE (RegularFile, f571933bb948577b1f9f3076fb8fc7c6)
                 - jdk.compiler (Directory, a34baf03971604cacd56b44b0677a874)
                   - ADDITIONAL_LICENSE_INFO (RegularFile, f571933bb948577b1f9f3076fb8fc7c6)
                   - ASSEMBLY_EXCEPTION (RegularFile, f571933bb948577b1f9f3076fb8fc7c6)
                   - LICENSE (RegularFile, f571933bb948577b1f9f3076fb8fc7c6)
                 - jdk.crypto.cryptoki (Directory, 0d73b22ce3d0bb31e83d1fcb65fd4678)
                   - ADDITIONAL_LICENSE_INFO (RegularFile, f571933bb948577b1f9f3076fb8fc7c6)
                   - ASSEMBLY_EXCEPTION (RegularFile, f571933bb948577b1f9f3076fb8fc7c6)
                   - LICENSE (RegularFile, f571933bb948577b1f9f3076fb8fc7c6)
                   - pkcs11cryptotoken.md (RegularFile, 08e6d3f1872837f4854c7a9ffbddc6fa)
                   - pkcs11wrapper.md (RegularFile, 9c67b71cbd14ae73b0c601eeb36f39c3)
                 - jdk.crypto.ec (Directory, a34baf03971604cacd56b44b0677a874)
                   - ADDITIONAL_LICENSE_INFO (RegularFile, f571933bb948577b1f9f3076fb8fc7c6)
                   - ASSEMBLY_EXCEPTION (RegularFile, f571933bb948577b1f9f3076fb8fc7c6)
                   - LICENSE (RegularFile, f571933bb948577b1f9f3076fb8fc7c6)
                 - jdk.dynalink (Directory, 2755467fe1da04653fe9341b1fd2baef)
                   - ADDITIONAL_LICENSE_INFO (RegularFile, f571933bb948577b1f9f3076fb8fc7c6)
                   - ASSEMBLY_EXCEPTION (RegularFile, f571933bb948577b1f9f3076fb8fc7c6)
                   - dynalink.md (RegularFile, 743dfb5d1a425c31e4fea84fc9fa3823)
                   - LICENSE (RegularFile, f571933bb948577b1f9f3076fb8fc7c6)
                 - jdk.hotspot.agent (Directory, a34baf03971604cacd56b44b0677a874)
                   - ADDITIONAL_LICENSE_INFO (RegularFile, f571933bb948577b1f9f3076fb8fc7c6)
                   - ASSEMBLY_EXCEPTION (RegularFile, f571933bb948577b1f9f3076fb8fc7c6)
                   - LICENSE (RegularFile, f571933bb948577b1f9f3076fb8fc7c6)
                 - jdk.httpserver (Directory, a34baf03971604cacd56b44b0677a874)
                   - ADDITIONAL_LICENSE_INFO (RegularFile, f571933bb948577b1f9f3076fb8fc7c6)
                   - ASSEMBLY_EXCEPTION (RegularFile, f571933bb948577b1f9f3076fb8fc7c6)
                   - LICENSE (RegularFile, f571933bb948577b1f9f3076fb8fc7c6)
                 - jdk.internal.ed (Directory, a34baf03971604cacd56b44b0677a874)
                   - ADDITIONAL_LICENSE_INFO (RegularFile, f571933bb948577b1f9f3076fb8fc7c6)
                   - ASSEMBLY_EXCEPTION (RegularFile, f571933bb948577b1f9f3076fb8fc7c6)
                   - LICENSE (RegularFile, f571933bb948577b1f9f3076fb8fc7c6)
                 - jdk.internal.jvmstat (Directory, a34baf03971604cacd56b44b0677a874)
                   - ADDITIONAL_LICENSE_INFO (RegularFile, f571933bb948577b1f9f3076fb8fc7c6)
                   - ASSEMBLY_EXCEPTION (RegularFile, f571933bb948577b1f9f3076fb8fc7c6)
                   - LICENSE (RegularFile, f571933bb948577b1f9f3076fb8fc7c6)
                 - jdk.internal.le (Directory, 65ed3468a4c9d2d5dcb23f1ee18418c1)
                   - ADDITIONAL_LICENSE_INFO (RegularFile, f571933bb948577b1f9f3076fb8fc7c6)
                   - ASSEMBLY_EXCEPTION (RegularFile, f571933bb948577b1f9f3076fb8fc7c6)
                   - jline.md (RegularFile, ac3094f0e7ccdbdd2e53cfeb96f2a3f0)
                   - LICENSE (RegularFile, f571933bb948577b1f9f3076fb8fc7c6)
                 - jdk.internal.opt (Directory, ed89705d9e38597b7e77e35c25c32074)
                   - ADDITIONAL_LICENSE_INFO (RegularFile, f571933bb948577b1f9f3076fb8fc7c6)
                   - ASSEMBLY_EXCEPTION (RegularFile, f571933bb948577b1f9f3076fb8fc7c6)
                   - jopt-simple.md (RegularFile, 6c7f4a70fcd81f59f2b312b3cc2b7bb0)
                   - LICENSE (RegularFile, f571933bb948577b1f9f3076fb8fc7c6)
                 - jdk.internal.vm.ci (Directory, a34baf03971604cacd56b44b0677a874)
                   - ADDITIONAL_LICENSE_INFO (RegularFile, f571933bb948577b1f9f3076fb8fc7c6)
                   - ASSEMBLY_EXCEPTION (RegularFile, f571933bb948577b1f9f3076fb8fc7c6)
                   - LICENSE (RegularFile, f571933bb948577b1f9f3076fb8fc7c6)
                 - jdk.javadoc (Directory, 1812c7a261d33f56902499737c03d672)
                   - ADDITIONAL_LICENSE_INFO (RegularFile, f571933bb948577b1f9f3076fb8fc7c6)
                   - ASSEMBLY_EXCEPTION (RegularFile, f571933bb948577b1f9f3076fb8fc7c6)
                   - jquery.md (RegularFile, 963c4ceffd25326f4ef4ac4459dbb612)
                   - jqueryUI.md (RegularFile, 2f46e615e78973cfa0d08427c0ba9219)
                   - LICENSE (RegularFile, f571933bb948577b1f9f3076fb8fc7c6)
                 - jdk.jcmd (Directory, a34baf03971604cacd56b44b0677a874)
                   - ADDITIONAL_LICENSE_INFO (RegularFile, f571933bb948577b1f9f3076fb8fc7c6)
                   - ASSEMBLY_EXCEPTION (RegularFile, f571933bb948577b1f9f3076fb8fc7c6)
                   - LICENSE (RegularFile, f571933bb948577b1f9f3076fb8fc7c6)
                 - jdk.jdi (Directory, a34baf03971604cacd56b44b0677a874)
                   - ADDITIONAL_LICENSE_INFO (RegularFile, f571933bb948577b1f9f3076fb8fc7c6)
                   - ASSEMBLY_EXCEPTION (RegularFile, f571933bb948577b1f9f3076fb8fc7c6)
                   - LICENSE (RegularFile, f571933bb948577b1f9f3076fb8fc7c6)
                 - jdk.jdwp.agent (Directory, a34baf03971604cacd56b44b0677a874)
                   - ADDITIONAL_LICENSE_INFO (RegularFile, f571933bb948577b1f9f3076fb8fc7c6)
                   - ASSEMBLY_EXCEPTION (RegularFile, f571933bb948577b1f9f3076fb8fc7c6)
                   - LICENSE (RegularFile, f571933bb948577b1f9f3076fb8fc7c6)
                 - jdk.jfr (Directory, a34baf03971604cacd56b44b0677a874)
                   - ADDITIONAL_LICENSE_INFO (RegularFile, f571933bb948577b1f9f3076fb8fc7c6)
                   - ASSEMBLY_EXCEPTION (RegularFile, f571933bb948577b1f9f3076fb8fc7c6)
                   - LICENSE (RegularFile, f571933bb948577b1f9f3076fb8fc7c6)
                 - jdk.jsobject (Directory, a34baf03971604cacd56b44b0677a874)
                   - ADDITIONAL_LICENSE_INFO (RegularFile, f571933bb948577b1f9f3076fb8fc7c6)
                   - ASSEMBLY_EXCEPTION (RegularFile, f571933bb948577b1f9f3076fb8fc7c6)
                   - LICENSE (RegularFile, f571933bb948577b1f9f3076fb8fc7c6)
                 - jdk.localedata (Directory, 8f7a1194530cade5aefff6dee613536c)
                   - ADDITIONAL_LICENSE_INFO (RegularFile, f571933bb948577b1f9f3076fb8fc7c6)
                   - ASSEMBLY_EXCEPTION (RegularFile, f571933bb948577b1f9f3076fb8fc7c6)
                   - cldr.md (RegularFile, f571933bb948577b1f9f3076fb8fc7c6)
                   - LICENSE (RegularFile, f571933bb948577b1f9f3076fb8fc7c6)
                   - thaidict.md (RegularFile, 0f00ea956d81fce4743bcbfc461375ab)
                 - jdk.management (Directory, a34baf03971604cacd56b44b0677a874)
                   - ADDITIONAL_LICENSE_INFO (RegularFile, f571933bb948577b1f9f3076fb8fc7c6)
                   - ASSEMBLY_EXCEPTION (RegularFile, f571933bb948577b1f9f3076fb8fc7c6)
                   - LICENSE (RegularFile, f571933bb948577b1f9f3076fb8fc7c6)
                 - jdk.management.agent (Directory, a34baf03971604cacd56b44b0677a874)
                   - ADDITIONAL_LICENSE_INFO (RegularFile, f571933bb948577b1f9f3076fb8fc7c6)
                   - ASSEMBLY_EXCEPTION (RegularFile, f571933bb948577b1f9f3076fb8fc7c6)
                   - LICENSE (RegularFile, f571933bb948577b1f9f3076fb8fc7c6)
                 - jdk.management.jfr (Directory, a34baf03971604cacd56b44b0677a874)
                   - ADDITIONAL_LICENSE_INFO (RegularFile, f571933bb948577b1f9f3076fb8fc7c6)
                   - ASSEMBLY_EXCEPTION (RegularFile, f571933bb948577b1f9f3076fb8fc7c6)
                   - LICENSE (RegularFile, f571933bb948577b1f9f3076fb8fc7c6)
                 - jdk.naming.dns (Directory, a34baf03971604cacd56b44b0677a874)
                   - ADDITIONAL_LICENSE_INFO (RegularFile, f571933bb948577b1f9f3076fb8fc7c6)
                   - ASSEMBLY_EXCEPTION (RegularFile, f571933bb948577b1f9f3076fb8fc7c6)
                   - LICENSE (RegularFile, f571933bb948577b1f9f3076fb8fc7c6)
                 - jdk.naming.rmi (Directory, a34baf03971604cacd56b44b0677a874)
                   - ADDITIONAL_LICENSE_INFO (RegularFile, f571933bb948577b1f9f3076fb8fc7c6)
                   - ASSEMBLY_EXCEPTION (RegularFile, f571933bb948577b1f9f3076fb8fc7c6)
                   - LICENSE (RegularFile, f571933bb948577b1f9f3076fb8fc7c6)
                 - jdk.net (Directory, a34baf03971604cacd56b44b0677a874)
                   - ADDITIONAL_LICENSE_INFO (RegularFile, f571933bb948577b1f9f3076fb8fc7c6)
                   - ASSEMBLY_EXCEPTION (RegularFile, f571933bb948577b1f9f3076fb8fc7c6)
                   - LICENSE (RegularFile, f571933bb948577b1f9f3076fb8fc7c6)
                 - jdk.sctp (Directory, a34baf03971604cacd56b44b0677a874)
                   - ADDITIONAL_LICENSE_INFO (RegularFile, f571933bb948577b1f9f3076fb8fc7c6)
                   - ASSEMBLY_EXCEPTION (RegularFile, f571933bb948577b1f9f3076fb8fc7c6)
                   - LICENSE (RegularFile, f571933bb948577b1f9f3076fb8fc7c6)
                 - jdk.security.auth (Directory, a34baf03971604cacd56b44b0677a874)
                   - ADDITIONAL_LICENSE_INFO (RegularFile, f571933bb948577b1f9f3076fb8fc7c6)
                   - ASSEMBLY_EXCEPTION (RegularFile, f571933bb948577b1f9f3076fb8fc7c6)
                   - LICENSE (RegularFile, f571933bb948577b1f9f3076fb8fc7c6)
                 - jdk.security.jgss (Directory, a34baf03971604cacd56b44b0677a874)
                   - ADDITIONAL_LICENSE_INFO (RegularFile, f571933bb948577b1f9f3076fb8fc7c6)
                   - ASSEMBLY_EXCEPTION (RegularFile, f571933bb948577b1f9f3076fb8fc7c6)
                   - LICENSE (RegularFile, f571933bb948577b1f9f3076fb8fc7c6)
                 - jdk.unsupported (Directory, a34baf03971604cacd56b44b0677a874)
                   - ADDITIONAL_LICENSE_INFO (RegularFile, f571933bb948577b1f9f3076fb8fc7c6)
                   - ASSEMBLY_EXCEPTION (RegularFile, f571933bb948577b1f9f3076fb8fc7c6)
                   - LICENSE (RegularFile, f571933bb948577b1f9f3076fb8fc7c6)
                 - jdk.unsupported.desktop (Directory, a34baf03971604cacd56b44b0677a874)
                   - ADDITIONAL_LICENSE_INFO (RegularFile, f571933bb948577b1f9f3076fb8fc7c6)
                   - ASSEMBLY_EXCEPTION (RegularFile, f571933bb948577b1f9f3076fb8fc7c6)
                   - LICENSE (RegularFile, f571933bb948577b1f9f3076fb8fc7c6)
                 - jdk.xml.dom (Directory, a34baf03971604cacd56b44b0677a874)
                   - ADDITIONAL_LICENSE_INFO (RegularFile, f571933bb948577b1f9f3076fb8fc7c6)
                   - ASSEMBLY_EXCEPTION (RegularFile, f571933bb948577b1f9f3076fb8fc7c6)
                   - LICENSE (RegularFile, f571933bb948577b1f9f3076fb8fc7c6)
                 - jdk.zipfs (Directory, a34baf03971604cacd56b44b0677a874)
                   - ADDITIONAL_LICENSE_INFO (RegularFile, f571933bb948577b1f9f3076fb8fc7c6)
                   - ASSEMBLY_EXCEPTION (RegularFile, f571933bb948577b1f9f3076fb8fc7c6)
                   - LICENSE (RegularFile, f571933bb948577b1f9f3076fb8fc7c6)
               - lib (Directory, 608255ec15497ab142c6fd7c8b85edcd)
                 - cef_server (RegularFile, 636e3ee786c1c96c5702285d14ba5d4d)
                 - chrome-sandbox (RegularFile, 39d41c6121ae9d2e338ba9d746458154)
                 - chrome_100_percent.pak (RegularFile, 01d06be4272281099f14c478abc991aa)
                 - chrome_200_percent.pak (RegularFile, d965304b5f48bf2c35630561e4fa38b9)
                 - classlist (RegularFile, 67ab9842f3de4576b77e4a5aa86d23b9)
                 - ct.sym (RegularFile, d5dac3963cf010230ede5ee5a8dfebfd)
                 - extensions (Directory, 4fd5bfd658339311850833b13545918d)
                 - fonts (Directory, c7f75cbc4eae1efbba5df61284ed77dd)
                   - DroidSans-Bold.ttf (RegularFile, 35475872465aa970812e2c2044998b10)
                   - DroidSans.ttf (RegularFile, fc3813acb2bb5a9f340015c053e5c7f9)
                   - DroidSansMono.ttf (RegularFile, f17efb992ad7c4ca0054a2532d488a3a)
                   - DroidSansMonoDotted.ttf (RegularFile, 47221e33646bd201b731c7fb36c182e7)
                   - DroidSansMonoSlashed.ttf (RegularFile, d1f920d41bf9e2d572eab1b4efdcf036)
                   - DroidSerif-Bold.ttf (RegularFile, ee41bf6957ee60d932b52e98c789f144)
                   - DroidSerif-BoldItalic.ttf (RegularFile, c97ac609fe6976c68636cab1165af9c8)
                   - DroidSerif-Italic.ttf (RegularFile, 30e116340827e42a70285c40b4bb43a6)
                   - DroidSerif-Regular.ttf (RegularFile, 09e3469ec0b9d6bf3d91214dd2fd25f9)
                   - FiraCode-Bold.ttf (RegularFile, ac05579455f2bc35fbbf7e90e6b95cfa)
                   - FiraCode-Light.ttf (RegularFile, 61e96c125ed4ef20493e668ce15c45e4)
                   - FiraCode-Medium.ttf (RegularFile, 2cb3656c350501f174d4b254102a512d)
                   - FiraCode-Regular.ttf (RegularFile, b956d81b36d43dbee56629506c534ea8)
                   - FiraCode-Retina.ttf (RegularFile, 8fd782732ae55f4b6ca8231891143925)
                   - font.conf (RegularFile, 5a9e9b88e5ddf81666d4c8b9cf72f4eb)
                   - fonts.dir (RegularFile, 0ed997c73e802504d55c85dc1edffb86)
                   - Inconsolata.ttf (RegularFile, 10cd27e94ab85c3d4d592bd0e23a51e3)
                   - Inter-Italic.otf (RegularFile, 83234ac86c6fbeaea2136aa39a887831)
                   - Inter-Regular.otf (RegularFile, 87515852e7c8a7f55365b32b8f43397b)
                   - Inter-SemiBold.otf (RegularFile, 2992a41d58d341734ea217a03f2f053a)
                   - Inter-SemiBoldItalic.otf (RegularFile, 9ee6bef13bc0af2fd8edd70a18f3ccc5)
                   - JetBrainsMono-Bold.ttf (RegularFile, f03e4d66d66f9897b96438cd39c4ccf5)
                   - JetBrainsMono-BoldItalic.ttf (RegularFile, 5380dda12a9a2d2b5943bae6c4021025)
                   - JetBrainsMono-ExtraBold.ttf (RegularFile, 499baeafcfa125ab3462e7b170b84f4c)
                   - JetBrainsMono-ExtraBoldItalic.ttf (RegularFile, 92ae5a57ab95e2f047ecc4050a73ab27)
                   - JetBrainsMono-ExtraLight.ttf (RegularFile, ec47c744bcd532d8fef41e9e6692fae4)
                   - JetBrainsMono-ExtraLightItalic.ttf (RegularFile, 95e6e506cd9b2d684af65f0b80aeae2a)
                   - JetBrainsMono-Italic.ttf (RegularFile, 3b9e1ecdde717985785ada38163d1542)
                   - JetBrainsMono-Light.ttf (RegularFile, 7bf586157e7cb980e347ee4447faba85)
                   - JetBrainsMono-LightItalic.ttf (RegularFile, d046a08487de7d85f6f0700a15f34a64)
                   - JetBrainsMono-Medium.ttf (RegularFile, a75b7d4adfddd95d5e6df3b27871c915)
                   - JetBrainsMono-MediumItalic.ttf (RegularFile, 3851517ae05dfe124628411d6d8d5dcb)
                   - JetBrainsMono-Regular.ttf (RegularFile, b2c1004af0b8b8bc220ac9091eeaa190)
                   - JetBrainsMono-SemiBold.ttf (RegularFile, 4cc35cb6a07edb477bb3da299239b62b)
                   - JetBrainsMono-SemiBoldItalic.ttf (RegularFile, 1e43d0f5ce1d16be0563af0b14d18814)
                   - JetBrainsMono-Thin.ttf (RegularFile, 962862832ee7a1a24805af25e0e5fa0c)
                   - JetBrainsMono-ThinItalic.ttf (RegularFile, 4ad75b2bacba94b6942b703e54d85a3a)
                   - Roboto-Light.ttf (RegularFile, 4bc5302fdf4b757d0b24c394a8472bf0)
                   - Roboto-Thin.ttf (RegularFile, 8587b0a22986c3623e2e354c819fe8a4)
                   - SourceCodePro-Bold.ttf (RegularFile, 9deef62af8b89263c08d9a223ad5ef8b)
                   - SourceCodePro-BoldIt.ttf (RegularFile, 16b185bf87a402c20e627ead12dc39f8)
                   - SourceCodePro-It.ttf (RegularFile, 42b12ed764d62d156045143d8a53be63)
                   - SourceCodePro-Regular.ttf (RegularFile, 2782ed0328e81daa3d2439bd324055e5)
                 - icudtl.dat (RegularFile, 13295f88f0f28fe341e0dfa274451a97)
                 - jcef_helper (RegularFile, 88d37592abd9f818b963c8e6bc2acda5)
                 - jexec (RegularFile, f9d586bd88d11a34746d298292e1f2c8)
                 - jfr (Directory, 24fa206a73b9e21623b07d450bd5cdb3)
                   - default.jfc (RegularFile, ff0aff1c85c1b734cd926955716196ac)
                   - profile.jfc (RegularFile, 972e85559f5f800251a2b81905600449)
                 - jrt-fs.jar (RegularFile, 9ee43d6d3489fa8ed207ce9c627a14af)
                 - jspawnhelper (RegularFile, f6e2afeeb58f935598749dc1dd6948f6)
                 - jvm.cfg (RegularFile, 8b5473cffe2c4e74e1cf38af8629c8b9)
                 - libattach.so (RegularFile, 9e917c85bce7c60560655161179420bb)
                 - libawt.so (RegularFile, 6ec78cd499c17fda136df20e2d27aedb)
                 - libawt_headless.so (RegularFile, 9d67d2d5ddccbf104a90d495ebfff43c)
                 - libawt_wlawt.so (RegularFile, 1c95aa897cd3b953ae5e70257af9f6cb)
                 - libawt_xawt.so (RegularFile, 96bd7caf00da708b88e7043217bfe17c)
                 - libcef.so (RegularFile, 08cf58a59fde9f8d128ae35d2295ecc9)
                 - libdt_socket.so (RegularFile, a56f8b4b6cfdaacc13fbf9a95723a895)
                 - libEGL.so (RegularFile, 7be26f7ccd8443259d065fb61a437712)
                 - libextnet.so (RegularFile, 58b970411ba08cbbd9026a447a4c276e)
                 - libfontmanager.so (RegularFile, 0a294bf41d714a73b62b28f1ea223c99)
                 - libfontmanager_xawt.so (RegularFile, 6f5c498f5e3fced5d8c503e8f7250213)
                 - libGLESv2.so (RegularFile, eb4b408150cd2d02563c64234be290fb)
                 - libgluegen_rt.so (RegularFile, bd4a0edf438a8652d479876ac14eaa17)
                 - libinstrument.so (RegularFile, bf9ed202c9b96359c37681336dc963a0)
                 - libj2gss.so (RegularFile, 7ca58672eb7913400b2a7c888b2071c4)
                 - libj2pcsc.so (RegularFile, 9198a0b37d4475f530e045659ef6c9b7)
                 - libj2pkcs11.so (RegularFile, 36a275a461263b77245b0383a0898c9f)
                 - libjaas.so (RegularFile, d3542c990e69b4392964882fd35804cf)
                 - libjava.so (RegularFile, c5a51c275f487ebe42edc96cab271ce2)
                 - libjavajpeg.so (RegularFile, fda242b460606ab6a4e2ff6ccce6e63b)
                 - libjawt.so (RegularFile, 1b5d60a55592c4d119af77f8ffa98112)
                 - libjcef.so (RegularFile, 7acddaba0648b9a9373f76ce9223a5b5)
                 - libjdwp.so (RegularFile, 77238b39f950db439a8a5e65a0034a46)
                 - libjimage.so (RegularFile, d590a0e32df384cf13aca907a422505a)
                 - libjli.so (RegularFile, f9113e838053a4ae4ca681925a1ebb7c)
                 - libjogl_desktop.so (RegularFile, d03789563c8bb9c268220a8ab7dfd376)
                 - libjogl_mobile.so (RegularFile, 08cc9f22a115dfe6a43815f6ec81fbb6)
                 - libjsig.so (RegularFile, b4e29e6b05cb36f3ea7a1d25f046db55)
                 - libjsound.so (RegularFile, d52879f4e1831e97890b6697448eab5a)
                 - liblcms.so (RegularFile, a3fbf2bc942f94e58e09d8d369c78ad1)
                 - lible.so (RegularFile, 8fe57dd716a02119906550d8eeedd693)
                 - libmanagement.so (RegularFile, f826dacfd609d30da4e95b4f3ed6fb19)
                 - libmanagement_agent.so (RegularFile, 7a9a8538ba24de46ad526d69aa44645c)
                 - libmanagement_ext.so (RegularFile, e6430d7a38d4a52f0e71d0249335fb2a)
                 - libmlib_image.so (RegularFile, e617d37bdaaa875dc1fcf6803c6c81d1)
                 - libnativewindow_awt.so (RegularFile, 52d26624f132ad3b4ca85a017be60d0c)
                 - libnativewindow_drm.so (RegularFile, 759e5cc5b3eaa6ca1076fc4d82c8095f)
                 - libnativewindow_x11.so (RegularFile, 744b0a94ef7ed1f8e261dcea85f74c24)
                 - libnet.so (RegularFile, 59e626df0df48b1c238d81ac23589e27)
                 - libnewt_drm.so (RegularFile, fc1a5475bb7dfec5cfde128f03b210fb)
                 - libnewt_head.so (RegularFile, f3e1b3446fa0fbc1a4677721d33881eb)
                 - libnio.so (RegularFile, dfb6fc8137e758b2bf11675a2d5b1211)
                 - libprefs.so (RegularFile, 54015ad2ed92b8b7e356ed661f94f1c1)
                 - librmi.so (RegularFile, de5278ed6409159d7451f3f171d82d70)
                 - libsaproc.so (RegularFile, 61debec8fb91d5b0dfdad7ae4a17bc82)
                 - libsctp.so (RegularFile, 7d05a93b6593b53ba6e9e4a2d659abad)
                 - libshared_mem_helper.so (RegularFile, 95b89fa038e99860ada852e55566b48f)
                 - libsplashscreen.so (RegularFile, e173815a6c65036b9ff722344cc0a25c)
                 - libsyslookup.so (RegularFile, c3b82e5811bbe445b59381d814eacb74)
                 - libverify.so (RegularFile, 9ab661a093f302fb4cc7b65fe872c30e)
                 - libvk_swiftshader.so (RegularFile, d835746108c0f1d9aff57ef09efe9484)
                 - libvulkan.so.1 (RegularFile, 7b0bd69c93ab95edfb349a6f2626fa24)
                 - libwlsplashscreen.so (RegularFile, c0a316e4a97d723dddd55f97383d49bf)
                 - libzip.so (RegularFile, 1610b1d9430040b3675ae8128b9c7b82)
                 - locales (Directory, 770c0b3764f65af3f397e2bb8b4b676e)
                   - af.pak (RegularFile, 1eb3fb9c9eb03dcee04434edc65e79b1)
                   - am.pak (RegularFile, 0a8e909f54b796732e835dc9dbc65802)
                   - ar.pak (RegularFile, b28220f8396fc823a52b075b0a3dd2aa)
                   - bg.pak (RegularFile, bea0d1ac403fcf02729cacc95db8fd11)
                   - bn.pak (RegularFile, 24d5a0b1ca3af1590632aa2e0f900b12)
                   - ca.pak (RegularFile, 5cacf6c46d07501135ec8cfb869217e8)
                   - cs.pak (RegularFile, 12837b0267e37efa5965c85f8119fc1f)
                   - da.pak (RegularFile, 6df61389012b027bb36191cb0db3e30c)
                   - de.pak (RegularFile, 1d6c76905000e5b7fe75d490f3b1b4f3)
                   - el.pak (RegularFile, 0d89ac21e32305568ddc20e5406e4fde)
                   - en-GB.pak (RegularFile, 8bd3933211911fa2c1847226d16135ab)
                   - en-US.pak (RegularFile, d43e124efb1d0bd0ea17bbe4968d24e2)
                   - es-419.pak (RegularFile, 6ccc4f924eb3d7e41100b83fb3a55349)
                   - es.pak (RegularFile, cb615bbd0fb7297ed777960c67b7a47f)
                   - et.pak (RegularFile, 5b67b53f42d66398f2f41c4061f3987e)
                   - fa.pak (RegularFile, 7b8b4058a90aaa8337876e7393c35c49)
                   - fi.pak (RegularFile, d74c45097e90b16178cd24b0b35f199d)
                   - fil.pak (RegularFile, 10ebd9cc815609094c2a475cd7a2f382)
                   - fr.pak (RegularFile, 2dcce0ff5c0a2bc9ee0e070b895da9cc)
                   - gu.pak (RegularFile, 628e9cdde00cbfd180c4b3070125a676)
                   - he.pak (RegularFile, 888e00b60b63331c69d3bc1275366436)
                   - hi.pak (RegularFile, 433517b063d3cbcf549c11106f832be9)
                   - hr.pak (RegularFile, da957cb72cdbb1ad5a62d2e16b6524cc)
                   - hu.pak (RegularFile, 1f5c2ebfc473d680b65f21278c7b30be)
                   - id.pak (RegularFile, 695b11698cce920c1cddb92a4f4a5bec)
                   - it.pak (RegularFile, 89d3380fad529c86bfef3961d657e5a4)
                   - ja.pak (RegularFile, aa631660de491b0b16fdbec23786afc1)
                   - kn.pak (RegularFile, dd8f234a11cb896d066f6fdcc0bae58d)
                   - ko.pak (RegularFile, f22e8711a424767ffc18c29913a568ba)
                   - lt.pak (RegularFile, bde5087e07ee0a88d2b7a22d8e58b5ed)
                   - lv.pak (RegularFile, 8bb943cd1d66262f5395ce1a28f02daf)
                   - ml.pak (RegularFile, 4f3b3a117369f624fec39d536f9b7b45)
                   - mr.pak (RegularFile, 47b78f75891629500e15aa0d7190e997)
                   - ms.pak (RegularFile, f96de016fcffb125a97ef040b36f4f6c)
                   - nb.pak (RegularFile, e6693a142337364738b2ab55ef4e3ff0)
                   - nl.pak (RegularFile, c1db025c707bad1a8a390aeb3bd35c99)
                   - pl.pak (RegularFile, 9a4737f35e0b93967285286f913b907a)
                   - pt-BR.pak (RegularFile, 8f18fa63ee2e3d6293722e09d1f309dd)
                   - pt-PT.pak (RegularFile, e54d26f5c49c80fa4ef7b19125ddecc7)
                   - ro.pak (RegularFile, bea5ccc11ee77c142543763dd549a681)
                   - ru.pak (RegularFile, bbb8aac24432d337c4eb68f8e5f280f8)
                   - sk.pak (RegularFile, 9b8d36cb9eaec5f0f04d63524c6222cf)
                   - sl.pak (RegularFile, 6082d12cc24bd7fd0341b5fbdde30dd1)
                   - sr.pak (RegularFile, 09ce97c87a7a13648f63686205875418)
                   - sv.pak (RegularFile, 0c97a5252cf5746e6ef8748780b74fe4)
                   - sw.pak (RegularFile, cd5bb035bd7419a31d66a594fe62f1bc)
                   - ta.pak (RegularFile, 7d27dee2e2d1061d94f9d9bec4e25555)
                   - te.pak (RegularFile, c27bd418d3161a2f18e901187b24d5c2)
                   - th.pak (RegularFile, f37acd5433729d1d79ddb39a3439bc2f)
                   - tr.pak (RegularFile, 9303c5c82d8ced5da65878c4928b5694)
                   - uk.pak (RegularFile, ce406cc1f8813d1a535c2c806b1685f2)
                   - ur.pak (RegularFile, c03f6e280db3f210a514a0e6f042ba50)
                   - vi.pak (RegularFile, f445f05cf7cfc678a1a489e48669b0d2)
                   - zh-CN.pak (RegularFile, 06d3b2e108876a2e2b8403240757ea40)
                   - zh-TW.pak (RegularFile, 0b4de764bc9bc2ea4b6a307d30a69956)
                 - modules (RegularFile, 5c9fe8874bb83a835be5cdeae5ec501f)
                 - psfont.properties.ja (RegularFile, 93faf4c593bd9ddf7fc87d81dfed39ed)
                 - psfontj2d.properties (RegularFile, bcedcd100c7f0e4d42b7a00e1def737c)
                 - resources.pak (RegularFile, 072aecdcbb931d4e30fc1baf6293d227)
                 - security (Directory, 0244171277debf8fae895701e57824ca)
                   - blocked.certs (RegularFile, 6ffb1be5bea01f07c71d2e09644b718c)
                   - cacerts (RegularFile, 3ccb1277967ef1ef1fe10db876a995d1)
                   - default.policy (RegularFile, 047ad45322fc57467c0c32eedcbbfbd1)
                   - public_suffix_list.dat (RegularFile, 95c4c60cf5a4f68309920e8b4b6a4fb9)
                 - server (Directory, 9b24309ad0508ba1e277c047955c9640)
                   - classes.jsa (RegularFile, 251bb37a43d9dbdaaa3e4fcbabaafe51)
                   - classes_nocoops.jsa (RegularFile, c06d23c57741667e61ad78f4e014fbfd)
                   - libjsig.so (RegularFile, b4e29e6b05cb36f3ea7a1d25f046db55)
                   - libjvm.so (RegularFile, 1d252611217700d52d4b20465e044f09)
                 - tzdb.dat (RegularFile, 1261cc7bfe4da495b3fbe35bf03ca201)
                 - v8_context_snapshot.bin (RegularFile, d94dec37cc488435583342a0d206144f)
                 - vk_swiftshader_icd.json (RegularFile, 34213ee9b9f626a79c52c9fac868bcd1)
               - release (RegularFile, 975a5caa7f44085df699964844e6fe5f)
             - lib (Directory, cb58854d59489950dbf4978a1be8ffd3)
               - annotations.jar (RegularFile, 7ae37aa61793ea1bed78d02c1790a6b9)
               - app-backend.jar (RegularFile, 19a2f7ffec88809658798acd9089794e)
               - app.jar (RegularFile, ec37f28d98f48ce49bc3afcc13b0d395)
               - async-profiler (Directory, 83b02071bb8f53a6cdf60b0b02efb2dc)
                 - aarch64 (Directory, 2c698a9b8c3c96843b8d91738460148e)
                   - dbghelp.dll (RegularFile, 1bdf4e55245185dafc807ede2f10ba99)
                   - jniSymbolsResolver.dll (RegularFile, d3790d5c0c7cef4335d5cbcb20804d88)
                   - libasyncProfiler.dll (RegularFile, 2edede2eaa2734ef2d8b999362dabaa1)
                   - libasyncProfiler.so (RegularFile, 64ef0d3d069b956e09721dc855d28355)
                   - symsrv.dll (RegularFile, 8430ba2a0457f98ec2563363f577f8ba)
                 - amd64 (Directory, 483508b54e7dedfbfd1222f3f854be52)
                   - dbghelp.dll (RegularFile, f26e5aa5ffe522ca77ea20741474d8e2)
                   - jniSymbolsResolver.dll (RegularFile, 38be17bf6fdad92364fa9e959c011db6)
                   - libasyncProfiler.dll (RegularFile, fbcd8c0e984876a732305b3490a5dcc9)
                   - libasyncProfiler.so (RegularFile, 151bc939de86f3f4e00d5b043c43e08f)
                   - symsrv.dll (RegularFile, b3e406e87e30a9b33e9809331f47ce25)
                 - libasyncProfiler.dylib (RegularFile, 8791b84bb060c3b8cabf4dc694fe88f6)
               - build-marker-PY-253.31033.139 (RegularFile, fc90648bc0a1b106c51abdb44f51bbd3)
               - eclipse.lsp4j.debug.jar (RegularFile, d657dec2d857c2c82007689bfcd1289b)
               - eclipse.lsp4j.jar (RegularFile, fdb29c0d4d0a9c7003bac53082910a3f)
               - eclipse.lsp4j.jsonrpc.debug.jar (RegularFile, 2e79f8b1f8168ec633fd22d77edbf5ab)
               - eclipse.lsp4j.jsonrpc.jar (RegularFile, 16d78e4e31312264259c7fe3cdd03125)
               - ext (Directory, 0291465123e1959c06b09daadb88d299)
                 - platform-main.jar (RegularFile, 06cafe0c5ce48aff0cc34c62222a6ec8)
               - external-system-rt.jar (RegularFile, d37a88118373182bb2b237325dee3eb6)
               - externalProcess-rt.jar (RegularFile, f069975e44e16ecf2fced1b4c6570862)
               - forms_rt.jar (RegularFile, b648a492504370cca0ea8e8bb8cd02f9)
               - frontend-split (Directory, 746abe9e850f5fa6f15f72c3a49fd64e)
                 - frontend-split-customization.jar (RegularFile, f1748d9d72bbcec581094b8b3b704093)
                 - frontend-split.jar (RegularFile, 833f9a934cab5f0603454c480a4183ab)
               - groovy.jar (RegularFile, bb52cfbf64eab819d95d93e42990c257)
               - javax.activation.jar (RegularFile, 951c6f55d4f6837704fcf80cbc9660a4)
               - javax.annotation-api.jar (RegularFile, a1f5413ff91ea950d09b4086293ca37d)
               - jaxb-api.jar (RegularFile, 8a736aa20ee0e3ddc6962988a5b7e1ab)
               - jaxb-runtime.jar (RegularFile, 2ef3efd514eaa2852cb2d1c46fad4fd1)
               - jna (Directory, 61380df2806ffa1e7be84953fd059818)
                 - amd64 (Directory, 926993decd726d0504fe0e53f0f38d63)
                   - libjnidispatch.so (RegularFile, 5e7c56473ae9bcbd81c2ddc2d39f78df)
               - jps-model.jar (RegularFile, 1acf77c39257ee780b341f053ab2b42b)
               - jsch-agent.jar (RegularFile, db44cd6476ab673b980d4d2e638dadfc)
               - lib-backend.jar (RegularFile, 2dc2fabddc7dad4304e889ef1f94c3bd)
               - lib.jar (RegularFile, 3cb2be76228f98759ca5d95231d52d5c)
               - module-intellij.libraries.aalto.xml.jar (RegularFile, d576db60aefe3a8777a5783429ce45a7)
               - module-intellij.libraries.asm.jar (RegularFile, d33e27dd2de1de40117d0c1abf04fe90)
               - module-intellij.libraries.asm.tools.jar (RegularFile, 85b22d3ebceff3b075311f0d2cc2fdbe)
               - module-intellij.libraries.automaton.jar (RegularFile, 1b30a31aa6d318c2f8486fa0a5b72df9)
               - module-intellij.libraries.blockmap.jar (RegularFile, f996ddca4978f6b76eecdf2d39b7a427)
               - module-intellij.libraries.bouncy.castle.pgp.jar (RegularFile, ece8473f69be90aa084856ed82000b00)
               - module-intellij.libraries.bouncy.castle.provider.jar (RegularFile, 2565ab78e4ed432517c095718f9b9f20)
               - module-intellij.libraries.caffeine.jar (RegularFile, 206ffaff1cc90146dfd9864d4a8a55f9)
               - module-intellij.libraries.cglib.jar (RegularFile, e32b1913fe2ab716b9e828bf024c4b2a)
               - module-intellij.libraries.classgraph.jar (RegularFile, ab811701189e8b5846e8a5aec70e38fd)
               - module-intellij.libraries.cli.parser.jar (RegularFile, 981aaed115c7b038957b18d8a9a7af33)
               - module-intellij.libraries.commons.cli.jar (RegularFile, d0684668752b10c7473d9a3bc42dfc7c)
               - module-intellij.libraries.commons.codec.jar (RegularFile, ba639d0540d201d2aa4f667798ece9ef)
               - module-intellij.libraries.commons.compress.jar (RegularFile, 60351f8cd93983009887c110b71a0350)
               - module-intellij.libraries.commons.imaging.jar (RegularFile, 3dcd37bcd4abf30538c48daad1b337e3)
               - module-intellij.libraries.commons.io.jar (RegularFile, eb99bc52596e8bb17560418f15eacbbd)
               - module-intellij.libraries.commons.lang3.jar (RegularFile, 4ad078b6c1636bb10df5ae75987c9040)
               - module-intellij.libraries.commons.logging.jar (RegularFile, b6638d3756a855c884c38f6e3b09257a)
               - module-intellij.libraries.fastutil.jar (RegularFile, 10d84207012dfd16d76b29835e5f79d6)
               - module-intellij.libraries.gson.jar (RegularFile, 2628d00de6a0174c96c7487dff52b691)
               - module-intellij.libraries.guava.jar (RegularFile, 93e140beabe3ce0a644440857615fc57)
               - module-intellij.libraries.hash4j.jar (RegularFile, 69072bffec6c8d4c7fd1a4827f90582c)
               - module-intellij.libraries.hdr.histogram.jar (RegularFile, c2ff70e276c7dbd9377b4c48d345d29c)
               - module-intellij.libraries.http.client.jar (RegularFile, 16c68b6c3f3859242672f30cd7384d25)
               - module-intellij.libraries.icu4j.jar (RegularFile, 998ecae11d5ccc267da3840e3d78334f)
               - module-intellij.libraries.imgscalr.jar (RegularFile, 4e2885e00abaeb2068a61dac083ca28f)
               - module-intellij.libraries.ini4j.jar (RegularFile, ced85b2b1c512444098c9e31283ae8f9)
               - module-intellij.libraries.ion.jar (RegularFile, bda1b74303d1138a0d83bf652713831e)
               - module-intellij.libraries.jackson.databind.jar (RegularFile, 1ad8f86da6bdc20966eeaa7ef6914888)
               - module-intellij.libraries.jackson.dataformat.yaml.jar (RegularFile, 59ea7c33427435e5af3a20787599d9f7)
               - module-intellij.libraries.jackson.jar (RegularFile, eb25f80497e57002dae8e4ba958f97ba)
               - module-intellij.libraries.jackson.jr.objects.jar (RegularFile, 128b371c7f544a033ee95918dca88889)
               - module-intellij.libraries.jackson.module.kotlin.jar (RegularFile, 96cdeb33e41512aecf98d40b72ef1353)
               - module-intellij.libraries.java.websocket.jar (RegularFile, 0bfb4fc4990e600a6ae8ead00787dea4)
               - module-intellij.libraries.javax.annotation.jar (RegularFile, 27a456577655e11aef63edb8492bdc79)
               - module-intellij.libraries.jaxen.jar (RegularFile, b1986f69cc795352bccc7af57c5bd2c1)
               - module-intellij.libraries.jbr.jar (RegularFile, aa221203c9610db32cbb9277f24fa064)
               - module-intellij.libraries.jcef.jar (RegularFile, 6879a5fc953a686e563e8bfc9dcae642)
               - module-intellij.libraries.jcip.jar (RegularFile, 17105333507d4078a2ae3839d9f3016b)
               - module-intellij.libraries.jediterm.core.jar (RegularFile, f5070be3f91997e51051a48c2c20cfcb)
               - module-intellij.libraries.jediterm.ui.jar (RegularFile, 3a1d3de11e32622056ecfd2975076d60)
               - module-intellij.libraries.jettison.jar (RegularFile, 5f2d34ea4d2f547591c25cdbf752deb3)
               - module-intellij.libraries.jsonpath.jar (RegularFile, 5e11098fbe086ba542d4fbd609d9b0ba)
               - module-intellij.libraries.jsoup.jar (RegularFile, 14761d1dc923a95ac11ec16e4e112baf)
               - module-intellij.libraries.jsvg.jar (RegularFile, 1a515ff45449aa6510bd89304b03a968)
               - module-intellij.libraries.jvm.native.trusted.roots.jar (RegularFile, 9f473f7ea3d4269801cc9f80de9537f5)
               - module-intellij.libraries.jzlib.jar (RegularFile, 7dff8944e9ad0d300f11ae8060b4a2c2)
               - module-intellij.libraries.kotlin.reflect.jar (RegularFile, 1fb8f4ed5546fedb3e8e05ffe19c2821)
               - module-intellij.libraries.kotlinx.collections.immutable.jar (RegularFile, ed3d1029af4c39095640798dae83136a)
               - module-intellij.libraries.kotlinx.coroutines.slf4j.jar (RegularFile, daaea3a16c0b46f250e6158a14892b85)
               - module-intellij.libraries.kotlinx.datetime.jar (RegularFile, 0df73a4a21b54a83b42db346e4ed43b6)
               - module-intellij.libraries.kotlinx.html.jar (RegularFile, 790e9e292bf880594b95d4394924fafa)
               - module-intellij.libraries.kotlinx.io.jar (RegularFile, db4ae176cd6ce74102208940674b10d7)
               - module-intellij.libraries.kotlinx.serialization.core.jar (RegularFile, 9e77ba3492b27c28474f0926e2ee0577)
               - module-intellij.libraries.kotlinx.serialization.json.jar (RegularFile, e1b3d5739f3e42a2aab60c44f22a607f)
               - module-intellij.libraries.kotlinx.serialization.protobuf.jar (RegularFile, a17b087e44c3abc53b733ee125d80d00)
               - module-intellij.libraries.kryo5.jar (RegularFile, c21d61708e1806703dcfa6e3511a96fb)
               - module-intellij.libraries.ktor.client.cio.jar (RegularFile, 723eb0b0efb54f4cc2e70a2a84bbad39)
               - module-intellij.libraries.ktor.client.jar (RegularFile, e2351df3c003a4d884f07bbeedcdc6f0)
               - module-intellij.libraries.ktor.io.jar (RegularFile, 0e2842aadba4285652978dfdc90b3be7)
               - module-intellij.libraries.ktor.network.tls.jar (RegularFile, 78e79353a36757dd2d649e049b21543a)
               - module-intellij.libraries.ktor.utils.jar (RegularFile, 1f0c34524fbd66ed4132b93a351ddae0)
               - module-intellij.libraries.lz4.jar (RegularFile, 45da86fd1b3dac454600c79e87341b47)
               - module-intellij.libraries.markdown.jar (RegularFile, fb89f45523a0ba293eb7a5fab8190fa1)
               - module-intellij.libraries.miglayout.swing.jar (RegularFile, 81451d9063195f8bdce9f3ec90f9efae)
               - module-intellij.libraries.mvstore.jar (RegularFile, 82a894c05bffe620952daa706d9560f1)
               - module-intellij.libraries.oro.matcher.jar (RegularFile, 07aa19c4d850b35213246b21ad903e3b)
               - module-intellij.libraries.proxy.vole.jar (RegularFile, d80740444da4fae3e59210fdef317eff)
               - module-intellij.libraries.pty4j.jar (RegularFile, f6a648a4517d77337c84b8e25b75b938)
               - module-intellij.libraries.rd.text.jar (RegularFile, 3b8b7396a914d105aeec0a29a8c7de74)
               - module-intellij.libraries.rhino.jar (RegularFile, 29842dc46e40cd5c52feab0818410d37)
               - module-intellij.libraries.snakeyaml.engine.jar (RegularFile, 21df9b3061d91741cf0bb0cd984e955d)
               - module-intellij.libraries.snakeyaml.jar (RegularFile, 778e73154755631dde3205312c7bbc79)
               - module-intellij.libraries.sshj.jar (RegularFile, 10d39e5563ba4817a722ca49994e1275)
               - module-intellij.libraries.stream.jar (RegularFile, 9946215e48acb2508b62261f9b47fc4b)
               - module-intellij.libraries.velocity.jar (RegularFile, 2a1a5ac0d1fcf8d6bf3c0e02ca2a482a)
               - module-intellij.libraries.winp.jar (RegularFile, bbd4e94e953ef4cdf20f1e8cee6fc648)
               - module-intellij.libraries.xerces.jar (RegularFile, 8f0899736815de3e1588fd87eb8978b2)
               - module-intellij.libraries.xstream.jar (RegularFile, 502218094261e7675b23bbbecf097b29)
               - module-intellij.libraries.xtext.xbase.jar (RegularFile, e2eb81b1911c2288ef10e2cb17963407)
               - module-intellij.libraries.xz.jar (RegularFile, 3f336f52fdc1c1f12828ea0750c0567d)
               - module-intellij.platform.debugger.impl.rpc.jar (RegularFile, c7075b20fa08d623a85da715948cfd1b)
               - module-intellij.platform.debugger.impl.shared.jar (RegularFile, c379f3661ed59809d0f024e3926b2a6b)
               - module-intellij.platform.eel.impl.jar (RegularFile, fd44bbd8734ef15ec3cdcf6e653f34c9)
               - module-intellij.platform.find.jar (RegularFile, 1fa146f9d7e501e5a38c810199defef2)
               - module-intellij.platform.managed.cache.jar (RegularFile, d6e098e51c42cde647ab751b307f83ea)
               - module-intellij.platform.polySymbols.backend.jar (RegularFile, 05cd986f2907007ccc4164cf3bb0efda)
               - module-intellij.platform.polySymbols.jar (RegularFile, dbbfe3515f47d5788d2a53c4d3de55d5)
               - module-intellij.platform.rpc.topics.jar (RegularFile, a7578600d188681df04af2aca9f8f95d)
               - module-intellij.platform.scopes.jar (RegularFile, 5d8fafb4876d895e9833e7710ae76c70)
               - module-intellij.platform.vcs.core.jar (RegularFile, 68a9685b3168fe1cfd31e8b3532b282e)
               - module-intellij.platform.vcs.jar (RegularFile, 8f3f392d482619d498e0cff64b645bd9)
               - module-intellij.platform.vcs.shared.jar (RegularFile, 0bf04657041358aa5984bf3178ca68e5)
               - module-intellij.regexp.jar (RegularFile, 40dc788b030c90cfa18a06b6e3bd125a)
               - module-intellij.xml.analysis.impl.jar (RegularFile, 013646917844b797dd90bb2cf5a66412)
               - module-intellij.xml.analysis.jar (RegularFile, 87b8c59fb3bcf88f97336a32ee22df61)
               - module-intellij.xml.dom.impl.jar (RegularFile, 9ac6f12641b6baa649cdca6d89c2fde0)
               - module-intellij.xml.dom.jar (RegularFile, 9014d0c277df9497c23c26aec2bdf0ca)
               - module-intellij.xml.impl.jar (RegularFile, 6beac2074bef31f1158d40d5055f50ce)
               - module-intellij.xml.parser.jar (RegularFile, f1db194433e446dc22805b661daefa74)
               - module-intellij.xml.psi.impl.jar (RegularFile, 22b4c3c79c9a0ac6e44d1dd5f36c7fc4)
               - module-intellij.xml.psi.jar (RegularFile, 4d5c4e55c35b1515d452fcde4f7d81f4)
               - module-intellij.xml.structureView.impl.jar (RegularFile, 2f41287837dc1865d15b4f7db19b2d98)
               - module-intellij.xml.structureView.jar (RegularFile, 16235472133a7fae4a1b7f5f00c8b8df)
               - module-intellij.xml.syntax.jar (RegularFile, c666480105a4c4feed44e7223be629b9)
               - module-intellij.xml.ui.common.jar (RegularFile, 6a07c244b415d5a92fdeef6e10ce2bdc)
               - modules (Directory, 4d5c275354c3e64397ae2fbc3e95ecc6)
                 - intellij.charts.jar (RegularFile, c4d934f26bc793b91504863dbd4bb47a)
                 - intellij.emojipicker.jar (RegularFile, 91d7a231fbb96c3b413f6abce17be382)
                 - intellij.grid.core.impl.jar (RegularFile, b2aa6797c45191c5ec4efff849756a7f)
                 - intellij.grid.csv.core.impl.jar (RegularFile, f882ba9c53f45fcdccbaaca4bc2b48bc)
                 - intellij.grid.impl.jar (RegularFile, 03942c08121f6f1c8307d0643c162b44)
                 - intellij.grid.jar (RegularFile, 62feded6c9afec48e983f8ee00e697ba)
                 - intellij.grid.types.jar (RegularFile, 68a130e5205c7cd29ed2ca2146511240)
                 - intellij.ide.startup.importSettings.jar (RegularFile, 7f001ef1aa6309f09418e800197cbee8)
                 - intellij.libraries.coil.jar (RegularFile, 897de44d1b6269d376fc3b0a235fa3ad)
                 - intellij.libraries.commons.text.jar (RegularFile, e03e984fff1c813a2d60ac479379a292)
                 - intellij.libraries.compose.foundation.desktop.jar (RegularFile, 9d782ac43708beb1a395a37cdbb8d193)
                 - intellij.libraries.compose.runtime.desktop.jar (RegularFile, b30f2bcb7a6004acb5315bfb8affcd49)
                 - intellij.libraries.grpc.jar (RegularFile, b60282aa126c70d5439708c7d02038d8)
                 - intellij.libraries.grpc.netty.shaded.jar (RegularFile, 1a636c501a550b7678fcb254c4240ab3)
                 - intellij.libraries.javax.activation.jar (RegularFile, aa6ca28dc8f34bd1f12864786320f7d6)
                 - intellij.libraries.kotlinx.document.store.mvstore.jar (RegularFile, 2ec4239d09f0b97c4b930cc026c16072)
                 - intellij.libraries.lucene.common.jar (RegularFile, 8850fab2a6969096b9afae15a106ef9c)
                 - intellij.libraries.microba.jar (RegularFile, c2dd59b56f1e92d0908247ece0f84b84)
                 - intellij.libraries.skiko.jar (RegularFile, e07b1f0a3e61618a3c9791d381a7e836)
                 - intellij.libraries.xml.rpc.jar (RegularFile, 1317ad851febfc2313dd12f2f11d1eeb)
                 - intellij.platform.backend.jar (RegularFile, 6b3784cf99a943957ef815c5c3b326f2)
                 - intellij.platform.bookmarks.backend.jar (RegularFile, eeb9086a8819f9e3442374d739546910)
                 - intellij.platform.bookmarks.frontend.jar (RegularFile, ebf3ec756296ce5969718a43194c775c)
                 - intellij.platform.buildView.backend.jar (RegularFile, b97ac921ac4cb217a85a0fded57949f1)
                 - intellij.platform.buildView.frontend.jar (RegularFile, c4bd39d031862145ec4f64d10f89fac1)
                 - intellij.platform.buildView.jar (RegularFile, 736646c001c7e03a947d7a512164b620)
                 - intellij.platform.clouds.jar (RegularFile, 3623e7cb05cf0eda88bcd43ba31a9b1d)
                 - intellij.platform.collaborationTools.auth.base.jar (RegularFile, 779a061c0ba5ea9af66b0cd71aed6bc2)
                 - intellij.platform.collaborationTools.auth.jar (RegularFile, 4206ffc96e95d4467d46e1597dfbd105)
                 - intellij.platform.collaborationTools.jar (RegularFile, 4db02258524f6e8cede9cfb96cdd5059)
                 - intellij.platform.completion.backend.jar (RegularFile, a8d001c8d418729aacd41c35a8a0cd4c)
                 - intellij.platform.completion.common.jar (RegularFile, e50e1783640eef045bb4a30383c27ed1)
                 - intellij.platform.completion.frontend.jar (RegularFile, d5be4a5603259c3cddeb531e03b148f2)
                 - intellij.platform.compose.jar (RegularFile, 7c66837b43dae8c3f44639415db2e5af)
                 - intellij.platform.compose.markdown.jar (RegularFile, 7c5d67dc8f7e4c93c84677cc672c2b50)
                 - intellij.platform.coverage.agent.jar (RegularFile, 45f3744753afc526fa582fb0d93778fb)
                 - intellij.platform.coverage.jar (RegularFile, d56260d0daf2640d6538bf08ea97c367)
                 - intellij.platform.dap.jar (RegularFile, e8810252c50e0e02f20bc0e9863b9321)
                 - intellij.platform.debugger.impl.backend.jar (RegularFile, b24a77619f9c4211270d6550a09c8672)
                 - intellij.platform.debugger.impl.frontend.jar (RegularFile, 1c0a11d786c3b460cb39cde171b20338)
                 - intellij.platform.diagnostic.freezeAnalyzer.jar (RegularFile, 145611dd16fdf31196f7f59f6d3fc7a0)
                 - intellij.platform.diagnostic.freezes.jar (RegularFile, 19b7b6abedc254f2461ff8ab83ff82a8)
                 - intellij.platform.diagnostic.telemetry.agent.extension.jar (RegularFile, 525f09df219ce9f4ac2ff8712856d722)
                 - intellij.platform.editor.backend.jar (RegularFile, e021196f68dd43bc953272b5fc43c755)
                 - intellij.platform.editor.frontend.jar (RegularFile, eaf2cc5a5d56e41fff7295de8a652610)
                 - intellij.platform.editor.jar (RegularFile, 8de17e078d7ff4b1c51a6fb2bc776488)
                 - intellij.platform.execution.dashboard.backend.jar (RegularFile, 797ba5a89686c29909aeb6d4e340c4b9)
                 - intellij.platform.execution.dashboard.frontend.jar (RegularFile, 3ff3cf58b6c3cdec71b61308121edb2d)
                 - intellij.platform.execution.dashboard.jar (RegularFile, 6980fe274f9731b240afca3c0069b479)
                 - intellij.platform.execution.impl.backend.jar (RegularFile, b3b2972638b823d0ef3725f93ba3d4f2)
                 - intellij.platform.execution.impl.frontend.jar (RegularFile, 0fff4bc2ed8c0a692f66591995b7837c)
                 - intellij.platform.execution.serviceView.backend.jar (RegularFile, 3b80b4c4c13409d76bd494d94f799fba)
                 - intellij.platform.execution.serviceView.frontend.jar (RegularFile, 3b12d0fe85f1ba72d30a755af137ac43)
                 - intellij.platform.execution.serviceView.jar (RegularFile, ef8ebf5b2d778eb00803b55a829b638c)
                 - intellij.platform.find.backend.jar (RegularFile, c16025c097ef5d68e0eb3575e532e8f8)
                 - intellij.platform.frontend.jar (RegularFile, 637113367b96ffdfef071ca20a1e7801)
                 - intellij.platform.ide.impl.wsl.jar (RegularFile, 6e99f575cceabaa8ca78f7895464facc)
                 - intellij.platform.ide.newUiOnboarding.jar (RegularFile, 92c42ba90932a127cebb7465933da17e)
                 - intellij.platform.identifiers.highlighting.backend.jar (RegularFile, 4cd5707085e5756433bdd2a2ca4bd265)
                 - intellij.platform.identifiers.highlighting.shared.jar (RegularFile, 94e659516cee5ba1f2d9b9b8b17595a4)
                 - intellij.platform.inline.completion.jar (RegularFile, 2c6a3d7282d3bb64dd6ceb6ce5d87f56)
                 - intellij.platform.inspect.jar (RegularFile, deb766b05a90a717e1bee75f8ad80d82)
                 - intellij.platform.jewel.foundation.jar (RegularFile, 4253436cb7f606cea43220a963fcb68c)
                 - intellij.platform.jewel.ideLafBridge.jar (RegularFile, 462d3d3943e87c5bf5870dd9cbab0ef9)
                 - intellij.platform.jewel.markdown.core.jar (RegularFile, 1352dd1556f5a987f94e5d68868cfb0e)
                 - intellij.platform.jewel.markdown.extensions.autolink.jar (RegularFile, aeafcf7b81312b1ff0f5ba67993d36fe)
                 - intellij.platform.jewel.markdown.extensions.gfmAlerts.jar (RegularFile, 185f17e98846498d2384ce19f2baa49e)
                 - intellij.platform.jewel.markdown.extensions.gfmStrikethrough.jar (RegularFile, 1423bc75ea7f0bbc990481486715490b)
                 - intellij.platform.jewel.markdown.extensions.gfmTables.jar (RegularFile, a2b196eead3a4440735f17d0b32b44a0)
                 - intellij.platform.jewel.markdown.extensions.images.jar (RegularFile, 7d62f30719e086da0cc1e264723a9602)
                 - intellij.platform.jewel.markdown.ideLafBridgeStyling.jar (RegularFile, 34ab52f16e771ee57408c099e18e69a4)
                 - intellij.platform.jewel.ui.jar (RegularFile, 9186bde54d45b4e8cd5cd433b0865052)
                 - intellij.platform.kernel.backend.jar (RegularFile, c3c78e09d8edb68ace79810d55887ec4)
                 - intellij.platform.kernel.impl.jar (RegularFile, a6624583c05c108c7189e8be6bef2b87)
                 - intellij.platform.lang.impl.backend.jar (RegularFile, 347fcfb223e383c87972a288fec9768c)
                 - intellij.platform.langInjection.backend.jar (RegularFile, 614c1e282afa4f6fc1e7d58659e532db)
                 - intellij.platform.langInjection.jar (RegularFile, c0c84cfbbe9c8f31104e2cb7418ce2ae)
                 - intellij.platform.lvcs.impl.jar (RegularFile, b5f11454a542bba8d986d2b2a5c35957)
                 - intellij.platform.managed.cache.backend.jar (RegularFile, 6f1db646eff4e571997d3c43e80ab204)
                 - intellij.platform.ml.impl.jar (RegularFile, 6e9558f1ca04c32ce5c3aa400a7ac963)
                 - intellij.platform.monolith.jar (RegularFile, a65b544549813a5be7e5c8cb36d1abb1)
                 - intellij.platform.navbar.backend.jar (RegularFile, 6679db9911914943271ae0e446edf2d3)
                 - intellij.platform.navbar.frontend.jar (RegularFile, c188d76b0512fc8284cd78d6ddce6f85)
                 - intellij.platform.navbar.jar (RegularFile, fcaa6ef342cac56453b96b964ea044d0)
                 - intellij.platform.navbar.monolith.jar (RegularFile, c322237ccaabe415db31a76476f96581)
                 - intellij.platform.pluginManager.backend.jar (RegularFile, 984900bd5284926f47b1d0c027946a6e)
                 - intellij.platform.pluginManager.frontend.jar (RegularFile, e7ee3eec9031a6b62a0e7aa0e7fbb4d8)
                 - intellij.platform.pluginManager.shared.jar (RegularFile, e837c77711350a1cab8d7cd7c2a24417)
                 - intellij.platform.progress.backend.jar (RegularFile, 120f36e4706bf05a5d83da391dca5a83)
                 - intellij.platform.project.backend.jar (RegularFile, c4595cf4e03c21790681b112df29598f)
                 - intellij.platform.recentFiles.backend.jar (RegularFile, 0ff255755ae2f195afd45e592aaf5392)
                 - intellij.platform.recentFiles.frontend.jar (RegularFile, 30af1ae7bacc91d9588aca791406aba0)
                 - intellij.platform.recentFiles.jar (RegularFile, 26dc9a672f598d173df6af35b0528e97)
                 - intellij.platform.registry.cloud.jar (RegularFile, b4e42ffac69c549f2ad97c52767fd462)
                 - intellij.platform.rpc.backend.jar (RegularFile, 0a7f0cef74f5764d823597b8a10e7d9b)
                 - intellij.platform.rpc.topics.backend.jar (RegularFile, b9250e28ebda37f76626a133de05de12)
                 - intellij.platform.rpc.topics.frontend.jar (RegularFile, f09dcb9eb8d738afa88f55ccc123bfdd)
                 - intellij.platform.scopes.backend.jar (RegularFile, eb094b42f2a72842d950c328708f13c5)
                 - intellij.platform.scriptDebugger.backend.jar (RegularFile, 3650864132a613a6de9b50a5afc385b9)
                 - intellij.platform.scriptDebugger.protocolReaderRuntime.jar (RegularFile, ce8beba361b7aee54e9070fe953b1435)
                 - intellij.platform.scriptDebugger.ui.jar (RegularFile, 8a5fad7564a7211a949f7056b00c1673)
                 - intellij.platform.searchEverywhere.backend.jar (RegularFile, 8600f24c04c96282f2a0a09f5490a21e)
                 - intellij.platform.searchEverywhere.frontend.jar (RegularFile, 4645beb90d3ffec637872e8ed7c91bf4)
                 - intellij.platform.searchEverywhere.jar (RegularFile, d172c018fd2bc4f9f07dcc0f11ca5ad1)
                 - intellij.platform.settings.local.jar (RegularFile, 0f267314c5905cea6fb4bd531b5dc16f)
                 - intellij.platform.smRunner.vcs.jar (RegularFile, b718d1bc576acd1344851a8acb1b8ecd)
                 - intellij.platform.tasks.impl.jar (RegularFile, 77a1c5534743bd0a4e6a54b0edb0a442)
                 - intellij.platform.tasks.jar (RegularFile, a4d3eaad007e422026c825f622ab4193)
                 - intellij.platform.tips.jar (RegularFile, 487142bfa438ce02a52a9e8f148a99af)
                 - intellij.platform.trace.consent.jar (RegularFile, 286b552c41b14c360ed90406ce663616)
                 - intellij.platform.vcs.dvcs.impl.jar (RegularFile, 93635d7df1ea488b54fc2ac0eb9977db)
                 - intellij.platform.vcs.dvcs.impl.shared.jar (RegularFile, c3444f78f7a0a2ffd460399791adec30)
                 - intellij.platform.vcs.dvcs.jar (RegularFile, d56d0229cf946b73fd96efa47f96e342)
                 - intellij.platform.vcs.impl.exec.jar (RegularFile, d6a86eeedea0c5638514242d0054836e)
                 - intellij.platform.vcs.impl.frontend.jar (RegularFile, 052afc9a859e7ff4381acdbb2eab65b9)
                 - intellij.platform.vcs.impl.jar (RegularFile, 67a4e7d1b6128d736ac53959720e4562)
                 - intellij.platform.vcs.impl.lang.actions.jar (RegularFile, 8032633175c887f25a8479d17747ded5)
                 - intellij.platform.vcs.impl.lang.jar (RegularFile, 9d8324cd2f9cbedf7a25e2019237e018)
                 - intellij.platform.vcs.impl.shared.jar (RegularFile, 93f76591020e7a364f841999fcf9a108)
                 - intellij.platform.vcs.log.graph.impl.jar (RegularFile, a76e554eff74eb080bab1123b026f99c)
                 - intellij.platform.vcs.log.graph.jar (RegularFile, aa8ee823e7090328c05ebd8bc9b86f15)
                 - intellij.platform.vcs.log.impl.jar (RegularFile, b14c29edaf3411d00ac83958374e8230)
                 - intellij.platform.vcs.log.jar (RegularFile, 1d8d5469c2f8b81825cc63ee574eb3cf)
                 - intellij.platform.warmup.jar (RegularFile, 02c6916eb12aba7140c46f2a9230a13b)
                 - intellij.profiler.asyncOne.jar (RegularFile, 081dee694998dbd630ac4861315ff677)
                 - intellij.profiler.common.jar (RegularFile, f9e750c54c9c3d24d75b18dc1956c626)
                 - intellij.profiler.ultimate.ideaAsyncProfiler.jar (RegularFile, eda0a91a040ea8c4385566de3d152d5b)
                 - intellij.rd.ide.model.generated.jar (RegularFile, a7b12811155b4b1aa1b39c996671ebdd)
                 - intellij.rd.platform.jar (RegularFile, 261e2cec176cc8b5e7ac09719628e28d)
                 - intellij.rd.ui.jar (RegularFile, a8964fa27e22f92986c3ff1e7c8133a0)
                 - intellij.relaxng.jar (RegularFile, bd9e8b07bd8a6753b7c80648f24079f5)
                 - intellij.settingsSync.core.jar (RegularFile, 8900fa77fec87d65d53215cde2228367)
                 - intellij.spellchecker.jar (RegularFile, c65b46f73fabf569644458ec7e3e5e77)
                 - intellij.spellchecker.xml.jar (RegularFile, 056e6404cb7b80aff8aec25a2403f7df)
                 - intellij.xml.langInjection.jar (RegularFile, 9436a44fe608bb462db1c190d9a83706)
                 - intellij.xml.langInjection.xpath.jar (RegularFile, f02b28256aad1ceabe8cd8b4dfbf044f)
               - native (Directory, 4eb2ddb75cde39554eee77208a6f4133)
                 - linux-x86_64 (Directory, 9c6589154b591d0bafebd320ef568777)
                   - libsqliteij.so (RegularFile, 2ab6e52d91c2e1cedc47e3a998d33c22)
               - nio-fs.jar (RegularFile, 6240f18fab2173f31b472128cb5f86fe)
               - opentelemetry.jar (RegularFile, 100f23c2d654517881a22c9577b17d59)
               - platform-loader.jar (RegularFile, cce0bd913a6e2bd73f0d7bb571a347b6)
               - product-backend.jar (RegularFile, 3a87bfdcc8476ae295135cf07748b749)
               - product.jar (RegularFile, 7f761f1d4d3e5584e68c03e6a4591824)
               - protobuf.jar (RegularFile, 803beaa9e36f3e1c6704f10e79851301)
               - pty4j (Directory, f34dbd79d82c7dc5ac455beb27618df3)
                 - linux (Directory, 0909291537f8dc8845945e97b449918f)
                   - x86-64 (Directory, e00849389b98e625705e0a1ee83838cc)
                     - libpty.so (RegularFile, 318c648cce27dd8e871edf0fb28b10d2)
               - rd.jar (RegularFile, 0d642a3a6833ff278a38fb24dfdfae6b)
               - rhino.jar (RegularFile, 8adaa379b00425773fb4a9743805cd45)
               - skiko-awt-runtime-all (Directory, c2cfda2a6ec347c2adec19457fb848fa)
                 - libskiko-linux-x64.so (RegularFile, c9a27cedd3546bf72bdab2d2ba1bb7dc)
               - src (Directory, e582a9f5c11da9988dd468b0659ad023)
                 - pycharm-openapi-src.zip (RegularFile, ac553a3e15d1bb0a9a31556459bb25ed)
               - stats.jar (RegularFile, 1ea4b4a2c7e679d316946ed9ea91166d)
               - testFramework.jar (RegularFile, dc2fddd3ebd20820ee043e1edef711d6)
               - trove.jar (RegularFile, e304cf8a353b04e7c1abebcc399e862e)
               - util-8.jar (RegularFile, 18ea728d095001d0768f099c3f4766fa)
               - util.jar (RegularFile, 3a7099a576f33d6234a0d7b16e9613af)
               - util_rt.jar (RegularFile, b655c2ca8cf7a756fa65cbd42cd93ba1)
             - license (Directory, d10b017d6b417916c2f8abc98b49632b)
               - javahelp_license.txt (RegularFile, 7fffdb9d927bacf67d987fd21b486b1e)
               - javolution_license.txt (RegularFile, a775f5e30ec4e0ebf04a5ecc4a8eae91)
               - launcher-third-party-libraries.html (RegularFile, d8fbaf54f926d64de35bfd7ecb20e5ac)
               - remote-dev-server.html (RegularFile, d8fbaf54f926d64de35bfd7ecb20e5ac)
               - saxon-conditions.html (RegularFile, 43e0567d035e07fa3bc71b9afe01be4d)
               - third-party-libraries.html (RegularFile, 63a515ce816e385ee5895a302d0437e1)
               - third-party-libraries.json (RegularFile, 96f97455434a746f58f6f49848490735)
               - yourkit-license-redist.txt (RegularFile, 99d95ab6c763239b8af9547c18c51b17)
             - modules (Directory, 1060cb2fec850ee08edab5a90a0b1eab)
               - module-descriptors.dat (RegularFile, cf6d5aa7ddb10f5c12952dd291e73ce7)
               - module-descriptors.jar (RegularFile, 31ccbd05fe3ea11387672ba4e2233e0b)
             - plugins (Directory, 37bd39540b2677b293012ae7c4082172)
               - aiplayground (Directory, 0a8ef1665e7dc0546ba7b05768c1de5c)
                 - lib (Directory, 37fb8af9f0ba21607e3f5d0ed839e647)
                   - aiplayground.jar (RegularFile, 9138bff84d1bfdd22077ad96863fdbbd)
                   - modules (Directory, 07464739d2f2a0594561fa10ad1d0094)
                     - intellij.aiplayground.anthropic.jar (RegularFile, eae174b8d8bbb1a897c3fcf5e184b95f)
                     - intellij.aiplayground.deepseek.jar (RegularFile, 426c08ba2c93a2f3aa8378e996002fd6)
                     - intellij.aiplayground.gemini.jar (RegularFile, d96b0e09c0ca1b57df54b423b95078ac)
                     - intellij.aiplayground.langchain.jar (RegularFile, cdaabe8723e429df4823ba0a058ee951)
                     - intellij.aiplayground.mistral.jar (RegularFile, 46d85881147f14eb267e7dfaa8e9c6ba)
                     - intellij.aiplayground.models.jar (RegularFile, 6e577d611899ed036653f8b1109f1a3b)
                     - intellij.aiplayground.ollama.jar (RegularFile, 7a6d10c4375478358c6c11c9457ba278)
                     - intellij.aiplayground.openai.jar (RegularFile, 87b355790207ba6ac7a6f2fff29b4f54)
                     - intellij.aiplayground.openrouter.jar (RegularFile, a880ea30a8f4a1fb068e12b65deab5ae)
                     - intellij.aiplayground.python.jar (RegularFile, 61f7c17d7fda60f99c6d8d8e6e891d4a)
               - angular (Directory, d007f9a656285989fbe2b5571e08a178)
                 - angular-service (Directory, f975c7f6c8ea9c642af5f0c56e92e721)
                   - node_modules (Directory, cc070c77c5f847c8a99db8cba45ee2f8)
                     - ws-typescript-angular-plugin (Directory, 59331705a1e5e31155ba1782bb6d6f88)
                       - index.js (RegularFile, 929d721d09b4ffaa6dd59dbb2ee8a009)
                       - package.json (RegularFile, 6f4c013787f163800c1fbfd756ad8ac9)
                 - lib (Directory, 479adcedcd3dea52887e6bee67f7e78e)
                   - angular.jar (RegularFile, b75b48a51c9022639f94ada071aaad27)
                 - ngCli (Directory, 6c42d43f1c7d75a42161136931f35282)
                   - commands (Directory, 73b54ffa790ec9c41e0feee5d70d8d8c)
                     - generate-impl.js (RegularFile, 3deffe9e3033c3ce7808e179910b856d)
                     - generate.json (RegularFile, 6ab83721df72c95ff0eb2d4b41fa978b)
                   - generate.js (RegularFile, 6ad2f7bfad6f437ea735da55751c7c0a)
                   - generateVirtual.js (RegularFile, c39e25d5bdbca0c753f6e4b15841ca64)
                   - rerouteModulesToProject.js (RegularFile, b8ca125916c413fc529ba98c787d79a6)
                   - runner.js (RegularFile, 24ec093ff91084776fe885592f02725c)
                   - schematicsInfoProvider.js (RegularFile, 469cd5fd0b26b4d815eb9b7c5b891188)
                   - schematicsProvider.js (RegularFile, e106772732d30300a10d1ca3bcbb2e53)
                   - schematicsProvider140.js (RegularFile, 1e018fd9adea0026100723acdfeaa52c)
                   - schematicsProvider60.js (RegularFile, 299105e36adf98fd37d486d8cd281d26)
                   - schematicsProvider62.js (RegularFile, 6275f94a39c8fa3851023a8eff95c9dd)
                   - schematicsProvider70.js (RegularFile, ad74ab2797c42b0ef1e8a4d4585c9a18)
                   - schematicsProvider80.js (RegularFile, d62f736e8861c5786e58d98d9f8361fe)
                   - schematicsProvider90.js (RegularFile, 3b8bfc5f2cb38741ca3300b8bf08b0d0)
               - clouds-docker-gateway (Directory, fab205d622933cf53a17191130e143f7)
                 - lib (Directory, 6f30491032a9061b9c454ddbc38c3dc0)
                   - clouds-docker-gateway-frontend.jar (RegularFile, c7f8ee96ff0c25e72a5f798a5187a500)
                   - clouds-docker-gateway.jar (RegularFile, 5ee38ab9d1b7cce62662888e223bf6fb)
               - clouds-docker-impl (Directory, 6962c85307fe886fdb18d78dbebbd203)
                 - lib (Directory, 21301904267af4934bd798847e678f68)
                   - clouds-docker-impl.jar (RegularFile, 05cf101be5db7f5db9f797d9b50b4c54)
                   - com.github.docker-java-docker-java-api.jar (RegularFile, 74bd8c20ad8f840956b2ac2bc347f307)
                   - com.github.docker-java-docker-java-core.jar (RegularFile, ec44c714bddf6f7a0afcd8f0211a134d)
                   - com.github.docker-java-docker-java-transport-httpclient5.jar (RegularFile, 5c71374b67408b4e5143aefde07ba93f)
                   - com.github.docker-java-docker-java-transport.jar (RegularFile, 2474bf799941e1502b67f4e6a1f8b8c1)
                   - modules (Directory, f82e894a4da90b412eee9a3f8d493825)
                     - intellij.clouds.docker.file.backend.jar (RegularFile, 9cb281315ec48f536715dfb01ad15c5d)
                     - intellij.clouds.docker.file.frontend.split.jar (RegularFile, e03ff4783e77e57013a2231d72260051)
                     - intellij.clouds.docker.frontend.jar (RegularFile, 64a338edf85302cc44965dc7bafe6d34)
                     - intellij.clouds.docker.jar (RegularFile, 60f605a45e348ebbef0c535d920d92d9)
                     - intellij.clouds.docker.shared.jar (RegularFile, 06f45e698e1b3841aefee408a076e784)
               - color-scheme-github (Directory, 58ddabef32ebee9c1d40d874b86bbf09)
                 - lib (Directory, e6291d725a5fd446dfec593b38cb517b)
                   - color-scheme-github.jar (RegularFile, 2f873c12297d9a094c8384f09084f833)
               - color-scheme-monokai (Directory, 4f279ec2fc069659ddd3f6be2fe1c955)
                 - lib (Directory, 459d0828169e74af118e2d3df210a103)
                   - color-scheme-monokai.jar (RegularFile, f7080b019f2d57ac3f33d86040a7a186)
               - color-scheme-twilight (Directory, 14d61e2e904060a85e38348d1e85a240)
                 - lib (Directory, e8dedda86122d80e1328cfea49965856)
                   - color-scheme-twilight.jar (RegularFile, 98c3dfd1c7c0a95ab6c4d55fe5c2cf74)
               - color-scheme-warmNeon (Directory, 217f2e4e24b0817a7968869e634681fe)
                 - lib (Directory, c6e4fff724e34dc32751e7068675b12c)
                   - color-scheme-warmNeon.jar (RegularFile, 99de6767ce1aeaa241241b422aac605b)
               - completionMlRanking (Directory, 448f455b697a97a3c5f1a68eff196c30)
                 - lib (Directory, 62516647c7e983036834b01c46cd869a)
                   - completionMlRanking.jar (RegularFile, 4e92987cd64a47fe79f19da26799b9a0)
               - configurationScript (Directory, 38d0e8035a1eddeeb924313903aeb872)
                 - lib (Directory, 0b9a3e390b18aa92a4427bfc725b2a60)
                   - configurationScript.jar (RegularFile, 2b07b0be749f48acd1567547f4bcb6a8)
               - copyright (Directory, 4571b65696344a1269dc8e77f32209cf)
                 - lib (Directory, 9962fc8fd3c215ae6d9813e2669daddb)
                   - copyright.jar (RegularFile, 8d7ad8b3ce0f0221713f094ae0043005)
               - css-plugin (Directory, f1926656c6730325b7d7aee53d01cba3)
                 - lib (Directory, 64888678d760cc18d9db9f12d0e0b010)
                   - css-plugin.jar (RegularFile, 1b96b3918ff125a019b44ad98bd4926d)
                   - frontend-split (Directory, 0de45281ad836b2f681c57dc63a360c9)
                     - css-frontend.jar (RegularFile, c293642e13ff1cfe59e2477a7c6a3d26)
                   - modules (Directory, 73732efa0ed99c1e851f0419bcadac12)
                     - intellij.css.analysis.jar (RegularFile, 9097fab9db49ef65e003809ac43e57a8)
                     - intellij.css.backend.jar (RegularFile, 496327f47d2c9903003917a077562c82)
                     - intellij.css.common.jar (RegularFile, 1620b44f46a9a8ce735ea1f26b238eb3)
                     - intellij.css.common.psi.jar (RegularFile, f30ee3453973d4d4d2cbcd6f3e8f45ef)
                     - intellij.css.copyright.jar (RegularFile, c816ff45a5ef624195a8244ca6d67eb2)
                     - intellij.css.frontend.split.jar (RegularFile, 54c189f1f2755bfc280a95c57cb0ae6e)
                     - intellij.css.jar (RegularFile, e80ff7336452a8a522c0ac38fca7605b)
                     - intellij.css.psi.jar (RegularFile, c91e493c0a74b3bb0f172a8215d44bb6)
                     - intellij.css.schemeGenerator.jar (RegularFile, e863e23d17cb7dbeb16f9f57337adc62)
                     - intellij.css.watcher.jar (RegularFile, c06148f264ad2cf33457b2be18ed76a4)
                     - intellij.css.xmlSchemeGenerator.jar (RegularFile, d1e1205af378f849ca2c21d872968125)
               - cwm-plugin (Directory, 60215c7aff3528d7329f468a8d606859)
                 - jre-build.txt (RegularFile, acf87efcb69e5877bad89a3b24817fc6)
                 - lib (Directory, 74e3b4e2f9f6b9a120eaf0122616a085)
                   - bouncy-castle-pgp.jar (RegularFile, 64f4d6b36d3e09a0812ad7f052cb6265)
                   - cwm-connection-backend.jar (RegularFile, 1bd14852dfcf8ee65a1561aa18e50115)
                   - cwm-connection-common.jar (RegularFile, 5cfca2e0029330c0f22f974b3fddcf92)
                   - cwm-plugin-android.jar (RegularFile, 8b7a04bf7d7a7169bbd71931f75a0d2f)
                   - cwm-plugin.jar (RegularFile, 54b2fca38f6bd452224ab7b9e2b4fe12)
                   - frontend-split (Directory, 4ea602c661faaba08cf98ff2839fd48a)
                     - cwm-connection-frontend.jar (RegularFile, 2f043c1a7fb7e892193cbe0320a770d8)
                     - cwm-frontend.jar (RegularFile, 414b0204fbc4d155285e7df45ff1d661)
                     - driver-frontend-split.jar (RegularFile, 6cdac99cafa578eaa2d41f31ab401456)
                     - frontend-split.jar (RegularFile, c7725cb348f450fcf34e66ef3dfe86da)
                     - markdown-frontend-split.jar (RegularFile, 7b2155d17e3d4511629ff7a3f919f6c3)
                     - performance-testing-frontend-split.jar (RegularFile, bdad5c595886608e0280f368f0b8a4be)
                     - rd-client.jar (RegularFile, 53e55e9191d7fcb02541a7eb10a606f2)
                   - git-protocol.jar (RegularFile, 2f02974e63c0006e068b9e797d6de407)
                   - ice4j.jar (RegularFile, c363717635d48627366f003d48b830e6)
                   - intellij.community.wintools.jar (RegularFile, bd4b3af617c32196fdf97323db247636)
                   - intellij.cwm.plugin.common.jar (RegularFile, 6cb918ecf499722f72d2cf0a64c91741)
                   - intellij.cwm.plugin.jar (RegularFile, 4a2d74b40fb414a51c7d1f2670de1ce2)
                   - intellij.platform.backend.split.jar (RegularFile, a782a324f9be05e0298fa158c882443d)
                   - intellij.platform.remoteController.backend.jar (RegularFile, 5eb0181f8f6ab6479fbc5c90406fcac5)
                   - intellij.platform.remoteController.jar (RegularFile, 556f654ffff11b281ed4eb364aa7dedd)
                   - intellij.platform.split.jar (RegularFile, d56cc705b542baa042b3c27d009290b9)
                   - java-websocket.jar (RegularFile, 251febf4989a684247b9953272586571)
                   - jitsi-utils.jar (RegularFile, fb69fe5a47cb1b1eb4e7ebc8214c0b65)
                   - jnaerator-runtime.jar (RegularFile, 81d4a0d7a82f2f1b6b99d967c50eea58)
                   - jstun.jar (RegularFile, ea199b97b5a4a92fe929c218b63b30c6)
                   - modules (Directory, fca5b5a758c5ae894234efbb6a4e7464)
                     - intellij.cwm.vcs.jar (RegularFile, 1a92f0117560d29f39c7f07db8119d25)
                     - intellij.docker.backend.split.jar (RegularFile, 54e9f2a50f1cf16f58e1774600f5e04d)
                     - intellij.driver.backend.split.jar (RegularFile, b9698263c784b803b3d7d27c1542fc7b)
                     - intellij.java.backend.split.jar (RegularFile, 58774be05ba950287ba3605fbf39353c)
                     - intellij.performanceTesting.backend.split.jar (RegularFile, a2624fa59d15947be02616d6b89f0081)
                     - intellij.platform.buildView.split.jar (RegularFile, b05aaa976aa093c901ae0446d17a64fd)
                     - intellij.platform.completion.backend.split.jar (RegularFile, 2a1fbb34cdb590b6f037523a8b106340)
                     - intellij.platform.completion.common.split.jar (RegularFile, 12698b6d9f2e864a9a8d5b0f690d0ccd)
                     - intellij.platform.completion.frontend.split.jar (RegularFile, f716de03e1d5baad03efebe1b1876606)
                     - intellij.platform.credentialStore.backend.split.jar (RegularFile, 456d3a73a2f5fa21a6cbc28dc109164d)
                     - intellij.platform.credentialStore.common.jar (RegularFile, 31f7e7657f0d1a138b25df2dfc60952a)
                     - intellij.platform.credentialStore.frontend.split.jar (RegularFile, 67eb5a23cf5e9a3128f491e33efc11fd)
                     - intellij.platform.execution.frontend.split.jar (RegularFile, 3f77aa25fba50a1bee11a2cae4a47eac)
                     - intellij.platform.identifiers.highlighting.frontend.split.jar (RegularFile, 70dbcf4ce1b30dc9770d9e0c1dfe9754)
                     - intellij.platform.inline.completion.backend.split.jar (RegularFile, 656c8f78840a6683e24ee3da9946e51c)
                     - intellij.platform.inline.completion.frontend.split.jar (RegularFile, 32b073edc720399827644b98773c1e66)
                     - intellij.platform.inline.completion.split.jar (RegularFile, 3dbcb8b90d44249c1952f47738bce1ea)
                     - intellij.platform.kernel.backend.split.jar (RegularFile, c84a580bf5b051a886e3b95664f90077)
                     - intellij.platform.navbar.backend.split.jar (RegularFile, 297ca18ff2f21c555cacf7a2db096cb1)
                     - intellij.platform.plugins.backend.split.jar (RegularFile, 85f34caa9d0eb3bd0d552b1c45a15ed2)
                     - intellij.platform.plugins.frontend.split.jar (RegularFile, d220e90c1c00ee67b0ac456e1afd77a8)
                     - intellij.platform.plugins.shared.split.jar (RegularFile, 59756e1a5da6b4fe9bf7e19eeed8b346)
                     - intellij.platform.progress.frontend.split.jar (RegularFile, 44dd9a92e67be11bf92bed8caea9025d)
                     - intellij.platform.project.frontend.split.jar (RegularFile, 96e9cb1e931c94a5772d39c28d590734)
                     - intellij.platform.rpc.split.jar (RegularFile, f378fe73f99faf7f089142cd4f11380b)
                     - intellij.platform.searchEverywhere.frontend.split.jar (RegularFile, 22f722fc71f8c8eb7f4ceaf52b0efd34)
                     - intellij.platform.vcs.backend.split.jar (RegularFile, 5c0c1e47655ef9f18f22fb6d8c75a393)
                     - intellij.platform.vcs.common.split.jar (RegularFile, f4e2628d7dc4f572ac1325ef913fee8e)
                     - intellij.platform.vcs.frontend.split.jar (RegularFile, f624dd4bcf3eb5beb3a505f3cc7e12a2)
                     - intellij.station.backend.split.jar (RegularFile, 92eb3d00d93d5357cb47aab55aa9f575)
                     - intellij.terminal.backend.split.jar (RegularFile, c59d0b9d66fc2d2c434fa67a89f886b5)
                     - intellij.vcs.git.backend.split.jar (RegularFile, 2a9295cd51f8df20416d83fd598e2e1e)
                     - intellij.vcs.git.frontend.split.jar (RegularFile, caa1df9e0e286981099dd0add2c221ea)
                     - intellij.xml.frontend.split.jar (RegularFile, 005cff682c81607aa60f916212c7936a)
                   - quiche-jna-stubs.jar (RegularFile, 575d30a8cd0ef7bc86a20149f1836178)
                   - split-connection.jar (RegularFile, 3c75f3bcf27ce8b85896b01548ff3cbc)
                   - split-protocol.jar (RegularFile, 18bbe621275d03f298a631edac8016e1)
                   - tls-channel.jar (RegularFile, 12840ef3164c0116e43915b47bb5e830)
                   - vcs-protocol.jar (RegularFile, dc07cae94be2bdd7d2fa4eee1e285983)
                 - quiche-native (Directory, 117b011c9636a20010d15165559504da)
                   - linux-x86-64 (Directory, 5054d5478849b429949b83f24f29c76e)
                     - libquiche.so (RegularFile, b870f9fb7805dda256199db70f95ebd1)
               - DatabaseTools (Directory, 12cde5b9fb743c96043f89e4b2c96ce0)
                 - lib (Directory, ef940224d3569f2769dda077b047c530)
                   - aether-dependency-resolver.jar (RegularFile, 3db9e4b66b4d3a39e8a5ce8479b93ea2)
                   - database-plugin-frontend.jar (RegularFile, 2f84fe3ed41fd877119afee03594c812)
                   - database-plugin.jar (RegularFile, 431ff77153595ec02b910ee5865190b0)
                   - frontend-split (Directory, 03be86f986daa9aa610d316ba736b358)
                     - database-frontend.jar (RegularFile, 8b54b4cc49cd5cea9993ea68c763be5a)
                   - maven-resolver-connector-basic.jar (RegularFile, 38963221416534f333d62824ae3805a6)
                   - maven-resolver-provider.jar (RegularFile, 36bdc85299f38a3f0580b897da1e09ee)
                   - maven-resolver-transport-file.jar (RegularFile, d0167ab4b9ded565e10c51197615a5c6)
                   - maven-resolver-transport-http.jar (RegularFile, 106dc709c2aca3da16fc15a905b97eaa)
                   - modules (Directory, 338eea24ead558c85ed01f23708a4d30)
                     - intellij.database.backend.split.jar (RegularFile, 1f810792be7511e29df71f55de4a1351)
                     - intellij.database.completionMlRanking.jar (RegularFile, f77b7a952d02e5219689cdbfdbea4d3c)
                     - intellij.database.connectivity.jar (RegularFile, e45100804b9bfb317db9a8f8c3b37322)
                     - intellij.database.core.impl.jar (RegularFile, 56ea88a37efc29db96500ab6f70e240c)
                     - intellij.database.dialects.base.ex.jar (RegularFile, 8df6170b98181bddb60ff14f9bb77ce2)
                     - intellij.database.dialects.base.jar (RegularFile, ddd546453fd5d38e38765c3abd4d6436)
                     - intellij.database.dialects.generic.jar (RegularFile, fc58860359ec91a17a33d2f17f5f976b)
                     - intellij.database.dialects.maria.jar (RegularFile, 3fffe41f9ae33ef733dec73c32debfcb)
                     - intellij.database.dialects.mongo.ex.jar (RegularFile, c1c668ef88dea96de36ad0af91f48a6c)
                     - intellij.database.dialects.mongo.jar (RegularFile, e3c87eba04a5bf263cf7fa1e053ce945)
                     - intellij.database.dialects.mongo.js.external.jar (RegularFile, 42bf3dbc8c1a5771f23065f13a06b01e)
                     - intellij.database.dialects.mongo.sql.jar (RegularFile, b9dfe0fbc3259d9ad95762c73d673873)
                     - intellij.database.dialects.mssql.ex.jar (RegularFile, ec31576a7acb64931d56d1be85035436)
                     - intellij.database.dialects.mssql.impl.jar (RegularFile, 71bf16bd518d939c1715a697a89bd62e)
                     - intellij.database.dialects.mssql.jar (RegularFile, 1c05cbdd270ba849d095136b90a415a9)
                     - intellij.database.dialects.mysql.jar (RegularFile, ef69888d72a239d09bd166109da13673)
                     - intellij.database.dialects.mysqlbase.ex.jar (RegularFile, 2205fe9761969ed4bead8606adb88c11)
                     - intellij.database.dialects.mysqlbase.impl.jar (RegularFile, 6cd230f805285918d1980ca6f9d6508c)
                     - intellij.database.dialects.mysqlbase.jar (RegularFile, 40bac062780c537f7fbbc5bad0445d66)
                     - intellij.database.dialects.oracle.ex.coverage.jar (RegularFile, 30db58b21ba443bde462bfc801962435)
                     - intellij.database.dialects.oracle.ex.jar (RegularFile, 07f6b5f97c1ab7253f775e24ee463f6d)
                     - intellij.database.dialects.oracle.jar (RegularFile, f2f402286d444de1048b72c9891b1314)
                     - intellij.database.dialects.postgres.jar (RegularFile, 3032ae78b5d7581aa28c8c6cda8772a0)
                     - intellij.database.dialects.postgresbase.jar (RegularFile, 1bb41b41e1a0ce7d41e3c46d8aa143c8)
                     - intellij.database.dialects.postgresgreenplumbase.jar (RegularFile, b783bec2098ca9c48d9d7c2060328e96)
                     - intellij.database.dialects.redis.backend.jar (RegularFile, b5f4e5c23f5a3cb086e7c1afbf638801)
                     - intellij.database.dialects.redis.jar (RegularFile, 33454067b1ae8e77fb6b3cbbb3f835da)
                     - intellij.database.dialects.sql92.jar (RegularFile, 6ee8e37d10cee04486b4e0ecc413332f)
                     - intellij.database.dialects.sqlite.ex.jar (RegularFile, c6db39dca9f6b5d82c3bba69358e6fb6)
                     - intellij.database.dialects.sqlite.jar (RegularFile, 7a9e09c32346e7475fc121e0d559d1da)
                     - intellij.database.dialects.sybase.ex.jar (RegularFile, 492f5ffc3a4a299d858d80a673a833b4)
                     - intellij.database.dialects.sybase.jar (RegularFile, 24e056b4263ba6ad1d43203d378f43a4)
                     - intellij.database.frontend.split.jar (RegularFile, b85ecdcf5da90dffffd2da824b9c8f55)
                     - intellij.database.impl.jar (RegularFile, df7f5a664ca35772ad65ccaf1177e12b)
                     - intellij.database.jdbcConsole.jar (RegularFile, 4569e923a09dfa84dbee7d68c0f0067b)
                     - intellij.database.jdbcConsole.shim.jar (RegularFile, 1a7b69c818d68bcbd9f9685c83e7c0ac)
                     - intellij.database.pro.jar (RegularFile, c4af3a3dcfb134c01f0284cb45b053df)
                     - intellij.database.sql.backend.core.jar (RegularFile, 8a6bcf009b439561f13dbd577ea6fef3)
                     - intellij.database.sql.common.core.jar (RegularFile, 81b21c95b645ae53118073ac53d044a1)
                     - intellij.database.sql.common.impl.jar (RegularFile, 372cdf949044bedbd90353926bc43eb0)
                     - intellij.database.sql.copyright.jar (RegularFile, 75a6ee6512a6587d04056fa64835b905)
                     - intellij.database.sql.core.impl.jar (RegularFile, e6ba1aa332316215217453857fded500)
                     - intellij.database.sql.frontend.core.jar (RegularFile, a6f78bdff1b83de5a778574bbc09fb62)
                     - intellij.database.sql.frontend.impl.jar (RegularFile, b9f11dbc964e2b2000d6a56fe1ad71a4)
                     - intellij.database.sql.impl.jar (RegularFile, b1c832ab2d8c6d3d92a88959550bc137)
                     - intellij.database.sql.intelliLang.jar (RegularFile, 163abd7fdc2529e4318f9eb699f464a4)
                     - intellij.database.sql.jar (RegularFile, 708f43a56ce6bb2f2489bc0f590f7caa)
                     - intellij.database.trialPromotion.idesWithFreeTier.jar (RegularFile, fbd5d460165441050729cfa2f3cb89b4)
                     - intellij.database.util.jar (RegularFile, 5cf052270e0faddfc21d40be45da4c38)
                   - plexus-utils.jar (RegularFile, 384daf4da49f5b2a8b1c4650f903bab4)
                   - tips-database-plugin.jar (RegularFile, 4a72d336f9869fec4fd565d9d3a90c28)
               - dataWrangler-plugin (Directory, e53a3d399860b6a4e63e100829a474a4)
                 - lib (Directory, 416c73e31b515f1920d97e37c12d980d)
                   - dataWrangler-plugin.jar (RegularFile, bcf02896b710950d9e910f24a7afcf19)
                   - jetbrains.kotlinx.dataframe.core.jar (RegularFile, bf58aaf71b7f289065ec1400a4040fdf)
                   - modules (Directory, d9dc8e1eb5a0d6a03ac80d207f396f98)
                     - intellij.dataWrangler.jar (RegularFile, 3eb0d6b631003a15b616ac5dd38d964b)
                     - intellij.dataWrangler.llm.jar (RegularFile, f4c54d6f906f12cd69faa1e4f9365e56)
               - dev (Directory, 1f3483f76af3bea1f04722a5182eed7d)
                 - lib (Directory, d7461a3486de6cc3643cf889415e52d1)
                   - dev.jar (RegularFile, aa717772a9387050ee8dfe87a1915915)
               - dotenv (Directory, 2061da5647b1846ed0b0ea00acddc921)
                 - lib (Directory, 4b0f5732fee52eb1b5839bcbc773e114)
                   - dotenv.jar (RegularFile, 404b8486061b05e11c65d7be0202df4e)
               - editorconfig-plugin (Directory, c1a89dad939a77cd2112aec3980bb01a)
                 - lib (Directory, e253beec5e16d5b7ecf68e5167c98406)
                   - editorconfig-plugin.jar (RegularFile, 716dad54b6b29ee372bcc33170ea69dc)
                   - modules (Directory, addc898d94221847389552ade1fb7b4d)
                     - intellij.editorconfig.backend.jar (RegularFile, a8bf2a2668ce7740a4fec78f9675d785)
                     - intellij.editorconfig.common.jar (RegularFile, 314faec97e8449b65023a73a04a19fce)
                     - intellij.editorconfig.frontend.jar (RegularFile, dc2e4642303d3d22d005392fd7092c1a)
                     - intellij.editorconfig.frontend.split.jar (RegularFile, b8b344dac19796fad841e7af555118d5)
               - featuresTrainer (Directory, 0df25ed22c53dfc9e66fddfb878580f0)
                 - lib (Directory, f3d2284a58c7ff9d1a26dbf8cf45358b)
                   - assertj-swing.jar (RegularFile, 13394951662a07185549beb003d6920d)
                   - featuresTrainer.jar (RegularFile, 64f2f8cc2d88e3f41bdae99c17d108e3)
                   - git-learning-project.jar (RegularFile, ae8f53d2482906fa1bed525b4a1f13c6)
               - fileWatcher (Directory, b851fb1ce8eb8d66120991dd5fb6a81f)
                 - lib (Directory, 27ee36cce7a2b79e017437c4f1f1c691)
                   - fileWatcher.jar (RegularFile, 6802cfa724ac6200938f081639317760)
               - fullLine (Directory, ed08ca6b17da05a02ff56e4f49c69abe)
                 - full-line-model-python-v2.zip (RegularFile, ce53ba0cc1f6107cf7efac1ea052d16e)
                 - full-line-native-server-linux-x86_64.zip (RegularFile, 4fb109f38bb5b9d11c207605847c723a)
                 - lib (Directory, 5f75676240e6326bb4cd01dc831baaf3)
                   - clikt.jar (RegularFile, fbd6ca76901dc8c906532364bc843098)
                   - fullLine.jar (RegularFile, a5b179557446105b794cc31caabd4555)
                   - jetbrains.ai.completion.trigger.model.markdown.cloud.jar (RegularFile, ffbfd6a6653ac8b17ef6fbc5b0c1cdb1)
                   - jetbrains.ai.completion.trigger.model.polyglot.cloud.jar (RegularFile, 71b50690bf1559e90c678d92ca27a8f1)
                   - jetbrains.ai.completion.trigger.model.text.cloud.jar (RegularFile, 0855173b4c0b2549db586874e7e8f786)
                   - jetbrains.mlapi.core.jar (RegularFile, cf2a4618c1143fb21119890a930b3930)
                   - jgrapht.core.jar (RegularFile, 20846ea1073fcb4c10aafc8669cfff0c)
                   - modules (Directory, 1b5f89e0fc3c2cef0be41d35c54172cf)
                     - intellij.fullLine.chat.jar (RegularFile, 99e0d9fe510394341b2eeca6d5972aa2)
                     - intellij.fullLine.controlModel.jar (RegularFile, 0aac33144e4c64fbbacf426ba9683a84)
                     - intellij.fullLine.css.local.jar (RegularFile, 7c4da42a208b99db6b071fb743560f9f)
                     - intellij.fullLine.erb.jar (RegularFile, 08d86d2855ad73a75aecd758f8a26d24)
                     - intellij.fullLine.fake.frontend.jar (RegularFile, 421db173cd95eb162dccbb17e97d0d4c)
                     - intellij.fullLine.go.local.jar (RegularFile, 551f59f293859eef2d14c9d141c94843)
                     - intellij.fullLine.html.local.jar (RegularFile, 18ea301a1ea0fca971a9001e02068e0b)
                     - intellij.fullLine.java.local.jar (RegularFile, b17a327bf6770081a1326a2607da07b4)
                     - intellij.fullLine.js.local.jar (RegularFile, f9b4f52b35503300d9e7c32bc481dee1)
                     - intellij.fullLine.json.jar (RegularFile, 407da8c934a95b3cfd1f6bb52fcb7a30)
                     - intellij.fullLine.kotlin.local.jar (RegularFile, 459e494cb6caa49949b039ebfc97d718)
                     - intellij.fullLine.local.jar (RegularFile, 3f50ef44680a0857024fb6eb3da600f9)
                     - intellij.fullLine.markdown.jar (RegularFile, 53f83e008c722709f38544dce7dbabcf)
                     - intellij.fullLine.php.local.jar (RegularFile, e385b89b24dbc6eb305585ae65e43624)
                     - intellij.fullLine.properties.jar (RegularFile, f61fa893130bf504ab72cf459c3f6330)
                     - intellij.fullLine.python.local.jar (RegularFile, a1cb01caa93a509f04ecd1d8025f61ec)
                     - intellij.fullLine.rbs.jar (RegularFile, b2797e67bcf60f070cdb8ed5381e26c5)
                     - intellij.fullLine.rider.cpp.local.jar (RegularFile, 9ee26c0cc9b18598b6ab71e4acf428d8)
                     - intellij.fullLine.rider.csharp.local.jar (RegularFile, bfcba3f4c42cd7ed6d8ffe3dc57c6634)
                     - intellij.fullLine.rider.fsharp.jar (RegularFile, bc14c1b2101c97fb3174f0bb14cf26f2)
                     - intellij.fullLine.rider.godot.jar (RegularFile, f0ba35cd875d9c808665129cf2843762)
                     - intellij.fullLine.rider.shaderlab.jar (RegularFile, ccbddeb4b73f5820051b23bbea387916)
                     - intellij.fullLine.ruby.local.jar (RegularFile, 7dfb4409e537c5b9588f017b5d40e2c1)
                     - intellij.fullLine.rust.local.jar (RegularFile, 595a0e0da5ffcfd0873bfb4b0a3907c4)
                     - intellij.fullLine.sql.jar (RegularFile, 62eeed77cf286d380485a9c4eb75684c)
                     - intellij.fullLine.terraform.local.jar (RegularFile, 67b81f7c5576afaea5dd516b0360261b)
                     - intellij.fullLine.text.jar (RegularFile, a866fff6347124e68a9d11db7f668d09)
                     - intellij.fullLine.xml.jar (RegularFile, f85f769bf572ca7dd675ecfe8554dd38)
                     - intellij.fullLine.yaml.jar (RegularFile, 38c8757ba14fab75d71be865e6f7f178)
                     - intellij.llmInstaller.frontend.jar (RegularFile, 81f5d29cad9770f91d7c725c3e4845e3)
                     - intellij.llmInstaller.shared.jar (RegularFile, a5ea9ef082a08328250ce8ea6068fc0d)
                     - intellij.ml.llm.chat.completion.jar (RegularFile, 27f1cc47b2747a469c8b428407da25f2)
                     - intellij.ml.llm.cpp.completion.jar (RegularFile, c0f290ca2b7fab621cd14615022971b9)
                     - intellij.ml.llm.css.completion.jar (RegularFile, 4d62062fa783c70355d96825e19a3296)
                     - intellij.ml.llm.go.completion.jar (RegularFile, 8e0151841f676729c422e248c87568a3)
                     - intellij.ml.llm.html.completion.jar (RegularFile, 5ad3b6e1c4f2fbfc4268a0de42b70c95)
                     - intellij.ml.llm.java.completion.jar (RegularFile, ddc694a45c812cceda3c47fd5c0b70a7)
                     - intellij.ml.llm.javascript.completion.jar (RegularFile, 67fefce8817c544b557d4eab47eacd70)
                     - intellij.ml.llm.kotlin.completion.jar (RegularFile, 7ec08511d71202ed8251541d82f5604d)
                     - intellij.ml.llm.php.completion.jar (RegularFile, 2892803962288552f27a11cd4fa136a0)
                     - intellij.ml.llm.python.completion.jar (RegularFile, 57d3fd827e6fc7818913339cf220ba8c)
                     - intellij.ml.llm.rider.cpp.completion.jar (RegularFile, 4a47eeafd61b9e58ec88a0d1c7eb150f)
                     - intellij.ml.llm.rider.csharp.completion.jar (RegularFile, 75f8ef843fe76ba9452432d418bfcc82)
                     - intellij.ml.llm.rider.fsharp.completion.jar (RegularFile, 6ba886a99bdad36f6464d47fef51dd25)
                     - intellij.ml.llm.rider.godot.completion.jar (RegularFile, d70840bfc91ce7289ca60b5297e49322)
                     - intellij.ml.llm.rider.shaderlab.completion.jar (RegularFile, 7f83fa55c0f9e1636686524588cd7b8c)
                     - intellij.ml.llm.ruby.completion.jar (RegularFile, 8a9ad8f7650081edc63a32f06a071f8e)
                     - intellij.ml.llm.rust.completion.jar (RegularFile, f3e204c4c9a05886880d60e7b39cfb06)
                     - intellij.ml.llm.vcs.completion.jar (RegularFile, dc1bb234f1327c34737ea346cf6d97e5)
                 - promo (Directory, 3e20252c611f32561ea3d03c9e6f2bc1)
                   - Python (Directory, 70ffa07428b79b06149b349a2885b215)
                     - AIEnterprise.png (RegularFile, 3d675982006739961559674588e56ed2)
                     - CloudCompletion.png (RegularFile, d50cad2d1f158f25dea0c758b68cd2f7)
                     - CloudCompletion_dark.png (RegularFile, bdca0e8827cb6b892a54aa178b2a6304)
                     - CommandGenerationInTerminal.png (RegularFile, 5996a1cfb3d7118ec0270a7dc1419b0e)
                     - CommandGenerationInTerminal_dark.png (RegularFile, 2d82300280e7fde622f10698ab233818)
                     - content.json (RegularFile, 3bcc065ff37aca658239914c42f15582)
                     - ContextAwareChat.png (RegularFile, 23f54d89e980fb90c65ea5478bd7073b)
                     - ContextAwareChat_dark.png (RegularFile, eb5b178360440213f0031a761b9c7911)
                     - FixWithAI.png (RegularFile, c643bfc5136efa7c00f56992ae9c2fc7)
                     - FixWithAI_dark.png (RegularFile, 0e1d0fe7f91bd8bb1bdcfa13c35c1e2a)
                     - GenerateTests.png (RegularFile, 4d7ea2687359dd37e8ae21561a243d2f)
                     - GenerateTests_dark.png (RegularFile, cb5c646a1a610c4ddcf336aabd3c45e3)
                     - LocalCompletion.png (RegularFile, c63a1bc23cf27809b30f41c85d415a31)
                     - LocalCompletion_dark.png (RegularFile, 8df5a83d5c58de32be4e7b669dd622a8)
                     - MergeWithAI.png (RegularFile, 14652c51343939871bc08bae49b1139a)
                     - MergeWithAI_dark.png (RegularFile, 2ae1fca1631684011bee0eb1cfed6754)
               - gateway-plugin (Directory, dfdf3789fd26ef4bed01b006bec36648)
                 - lib (Directory, 32e5a4e93890abc0a82126ff1340c42c)
                   - gateway-plugin.jar (RegularFile, 8cc0f15e683a872760c35fc80a79a85a)
                   - gateway-standalone (Directory, 3b54540f2d2114ce4ed4db9064f72050)
                     - gateway.core.jar (RegularFile, 299fbc7bb15ea02dceab4989ac90c6f8)
                     - gateway.jar (RegularFile, 3d885c45fcc498e1b03c9ac9be4a94cf)
                   - modules (Directory, bff9e8973dc05a5a34faed614c800839)
                     - intellij.gateway.station.jar (RegularFile, 775f9fa82884e6ec03aa4bc214ef7fbc)
                     - intellij.gateway.terminal.jar (RegularFile, c505c5b32bf5322f6cc380a78e04230c)
                   - remote-dev-workers (Directory, 6d375ef4153b7b5fe42589b28d823b85)
                     - remote-dev-worker-darwin-amd64 (RegularFile, f4a703c77a2987048193414c8acf8731)
                     - remote-dev-worker-darwin-arm64 (RegularFile, 0987ecae3eb7ea03de5a25db25b9bbd1)
                     - remote-dev-worker-linux-amd64 (RegularFile, f4f4a264a7c6583f992d6dd27d5cfd6e)
                     - remote-dev-worker-linux-arm64 (RegularFile, c15c9411abc5de8f2874b57fcdbe3563)
                     - remote-dev-worker-windows-amd64.exe (RegularFile, 129eff91f6be6b4d3f59a26b3c3dd15d)
                     - remote-dev-worker-windows-arm64.exe (RegularFile, 8b2e59268938edf826694274934f89ee)
                 - resources (Directory, a88ab065f96e04699cb2b2ad6d11a3bc)
                   - gateway.vmoptions (RegularFile, 75d323c3daf8b0781c808c7e6eba2ce7)
               - gnuGetText (Directory, 96501bf112b2fd9d60cc589d5d0c3f23)
                 - lib (Directory, 09730f48e6686463671e362400f6a19d)
                   - gnuGetText.jar (RegularFile, 6965ecf8aea85119cdbc53a292a08e14)
               - grazie (Directory, fce99102d0e56c965bd103eb9c0fb216)
                 - lib (Directory, bfca875a877c1015d5a89a86450632c2)
                   - ai.grazie.api.gateway.client.jvm.jar (RegularFile, 7a10513a8666b17d9cf4ad4e50761e95)
                   - ai.grazie.client.ktor.jvm.jar (RegularFile, 65c7fa796de243cb328da02a67146e51)
                   - ai.grazie.model.ner.jvm.jar (RegularFile, afc0c1dfbf83647354b4fd9e0326e7e6)
                   - ai.grazie.model.tree.jvm.jar (RegularFile, fc8a29e80d3e0d56180012f992520fd4)
                   - ai.grazie.rule.engine.jar (RegularFile, cb46f0953d3e5135efb20895184ed06e)
                   - ai.grazie.tasks.library.api.jvm.jar (RegularFile, e716859d475b2a00b731e307039874c0)
                   - ai.grazie.tasks.library.model.jvm.jar (RegularFile, 6d654bc95c0a9ac9692093a8ab455d76)
                   - com.carrotsearch-hppc.jar (RegularFile, f262213dec197b7cd08579ddae38b95e)
                   - com.hankcs-aho-corasick-double-array-trie.jar (RegularFile, c6ab74aff3d008ff605e481f66b11801)
                   - com.vdurmont-emoji-java.jar (RegularFile, 6ce2759af2677b492ce0f76d5860803d)
                   - grazie-frontend.jar (RegularFile, b06b7d42c0aa9d29379190d1bf26ab20)
                   - grazie.jar (RegularFile, e310e858fe0f8551e6a141202214f311)
                   - javax.measure-unit-api.jar (RegularFile, c8b05ec9c3e506acd3274c742a23005b)
                   - net.loomchild-segment.jar (RegularFile, d928bc3253c07f3e029b6f449f8e196f)
                   - org.carrot2-morfologik-fsa-builders.jar (RegularFile, 425eea09180e6269844ac9100e5a300b)
                   - org.carrot2-morfologik-fsa.jar (RegularFile, 345e2d57358daabeea30e8f0c1af82e9)
                   - org.carrot2-morfologik-speller.jar (RegularFile, 38da3a90570d894733f10ce3e5428896)
                   - org.carrot2-morfologik-stemming.jar (RegularFile, c80d68d99f2d236d1938b4ecfb08c823)
                   - org.jetbrains.intellij.deps.languagetool-language-en.jar (RegularFile, f6ce9d621a43b8ac390f36dee430b949)
                   - org.jetbrains.intellij.deps.languagetool-languagetool-core.jar (RegularFile, 30f4d5ff371536b62d6cfab05742f837)
                   - org.json-json.jar (RegularFile, 551d06bbc0d52483a44088a49531a4cc)
                   - tech.units-indriya.jar (RegularFile, ff321ee8079401dbac9b52a1ce442b58)
                   - tech.uom.lib-uom-lib-common.jar (RegularFile, adcc223500ced9c6c0f9bdc83b26ce27)
               - grid-plugin (Directory, 30b460abe7e6d939c6b25d7263a0b6bf)
                 - lib (Directory, 4e18f51454da6e2a27f30ae5e8d6135b)
                   - grid-plugin.jar (RegularFile, e18215b822a81fe913213393f9865a2c)
                   - modules (Directory, f080299ccdca8b0c9776fa7b796231b6)
                     - intellij.grid.charts.impl.jar (RegularFile, 4fd63a406b263dc2034496494a6879dc)
                     - intellij.grid.images.impl.jar (RegularFile, 0383594ed5b589193127fccb7808822f)
                     - intellij.grid.json.impl.jar (RegularFile, e7991109acaaaa78269a4e60344b274e)
                     - intellij.grid.scripting.impl.jar (RegularFile, 42a0e48b52dfc6d6b9f8f186b0960c2e)
                     - intellij.grid.scripting.rt.jar (RegularFile, 0b95dc502540fce8d046983f404d0a65)
               - html-tools (Directory, 68fc97262e3e3edcbbe4540cc14c9782)
                 - lib (Directory, 248f57ddab4b744054043bae24ff54c4)
                   - html-tools.jar (RegularFile, b9b46a99fa1915ad909022d3bec479fe)
               - indexing-shared (Directory, fc01d9dbb371c4ebd5e72aa7f94f217e)
                 - lib (Directory, 49eb271e067cf47e0200ac25c649d228)
                   - indexing-shared.jar (RegularFile, 8d5716576103af1f7906e042ecd4ee69)
               - indexing-shared-ultimate-plugin-bundled (Directory, de40db4bd20649dd2dbcbe08c7b29314)
                 - lib (Directory, 1a5832b515093de5bc8f34e32e045376)
                   - indexing-shared-ultimate-plugin-bundled.jar (RegularFile, ec573e5caa93c4fa7d46dedbce744494)
                   - modules (Directory, 0c751ce3f26e77be0cee67cbad436b58)
                     - intellij.indexing.shared.generator.jar (RegularFile, bd87c61c72942c3259aa7523c150e949)
                     - intellij.indexing.shared.ultimate.git.jar (RegularFile, b1901d85d48cc9c9016d1c360294d5f5)
                     - intellij.indexing.shared.ultimate.jar (RegularFile, c96587d350f099e7df961aac447b717c)
                     - intellij.indexing.shared.ultimate.java.jar (RegularFile, 348ea2a1aaec618eb7b6ac96f31b1214)
               - ini (Directory, b73345b7b176f9583e04c1026c84560a)
                 - lib (Directory, a67455d11e331970ae430f5505c788af)
                   - ini.jar (RegularFile, a1d89d9857c3fad590aeffb79788a8ff)
               - javascript-debugger (Directory, d4345ec2b816e5ef98b76c12c72cd7ca)
                 - lib (Directory, b2ac45391032ede2a843dc5b2efe9614)
                   - javascript-debugger.jar (RegularFile, e0263ed575174459399c0610275e21e0)
                   - modules (Directory, 3cbf8757e40c850032f86d138d65e003)
                     - intellij.javascript.debugger.backend.jar (RegularFile, d8a0a9089ae3b75d49283d218e55f6f3)
                     - intellij.javascript.debugger.backend.rpc.jar (RegularFile, 037f74c042faaf34bfec5982cd83f6a5)
                     - intellij.javascript.debugger.coverage.jar (RegularFile, 8fedc9114b7a10f56240f00ca1444db8)
                     - intellij.javascript.debugger.ui.jar (RegularFile, dceb3b7c1aae3303eb10656d56029291)
                     - intellij.javascript.debugger.webDeployment.jar (RegularFile, 0edff3cb7d9b48289f29011ad76da706)
                     - intellij.javascript.debugger.webstorm.specific.jar (RegularFile, 45abc36999160685a0bb34c99728f0db)
                     - intellij.javascript.reactNativeDebugger.jar (RegularFile, cd5d2c52840d9c4025573cc070b92675)
                     - intellij.javascript.wip.backend.jar (RegularFile, eee5b39c615b5972ebb0674f3af48f68)
                     - intellij.javascript.wip.protocol.jar (RegularFile, 54fbf32de01f7f592529dabfd7eea108)
                 - nodeDebugInitializer (Directory, a75e40a9e525dd0bed6665a8ed7ece9e)
                   - debugConnectionForwarder.js (RegularFile, 5ecdab3bcb5165dfa8709eaf179a5c5d)
                   - debugConnector.js (RegularFile, f7781fb27ca9acb72d0a7bd542acfdb7)
                   - debugConnectorPortPublisher.js (RegularFile, cc7c3f352c60d0fee774596fbabe05e5)
                   - debugConnectorUtil.js (RegularFile, 930901356ac76ee63704667219e9a9e2)
                 - webConsole (Directory, 61898b17a6f9ce98e26ea6d880c172d9)
                   - console.css (RegularFile, 457ebd0df0a55794938438a1026670db)
                   - console.html (RegularFile, 7f21a9426a922fd8160f87714a930c76)
                   - darcula.css (RegularFile, d8ba24192d0f09277f24d952246c1873)
                   - icons.css (RegularFile, 2a5838415e2bde99a54dcf447294e8b3)
                   - interop.js (RegularFile, f8da2796205adb73bc970969938cd3b0)
                   - light.css (RegularFile, baa85702efaf3f5295160ed69713237f)
                   - search.js (RegularFile, 58d9e00d31c0f7d436d548c4d96a1c23)
                   - TreeView.js (RegularFile, dc25273b310d72b3cdea7a1054f5be6e)
                   - utils.js (RegularFile, 7d802e8075143e4f0a8b901d95fc5426)
                   - WebConsole.js (RegularFile, 02452a71a0581e63d661e62336467732)
               - javascript-intentions (Directory, 9e308d3bdf2ff5b604b511a0836dbffd)
                 - lib (Directory, 854c23b4fceaba98adacd468de21e824)
                   - javascript-intentions.jar (RegularFile, 75d3537a9cdd47883db087fdc3a817d8)
               - javascript-plugin (Directory, f61313d5979d4868bd886d9a4a58f020)
                 - helpers (Directory, 4efaef4da325685d5b530767e2f308e6)
                   - base-test-reporter (Directory, 73f137fa4f4eaf99480ddcc6a4b4ed6e)
                     - intellij-stringifier.js (RegularFile, 595217390e547e9d5ee9ff5bf77d0e8d)
                     - intellij-tree.js (RegularFile, f530206944c192951f8cf1f1f3fb20de)
                     - intellij-util.js (RegularFile, a8c0d7a325d6508f4f95ce80e13f77fb)
                   - buildTools (Directory, 9c646b88dfadbfd56f57e42f4e4b5ea2)
                     - grunt (Directory, da86ff27029976f94c3f2aa2b87af87f)
                       - lib (Directory, 51cc6db02b48b59d65c873b623d78180)
                         - grunt-intellij-util.js (RegularFile, 8d9055ca742ec93a891abb0076c15092)
                       - tasks (Directory, 3a61de181fb3ed4dede231d8fda8c05b)
                         - grunt-tasks-fetcher.js (RegularFile, 0ba834cbf1b7427f1813ab0324be5ad2)
                   - jest-intellij (Directory, 95f005f1aef4fb0cda7bd7b5f07dc9e9)
                     - lib (Directory, e9da9f4b614c200e87bae48304ec922c)
                       - jest-intellij-jasmine-reporter.js (RegularFile, af4baff2bd544aa65d1231406344f296)
                       - jest-intellij-reporter.js (RegularFile, b3cc02faa0c5cb86bd505226feb96b5a)
                       - jest-intellij-stdin-fix.js (RegularFile, 361eb792002f8629800c3f6f5825caff)
                       - jest-intellij-util.js (RegularFile, d13a29d2d397c231a1d8eba17f030888)
                   - node-core-modules (Directory, a903a7bc95946e69bc9654c2019ff29e)
                     - node-core-modules-loader.js (RegularFile, 47c41e52e3cfb09785b3719ac0303326)
                   - nodejs (Directory, b3fead643902df907f3fb2c08a99fd22)
                     - library (Directory, a02a5cc7849f331308d5e4d15b47326b)
                       - yarn (Directory, 172f5d6f35958c7dd36038785b6353f9)
                         - intellij-yarn-pnp-deps-tree-loader.js (RegularFile, 9f5c42bee841dd7237c1a107dfd11d79)
                   - package-version-range-matcher (Directory, 7e1299ddf7cba8482f74f783fa6e73b4)
                     - bin (Directory, 9a29f178dd1c577d7fd60d760caa08b3)
                       - batch-matcher (RegularFile, 19357d4df9872bb4e71dd232ae4fed65)
                     - node_modules (Directory, 79e4a22b203425603f60d7614ff36cd5)
                       - semver (Directory, 61f551a6afa1fb2c9b2318cac9b4e7ba)
                         - bin (Directory, 8705736b82e030411bd35911b2fc5871)
                           - semver.js (RegularFile, 51e1713025ff1d2f8c866b4b792ff37f)
                         - CHANGELOG.md (RegularFile, fce1497871927f8c8cccc9220c7a41c0)
                         - LICENSE (RegularFile, b91fd1ac2a2692e335f62ff77ec38888)
                         - package.json (RegularFile, f71c4d812edd99efa220413133fafd7b)
                         - range.bnf (RegularFile, 07850e88a23174d7c0267849623ae40d)
                         - README.md (RegularFile, b0ac3503e07ec683578355e7659b78af)
                         - semver.js (RegularFile, 12c06a5fa549e5d07a263d8bd7c5d285)
                     - package-lock.json (RegularFile, cb9ffd0b9bc1a8fb42f85410e238a3df)
                     - package.json (RegularFile, d0daecfaeee7422b396d3311131e1ecb)
                     - semver-range-matcher.js (RegularFile, 6eb7a1734eb35dc8663d341533648e1c)
                     - test (Directory, 33c0818586432257bd1d266adc105fa4)
                       - package.json (RegularFile, ca04fca82cb788ec25b24a9336192f86)
                       - version-range-test.js (RegularFile, 4fc8d28b6501f9eff4f70ddfe9161d4a)
                   - protractor-intellij (Directory, 8868d4fea124b244f837b1a7ad070ffc)
                     - lib (Directory, 49e3dbb4a6152dc72271a34774402cdc)
                       - jasmine-reporter.d.ts (RegularFile, 9903a6e9424f248ad70b448328b717e4)
                       - protractor-intellij-cli.js (RegularFile, 8002c2c8c81529816d130cdefb17869c)
                       - protractor-intellij-config.js (RegularFile, d95c352b231ed9ed6c2e8d6ad8047ee3)
                       - protractor-intellij-jasmine-reporter.js (RegularFile, a8504d6e2f489890ea29d5b672c25d07)
                       - protractor-intellij-plugin.js (RegularFile, c8fb5f91f3c6698f52ae5b2a54ea97eb)
                       - protractor-intellij-stringifier.js (RegularFile, 025dc2964e2847bd382869472bf5f75b)
                       - protractor-intellij-tree.js (RegularFile, 7706109b1da6f5be8807010f327ba556)
                       - protractor-intellij-util.js (RegularFile, 5fdf54cde17df27dbc9be68b1a887b15)
                   - vitest-intellij (Directory, 4000a250231b37e0794ae0de126c79c3)
                     - node_modules (Directory, 85824913b9d6d21e82158b77290435d9)
                       - vitest-intellij-reporter-safe.js (RegularFile, a487f9ae4ace40ff327bd99335daefcd)
                     - vitest-intellij-file-path-resolver.js (RegularFile, faad0aeede05474e16b23981bedd29dd)
                     - vitest-intellij-reporter-connector.js (RegularFile, 121a50cfe08ff388f685addb99ae1e17)
                     - vitest-intellij-reporter-v3-plus.js (RegularFile, 93167897cceb6b262932e060a00d0edf)
                     - vitest-intellij-reporter.js (RegularFile, 431e789cc7da61481ec5be785296c967)
                     - vitest-intellij-util.js (RegularFile, 151319cf8857dd73fd6a87e090969cd5)
                 - js (Directory, d7fd4ddc822c1768b4412e26227eb73b)
                   - js-predefined-d6986cc7102b-9b0f141eb926.ijx (RegularFile, 8dc8561123999dfd462f1703f6e03ba5)
                   - js-predefined-d6986cc7102b-9b0f141eb926.txt (RegularFile, 3ea19cb9c0bacc0428952da8f3b81d83)
                 - jsLanguageServicesImpl (Directory, 963374a17dc82753779284065d9bcfd9)
                   - external (Directory, 46f4be3f3e26f04b6261f4bb39a971f9)
                     - !HowToUpdateBundledTypeScript.md (RegularFile, 30f52d46b167e29b474ff93fbfe67f94)
                     - _tsserver.js (RegularFile, 9d97f39a938935e03457c8506cef7ab7)
                     - _typingsInstaller.js (RegularFile, d629fc132628943ba75f4474d18e4e4a)
                     - browser.d.ts (RegularFile, a15c735c93d5e5ec2c7a1d8044b8fa25)
                     - cancellationToken.js (RegularFile, 57beb015a038e9c2c911de5f7d156cb7)
                     - diagnosticMessages.json (RegularFile, 7b5002b50f72a1d8b17e74ee73671bcd)
                     - es2019decorators.d.ts (RegularFile, a9bb26e67bc80b424989e17091b6e605)
                     - flow.utilities.d.ts (RegularFile, ed30e74dcc21ff5110d3e7889b7a8c98)
                     - lib.d.ts (RegularFile, c510ee2be51edf350596b2028b059e3b)
                     - lib.decorators.d.ts (RegularFile, 42b3cf580b75271d7dcbcc1e7b4eab50)
                     - lib.decorators.legacy.d.ts (RegularFile, 6dab67c4a7a2f25beb0a82df6d841658)
                     - lib.dom.asynciterable.d.ts (RegularFile, edae91b28fa9efd3652ee793dd04f7e4)
                     - lib.dom.d.ts (RegularFile, 227de8166df807088678ee00c4d2a79d)
                     - lib.dom.iterable.d.ts (RegularFile, f5dccb31d947559b794d13b44d010a8e)
                     - lib.es2015.collection.d.ts (RegularFile, 4d9e5010154a8bf3ecb54baa4718ddb8)
                     - lib.es2015.core.d.ts (RegularFile, 90a6f5c5c33499278a05b1673afaad56)
                     - lib.es2015.d.ts (RegularFile, a716adab11c41c0cd2c0ecf4d28c4281)
                     - lib.es2015.generator.d.ts (RegularFile, dfc8ca2b1e49026927b4ac2f5c38165b)
                     - lib.es2015.iterable.d.ts (RegularFile, 6068550f322319cbdf9a4823e3d24f9e)
                     - lib.es2015.promise.d.ts (RegularFile, 8ca1011287b5e647a57e962d1f747c8d)
                     - lib.es2015.proxy.d.ts (RegularFile, 6bde1e2d0ffb28125ba60fa332407a9c)
                     - lib.es2015.reflect.d.ts (RegularFile, 6280673b1a091f32d01d8df21330f537)
                     - lib.es2015.symbol.d.ts (RegularFile, 442c11bbc37b2f88eaa27f34ed2c3da5)
                     - lib.es2015.symbol.wellknown.d.ts (RegularFile, ac6cb6a5322e39fcd0e269fe549787ff)
                     - lib.es2016.array.include.d.ts (RegularFile, 60c703cc1e2ee4f699b88d7715ad8104)
                     - lib.es2016.d.ts (RegularFile, c1c0cb316372bf6b9a6212536f200a17)
                     - lib.es2016.full.d.ts (RegularFile, 01e177df826f3c13eded46fd9c13bb8a)
                     - lib.es2016.intl.d.ts (RegularFile, 52e723fe6437c56cf7ee5e372a5ea88f)
                     - lib.es2017.arraybuffer.d.ts (RegularFile, 84595ffae7713195412c6d8060e96142)
                     - lib.es2017.d.ts (RegularFile, 9a83f64bf8a80d196b6ddec8cc2d5d35)
                     - lib.es2017.date.d.ts (RegularFile, 0ff91f34ae162aeaf57b44bbca6a3188)
                     - lib.es2017.full.d.ts (RegularFile, 11eadded81de3d566400d15bc0b23b58)
                     - lib.es2017.intl.d.ts (RegularFile, a5eb6ab0a853d641cd8c580821c46f89)
                     - lib.es2017.object.d.ts (RegularFile, f7e8a521bef059278489e4e1e66ee88f)
                     - lib.es2017.sharedmemory.d.ts (RegularFile, d9e673d901b653a37a20ced3940300c1)
                     - lib.es2017.string.d.ts (RegularFile, c462abf96b2d7c1d9accab94cb82820f)
                     - lib.es2017.typedarrays.d.ts (RegularFile, 1c8d825bacdd9813772ebd8d25a7b2f5)
                     - lib.es2018.asyncgenerator.d.ts (RegularFile, 4ab0bce9f0f00b0e3172ce31525f04f5)
                     - lib.es2018.asynciterable.d.ts (RegularFile, 6133c423b9c51534cfb09e4f8aa776bb)
                     - lib.es2018.d.ts (RegularFile, 6d3877bb777c5f582e272bf982f4df7b)
                     - lib.es2018.full.d.ts (RegularFile, 123d93d17818237a1162b823f34ca0fb)
                     - lib.es2018.intl.d.ts (RegularFile, 39431d05d90d3a967911a374726d5a87)
                     - lib.es2018.promise.d.ts (RegularFile, 9a27c1a14e9c8632abe55204e6fa690c)
                     - lib.es2018.regexp.d.ts (RegularFile, 013a23e5a45e334f1626112ed58648f0)
                     - lib.es2019.array.d.ts (RegularFile, 5eac0e04c2696e29be6d88104a2e6fdc)
                     - lib.es2019.d.ts (RegularFile, 8524f8cb9f368e7b2e160dc18e75a204)
                     - lib.es2019.full.d.ts (RegularFile, 943edde47fa19b14ec103b0c153841ae)
                     - lib.es2019.intl.d.ts (RegularFile, 3c51c34369b8154c7e88a84ce3eb95a3)
                     - lib.es2019.object.d.ts (RegularFile, 0f5a58ae3c194255495a00410e2ef8d4)
                     - lib.es2019.string.d.ts (RegularFile, 758db76c515fad7478235c218bc8fe5b)
                     - lib.es2019.symbol.d.ts (RegularFile, 8f75265ce60e1a07590add337d04f2d5)
                     - lib.es2020.bigint.d.ts (RegularFile, 908e3bd25ff40aeca65d74afd56fb7e0)
                     - lib.es2020.d.ts (RegularFile, 83c8f30ebb8a90e57c3225a9ec9a1160)
                     - lib.es2020.date.d.ts (RegularFile, e0ec6d87d6216074972caeb493d42b72)
                     - lib.es2020.full.d.ts (RegularFile, d15af6d1f6bb056a6287bf2fc5ee7181)
                     - lib.es2020.intl.d.ts (RegularFile, da256ab1f5261790da0329dcdd7fc074)
                     - lib.es2020.number.d.ts (RegularFile, 4d287ea34f33c07a604231e8d5a39c0f)
                     - lib.es2020.promise.d.ts (RegularFile, 5ec57bef6ba835d133a0cccad5dfe9e8)
                     - lib.es2020.sharedmemory.d.ts (RegularFile, 09b2cc4351fb31912cad992616d7873c)
                     - lib.es2020.string.d.ts (RegularFile, 29456e3a2d0159b62df115024a8b8a0b)
                     - lib.es2020.symbol.wellknown.d.ts (RegularFile, 986f85179accc2e6e1d16192e66d45d4)
                     - lib.es2021.d.ts (RegularFile, de455ebdce3387800c15e0605f582232)
                     - lib.es2021.full.d.ts (RegularFile, 871034981cd7a40d6f0d3883e0fa6a53)
                     - lib.es2021.intl.d.ts (RegularFile, 7cf22f30d38d1dd6276d21100aa9b96d)
                     - lib.es2021.promise.d.ts (RegularFile, 0c13c5dac9958e92bf358677e381a70f)
                     - lib.es2021.string.d.ts (RegularFile, af2ea5bb1357f032ee50a59c69e96bdb)
                     - lib.es2021.weakref.d.ts (RegularFile, c9295df0d1d6dd5f300b40d630661c8b)
                     - lib.es2022.array.d.ts (RegularFile, 7eeb618b70d46794c99b0a0adbafc944)
                     - lib.es2022.d.ts (RegularFile, cd00164fbfc7ad1dc4032d9ad812100f)
                     - lib.es2022.error.d.ts (RegularFile, c1d71290f89528754943dc5b2d283a41)
                     - lib.es2022.full.d.ts (RegularFile, 9c9f3c19ea46e1e9b7abf0c81cb1e987)
                     - lib.es2022.intl.d.ts (RegularFile, a5b3d5c6d7d68ec25c29a95dec3b4da5)
                     - lib.es2022.object.d.ts (RegularFile, c81e1fb458c9e0d32ed8f8953b3c5092)
                     - lib.es2022.regexp.d.ts (RegularFile, 5d3d4cac13c8e4c015da4945b30691d4)
                     - lib.es2022.sharedmemory.d.ts (RegularFile, 58a6119fb93b5d6fcc735de2746c57d6)
                     - lib.es2022.string.d.ts (RegularFile, 372a0ed4529294fd6c0ea1b4198444c1)
                     - lib.es2023.array.d.ts (RegularFile, 3da36366d875d9359da6bfa17f0ff18a)
                     - lib.es2023.collection.d.ts (RegularFile, f054fb185a0d79a4317ff43bf4860713)
                     - lib.es2023.d.ts (RegularFile, c70e3c4babd22cb96a1639c83aac9612)
                     - lib.es2023.full.d.ts (RegularFile, ff32a2e3dda4e5d0555e03201070b1d4)
                     - lib.es2023.intl.d.ts (RegularFile, cb36380cf99a9877521a7784a91336d0)
                     - lib.es2024.arraybuffer.d.ts (RegularFile, 3e44dd39d78ac5e698f22893590d1b4b)
                     - lib.es2024.collection.d.ts (RegularFile, e8bb07ea06ab36e842707fa544c6341e)
                     - lib.es2024.d.ts (RegularFile, 2fcf95aaf0116d7ab01c62644d1ef9b3)
                     - lib.es2024.full.d.ts (RegularFile, 56a2241c669e45af1a7c415ab0e07aa9)
                     - lib.es2024.object.d.ts (RegularFile, a0425ac6d943c7e03280fad7eb6dd342)
                     - lib.es2024.promise.d.ts (RegularFile, d6ccc105d3c8c43e6181f22c08063d7b)
                     - lib.es2024.regexp.d.ts (RegularFile, 935d660c834cdf7a62e0f3bfdaa3cec9)
                     - lib.es2024.sharedmemory.d.ts (RegularFile, 79663ad8f82c077518d4656605c323d4)
                     - lib.es2024.string.d.ts (RegularFile, 4d61f7003fe530648f9c81519a9a714d)
                     - lib.es5.d.ts (RegularFile, 361de041ebf0781fc4cbe3142db09475)
                     - lib.es6.d.ts (RegularFile, df9ea779e7499ea05e08d6a3e9f5fa6e)
                     - lib.esnext.array.d.ts (RegularFile, 44f54e73af6b6ad100df59b66415f387)
                     - lib.esnext.collection.d.ts (RegularFile, ce21b5b06439c70f80b9ec10d85d9c5b)
                     - lib.esnext.d.ts (RegularFile, 90e859a9ad7ed35fb22f2c60b3aa924d)
                     - lib.esnext.decorators.d.ts (RegularFile, 1f1ccf1169a33c77528dc4efd3c734c7)
                     - lib.esnext.disposable.d.ts (RegularFile, f4af0fde3caecb085756386b19e67d10)
                     - lib.esnext.error.d.ts (RegularFile, 40b33867718fb6d4b9e1ef2d4bc64191)
                     - lib.esnext.float16.d.ts (RegularFile, 664ae2a2be0460acb8a50383428bdfbd)
                     - lib.esnext.full.d.ts (RegularFile, 879877b376035ef7bb66a5607ccfdde4)
                     - lib.esnext.intl.d.ts (RegularFile, f898c6f13650eeef6cd902444c8a7709)
                     - lib.esnext.iterator.d.ts (RegularFile, 0819258a08c228f4e8596cd0c9854707)
                     - lib.esnext.object.d.ts (RegularFile, a0425ac6d943c7e03280fad7eb6dd342)
                     - lib.esnext.promise.d.ts (RegularFile, 120c3b429078da51d32b4464346df381)
                     - lib.esnext.regexp.d.ts (RegularFile, 935d660c834cdf7a62e0f3bfdaa3cec9)
                     - lib.esnext.sharedmemory.d.ts (RegularFile, f9a2f0dc95285143ab17e4262f86363e)
                     - lib.esnext.string.d.ts (RegularFile, 4d61f7003fe530648f9c81519a9a714d)
                     - lib.scripthost.d.ts (RegularFile, 18887c2a618510e76603d570cd65f898)
                     - lib.webworker.asynciterable.d.ts (RegularFile, a1dd5340d7c624678bf6c24338c52c90)
                     - lib.webworker.d.ts (RegularFile, 652ba6b719f4a523a048cd9ca283e47e)
                     - lib.webworker.importscripts.d.ts (RegularFile, 8d0730bf3131e28c1d442cdac601d456)
                     - lib.webworker.iterable.d.ts (RegularFile, 018e5b319daf3eedb6f7571ddbacf4b9)
                     - react.d.ts (RegularFile, 1ff1b247081bb04ade72f7d3205bdf70)
                     - tsserver.js (RegularFile, ee3325d9d7ed68c4ba903b1eb79e4fa5)
                     - tsserverlibrary.js (RegularFile, 5aea68ea309ab1e17c3bd4fde176b2d9)
                     - typescript.js (RegularFile, a7bfe757668b5513165d10a664b83a70)
                     - typesMap.json (RegularFile, 8d4eb19044d58a9f0bcdc7a289744714)
                     - typingsInstaller.js (RegularFile, 7d95be979a867edcb7a8b67229741e2d)
                     - watchGuard.js (RegularFile, 93dbf314339fa6c3bfa9cc5d17e236c7)
                     - websql.d.ts (RegularFile, 6b721bc57c3e2ad35bb4e4f4d5aad35d)
                     - xpath.d.ts (RegularFile, c82f1a4f7b718d58088483b06149f5ad)
                   - flow (Directory, a8be3b33b443a8adb9b4f84ddbfd511b)
                     - bom.js (RegularFile, 9da7dc5ee51e403349671bafc42662a7)
                     - core.js (RegularFile, 71dde6f3cc6339be9ba62a217c20ec40)
                     - dom.js (RegularFile, 643985e380e4f35fc8634cc9d24aca90)
                     - indexeddb.js (RegularFile, eb5440d6135a0edbfe12079f4e0aadf9)
                     - intl.js (RegularFile, 9d8cc03d4ccd38867b88e3628eb18b3b)
                     - node.js (RegularFile, a5c674766c95e833c01c98680bd84866)
                     - react-dom.js (RegularFile, 2f16ae3bddaa4060f036f5bb85fb3d92)
                     - react.js (RegularFile, f7ba0e9a6f5ec9aeb996180c2fa72eb9)
                     - serviceworkers.js (RegularFile, 50d01d66c9e3242a40c38487cd074c9f)
                     - streams.js (RegularFile, 4fe9eaef7b7e1333539bebc0099a982b)
                     - webassembly.js (RegularFile, 69c8325fb8d00b799891cf7f5ca78612)
                   - js-language-service.js (RegularFile, b77ecbaacc37fbf7d872fb38717d2744)
                   - js-lanuage-api.js (RegularFile, f571933bb948577b1f9f3076fb8fc7c6)
                   - typescript (Directory, f31823ca0f1993b86872586d5e1e45a3)
                     - ide-watcher.js (RegularFile, 717ad9a7efc49acbcba31432372de69b)
                     - init.ts (RegularFile, 8882d0d90971370dfa40e37cd57c330e)
                     - logger-impl.js (RegularFile, 1f036e243afbbdba9ee469384c2cd905)
                     - node_modules (Directory, 5644f914275f5e8bebf38347d35b8565)
                       - tsc-ide-plugin (Directory, fc193148a6119f214a2e7ba5600481fc)
                         - get-element-type-ts-server.js (RegularFile, f45914875cf215282376fca999ba5688)
                         - ide-commands.js (RegularFile, e9f50c816939712c1690e03461346989)
                         - ide-get-element-type.js (RegularFile, a7fbb41af34068fb1d972f93d3106d59)
                         - ide-project-service.js (RegularFile, d7dd583488292c32570044f1e31985a2)
                         - index.js (RegularFile, 8f3bd99cc0cb6f71ec24c53ab9306fb1)
                         - package.json (RegularFile, 93e0f52e7a5bc205220bd617f7e1e2ec)
                         - protocol.js (RegularFile, 8f599540667c57a9786eecd9f09ae09b)
                         - utils.js (RegularFile, 690735b5dff1021bba35098eb564518b)
                     - out-path-process.js (RegularFile, 23df8f085299cfd6bfdab4de13c4db0f)
                     - service-loader.js (RegularFile, 53c503c0df868096668d50a892b8388f)
                     - session (Directory, 03dc14b1a954508887bcd4ca460c5f36)
                       - compile-info-holder.js (RegularFile, e42756811beafee82ebfa31546ad2a2e)
                       - old (Directory, 996bf308aec2b64c297b339f6002c9c8)
                         - ts-common-session-1x_21.js (RegularFile, 1eba6c5ed8d9406c8636a2c12a35d6bd)
                         - ts-project-service-1x.js (RegularFile, 3fba73317050d64fe75a7e8201078295)
                         - ts-project-service-21.js (RegularFile, 41c2c9a626bc106b2b34f3c5bef06f38)
                         - ts-session-1x.js (RegularFile, 81bad75d030886bc73b8561585dc847f)
                         - ts-session-21.js (RegularFile, 7ecd926840ade11b92eb3e1c1d57979f)
                         - ts15impl.js (RegularFile, 7b0683ef40deccc0fa7edc4653383458)
                     - ts-default-options.js (RegularFile, 4da61064d27efcedfb054347cb06bd3c)
                     - ts-plugin.js (RegularFile, caf47ccc18ec791b28e1c95437cd2e13)
                     - ts-session-latest.js (RegularFile, d12beeb4742b5a12ab9591ee614790cb)
                     - ts-session-provider.js (RegularFile, 886a8f54c0e50baf167e0e834c2078fc)
                     - tsc-plugin-adapter.js (RegularFile, 71fe34d32bdeb7058a3ef0dc68e00f05)
                     - tsconfig.json (RegularFile, ac99e546a29d458680c943c1634efd70)
                     - util.js (RegularFile, 4ffc8c97e578fdb9259f4fc1a4572534)
                 - languageService (Directory, 7da45b57e7930b4adb9ad0d0e3e3c5b7)
                   - eslint (Directory, be1d884a72a4fb62ff5ae46fe3a885f7)
                     - bin (Directory, a120fdf2fbe0c950a50f3b04df893496)
                       - eslint-api.js (RegularFile, 03d8780be58d7089ac50c281f41adf6b)
                       - eslint-common.js (RegularFile, 75abd970faf2b54dabb94643978bed9a)
                       - eslint-plugin-provider.js (RegularFile, 55cbef44aa09dbe00df45e10e5fc318a)
                       - eslint-plugin.js (RegularFile, dc9e4ee546803a98b16f411480e0203e)
                       - eslint8-plugin.js (RegularFile, 2d75bff48876f9fe6de2a7105eeb95e2)
                       - standard17-plugin.js (RegularFile, 20e35003836d3b23833e610b3114421c)
                     - package-lock.json (RegularFile, 5073e6997e9184e217f659befe3c97ef)
                     - package.json (RegularFile, 9a4c327f23387bffaebc9e76d36e16e9)
                     - src (Directory, 29d66dde0759bbb5f042f84158e2ef30)
                       - eslint-api.ts (RegularFile, e48ee9f866d1604fcb4111a8549745f8)
                       - eslint-common.ts (RegularFile, d65a08e9f11415d942b45c494fe9a9e7)
                       - eslint-plugin-provider.ts (RegularFile, 677b79f6b080e76f77055ae9e56e77a0)
                       - eslint-plugin.ts (RegularFile, 6693d7b41bb56c83d64a45fab474074f)
                       - eslint8-plugin.ts (RegularFile, 26bb21fb2fc151f9740df162becb6299)
                       - standard17-plugin.ts (RegularFile, 24a423367ae12b92d6a6d61a64a83cdb)
                       - typings (Directory, e15cca1aa71e6b0f41ff74bf0f11c9af)
                         - eslint-7.d.ts (RegularFile, 5fd3de51e0de1d5d046aea2c27c23f83)
                         - js-lanuage-api.d.ts (RegularFile, e8e697a9228f314e05936cef1c1654cb)
                     - tsconfig.json (RegularFile, dc815c62c99483370f538521add053ac)
                 - lib (Directory, 36231019a2fb1e07e14009e85a3d7b09)
                   - completion-ranking-js.jar (RegularFile, 33710ba5c3a9c828c438c4e40eee36b7)
                   - completion-ranking-typescript.jar (RegularFile, f4deafac682551a34e3a80b2dc6cc86d)
                   - frontend-split (Directory, d2eb55d9d767225b646fd2731fc78df7)
                     - javascript-frontend.jar (RegularFile, f390f39ab8716a4703707281f2268f14)
                   - javascript-plugin-frontend.jar (RegularFile, 38c6e21ad0a451505a03d3b76ba9ea70)
                   - javascript-plugin.jar (RegularFile, 6f1e692b926db50246960ce4f82bc2bc)
                   - modules (Directory, f37415f24d2710867f7a7b3c5fd0d60d)
                     - intellij.javascript.frontend.jar (RegularFile, 69af5c09a630a5d08aae5ac88d696e69)
                   - semver4j.jar (RegularFile, afd7fed03d23a8cc71baa1bb67bc8fc2)
                 - projectTemplates (Directory, 49b59b4d665532e090db7fe5dabf25b8)
                   - JavaScript (Directory, 352b8ae2dcf2ca10085bc4459387e702)
                     - no_samples.zip (RegularFile, daee94f2e45bb2efabda31c5fe76a04d)
                     - with_samples.zip (RegularFile, 6572e83b0fabdea3439689a5146be2e6)
                   - learnProject (Directory, 2a3532090899cdfdc377a07a2f8621f2)
                     - webstorm-learn.zip (RegularFile, bc567537d557e9aa9f2c133f5b43ba2a)
                   - TypeScript (Directory, bbaaf3f90f8eb071a80637d733a801e3)
                     - no_samples.zip (RegularFile, 5a03604828544ad2302446e362594b4e)
                     - with_samples.zip (RegularFile, 9e4b2d4cbdf03cbaad6e04bfe847d18d)
                 - reporting (Directory, 9fb06cc5da5a5726db8938fe88e54dff)
                   - core (Directory, 405012ee63813bb3f93fb60322a47a06)
                     - reporterUtils.d.ts (RegularFile, fc83f389d277228361f9162ef6fb55a7)
                     - reporterUtils.js (RegularFile, 188ae899ecf03810867a8a9604cdeb98)
                     - suiteNode.d.ts (RegularFile, b360a9508fecf6d72047df9e289712cc)
                     - suiteNode.js (RegularFile, bd328ea43109c7f8e9174dbb61eb3c14)
                     - testCaseNode.d.ts (RegularFile, 72a6dde138fbd8703c2f1c635f178198)
                     - testCaseNode.js (RegularFile, a7b25a1acb6d1c3f34146297142dc120)
                     - testCaseStepNode.d.ts (RegularFile, 405e92b0e26fba784361b4127596aa5d)
                     - testCaseStepNode.js (RegularFile, 4733c451d9f81aecec36c5a70aaaf95d)
                     - testEventsHandler.d.ts (RegularFile, 0abc277bdf038a1ce83e88578a765e2d)
                     - testEventsHandler.js (RegularFile, 2e93d1fb0af46d670c5520f649081f7b)
                     - testNode.d.ts (RegularFile, 7d933e11ac3f9049e5540eb63d28284f)
                     - testNode.js (RegularFile, 39e5f207e0d2f9a3fa6b058558b07bd2)
                     - testNodeStatus.d.ts (RegularFile, 8840395231b024e8399dc1852dfbfc8f)
                     - testNodeStatus.js (RegularFile, 2cb65f4b64a9f7f0e0884b03937f0448)
                   - cypress (Directory, b726abeb6b61800ee8d5afd19a7b9df0)
                     - constants.d.ts (RegularFile, bc5c98fb40ff495edec40b038e9dffa0)
                     - constants.js (RegularFile, 13abea4b7e82f684838a74065c5fe381)
                     - cypressReporter.d.ts (RegularFile, 78a95918008134c5a3ce80d5497d0708)
                     - cypressReporter.js (RegularFile, 689b3b0b077b012c4b2d0e499d48ac27)
                     - cypressSuitNode.d.ts (RegularFile, 4b08ddba176740de4ff38ea8466f2f2d)
                     - cypressSuitNode.js (RegularFile, 24c10dadbdb09fd81a7da711ab74d563)
                     - cypressTestNode.d.ts (RegularFile, da3fb7b8692c76b58671b473d3b0910f)
                     - cypressTestNode.js (RegularFile, e36717616ce38b41dd2d03e488171e43)
                     - cypressUtils.d.ts (RegularFile, 774031486831c54e377ecd8936116a34)
                     - cypressUtils.js (RegularFile, 9e6f6e62b2a3d5bb9a40ccd0ad7b6440)
                   - playwright (Directory, aede37c24d6244e73072197293fb18f3)
                     - playwrightReporter.d.ts (RegularFile, 8e761bde1b0fb640584cf4c856daa22f)
                     - playwrightReporter.js (RegularFile, a7d0a3d555b488810835bfafe792830b)
                     - playwrightSuitNode.d.ts (RegularFile, bca317baddb9d8593b031bef7733e59f)
                     - playwrightSuitNode.js (RegularFile, 91d1756e558f260ee7de78bab970dcb4)
                     - playwrightTestNode.d.ts (RegularFile, 799cd4bc9a94282ae291f9d70a9e8b7f)
                     - playwrightTestNode.js (RegularFile, 954f7b5ac746edea9aaf922cf940b67b)
                     - playwrightTestStep.d.ts (RegularFile, 670a20dfb97e1f9b462b0cc8d352a366)
                     - playwrightTestStep.js (RegularFile, 5ca6d22338e950bcb3bf8c7958d5352f)
                     - playwrightTestStructure.d.ts (RegularFile, dd4bab2b187d3d70f3d7187f6a1a3611)
                     - playwrightTestStructure.js (RegularFile, 093cddd7fd744d16ea048fe9d65dc6fe)
               - json (Directory, 455c811a85ef7c7def0effc6d5bf552b)
                 - lib (Directory, 53ae6bde03a477ee844328c75e021972)
                   - json.jar (RegularFile, 2b7e6c96cdfce0c5d95e460c474e18ac)
                   - modules (Directory, 3b54d61cdad4b5c95bba8f6a0002e14a)
                     - intellij.json.backend.jar (RegularFile, fbfd7504654faa08905e02091a375fc9)
                     - intellij.json.backend.regexp.jar (RegularFile, eb414ac156081b06df2233eddbabb1df)
                     - intellij.json.frontend.split.jar (RegularFile, 5173a611136d67bf18614a5759576a65)
               - jsonpath (Directory, 768b09d6af35229f59e01bfb6d397e3b)
                 - lib (Directory, c69f34808c42b29203d9f4ae05d282a7)
                   - jsonpath.jar (RegularFile, 3f7f85d73f2a3eddf615dff172165d44)
               - jupyter-plugin (Directory, 9bc2e117bde3213962dfcf1b7a362893)
                 - jupyter-web (Directory, eaa5148d1b6653a33f74b05cc3ff1fba)
                   - 1014.js (RegularFile, 9a46592fcc88352865f7d8e9fb1ce390)
                   - 1029.js (RegularFile, ab789275a76fca68a65f23ce4ce1742c)
                   - 106.js (RegularFile, d01b00fd27a7863cf9685ef65299ca64)
                   - 1193.js (RegularFile, fc1fab03b3c59480bfa0caad0997cad9)
                   - 1280.js (RegularFile, 41181ac1ded2c6c1535299ddf8ba16bf)
                   - 1307.js (RegularFile, e17fdb0296ef65e6f12d7f5b1e56904e)
                   - 154.js (RegularFile, c7ef3ae4984300cd2acb177b8aa8e260)
                   - 156.js (RegularFile, 3086ee3b30f300eccba7cc98cf0e3a2a)
                   - 1570.js (RegularFile, ddb1759bb88e94529ca72f7c1969d385)
                   - 158.js (RegularFile, 922c27c2e80ceef048cb2b1b23da9ed4)
                   - 1644.js (RegularFile, 802c73dfd19075e9db46bff96271d94f)
                   - 1753.js (RegularFile, 064ad15398fadcdc8e6702bc591f5922)
                   - 1797.js (RegularFile, 2e771b440f433887885e54b4ae7ef03e)
                   - 1811.js (RegularFile, 4b50327516a9239a5d0495f180ef807b)
                   - 182.js (RegularFile, 387fc6d38458edde65649fe3df47bbe0)
                   - 1985.js (RegularFile, 2a858fe8de9ee4715e8f749354157a5f)
                   - 2023.js (RegularFile, 900dfad4730a11b4f024a53396059927)
                   - 2173.js (RegularFile, 741e6ea73e5f72de6e285f127c4b1d07)
                   - 2200.js (RegularFile, ffe77829070783efc488f7d18606bf9a)
                   - 2205.js (RegularFile, 43f422bd79f5a92e663dce75682ae150)
                   - 2248.js (RegularFile, 3f7c8ddba6cbc07a3faf77eadd76a615)
                   - 2484.js (RegularFile, 2854d847e573230c8cc0726a4c309da6)
                   - 2530.js (RegularFile, 95f6b61b1954453732cb1d668718ae14)
                   - 258.js (RegularFile, 82a105a1a4e1a0e10cfd2de3ad757024)
                   - 2587.js (RegularFile, a258bac4c80acd3e8dafc93107f23258)
                   - 2588.js (RegularFile, 55b6495e57e7f9aa157f0ba332662e4d)
                   - 2671.js (RegularFile, d06672fdf86a1e4d0b69012b455c48ea)
                   - 2805.js (RegularFile, 27a5afdb3678b748a71a7073b31e6d6b)
                   - 2900.js (RegularFile, c51bca4dd05f7b254a07fdc0a08b6fd3)
                   - 2914.js (RegularFile, ff468620b9c5d1a9c48592ce7c007eee)
                   - 2933.js (RegularFile, 203a379e21d1c1cb25cff0919ceede6b)
                   - 2966.js (RegularFile, 9ff032d1ac611761164546fff5599308)
                   - 3021.js (RegularFile, 851f8f7b4a22c1fe2ad3a3b423a66eae)
                   - 3101.js (RegularFile, 31b7626dd94704233be7fad4538e0f14)
                   - 3107.js (RegularFile, b2cd7d372267469583af3f1ad60ed911)
                   - 312.js (RegularFile, 9002b23256bea06db7fad519b4d10b2c)
                   - 3140.js (RegularFile, 5b487ac45b07ed249663b268863efdeb)
                   - 3175.js (RegularFile, 473bff7b74c14a535a589b775f8dc25a)
                   - 3196.js (RegularFile, df34f3103330234a67efd47e01ce889f)
                   - 3229.js (RegularFile, 784992506441f41a01f10649a5ba2b0d)
                   - 3350.js (RegularFile, fbea20a35c89a450f2016b8dc45c8d1a)
                   - 3352.js (RegularFile, 1587cefa61dfb2486328df22e01ff5b3)
                   - 339.js (RegularFile, 879bf23c3358203b203482162681b923)
                   - 3456.js (RegularFile, 455f600d6c66e63fab1bdd4d62592f41)
                   - 3464.js (RegularFile, 4581e006a1f67044c1d963b6f1e47e1d)
                   - 3546.js (RegularFile, 179158ded58aaeca3460578bfc632f30)
                   - 355.js (RegularFile, bd0dbe07b3529954fe3e01984eb174db)
                   - 3553.js (RegularFile, dbdfd6156425ef5bfff845c255a992df)
                   - 3555.js (RegularFile, bcd77eec017546b0d1f712d003c5939a)
                   - 3592.js (RegularFile, 14978ffdd8fdeb00bdb163a7a8291b5f)
                   - 3641.js (RegularFile, ffb21e1fde3af102bb2202eac9edca6b)
                   - 3737.js (RegularFile, 81aab644bf94512d8e8874952cec3456)
                   - 3763.js (RegularFile, e5efcd8020d24f8ab0f101b4a037b489)
                   - 3788.js (RegularFile, 44dc5351d54a5c38b70ebbe03b79dbff)
                   - 3818.js (RegularFile, 306fbe6116322b05743c3587c7376419)
                   - 3826.js (RegularFile, 32e48b01ff37f32beb7785afc61de17c)
                   - 3891.js (RegularFile, 52e6a46ca7e89083eaf0f8d4d2b3ea5b)
                   - 3993.js (RegularFile, 70fe1033b659442a8f5f95ac8501a517)
                   - 3rdpartylicenses.txt (RegularFile, e35df68d39de37962c211ed485e15978)
                   - 4095.js (RegularFile, 1382920d94e2a8298223df03e7dc487e)
                   - 4195.js (RegularFile, 703fb962e42f0375ebde2f26d9f0b187)
                   - 421.js (RegularFile, e18953c40d2043e81b622caf10587b5f)
                   - 4215.js (RegularFile, 10f3641c719f3fbdf2c266a122e4bc33)
                   - 4374.js (RegularFile, 71aa182156c3c0774e5292c7eb47cc5c)
                   - 4390.js (RegularFile, 3fd2cbf2461430ba1af160f4dbf6d46e)
                   - 442.js (RegularFile, 13f9f822f0a4103df83977c3b6f5ba89)
                   - 4450.js (RegularFile, f2f3d346fb5410d587c0bd271bfc0b9f)
                   - 4453.js (RegularFile, da1a44c8fb54724e0acf38e98543b3e4)
                   - 4462.js (RegularFile, ad56c8894e52726907310cc770433d45)
                   - 4531.js (RegularFile, db436a64265796dbea9ab01f3bf39e2a)
                   - 4542.js (RegularFile, 30e1753647755bb4f56ad9dd25dcc956)
                   - 4704.js (RegularFile, b92abfe2f2dad213fa56f8b2212b3af6)
                   - 475.js (RegularFile, 22517050655d5a4aa7067af5298cb5fb)
                   - 4780.js (RegularFile, 0d652bee24d93cd4d662567002c1d002)
                   - 4878.js (RegularFile, 49e46c1b703b30d6d7e540124555427b)
                   - 489.js (RegularFile, f8e79ca5f31e4510457b1d7596943e46)
                   - 4920.js (RegularFile, 01e36eabcf8faa40e51f57de6299d5f8)
                   - 4945.js (RegularFile, 6a5578ac3a1cb09d8b5ac571afac5afb)
                   - 4947.js (RegularFile, 6eb7e7943ebf0345b73286f1c984a7e1)
                   - 5006.js (RegularFile, a64c574cd6bfd88d8b91aa5c48a1e39d)
                   - 5051.js (RegularFile, e47309646aa783f4061b94606d6cee54)
                   - 5145.js (RegularFile, df4c32ec943f346e404672fa2cc31376)
                   - 5235.js (RegularFile, cecb5cebcf3000d8e61bfcf745f10eb4)
                   - 5327.js (RegularFile, 95c0fe0ef6f58bd61d78b6b17ba6fdb6)
                   - 5340.js (RegularFile, 2b442a962e8964f5a00d0d0e2ad13eca)
                   - 5425.js (RegularFile, 5e94bcfe7266888b0b1ddadecd2e9898)
                   - 5433.js (RegularFile, 379d29ab3d27a4dd6cbe4860f1f35bd3)
                   - 5446.js (RegularFile, 1a4e05d78ecfbf5eac42aea3722586ed)
                   - 5540.js (RegularFile, caf81a72209e2707751bb62ba96edc76)
                   - 5550.js (RegularFile, bd8013a298ecf3f0db19922f6a6c4326)
                   - 558.js (RegularFile, 0eb9644487a0637ffbb7d90f922d4035)
                   - 561.js (RegularFile, b13d5d0af8146bd5c88fb9b468c5c1b0)
                   - 5676.js (RegularFile, 712be5d29c1b8cbb1802a709a312e950)
                   - 5726.js (RegularFile, 545a56eaa17c59f01a7ee4044035dcbf)
                   - 5728.js (RegularFile, 56a048c4ae2ccda7cee1096ee8ddf55f)
                   - 5776.js (RegularFile, 150bf509d2d6f75dda32f822a94ae94c)
                   - 59.js (RegularFile, 28585cbc464fe5741fa5797da10d0ffd)
                   - 596.js (RegularFile, 10b1fce80f2620719f3c9d7aefdd7250)
                   - 6039.js (RegularFile, 250789ec16eec9d60e3c9662f720c518)
                   - 6071.js (RegularFile, 1dc6f157c69d5d772eddd1c096a74953)
                   - 6219.js (RegularFile, 5d020d068cc9a338e9f0c179d472f03e)
                   - 6230.js (RegularFile, f9d9eb17746748b210f4fccdf5bbf0bb)
                   - 6333.js (RegularFile, f079cb25f00ef9f0070431872fee7b54)
                   - 638.js (RegularFile, ecebd81c60ead7e1584287ba4875a0b8)
                   - 6408.js (RegularFile, dc2a86bd5a94ab15bbe86e923ab00d8e)
                   - 6519.js (RegularFile, bb2da72a45b3105e7baa7d95600144e9)
                   - 6540.js (RegularFile, 84c085fc79efc8c92b2a55319eda50af)
                   - 6550.js (RegularFile, 52ef6e5d4170f66d1617444ebcc1461e)
                   - 6608.js (RegularFile, c525d4620f050fe1b3fe95eb3eac95c1)
                   - 6633.js (RegularFile, b9187166d1fde8105f3b32512dcd5f43)
                   - 6679.js (RegularFile, 8532daab5a3dcf10a3eebc58cf19c6cf)
                   - 6750.js (RegularFile, 3c060e4f7cd66e03b54d38c4d3a8659a)
                   - 6825.js (RegularFile, 3c61f20eeed3c309324d2b6f8491baba)
                   - 683.js (RegularFile, bf0e31be5c85408753149f2525cc0575)
                   - 6848.js (RegularFile, 8596b21cbd12a744beb47104c37b3afa)
                   - 6869.js (RegularFile, a8360cce31e44b8a001acd656d1e7d0f)
                   - 6932.js (RegularFile, 29d21b31e40fef98a4e9b53f1da9453e)
                   - 6953.js (RegularFile, 55ee8b3946fd6ec83dfa5a67d5a105e2)
                   - 6964.js (RegularFile, 122a96b01ce0d82b28e3ac008dfc2f37)
                   - 703.js (RegularFile, e2466450cc102e0380536334f0c6fe4b)
                   - 7148.js (RegularFile, 00c98b7b9ec97d573f7ff4a0026fb8d8)
                   - 734.js (RegularFile, 2a3e48f8a7cca48fd1c6bc5ea2b0e4d6)
                   - 7386.js (RegularFile, c3d233a4681d6d157e7c03991b5d9702)
                   - 7391.js (RegularFile, 4387ba9009dec0aa31fe5a8b70aeb49c)
                   - 7409.js (RegularFile, 89c5071a428f7014ed71dbe40b76ad36)
                   - 7510.js (RegularFile, ada9f0c264642ac1c4cb884d6ecc19a8)
                   - 7557.js (RegularFile, 1c935951c336fe567e445192ef57a7b6)
                   - 7615.js (RegularFile, 9bf88d35f33a299a18eb19147fe92f42)
                   - 7697.js (RegularFile, 7d7164927e029729d0edd26d19b614ad)
                   - 7707.js (RegularFile, bee40cb844602ed11577ce3ad7b6fd89)
                   - 7807.js (RegularFile, 502582537cd9e49b9443113fe224a2c9)
                   - 7820.js (RegularFile, f6e021a7e88035a70c0794db6ee79b22)
                   - 7847.js (RegularFile, 417f6310c11eb101f08e68b7af74d164)
                   - 7869.js (RegularFile, f517e540b71e4b9ad96d89d7a79c6fd0)
                   - 7936.js (RegularFile, e67f3cbaedbfa17d71dce2add6777678)
                   - 8005.js (RegularFile, 0103b51dc7ed18bd1c623deaf7ab6511)
                   - 8029.js (RegularFile, cdc753a6d6d2d674d96e76cf15ea78fd)
                   - 8051.js (RegularFile, 8958588d5eecaf03ef295f6817c1f061)
                   - 8067.js (RegularFile, 09bcf0f36e326fe95347171d255c4d17)
                   - 8233.js (RegularFile, 2f7737021d14069ac5c2c718a0a89c51)
                   - 8331.js (RegularFile, 2828b72bc8b7923ed5ca4d74d23ad6b8)
                   - 8399.js (RegularFile, 11dd62a48fc1ac23a13905b0dc49d05a)
                   - 8442.js (RegularFile, 7acf3c2e16abeb1879c9191db7479e8c)
                   - 847.js (RegularFile, bc18c921c1de238b931bdd722045222b)
                   - 8533.js (RegularFile, 88be837889e6448be3ebea9edf3a6239)
                   - 8596.js (RegularFile, 45cb6e8b987ebc72bcd3330cbf04bc19)
                   - 8627.js (RegularFile, f80b6daad8bc98dc7974f461bfd7d049)
                   - 874.js (RegularFile, b09bd1c8f204637b9270460a859ed953)
                   - 877.js (RegularFile, 520fd5cebdbb108da3924419f86e5af0)
                   - 8780.js (RegularFile, 5f4200cac9fd47036ffc9310539f5dae)
                   - 8786.js (RegularFile, debccccb3f33da98c2645e065318a19b)
                   - 8920.js (RegularFile, 58200ed2c03515a6c87ab9a9016eb33b)
                   - 8936.js (RegularFile, f360921ddf44066ecbf73e7a3fe2d5a1)
                   - 8988.js (RegularFile, f45fdab473a193171d414e10725792ee)
                   - 8993.js (RegularFile, 6b1adc5c866650e5fc897776a3aff8b2)
                   - 9029.js (RegularFile, 613e2e13468aa8928e8eddf5179bea8c)
                   - 9068.js (RegularFile, fda835755aae11a6b9df08ff07636c21)
                   - 9094.js (RegularFile, 7b49d27f3fb360f6e4b07051d2011459)
                   - 9110.js (RegularFile, 43fac12d04085dae4baea9035fc77459)
                   - 9187.js (RegularFile, 0b509b5dbea67b97a7527372ed700738)
                   - 9221.js (RegularFile, 6aad2c620d541b33ca534b323e703296)
                   - 9307.js (RegularFile, 91452d1d5d56607d385bd0cdac24dbb5)
                   - 9346.js (RegularFile, 2ac9ab0e55aa5d4dfeabc51f581ff46b)
                   - 941.js (RegularFile, ea9d90ce87151a3839eb45e6c01a50bb)
                   - 9514.js (RegularFile, e4bccd9b4cd0853b351ac4b2c818e56a)
                   - 9631.js (RegularFile, 9998233389301a8cdeae86fd19cf5e4e)
                   - 9639.js (RegularFile, fe77718ca20552c575dfe556263791b0)
                   - 978.js (RegularFile, 2d31502cb746de0e4b089e474ff9e8ef)
                   - 9785.js (RegularFile, 416ce00d27c4de56aae50b4d3385118e)
                   - 9836.js (RegularFile, 5350f6fa427d6a58dcb32514cdd59211)
                   - 9856.js (RegularFile, f7a48616aeea2d500f2502e9ece7b745)
                   - 9880.js (RegularFile, 27482bf64d1811ca855f8739271311a3)
                   - 9960.js (RegularFile, e1e81d048cf8be1374613d6a146f2830)
                   - 9967.js (RegularFile, 06d8d753ff3a37fdece1db3fb0c6aab8)
                   - 9980.js (RegularFile, 444db5fd92fb1f22aead35c1428cae51)
                   - 9996.js (RegularFile, c60aac10830578cae67e75589ee01109)
                   - add-above.svg (RegularFile, 06ce33f25bae7f398dac0d3b457ab13d)
                   - add-below.svg (RegularFile, 3f3023784128da784817be96b43fecbd)
                   - add.svg (RegularFile, a900da756dd10f40967b57a6bff2cc9e)
                   - assets (Directory, e816922c9c1ebe612e9587f59e81bb07)
                     - webfonts (Directory, 7ee5e51b25294069ccd7f3e178536376)
                       - fa-brands-400.eot (RegularFile, a42a86d3a0e5612d85793a105b302a19)
                       - fa-brands-400.svg (RegularFile, 0f50b92e994df7ce1fe4ad7479365245)
                       - fa-brands-400.ttf (RegularFile, 850be751b397ad48a10bb8a5cccaffe4)
                       - fa-brands-400.woff (RegularFile, 65d557b7f69f97f8de671b88ea7bd48f)
                       - fa-brands-400.woff2 (RegularFile, 3a7bf7c12f2772b03fd008bbb4d3e7b0)
                       - fa-regular-400.eot (RegularFile, 69509f75a959823ab8a879d3675ab657)
                       - fa-regular-400.svg (RegularFile, 75f4ec2029f364f6467c57ba6e0acd51)
                       - fa-regular-400.ttf (RegularFile, eba46cb4cf74d9969f552d77f6e7809d)
                       - fa-regular-400.woff (RegularFile, f43194aa428d11425da8757940786e9e)
                       - fa-regular-400.woff2 (RegularFile, f366dcdb2c54ce0152633826b667513e)
                       - fa-solid-900.eot (RegularFile, c6752d5a127c70a64d32fc12293dfbd2)
                       - fa-solid-900.svg (RegularFile, cb6020bfd159321e7367da86a795b621)
                       - fa-solid-900.ttf (RegularFile, 75370e02cbd238e0551c3b6d88641100)
                       - fa-solid-900.woff (RegularFile, 6878115923e068b0144852a8d846719f)
                       - fa-solid-900.woff2 (RegularFile, 8d186ca852a65cc456c7ce30e4d907d9)
                   - bell.svg (RegularFile, 162e92b85ed2265f6f6036f819b50a54)
                   - bug-dot.svg (RegularFile, 0918605d9cda32091825569948dfd94c)
                   - bug.svg (RegularFile, 8ef0ea022c7138d84fc65226d7931f11)
                   - build.svg (RegularFile, 3ab18da68c15b0f5a4dac72a1eff5d2d)
                   - caret-down-empty-thin.svg (RegularFile, d6dc0db9008ec752a6a114807b1f8eb0)
                   - caret-down-empty.svg (RegularFile, b2f61b307b12c065e13ac0d48fb42906)
                   - caret-down.svg (RegularFile, 42d308043dba5892a5a610b174dc2627)
                   - caret-left.svg (RegularFile, 392ac27afd5a44763c4ecdec0714f0ff)
                   - caret-right.svg (RegularFile, 29d8d4765c803cfcf3c1fda1c65c91ba)
                   - caret-up-empty-thin.svg (RegularFile, f7154d595bcdbe4bf6f6fc4c9dc83a0e)
                   - caret-up.svg (RegularFile, 8a9507ddb07d3ec9ed834ffcad0139fa)
                   - case-sensitive.svg (RegularFile, df74a7868144a1f6f9da33a8d5a81f0a)
                   - check.svg (RegularFile, 11317276d2f822abe7de6314180f2dc9)
                   - circle-empty.svg (RegularFile, 951fafbdd2ba33a694ced0b560d23325)
                   - circle.svg (RegularFile, 607f2c2e4357d48be486d5dc0c7f09c4)
                   - cleaning.svg (RegularFile, 36656601c1639b9ead2d9933a5a727d3)
                   - clear.svg (RegularFile, 556cb71c47e9a1a3389d71e8a23ff4a7)
                   - close-all.svg (RegularFile, f30f26c9e89e5bbcf224f1435007faf9)
                   - close.svg (RegularFile, 228461d84abdb03d728765b31daad1fa)
                   - code-check.svg (RegularFile, b6739201eb52c3c45e76bb8a71054eba)
                   - code.svg (RegularFile, 9f35fc14a0e34b2ea62773367e50533b)
                   - collapse-all.svg (RegularFile, 461641a4ddcb48b58e346d48c7169d5f)
                   - collapse.svg (RegularFile, c8351347a95ccf085587fa6bd6190b9f)
                   - common.js (RegularFile, 6b093ab7145a3457c94812519e81d532)
                   - console.svg (RegularFile, 08250f07622918398c4d0f08eec2faa9)
                   - copy.svg (RegularFile, b48de339a2a4750bf272530f84de4757)
                   - copyright.svg (RegularFile, 0be3b860f3af0dc305d9de662ae884dc)
                   - cut.svg (RegularFile, ebd46d3d984258deebd9687b3e14ff4d)
                   - darcula-new.css (RegularFile, aedab6ddfa694d6f99bbbd4fb64c7d7b)
                   - darcula-old.css (RegularFile, d017763237858e8d114ecc5d49dc53dc)
                   - delete.svg (RegularFile, 61fddc0b1cd63498349141ff7f303411)
                   - dock-bottom.svg (RegularFile, 13b7e4485706ddbf169c278c90e905a8)
                   - dock-left.svg (RegularFile, 73d2ab3cc099e27e7c625c262740d5cd)
                   - dock-right.svg (RegularFile, 749adcc6fda97f41a5e0e9521d554659)
                   - dock-top.svg (RegularFile, 1b10ec4640d20051ba3c41185b230c74)
                   - dots.svg (RegularFile, f71b797553e5d9da92d9e4ae36517d45)
                   - download.svg (RegularFile, a0570524575ca9ddbac47f6345abc2f9)
                   - duplicate.svg (RegularFile, 72381530380c9cd02d34c556f84ac18d)
                   - edit.svg (RegularFile, 6ea95b65da48d4ec43e8c297ceaba10a)
                   - ellipses.svg (RegularFile, 96ff8b44c27a2cd1e4038b66418a4355)
                   - error.svg (RegularFile, 07346cd9799ca6e8e082bd9a91ad3c63)
                   - exceptions.svg (RegularFile, 8aa005dfe86d44642385c454c9436029)
                   - expand-all.svg (RegularFile, c70a7e85555220bf8e7c30c358ca4ae1)
                   - expand.svg (RegularFile, 529d3ec59a7dfb1dcc1721acb7b36ce2)
                   - extension.svg (RegularFile, dfe94d9f8def8d48d930d34c993e23a7)
                   - fast-forward.svg (RegularFile, 1a3a965f81e7990c6c0aea0616c5be06)
                   - file-upload.svg (RegularFile, 7dd56325a68b16f293688cd356be99bf)
                   - file.svg (RegularFile, 7d284982a7f4606dca01be67ce8099c7)
                   - filter-dot.svg (RegularFile, 99ce00cc1715feae6cc38c06441bca8e)
                   - filter-list.svg (RegularFile, 227be506010b1d101b64e5a0f4613461)
                   - filter.svg (RegularFile, 546b152534edc328c2ce3c8f9a376bea)
                   - folder-favorite.svg (RegularFile, a29aab89e42be2f6c21cc0de292db3fd)
                   - folder.svg (RegularFile, 3766b6caa1379ce793c4a19feebe1852)
                   - history.svg (RegularFile, f42855d0996cc818232c0980cc74d70e)
                   - home.svg (RegularFile, 180cdf2e4d0c306d5ba706afd9f23a36)
                   - html5.svg (RegularFile, 28e231b047ae5b3ebae7ce11d7cfd498)
                   - image.svg (RegularFile, 7bfae568598135e0b8c609fb06ec6a89)
                   - index.html (RegularFile, f93141360d2c5dcdb9db165cf771aabf)
                   - info.svg (RegularFile, 9e1269738af7b3894432315a4957599f)
                   - inspector.svg (RegularFile, 0f8b0249bc87b75a4aa565d50d338711)
                   - intellij-new.css (RegularFile, 473a31e8d543c5f07d954f2fd9f1f5df)
                   - intellij-old.css (RegularFile, d2eb7876886c2ee998e02685b87b7c94)
                   - json.svg (RegularFile, f44bf5f91d55173f202d63deac27c3fd)
                   - julia.svg (RegularFile, 6d7867d75fdff17c1a1bf3c03ddbee59)
                   - jupyter-favicon.svg (RegularFile, 0443e3b2201e6f179b85b6e3dc79d051)
                   - jupyter.svg (RegularFile, 238ec27204573948c423cd03cb8361a6)
                   - jupyterlab-wordmark.svg (RegularFile, 5cbdac118190a0416a2f43d59730ae96)
                   - kernel.svg (RegularFile, 166f36728c0aad5dfc7d2049f617662a)
                   - keyboard.svg (RegularFile, 295fea59d3c969bcea2063b58d69a277)
                   - launch.svg (RegularFile, 135503620f611008f51bca1ade453767)
                   - launcher.svg (RegularFile, d626fafd6f96f21dc603631894b236a5)
                   - licenses.json (RegularFile, 96629a8278984577740a72e4b3f38d97)
                   - line-form.svg (RegularFile, ecc1cd2a58c5960a285ecd72b82851cf)
                   - link.svg (RegularFile, d282409ab5e94fc3d8a1c6b08d770208)
                   - list.svg (RegularFile, b1d0f8d2ecde0535b7ad288e845b0acb)
                   - lock.svg (RegularFile, b019682c3495e74d3a1cd1e599f6ff8e)
                   - main.js (RegularFile, a6a4509566d0740189b8163b962ee07d)
                   - markdown.svg (RegularFile, e20fd6e5a406c52e010e630bef3adf66)
                   - MathJax_AMS-Regular.woff (RegularFile, 4b8b5f9a3681f544e900526b244882cd)
                   - MathJax_Calligraphic-Bold.woff (RegularFile, c4e266989989ed207c4cdfe32ed15ab2)
                   - MathJax_Calligraphic-Regular.woff (RegularFile, 6b6172c3cf64ad6a02a9dfa28630fb4a)
                   - MathJax_Fraktur-Bold.woff (RegularFile, f04289667d1e09bc1491926e6e6b2ffa)
                   - MathJax_Fraktur-Regular.woff (RegularFile, e4d780e37042e92b6d49c7d0e4c7f050)
                   - MathJax_Main-Bold.woff (RegularFile, 6594f65917be14111ecdafe63ac6ef41)
                   - MathJax_Main-Italic.woff (RegularFile, 735c278525c4d252e924c6b1e1409af7)
                   - MathJax_Main-Regular.woff (RegularFile, 9edfbe9c27b72fabad2701b42d1c6215)
                   - MathJax_Math-BoldItalic.woff (RegularFile, e83c65ad3ca28c5998801041db670db9)
                   - MathJax_Math-Italic.woff (RegularFile, f31e11032528ba480cebb59de724989a)
                   - MathJax_SansSerif-Bold.woff (RegularFile, 3e6cd43a862a849496072ef409325449)
                   - MathJax_SansSerif-Italic.woff (RegularFile, 2dba1f1fc49b254f20825a17d8d60c6a)
                   - MathJax_SansSerif-Regular.woff (RegularFile, 7121494021502f0e00e98a05472c7f19)
                   - MathJax_Script-Regular.woff (RegularFile, b13edfebaa28025d2080f4afc9e6f1b0)
                   - MathJax_Size1-Regular.woff (RegularFile, f225bba4de6eb2481aa98683cab6ffa9)
                   - MathJax_Size2-Regular.woff (RegularFile, ab43b329d216e52a7cde08768160aa0b)
                   - MathJax_Size3-Regular.woff (RegularFile, 4fa9efc01bbb7965548d02123596bd31)
                   - MathJax_Size4-Regular.woff (RegularFile, f37fa432ddc282a4cc35d309c95bd5bc)
                   - MathJax_Typewriter-Regular.woff (RegularFile, 9d32d7fef6baaa0a64bc8128b539af21)
                   - MathJax_Vector-Bold.woff (RegularFile, ba9a6081a4cbb781c14488b9f50c19be)
                   - MathJax_Vector-Regular.woff (RegularFile, d83f61c6579422466de3d473f02f610f)
                   - MathJax_Zero.woff (RegularFile, 80a71f63d9e50cc8150313998f872e24)
                   - mermaid.svg (RegularFile, f75c528ba80813a158eafae597f8314c)
                   - move-down.svg (RegularFile, 87df43b07edc339949b83b2f66d264dc)
                   - move-up.svg (RegularFile, 3a9f7fb1fb8354ba339d7c2e8808675e)
                   - new-folder.svg (RegularFile, f241fbbf0fb28b3508d86a5f00322448)
                   - not-trusted.svg (RegularFile, e87cf692eb46e802ae9b879e346ddc16)
                   - notebook.svg (RegularFile, 75bed570f3d9acd7356112296fdc8343)
                   - numbering.svg (RegularFile, 9fe410afb9f01af486350972289a0652)
                   - offline-bolt.svg (RegularFile, e734732a3b0fd652a2c90817c3079ae3)
                   - open-kernel-source.svg (RegularFile, b8de078df8677dcbb15e07bad0d43c18)
                   - palette.svg (RegularFile, 09e0ad8ddb07f025478f5cd3481a3077)
                   - paste.svg (RegularFile, e111f3b9d2ba3e1807b7f3ad64a4e860)
                   - pause.svg (RegularFile, 0204085a3c75b44e9e0f076b2034b2bc)
                   - pdf.svg (RegularFile, 0d983b75488e9295202c6ffbb1273a8d)
                   - polyfills.js (RegularFile, 73c4d579082458558a371a75e13fd499)
                   - python.svg (RegularFile, 197b04c2d653b2c3d6162c0d6889098b)
                   - r-kernel.svg (RegularFile, f47ccdc8bdb6358e2e5394e49b78465e)
                   - react.svg (RegularFile, 2f10ae5891ecfb89f89c5914799dc3ce)
                   - redo.svg (RegularFile, 7bbf9d09aa2035040ca1f2f35e0e2f02)
                   - refresh.svg (RegularFile, 84d61a769659a0145ad1fc735eb22102)
                   - regex.svg (RegularFile, 2ad7a5de0b79aa668c8c14cb485d93e2)
                   - run.svg (RegularFile, cf9006b2f7dfdc7fdf38b340bd84f7de)
                   - running.svg (RegularFile, d262774399723d2691dffbdae3671681)
                   - runtime.js (RegularFile, 773f69b05e0394bf447bbb5c4cdae945)
                   - save.svg (RegularFile, b68a0d3ace027f15548ad2d03f7c6f4e)
                   - search.svg (RegularFile, 16c5ae3506e18a35ba44a07f9de1f695)
                   - settings.svg (RegularFile, e8a319a69cdd24bb2705f381ccfd5a97)
                   - share.svg (RegularFile, eeae757e810ae2dd0e3b21cef6d45f0f)
                   - spreadsheet.svg (RegularFile, a07a255e6284f523944d4e6fcbef18b9)
                   - step-into.svg (RegularFile, 857ba3bbe973dc80fe45d28d74c1ca73)
                   - step-out.svg (RegularFile, 05530c87dd6b3306a8081ac6f6d34ac6)
                   - step-over.svg (RegularFile, 37ca1e137492d5e7368434cdfef34947)
                   - stop.svg (RegularFile, 6a905c8ddfdb482f96fac3a4aaafb707)
                   - tab.svg (RegularFile, 350f010bfdf310d0ffb65ba3a39519e1)
                   - table-rows.svg (RegularFile, a7eec0c713fc3499e4cd0af44fb57d86)
                   - tag.svg (RegularFile, 0f5bea933853fa202d2e4401e413d2dd)
                   - terminal.svg (RegularFile, 134a9cf8b433cd0f59dc798d9b761705)
                   - text-editor.svg (RegularFile, c2f74a2e7710234b9eadd2e56c841911)
                   - toc.svg (RegularFile, 7ffaed7678b80849c81d53aec08daa61)
                   - tree-view.svg (RegularFile, d9bb415f4217545d7e3c82036f75aa8a)
                   - trusted.svg (RegularFile, a0f218c9b5d811a99d0a8589969c07cc)
                   - undo.svg (RegularFile, a90c6b49d0adca0f46275f75854420ac)
                   - user.svg (RegularFile, 8c9476a0ece50622e67243632318f49b)
                   - users.svg (RegularFile, fb9c7ba8a9ed66242b2984dea1e25b7d)
                   - variable.svg (RegularFile, d32ed99193da5c13aff091d050c55ae1)
                   - vega.svg (RegularFile, d7597372dafbdee3ec591acd694f97b4)
                   - view-breakpoint.svg (RegularFile, b8de078df8677dcbb15e07bad0d43c18)
                   - word.svg (RegularFile, 789804e5429e0212ac24455eb7fac22a)
                   - yaml.svg (RegularFile, a1ce731374ec6e582f8480dc1a62cd8f)
                 - lib (Directory, 998655df5dca9304fddff262d84539ed)
                   - jupyter-plugin.jar (RegularFile, 0d726fdfc992b9b553f6db7ed0daaf40)
                   - modules (Directory, 6e11d35704cb485763eb9cd9b92543eb)
                     - intellij.dataspell.jupyter.customCells.sql.backend.jar (RegularFile, c40637a8717daebe6570aae22dee160a)
                     - intellij.dataspell.jupyter.customCells.sql.common.jar (RegularFile, 585ac4e431b923b074779ffcf62e72fa)
                     - intellij.dataspell.jupyter.customCells.sql.frontend.jar (RegularFile, 4fe3a775fcb0d20d99946659339abbee)
                     - intellij.jupyter.core.jar (RegularFile, 4e16e7262e00154e5783a78b7df2cec6)
                     - intellij.jupyter.execution.jar (RegularFile, 1788ca023d3178a282a7c033e0c64cea)
                     - intellij.jupyter.py.completion.ml.ranking.jar (RegularFile, aacb232f6ed68a5d5a2f31353ea43129)
                     - intellij.jupyter.py.jar (RegularFile, 7f1d86eb996187a17feadeed6efe5342)
                     - intellij.jupyter.py.psi.jar (RegularFile, 2992e2d3ee8b91cd3384f5f0c93c3156)
                     - intellij.jupyter.split.frontend.jar (RegularFile, 5fa7218e5daf3928466228499d8726b6)
                     - intellij.jupyter.split.frontend.py.jar (RegularFile, 8897ff66bb0ec8e14f2857cb93ba1ab7)
               - jupyter-py-colab-plugin (Directory, 7bad57bb3896f686d1c03fb05ad9c327)
                 - lib (Directory, b7e31d49e5017ed7a4f928d5d6e00750)
                   - jupyter-py-colab-plugin.jar (RegularFile, d1b2262ebeb6dbe6a76138b9d5703287)
                   - modules (Directory, d3a5f48d199324012001cd48b1aedef2)
                     - intellij.jupyter.py.colab.jar (RegularFile, 678ce5325fb7c64be9e4043f8616449a)
               - karma (Directory, c0856ceb3a2a2ae70e218e26f190f5a5)
                 - js_reporter (Directory, eddf1d932931a3cb2e0c7c58913dd82f)
                   - karma-intellij (Directory, cdec58c4808e37323f5c3fca0e82082d)
                     - lib (Directory, f85016de0d69e5166d02a4ea646a2674)
                       - fakePlugin.js (RegularFile, 1f02fe4a10a39bb824b0d494d70745cc)
                       - intellij.conf.js (RegularFile, edcc801598d854d29b28a0deb02eead4)
                       - intellijCli.js (RegularFile, dd4ce216c45bbf2608c013f572687d59)
                       - intellijCoverageReporter.js (RegularFile, 406c19951e5c7485c89e3d65f7aa6548)
                       - intellijPlugin.js (RegularFile, 54a2288724e1d52374b7658f03c9676e)
                       - intellijReporter.js (RegularFile, 38a5406f998ad81b27153efb30174367)
                       - intellijRunner.js (RegularFile, 6270456e85ed9307ee97aca1b4747e81)
                       - intellijUtil.js (RegularFile, e64152c14248ffa6d028b7b7b4169353)
                       - karma-browser-tracker.js (RegularFile, 97594bb247e240d36dd57c3411087371)
                       - karma-intellij-debug.js (RegularFile, 747220ad3762c562ba6b17e81c407a09)
                       - karma-intellij-parameters.js (RegularFile, b78288b4c8b1ea560938bcedf3d6856d)
                       - kjhtml (Directory, cbc5faa8766414f5121bdefd9e3d510d)
                         - intellij-restore-specFilter-after-kjhtml.js (RegularFile, 2a4a5a9f44e6edd6ca5ccf08ddaf8a57)
                         - intellij-save-specFilter-before-kjhtml.js (RegularFile, 14d7ec2b38cadcc7bb4a38e3b8bb9bd1)
                         - karma-intellij-adapter.js (RegularFile, 3e541faa68a6da0d2aa2bdf073de981f)
                         - kjhtml-specFilter-patch.js (RegularFile, c2ab0d2cf1732490484636da6f5f85a7)
                       - ng-template.js (RegularFile, 0518c36040064fce48c753f5cecebeba)
                       - tree.js (RegularFile, 230456e0e5ed5500fb10e76f664f180a)
                     - LICENSE.txt (RegularFile, dab553ec4e01efe7623e37e96ff31faf)
                     - package.json (RegularFile, 858c78c1eee9c11da8d321819d19f2d8)
                     - README.md (RegularFile, dde19ef69a2057aac8b852750407578e)
                     - static (Directory, addd1ac8d493afc844c60b7a5b4d75b5)
                       - delay-karma-start-in-debug-mode.js (RegularFile, a0b1135462221250bbde4000118a054f)
                 - lib (Directory, 9b752167d7f876499b5f205a16244058)
                   - karma.jar (RegularFile, 0a5cad6741b11953c5fb05cdbc789818)
               - less (Directory, 3ca39dc572b12174630ee40f084a22cd)
                 - lib (Directory, 38d52dda1a4e5573315a81180eb66b7c)
                   - less.jar (RegularFile, a304b5bc387e45a5872ddd25db0c65ac)
               - localization-ja (Directory, bf9b46ebd9ca848a3dfbbbc16026c6aa)
                 - lib (Directory, 3ec4e1efb44fff6e62fc40fc38dfc7f0)
                   - localization-ja.jar (RegularFile, 1d1aa5cbe542db73ee47a121d40056b9)
               - localization-ko (Directory, 73335f838918026fcd167032e7f956f0)
                 - lib (Directory, ccb51fa58c3030fa4ec326e16046b54b)
                   - localization-ko.jar (RegularFile, 0dba3b47ee342c3623e2364722c502cf)
               - localization-zh (Directory, d9004816b3e0c627927bd6dfd860f96c)
                 - lib (Directory, 382c2064af87953da555b14f90705249)
                   - localization-zh.jar (RegularFile, 8396d39f0352b529ff772ae29d3508d2)
               - markdown (Directory, fd7db51625f14522e7c0263b6ecb7068)
                 - lib (Directory, 85efc8917e52383a0f89250ad36442a1)
                   - markdown.jar (RegularFile, c24df0c1ad3c1e583d00dae944075b98)
                   - modules (Directory, 802cb7b29ba67e5d737febf1caaef365)
                     - intellij.markdown.backend.jar (RegularFile, 041e263a05f0b64153e7d08c25ef9004)
                     - intellij.markdown.frontend.jar (RegularFile, 4d0a465e7da798b52aea2309c1c663a5)
               - mcpserver (Directory, 984c97821eb50fa4a427124704b5b898)
                 - lib (Directory, 71c5c1715878018e1b5be03d6e1e6691)
                   - io.github.smiley4.schema.kenerator.core.jar (RegularFile, c8566d1cd6d441b7e7bc877877a5a400)
                   - io.github.smiley4.schema.kenerator.jsonschema.jar (RegularFile, a8ffbbe34321da7262ac18f54a032507)
                   - io.github.smiley4.schema.kenerator.serialization.jar (RegularFile, faa29b24fa2382e629f7084aca9c4153)
                   - ktor-server-cio-internal.jar (RegularFile, 3e495e94fc067dffad19fcd176c7b0fd)
                   - mcpserver-frontend.jar (RegularFile, ddbfd2ba81767c5b6c257f22500923e4)
                   - mcpserver.jar (RegularFile, 8f06352a83a012f43d70b2c544272c8e)
               - microservices-plugin (Directory, 0c6a8b75e8de5f31ae1409b4d34e5d60)
                 - lib (Directory, bb3f002073845ddf3d55f15b325f2b97)
                   - microservices-plugin.jar (RegularFile, d1b75dbf529a43965a98f86db70dd9a9)
                   - modules (Directory, 99783aa1aca293756d0ce5fa3b186f8d)
                     - intellij.microservices.diagrams.jar (RegularFile, f9aa28885ea4189b8ef632d89432893e)
               - nextjs (Directory, cfad22a4daa1d68d8577b475aa64f4da)
                 - lib (Directory, 0e3f4e86f8878c4e3dbf0a282a5ba369)
                   - nextjs.jar (RegularFile, eeab07ea071b6b3dfaa782e1930dbd3d)
               - nodeJS (Directory, 15285c44c0059025265f99840766ca3f)
                 - js (Directory, dcf1447cead8c1c91411fe9db0de3dde)
                   - mocha-intellij (Directory, 582e560d69ad20808bd829080e85d8b7)
                     - lib (Directory, 81fd916b5c26cdf4eff13c3cd7b0a569)
                       - mocha-intellij-stringifier.js (RegularFile, c91ad05363daabf63ab24809e3c11083)
                       - mochaIntellijReporter.js (RegularFile, 2e4df5d078516d2797e2da7b5e66056b)
                       - mochaIntellijTree.js (RegularFile, e44269501523a1b60222e89495e89f67)
                       - mochaIntellijUtil.js (RegularFile, 59732f20bdb4839d2cc01885de61a490)
                       - mochaTreeUtil.js (RegularFile, c4fc6550c5d2ac3546b426be8788a6b9)
                       - single-element-queue.js (RegularFile, 773909b1468a43a546dc2e57877221a3)
                     - LICENSE (RegularFile, 31267a55971b351eeff566c371dc26e9)
                     - package.json (RegularFile, 50ed742990f92560f8650c4624f22b6f)
                     - README.md (RegularFile, 0705aadddce724d6dd07436c73547d93)
                   - nodejs-test-runner-intellij (Directory, e0eeaa695e7d8f4088112b1dc54bdcda)
                     - lib (Directory, 15490f25ef31ade25ed9e6e1b75b72a0)
                       - file-nodes.js (RegularFile, 24ef5a8a011dbb5b037abd0db0a01a76)
                       - stderr-collector.js (RegularFile, 99e5f70b1555257537e3fcf345710fac)
                       - test-tree-builder.js (RegularFile, ca11b20b8e81effe9509a9a32dc1aae1)
                     - nodejsTestRunnerIntellijReporter.js (RegularFile, c11c9bc98c2b315e1513d83a98b9e3db)
                   - nodeunit (Directory, aa70d4b926af3b29dce56773b779c87e)
                     - nodeunit-intellij-starter.js (RegularFile, 4f1d9c1ef4cd861ed2015fe9f7a8138d)
                   - ts-file-loader (Directory, 6aef33acc8518b9a062addb5879f612b)
                     - !HOW_TO_UPDATE.md (RegularFile, 8ee66091a3ae55061d5533f6eaab69fb)
                     - node_modules (Directory, d78161641d58394d548c91a4ad0f42b4)
                       - .bin (Directory, 3fd6ee873873ddd86ae6055a52b0f921)
                         - esbuild (RegularFile, 50fa324c97b78721d82d784075007918)
                         - tsx (RegularFile, e32e615eda744db40f938cbce1a6ccca)
                       - .package-lock.json (RegularFile, 92fef87d6cc82282f81bbdce348c19a7)
                       - esbuild (Directory, 3c9461d43dad464930ceba2b2d9540b2)
                         - bin (Directory, ecc30744258ac365c37c7f97f2961514)
                           - esbuild (RegularFile, 43cc7e9620942864f71ed57f9e4dfae6)
                         - esbuild.wasm (RegularFile, 1e8b8b0c12e9f70a44e4aacd9c19c331)
                         - lib (Directory, 7e15d33a25cb3171206aaeb07075e042)
                           - browser.js (RegularFile, 4328485b2f5ff37f759a604ff4accf34)
                           - browser.min.js (RegularFile, b621377fa2f7c03b17eac9fd127ccab9)
                           - main.js (RegularFile, 09476d836b7febdd17e7c8e64eed4ebd)
                         - LICENSE.md (RegularFile, 9c862817d0bf55fe06e62352be9b0fef)
                         - package.json (RegularFile, 324726f8e20059f645f0ba93132bd0dd)
                         - README.md (RegularFile, ffa523dbe5a68ec1d58e1333d563b7ce)
                         - wasm_exec.js (RegularFile, 8d02a40603c0aeb56c8f0f83059137db)
                         - wasm_exec_node.js (RegularFile, 2fb0ec17cc6ad9f386da45969b7b3f96)
                       - get-tsconfig (Directory, e08b74d4cce25a1d0fd5a5a5f681319c)
                         - dist (Directory, 1692e92c2696f73f609bc510212736d5)
                           - index.cjs (RegularFile, 9e2eb8cb6162ac8b1e2834591f699d71)
                           - index.mjs (RegularFile, d80aae5303891965730fd18e00fd7aaf)
                         - LICENSE (RegularFile, 4159ea992005f1360b7bda5469dc1c62)
                         - package.json (RegularFile, 848df47eef46953b1b32d8d24b222fec)
                         - README.md (RegularFile, b0ae2476f111a8e5db15fa83a6807681)
                       - resolve-pkg-maps (Directory, f7d11b1ad4ea10f826734a91e52d4676)
                         - dist (Directory, 050716a0e1c02537877e7a656c873dc8)
                           - index.cjs (RegularFile, 99baf6b4891627ddababfc665afe00a9)
                           - index.mjs (RegularFile, d14701a02142d0f08b6ed325531c0eb6)
                         - LICENSE (RegularFile, 4159ea992005f1360b7bda5469dc1c62)
                         - package.json (RegularFile, 17348208611b1ec6403632f2b04e15be)
                         - README.md (RegularFile, a90357b20b4982980d0ab2d6ef8056d7)
                       - tsx (Directory, d93b495796603aae7c0e1233398b204d)
                         - dist (Directory, 45869adf09d8b783c1bef8ad8660555d)
                           - cjs (Directory, b45a7d049943096e80a46d106589705a)
                             - api (Directory, 6ee0099af56077108e27cad50d30c395)
                               - index.cjs (RegularFile, 97caffdc1092f1a7db072f75f4c43b19)
                               - index.mjs (RegularFile, 59caafe9586b6c680176c28c63fa76f0)
                             - index.cjs (RegularFile, 0420008128bda3401f3873236447cd5c)
                             - index.mjs (RegularFile, 172ffc3a880dd45cfcb0362d10979868)
                           - cli.cjs (RegularFile, d6b476e1d93c7eb3ff54d7e4c9b926c5)
                           - cli.mjs (RegularFile, 0b8a2931797b30ebc2e2767f6135c763)
                           - client-BQVF1NaW.mjs (RegularFile, b086db95ca3832f6f11d6ee9a976206d)
                           - client-D6NvIMSC.cjs (RegularFile, 66f127cd58f63df93f5b6470f8858925)
                           - esm (Directory, 4ff9e87565df4fea77decdaa29edbf96)
                             - api (Directory, 6af2c1433811a3333b1dd3a93d2ff5ec)
                               - index.cjs (RegularFile, 348bcffcd8787ef484543c5a9a9d1b48)
                               - index.mjs (RegularFile, 53ee70087a86e9c3e7c4d6a25ab49a2e)
                             - index.cjs (RegularFile, 73cdbd386422d07c03aa9c9c516e7b32)
                             - index.mjs (RegularFile, cbc689d51ea3440cdcd7cfdd9d8965bc)
                           - get-pipe-path-BHW2eJdv.mjs (RegularFile, da93ad25d53e9a5ae06264d1f398b1b9)
                           - get-pipe-path-BoR10qr8.cjs (RegularFile, efb75c1ec2d0f687ae074631700d7d87)
                           - index-BQiEz0On.mjs (RegularFile, e1f2d759e05ad85964d02f048031a1ab)
                           - index-CoHsQGpm.cjs (RegularFile, 75f1e2b5fc7076091fab88668f61d4ab)
                           - loader.cjs (RegularFile, ab2dd9539014da9d1a41fefae90f3caa)
                           - loader.mjs (RegularFile, a7fc99124be96b4aa87b0ccdf1c00040)
                           - node-features-_8ZFwP_x.mjs (RegularFile, c520fd69452b9cf1ba101a37fdacf0c4)
                           - node-features-roYmp9jK.cjs (RegularFile, 2778fbcabc8b1e9d115719d9e5beec80)
                           - package-B-S26rrn.cjs (RegularFile, 5075acf5d0203ec288534be53a001303)
                           - package-BNmptNwA.mjs (RegularFile, 5cdf444f23e8c2b6e3062760baf44c20)
                           - patch-repl.cjs (RegularFile, dc6c25274126f73fa74e3742d15f66b8)
                           - patch-repl.mjs (RegularFile, 6eb6123e8563ba96cd3af8e8e775404d)
                           - preflight.cjs (RegularFile, 15c221f7c20d19ff7b2ebb89f7b2cd06)
                           - preflight.mjs (RegularFile, ee8a28230dfb798f6336ebc85a8dee34)
                           - register-B9EPB0EL.cjs (RegularFile, 0ecd04302192c99cbe001dfd957de88d)
                           - register-CFO5XQXL.mjs (RegularFile, c6edd54f053701bb33f5c7e8962fef3e)
                           - register-CsuuwcV9.mjs (RegularFile, a993a9cccc6e5d943453f2f8e0adeed9)
                           - register-DfubRCxM.cjs (RegularFile, b19ff560fc747010b9ba6643f33d5df4)
                           - repl.cjs (RegularFile, d87fb6f75dfb08c4ba52297e3f2b6fa9)
                           - repl.mjs (RegularFile, 89ee03386258246d7432747e77b1da88)
                           - require-hTKgXWXb.cjs (RegularFile, cb639b7fa120e7aaa3785b3791267c71)
                           - require-rRRMitBV.mjs (RegularFile, 96fee08e3d908fc801f540fa65640f42)
                           - suppress-warnings.cjs (RegularFile, fff9c4e860fc07be17a1d0e778d4ce02)
                           - suppress-warnings.mjs (RegularFile, ea22d9115f785437cd27917b63f8f0ac)
                           - temporary-directory-B83uKxJF.cjs (RegularFile, 2a9902bc1647a6764e8e1ff1ac7747a8)
                           - temporary-directory-CwHp0_NW.mjs (RegularFile, 81b7c13ad3c74b7d57e228b5619d6073)
                         - LICENSE (RegularFile, cced8cae46bbf6c31f57e1e1d21c2490)
                         - package.json (RegularFile, 39cd870f79b0788a226d691e9e71dcd8)
                         - README.md (RegularFile, 9f6cf49ad8b0a52cba058b8111ca94ec)
                     - package-lock.json (RegularFile, dca345a2f419762ba8efc30cd85c76c3)
                     - package.json (RegularFile, 1ac4edf26a9ab27264b03daa4c5ab46a)
                 - lib (Directory, 1e6d92ef95a31b1b245431acd9764a70)
                   - nodeJS.jar (RegularFile, 9f2a3bb06c314e1791d1229e310bceb8)
               - nodeJS-remoteInterpreter (Directory, f84d79898bc55b8319fee9d531cb7387)
                 - lib (Directory, 072de58699c8cf5ab4ef4b33245ec67b)
                   - nodeJS-remoteInterpreter.jar (RegularFile, 0e17ce7c3d3a4d5a6373c7d9b77c7683)
               - notebooks-plugin (Directory, fc600626b95f3848cc9e6004775be2eb)
                 - lib (Directory, a8178488858544f36b9dc09771f5c6d2)
                   - notebooks-plugin.jar (RegularFile, 9338868b47bd8102a934a898844bef9a)
               - performanceTesting (Directory, 107d74276abe7556d7a2be439735e721)
                 - lib (Directory, 35bc3e0bf97a4dbaced24e36509d7503)
                   - assertj-swing.jar (RegularFile, 13394951662a07185549beb003d6920d)
                   - github.oshi.core.jar (RegularFile, cdba0608a610b1ff6332f134dd3e897e)
                   - modules (Directory, 2b84b11f8ce464b33363187f07c9b28c)
                     - intellij.performanceTesting.frontend.jar (RegularFile, c30175a00f6670546766ba0dece3b36d)
                   - performanceTesting.jar (RegularFile, b6bc0dd20743a4b3ee41a1485ec1d2b7)
               - performanceTesting-async (Directory, 85b42caced01913b21f124e2d3e66049)
                 - lib (Directory, 0f0a0d10798d5bbb2c60067402f171cd)
                   - performanceTesting-async.jar (RegularFile, 33396e1ce51ff986c6d08efe005ba8e8)
               - platform-ijent-impl (Directory, 5a4cbca6fc17df011a27ab17706f1a0b)
                 - ijent-aarch64-unknown-linux-musl-release (RegularFile, fe83e3eb8cc9ad16072bfa5d8daaae16)
                 - ijent-x86_64-unknown-linux-musl-release (RegularFile, 0caa91a38e44f7cac40a9bb7777279b4)
                 - lib (Directory, 504859f7ea8b6a2c387c5e59e01e5b7e)
                   - google.protobuf.kotlin.jar (RegularFile, 915a88379ff144030644ca84280e340c)
                   - platform-ijent-impl.jar (RegularFile, c5ca59371d8051369010646439d537e0)
               - platform-images (Directory, fdc66075ec8b7e382f1d9ad79b1d07a3)
                 - lib (Directory, e97170c971710ad0ce9705fbef906570)
                   - modules (Directory, 678e9da0207bc0554d62f940b795d5e5)
                     - intellij.platform.images.xdebugger.jar (RegularFile, 39a1142150b9ad9ada48acc9eaf4fe3b)
                   - platform-images.jar (RegularFile, 830d939187c85599d9d6894a19e88dc1)
               - plugin-classpath.txt (RegularFile, b77a3822aadda667580409f49c23c2e3)
               - postcss (Directory, 977e41081964b0f9a0585b2223174e64)
                 - lib (Directory, b048da7948ee1d23d97ad5d30766403f)
                   - postcss.jar (RegularFile, e99e50249f32bd873a16a45332585b8f)
               - prettierJS (Directory, 09d21712f33274ac79e8c11a74f2fc27)
                 - lib (Directory, d279787ccee00cdb954e8c01a1231199)
                   - prettierJS.jar (RegularFile, dd2d6921e1cc389227186210b715bef7)
                 - prettierLanguageService (Directory, ece5c5b3b5fa6dbd112e6106f44f8133)
                   - convert-prettier-config.js (RegularFile, d1636f90222e12e7b5505c4537e07703)
                   - prettier-plugin-provider.js (RegularFile, 4ed6ac33d16bbf83e4126b47e18b5a9f)
                   - prettier-plugin.js (RegularFile, 55c2aadba81d89874b6f4607e1b11df6)
               - properties (Directory, 7aebbdb49e64ae96b46fa8281f19f9a6)
                 - lib (Directory, ce1703ec01ef9a2d1dac5fd67ffee1b1)
                   - modules (Directory, 03eca732ebdd122950c16dbf891da20f)
                     - intellij.properties.backend.jar (RegularFile, a228a824b334d44491aba1722d41293a)
                     - intellij.properties.backend.psi.jar (RegularFile, a4ba7e4d1f073d1dce9f36b1a82c47df)
                   - properties.jar (RegularFile, 6661843a32cec1e2c3ff67aeb50c18d1)
               - puppet (Directory, da2c9c79393205e16f72159907567807)
                 - lib (Directory, 7d428506e421f7fc2e2b02172ad0543f)
                   - puppet.jar (RegularFile, bf3ab6ad914b3359ba104eee7c20da34)
                   - stubs (Directory, feed1d03103fa3de4f64582cc6c73d3e)
                     - builtin.pp (RegularFile, a50393de8948fdcaf7f0f20eb41ad55c)
                     - builtin_variables.pp (RegularFile, 7ea1e7b07d485d2a3ef9586ed418fcc5)
                     - stub_functions.rb (RegularFile, 93d15e07b93a65eb7dc76e42b7c5f57a)
               - pycharm-community-customization-shared (Directory, b247606e6abc345533f29bf02eaa4985)
                 - lib (Directory, edeb1e894a9ee6d663eeb0d10446d499)
                   - modules (Directory, c233a2cc294e73d579f8bbb30237cfb7)
                     - intellij.platform.ide.nonModalWelcomeScreen.backend.jar (RegularFile, e3efb687217a14b81c9a2d068099ab86)
                     - intellij.platform.ide.nonModalWelcomeScreen.frontend.jar (RegularFile, 9502094e2d2adb7dbeef9d1b2536d72d)
                     - intellij.platform.ide.nonModalWelcomeScreen.jar (RegularFile, 37c766bddbbe94a00bf51849d2489b81)
                     - intellij.platform.whatsNew.jar (RegularFile, 37a6f3485f8ae5dea6eaaec5de70092c)
                     - intellij.pycharm.community.ide.impl.jar (RegularFile, dde13d5e71984815503805fd2bc7ca31)
                     - intellij.pycharm.community.ide.implTraining.jar (RegularFile, 69739acb34fa4494b58f3360f0b775aa)
                     - intellij.python.common.frontend.jar (RegularFile, 6b8f2ada9f100eead799979cd6f2a052)
                   - pycharm-community-customization-shared.jar (RegularFile, 79ee809882c61e32cbe2a20284eff987)
               - pycharm-pro-customization (Directory, 98c2ee92717d602ab95415eee8b7c644)
                 - lib (Directory, 62faabedbb7112001524420d579604fa)
                   - modules (Directory, 4991f374938fa2d21b067ea7e493f260)
                     - intellij.platform.trialPromotion.common.jar (RegularFile, 57974b77d7d49996755bee2f4f6549dd)
                     - intellij.platform.trialPromotion.idesWithFreeTier.jar (RegularFile, a31f93663e5db15f898413cabe239d13)
                     - intellij.pycharm.pro.customizationTrial.jar (RegularFile, eb4caa971fc8c52ae220e109e475145a)
                     - intellij.pycharm.pro.surveys.jar (RegularFile, f0da9480993a0392c10dbc1a1481ba3a)
                   - pycharm-pro-customization.jar (RegularFile, f4dee00a32dad5de79688ff1b4e8df64)
                   - tips-pycharm-pro.jar (RegularFile, 3c092f05236c8df4f0dfe41e7924ed4a)
               - pycharm-pro-sharedIndexes-bundled (Directory, fe211cd12330d209cfb6e4c1896af385)
                 - lib (Directory, 07f6d158209af01cabe2eb759aa3aa6b)
                   - pycharm-pro-sharedIndexes-bundled.jar (RegularFile, a445f9bcd7a59829a069ae9e874ce42a)
                 - python-sdk (Directory, 1de039631c5231f67a00d3522c8be2d0)
                   - python-sdk-2653e85de345-6d6dccd035ac.ijx (RegularFile, 9150c956e8fea107975682af91eb2ef5)
                   - python-sdk-2653e85de345-6d6dccd035ac.txt (RegularFile, 2dfc49baf785e1349a67f1b3dc5e333a)
               - python (Directory, abc79468983a6eb15e4c3e5fb7795e50)
                 - debugger-eggs-output (Directory, 091f56b39230dda320221b78d1e6fdb9)
                   - pydevd-pycharm.egg (RegularFile, 90898c2e18ca444def4e6221c8976df1)
                 - helpers-pro (Directory, 6d3d79b17a27458b64f23250d4189b9a)
                   - pydevd_asyncio (Directory, ab098cea783c3dbacca0fd1142b73956)
                     - __init__.py (RegularFile, ac002faedbdfacacab9ebdb61e7fded9)
                     - pydevd_asyncio_constants.py (RegularFile, ad24399fb183138c20c25c12cc0fdf7c)
                     - pydevd_asyncio_utils.py (RegularFile, 8bd729d3a33942f90e17db1abf70e0b2)
                     - pydevd_nest_asyncio.py (RegularFile, e9e4162a6f4fe8b2b260b2971e501c69)
                 - jupyter-web (Directory, eaa5148d1b6653a33f74b05cc3ff1fba)
                   - 1014.js (RegularFile, 9a46592fcc88352865f7d8e9fb1ce390)
                   - 1029.js (RegularFile, ab789275a76fca68a65f23ce4ce1742c)
                   - 106.js (RegularFile, d01b00fd27a7863cf9685ef65299ca64)
                   - 1193.js (RegularFile, fc1fab03b3c59480bfa0caad0997cad9)
                   - 1280.js (RegularFile, 41181ac1ded2c6c1535299ddf8ba16bf)
                   - 1307.js (RegularFile, e17fdb0296ef65e6f12d7f5b1e56904e)
                   - 154.js (RegularFile, c7ef3ae4984300cd2acb177b8aa8e260)
                   - 156.js (RegularFile, 3086ee3b30f300eccba7cc98cf0e3a2a)
                   - 1570.js (RegularFile, ddb1759bb88e94529ca72f7c1969d385)
                   - 158.js (RegularFile, 922c27c2e80ceef048cb2b1b23da9ed4)
                   - 1644.js (RegularFile, 802c73dfd19075e9db46bff96271d94f)
                   - 1753.js (RegularFile, 064ad15398fadcdc8e6702bc591f5922)
                   - 1797.js (RegularFile, 2e771b440f433887885e54b4ae7ef03e)
                   - 1811.js (RegularFile, 4b50327516a9239a5d0495f180ef807b)
                   - 182.js (RegularFile, 387fc6d38458edde65649fe3df47bbe0)
                   - 1985.js (RegularFile, 2a858fe8de9ee4715e8f749354157a5f)
                   - 2023.js (RegularFile, 900dfad4730a11b4f024a53396059927)
                   - 2173.js (RegularFile, 741e6ea73e5f72de6e285f127c4b1d07)
                   - 2200.js (RegularFile, ffe77829070783efc488f7d18606bf9a)
                   - 2205.js (RegularFile, 43f422bd79f5a92e663dce75682ae150)
                   - 2248.js (RegularFile, 3f7c8ddba6cbc07a3faf77eadd76a615)
                   - 2484.js (RegularFile, 2854d847e573230c8cc0726a4c309da6)
                   - 2530.js (RegularFile, 95f6b61b1954453732cb1d668718ae14)
                   - 258.js (RegularFile, 82a105a1a4e1a0e10cfd2de3ad757024)
                   - 2587.js (RegularFile, a258bac4c80acd3e8dafc93107f23258)
                   - 2588.js (RegularFile, 55b6495e57e7f9aa157f0ba332662e4d)
                   - 2671.js (RegularFile, d06672fdf86a1e4d0b69012b455c48ea)
                   - 2805.js (RegularFile, 27a5afdb3678b748a71a7073b31e6d6b)
                   - 2900.js (RegularFile, c51bca4dd05f7b254a07fdc0a08b6fd3)
                   - 2914.js (RegularFile, ff468620b9c5d1a9c48592ce7c007eee)
                   - 2933.js (RegularFile, 203a379e21d1c1cb25cff0919ceede6b)
                   - 2966.js (RegularFile, 9ff032d1ac611761164546fff5599308)
                   - 3021.js (RegularFile, 851f8f7b4a22c1fe2ad3a3b423a66eae)
                   - 3101.js (RegularFile, 31b7626dd94704233be7fad4538e0f14)
                   - 3107.js (RegularFile, b2cd7d372267469583af3f1ad60ed911)
                   - 312.js (RegularFile, 9002b23256bea06db7fad519b4d10b2c)
                   - 3140.js (RegularFile, 5b487ac45b07ed249663b268863efdeb)
                   - 3175.js (RegularFile, 473bff7b74c14a535a589b775f8dc25a)
                   - 3196.js (RegularFile, df34f3103330234a67efd47e01ce889f)
                   - 3229.js (RegularFile, 784992506441f41a01f10649a5ba2b0d)
                   - 3350.js (RegularFile, fbea20a35c89a450f2016b8dc45c8d1a)
                   - 3352.js (RegularFile, 1587cefa61dfb2486328df22e01ff5b3)
                   - 339.js (RegularFile, 879bf23c3358203b203482162681b923)
                   - 3456.js (RegularFile, 455f600d6c66e63fab1bdd4d62592f41)
                   - 3464.js (RegularFile, 4581e006a1f67044c1d963b6f1e47e1d)
                   - 3546.js (RegularFile, 179158ded58aaeca3460578bfc632f30)
                   - 355.js (RegularFile, bd0dbe07b3529954fe3e01984eb174db)
                   - 3553.js (RegularFile, dbdfd6156425ef5bfff845c255a992df)
                   - 3555.js (RegularFile, bcd77eec017546b0d1f712d003c5939a)
                   - 3592.js (RegularFile, 14978ffdd8fdeb00bdb163a7a8291b5f)
                   - 3641.js (RegularFile, ffb21e1fde3af102bb2202eac9edca6b)
                   - 3737.js (RegularFile, 81aab644bf94512d8e8874952cec3456)
                   - 3763.js (RegularFile, e5efcd8020d24f8ab0f101b4a037b489)
                   - 3788.js (RegularFile, 44dc5351d54a5c38b70ebbe03b79dbff)
                   - 3818.js (RegularFile, 306fbe6116322b05743c3587c7376419)
                   - 3826.js (RegularFile, 32e48b01ff37f32beb7785afc61de17c)
                   - 3891.js (RegularFile, 52e6a46ca7e89083eaf0f8d4d2b3ea5b)
                   - 3993.js (RegularFile, 70fe1033b659442a8f5f95ac8501a517)
                   - 3rdpartylicenses.txt (RegularFile, e35df68d39de37962c211ed485e15978)
                   - 4095.js (RegularFile, 1382920d94e2a8298223df03e7dc487e)
                   - 4195.js (RegularFile, 703fb962e42f0375ebde2f26d9f0b187)
                   - 421.js (RegularFile, e18953c40d2043e81b622caf10587b5f)
                   - 4215.js (RegularFile, 10f3641c719f3fbdf2c266a122e4bc33)
                   - 4374.js (RegularFile, 71aa182156c3c0774e5292c7eb47cc5c)
                   - 4390.js (RegularFile, 3fd2cbf2461430ba1af160f4dbf6d46e)
                   - 442.js (RegularFile, 13f9f822f0a4103df83977c3b6f5ba89)
                   - 4450.js (RegularFile, f2f3d346fb5410d587c0bd271bfc0b9f)
                   - 4453.js (RegularFile, da1a44c8fb54724e0acf38e98543b3e4)
                   - 4462.js (RegularFile, ad56c8894e52726907310cc770433d45)
                   - 4531.js (RegularFile, db436a64265796dbea9ab01f3bf39e2a)
                   - 4542.js (RegularFile, 30e1753647755bb4f56ad9dd25dcc956)
                   - 4704.js (RegularFile, b92abfe2f2dad213fa56f8b2212b3af6)
                   - 475.js (RegularFile, 22517050655d5a4aa7067af5298cb5fb)
                   - 4780.js (RegularFile, 0d652bee24d93cd4d662567002c1d002)
                   - 4878.js (RegularFile, 49e46c1b703b30d6d7e540124555427b)
                   - 489.js (RegularFile, f8e79ca5f31e4510457b1d7596943e46)
                   - 4920.js (RegularFile, 01e36eabcf8faa40e51f57de6299d5f8)
                   - 4945.js (RegularFile, 6a5578ac3a1cb09d8b5ac571afac5afb)
                   - 4947.js (RegularFile, 6eb7e7943ebf0345b73286f1c984a7e1)
                   - 5006.js (RegularFile, a64c574cd6bfd88d8b91aa5c48a1e39d)
                   - 5051.js (RegularFile, e47309646aa783f4061b94606d6cee54)
                   - 5145.js (RegularFile, df4c32ec943f346e404672fa2cc31376)
                   - 5235.js (RegularFile, cecb5cebcf3000d8e61bfcf745f10eb4)
                   - 5327.js (RegularFile, 95c0fe0ef6f58bd61d78b6b17ba6fdb6)
                   - 5340.js (RegularFile, 2b442a962e8964f5a00d0d0e2ad13eca)
                   - 5425.js (RegularFile, 5e94bcfe7266888b0b1ddadecd2e9898)
                   - 5433.js (RegularFile, 379d29ab3d27a4dd6cbe4860f1f35bd3)
                   - 5446.js (RegularFile, 1a4e05d78ecfbf5eac42aea3722586ed)
                   - 5540.js (RegularFile, caf81a72209e2707751bb62ba96edc76)
                   - 5550.js (RegularFile, bd8013a298ecf3f0db19922f6a6c4326)
                   - 558.js (RegularFile, 0eb9644487a0637ffbb7d90f922d4035)
                   - 561.js (RegularFile, b13d5d0af8146bd5c88fb9b468c5c1b0)
                   - 5676.js (RegularFile, 712be5d29c1b8cbb1802a709a312e950)
                   - 5726.js (RegularFile, 545a56eaa17c59f01a7ee4044035dcbf)
                   - 5728.js (RegularFile, 56a048c4ae2ccda7cee1096ee8ddf55f)
                   - 5776.js (RegularFile, 150bf509d2d6f75dda32f822a94ae94c)
                   - 59.js (RegularFile, 28585cbc464fe5741fa5797da10d0ffd)
                   - 596.js (RegularFile, 10b1fce80f2620719f3c9d7aefdd7250)
                   - 6039.js (RegularFile, 250789ec16eec9d60e3c9662f720c518)
                   - 6071.js (RegularFile, 1dc6f157c69d5d772eddd1c096a74953)
                   - 6219.js (RegularFile, 5d020d068cc9a338e9f0c179d472f03e)
                   - 6230.js (RegularFile, f9d9eb17746748b210f4fccdf5bbf0bb)
                   - 6333.js (RegularFile, f079cb25f00ef9f0070431872fee7b54)
                   - 638.js (RegularFile, ecebd81c60ead7e1584287ba4875a0b8)
                   - 6408.js (RegularFile, dc2a86bd5a94ab15bbe86e923ab00d8e)
                   - 6519.js (RegularFile, bb2da72a45b3105e7baa7d95600144e9)
                   - 6540.js (RegularFile, 84c085fc79efc8c92b2a55319eda50af)
                   - 6550.js (RegularFile, 52ef6e5d4170f66d1617444ebcc1461e)
                   - 6608.js (RegularFile, c525d4620f050fe1b3fe95eb3eac95c1)
                   - 6633.js (RegularFile, b9187166d1fde8105f3b32512dcd5f43)
                   - 6679.js (RegularFile, 8532daab5a3dcf10a3eebc58cf19c6cf)
                   - 6750.js (RegularFile, 3c060e4f7cd66e03b54d38c4d3a8659a)
                   - 6825.js (RegularFile, 3c61f20eeed3c309324d2b6f8491baba)
                   - 683.js (RegularFile, bf0e31be5c85408753149f2525cc0575)
                   - 6848.js (RegularFile, 8596b21cbd12a744beb47104c37b3afa)
                   - 6869.js (RegularFile, a8360cce31e44b8a001acd656d1e7d0f)
                   - 6932.js (RegularFile, 29d21b31e40fef98a4e9b53f1da9453e)
                   - 6953.js (RegularFile, 55ee8b3946fd6ec83dfa5a67d5a105e2)
                   - 6964.js (RegularFile, 122a96b01ce0d82b28e3ac008dfc2f37)
                   - 703.js (RegularFile, e2466450cc102e0380536334f0c6fe4b)
                   - 7148.js (RegularFile, 00c98b7b9ec97d573f7ff4a0026fb8d8)
                   - 734.js (RegularFile, 2a3e48f8a7cca48fd1c6bc5ea2b0e4d6)
                   - 7386.js (RegularFile, c3d233a4681d6d157e7c03991b5d9702)
                   - 7391.js (RegularFile, 4387ba9009dec0aa31fe5a8b70aeb49c)
                   - 7409.js (RegularFile, 89c5071a428f7014ed71dbe40b76ad36)
                   - 7510.js (RegularFile, ada9f0c264642ac1c4cb884d6ecc19a8)
                   - 7557.js (RegularFile, 1c935951c336fe567e445192ef57a7b6)
                   - 7615.js (RegularFile, 9bf88d35f33a299a18eb19147fe92f42)
                   - 7697.js (RegularFile, 7d7164927e029729d0edd26d19b614ad)
                   - 7707.js (RegularFile, bee40cb844602ed11577ce3ad7b6fd89)
                   - 7807.js (RegularFile, 502582537cd9e49b9443113fe224a2c9)
                   - 7820.js (RegularFile, f6e021a7e88035a70c0794db6ee79b22)
                   - 7847.js (RegularFile, 417f6310c11eb101f08e68b7af74d164)
                   - 7869.js (RegularFile, f517e540b71e4b9ad96d89d7a79c6fd0)
                   - 7936.js (RegularFile, e67f3cbaedbfa17d71dce2add6777678)
                   - 8005.js (RegularFile, 0103b51dc7ed18bd1c623deaf7ab6511)
                   - 8029.js (RegularFile, cdc753a6d6d2d674d96e76cf15ea78fd)
                   - 8051.js (RegularFile, 8958588d5eecaf03ef295f6817c1f061)
                   - 8067.js (RegularFile, 09bcf0f36e326fe95347171d255c4d17)
                   - 8233.js (RegularFile, 2f7737021d14069ac5c2c718a0a89c51)
                   - 8331.js (RegularFile, 2828b72bc8b7923ed5ca4d74d23ad6b8)
                   - 8399.js (RegularFile, 11dd62a48fc1ac23a13905b0dc49d05a)
                   - 8442.js (RegularFile, 7acf3c2e16abeb1879c9191db7479e8c)
                   - 847.js (RegularFile, bc18c921c1de238b931bdd722045222b)
                   - 8533.js (RegularFile, 88be837889e6448be3ebea9edf3a6239)
                   - 8596.js (RegularFile, 45cb6e8b987ebc72bcd3330cbf04bc19)
                   - 8627.js (RegularFile, f80b6daad8bc98dc7974f461bfd7d049)
                   - 874.js (RegularFile, b09bd1c8f204637b9270460a859ed953)
                   - 877.js (RegularFile, 520fd5cebdbb108da3924419f86e5af0)
                   - 8780.js (RegularFile, 5f4200cac9fd47036ffc9310539f5dae)
                   - 8786.js (RegularFile, debccccb3f33da98c2645e065318a19b)
                   - 8920.js (RegularFile, 58200ed2c03515a6c87ab9a9016eb33b)
                   - 8936.js (RegularFile, f360921ddf44066ecbf73e7a3fe2d5a1)
                   - 8988.js (RegularFile, f45fdab473a193171d414e10725792ee)
                   - 8993.js (RegularFile, 6b1adc5c866650e5fc897776a3aff8b2)
                   - 9029.js (RegularFile, 613e2e13468aa8928e8eddf5179bea8c)
                   - 9068.js (RegularFile, fda835755aae11a6b9df08ff07636c21)
                   - 9094.js (RegularFile, 7b49d27f3fb360f6e4b07051d2011459)
                   - 9110.js (RegularFile, 43fac12d04085dae4baea9035fc77459)
                   - 9187.js (RegularFile, 0b509b5dbea67b97a7527372ed700738)
                   - 9221.js (RegularFile, 6aad2c620d541b33ca534b323e703296)
                   - 9307.js (RegularFile, 91452d1d5d56607d385bd0cdac24dbb5)
                   - 9346.js (RegularFile, 2ac9ab0e55aa5d4dfeabc51f581ff46b)
                   - 941.js (RegularFile, ea9d90ce87151a3839eb45e6c01a50bb)
                   - 9514.js (RegularFile, e4bccd9b4cd0853b351ac4b2c818e56a)
                   - 9631.js (RegularFile, 9998233389301a8cdeae86fd19cf5e4e)
                   - 9639.js (RegularFile, fe77718ca20552c575dfe556263791b0)
                   - 978.js (RegularFile, 2d31502cb746de0e4b089e474ff9e8ef)
                   - 9785.js (RegularFile, 416ce00d27c4de56aae50b4d3385118e)
                   - 9836.js (RegularFile, 5350f6fa427d6a58dcb32514cdd59211)
                   - 9856.js (RegularFile, f7a48616aeea2d500f2502e9ece7b745)
                   - 9880.js (RegularFile, 27482bf64d1811ca855f8739271311a3)
                   - 9960.js (RegularFile, e1e81d048cf8be1374613d6a146f2830)
                   - 9967.js (RegularFile, 06d8d753ff3a37fdece1db3fb0c6aab8)
                   - 9980.js (RegularFile, 444db5fd92fb1f22aead35c1428cae51)
                   - 9996.js (RegularFile, c60aac10830578cae67e75589ee01109)
                   - add-above.svg (RegularFile, 06ce33f25bae7f398dac0d3b457ab13d)
                   - add-below.svg (RegularFile, 3f3023784128da784817be96b43fecbd)
                   - add.svg (RegularFile, a900da756dd10f40967b57a6bff2cc9e)
                   - assets (Directory, e816922c9c1ebe612e9587f59e81bb07)
                     - webfonts (Directory, 7ee5e51b25294069ccd7f3e178536376)
                       - fa-brands-400.eot (RegularFile, a42a86d3a0e5612d85793a105b302a19)
                       - fa-brands-400.svg (RegularFile, 0f50b92e994df7ce1fe4ad7479365245)
                       - fa-brands-400.ttf (RegularFile, 850be751b397ad48a10bb8a5cccaffe4)
                       - fa-brands-400.woff (RegularFile, 65d557b7f69f97f8de671b88ea7bd48f)
                       - fa-brands-400.woff2 (RegularFile, 3a7bf7c12f2772b03fd008bbb4d3e7b0)
                       - fa-regular-400.eot (RegularFile, 69509f75a959823ab8a879d3675ab657)
                       - fa-regular-400.svg (RegularFile, 75f4ec2029f364f6467c57ba6e0acd51)
                       - fa-regular-400.ttf (RegularFile, eba46cb4cf74d9969f552d77f6e7809d)
                       - fa-regular-400.woff (RegularFile, f43194aa428d11425da8757940786e9e)
                       - fa-regular-400.woff2 (RegularFile, f366dcdb2c54ce0152633826b667513e)
                       - fa-solid-900.eot (RegularFile, c6752d5a127c70a64d32fc12293dfbd2)
                       - fa-solid-900.svg (RegularFile, cb6020bfd159321e7367da86a795b621)
                       - fa-solid-900.ttf (RegularFile, 75370e02cbd238e0551c3b6d88641100)
                       - fa-solid-900.woff (RegularFile, 6878115923e068b0144852a8d846719f)
                       - fa-solid-900.woff2 (RegularFile, 8d186ca852a65cc456c7ce30e4d907d9)
                   - bell.svg (RegularFile, 162e92b85ed2265f6f6036f819b50a54)
                   - bug-dot.svg (RegularFile, 0918605d9cda32091825569948dfd94c)
                   - bug.svg (RegularFile, 8ef0ea022c7138d84fc65226d7931f11)
                   - build.svg (RegularFile, 3ab18da68c15b0f5a4dac72a1eff5d2d)
                   - caret-down-empty-thin.svg (RegularFile, d6dc0db9008ec752a6a114807b1f8eb0)
                   - caret-down-empty.svg (RegularFile, b2f61b307b12c065e13ac0d48fb42906)
                   - caret-down.svg (RegularFile, 42d308043dba5892a5a610b174dc2627)
                   - caret-left.svg (RegularFile, 392ac27afd5a44763c4ecdec0714f0ff)
                   - caret-right.svg (RegularFile, 29d8d4765c803cfcf3c1fda1c65c91ba)
                   - caret-up-empty-thin.svg (RegularFile, f7154d595bcdbe4bf6f6fc4c9dc83a0e)
                   - caret-up.svg (RegularFile, 8a9507ddb07d3ec9ed834ffcad0139fa)
                   - case-sensitive.svg (RegularFile, df74a7868144a1f6f9da33a8d5a81f0a)
                   - check.svg (RegularFile, 11317276d2f822abe7de6314180f2dc9)
                   - circle-empty.svg (RegularFile, 951fafbdd2ba33a694ced0b560d23325)
                   - circle.svg (RegularFile, 607f2c2e4357d48be486d5dc0c7f09c4)
                   - cleaning.svg (RegularFile, 36656601c1639b9ead2d9933a5a727d3)
                   - clear.svg (RegularFile, 556cb71c47e9a1a3389d71e8a23ff4a7)
                   - close-all.svg (RegularFile, f30f26c9e89e5bbcf224f1435007faf9)
                   - close.svg (RegularFile, 228461d84abdb03d728765b31daad1fa)
                   - code-check.svg (RegularFile, b6739201eb52c3c45e76bb8a71054eba)
                   - code.svg (RegularFile, 9f35fc14a0e34b2ea62773367e50533b)
                   - collapse-all.svg (RegularFile, 461641a4ddcb48b58e346d48c7169d5f)
                   - collapse.svg (RegularFile, c8351347a95ccf085587fa6bd6190b9f)
                   - common.js (RegularFile, 6b093ab7145a3457c94812519e81d532)
                   - console.svg (RegularFile, 08250f07622918398c4d0f08eec2faa9)
                   - copy.svg (RegularFile, b48de339a2a4750bf272530f84de4757)
                   - copyright.svg (RegularFile, 0be3b860f3af0dc305d9de662ae884dc)
                   - cut.svg (RegularFile, ebd46d3d984258deebd9687b3e14ff4d)
                   - darcula-new.css (RegularFile, aedab6ddfa694d6f99bbbd4fb64c7d7b)
                   - darcula-old.css (RegularFile, d017763237858e8d114ecc5d49dc53dc)
                   - delete.svg (RegularFile, 61fddc0b1cd63498349141ff7f303411)
                   - dock-bottom.svg (RegularFile, 13b7e4485706ddbf169c278c90e905a8)
                   - dock-left.svg (RegularFile, 73d2ab3cc099e27e7c625c262740d5cd)
                   - dock-right.svg (RegularFile, 749adcc6fda97f41a5e0e9521d554659)
                   - dock-top.svg (RegularFile, 1b10ec4640d20051ba3c41185b230c74)
                   - dots.svg (RegularFile, f71b797553e5d9da92d9e4ae36517d45)
                   - download.svg (RegularFile, a0570524575ca9ddbac47f6345abc2f9)
                   - duplicate.svg (RegularFile, 72381530380c9cd02d34c556f84ac18d)
                   - edit.svg (RegularFile, 6ea95b65da48d4ec43e8c297ceaba10a)
                   - ellipses.svg (RegularFile, 96ff8b44c27a2cd1e4038b66418a4355)
                   - error.svg (RegularFile, 07346cd9799ca6e8e082bd9a91ad3c63)
                   - exceptions.svg (RegularFile, 8aa005dfe86d44642385c454c9436029)
                   - expand-all.svg (RegularFile, c70a7e85555220bf8e7c30c358ca4ae1)
                   - expand.svg (RegularFile, 529d3ec59a7dfb1dcc1721acb7b36ce2)
                   - extension.svg (RegularFile, dfe94d9f8def8d48d930d34c993e23a7)
                   - fast-forward.svg (RegularFile, 1a3a965f81e7990c6c0aea0616c5be06)
                   - file-upload.svg (RegularFile, 7dd56325a68b16f293688cd356be99bf)
                   - file.svg (RegularFile, 7d284982a7f4606dca01be67ce8099c7)
                   - filter-dot.svg (RegularFile, 99ce00cc1715feae6cc38c06441bca8e)
                   - filter-list.svg (RegularFile, 227be506010b1d101b64e5a0f4613461)
                   - filter.svg (RegularFile, 546b152534edc328c2ce3c8f9a376bea)
                   - folder-favorite.svg (RegularFile, a29aab89e42be2f6c21cc0de292db3fd)
                   - folder.svg (RegularFile, 3766b6caa1379ce793c4a19feebe1852)
                   - history.svg (RegularFile, f42855d0996cc818232c0980cc74d70e)
                   - home.svg (RegularFile, 180cdf2e4d0c306d5ba706afd9f23a36)
                   - html5.svg (RegularFile, 28e231b047ae5b3ebae7ce11d7cfd498)
                   - image.svg (RegularFile, 7bfae568598135e0b8c609fb06ec6a89)
                   - index.html (RegularFile, f93141360d2c5dcdb9db165cf771aabf)
                   - info.svg (RegularFile, 9e1269738af7b3894432315a4957599f)
                   - inspector.svg (RegularFile, 0f8b0249bc87b75a4aa565d50d338711)
                   - intellij-new.css (RegularFile, 473a31e8d543c5f07d954f2fd9f1f5df)
                   - intellij-old.css (RegularFile, d2eb7876886c2ee998e02685b87b7c94)
                   - json.svg (RegularFile, f44bf5f91d55173f202d63deac27c3fd)
                   - julia.svg (RegularFile, 6d7867d75fdff17c1a1bf3c03ddbee59)
                   - jupyter-favicon.svg (RegularFile, 0443e3b2201e6f179b85b6e3dc79d051)
                   - jupyter.svg (RegularFile, 238ec27204573948c423cd03cb8361a6)
                   - jupyterlab-wordmark.svg (RegularFile, 5cbdac118190a0416a2f43d59730ae96)
                   - kernel.svg (RegularFile, 166f36728c0aad5dfc7d2049f617662a)
                   - keyboard.svg (RegularFile, 295fea59d3c969bcea2063b58d69a277)
                   - launch.svg (RegularFile, 135503620f611008f51bca1ade453767)
                   - launcher.svg (RegularFile, d626fafd6f96f21dc603631894b236a5)
                   - licenses.json (RegularFile, 96629a8278984577740a72e4b3f38d97)
                   - line-form.svg (RegularFile, ecc1cd2a58c5960a285ecd72b82851cf)
                   - link.svg (RegularFile, d282409ab5e94fc3d8a1c6b08d770208)
                   - list.svg (RegularFile, b1d0f8d2ecde0535b7ad288e845b0acb)
                   - lock.svg (RegularFile, b019682c3495e74d3a1cd1e599f6ff8e)
                   - main.js (RegularFile, a6a4509566d0740189b8163b962ee07d)
                   - markdown.svg (RegularFile, e20fd6e5a406c52e010e630bef3adf66)
                   - MathJax_AMS-Regular.woff (RegularFile, 4b8b5f9a3681f544e900526b244882cd)
                   - MathJax_Calligraphic-Bold.woff (RegularFile, c4e266989989ed207c4cdfe32ed15ab2)
                   - MathJax_Calligraphic-Regular.woff (RegularFile, 6b6172c3cf64ad6a02a9dfa28630fb4a)
                   - MathJax_Fraktur-Bold.woff (RegularFile, f04289667d1e09bc1491926e6e6b2ffa)
                   - MathJax_Fraktur-Regular.woff (RegularFile, e4d780e37042e92b6d49c7d0e4c7f050)
                   - MathJax_Main-Bold.woff (RegularFile, 6594f65917be14111ecdafe63ac6ef41)
                   - MathJax_Main-Italic.woff (RegularFile, 735c278525c4d252e924c6b1e1409af7)
                   - MathJax_Main-Regular.woff (RegularFile, 9edfbe9c27b72fabad2701b42d1c6215)
                   - MathJax_Math-BoldItalic.woff (RegularFile, e83c65ad3ca28c5998801041db670db9)
                   - MathJax_Math-Italic.woff (RegularFile, f31e11032528ba480cebb59de724989a)
                   - MathJax_SansSerif-Bold.woff (RegularFile, 3e6cd43a862a849496072ef409325449)
                   - MathJax_SansSerif-Italic.woff (RegularFile, 2dba1f1fc49b254f20825a17d8d60c6a)
                   - MathJax_SansSerif-Regular.woff (RegularFile, 7121494021502f0e00e98a05472c7f19)
                   - MathJax_Script-Regular.woff (RegularFile, b13edfebaa28025d2080f4afc9e6f1b0)
                   - MathJax_Size1-Regular.woff (RegularFile, f225bba4de6eb2481aa98683cab6ffa9)
                   - MathJax_Size2-Regular.woff (RegularFile, ab43b329d216e52a7cde08768160aa0b)
                   - MathJax_Size3-Regular.woff (RegularFile, 4fa9efc01bbb7965548d02123596bd31)
                   - MathJax_Size4-Regular.woff (RegularFile, f37fa432ddc282a4cc35d309c95bd5bc)
                   - MathJax_Typewriter-Regular.woff (RegularFile, 9d32d7fef6baaa0a64bc8128b539af21)
                   - MathJax_Vector-Bold.woff (RegularFile, ba9a6081a4cbb781c14488b9f50c19be)
                   - MathJax_Vector-Regular.woff (RegularFile, d83f61c6579422466de3d473f02f610f)
                   - MathJax_Zero.woff (RegularFile, 80a71f63d9e50cc8150313998f872e24)
                   - mermaid.svg (RegularFile, f75c528ba80813a158eafae597f8314c)
                   - move-down.svg (RegularFile, 87df43b07edc339949b83b2f66d264dc)
                   - move-up.svg (RegularFile, 3a9f7fb1fb8354ba339d7c2e8808675e)
                   - new-folder.svg (RegularFile, f241fbbf0fb28b3508d86a5f00322448)
                   - not-trusted.svg (RegularFile, e87cf692eb46e802ae9b879e346ddc16)
                   - notebook.svg (RegularFile, 75bed570f3d9acd7356112296fdc8343)
                   - numbering.svg (RegularFile, 9fe410afb9f01af486350972289a0652)
                   - offline-bolt.svg (RegularFile, e734732a3b0fd652a2c90817c3079ae3)
                   - open-kernel-source.svg (RegularFile, b8de078df8677dcbb15e07bad0d43c18)
                   - palette.svg (RegularFile, 09e0ad8ddb07f025478f5cd3481a3077)
                   - paste.svg (RegularFile, e111f3b9d2ba3e1807b7f3ad64a4e860)
                   - pause.svg (RegularFile, 0204085a3c75b44e9e0f076b2034b2bc)
                   - pdf.svg (RegularFile, 0d983b75488e9295202c6ffbb1273a8d)
                   - polyfills.js (RegularFile, 73c4d579082458558a371a75e13fd499)
                   - python.svg (RegularFile, 197b04c2d653b2c3d6162c0d6889098b)
                   - r-kernel.svg (RegularFile, f47ccdc8bdb6358e2e5394e49b78465e)
                   - react.svg (RegularFile, 2f10ae5891ecfb89f89c5914799dc3ce)
                   - redo.svg (RegularFile, 7bbf9d09aa2035040ca1f2f35e0e2f02)
                   - refresh.svg (RegularFile, 84d61a769659a0145ad1fc735eb22102)
                   - regex.svg (RegularFile, 2ad7a5de0b79aa668c8c14cb485d93e2)
                   - run.svg (RegularFile, cf9006b2f7dfdc7fdf38b340bd84f7de)
                   - running.svg (RegularFile, d262774399723d2691dffbdae3671681)
                   - runtime.js (RegularFile, 773f69b05e0394bf447bbb5c4cdae945)
                   - save.svg (RegularFile, b68a0d3ace027f15548ad2d03f7c6f4e)
                   - search.svg (RegularFile, 16c5ae3506e18a35ba44a07f9de1f695)
                   - settings.svg (RegularFile, e8a319a69cdd24bb2705f381ccfd5a97)
                   - share.svg (RegularFile, eeae757e810ae2dd0e3b21cef6d45f0f)
                   - spreadsheet.svg (RegularFile, a07a255e6284f523944d4e6fcbef18b9)
                   - step-into.svg (RegularFile, 857ba3bbe973dc80fe45d28d74c1ca73)
                   - step-out.svg (RegularFile, 05530c87dd6b3306a8081ac6f6d34ac6)
                   - step-over.svg (RegularFile, 37ca1e137492d5e7368434cdfef34947)
                   - stop.svg (RegularFile, 6a905c8ddfdb482f96fac3a4aaafb707)
                   - tab.svg (RegularFile, 350f010bfdf310d0ffb65ba3a39519e1)
                   - table-rows.svg (RegularFile, a7eec0c713fc3499e4cd0af44fb57d86)
                   - tag.svg (RegularFile, 0f5bea933853fa202d2e4401e413d2dd)
                   - terminal.svg (RegularFile, 134a9cf8b433cd0f59dc798d9b761705)
                   - text-editor.svg (RegularFile, c2f74a2e7710234b9eadd2e56c841911)
                   - toc.svg (RegularFile, 7ffaed7678b80849c81d53aec08daa61)
                   - tree-view.svg (RegularFile, d9bb415f4217545d7e3c82036f75aa8a)
                   - trusted.svg (RegularFile, a0f218c9b5d811a99d0a8589969c07cc)
                   - undo.svg (RegularFile, a90c6b49d0adca0f46275f75854420ac)
                   - user.svg (RegularFile, 8c9476a0ece50622e67243632318f49b)
                   - users.svg (RegularFile, fb9c7ba8a9ed66242b2984dea1e25b7d)
                   - variable.svg (RegularFile, d32ed99193da5c13aff091d050c55ae1)
                   - vega.svg (RegularFile, d7597372dafbdee3ec591acd694f97b4)
                   - view-breakpoint.svg (RegularFile, b8de078df8677dcbb15e07bad0d43c18)
                   - word.svg (RegularFile, 789804e5429e0212ac24455eb7fac22a)
                   - yaml.svg (RegularFile, a1ce731374ec6e582f8480dc1a62cd8f)
                 - lib (Directory, 64bf6cbfeeaaed33fdf93d49a979a37d)
                   - frontend-split (Directory, 80888adc34705b16a313597f4c08351e)
                     - python-frontend.jar (RegularFile, 8326dbe5eb6adb108284401991944e75)
                   - java-websocket.jar (RegularFile, 251febf4989a684247b9953272586571)
                   - modules (Directory, a3031205fc8d503b2e67d0f6aacf8257)
                     - intellij.python.core.impl.jar (RegularFile, 242dcb7d18f2b82695cef9fafecbe989)
                     - intellij.python.wsl.jar (RegularFile, 02a3c4468472a21a6915577f68c08136)
                     - intellij.scientific.py.tables.split.common.jar (RegularFile, 5798111ba0ff137aa7827edf1fbc598f)
                   - python.jar (RegularFile, 7b3b3956b658a097edb9826a17023ac7)
               - python-ce (Directory, 1dc96d64f5e144bdeb76058bd9cdc5fc)
                 - helpers (Directory, 8f60ec0eff683e905b177b8a4b56a6a1)
                   - bundled_stubs (Directory, 7477b3f974493a21e63a673599590ae1)
                     - Django (Directory, 364b74283b90f165485c318dfbf0e8cc)
                       - django-stubs (Directory, 7cce66eba1b97a9194ea28853f7abe72)
                         - __init__.pyi (RegularFile, 3d9e3e0f87a74ebe86382330c93118b7)
                         - apps (Directory, 358e3e7d913093b3287bf8662f3a92b7)
                           - __init__.pyi (RegularFile, bb7dc7b14a4aa649ad22416f77db5f9d)
                           - config.pyi (RegularFile, 2389662610df9ec06e6d6f2d6034ed89)
                           - registry.pyi (RegularFile, 3164f3e3df40722168224ae689acc178)
                         - conf (Directory, c0da826c4224508bd3c0f5e871fc9957)
                           - __init__.pyi (RegularFile, 61b6a0fa7e468d8836fa399f78591514)
                           - global_settings.pyi (RegularFile, 1f74533a23c8fc01915e4ffdf79fbe1d)
                           - locale (Directory, cf5f37f55f236c1ea696d0ebd7edf2fc)
                             - __init__.pyi (RegularFile, 50640faf9bca8f40bcdb19bb36bdf7fa)
                           - urls (Directory, a576e57d4a33270a86903854c3746c7f)
                             - __init__.pyi (RegularFile, 6f2932785f343cd68f6c5b932c35af07)
                             - i18n.pyi (RegularFile, d300eeeecc6b10755963ba208e5d29ca)
                             - static.pyi (RegularFile, 7f84b2de907ece0ede409227b1e10d95)
                         - contrib (Directory, 27b2385a01a4d08a3c0f83f61c7cfd6e)
                           - __init__.pyi (RegularFile, f571933bb948577b1f9f3076fb8fc7c6)
                           - admin (Directory, bfc93d19990e9e0839662008af5c2133)
                             - __init__.pyi (RegularFile, 5cdec7c6a88414cbcaf03d85a1fd0858)
                             - actions.pyi (RegularFile, 39b401fd6df37daa79f3989488c20e62)
                             - apps.pyi (RegularFile, f77d3ee1c18e726fe2791b80b20962cf)
                             - checks.pyi (RegularFile, a96a8266d5074202dac19c3dc8a2bf0f)
                             - decorators.pyi (RegularFile, fd6fa7f816e7dc6e53d04eea10e38cf3)
                             - exceptions.pyi (RegularFile, f8ddeebd9980816b62f1ed81253820a2)
                             - filters.pyi (RegularFile, c2b586f0b557bc248d7108f641db8e64)
                             - forms.pyi (RegularFile, fc508705db6c2ac2ce8dd444ad7868a5)
                             - helpers.pyi (RegularFile, 21c2bc3b67cb72055b42f2ebd501af35)
                             - migrations (Directory, a1bc231b0126f5fc50663a4f6115f629)
                               - __init__.pyi (RegularFile, f571933bb948577b1f9f3076fb8fc7c6)
                             - models.pyi (RegularFile, cc2618d15e2efd748fd11f9d7d6ce0db)
                             - options.pyi (RegularFile, af74f7819a0685167659000a29a20dd8)
                             - sites.pyi (RegularFile, 3853639eb6e7247ae6ffbd2a7ed35e24)
                             - templatetags (Directory, 4a2107364c430b7bed9eacd640604786)
                               - __init__.pyi (RegularFile, f571933bb948577b1f9f3076fb8fc7c6)
                               - admin_list.pyi (RegularFile, 1510f36756fe104a47dbdebe4756e8ec)
                               - admin_modify.pyi (RegularFile, 0c477c109de0f11444408d38d4f51fb6)
                               - admin_urls.pyi (RegularFile, 61a6d8e67fe0a74d1ef3ca48d1ed0ed1)
                               - base.pyi (RegularFile, 50ca811fb5e0ee47522fbe12a88e4100)
                               - log.pyi (RegularFile, 27c48a6c57e0e0904ecb80f2d7750164)
                             - tests.pyi (RegularFile, 5973510e48922958e37b815aa75bcf1a)
                             - utils.pyi (RegularFile, 413699f3f4fffaff337372a474c2c8dd)
                             - views (Directory, 4da6878751bc19aa851fdfcc312be257)
                               - __init__.pyi (RegularFile, f571933bb948577b1f9f3076fb8fc7c6)
                               - autocomplete.pyi (RegularFile, 7e680d59e05903339bd956fc4fb56eb6)
                               - decorators.pyi (RegularFile, 94099f2144f9a32fbf00414102ba6a9b)
                               - main.pyi (RegularFile, de19b079632cc8946f482f23993ac5d4)
                             - widgets.pyi (RegularFile, 3394264e3e26126ad36a9e11c80ad79b)
                           - admindocs (Directory, 934c081ba92a6b83afdd70504bbfb439)
                             - __init__.pyi (RegularFile, f571933bb948577b1f9f3076fb8fc7c6)
                             - apps.pyi (RegularFile, 99fe865beadc26225ee0a14dd9c505f3)
                             - middleware.pyi (RegularFile, 9803de2e4bce3a7037aa86bcb77afdd6)
                             - urls.pyi (RegularFile, 3ada36179a668a8d37cdd99aeb58a220)
                             - utils.pyi (RegularFile, a778d2cf2159e2d9dbc7f7e6f76f052c)
                             - views.pyi (RegularFile, e5ac38c244508c42edc69c6fbee70c8e)
                           - auth (Directory, c29d3a6e0fc85c1f9e46fc55051df317)
                             - __init__.pyi (RegularFile, 7939f07d8189a563b62926d874371acd)
                             - admin.pyi (RegularFile, ff8d5929b8ac015d3b1745e215aa6691)
                             - apps.pyi (RegularFile, 73adf6b67e33c8437b200e2d2d6abde9)
                             - backends.pyi (RegularFile, 5ec7297cdf4e7f6588c360e4546aef5a)
                             - base_user.pyi (RegularFile, 429690ecb44df1a86515d16b15735264)
                             - checks.pyi (RegularFile, 2e658dfff613aa31a901257f1391c331)
                             - context_processors.pyi (RegularFile, 6742b00c577b3665e8a8198f2517387e)
                             - decorators.pyi (RegularFile, 68b38d88f281b2590a28a19bddd725d9)
                             - forms.pyi (RegularFile, 6393233d34b947a469c7aac05eea2216)
                             - handlers (Directory, 20f5846827e5d7a0426c2c3a533d8b08)
                               - __init__.pyi (RegularFile, f571933bb948577b1f9f3076fb8fc7c6)
                               - modwsgi.pyi (RegularFile, 296753707f06334a5e34019319f23610)
                             - hashers.pyi (RegularFile, f1c752fa9317b4a015f9676f294027ed)
                             - management (Directory, 5a4679a216196683bf5e25955c3fdd7e)
                               - __init__.pyi (RegularFile, db10b3e0e66344526398c3dece3ebc1e)
                               - commands (Directory, 52d004cd6aa902c8d43a07da5f1ea203)
                                 - __init__.pyi (RegularFile, f571933bb948577b1f9f3076fb8fc7c6)
                                 - changepassword.pyi (RegularFile, aab37e069e994f78d95c29abe32d1e87)
                                 - createsuperuser.pyi (RegularFile, 7405ab3f669e4ca861cd2073a16a14e2)
                             - middleware.pyi (RegularFile, b7a83bc42cef5235f46760cd53c3f01f)
                             - migrations (Directory, a1bc231b0126f5fc50663a4f6115f629)
                               - __init__.pyi (RegularFile, f571933bb948577b1f9f3076fb8fc7c6)
                             - mixins.pyi (RegularFile, e1e95b86255b473f719be18e8617f3f4)
                             - models.pyi (RegularFile, 7dc00c2b121143034fe0bf4e934c1bfd)
                             - password_validation.pyi (RegularFile, 0cb3bde9cb9359eb1ac5dd32e371bb0b)
                             - signals.pyi (RegularFile, 9d10338ea3b5444e24b5ca6a105d97a9)
                             - tokens.pyi (RegularFile, 62c3f0ba8e9fa6a39042f7e81b0b1ac2)
                             - urls.pyi (RegularFile, 3ada36179a668a8d37cdd99aeb58a220)
                             - validators.pyi (RegularFile, 8ae9d86deb4990dfc5b0379fb249f43d)
                             - views.pyi (RegularFile, 11a5b0b7ed61973f17ac02fd76c7d6b0)
                           - contenttypes (Directory, 9a12f6cc699be6f487e14e645ec79ac9)
                             - __init__.pyi (RegularFile, f571933bb948577b1f9f3076fb8fc7c6)
                             - admin.pyi (RegularFile, 2551c9db58f429af19137cb61dad2bb5)
                             - apps.pyi (RegularFile, c82f3b7fcdaf2af97bcba0b38985467d)
                             - checks.pyi (RegularFile, 9162e6129bd0da13f3c87d8e52716f14)
                             - fields.pyi (RegularFile, 8fb1c5217665f32fde27d1e5b3741a66)
                             - forms.pyi (RegularFile, 73e1811522a4ec0137e65031d63fa7e5)
                             - management (Directory, b518c07fd09cc1c00d9f492c0066520a)
                               - __init__.pyi (RegularFile, 7176829cf89c82059a05c59031fc24e0)
                               - commands (Directory, 0d1b03855cf48f5bd2ce3c93ec5488d1)
                                 - __init__.pyi (RegularFile, f571933bb948577b1f9f3076fb8fc7c6)
                                 - remove_stale_contenttypes.pyi (RegularFile, 407d56312c4d8df97708cefa9b5a8af8)
                             - migrations (Directory, a1bc231b0126f5fc50663a4f6115f629)
                               - __init__.pyi (RegularFile, f571933bb948577b1f9f3076fb8fc7c6)
                             - models.pyi (RegularFile, 1bd1811f061f05f1427b1b694c821ce5)
                             - prefetch.pyi (RegularFile, 2c2d5f4da93dd394d15a25b070d705d8)
                             - views.pyi (RegularFile, d6ef3ffbaeb3cf3ad523fddccc2c2906)
                           - flatpages (Directory, 25b276ab1b06c130686ec70705d51fa1)
                             - __init__.pyi (RegularFile, f571933bb948577b1f9f3076fb8fc7c6)
                             - admin.pyi (RegularFile, 1488c29622e9d9b34aaf8732b2570de7)
                             - apps.pyi (RegularFile, 36820f8f7c0e25397f550f2d1a9543c1)
                             - forms.pyi (RegularFile, 76aabe8b614528747020092f385ecabb)
                             - middleware.pyi (RegularFile, 3a76ad2682a492cd7d1ab2b9f966f0da)
                             - migrations (Directory, a1bc231b0126f5fc50663a4f6115f629)
                               - __init__.pyi (RegularFile, f571933bb948577b1f9f3076fb8fc7c6)
                             - models.pyi (RegularFile, c1fca29889ef6d058125b51f240058d8)
                             - sitemaps.pyi (RegularFile, a3a58e887daf170516873fb77341734b)
                             - templatetags (Directory, a54dad75851dab97dd3cbef24446ccee)
                               - __init__.pyi (RegularFile, f571933bb948577b1f9f3076fb8fc7c6)
                               - flatpages.pyi (RegularFile, ff415ab1a48f2570a382a337f668669b)
                             - urls.pyi (RegularFile, 3ada36179a668a8d37cdd99aeb58a220)
                             - views.pyi (RegularFile, f8f04ced2ca975094aa25f0763ae560c)
                           - gis (Directory, f57bc2baeffe170ec02c89bb38d6d747)
                             - __init__.pyi (RegularFile, f571933bb948577b1f9f3076fb8fc7c6)
                             - admin (Directory, 192840cd45a2a4577c18c12fcf8b8811)
                               - __init__.pyi (RegularFile, 80492ca6d10e92aef18e557baf57775a)
                               - options.pyi (RegularFile, 911a0ee535855a7a2a2c6daba19bb8cf)
                             - apps.pyi (RegularFile, 5fdffe2f0ab813486ef84e3b93baf702)
                             - db (Directory, 85435973078aace1ca055418146b11a6)
                               - __init__.pyi (RegularFile, f571933bb948577b1f9f3076fb8fc7c6)
                               - backends (Directory, bd1caeec35e5d5bb2886f9a6619f0486)
                                 - __init__.pyi (RegularFile, f571933bb948577b1f9f3076fb8fc7c6)
                                 - base (Directory, ebfb7a98e9fa978c2402d993aca193d4)
                                   - __init__.pyi (RegularFile, f571933bb948577b1f9f3076fb8fc7c6)
                                   - adapter.pyi (RegularFile, 8776666604caffae8c9b8eb0d47c1b64)
                                   - features.pyi (RegularFile, 99d3f9f464e5ee02cc34c8ab55db6e03)
                                   - models.pyi (RegularFile, 97f282557e8e170b808532fd8acf98e6)
                                   - operations.pyi (RegularFile, 101df06f2ec9298d5fe5410298b76178)
                                 - mysql (Directory, 4bb69c8f7a06573995773993b3500ab4)
                                   - __init__.pyi (RegularFile, f571933bb948577b1f9f3076fb8fc7c6)
                                   - base.pyi (RegularFile, 52e1594372ed54391ab1737a0d07d137)
                                   - features.pyi (RegularFile, be3dd5cbbce2cf63ad9fc5afc66f0ed7)
                                   - introspection.pyi (RegularFile, c414738e56b8964d2afa0ecfb770e808)
                                   - operations.pyi (RegularFile, c827959bc602da1a7fa5c6853425d241)
                                   - schema.pyi (RegularFile, 04689bc207bbc31a0573fb5c20146bf6)
                                 - oracle (Directory, 83a26e0f405c39a175bf95c03ea0e737)
                                   - __init__.pyi (RegularFile, f571933bb948577b1f9f3076fb8fc7c6)
                                   - adapter.pyi (RegularFile, 2f1f785edaeb130593ee350a46289042)
                                   - base.pyi (RegularFile, 84f923407f3ce80ba88092ead4d5cd91)
                                   - features.pyi (RegularFile, ac803e4890cfd506e93df3b9511d9e25)
                                   - introspection.pyi (RegularFile, e6183c1f2e45a1fc26dd97b6dc034e85)
                                   - models.pyi (RegularFile, 9595539336a4cb8958f440a8fa3751ac)
                                   - operations.pyi (RegularFile, e73cab8d957fe14f78a5b85641af8e69)
                                   - schema.pyi (RegularFile, fdb15538c7b07e83eee916954f3a2839)
                                 - postgis (Directory, d0abe1a6923da1e5daa08cea9c484e85)
                                   - __init__.pyi (RegularFile, f571933bb948577b1f9f3076fb8fc7c6)
                                   - adapter.pyi (RegularFile, f055c56d0e0a2e3a8024cd0e2db63a30)
                                   - base.pyi (RegularFile, bab7a1dd73c2e67c101746ac5a73f72b)
                                   - const.pyi (RegularFile, 83b0ab4f4b1cad569061f73af7ba4569)
                                   - features.pyi (RegularFile, a3c13878d12059594445453249e6007c)
                                   - introspection.pyi (RegularFile, 936a1d97607ea765b72c99bc2041754e)
                                   - models.pyi (RegularFile, 2f15ccce5272289c90e956dbfeb09a90)
                                   - operations.pyi (RegularFile, f098068471bcf23e14bced1a3c69becb)
                                   - pgraster.pyi (RegularFile, 28bc18fe43ca63d8015a30dc4739dd70)
                                   - schema.pyi (RegularFile, bc0086ce8b3f454e16972a061104a460)
                                 - spatialite (Directory, 029132659f10eae2aba8e21e20c90360)
                                   - __init__.pyi (RegularFile, f571933bb948577b1f9f3076fb8fc7c6)
                                   - adapter.pyi (RegularFile, 72d8e539af37111123f1618ad0e5989a)
                                   - base.pyi (RegularFile, 716a3b96c7d4bba02df97b754f7d1a33)
                                   - client.pyi (RegularFile, 292288e1cc175a1c7efb28bdc7afea58)
                                   - features.pyi (RegularFile, 7c1e1bec60adea998484d8167d37f3f5)
                                   - introspection.pyi (RegularFile, 22255c25dd984f4eb1d7fd9030b8b757)
                                   - models.pyi (RegularFile, 4a15475d4795d928ca092fff4dfba304)
                                   - operations.pyi (RegularFile, fd230dd8fb624e2963485105f6d2a3db)
                                   - schema.pyi (RegularFile, 714ce8ff7abd6a93a3e47cc93f06ffa3)
                                 - utils.pyi (RegularFile, f4f6f152072443f3f319b425499c4d00)
                               - models (Directory, 6d705691206e03d143e0e64488410aeb)
                                 - __init__.pyi (RegularFile, 3477c7a93c062d16a846b23a3685fcf9)
                                 - aggregates.pyi (RegularFile, 32e3a1eaef172572c937c17af0f28443)
                                 - fields.pyi (RegularFile, 7f1386b00bc9ed90e784e53624474ad6)
                                 - functions.pyi (RegularFile, d33a2682ce1e10ec7d5aa63ea14799c3)
                                 - lookups.pyi (RegularFile, b430dd4cb414b64ed2ab4a5815896f0c)
                                 - proxy.pyi (RegularFile, 60a6a36acb4c26ee68c7a0149b53ba0a)
                                 - sql (Directory, 2213ef805d6d4d80e93a2dca26ae6cd1)
                                   - __init__.pyi (RegularFile, b1b5249d6eab4ee7e439e915072f9ff7)
                                   - conversion.pyi (RegularFile, 7b2ccd8cf37112981d1dd6f3200eb78f)
                             - feeds.pyi (RegularFile, a04e1adc485e12a33cb8d76e058a09af)
                             - forms (Directory, 261a95e1cd6aea805668c529eb040901)
                               - __init__.pyi (RegularFile, 53f8f80f7b0b700480dbda917892b27c)
                               - fields.pyi (RegularFile, 70b527af97596271abaafb0bac909b4b)
                               - widgets.pyi (RegularFile, 13eb30924eab02d5aa80e4475cef1f6e)
                             - gdal (Directory, e0ea44ff5edee57eb777b8e4f1affa80)
                               - __init__.pyi (RegularFile, bb3d58ddb1f69fa3c1d3fdf4f8d6edbb)
                               - base.pyi (RegularFile, 940efcc074d9f5e6eb845c48aaf26047)
                               - datasource.pyi (RegularFile, 9d081750f426fa18190af2f981cb3d47)
                               - driver.pyi (RegularFile, 5be19e2cb117a2d5736b48e059a6b068)
                               - envelope.pyi (RegularFile, 8fbc4c904e06229d2293ed3501b14f19)
                               - error.pyi (RegularFile, d208fbd9aa63fb26cb0571f457bddabf)
                               - feature.pyi (RegularFile, f4bf52d0cb77914d0ccc92ef39101155)
                               - field.pyi (RegularFile, 869bf7d2b8a1080ff73fb401de7f7b3f)
                               - geometries.pyi (RegularFile, 7817d2de63d57a7fbd45a8cb6d3924ed)
                               - geomtype.pyi (RegularFile, 678f9905e2b64012355f608b1264ab92)
                               - layer.pyi (RegularFile, 6143c66ee8974d6e1b315092cadb036a)
                               - libgdal.pyi (RegularFile, 101443bb021b45ac333e78cc3b00033c)
                               - prototypes (Directory, e468f1b99219d0de33f5448ccc9bfa20)
                                 - __init__.pyi (RegularFile, f571933bb948577b1f9f3076fb8fc7c6)
                                 - ds.pyi (RegularFile, 95a7bc5629baf75fa42cef4993febf37)
                                 - errcheck.pyi (RegularFile, c0a07ef3f2b4848dea0f8b6e70780aa9)
                                 - generation.pyi (RegularFile, 4bf256157193f455fa72414b350dc481)
                                 - geom.pyi (RegularFile, dc78472ec518f7a1fa80d6ff35261cf8)
                                 - raster.pyi (RegularFile, 4e3cd24f8b342d256ff96015430b7408)
                                 - srs.pyi (RegularFile, a7b0d79e501c5c6a86a070fd6aa1625d)
                               - raster (Directory, fc4ee14db245ee4800ae3cf825b92eeb)
                                 - __init__.pyi (RegularFile, f571933bb948577b1f9f3076fb8fc7c6)
                                 - band.pyi (RegularFile, e1e706ac221e6ca0c686182b47b7aea3)
                                 - base.pyi (RegularFile, 7a7cdc4713f95d6de66fc9c84fe97aa9)
                                 - const.pyi (RegularFile, 853c5fc18279893d93d8860ae27bd7d6)
                                 - source.pyi (RegularFile, 05741c1fe5ac1c524ef95c410e7b4172)
                               - srs.pyi (RegularFile, 5fb5b310d94d73d31f1e92be4f6e1622)
                             - geoip2.pyi (RegularFile, d5e1d4e6fd242d81613ac20f72759c79)
                             - geometry.pyi (RegularFile, 979379e9bb59e56aa576c41c5a668942)
                             - geos (Directory, 6aada9c3031e8d60ecc4f4bb757d3657)
                               - __init__.pyi (RegularFile, f052dab1cea99e45e53bb897ecaa973c)
                               - base.pyi (RegularFile, 5a23d8082d090b8e6c082860986dd2cb)
                               - collections.pyi (RegularFile, d99e1855f00ec9d3b996390b04c698dd)
                               - coordseq.pyi (RegularFile, 892fb679e2840931f2cb6d6e2bf82299)
                               - error.pyi (RegularFile, c73a2992ef815b26ddf4f08e4725b32d)
                               - factory.pyi (RegularFile, 810536bf939b09c15c7fe67d616cff82)
                               - geometry.pyi (RegularFile, 8f0902954c0fef5620abc29334a94043)
                               - io.pyi (RegularFile, 40e9051f4377cd75e40f167ae5a1a3ed)
                               - libgeos.pyi (RegularFile, f06524b73aee7afc61842822dbe7b1ab)
                               - linestring.pyi (RegularFile, 40fb93baadff59f1f71866d020100e82)
                               - mutable_list.pyi (RegularFile, 1cf31d4312a9f862150aa1ab4c31a06f)
                               - point.pyi (RegularFile, 8b9acda8f6a051798c510475cce7e8e9)
                               - polygon.pyi (RegularFile, 4aaa769095511c66c80299cb4adf9e62)
                               - prepared.pyi (RegularFile, 8f36b8fc5decd7dc2d2d7a557e57bbe6)
                               - prototypes (Directory, 5429a7a9e0edc9f8b9499d92b01829f6)
                                 - __init__.pyi (RegularFile, 49001582d26eeca920f6693a757f97af)
                                 - coordseq.pyi (RegularFile, b172f10874a769183715fad2b6157d40)
                                 - errcheck.pyi (RegularFile, 3189ff0496f956c290ac23c32ba5a8da)
                                 - geom.pyi (RegularFile, 5266d4a63494f6345679e39bc08a0c63)
                                 - io.pyi (RegularFile, 65f0ecc2f8f94ec9be5b61e330dcb8e1)
                                 - misc.pyi (RegularFile, f73064238086aa713efc40a5dc786634)
                                 - predicates.pyi (RegularFile, 73aff7c96ec9d36af5020e6413f2a4f0)
                                 - prepared.pyi (RegularFile, 2cc49d1d8da2482beed61cad102ecb60)
                                 - threadsafe.pyi (RegularFile, ac89e624b861af6f3ba395da3288bd1a)
                                 - topology.pyi (RegularFile, 820e775d462a7a1a03ea7298d463fb33)
                             - measure.pyi (RegularFile, 79db8d20776dfd75ae6b1d029a65329c)
                             - ptr.pyi (RegularFile, 6f1c03042df7b9fcb13ef725b32e8cdd)
                             - serializers (Directory, b92781749e666b3e44fbdda9ef753fcc)
                               - __init__.pyi (RegularFile, f571933bb948577b1f9f3076fb8fc7c6)
                               - geojson.pyi (RegularFile, c1a65e1d11ba4a2f580a39a5ef659398)
                             - shortcuts.pyi (RegularFile, b05332661ad00d0d5c33d707cf6cd8b2)
                             - sitemaps (Directory, 76d8a60d39f3b9dd120fd2b5f64527fb)
                               - __init__.pyi (RegularFile, 2cf4e19e0b473151def4d909c7c0cf51)
                               - kml.pyi (RegularFile, e7010900c5f9e39b14778b21635e2c28)
                               - views.pyi (RegularFile, 7c23b438a7b2b80b4a16223ebd262147)
                             - utils (Directory, bfd9ad936af5ba241c6ca97d7a220bd5)
                               - __init__.pyi (RegularFile, e02132c1d92d0f12882246bf6bd866fd)
                               - layermapping.pyi (RegularFile, d9095e0c3ccd2a0433cfe9bb5d0eb280)
                               - ogrinfo.pyi (RegularFile, 02608c52c90c16da72f6bbc76e2df18e)
                               - ogrinspect.pyi (RegularFile, ff04d5ad9b4d653985545f7fd82fea6f)
                               - srs.pyi (RegularFile, 48e365c22f7a7d073eadffba006d2253)
                             - views.pyi (RegularFile, 88f6cf1f47ac404f6aa094e7a24b05fe)
                           - humanize (Directory, b3d6538a86556d18424b65a41595b298)
                             - __init__.pyi (RegularFile, f571933bb948577b1f9f3076fb8fc7c6)
                             - apps.pyi (RegularFile, 192c2275f26aa9f5cc4fdf0f6dfa103f)
                             - templatetags (Directory, a1ecc353b422a45688028ab4f79be22c)
                               - __init__.pyi (RegularFile, f571933bb948577b1f9f3076fb8fc7c6)
                               - humanize.pyi (RegularFile, 144d99076cc3b04f7178e16b70327800)
                           - messages (Directory, 4b47695eafbeeb4803a04359c59f0b4e)
                             - __init__.pyi (RegularFile, 7d16342ebcb6fb9fe49378bdf65de50d)
                             - api.pyi (RegularFile, 9dfbbe1e8b9aaed863a839bd7169211f)
                             - apps.pyi (RegularFile, f9c2a1c7d92abad5f3e40302492cc06f)
                             - constants.pyi (RegularFile, 6d28700cd4c8da08218bfbc1f9ecc4ec)
                             - context_processors.pyi (RegularFile, d7ea6897ae99ccc30eacc76365e8a755)
                             - middleware.pyi (RegularFile, ab7256a5bb4480f21e45ed06d82ab591)
                             - storage (Directory, 4515adbd5150334e19c54242988e867b)
                               - __init__.pyi (RegularFile, 264fed14e2848635581a52fd500fd246)
                               - base.pyi (RegularFile, 5b38d6c3a9f7abefc8e87d41f4d292d9)
                               - cookie.pyi (RegularFile, b3f5f953b3a974096e9459610037df5f)
                               - fallback.pyi (RegularFile, 1054f7061a0c80ec94ee8038ea000a43)
                               - session.pyi (RegularFile, 512eabc463240e4bab8d167c6c389cf2)
                             - test.pyi (RegularFile, b26b1e8501d488228994ba7c2252f223)
                             - utils.pyi (RegularFile, 6361221c3c820bf0802df3bdd0685b73)
                             - views.pyi (RegularFile, cf88c1adaa6de488c4365fde79748d35)
                           - postgres (Directory, e36ce60b236981278639b44677968ed5)
                             - __init__.pyi (RegularFile, f571933bb948577b1f9f3076fb8fc7c6)
                             - aggregates (Directory, 3491325cd3adfd9ec9196457e3443a40)
                               - __init__.pyi (RegularFile, c4431bd016ad8d06a2891227cc353b17)
                               - general.pyi (RegularFile, 8d40d9ac70caf3bc6a5026a0d6c0ae48)
                               - mixins.pyi (RegularFile, 4667b136e54b8fa31bd16019eddb63be)
                               - statistics.pyi (RegularFile, 2fce029fd855dec4c5b414e1bd5a5752)
                             - apps.pyi (RegularFile, 6c41c93a1b51f3d060007db2e378d5c3)
                             - constraints.pyi (RegularFile, 3f4b0a8bd26f46e26ade7dcedc57b967)
                             - expressions.pyi (RegularFile, 316a8a896780a9254a393426c5668875)
                             - fields (Directory, 7a17f66848297bd4bc7524833a2aaa2c)
                               - __init__.pyi (RegularFile, 326cf5ca144653c63cf167ad1b2dbec0)
                               - array.pyi (RegularFile, 2b96e828b5f0840ff08a59beb4422fce)
                               - citext.pyi (RegularFile, 25eef7a69c0dca32b971b4b880deabb9)
                               - hstore.pyi (RegularFile, ab11b288eb8057f08d73b5f24f8ef355)
                               - jsonb.pyi (RegularFile, 1c9047e922b560d7eda949b831abfb43)
                               - ranges.pyi (RegularFile, 306747b7dc594f4340bc295eb677255e)
                               - utils.pyi (RegularFile, d23b06a0de588b5e8bf3c9dfdb8a4ad3)
                             - forms (Directory, 9fb11d5aaf0fa810d2e9f3ecbf325200)
                               - __init__.pyi (RegularFile, 2a1f76fa264dc69f0a0a71407a5b1035)
                               - array.pyi (RegularFile, da4507df655aba28984df28752dcccd6)
                               - hstore.pyi (RegularFile, 287fa9b9008f5ac0a3e411e1adaf2524)
                               - ranges.pyi (RegularFile, 2bb18184f4867b13b5d5af1f476118ef)
                             - functions.pyi (RegularFile, 48a610c3b711771f378c51bae0dfdbf1)
                             - indexes.pyi (RegularFile, fc7941314688cbca4829d0c04e4e3896)
                             - lookups.pyi (RegularFile, eb5121a23a97818914609ae0f2dfdac6)
                             - operations.pyi (RegularFile, f4cc18afbcf87180a3e6dc4efbfe972e)
                             - search.pyi (RegularFile, a94b0653879d23fe9b87c7d35bfe0ec2)
                             - serializers.pyi (RegularFile, 5769ca9af2bf4de6f0d92136b750ba2d)
                             - signals.pyi (RegularFile, 7b7fda407f278c37bdd8710cff5a5820)
                             - utils.pyi (RegularFile, aed766551b3730d05ddfe8ff77416b75)
                             - validators.pyi (RegularFile, 5fb1e02483e462f64082372992d5a299)
                           - redirects (Directory, 8b4d90a9e9769f5b480da4d899122615)
                             - __init__.pyi (RegularFile, f571933bb948577b1f9f3076fb8fc7c6)
                             - admin.pyi (RegularFile, 78ea0dd8ed028b81cc5d1e2d48764292)
                             - apps.pyi (RegularFile, c3ea1eb3df180cc5e9416db14dbc6dd8)
                             - middleware.pyi (RegularFile, 031ac9fd721f67465d14f3f98d82f570)
                             - migrations (Directory, a1bc231b0126f5fc50663a4f6115f629)
                               - __init__.pyi (RegularFile, f571933bb948577b1f9f3076fb8fc7c6)
                             - models.pyi (RegularFile, 16e44e3a05bc519345e5272fc76a7aa1)
                           - sessions (Directory, b34761d1905db2232896d01a2364d514)
                             - __init__.pyi (RegularFile, f571933bb948577b1f9f3076fb8fc7c6)
                             - apps.pyi (RegularFile, 97ad00ea882f00dfb380e9a3a17fda97)
                             - backends (Directory, 576396a5b062328e1fa40baa4fb6da27)
                               - __init__.pyi (RegularFile, f571933bb948577b1f9f3076fb8fc7c6)
                               - base.pyi (RegularFile, 97150e11e15af63387d6ef5763da3f0d)
                               - cache.pyi (RegularFile, aebeede19942f98390958d0a298d06a9)
                               - cached_db.pyi (RegularFile, 8f4d1169106ccd9df3a8cfa59801ee8c)
                               - db.pyi (RegularFile, bbcaf8cb306d5c295ebedacbb33c8bc5)
                               - file.pyi (RegularFile, 9645298a780835d2fa42ae808a14b14a)
                               - signed_cookies.pyi (RegularFile, 358d56c1757ebdc233d8fd7c96ec26be)
                             - base_session.pyi (RegularFile, e5ee5fa014b73e1fe1c2bbd41227a394)
                             - exceptions.pyi (RegularFile, e9036b17635133fe40fa33222998d119)
                             - management (Directory, aeacf2e5e56b75069bd31b47999db6f7)
                               - __init__.pyi (RegularFile, f571933bb948577b1f9f3076fb8fc7c6)
                               - commands (Directory, ceae0e798f3c5786d8e9ef5476a43511)
                                 - __init__.pyi (RegularFile, f571933bb948577b1f9f3076fb8fc7c6)
                                 - clearsessions.pyi (RegularFile, 1381336c6778fc2b916feb5a6e82dd67)
                             - middleware.pyi (RegularFile, ba73ab5b1a854aadf007d88942774aae)
                             - migrations (Directory, a1bc231b0126f5fc50663a4f6115f629)
                               - __init__.pyi (RegularFile, f571933bb948577b1f9f3076fb8fc7c6)
                             - models.pyi (RegularFile, 2dfad24ffd17b4b6374d7424b7abb579)
                             - serializers.pyi (RegularFile, d699174a434bd19c58fa3a6c5a1c60b3)
                           - sitemaps (Directory, 7c206650c043fe275961a7b79a71cdaa)
                             - __init__.pyi (RegularFile, 7b00e34781103622793a4425afe8191f)
                             - apps.pyi (RegularFile, 609b19d22cd03a6a478c3c5ac6148b07)
                             - views.pyi (RegularFile, 7a3780cbe9aaa6a9a0dcb9e19502419e)
                           - sites (Directory, 40ea127293b2e23efb5ad29efc1ddbc0)
                             - __init__.pyi (RegularFile, f571933bb948577b1f9f3076fb8fc7c6)
                             - admin.pyi (RegularFile, 46d0e7212c07a67b7649493fdf672aa1)
                             - apps.pyi (RegularFile, dd3b9d9ae6fe253dbf7d4637bd05eb45)
                             - checks.pyi (RegularFile, 1441501fe9361b9d890ccb925322489e)
                             - management.pyi (RegularFile, 53984d25073adf0ce873c2bbe0a6ec5f)
                             - managers.pyi (RegularFile, 1dfb28f4e079276b9adf5c1ed1c4d605)
                             - middleware.pyi (RegularFile, a0f9e4976adb0a8e58ef24773d0b2b2f)
                             - migrations (Directory, a1bc231b0126f5fc50663a4f6115f629)
                               - __init__.pyi (RegularFile, f571933bb948577b1f9f3076fb8fc7c6)
                             - models.pyi (RegularFile, f83f43b65ac34fd97cc8f712f7ed3dc4)
                             - requests.pyi (RegularFile, 3053a753c04a2960280a1f88b1e98f0f)
                             - shortcuts.pyi (RegularFile, 314a4fd480c5210463efd88b41557c35)
                           - staticfiles (Directory, 34b5c273b5bbe94ae43295f2273473c1)
                             - __init__.pyi (RegularFile, f571933bb948577b1f9f3076fb8fc7c6)
                             - apps.pyi (RegularFile, 6c0bcf19d9ac5ddbe0dc56416417aa9d)
                             - checks.pyi (RegularFile, 0ff91388080eb3a3ca5d34b8bee0f8fc)
                             - finders.pyi (RegularFile, edea61ba956ac2bbf3e3b8ec11e8f441)
                             - handlers.pyi (RegularFile, cded780bc2e85a6caa8a1bbe3abd067f)
                             - management (Directory, 23a605585e0a5e3cbe1a3ea8003b3296)
                               - __init__.pyi (RegularFile, f571933bb948577b1f9f3076fb8fc7c6)
                               - commands (Directory, 1ffd17b7ecec968f2d5942ac990a8750)
                                 - __init__.pyi (RegularFile, f571933bb948577b1f9f3076fb8fc7c6)
                                 - collectstatic.pyi (RegularFile, dd8e16664a1a2d933d88b824ccbd8e02)
                                 - findstatic.pyi (RegularFile, 786891d9ad96683e0967c14d9d93e257)
                                 - runserver.pyi (RegularFile, c8cbe4b7f1854199d2eead32c1a71037)
                             - storage.pyi (RegularFile, a37d966e6e2202cc25e78ece54f3de01)
                             - testing.pyi (RegularFile, 5f5bee86987b8738f2230948c92c59da)
                             - urls.pyi (RegularFile, b2c10e80e9ac82b5e2fa949b1f41c687)
                             - utils.pyi (RegularFile, 0bff86c5d9effa35a1ea3d138d9a6d65)
                             - views.pyi (RegularFile, 509996fdb38978f139df8ee77a123b62)
                           - syndication (Directory, 6e1c083d93191a3b33470d0d8dd44974)
                             - __init__.pyi (RegularFile, f571933bb948577b1f9f3076fb8fc7c6)
                             - apps.pyi (RegularFile, fd11298d322f7d2765245b2ce63ab719)
                             - views.pyi (RegularFile, 34f605a9dc8b3b63e1a3b8a3e79b6913)
                         - core (Directory, 23e7fb3a89fb040b4885534596e464b8)
                           - __init__.pyi (RegularFile, f571933bb948577b1f9f3076fb8fc7c6)
                           - asgi.pyi (RegularFile, fd740e20c155888a776ad8470aeea271)
                           - cache (Directory, 9bd7adba4774b04680268eabb3d1aa7a)
                             - __init__.pyi (RegularFile, 5fa4ddcf779683d85f0e000e637b80ae)
                             - backends (Directory, 1a39d0c6d2624943009b1c6f56a08bd2)
                               - __init__.pyi (RegularFile, f571933bb948577b1f9f3076fb8fc7c6)
                               - base.pyi (RegularFile, 690857b0c08fe7a6fc8ccf8473f81808)
                               - db.pyi (RegularFile, 4fc0282f314d06dc7cbca44d88293802)
                               - dummy.pyi (RegularFile, 892528ca921a4d90aed3c3534548c87b)
                               - filebased.pyi (RegularFile, d2d477a075284d07fbb364742f3a5701)
                               - locmem.pyi (RegularFile, 73c93eee53cd2f01feafa241efa1005e)
                               - memcached.pyi (RegularFile, 13c083290270a95f4305b6f53b3ebec0)
                               - redis.pyi (RegularFile, 00315a7039725639c2500c3f316168c9)
                             - utils.pyi (RegularFile, ea79ee7918a05a7b238fa681ae5e9021)
                           - checks (Directory, a45487f652876fc4040af8b70400c9e0)
                             - __init__.pyi (RegularFile, ab24eaf1c07d94bbd9dd3eb3bdd2f116)
                             - async_checks.pyi (RegularFile, 8ceccf1fd234cf162c0bc232cdea92ea)
                             - caches.pyi (RegularFile, 5172359f05a32b7e5971ccf704a9da3f)
                             - compatibility (Directory, b94782cdb13210f71edabef9804bae12)
                               - __init__.pyi (RegularFile, f571933bb948577b1f9f3076fb8fc7c6)
                               - django_4_0.pyi (RegularFile, 52d5d60facc6d00ef6c79ab167f99572)
                             - database.pyi (RegularFile, aca8390d693aa00eaa63d7138070be4b)
                             - files.pyi (RegularFile, abf403b755ea5a4bfcf90955146a9aa5)
                             - messages.pyi (RegularFile, 1f109fb5ee3739cfa4f908dee94a118f)
                             - model_checks.pyi (RegularFile, d11f19080f89eae21b17a2f929fb2d7f)
                             - registry.pyi (RegularFile, fe65a7877b2dbe8f8f375c7644acbff2)
                             - security (Directory, 9c26f4f8f5d590954c3c1320db000f64)
                               - __init__.pyi (RegularFile, f571933bb948577b1f9f3076fb8fc7c6)
                               - base.pyi (RegularFile, c6ede4d9490b1f4015e6bd59db042c1e)
                               - csrf.pyi (RegularFile, bb244422ec865183c4a6f9f2fcb696c9)
                               - sessions.pyi (RegularFile, 105d31c766dd5107e6eceae2c8c38cd8)
                             - templates.pyi (RegularFile, f8a49979bf9f5c19afc1365793fbec55)
                             - translation.pyi (RegularFile, 26e6c2fd35cf4c8e10bf0a53fb577dc2)
                             - urls.pyi (RegularFile, 3a18468ee490ffd265f3adc753614971)
                           - exceptions.pyi (RegularFile, 17eca38ead379c15b35c1257d1dbaa1f)
                           - files (Directory, eb479bcb011b687833df23cf277cee29)
                             - __init__.pyi (RegularFile, 64d0dd3c095dae14773a18d478001640)
                             - base.pyi (RegularFile, 1222b540cc08ca75919762bcdf5d07c3)
                             - images.pyi (RegularFile, 372bc0f0fb81c033266cc43b84a20f56)
                             - locks.pyi (RegularFile, 0c2996801b092936b1738140c207db60)
                             - move.pyi (RegularFile, 455e8abc36a2ca5713c7fd95900e366f)
                             - storage (Directory, ecd584bb84431dedf648378c1d924838)
                               - __init__.pyi (RegularFile, 38e2b2a263c3306794ce7acfe4b91d08)
                               - base.pyi (RegularFile, 870c5b25ce6d00c67d455909631c1272)
                               - filesystem.pyi (RegularFile, fd6132bf0e3e875719b42fb28b89d2ae)
                               - handler.pyi (RegularFile, 350417d7974fa858d97c10c2575bd2e7)
                               - memory.pyi (RegularFile, c28de51404d93be4a321bb4d356a015c)
                               - mixins.pyi (RegularFile, b0a263029bfd742391c7fdefb42d3254)
                             - temp.pyi (RegularFile, 98cd0d4a6e25b43ac0c8a324226d6e03)
                             - uploadedfile.pyi (RegularFile, c1402bcedc82a7fb09ce7969f7cb1a63)
                             - uploadhandler.pyi (RegularFile, 9ff4b0807cad4149c7d60d0ce071d64c)
                             - utils.pyi (RegularFile, 01ae41bc328fc36135bef1f5f403e02f)
                           - handlers (Directory, 30ed1380822c143a681dfee0e34e007f)
                             - __init__.pyi (RegularFile, f571933bb948577b1f9f3076fb8fc7c6)
                             - asgi.pyi (RegularFile, f6e42235da43f00259fa774fde7b346f)
                             - base.pyi (RegularFile, 59d65cac32a75234db456a6ae5d0e0cc)
                             - exception.pyi (RegularFile, cf38bcb03785a4a479397a249a2ebf47)
                             - wsgi.pyi (RegularFile, 2a0a33ef621822799f31ecd69dfbc591)
                           - mail (Directory, 4b74b837042681a42a38e105f7adab15)
                             - __init__.pyi (RegularFile, 07ef3e21f66799bedb373f00b2178f06)
                             - backends (Directory, 0655c3aa543cde442dd203786a45c680)
                               - __init__.pyi (RegularFile, f571933bb948577b1f9f3076fb8fc7c6)
                               - base.pyi (RegularFile, 3f21632cce84756ffc6f941514224d79)
                               - console.pyi (RegularFile, cc9dafd687e3c77a1d4b3718fd80aa31)
                               - dummy.pyi (RegularFile, 8b568c5d0de56fb2b82083c62a78fdc9)
                               - filebased.pyi (RegularFile, 87719aceb310d3b11b8b75fec597b202)
                               - locmem.pyi (RegularFile, 8b568c5d0de56fb2b82083c62a78fdc9)
                               - smtp.pyi (RegularFile, ad43c00f2714f00a76373a1cc4d1825c)
                             - message.pyi (RegularFile, 865f59e5925d4f501ca639620b9299d1)
                             - utils.pyi (RegularFile, 782a94679d0efb2c52937a5df225482a)
                           - management (Directory, 37b29ca66ce4e1c0307ddf4810710a49)
                             - __init__.pyi (RegularFile, 011b7ec601311e6595dab3a680f42ea4)
                             - base.pyi (RegularFile, 2b31d97dc9d8faae2c5c6d3d112d0f3a)
                             - color.pyi (RegularFile, 24c7a736f849b4c664a4b1a07f281867)
                             - commands (Directory, d722daa2e15c18ae60a1fe83761680ea)
                               - __init__.pyi (RegularFile, f571933bb948577b1f9f3076fb8fc7c6)
                               - check.pyi (RegularFile, 871323ccf23bfdfdd003742eab92d814)
                               - compilemessages.pyi (RegularFile, ab6185a124f3801ab48c915ef0f88a6f)
                               - createcachetable.pyi (RegularFile, f7837d4fa4d66ecca20a262d4e5ee924)
                               - dbshell.pyi (RegularFile, 1381336c6778fc2b916feb5a6e82dd67)
                               - diffsettings.pyi (RegularFile, 7da3d933585eca7b52d8462f4dcc3ee5)
                               - dumpdata.pyi (RegularFile, 728e8d9982190d5ffb4c12e66b8ea03b)
                               - flush.pyi (RegularFile, cddf3db9a5b6bb682adbcde19c64148b)
                               - inspectdb.pyi (RegularFile, aec141605adb770bdc75995124085f6a)
                               - loaddata.pyi (RegularFile, d6941993825deccc2551ebe7a9c27d4d)
                               - makemessages.pyi (RegularFile, e84cc650dcc2921a7641ea0dfa5757de)
                               - makemigrations.pyi (RegularFile, 8fc648aaf0331296830217ddbf01df15)
                               - migrate.pyi (RegularFile, 0a3cdd7971ed0e6f0a99e7b42c337bca)
                               - optimizemigration.pyi (RegularFile, c8b2ec87e2f2f04f4132bcbe1e71fa77)
                               - runserver.pyi (RegularFile, 34b44b704e64bcc9072d72f8e000b532)
                               - sendtestemail.pyi (RegularFile, dcd9e64ac719f1bc2fd6f58a05c3c2b9)
                               - shell.pyi (RegularFile, 0fe823ced4844576012e7ebf2cd21af4)
                               - showmigrations.pyi (RegularFile, 868a958836361027d1e191ac50e5617e)
                               - sqlflush.pyi (RegularFile, 32f9bfaffce20f7fb19f3682347ae00e)
                               - sqlmigrate.pyi (RegularFile, 634932fb9c48c07594f01670b0362bae)
                               - sqlsequencereset.pyi (RegularFile, 60694ebd6660b53ab2af2c32b941ce95)
                               - squashmigrations.pyi (RegularFile, 89fbd422d8ef54190d75b88d83139f30)
                               - startapp.pyi (RegularFile, 31eebdbb04c8fe2d4820abea3670c42b)
                               - startproject.pyi (RegularFile, 31eebdbb04c8fe2d4820abea3670c42b)
                               - test.pyi (RegularFile, 74c906d29ebf3cedf1bfab24841453b2)
                               - testserver.pyi (RegularFile, c8b2ec87e2f2f04f4132bcbe1e71fa77)
                             - sql.pyi (RegularFile, 6c9d179c9441f43ed30103b7b06cace8)
                             - templates.pyi (RegularFile, 3b6ec34023d95ca75bb7229bdbcf19c4)
                             - utils.pyi (RegularFile, 825955d394cb3e2d9e0ae282f10be22d)
                           - paginator.pyi (RegularFile, c1809cd3d8eb2413b10ec0238d1ca178)
                           - serializers (Directory, 26499e3ba9d7ca53cb5a75fc11d29bc4)
                             - __init__.pyi (RegularFile, 9151f33896a927bf79f327856622dc7e)
                             - base.pyi (RegularFile, 0dfda85a701698adf42c1261fe3b7884)
                             - json.pyi (RegularFile, a99983ebc5f572801ac24cf559118d15)
                             - jsonl.pyi (RegularFile, 22d79a1dfe47b208ee62cf7849a06a8f)
                             - python.pyi (RegularFile, 71379b0f3abd135434b8e5f3a113652b)
                             - pyyaml.pyi (RegularFile, 5346632067d09df468c97d7ff000a825)
                             - xml_serializer.pyi (RegularFile, b259a7cd9e8a43b8a6af72cb75741254)
                           - servers (Directory, 8bd505e18d836e5cd50acacc1e405f0b)
                             - __init__.pyi (RegularFile, f571933bb948577b1f9f3076fb8fc7c6)
                             - basehttp.pyi (RegularFile, 4062af88a003c115455bbd123822bd8f)
                           - signals.pyi (RegularFile, a88982c407cb9e0c031e7841a4c520c4)
                           - signing.pyi (RegularFile, 3945ae0763f63857aedc6fd4af5faa2f)
                           - validators.pyi (RegularFile, cbe500e614b49d67e8156252d34fa737)
                           - wsgi.pyi (RegularFile, d4c37c1442f7f5fc11a5bbbaa39e70d6)
                         - db (Directory, ada323572270a9e2454ce8bb84d8c295)
                           - __init__.pyi (RegularFile, 838165a6ec283367c9a552e7bd169fe6)
                           - backends (Directory, 40ac46eedd4f0dec29767cdd8ef21738)
                             - __init__.pyi (RegularFile, f571933bb948577b1f9f3076fb8fc7c6)
                             - base (Directory, 56a40b5c55b0e084158a292747d4f082)
                               - __init__.pyi (RegularFile, f571933bb948577b1f9f3076fb8fc7c6)
                               - base.pyi (RegularFile, a67b40555e70063dbdd9f8a242ba4a3f)
                               - client.pyi (RegularFile, c8f20447be42cb4ef1610bc1d8a33430)
                               - creation.pyi (RegularFile, 664814440c98867e44a09bf549d32b84)
                               - features.pyi (RegularFile, 60b59895e5fe3e7b1260b3b65e0ff7a3)
                               - introspection.pyi (RegularFile, bf577d1a047ce4e2de224ebaf08e6048)
                               - operations.pyi (RegularFile, 701eb50cece29ee7672d5d1eeac096ea)
                               - schema.pyi (RegularFile, bf2dec3e4b8fd00a1099ef420b9cd1d0)
                               - validation.pyi (RegularFile, 8641ba4a6d751488b29a5421204df940)
                             - ddl_references.pyi (RegularFile, 7806177352cb328a2c4c2ec17548d243)
                             - dummy (Directory, 081b54f8e23682822f8e76252777083e)
                               - __init__.pyi (RegularFile, f571933bb948577b1f9f3076fb8fc7c6)
                               - base.pyi (RegularFile, 36d891bac9b037f1c5bbbda16622a8b9)
                               - features.pyi (RegularFile, 014ae26ae2dcfb64b55baaabeeb72f66)
                             - mysql (Directory, 28aba29c128d04ab9fea69a842f95404)
                               - __init__.pyi (RegularFile, f571933bb948577b1f9f3076fb8fc7c6)
                               - base.pyi (RegularFile, be9c92f1987af40af9df7eea26bab032)
                               - client.pyi (RegularFile, 84140c8858d6a3d4729c8d2fe03e096b)
                               - compiler.pyi (RegularFile, c4a9ea60131e8a5a41ccfda7833dd97e)
                               - creation.pyi (RegularFile, 1d52085ca614c1e89fb3cdfaae72e2fb)
                               - features.pyi (RegularFile, e25c830d8c221f8707c6b4a7529daf88)
                               - introspection.pyi (RegularFile, 8f600a2905a70f656784f41b0d45b2a7)
                               - operations.pyi (RegularFile, 994441fb309db651ed877133d874310b)
                               - schema.pyi (RegularFile, ab0d5d7f7db17639d8b246758121f322)
                               - validation.pyi (RegularFile, 749be87451e26eb8cca0fdfc3b18a876)
                             - oracle (Directory, 0648c686c3b88bac52f24ec6b6180f28)
                               - __init__.pyi (RegularFile, f571933bb948577b1f9f3076fb8fc7c6)
                               - base.pyi (RegularFile, 7eb29be82514a376e5793f9a432c49a9)
                               - client.pyi (RegularFile, 94faddbf4362144fc85102f20568a008)
                               - creation.pyi (RegularFile, b6274a82c40068decb1f485e1b1e24a2)
                               - features.pyi (RegularFile, eebd2f923e2ddaf3f1a367332040542a)
                               - functions.pyi (RegularFile, f09905492ec2733c67876f3e6f36e3db)
                               - introspection.pyi (RegularFile, efe72a54460bd10e27e4336fb51cdc5c)
                               - operations.pyi (RegularFile, fb4aa65fdd1ceede6fdfd26896361690)
                               - schema.pyi (RegularFile, 804aba4fa7be5514f03bd13534fe5833)
                               - utils.pyi (RegularFile, 202544f0f07b535f8815035a4a1a9607)
                               - validation.pyi (RegularFile, 5104c76c7b6af55d135df7db99480c3a)
                             - postgresql (Directory, 80ded9105b5c90cf37cf0af2130b4f4a)
                               - __init__.pyi (RegularFile, f571933bb948577b1f9f3076fb8fc7c6)
                               - base.pyi (RegularFile, 477ad18234e21b2cc353e8fef28289ef)
                               - client.pyi (RegularFile, c7af5cf1cdf0486e7dda77440f94383e)
                               - creation.pyi (RegularFile, 73ee09de4383379fc402b72581421f2b)
                               - features.pyi (RegularFile, bab39155bae8bd4283830f89d4e684ed)
                               - introspection.pyi (RegularFile, 75fc4d443eeaac4a4cd292f2c9c0e367)
                               - operations.pyi (RegularFile, 1a0d0bb112b487d0ac748b943ed269a9)
                               - schema.pyi (RegularFile, 20f18d0828d6ff3401ae514b69ee9d8a)
                             - signals.pyi (RegularFile, bcd6e71928b8f7cf9d55ef48dc558ea1)
                             - sqlite3 (Directory, 67e774c3e740a230dd8b7ba8ea1c3d22)
                               - __init__.pyi (RegularFile, f571933bb948577b1f9f3076fb8fc7c6)
                               - base.pyi (RegularFile, c9119db7c4fc43dc79004dd5bf8dae2e)
                               - client.pyi (RegularFile, 1f0f13e4e34e6bb1fdfb716cc09edde4)
                               - creation.pyi (RegularFile, 128d62ba77b09fc65c435cf5c14766cc)
                               - features.pyi (RegularFile, 80043159a480b06274efc9d5737e6282)
                               - introspection.pyi (RegularFile, cfcf94db5b8ea210c02bd848ff3a2fc7)
                               - operations.pyi (RegularFile, 1a7bd97c2f374861a7c858944bfbd461)
                               - schema.pyi (RegularFile, accabaaf458a60a93404164164a1da6d)
                             - utils.pyi (RegularFile, f218daaee50caaf4d807e252ce4d639e)
                           - migrations (Directory, 04fee4a33bd518cc19f3c41256473561)
                             - __init__.pyi (RegularFile, e827a3300f726478f40948f2a19bf7b8)
                             - autodetector.pyi (RegularFile, 75f7a334add4f31cb863a474e7e56680)
                             - exceptions.pyi (RegularFile, cb2ed32547d941d112f51b889f15798d)
                             - executor.pyi (RegularFile, 9500a05c6e4a3986182366f54264335f)
                             - graph.pyi (RegularFile, 219e0f4f9a9c63d8abc87aff42cff339)
                             - loader.pyi (RegularFile, 746e126a9ed90c408746c2e72ef30fc8)
                             - migration.pyi (RegularFile, 430b5bb4ad982221e6a236a5179639da)
                             - operations (Directory, ccf857c7c0a256123ce036d388aaf0dc)
                               - __init__.pyi (RegularFile, 1e1ce807fd524a3ad3e230956fbcd480)
                               - base.pyi (RegularFile, f53ae2baf94c780b7640b6e553c9efd6)
                               - fields.pyi (RegularFile, 25ca66d449eaa4ef6155804267fce002)
                               - models.pyi (RegularFile, 2aba2ee1e28e8ba0d6a86a373a476326)
                               - special.pyi (RegularFile, ce820f2c5d5ed81a64d9bc9e113d07dd)
                               - utils.pyi (RegularFile, be1282315cdedbfa723866ba8b0117cf)
                             - optimizer.pyi (RegularFile, d079f3ea5534ad10d7c4c3de22a40efb)
                             - questioner.pyi (RegularFile, 5ba974087c9ef2a779f33c936cebd91c)
                             - recorder.pyi (RegularFile, 185c94af714ed2a73d286fb481320776)
                             - serializer.pyi (RegularFile, cf414f2f46438081542bb31155e7b98d)
                             - state.pyi (RegularFile, f56c118d4c4c8f4017181ead14cb4d83)
                             - utils.pyi (RegularFile, f99d85dc465c9cb582443b240bc6c23d)
                             - writer.pyi (RegularFile, 1ef97a26f97470465160b81aae0c3fde)
                           - models (Directory, f2cee6be9590fbc2e00e04961c21ac0d)
                             - __init__.pyi (RegularFile, 0f17af44b8cd6797482bc46bc5c6ae35)
                             - aggregates.pyi (RegularFile, 5814cbfea2155cff9de5235bb43b440e)
                             - base.pyi (RegularFile, 86d390daa15c34d37409a7a1f59025aa)
                             - constants.pyi (RegularFile, 71e3b90e1afdb34a87c5e01c89c7f89c)
                             - constraints.pyi (RegularFile, fc80b2f3cbcea8ecc753bbacda3821b6)
                             - deletion.pyi (RegularFile, 0473d91fb440f69249bc0a96f29ef7a5)
                             - enums.pyi (RegularFile, fb4c02f24064828bc03eefd891919f2d)
                             - expressions.pyi (RegularFile, 256a8fd7d317c4b68afa34ffe3a1dc6a)
                             - fields (Directory, 1ad34b9472eab7f01334f15b1fcda9ec)
                               - __init__.pyi (RegularFile, 3ad1b7752e38cc0cfb1ff1af368a4d45)
                               - composite.pyi (RegularFile, 929f5230df62cf88df2f8f7b69819bd8)
                               - files.pyi (RegularFile, c39b84944d45f5f48c40bce0131e9c78)
                               - generated.pyi (RegularFile, 7f7eff5e6838d11574c2dfbc80dbc25a)
                               - json.pyi (RegularFile, 8c97593e14130a2f991280257624f5f9)
                               - mixins.pyi (RegularFile, 5ce91185447c09831fa87d046cc3ae9d)
                               - proxy.pyi (RegularFile, 9b3ebad23fb0437c058ae751cb4c96ca)
                               - related.pyi (RegularFile, 978265dab3e82079fc63706c49c6b568)
                               - related_descriptors.pyi (RegularFile, cde2abda9348719400e91a84db507f1c)
                               - related_lookups.pyi (RegularFile, e2a59eeca13e42c587cd783ad6750862)
                               - reverse_related.pyi (RegularFile, b4d083bdaeef225ea4b30ade8836fc86)
                             - functions (Directory, 1ddc4dd8868da3782d2652b1a361d00f)
                               - __init__.pyi (RegularFile, a2aa7486c3d010a02024966661c0c79b)
                               - comparison.pyi (RegularFile, 939ceb0a2b6ab213849880dd84475f14)
                               - datetime.pyi (RegularFile, 87c3b4a09d911355e4191fd03f048736)
                               - json.pyi (RegularFile, d1d9f6942df337e4f9a32e5247858090)
                               - math.pyi (RegularFile, ccfaa43d35efc5f04359a935862c9329)
                               - mixins.pyi (RegularFile, e97aafa75dbe6da035ff11056fd57b99)
                               - text.pyi (RegularFile, bf394cb9f738e2a2b44793118a7d16c9)
                               - window.pyi (RegularFile, 50dd9d8d981067f48d57d65dce55a161)
                             - indexes.pyi (RegularFile, ac5544ac0c648766a8c4780dfd1952f3)
                             - lookups.pyi (RegularFile, d6b657956e26a0f2bc438dd410bd490e)
                             - manager.pyi (RegularFile, ff1c487b50f20265bc30aeafe1eed62f)
                             - options.pyi (RegularFile, 7aa7075ab474bb85dc3fb18a4438b1b6)
                             - query.pyi (RegularFile, 8ea610e65001fc4aaa831a9a894d4bd8)
                             - query_utils.pyi (RegularFile, 5aaca0d3cb5db0b36e50544ad7a83a22)
                             - signals.pyi (RegularFile, 98459d4c4bc13beb910ded154362e4b6)
                             - sql (Directory, e40c47d00cd98ed93f2566d7d6e2cbd5)
                               - __init__.pyi (RegularFile, 1b2a0937eed29de0935161284e2c3a61)
                               - compiler.pyi (RegularFile, 27c717f4ece0a0f44358714787a993ab)
                               - constants.pyi (RegularFile, 25abd23623fa963f3f6147a262d1d324)
                               - datastructures.pyi (RegularFile, b554b2de502bae76d974ffdbc6db08b8)
                               - query.pyi (RegularFile, 7a10e85cca909e58db336ea0d061a2b9)
                               - subqueries.pyi (RegularFile, fd658f8a9b74c0dedaa489db0a604dac)
                               - where.pyi (RegularFile, a750593b89d5d182a27264d6eea340cd)
                             - utils.pyi (RegularFile, fc8b687b1e92986007fc755a421417ad)
                           - transaction.pyi (RegularFile, f6fa4386de9fb7d7a7a85beefd94d8ce)
                           - utils.pyi (RegularFile, 0bf029cf9f2f9c56d8409e20b535815d)
                         - dispatch (Directory, 7cd4905338fec94fa00f9e8fc0d9befb)
                           - __init__.pyi (RegularFile, b8d94d6335e45d437f86cd5bca3343c6)
                           - dispatcher.pyi (RegularFile, dbf446b57e185f75dc70761747c306b6)
                         - forms (Directory, e77fe71c313b08c0359a1b18a11fa91c)
                           - __init__.pyi (RegularFile, 5713d20a507e888ded3b3137ea9bb409)
                           - boundfield.pyi (RegularFile, 3b0d4d11f187aec298fc8b3cb995430c)
                           - fields.pyi (RegularFile, 7b096bcf8d7116c252dfe4bfbb0a4884)
                           - forms.pyi (RegularFile, 193434406a3323fff5cd304db3c1db30)
                           - formsets.pyi (RegularFile, 6af266e8a7d32928e5d1a21ee80db9f5)
                           - models.pyi (RegularFile, 54b535cc17175e54154653a85ebdcf1e)
                           - renderers.pyi (RegularFile, 99a5a35585484a1195aa568f5989aeb3)
                           - utils.pyi (RegularFile, b73628466823cb8c75f9aa0e65175b1d)
                           - widgets.pyi (RegularFile, 27d931382473293bb47ff3d0aeca44f2)
                         - http (Directory, 43878efb904c19d0e6bee87cfd03f73e)
                           - __init__.pyi (RegularFile, 244b16d5ad507c1e2dfa1376b5f6aef0)
                           - cookie.pyi (RegularFile, 26917efaa44062384c7caa4961c6335f)
                           - multipartparser.pyi (RegularFile, 32f5dad8dc186125d8532246596571ee)
                           - request.pyi (RegularFile, fec77210fa3e7b6f5477666bfca1a5a5)
                           - response.pyi (RegularFile, 42cf1c29c61b3e45dbf18c2e8c0c1e4f)
                         - middleware (Directory, 1a1bad8a49e3662da7cf00ab7d23b6db)
                           - __init__.pyi (RegularFile, f571933bb948577b1f9f3076fb8fc7c6)
                           - cache.pyi (RegularFile, e5cdcc245fe55990b774af75262a0c1b)
                           - clickjacking.pyi (RegularFile, 43447bee0167162d2ed7cf7a2a65affe)
                           - common.pyi (RegularFile, d1f97e05642d31fd2d94b30362ab3bee)
                           - csrf.pyi (RegularFile, 6184d5d1e447ef94911429989342a1d4)
                           - gzip.pyi (RegularFile, 4d197f10b095f79275e7ff5cf2e7edf9)
                           - http.pyi (RegularFile, 1b9870f9983c818e0160e1d62b4265d6)
                           - locale.pyi (RegularFile, 0f6586ae14f5e4b4a3cd95bf8bf66006)
                           - security.pyi (RegularFile, 0aec5815370e0d5e4cfd159be214e063)
                         - py.typed (RegularFile, f571933bb948577b1f9f3076fb8fc7c6)
                         - shortcuts.pyi (RegularFile, fcb61745d2c45df76bba5967c011bf8b)
                         - template (Directory, 059611fa16788f3eb940231207213e5d)
                           - __init__.pyi (RegularFile, 74cddd34f2c4908c3d06f6213a8ad32b)
                           - autoreload.pyi (RegularFile, ccd833d63e0f797f0d6e22f8f111cbec)
                           - backends (Directory, ce5c5a17f3712c07eb43d801a3d2c34d)
                             - __init__.pyi (RegularFile, f571933bb948577b1f9f3076fb8fc7c6)
                             - base.pyi (RegularFile, 4b5dfc1aa29ae565778e177e13a65051)
                             - django.pyi (RegularFile, 2a41666c02285bfa801f8c3ceb612a74)
                             - dummy.pyi (RegularFile, 3c0ce375c7b7e50e78bd39e1a2b4e892)
                             - jinja2.pyi (RegularFile, c98938dc61e491274e3faf63553339c4)
                             - utils.pyi (RegularFile, abbc7ca4aaceac7e651f9a2ac6863fdd)
                           - base.pyi (RegularFile, 1c65b4c96eb16ff344a1355568b947fb)
                           - context.pyi (RegularFile, 2d59fbe62bd430207fdd52228113c795)
                           - context_processors.pyi (RegularFile, e980d505978ddab7d764446bfd15c8ea)
                           - defaultfilters.pyi (RegularFile, c91c7acfaf224fef2874929591bb8693)
                           - defaulttags.pyi (RegularFile, 81cb967da6db4393c6ad040433d6b5ab)
                           - engine.pyi (RegularFile, 3f5ad97f4f4d5064eb53d41df4c6df0a)
                           - exceptions.pyi (RegularFile, 84c053258ecc83c1a6ca6a725809c0db)
                           - library.pyi (RegularFile, 56e68a06a5d55c7998ac23e186738d68)
                           - loader.pyi (RegularFile, c5c34ba7b96626ebeafa69bb7f8216aa)
                           - loader_tags.pyi (RegularFile, a3c2b1f3a630da36769ed2a901f09772)
                           - loaders (Directory, 353aea5816b6a1d2f20b0ee5f567bb66)
                             - __init__.pyi (RegularFile, f571933bb948577b1f9f3076fb8fc7c6)
                             - app_directories.pyi (RegularFile, 6c88a849d82641c2c4f6204c886a1d29)
                             - base.pyi (RegularFile, 1d1e9d6ff0677158edb708cf59058288)
                             - cached.pyi (RegularFile, 5925e306f33fd1443fd687fc544e83a0)
                             - filesystem.pyi (RegularFile, 5a52d1cfa32bcedc734da7a3f97852d6)
                             - locmem.pyi (RegularFile, 4686a201eb1e057057fa179997897ae5)
                           - response.pyi (RegularFile, cdefb35e0c28c9bf16f49240769504cc)
                           - smartif.pyi (RegularFile, 3707a91e1a48d3d87eb8ac882ce74cec)
                           - utils.pyi (RegularFile, 1611f437de892e1788d40bcc0df60f48)
                         - templatetags (Directory, 2d112b592ba0effbb65bdc63b97c143f)
                           - __init__.pyi (RegularFile, f571933bb948577b1f9f3076fb8fc7c6)
                           - cache.pyi (RegularFile, 2f99e98a7c54a087b523ae25cd76160d)
                           - i18n.pyi (RegularFile, 897afce0d51f38552ef6ce4c4cb21fd3)
                           - l10n.pyi (RegularFile, 2fc4ed1e4db1612ab32a656cd111e744)
                           - static.pyi (RegularFile, d1f8dba6234aed4591ca97d2f0d7d7e6)
                           - tz.pyi (RegularFile, a53143039d89743f10eb98480d5fcd06)
                         - test (Directory, a1bfccf6d28420cc85bec34f4309e6d1)
                           - __init__.pyi (RegularFile, 442bda44f11150c15f7786e7a327bc67)
                           - client.pyi (RegularFile, 52524c31c079e7247e562350aec3b2d0)
                           - html.pyi (RegularFile, 38630f77b5124209b88038e9692a07a3)
                           - runner.pyi (RegularFile, 7c4517d545cd3b981a5bda144f6e5061)
                           - selenium.pyi (RegularFile, 2bc789f58089483d669aa086c2ee7fa4)
                           - signals.pyi (RegularFile, d6115a8d8cf05acd6e21fecaa9c4bd81)
                           - testcases.pyi (RegularFile, 1f1ac6b048bf1e9a1dfaa007f8474047)
                           - utils.pyi (RegularFile, eb794f19b0072d9f9bb828cd4b7bc95d)
                         - urls (Directory, 47cfe2eff29cb51796359947690a5a8e)
                           - __init__.pyi (RegularFile, a4fe2523266d732330600f08dc8e5c57)
                           - base.pyi (RegularFile, 8104d5fa9b5465cb18941930fe0e9d9e)
                           - conf.pyi (RegularFile, c6afc31f1a1efb59b3f3a94cc4208021)
                           - converters.pyi (RegularFile, ca40e5252b5d7c2f1404f855d8d2912d)
                           - exceptions.pyi (RegularFile, 77711496df63dcd55fa8d9d5711dbcf7)
                           - resolvers.pyi (RegularFile, 2ec8596e6bc8a3dae76726bc6eb6bece)
                           - utils.pyi (RegularFile, ea89475587d0dbf52b07aea4104ed19f)
                         - utils (Directory, 537f29fb7633bd754f5df939273de905)
                           - __init__.pyi (RegularFile, f571933bb948577b1f9f3076fb8fc7c6)
                           - _os.pyi (RegularFile, c33f7c4a32097a43fd027fcfe271b308)
                           - archive.pyi (RegularFile, c1054688a841695f3a5194fd4e965856)
                           - asyncio.pyi (RegularFile, 093c7d9c30b41c929010efe03980c108)
                           - autoreload.pyi (RegularFile, e36d742e863f900dcbb92a64e5926299)
                           - cache.pyi (RegularFile, f9178bb79b7855602504c9c2f7b77549)
                           - choices.pyi (RegularFile, a29c87d3d76c85e514a0acd1b845bf33)
                           - connection.pyi (RegularFile, 68c014e1b399a0fe3db2a67a903c3b18)
                           - crypto.pyi (RegularFile, 5163090660623837a2ca0b4538bf7dd6)
                           - datastructures.pyi (RegularFile, a1fc34ba3a900aaf58d8789497b6f70d)
                           - dateformat.pyi (RegularFile, ae35adb97d4e0b072eda20efd2c9ac09)
                           - dateparse.pyi (RegularFile, a0248ab66f5d0f0bc6b00cf82740b88f)
                           - dates.pyi (RegularFile, 9bb1a5ed6ac9a40be0227d4b574926b0)
                           - deconstruct.pyi (RegularFile, e46ee08ae71ca2be0174f107ef0027ff)
                           - decorators.pyi (RegularFile, 97d7a93d4132afaf958227e52c1d5011)
                           - deprecation.pyi (RegularFile, a324ad6f5f6687bee6915e1f2bf7d688)
                           - duration.pyi (RegularFile, 4dfb08f7b23b63c76d73f9af718de9a4)
                           - encoding.pyi (RegularFile, 97a8a2578625720030bcff516dc8fb9e)
                           - feedgenerator.pyi (RegularFile, e1e493a645717d6f78150e3fad0562e8)
                           - formats.pyi (RegularFile, 21f2b3bb281737c5fd0d4c94b8e9b21b)
                           - functional.pyi (RegularFile, 7928144375205b6f386180a3b077c6d7)
                           - hashable.pyi (RegularFile, 96b3fca264abcb98521fb84dffb9b642)
                           - html.pyi (RegularFile, e0fa7c5cb9cb2fd14b493121cc13b6dd)
                           - http.pyi (RegularFile, 84b32d6002f8e8befe154ba0f119ac93)
                           - inspect.pyi (RegularFile, 4fa0c16badbec656fde923b1a1f0fa47)
                           - ipv6.pyi (RegularFile, 66b846140bce7ce2214f59f4f79e2109)
                           - itercompat.pyi (RegularFile, e4ecd3ee6f5ed7fe31392de362cfc152)
                           - log.pyi (RegularFile, 52fa145f7db67d89f7793235c2c849ea)
                           - lorem_ipsum.pyi (RegularFile, 8bb3dd1a2f90c9747114b28d3c2cd959)
                           - module_loading.pyi (RegularFile, adccc9d0b4145be5ceea5143f1fd4715)
                           - numberformat.pyi (RegularFile, 55181a9fd85edd562d7a40bceb97e348)
                           - regex_helper.pyi (RegularFile, 1dc7c6cf3ac1b9cdad249d8e92dae54d)
                           - safestring.pyi (RegularFile, 25984d69d6e8c170fe79d131edba8ce3)
                           - termcolors.pyi (RegularFile, cb6054846df8da9c6cdfce40dfe008f6)
                           - text.pyi (RegularFile, a624fda8a57a91a3e79b7dac8c967901)
                           - timesince.pyi (RegularFile, 9ce53eed51df14904d937177c41eb934)
                           - timezone.pyi (RegularFile, 040d00e4b3f0c6432c4f9c1e75608208)
                           - translation (Directory, bf7daee3b9debb4ac58ad8313c6a6eba)
                             - __init__.pyi (RegularFile, f75fd5e61ae34611da5ae9a3a64bd9d1)
                             - reloader.pyi (RegularFile, 1ed482f960f37974039e61bd9c574b6a)
                             - template.pyi (RegularFile, d996973bf0abcaeb0c794e0471476db5)
                             - trans_null.pyi (RegularFile, c72f26ee72e075b6d57371cdfa2dd6ad)
                             - trans_real.pyi (RegularFile, 37d1ef7fa85a51dd1a4a39b3a64a3e83)
                           - tree.pyi (RegularFile, 0b1f3db2051b711307bea02c286f6e0e)
                           - version.pyi (RegularFile, ea3a9fb24f771717a61159038a6ab9d6)
                           - xmlutils.pyi (RegularFile, ef44d647f5bf2c65031c1556840c7381)
                         - views (Directory, 57d99d4fb6c67f9914fbf6e3d816660f)
                           - __init__.pyi (RegularFile, 706520f07565e433487c5c00a6020447)
                           - csrf.pyi (RegularFile, ecd5cd224809abf5df71597c696a6c80)
                           - debug.pyi (RegularFile, 0d7570f1091f0ce376d76d7e68ad823d)
                           - decorators (Directory, bc4904f16ad0ffea8d6ef480c7ca5170)
                             - __init__.pyi (RegularFile, f571933bb948577b1f9f3076fb8fc7c6)
                             - cache.pyi (RegularFile, 14cafa59766c4aa800eb1e1d55b13e0e)
                             - clickjacking.pyi (RegularFile, b508545446182318bd0925c028ff16f3)
                             - common.pyi (RegularFile, d8288fd70e26a6dd1d5c72967c363dba)
                             - csrf.pyi (RegularFile, a9ebc24cbd93cbe01d03fd1a4b679467)
                             - debug.pyi (RegularFile, a45faedb4dcfb4edd4b8503fa84b12ee)
                             - gzip.pyi (RegularFile, fa85b1ff9dc91c26c810fe8401568a1d)
                             - http.pyi (RegularFile, ae5f3f7d203600dd29053e69036880d1)
                             - vary.pyi (RegularFile, b4d444e631c26ce0423e03dd7df7caf1)
                           - defaults.pyi (RegularFile, a85607082234fe777d103bafb9f01889)
                           - generic (Directory, 2af13065ce4196c190b611e48b457fae)
                             - __init__.pyi (RegularFile, 200f64fe1c7cca0598ff080517d30dc5)
                             - base.pyi (RegularFile, 9120c1b87e232990fd1b7ab096f02088)
                             - dates.pyi (RegularFile, 6623725114b536068e33110b6b386ca9)
                             - detail.pyi (RegularFile, d658af8e3eae75d97750b93b78a8189c)
                             - edit.pyi (RegularFile, d29c1d50577521cf348fd689b9b5de38)
                             - list.pyi (RegularFile, e1d7fb181e09bc58b2aa8d76a3ed5884)
                           - i18n.pyi (RegularFile, 88263a4ab5d2d1540098da574b5fd27c)
                           - static.pyi (RegularFile, 4345a1e1a1193a8bc9a18c51e673db81)
                   - check_all_test_suite.py (RegularFile, bf3b9582fb47bd61623a20b700b36a3c)
                   - conda_packaging_tool.py (RegularFile, d322d8832502f4667fcc6fa53902eb89)
                   - coverage_runner (Directory, 546ec5ce35d02d2641c5754a5a3da07d)
                     - __init__.py (RegularFile, 6f364a19c4736fb8c980c9cc7d66ee2d)
                     - run_coverage.py (RegularFile, 4f6f6c887b157e64e18ccc32e8478c4a)
                   - coveragepy_new (Directory, 7248a6899aef4efb1260e8da9e5ca18e)
                     - __init__.py (RegularFile, 2272fc21894149f64e74b208b1d64b67)
                     - coverage (Directory, a8efadd0820287dfdb5efe4a04123e99)
                       - __init__.py (RegularFile, b69d409d8698091b9df9874fb9ea33dd)
                       - __main__.py (RegularFile, 0a95b02fb737cf295a4d97a0624d6cfb)
                       - annotate.py (RegularFile, d32c808cf3f593232047cd12ce45598e)
                       - bytecode.py (RegularFile, 1a466a02f7f8d6860fd9092c9edfc169)
                       - cmdline.py (RegularFile, 6aeec1229d30b5b2b908f6e7a64f5381)
                       - collector.py (RegularFile, dd2cb23a752b4bda2ed3ca4c0987886e)
                       - config.py (RegularFile, 0ab767740b7d6178cbf8a8ed2bc589e9)
                       - context.py (RegularFile, 682ebffebe00b2b6389370b2bf2c952d)
                       - control.py (RegularFile, 582ad2ddb07031fe18bcd5939825fe7e)
                       - ctracer (Directory, 4db229a55ba5e125b4d4377c1ee6987d)
                         - datastack.c (RegularFile, 7fce7bf43d8168479153ca1113ee2245)
                         - datastack.h (RegularFile, 7905bc2bf2a8ca42fcad9da76e0b34cc)
                         - filedisp.c (RegularFile, 85753643124923b3cc6dd7edc771dfe4)
                         - filedisp.h (RegularFile, a9539bc1bf36cc9fd02e49c52e1b0c32)
                         - module.c (RegularFile, db8001a66ce0d95bbe323a57b3a5f321)
                         - stats.h (RegularFile, ad8884de6a0da5135fe2ab3e5fce101f)
                         - tracer.c (RegularFile, 5252a025882b513d4654a7ff2083f8c7)
                         - tracer.h (RegularFile, af40fc1c136cf7c6445b1b9d6c20ff9a)
                         - util.h (RegularFile, 7febf35df9f2b3ded1ca298ce1c40af0)
                       - data.py (RegularFile, 3fea48bc2d74856d9d7ca66c2fbe9056)
                       - debug.py (RegularFile, 1959a8161d309fd33f4d2c4035ea5e23)
                       - disposition.py (RegularFile, fc301eaab52104b489e5900a23aaf97d)
                       - env.py (RegularFile, 36936aa7b47a8c036daa667d134e2311)
                       - exceptions.py (RegularFile, 4cb6cbd27e4b1edf0447a73d7f8ac36c)
                       - execfile.py (RegularFile, 8d5b086e715a82305ffc6164c24c6062)
                       - files.py (RegularFile, 8b727d2bcc3ad2e5c8e7ef1e9a564f3f)
                       - fullcoverage (Directory, a28130f39ca715b9a7c4f81d4f55ad71)
                         - encodings.py (RegularFile, 2da0393c9883def0b1a953fa27f1ac92)
                       - html.py (RegularFile, 0375194eea0b985158dc1a5da730c1ac)
                       - htmlfiles (Directory, f67dfd6ca847737560d72ec377c51324)
                         - coverage_html.js (RegularFile, 58ca541101c9a7ffa2264010a627a6d9)
                         - favicon_32.png (RegularFile, 7001da66c15f14a465057a72e523fd61)
                         - index.html (RegularFile, 00fe95e158368a2c44ad064a2293b265)
                         - keybd_closed.png (RegularFile, a1af57d37411350328dc53e6197e35c2)
                         - keybd_open.png (RegularFile, 343f43250dd224395757339370b1d55a)
                         - pyfile.html (RegularFile, 5fed8d832fc83316edf605f0509c2311)
                         - style.css (RegularFile, bcc6b07c0b5246e0a512c917fe074fd0)
                         - style.scss (RegularFile, fe031c3c00970b9f1162342d46188745)
                       - inorout.py (RegularFile, 7431b384621667b5932935f04159f4d9)
                       - jsonreport.py (RegularFile, e444718080ef03a97e993dddef52efdb)
                       - lcovreport.py (RegularFile, 8f17c8c21280b782a81a68c6489701c7)
                       - misc.py (RegularFile, 19ab537cd00225f2b4e9615f38acd99a)
                       - multiproc.py (RegularFile, 19ad26c99be93035d115b769e5967004)
                       - numbits.py (RegularFile, 35b28a14b3d9135df1b5c864e7707b10)
                       - parser.py (RegularFile, 7803b66863c8efdfb5ad0b4b931c4f2b)
                       - phystokens.py (RegularFile, e160fbb747b9c991c9fd0cb8b5866301)
                       - plugin.py (RegularFile, a7ab457bb7b8fb35ed015141e487be55)
                       - plugin_support.py (RegularFile, c72d5ecadc92cc4f1796776b49ba9780)
                       - python.py (RegularFile, 69ecb1f3466bb724b455f72e4883ca2d)
                       - pytracer.py (RegularFile, 08024060689d9a963a3bd84d7dad1b35)
                       - report.py (RegularFile, bb43275ec2a2572d6fcb3b3c7542d806)
                       - results.py (RegularFile, 43343e09b69597b0a28651cd5238e15d)
                       - sqldata.py (RegularFile, d23128070df0eaf0c07b338a156adedf)
                       - summary.py (RegularFile, b254b55bd54aa5605dc2c9cda4b3fdaa)
                       - templite.py (RegularFile, dbae49d0f2ef444991cd1e610c7b68bd)
                       - tomlconfig.py (RegularFile, 768906e6c7bb493dd2a0f46411d14429)
                       - version.py (RegularFile, deef2a29e8568dc1cee7f8aaa37a844f)
                       - xmlreport.py (RegularFile, d92969c93102124a3a9142aaa610501e)
                   - coveragepy_old (Directory, 0806a529b0078fbfa0b2f54477dc999a)
                     - __init__.py (RegularFile, ec312718739bfd2b759cee7c526e2e7e)
                     - coverage (Directory, cdc962ce3c819318df6f235528aa79cb)
                       - __init__.py (RegularFile, 542e5bd372e46579e0bce36091559511)
                       - __main__.py (RegularFile, 0a95b02fb737cf295a4d97a0624d6cfb)
                       - annotate.py (RegularFile, e4acdb7d73f67c62b27ba652cf2d0fde)
                       - backward.py (RegularFile, d8b904adaa95c0f3e0332709d07437f3)
                       - bytecode.py (RegularFile, 1a466a02f7f8d6860fd9092c9edfc169)
                       - cmdline.py (RegularFile, 7726c18e026e961145362d224b93fbdd)
                       - collector.py (RegularFile, 6a9426bc7bcb46e0e8b3d20ee8b782b6)
                       - config.py (RegularFile, e8416f809761bac53ed9916df95c3018)
                       - context.py (RegularFile, 99004b9759d207fbbff5461dc206b026)
                       - control.py (RegularFile, 374517c807c00c15263ec3dca61cbf37)
                       - ctracer (Directory, cc8767e8225840e8aca2cf534d1f7bda)
                         - datastack.c (RegularFile, 7fce7bf43d8168479153ca1113ee2245)
                         - datastack.h (RegularFile, 82d80825eced9d6c921977857eb3d44c)
                         - filedisp.c (RegularFile, 1198d30121ac0db3aed03cbadb3b3571)
                         - filedisp.h (RegularFile, a9539bc1bf36cc9fd02e49c52e1b0c32)
                         - module.c (RegularFile, b9ee0c64c25864bb8b08cb0037bd1156)
                         - stats.h (RegularFile, 15d88ab2963345824c870e8ed41bf457)
                         - tracer.c (RegularFile, 5b5d5468f6f70165d6378ce65cdbb49e)
                         - tracer.h (RegularFile, 065e178fea733dd25bcb45e9012e29cc)
                         - util.h (RegularFile, aa1f129f4acdb0c6e3feabd1e776ec95)
                       - data.py (RegularFile, db88aab879a8e934030cf0373dd3707d)
                       - debug.py (RegularFile, 077f4193f70aff896892113616f3d53a)
                       - disposition.py (RegularFile, d1707e2bfec0389b04f6bea37658310f)
                       - env.py (RegularFile, a3833d6e111998a96743d2f22c83fb3b)
                       - execfile.py (RegularFile, 77524bdfa8b5b1602f30fae06564d7a4)
                       - files.py (RegularFile, 687ac1e170b22359e4b7cb65cccef219)
                       - fullcoverage (Directory, 71b69a1a0f285c763cf2aa236ee05c2b)
                         - encodings.py (RegularFile, 5c0eb0be7d27bfa5e729427c1ddec9b9)
                       - html.py (RegularFile, 3d4dc7fddb3f0fa899a1db39fbb3ff89)
                       - htmlfiles (Directory, be279496be9fcc4e48a931280be6f533)
                         - coverage_html.js (RegularFile, e3c040e6e4bf3f11caf78af4a442d711)
                         - favicon_32.png (RegularFile, 7001da66c15f14a465057a72e523fd61)
                         - index.html (RegularFile, 60dc142886a9c29d9b347503d1358bb4)
                         - jquery.ba-throttle-debounce.min.js (RegularFile, f635672c4cd83af4e1d4c62847b042a3)
                         - jquery.hotkeys.js (RegularFile, 26372cd51b856948538fddb213bb1566)
                         - jquery.isonscreen.js (RegularFile, 0544f80dd86741fde21bbe8d079e20b8)
                         - jquery.min.js (RegularFile, 1594a734cc5c5b00a59e11c92d428685)
                         - jquery.tablesorter.min.js (RegularFile, 72ed7e0b7835d6f7e563d5d744650d36)
                         - keybd_closed.png (RegularFile, b942f248b8cd254137fac0b919a403ab)
                         - keybd_open.png (RegularFile, b942f248b8cd254137fac0b919a403ab)
                         - pyfile.html (RegularFile, e80f00eeffdc8dcc0acf4470dc243065)
                         - style.css (RegularFile, 82bfeab18c788bc0510802b822f4ee24)
                         - style.scss (RegularFile, c7c3fcd20d16d7bf2c3e5351262c4533)
                       - inorout.py (RegularFile, a9b6680acb6dd46bf5b7bec81a36b19b)
                       - jsonreport.py (RegularFile, a9f0b8706e0508670bbf155b27ef5ea4)
                       - misc.py (RegularFile, 363685f4595b3e0e85352b65ea017ff2)
                       - multiproc.py (RegularFile, a4fcb68ae122ad51a745c6a62d2edcc2)
                       - numbits.py (RegularFile, f4670d19d37ffbf65e7f271456be8984)
                       - parser.py (RegularFile, e705f002feb3eae322ee92dcf3ab1931)
                       - phystokens.py (RegularFile, be4d4ddba83b4c519acf14e0bdfca8bb)
                       - plugin.py (RegularFile, 4bce28562435c7949d46bdfc4bb69464)
                       - plugin_support.py (RegularFile, 8a3347a113b4d9e67897199ff7593257)
                       - python.py (RegularFile, 94c0e7a24db88d113817fa1c5cf041c6)
                       - pytracer.py (RegularFile, c46e46b6217b5e517fe42ae705ceab5f)
                       - report.py (RegularFile, 3e5f174b54bf5f7ad9e91198f3e360d8)
                       - results.py (RegularFile, 7357b30ef336b9c4a6453387d9f54a0b)
                       - sqldata.py (RegularFile, 1076372d30de72e2721842346c25819b)
                       - summary.py (RegularFile, 8201080d68da05ab00dee4d01e2cd796)
                       - templite.py (RegularFile, 8484785158c1b2e0c2353dc5661dd877)
                       - tomlconfig.py (RegularFile, d1a548c750d0a444a52ea21f46ab1e1e)
                       - tracer.cpython-310-x86_64-linux-gnu.so (RegularFile, d492ef33ca410814a3853a214a60ed7c)
                       - version.py (RegularFile, 35f4d0a2a1842b193e94f0af5cd37e78)
                       - xmlreport.py (RegularFile, ab22fba1ae21a556fd2de8294315008c)
                   - debugpy (Directory, d6b55e2cf598fd6ca1da52b3f377a231)
                     - __init__.py (RegularFile, ca389d2e59b1243416e6bacc6e5dd156)
                     - __main__.py (RegularFile, cbd88f75948527ecc7dbbc7dc40b7f15)
                     - _vendored (Directory, 4998be219fbde761938a53619f0cabcf)
                       - __init__.py (RegularFile, 15180d02bcbe93aa8cbeeedfa20a5a24)
                       - _pydevd_packaging.py (RegularFile, 58eac49b4fdf808c55129b31c747c8e9)
                       - _util.py (RegularFile, 5bbca5b698dc5770bf9851d932837efe)
                       - force_pydevd.py (RegularFile, b950e15bcd316ea36a543d9bb3a7b9b0)
                       - pydevd (Directory, 935a602949b1a7b41b23992ea46d1278)
                         - .gitrepo (RegularFile, 73f77478f8e1b6043baf29d0107ee718)
                         - .pydevproject (RegularFile, ad0018cb624b1d124c2986d1b5497b07)
                         - .settings (Directory, 2e1420da367bd1e3e31689823c8a7758)
                           - org.eclipse.core.resources.prefs (RegularFile, 093ad5ee8a40274a7385416c62daa156)
                           - org.python.pydev.yaml (RegularFile, 0b618ce48653adac45162ffc378f5441)
                         - __init__.py (RegularFile, f571933bb948577b1f9f3076fb8fc7c6)
                         - _pydev_bundle (Directory, b2ae658a802cabc622819470bf9f1727)
                           - __init__.py (RegularFile, f571933bb948577b1f9f3076fb8fc7c6)
                           - _pydev_calltip_util.py (RegularFile, 58b9fd0dfe2a0b6c91851f141ccda363)
                           - _pydev_completer.py (RegularFile, 66fb1f4b6c04dfa7ca871e8e247f9d51)
                           - _pydev_execfile.py (RegularFile, 355d7c9f42adca64aae3dec7d895f6c0)
                           - _pydev_filesystem_encoding.py (RegularFile, 8eed71d7e544dc8466363993f17170e2)
                           - _pydev_getopt.py (RegularFile, 439425a778eb524ed90ced4cc7b95291)
                           - _pydev_imports_tipper.py (RegularFile, 51b6c5a20e2054c2d8bf6d413f69c6a9)
                           - _pydev_jy_imports_tipper.py (RegularFile, f4a77209ee03fa2f2c66088b28642955)
                           - _pydev_log.py (RegularFile, a1cd657c56658820000570823576ad08)
                           - _pydev_saved_modules.py (RegularFile, 2751ee316b3c15cc95c67e5ec2a29d91)
                           - _pydev_sys_patch.py (RegularFile, 0c32588ade3b4c528893edbde04f01f6)
                           - _pydev_tipper_common.py (RegularFile, 7fe980911d342023d88481083552b682)
                           - fsnotify (Directory, 8ee5b0aa2866555096a40af9f68d15b5)
                             - __init__.py (RegularFile, 45f993ff14f10c7a1a33f840ea0c0215)
                           - pydev_console_utils.py (RegularFile, d175256f0eeeccf6cedf5c3a37e96b04)
                           - pydev_import_hook.py (RegularFile, 8a42a6ac37b39cc3974916f17a083550)
                           - pydev_imports.py (RegularFile, 4341191e4f865ebdba85a67ff6d6398a)
                           - pydev_ipython_console.py (RegularFile, 629ffb19e8ed211a3c18e6009de5633f)
                           - pydev_ipython_console_011.py (RegularFile, b18083b5c636c2b8ed82c57c0e9ee641)
                           - pydev_is_thread_alive.py (RegularFile, 0cc4e43f50e4cde98748549206bb9bd8)
                           - pydev_localhost.py (RegularFile, 50ff72a76b9765591142c123564118f6)
                           - pydev_log.py (RegularFile, 5be05026343ebfa2e0bb8816c48d8e5c)
                           - pydev_monkey.py (RegularFile, 0e764f823c740cd62b79a1d42cc593e4)
                           - pydev_monkey_qt.py (RegularFile, bb90a873428759629c9660be6b4d204b)
                           - pydev_override.py (RegularFile, c1b1f814d336f1e72f8eccffd4e18c2e)
                           - pydev_umd.py (RegularFile, baecec9b559227ba2ccbe208d791bd61)
                           - pydev_versioncheck.py (RegularFile, dc767a346d875b1d1bf04d560b048dae)
                         - _pydev_runfiles (Directory, 159d162e0be17c92173b5d7d58549f32)
                           - __init__.py (RegularFile, f571933bb948577b1f9f3076fb8fc7c6)
                           - pydev_runfiles.py (RegularFile, c5c138ce3dfa59a3d043537f4ce74269)
                           - pydev_runfiles_coverage.py (RegularFile, 03ce1b69803f8b17b0279892ad0b7e5a)
                           - pydev_runfiles_nose.py (RegularFile, d0451958d2ca215ebf49c7e4fc6471f9)
                           - pydev_runfiles_parallel.py (RegularFile, 04a9a90ef826df05b1d3de63f6a7bbfb)
                           - pydev_runfiles_parallel_client.py (RegularFile, d0479038408e57196fa3901f61ec8223)
                           - pydev_runfiles_pytest2.py (RegularFile, d0faa312cc63ab2ab755fd562d716f53)
                           - pydev_runfiles_unittest.py (RegularFile, 7439034f8568158a6690e6b4238faa69)
                           - pydev_runfiles_xml_rpc.py (RegularFile, 634da90bf2e288932310b8687e1e2efc)
                         - _pydevd_bundle (Directory, fdee0143179140984cbfd2d6ce8a447d)
                           - __init__.py (RegularFile, f571933bb948577b1f9f3076fb8fc7c6)
                           - _debug_adapter (Directory, 5cfbd73b6e75bb4e166dde9b5d066580)
                             - __init__.py (RegularFile, f571933bb948577b1f9f3076fb8fc7c6)
                             - __main__pydevd_gen_debug_adapter_protocol.py (RegularFile, 8b77dfdac1ce2aacfc4a23648dfb1c2b)
                             - debugProtocol.json (RegularFile, 10458f6dcc383a7f12e26156ed8ed592)
                             - debugProtocolCustom.json (RegularFile, 06e9e2630371692cdee48a501126c881)
                             - debugProtocolCustomPyCharm.json (RegularFile, affc8362fc14f9893df5dd3e52a5b826)
                             - pydevd_base_schema.py (RegularFile, 25418d2714431c28eed7d554bd19bd5c)
                             - pydevd_schema.py (RegularFile, 624d22d9eb6075612f823d5ebd0bf889)
                             - pydevd_schema_log.py (RegularFile, 512167aaf5d78630c5a18e8e8e63bb11)
                           - custom (Directory, 79def63cb4df0393e6719c5969ad3d62)
                             - __init__.py (RegularFile, f571933bb948577b1f9f3076fb8fc7c6)
                             - pydevd_asyncio_provider.py (RegularFile, 911235541ec115fbd3d3f1f3cf23f5fa)
                             - pydevd_constants.py (RegularFile, 0a55f1b463270aebf0093ed402a4d271)
                             - pydevd_custom_frames.py (RegularFile, 722f4d0e56fff15192cb1dfdc6650704)
                             - pydevd_repr_utils.py (RegularFile, c7be7e9af2f0f2883217d73f10fe55a6)
                             - pydevd_tables.py (RegularFile, 8495fbaf9cfc53ddb9011bbb951475ef)
                             - pydevd_user_type_renderers_utils.py (RegularFile, 9db09d3f4031be0e7c1c07dc42c8ef30)
                             - pydevd_utils.py (RegularFile, 399aa61b0c3e878fec74e23bd4175a30)
                             - pydevd_vars.py (RegularFile, 2883ab4153779a373918e3df1f841ffe)
                             - tables (Directory, a3ee1eb79c6c06521f7b4474270577b3)
                               - __init__.py (RegularFile, 0ea159181a5c608be2f976d8e90fc468)
                               - images (Directory, aaa9580d089607eb5972d93ef4207d39)
                                 - __init__.py (RegularFile, ac7e781a78b470bb9bd944cce921844e)
                                 - pydevd_image_loader.py (RegularFile, 31a2399509f1284eb9cd6b266499bf97)
                                 - pydevd_matplotlib_image.py (RegularFile, 922b21897999f529aef091799a5e1d12)
                                 - pydevd_numpy_based_image.py (RegularFile, 3928b340ccaedffea3f1415c5c36eaa5)
                                 - pydevd_numpy_image.py (RegularFile, f4ee69b417229aa2466272fd31c86d9e)
                                 - pydevd_pillow_image.py (RegularFile, e4f6b949498301cb9ba80cb8f4e1ee24)
                               - pydevd_dataset.py (RegularFile, 81847a09bc18a176ceb431b73fe49462)
                               - pydevd_numpy.py (RegularFile, ddf04be993c411f3a9fa02441184a8fb)
                               - pydevd_numpy_based.py (RegularFile, c2b715d9d737d08c93ce2978801d2739)
                               - pydevd_pandas.py (RegularFile, de8dd5513959ef5f97e8d0a31a70d194)
                               - pydevd_polars.py (RegularFile, 062ebcf51e11300c33ae267575d1ba77)
                           - pydevconsole_code.py (RegularFile, cdf3808f778cf3d4a57c0f808429485a)
                           - pydevd_additional_thread_info.py (RegularFile, 039a455101df98e36791d9b78c81b20f)
                           - pydevd_additional_thread_info_regular.py (RegularFile, c0204006c75e5d29f0d9bd766000e766)
                           - pydevd_api.py (RegularFile, e6ec664b0f4784a22af4a4bdb9799152)
                           - pydevd_breakpoints.py (RegularFile, d876a4eda705ce34089431e22651bae2)
                           - pydevd_bytecode_utils.py (RegularFile, ab7def77bdad3f48193aab5515f29292)
                           - pydevd_bytecode_utils_py311.py (RegularFile, 32bbf660f70828332119e7e6b4a12deb)
                           - pydevd_code_to_source.py (RegularFile, 53985a40ead858db775d41d1096eff41)
                           - pydevd_collect_bytecode_info.py (RegularFile, b7ffaae46fdd29ccddbb6406acc86d53)
                           - pydevd_comm.py (RegularFile, c85025b049aaca4842b684132f77e559)
                           - pydevd_comm_constants.py (RegularFile, b279a9110e898cb5c35885b5dda6c6d7)
                           - pydevd_command_line_handling.py (RegularFile, 84fd3c1a9e91e78296edf1af7ce81b02)
                           - pydevd_concurrency_analyser (Directory, 64e5416b12a60cdc86f6c5a44ba6182c)
                             - __init__.py (RegularFile, f571933bb948577b1f9f3076fb8fc7c6)
                             - pydevd_concurrency_logger.py (RegularFile, 7cb4594e22b6674348c43fb2c3bc79ab)
                             - pydevd_thread_wrappers.py (RegularFile, 7cd42c1233f169415d54f41f65d9b17d)
                           - pydevd_console.py (RegularFile, 560d315ff3cd5cc459800c16d9153b25)
                           - pydevd_constants.py (RegularFile, 97ce43a87baaf526aff4b48b6b20693e)
                           - pydevd_custom_frames.py (RegularFile, eb27364de5842063aea3e7f303f0fcc8)
                           - pydevd_cython.c (RegularFile, f3235f1fedd9068d72e8f537b3deb550)
                           - pydevd_cython.pxd (RegularFile, e16a17756ea8cc3d231f1530aa07e99e)
                           - pydevd_cython.pyx (RegularFile, b2964707d72a60f3a66d4807540ba83e)
                           - pydevd_cython_wrapper.py (RegularFile, e1f183c6c5e72d7ab50981762d0cebca)
                           - pydevd_daemon_thread.py (RegularFile, ad2f88f9df46a8b377717c9469484c85)
                           - pydevd_defaults.py (RegularFile, 00ea5e52e007540f6a430be0c149ea37)
                           - pydevd_dont_trace.py (RegularFile, bdb210e236718290fbb1b1a7b010ad87)
                           - pydevd_dont_trace_files.py (RegularFile, 18232301d5d0925c824096294f7764c8)
                           - pydevd_exec2.py (RegularFile, 318b0fa45fbc354228ce8f88dbf49f85)
                           - pydevd_extension_api.py (RegularFile, f69f19464c96a351d21797bd04496283)
                           - pydevd_extension_utils.py (RegularFile, 450c9f1903682f1947f938ccd027436c)
                           - pydevd_filtering.py (RegularFile, b46a9b62ade524dbcefaaf89e2f22424)
                           - pydevd_frame.py (RegularFile, 12148b0f57693b6f03250b03ea6d8cbc)
                           - pydevd_frame_utils.py (RegularFile, 1d591fdf0dba49698f418bff1d4eb01f)
                           - pydevd_gevent_integration.py (RegularFile, 0de11a5099165784c03c9483fb44287f)
                           - pydevd_import_class.py (RegularFile, 147c1689ae5719fb3ca41c71a5dd4102)
                           - pydevd_io.py (RegularFile, 436bd8a27a3128c5235fd8d7e878cd9d)
                           - pydevd_json_debug_options.py (RegularFile, 7ff6a28fa4d0a3e023615b965f9507e3)
                           - pydevd_net_command.py (RegularFile, e95e9a0eda244a9649d8616037ac25d8)
                           - pydevd_net_command_factory_json.py (RegularFile, 1d25d09d9940ed58d5b18b27a2edee4c)
                           - pydevd_net_command_factory_xml.py (RegularFile, acfc9d930fcd99b735220f9ff7b60803)
                           - pydevd_plugin_utils.py (RegularFile, a17ed7959ebde97b091ac92a3f2eba3b)
                           - pydevd_process_net_command.py (RegularFile, aec7fabe24b8e5ae3c2e4bf1cf71b975)
                           - pydevd_process_net_command_json.py (RegularFile, 29f552a473a0f7ea4eb3bfd4f5f9a5fd)
                           - pydevd_referrers.py (RegularFile, 6382ffc7ae0380b8ac5f751cb0301356)
                           - pydevd_reload.py (RegularFile, dbca1e502e86a2c1cdd562dec6c8262a)
                           - pydevd_resolver.py (RegularFile, 4d250d2555c2c5b7c36644945655284a)
                           - pydevd_runpy.py (RegularFile, ded4ed63c5ed74f3f321a5288c9ee529)
                           - pydevd_safe_repr.py (RegularFile, c55b5c840e6bb863e3ed521c5073ed94)
                           - pydevd_save_locals.py (RegularFile, a1092ca9c97ea76fc9e6f2e071d03edf)
                           - pydevd_signature.py (RegularFile, 97ba6cf50bf0bb134cf8818948ceb9f7)
                           - pydevd_source_mapping.py (RegularFile, 3bbce1334087770970dc7c2b7a0e759c)
                           - pydevd_stackless.py (RegularFile, 3b98d9255542cfcb716a3cefc840b40a)
                           - pydevd_suspended_frames.py (RegularFile, 5db542b54d56d42d69c70d8c55a474c6)
                           - pydevd_thread_lifecycle.py (RegularFile, 1382f443a7d17127f22be78860eeea2b)
                           - pydevd_timeout.py (RegularFile, fa97396dfdfb86adc8a981f88bc430ee)
                           - pydevd_trace_dispatch.py (RegularFile, 0547b9010b95e490bec11588ec4a8a70)
                           - pydevd_trace_dispatch_regular.py (RegularFile, 113988f4b1f0c9900a26b0178466d071)
                           - pydevd_traceproperty.py (RegularFile, 3437f8894b19f43901d356382236d3f6)
                           - pydevd_utils.py (RegularFile, ed0e69e2f240a73153940194e2f60737)
                           - pydevd_vars.py (RegularFile, 90b1e7dc352feea4c3d5a207853e7f40)
                           - pydevd_vm_type.py (RegularFile, 4e5897c538de41d6f7a85d65039ad027)
                           - pydevd_xml.py (RegularFile, a20f6e344240b021cfd0524be3aa882d)
                         - _pydevd_frame_eval (Directory, c81e35e64b358ad4a7be758a6c510eb2)
                           - __init__.py (RegularFile, f571933bb948577b1f9f3076fb8fc7c6)
                           - pydevd_frame_eval_cython_wrapper.py (RegularFile, cb2ca1df1915160b59b062b580081fd3)
                           - pydevd_frame_eval_main.py (RegularFile, be186f68f15b4df9a8b78789c5e736a4)
                           - pydevd_frame_evaluator.c (RegularFile, 13b266f56aef760be4064fa5ac0afbac)
                           - pydevd_frame_evaluator.pxd (RegularFile, f7a81fc650470ac3aec732a8d0956bd4)
                           - pydevd_frame_evaluator.template.pyx (RegularFile, 26de5b712f44cc81c1295997afdfd8e6)
                           - pydevd_frame_tracing.py (RegularFile, 415907ca3cdf1de4550f410745493738)
                           - pydevd_modify_bytecode.py (RegularFile, 46280d339e61ed5db172d9ed2be41632)
                           - release_mem.h (RegularFile, 12f61e9ab210842e4e8d3d0b01f6d27b)
                           - vendored (Directory, b290e8bdbbe66b88f133811443015db9)
                             - __init__.py (RegularFile, f571933bb948577b1f9f3076fb8fc7c6)
                             - bytecode (Directory, a1ed937a27f58261166549e826f7b542)
                               - __init__.py (RegularFile, 21bdd3fa3b00cbb0e9bb33aa09df47a9)
                               - bytecode.py (RegularFile, c1a5ece8b3c4444f11c5f1bf1635c4ad)
                               - cfg.py (RegularFile, 164d1524a58471123dcbc7a10dec1b71)
                               - concrete.py (RegularFile, 8169e5423bf2b8ae50aa3fb4fd145bfb)
                               - flags.py (RegularFile, 8794ebf429983f402bb0a54efd5d5461)
                               - instr.py (RegularFile, 1275f0743c5bb976e65d5e67f4f7a277)
                               - peephole_opt.py (RegularFile, b55f2f9be2b55d3615b8a6ed7be64198)
                             - pydevd_fix_code.py (RegularFile, eb9544bb7cb271f1e6e53633047d0881)
                             - README.txt (RegularFile, 2131015021b2a1216356490b8578d35f)
                         - _pydevd_sys_monitoring (Directory, 595a5441585e5a1dc19227e147b61a22)
                           - _pydevd_sys_monitoring.py (RegularFile, 2ccf5d725c3e6ad9e4c8d4f320183e52)
                           - _pydevd_sys_monitoring_cython.c (RegularFile, ec945b8931dc6ae4fab442b486491508)
                           - _pydevd_sys_monitoring_cython.pxd (RegularFile, 1f9b1c22c16d71b90736342df85335cc)
                           - _pydevd_sys_monitoring_cython.pyx (RegularFile, 9c4a65caef82272058be52b975634e7a)
                           - pydevd_sys_monitoring.py (RegularFile, abf10ded514ea6ddbb57641288aabd29)
                         - build_tools (Directory, 34646442ce9924420f432a84bc6f170c)
                           - build.py (RegularFile, 27f4d2ec6b6add421a3f1295a7f2d352)
                           - build_binaries_osx.py (RegularFile, 4b70f1deded6e1b7f8a707233d249636)
                           - build_binaries_windows.py (RegularFile, 9d6a15f73ce81902cf1961ed510099e3)
                           - check_no_git_modifications.py (RegularFile, d887fc8fe398c33e71b2cc2196ecf26e)
                           - generate_code.py (RegularFile, f840fec6da254cbc564ad345b0ddcc9e)
                           - names_to_rename.py (RegularFile, d45aba174263077bc941f425fca2250c)
                           - pydevd_release_process.txt (RegularFile, 3d4cd8f4bf21db56c257da46609d8dc2)
                           - rename_pep8.py (RegularFile, 56b87bdac925bd81d20db3704e78973e)
                         - gradle (Directory, 6ef91fe5470d65ddbc8882c872a59632)
                           - wrapper (Directory, 6ee4b4c749ad0ee039aa3ffda6c3d7fc)
                             - gradle-wrapper.jar (RegularFile, b98e87d76607dd16fe2f174697720e7f)
                             - gradle-wrapper.properties (RegularFile, 5d32782289d01eb1ac39b5341dbf40d0)
                         - gradlew (RegularFile, 04524e285a19932a5feff9ee14b50dcd)
                         - gradlew.bat (RegularFile, 17605a7117b31912bc3296beddb19d59)
                         - interpreterInfo.py (RegularFile, 0d545537aae2b5fae944ac17f2203f80)
                         - jython_test_deps (Directory, 100fb6f340116409d38ca3e0c9f6d007)
                           - ant.jar (RegularFile, af97d480af58293e09853c3aed7c820b)
                           - junit.jar (RegularFile, bad832c3a51fc696db1d221dfeb8677d)
                         - LICENSE-EPL (RegularFile, 6335e0580f2ad938d209504bd38a7ae3)
                         - MANIFEST.in (RegularFile, 79856319b7caab74186639e8ef15015c)
                         - pycompletionserver.py (RegularFile, 8f5af646f36da713bebd74297405f994)
                         - pydev_app_engine_debug_startup.py (RegularFile, c172a7f8eee3c80918c4e2dab4ceee2b)
                         - pydev_coverage.py (RegularFile, 97f7b7d7b77ab91a9200d28ebc8b2c46)
                         - pydev_ipython (Directory, cd31c4316089024318755061cf65f9ed)
                           - __init__.py (RegularFile, f571933bb948577b1f9f3076fb8fc7c6)
                           - inputhook.py (RegularFile, 798f23de275fe7a843f9fcedbed76a7a)
                           - inputhookglut.py (RegularFile, ecb55a08bfca1131ca861e40ffb9dc8a)
                           - inputhookgtk.py (RegularFile, 355658367e1c9533d4cb3c3a94d029bd)
                           - inputhookgtk3.py (RegularFile, 7f1162c94da0e4a1495e624e71a45877)
                           - inputhookpyglet.py (RegularFile, 0f73f16e3799078cbccda52cdb3800b6)
                           - inputhookqt4.py (RegularFile, 2f71f368cd13459038333313ec3b5a13)
                           - inputhookqt5.py (RegularFile, b62cd42215cbf66f4a8dcf3c26ee7e7a)
                           - inputhookqt6.py (RegularFile, 12ab6a8bdad66d0805d7f934bd902f0b)
                           - inputhooktk.py (RegularFile, fe59bf81ea26bb6dff1d3bf8a349135c)
                           - inputhookwx.py (RegularFile, fc53d949b12d74d1b500f5f53e44a259)
                           - matplotlibtools.py (RegularFile, 364617a40040e129dec02a9ec699cae2)
                           - qt.py (RegularFile, 127090df6503bf205c4965133aa2383b)
                           - qt_for_kernel.py (RegularFile, 54c5d8c4e05afb4c6a8825f6a354f0fd)
                           - qt_loaders.py (RegularFile, ae3364add68f5e5ff36718015f9038ec)
                           - README (RegularFile, b8959c88c65778de6c85c7abe83b1015)
                           - version.py (RegularFile, a015096de7710208b03cb64b63ea1385)
                         - pydev_pysrc.py (RegularFile, b090999d9b3edfa4a3fba4e1b5775d4d)
                         - pydev_run_in_console.py (RegularFile, 3979a9e08028947f1a8f1b42d7e1d235)
                         - pydev_sitecustomize (Directory, 84c280a44253255f0699c020c140bdbe)
                           - __not_in_default_pythonpath.txt (RegularFile, 9c5157c0df9c22ec8e3981035ec7efc8)
                           - sitecustomize.py (RegularFile, 9669a71a397fb9024dafd8223cf40c95)
                         - pydevconsole.py (RegularFile, dfbf9dc05b5bf89bf332cd00265c20c4)
                         - pydevd.py (RegularFile, 390bedc0a718bd9a689e6a654329d0da)
                         - pydevd_attach_to_process (Directory, dbed74646fae831bb0bbfd371e9f4340)
                           - _always_live_program.py (RegularFile, 1ba8ffd5b18f50344be192da1bfa75ba)
                           - _check.py (RegularFile, 59058039db703069a939ec8e82f0738f)
                           - _test_attach_to_process.py (RegularFile, 9920a51653c545a1c0371bd72f91cf4f)
                           - _test_attach_to_process_linux.py (RegularFile, e6a23d532483dad22d1f5bbe19d85761)
                           - add_code_to_python_process.py (RegularFile, d7a79179bc77b2ab2cb4945b66bd5b94)
                           - attach_pydevd.py (RegularFile, b4b6358fdeeee3f07e216b91c74ec5a6)
                           - attach_script.py (RegularFile, 5dd57d51a41008c799b25a8e5a48bd47)
                           - common (Directory, 52d61d15f1058dd5ec3cb6713ae2aa0e)
                             - py_custom_pyeval_settrace.hpp (RegularFile, c75b7b7dd9315a49cd26c08a56c2d7f0)
                             - py_custom_pyeval_settrace_310.hpp (RegularFile, 8923b1568db02764018a43a75a9abfeb)
                             - py_custom_pyeval_settrace_311.hpp (RegularFile, ee96a9bd4cad5f25c0aa17095af851e7)
                             - py_custom_pyeval_settrace_common.hpp (RegularFile, 283979f66b5004d31e6633ac34d3a69a)
                             - py_settrace.hpp (RegularFile, f698402aec59dfcc1aba259f92b6707e)
                             - py_utils.hpp (RegularFile, acef070b1daf433dc110965f8f1e4093)
                             - py_version.hpp (RegularFile, fa5d371e67eda3bad089302e5878d2c4)
                             - python.h (RegularFile, 44ef503503e411369c496aea71aaf70c)
                             - ref_utils.hpp (RegularFile, 59492cbc88b198558b2b84089e86dc31)
                           - linux_and_mac (Directory, fdf612488053147bf2c97080ca3e8d9f)
                             - attach.cpp (RegularFile, 7c31cb2acae799a36c8b961f45de4ef5)
                             - compile_linux.sh (RegularFile, 615c1a0d0279af4390df12d833e6dd5b)
                             - compile_mac.sh (RegularFile, fe6f72bc07cd7b2017ece620cbdaab5c)
                             - compile_manylinux.cmd (RegularFile, 2a97321933acbd4935aafa4b05a78969)
                             - lldb_prepare.py (RegularFile, 59ba3e096e57a066eaf945de5c7b0b98)
                           - README.txt (RegularFile, cc551b05e52af073aca2cc9ce9c864cc)
                           - winappdbg (Directory, 90e096b85f0a80b378b644b3227dfeb9)
                             - __init__.py (RegularFile, 16f4bea9aad61de4c010d3cf68a55a9e)
                             - breakpoint.py (RegularFile, 211be24e9fb904a84268012275a9ff08)
                             - compat.py (RegularFile, d61ddd65aa55b6d7ed32f8ab3171cb83)
                             - crash.py (RegularFile, 457d947ac4951c7eb3b40dee5d5742dc)
                             - debug.py (RegularFile, 0aa244c1439a8ef0615b33d28ddf9db8)
                             - disasm.py (RegularFile, 584a444381db4e5bbc73c02290a1b64f)
                             - event.py (RegularFile, 778cecb1fbacea1e07a573db32f0404a)
                             - interactive.py (RegularFile, 4c9fb1ed485b2b8b7806c63b8230e9f1)
                             - module.py (RegularFile, d834fa6a18095564697f0cc245a8b162)
                             - process.py (RegularFile, 5b82970967757942af3046cb8f0cd1ec)
                             - registry.py (RegularFile, 81854622ccca75af3b729ca707756a86)
                             - search.py (RegularFile, 332704c7ce1bcc12e310cf4b2f7b703b)
                             - sql.py (RegularFile, 7e2c0f5472e2978564833cb898080871)
                             - system.py (RegularFile, 091a2bd0fc56cd65272e2f33ed69b054)
                             - textio.py (RegularFile, 4f685379bbf96a7330e3cefd82056e4f)
                             - thread.py (RegularFile, 0a1031f9a1807461e29e01ca081ea8d0)
                             - util.py (RegularFile, 2828ed29060f1397ae1cea498298db00)
                             - win32 (Directory, 1622f5820543c3ca9e4a02970c3c5ab3)
                               - __init__.py (RegularFile, 558ff6438a64d082f5205ceb8077c83b)
                               - advapi32.py (RegularFile, 60600cc9de83a6b16b4c98e66e073f18)
                               - context_amd64.py (RegularFile, 891555ce37577923743d0665946a1afc)
                               - context_i386.py (RegularFile, 9e8ab4eb56318d690fa7d1e5bb8aff3e)
                               - dbghelp.py (RegularFile, 586e545d221c29514e3c4da081481cac)
                               - defines.py (RegularFile, 01807e15c2e1dbde365d0c572ec7aeb0)
                               - gdi32.py (RegularFile, a66f520896b40fea8af004c452a61bc8)
                               - kernel32.py (RegularFile, 6291b1d180ef9a0163ff1effeaa245de)
                               - ntdll.py (RegularFile, 36c70e63220bb6083e883c0f38dcc7c4)
                               - peb_teb.py (RegularFile, 645c108581abe247c3b4c9b09bf9a95f)
                               - psapi.py (RegularFile, e6beb392d53e46e5f9dac56126c1633f)
                               - shell32.py (RegularFile, 4c0066faf5ec9c798171fc41dc6fe056)
                               - shlwapi.py (RegularFile, 49e52ed5508a71497c1c6648306ea70e)
                               - user32.py (RegularFile, 156c672c747a75c69c93da1f05d2faac)
                               - version.py (RegularFile, eafa953f05c5bb68d64af5e873a0247b)
                               - wtsapi32.py (RegularFile, c68d1b39666dc5b73ef2c806ed5ef684)
                             - window.py (RegularFile, ac4c8987c9225c701b588e8dfdd54293)
                           - windows (Directory, 5473dcb69fbf974bb4b75f753e5f75a7)
                             - attach.cpp (RegularFile, dfb6cca3881d9eb75db242f17707af20)
                             - attach.h (RegularFile, 247451d399a6da41316968fcd4bd31a7)
                             - compile_windows.bat (RegularFile, 5d7782f51f889db4206ae96bc839bdfc)
                             - inject_dll.cpp (RegularFile, 1fa825f912f1c407a8b8126ec8e0f4eb)
                             - py_win_helpers.hpp (RegularFile, 5f598ea1c635e36d8f984e294065ef8d)
                             - run_code_in_memory.hpp (RegularFile, 5b96df706d039569500e5f70a3ff27df)
                             - run_code_on_dllmain.cpp (RegularFile, 4e9d097537b500e65ec9fd719292b7f6)
                             - stdafx.cpp (RegularFile, cc50e95d9942d4f60a5232a29b818662)
                             - stdafx.h (RegularFile, 43113eb7a75a11154c084bf26f735008)
                             - targetver.h (RegularFile, f089a59ef34976e515318c684b99f6fc)
                         - pydevd_file_utils.py (RegularFile, 9dc7cc85d6d3a385003e52767dfe484e)
                         - pydevd_plugins (Directory, d3b902b178c992ea0af505525e247d5c)
                           - __init__.py (RegularFile, 5ec7bb6d6224e2cd735c81dfb2f7d276)
                           - django_debug.py (RegularFile, 815dacf98a4fa1bf53897ae3d4cb4183)
                           - extensions (Directory, 0ce2a14095f48798f6f29a321a203f2b)
                             - __init__.py (RegularFile, 5ec7bb6d6224e2cd735c81dfb2f7d276)
                             - README.md (RegularFile, c2f9d04bfff5633a4fc01cdefd2cb299)
                             - types (Directory, c5ca6263954b1557108c66b7492322f5)
                               - __init__.py (RegularFile, 5ec7bb6d6224e2cd735c81dfb2f7d276)
                               - pydevd_helpers.py (RegularFile, 6f8fb4b8e41be15c853efeaab5dcf827)
                               - pydevd_plugin_numpy_types.py (RegularFile, 14309ea6c0f1e2778c969f50731df368)
                               - pydevd_plugin_pandas_types.py (RegularFile, 9f243e9e715497de689c3fea4d23b4fa)
                               - pydevd_plugin_repr_lib.py (RegularFile, c7ae45e4083287b5066d64fa7e8af81c)
                               - pydevd_plugins_django_form_str.py (RegularFile, e78386f76b92a3e55e7e9bb6b9dc1931)
                           - jinja2_debug.py (RegularFile, 7095d4aec627918c65c9302b5622f040)
                           - pydevd_line_validation.py (RegularFile, 582378493ede68dae947c00a6bcb00d9)
                         - pydevd_tracing.py (RegularFile, 6b96548d1d360edd02be2ddaca75e82a)
                         - pyproject.toml (RegularFile, 437f62dc08affc861ed5d0b33c6d98d4)
                         - pytest.ini (RegularFile, b321512392e5217b345e8399eae96c74)
                         - README.md (RegularFile, 1e8d0c165a7a4fabd82b8b69aa3eda0b)
                         - runfiles.py (RegularFile, 97958826e0ebf4b5322cd80f455438d7)
                         - setup_pydevd_cython.py (RegularFile, 0fefde186db186fbec2a80b8be9a2365)
                         - stubs (Directory, 0c60308c2925ebcd2ee71621299cfb3a)
                           - _django_manager_body.py (RegularFile, 62177b49590ffca61f5677cd301e431d)
                         - third_party (Directory, f27a3c5b986ba70c1b58ef9a2e78834c)
                           - cython_json.py (RegularFile, 0cb48a712dbb8f146fc6495cf5c413e4)
                           - pep8 (Directory, 37e79bcbe14449c9f7dd828534192586)
                             - autopep8.py (RegularFile, f2c9bab1ef79b8a9fdf2d73f95ddefa7)
                             - pycodestyle.py (RegularFile, f63207ceae1a564f2fd592880805fb9f)
                           - tests_cython_json.py (RegularFile, 98921fb4ace95c63f375fd92d09f4327)
                     - _version.py (RegularFile, 495071ff41cbe5d9ffc80fafcaa56aac)
                     - adapter (Directory, 5c9483472427b8b94b0f54fbd81356a5)
                       - __init__.py (RegularFile, 51fac31e51e1701b515f97b60724bb40)
                       - __main__.py (RegularFile, 2154e28dafe96f463415230baa3185c3)
                       - clients.py (RegularFile, a4c9327ef52b60c7925e8655aca80e1b)
                       - components.py (RegularFile, 1b9c67cc077aa869672e70e350d30db3)
                       - launchers.py (RegularFile, 770c27067073cd3c445b5ae486a5abee)
                       - servers.py (RegularFile, e95070a4815a3c16f965747b495c2ef2)
                       - sessions.py (RegularFile, 34d362a8036f0946463f9c999b8fca85)
                     - common (Directory, f9508e954ff76ea32b9cfb6f5638c6ee)
                       - __init__.py (RegularFile, 66b2ea28baa2da0bf99fecdbbc94dc4f)
                       - json.py (RegularFile, 7eaa05e72c5d94cd7b3e440759336b4c)
                       - log.py (RegularFile, 0c62119798a55e834c03d019ae8b19f6)
                       - messaging.py (RegularFile, 8f0c2ec70e71ff9ff3102d6cab122988)
                       - singleton.py (RegularFile, da5e0755adb8f6da23310bca91fb7b09)
                       - sockets.py (RegularFile, 59c84a93d992e4f0558477d65d15f11e)
                       - stacks.py (RegularFile, 2ce2f6bf756e4d0b827fc1ec91c32153)
                       - timestamp.py (RegularFile, ea808df6f4ef0285c401b346245405b1)
                       - util.py (RegularFile, 55100784eb987243512d74b6e3616f6a)
                     - debugpy (Directory, 83a8de2cbed43bbb2c704593ab622750)
                       - _vendored (Directory, 87ea85530afe82354895649973f13ce9)
                         - pydevd (Directory, 24605c6ac97cffcdbe325981313d25cb)
                           - _pydevd_frame_eval (Directory, 023087783ea9b3de4dfe532037c1bd22)
                             - pydevd_frame_evaluator.pyx (RegularFile, 75070e4da229d1235e0ebc2e5a78063d)
                     - launcher (Directory, 9a424df603572170c8171e9cd205079c)
                       - __init__.py (RegularFile, 8100d995a797180347ebcbb39d7a2c16)
                       - __main__.py (RegularFile, 218b2ec27e3e3347820793c83bc7b2c9)
                       - debuggee.py (RegularFile, 12f58fc8348d012b12b9bfe445165163)
                       - handlers.py (RegularFile, d04cbf610283498c807d7534022c0506)
                       - output.py (RegularFile, 1af703b28c681a8917ea4eddef461784)
                       - winapi.py (RegularFile, a37e25ca2631535b8a00f137a5b0d966)
                     - public_api.py (RegularFile, 8029d3816f81ee447c66d95bd79c487d)
                     - server (Directory, 78addb36a97f965e580f2051f5b4630d)
                       - __init__.py (RegularFile, ccd6e566b97032a5f67afd3f2e421eb6)
                       - api.py (RegularFile, a984651a218827d0045fa4f2e1cb9acb)
                       - attach_pid_injected.py (RegularFile, c319b82c0627490ad630e7c398a5732f)
                       - cli.py (RegularFile, bed9be1addbaf4229fe1563526554692)
                     - ThirdPartyNotices.txt (RegularFile, fa1f48e920faa612d2ce898f8d88a546)
                   - docstring_formatter.py (RegularFile, 390b6881b146342b22c9d72fe9ae5e90)
                   - epydoc (Directory, fae473869cde1ed6a8a7173ae2b3d914)
                     - __init__.py (RegularFile, bf8102e93e0d992662b90fca445e6ac9)
                     - apidoc.py (RegularFile, 171e7dce372f069301cfaed6555936cd)
                     - checker.py (RegularFile, e8a3d4fe1fe876e8304f756eaf44c57d)
                     - cli.py (RegularFile, 29f2a8c90af0f7785e6372d6cb380b5c)
                     - compat.py (RegularFile, 0040b1a785f8c4048a55abae12b09d12)
                     - docbuilder.py (RegularFile, b5a359e3a2eb6b68a7f4534781dd3a2e)
                     - docintrospecter.py (RegularFile, 5d9a3c8a230b98d613c1979f9091311c)
                     - docparser.py (RegularFile, 9398750d62d87225dde4c0b3adb12804)
                     - docstringparser.py (RegularFile, d50c57395c4437e0d4f6c6cd1e57778c)
                     - docwriter (Directory, 910adf5a678a38c8560440a29014a14a)
                       - __init__.py (RegularFile, ec10b9004e0bda9fc29c06c6c7e06558)
                       - dotgraph.py (RegularFile, aff1cebbfaae27633f2829d9b4ea796d)
                       - html.py (RegularFile, 4abc57d7025783978c13a78810c8d708)
                       - html_colorize.py (RegularFile, d34ca71c0de60dc1f2f85cf3291466e1)
                       - html_css.py (RegularFile, eb785c41a8bc60540608d878f6affbc6)
                       - html_help.py (RegularFile, 40e7fa102fcf6fe1e9cffa68f43acde0)
                       - latex.py (RegularFile, 1a30c457739c9a2194af89a00aaf88ac)
                       - plaintext.py (RegularFile, 69f14a2f2cae697753953fd7082703cc)
                       - xlink.py (RegularFile, 6ae4605eb3d2f1ec567d6617291e7aa8)
                     - gui.py (RegularFile, e2812ad808fe524001742b99cf9b1c3e)
                     - log.py (RegularFile, 23a891afded2fc0d4ec4159db78b78a9)
                     - markup (Directory, e7d2c74f40b2477ce9cef249f2c63925)
                       - __init__.py (RegularFile, c09890cd3c8176a83e7fc91986f425ac)
                       - doctest.py (RegularFile, 379aec5212f78b136c3ce324e360f026)
                       - epytext.py (RegularFile, 00fe18df77b03ad1ba08cb8b32f5df9e)
                       - javadoc.py (RegularFile, 8479a292d0f3b8de019f68e9abf9f9b9)
                       - plaintext.py (RegularFile, 240d4da5ebb3eeaeb9347a427a88f3e1)
                       - pyval_repr.py (RegularFile, d83e6467f3f993bc1f219ea881935f94)
                       - restructuredtext.py (RegularFile, f30921ee09aa5872e999ccb44c165d79)
                     - util.py (RegularFile, fe50489e6803248e237c16c99faadaa5)
                   - exec.txt (RegularFile, f571933bb948577b1f9f3076fb8fc7c6)
                   - extra_syspath.py (RegularFile, f0944889009599847cf5782bae2657a0)
                   - generator3 (Directory, 8ee354012766f64d02c6b5d449524f0a)
                     - __init__.py (RegularFile, f571933bb948577b1f9f3076fb8fc7c6)
                     - __main__.py (RegularFile, 341a807a56a4f39c16c580e12a21b9e0)
                     - _vendor (Directory, 48d6e209bc86f000e34f2b4f9cff6ba7)
                       - __init__.py (RegularFile, f571933bb948577b1f9f3076fb8fc7c6)
                       - pyparsing_py2.py (RegularFile, 3fa8d71b94025079c42c102432477dee)
                       - pyparsing_py3.py (RegularFile, 25a3e29c5d25424fab614652e98ad445)
                     - clr_tools.py (RegularFile, 4feff9cf061867578d39069fd5586bd6)
                     - constants.py (RegularFile, 4036476c371b2f7ec16f0753684e9fc8)
                     - core.py (RegularFile, 955b3c93746c02287b87ede815f8c8a9)
                     - docstring_parsing.py (RegularFile, 0b78b79c2ef1bd52b5edea4e512a095a)
                     - extra.py (RegularFile, 5c8f2504eb3785adfc5c30a1ac952068)
                     - module_redeclarator.py (RegularFile, afa7e917d15008125e0a7d0ad3378c4f)
                     - required_gen_version (RegularFile, e2e02e520e26972b5d87941a73756cbd)
                     - util_methods.py (RegularFile, 4d4bb57404fe660c6b35ed7eac588036)
                     - version.txt (RegularFile, bcc669d1c16b30bec282b035480e5fb1)
                   - icon-robots.txt (RegularFile, 6d8f154d1a88277d54f388f618c27b98)
                   - jupyter_debug (Directory, 3dbed2c2a695c3eb9720e53db78c4fe8)
                     - __init__.py (RegularFile, f571933bb948577b1f9f3076fb8fc7c6)
                     - pydev_jupyter_plugin.py (RegularFile, 45b6fdff8e63901a724e967ff3a11232)
                     - pydev_jupyter_utils.py (RegularFile, af8a617c19c54bd38a5704720d3843cc)
                     - pydev_jupyter_vars.py (RegularFile, 7f244beb58c211c637f4821cc110f237)
                   - MathJax (Directory, 4faea1b83c3174706cf3f1582adf2de3)
                     - config (Directory, a0fdbf76007db41f0260e791a0fdbc05)
                       - local (Directory, 9070e9b4c6b2b0dd8d36410bad6f5f6a)
                         - local.js (RegularFile, e78dc069cc3c64009b1927fcf1de215b)
                       - TeX-AMS_HTML-full.js (RegularFile, e64706edc827eae8588b8007700bcd12)
                     - extensions (Directory, e981a9b07977346d35c288781d3dc62d)
                       - AssistiveMML.js (RegularFile, 633b1ba435338fa8d9b4b194ef7f7a4c)
                       - fast-preview.js (RegularFile, d5c2eef9d4d88125db9ec624e33cca76)
                       - MathEvents.js (RegularFile, a5ad98589cbcb7eed6cdf383acea88d9)
                       - MathMenu.js (RegularFile, 4717ec625db1888bf1205a2b43fc9155)
                       - MathZoom.js (RegularFile, 25f4bbb95a1e7667619261f1b533290a)
                       - TeX (Directory, 2eab3c0230c4eef68fbbf273f6823dcd)
                         - AMSmath.js (RegularFile, e62b3be18958e5ef16ad3580c0e31f10)
                         - AMSsymbols.js (RegularFile, 3b6298a185cd56f2f9be1c5010986894)
                         - noErrors.js (RegularFile, bf3e28e6e43491c2557bda019c3cef32)
                         - noUndefined.js (RegularFile, 062524ebfe1f3986aa1fd4aa2b8bbccf)
                       - tex2jax.js (RegularFile, d58fe4856903979289d0e2e1a6b9e406)
                       - toMathML.js (RegularFile, 55b162fa457151b580a3243b9041148b)
                     - jax (Directory, 5732fd3394a9db6be22aace208f702c5)
                       - element (Directory, b999e56d4c3002db0783c70929b7a98b)
                         - mml (Directory, b16a6b29a8ecc09dd6ae8810c8e2b5fb)
                           - jax.js (RegularFile, ed6723e139e4c34f41c1ce37b46112bb)
                           - optable (Directory, 9ed0eba469948080d1e46852d965cda8)
                             - Arrows.js (RegularFile, 8508a9121deb91dd5bb9a4ca3e60fde5)
                             - BasicLatin.js (RegularFile, f98b7df2211523e87b486563e621d156)
                             - CombDiacritMarks.js (RegularFile, c71e60dba157a62e214ec68a8e620d87)
                             - CombDiactForSymbols.js (RegularFile, e794d37520b8aff5eec12eaa9712dc65)
                             - Dingbats.js (RegularFile, 0575e1eee6cb6f6d27369bc1899c5772)
                             - GeneralPunctuation.js (RegularFile, 044d0d1fd1c513aaa48715c528ed7dda)
                             - GeometricShapes.js (RegularFile, 4ec754276b417cdecea529612d23e46a)
                             - GreekAndCoptic.js (RegularFile, 8d9786ef58d27622d46e02818a492c46)
                             - Latin1Supplement.js (RegularFile, 97412a56bbc0d21baab9227a9dc48c1f)
                             - LetterlikeSymbols.js (RegularFile, e110de3c93a941e13764f55326b3bd30)
                             - MathOperators.js (RegularFile, b8ea8f4ae6f6d47509d78fd91711b095)
                             - MiscMathSymbolsA.js (RegularFile, f6b36c9d6e56960a5884abf543929be2)
                             - MiscMathSymbolsB.js (RegularFile, ac886fb7bce3e663c523cf660f3a557f)
                             - MiscSymbolsAndArrows.js (RegularFile, 11b3e8f0ba45d31808c5ad55aeb8fa67)
                             - MiscTechnical.js (RegularFile, e3264188beae857c911ec22a3036203f)
                             - SpacingModLetters.js (RegularFile, 05339d71cf9f0cc83be407c3c24e8536)
                             - SupplementalArrowsA.js (RegularFile, 94e75aba5b095baf3dbd502dc5643d41)
                             - SupplementalArrowsB.js (RegularFile, 976b9886bdf4336b27fa93c5192cfc3a)
                             - SuppMathOperators.js (RegularFile, 22470597cde96e893b72535294c75516)
                       - input (Directory, a4bfdab3702ddc1d79e89e06c2714401)
                         - TeX (Directory, 7a9ab4471546478c980a1e6df8493a31)
                           - config.js (RegularFile, 1e0b97b72a98c27b913e142236438a57)
                           - jax.js (RegularFile, b18689821f8bfcfa8066277d8692edd8)
                       - output (Directory, e45b997427dc0f6514b6b75a85594561)
                         - HTML-CSS (Directory, ca6ffcda19197b0c681320785bdfa1eb)
                           - autoload (Directory, 2de153d0a38bc90d4d2deb5036a9b286)
                             - annotation-xml.js (RegularFile, 2b61bfc13cd5870e533cd11351df51b6)
                             - maction.js (RegularFile, 6c98c0c7a52511ebc64b93cc7d4902ac)
                             - menclose.js (RegularFile, 545eed3407ac93bb1d961b60d4f1afbd)
                             - mglyph.js (RegularFile, 408ef2f8b5825cba632f32167824e897)
                             - mmultiscripts.js (RegularFile, 0cf86f0e1cf97e6926638877f91ce0c8)
                             - ms.js (RegularFile, 98699e9dc89ee56ad2b42100d5f95aff)
                             - mtable.js (RegularFile, 88a12a0ad6ac60f34fb57e63b7aaf072)
                             - multiline.js (RegularFile, 1a078265ba2414562d4bc95bbe6da048)
                           - blank.gif (RegularFile, b6161ac1279706e11c3e2434cac8b147)
                           - config.js (RegularFile, 916328bdd8ffbfc9c5b8f2153db4d0bc)
                           - fonts (Directory, 41d158709612a51f243278363b01f3d5)
                             - TeX (Directory, e57a896bf91f6224e3a4e27e4d8ad8da)
                               - AMS (Directory, 8e7ef71058b39b9cee1823eae7692637)
                                 - Regular (Directory, dd0a0c9fa71ccdcd5d7921ba5652e33e)
                                   - Arrows.js (RegularFile, e929e4a83ad4b98a47bd565adfeca8ca)
                                   - BBBold.js (RegularFile, cb0a0c7282b4ec0e1e8877310908fa6d)
                                   - BoxDrawing.js (RegularFile, 864196592a163384600dee5fbad1d14f)
                                   - CombDiacritMarks.js (RegularFile, 09ae89b51cc5456db5346e58dad2ae0a)
                                   - Dingbats.js (RegularFile, 8017d032373ee2b4e81be827ee2fa477)
                                   - EnclosedAlphanum.js (RegularFile, 47d9f89ac2f97c80f3b3646cf93390a9)
                                   - GeneralPunctuation.js (RegularFile, 5f8dea384d05e0f28b1e74f0d9c3fb43)
                                   - GeometricShapes.js (RegularFile, d29230386595e73e4d03343aa63a1d0d)
                                   - GreekAndCoptic.js (RegularFile, f4f77eee4335d1dc17991e7a467c63ed)
                                   - Latin1Supplement.js (RegularFile, 982f067f2b7ff5e27a69bb45d8244143)
                                   - LatinExtendedA.js (RegularFile, 2274449a988a365357ef0de7c93479df)
                                   - LetterlikeSymbols.js (RegularFile, 82f28ff98c72895ad4b4f46fb651bbd9)
                                   - Main.js (RegularFile, 63cb55babe281675f43ffc9731eebbe4)
                                   - MathOperators.js (RegularFile, 29269299fb6da4750aacd261bbfc452e)
                                   - MiscMathSymbolsB.js (RegularFile, b95684de7ad95bbb593506e5d42617c4)
                                   - MiscSymbols.js (RegularFile, 0aeea1d796d56b127171dd4922d0d8f3)
                                   - MiscTechnical.js (RegularFile, a2f2e7f91a0f9657c54e96ccdf37dceb)
                                   - PUA.js (RegularFile, ba030d7eb4156ee0c4c6131586187cde)
                                   - SpacingModLetters.js (RegularFile, dfe10cc00aa624c60726b2b8eee81003)
                                   - SuppMathOperators.js (RegularFile, 66fef4da66763699c03785aeaaae6761)
                               - Caligraphic (Directory, 5356f6181ebf5fa2772962c0932a2c47)
                                 - Bold (Directory, a04ad5b23534b226567e991514b394a0)
                                   - Main.js (RegularFile, a3268553a03568a3d45b1ae37d19c9f2)
                                 - Regular (Directory, e5a756f8008460c726ff0ff64c0f7921)
                                   - Main.js (RegularFile, 841e5c636187dccf0a516ee078e9d111)
                               - fontdata-extra.js (RegularFile, 42633377880cd1381f38cb2a1271f6c9)
                               - fontdata.js (RegularFile, 2220a8c49db506c13a9dac3062de4e3e)
                               - Fraktur (Directory, 6eee50f8854a94d7b95acbb1ac1a7fe5)
                                 - Bold (Directory, f1f873360ddc4fd5c9709c0d44467495)
                                   - BasicLatin.js (RegularFile, 222ec498eb7e81cff2a1702c41be4b58)
                                   - Main.js (RegularFile, ba98aa3e8c869a7774a401cac9d65b5a)
                                   - Other.js (RegularFile, 8e3f2307662daacc6c1389b24c0da6d1)
                                   - PUA.js (RegularFile, 21a7fbffd3f22c51eb5dd1addfbbbcaf)
                                 - Regular (Directory, 90d99d5ceb849c3c5d30ed089591bda1)
                                   - BasicLatin.js (RegularFile, 99bd5e945f913fe9e9c2dc1980ac082f)
                                   - Main.js (RegularFile, 24de8411ad1972bc70dc7e92d5cadab5)
                                   - Other.js (RegularFile, 372afc41a9c6564f2a1cd52dba84fa37)
                                   - PUA.js (RegularFile, 00588603678c38942be2f6d278d3576e)
                               - Greek (Directory, 462f97bcd868e5eff8a22ee1def964a3)
                                 - Bold (Directory, 73b21803b1af10699e50e83c2c54f92b)
                                   - Main.js (RegularFile, b3f02a2691a9afac094b9cf2a38aef2f)
                                 - BoldItalic (Directory, 74b245aa9451e02a29e76f7ace1a9449)
                                   - Main.js (RegularFile, f8de51ac6279771c4847507c5cf5d785)
                                 - Italic (Directory, 72a16eaaa3f7dbc9ab3cb10f5b6aa7f8)
                                   - Main.js (RegularFile, 17b18975e090d0473d047f4ad9c3c4ea)
                                 - Regular (Directory, b81d50d23ce3bf56c156b6046226dbf5)
                                   - Main.js (RegularFile, 1df2ffe29c0cb19e1162cb30424bd12f)
                               - Main (Directory, 0ba729cde5a5e8698cb3e543393fe017)
                                 - Bold (Directory, ff1fc2af96eba8cee755fb6285bd6831)
                                   - Arrows.js (RegularFile, 1fe2c81e412c41933df5afb71eb749f9)
                                   - CombDiacritMarks.js (RegularFile, 934416ba26ae8715bc7256ec09667b3c)
                                   - CombDiactForSymbols.js (RegularFile, 83c63fae4eedcda316296338b2e2c98e)
                                   - GeneralPunctuation.js (RegularFile, d4634ba3554dbecbfcfc45e1d6af64b8)
                                   - GeometricShapes.js (RegularFile, 98e9d4a99b047824f2bd60a5fb6b3b3f)
                                   - Latin1Supplement.js (RegularFile, 167ab37f8a006ecccffea9df6512acf3)
                                   - LatinExtendedA.js (RegularFile, 7f5757a4d19dc4270254dd9d6db98d9d)
                                   - LatinExtendedB.js (RegularFile, 1ec07405baef2240f3d4a5682208fd2b)
                                   - LetterlikeSymbols.js (RegularFile, 54726b9069b0dc53cd74110b248c52ef)
                                   - Main.js (RegularFile, 21b7e59c940699f17e6e59b12bd65f95)
                                   - MathOperators.js (RegularFile, ee7f03f0db9491977a8e9675225b87e5)
                                   - MiscMathSymbolsA.js (RegularFile, 5541beb16a9b31b8f84caed167f95a9f)
                                   - MiscSymbols.js (RegularFile, 0943999b33fede1c5b346e07ed04666e)
                                   - MiscTechnical.js (RegularFile, 5ad3586ca9543c6ef6a3255a18f0f81b)
                                   - SpacingModLetters.js (RegularFile, cebc42d9a9b0bad36a89abd2516cea6e)
                                   - SupplementalArrowsA.js (RegularFile, d558706d23bf8d09ec5c622600040ea4)
                                   - SuppMathOperators.js (RegularFile, a2a0029675cbebb9a44b0261ac53e8d7)
                                 - Italic (Directory, 770c635f95bb629e40cb4ec94da2d068)
                                   - CombDiacritMarks.js (RegularFile, eb89b96982716254719e94f34d12f8a8)
                                   - GeneralPunctuation.js (RegularFile, 6121edb2015ef42f6aabef1c2dcaffcf)
                                   - Latin1Supplement.js (RegularFile, e8c9b95994e4f3f554d0329365493788)
                                   - LetterlikeSymbols.js (RegularFile, 79ab23bcd9a3ef2a2df73c41271f8f7a)
                                   - Main.js (RegularFile, f0ec9fdbe1db4336bac750749d0d3b36)
                                 - Regular (Directory, 5fdf5fb2814f486006389fd88bd3988b)
                                   - CombDiacritMarks.js (RegularFile, 75c073f0e7f628810e8cfb015592d190)
                                   - GeometricShapes.js (RegularFile, cb4222b275ced2f28b96a32d1dd2d61f)
                                   - Main.js (RegularFile, 3c95f5316be1a7ebb13560a43607a1fd)
                                   - MiscSymbols.js (RegularFile, 052379ae92f29854f16cc3275d285b3d)
                                   - SpacingModLetters.js (RegularFile, b74eb03ae48bd8675bc204854f49c81f)
                               - Math (Directory, 2ca1b05fc6db491e120d50d5c8549655)
                                 - BoldItalic (Directory, 4fc163cac9ab9d75fe8bebb9dbe4ef73)
                                   - Main.js (RegularFile, b1dc2ed424abe5d7caffae98c869b5a3)
                                 - Italic (Directory, 3092aef9741982d1d46fe2a0ecbd56a2)
                                   - Main.js (RegularFile, 532deaebd3bad959753726185d519d88)
                               - SansSerif (Directory, 2979293b4d83aba68a322a457174dda3)
                                 - Bold (Directory, 17a75b35472cb5261eaac6cdf20b053a)
                                   - BasicLatin.js (RegularFile, 1bdae05e1766d23be8daef9401198051)
                                   - CombDiacritMarks.js (RegularFile, 91931edef21f4992da2ee96eba71c97b)
                                   - Main.js (RegularFile, 921fd13b5c8e06ad9a2234fffdb39118)
                                   - Other.js (RegularFile, 9c0e40de8ebbbe5589c78d9008b3bbd7)
                                 - Italic (Directory, a61b383f8492722c2e4ff73bce123064)
                                   - BasicLatin.js (RegularFile, 221e60ec125dbffcc769633ca7ae7450)
                                   - CombDiacritMarks.js (RegularFile, fd1439f874b7ec521379edd38b3dcaca)
                                   - Main.js (RegularFile, aea0b14d9bc5fd8c283bad1ca3191128)
                                   - Other.js (RegularFile, a122e26f247fb307613b731e628389da)
                                 - Regular (Directory, 1babde1062653c8e30c117e614beec8e)
                                   - BasicLatin.js (RegularFile, bb9e8127704270666bf06d556b7332cd)
                                   - CombDiacritMarks.js (RegularFile, 54ce89bb1186f54ad614abc0fbeb6296)
                                   - Main.js (RegularFile, 9852372432c710dfd30fe5baffa1bd29)
                                   - Other.js (RegularFile, 2d9458b33bf4e52c77db6f1eeba2abf6)
                               - Script (Directory, 09f7063b61b10bf66330c11c5ca828c2)
                                 - Regular (Directory, 9bdb2ab3eadb48e2af50cc381a68d2a7)
                                   - BasicLatin.js (RegularFile, 2671bc24a66931503b935fbde963b90c)
                                   - Main.js (RegularFile, ab5ff409b233be02f28a015eaadd5168)
                                   - Other.js (RegularFile, 746f85bffa173da12da60b3e6a2b3fac)
                               - Size1 (Directory, e7ea70b64c6ba7fc1bfdf1ec4f95793c)
                                 - Regular (Directory, 197d6222ab14ed5d600f54960a7dd683)
                                   - Main.js (RegularFile, edce0845b024ea33528772f5446a9c9b)
                               - Size2 (Directory, 499335d5ac8d31186378ef1d2fab31c0)
                                 - Regular (Directory, 8717073621c4ed591ca4f3b04b87ebf5)
                                   - Main.js (RegularFile, c5607b78f3124bb41ae6078e60e7f035)
                               - Size3 (Directory, 6c74605d43e3c1cee8e79b5cab95dbd2)
                                 - Regular (Directory, c56fb54d136102d911b2effd16f28cd9)
                                   - Main.js (RegularFile, 68d8fc3f1b5365df44cf0d20a01a54cb)
                               - Size4 (Directory, 905b9947924f6983fa06a0f2e86ffe36)
                                 - Regular (Directory, 12009f975dd9aec95eaf84c42e21ae91)
                                   - Main.js (RegularFile, 6b89f88436b2291debc61e259a8d41cd)
                               - Typewriter (Directory, 70d896c85e807b53dd044a1c1e1612a4)
                                 - Regular (Directory, 6699e7b49a7600d8ec6b36bbd343a318)
                                   - BasicLatin.js (RegularFile, 8bf1e52ff4ec312576b374a6ebf15c5b)
                                   - CombDiacritMarks.js (RegularFile, e40870add01859fc9d2d1143329a4d05)
                                   - Main.js (RegularFile, 0b4da69dae2ec5145ead6d6c6169d23a)
                                   - Other.js (RegularFile, e593dcb05d007e0094554af53e298ab7)
                               - WinChrome (Directory, ac1f9053d71c1dcb916c47fd32eb969b)
                                 - Regular (Directory, c6f489b715457a9f71264fce54c4df17)
                                   - Main.js (RegularFile, 4b2b09aa1824c0a6c13471feb183198c)
                               - WinIE6 (Directory, 4b236d7f1115e669e7b3d998a876c601)
                                 - Regular (Directory, c9e334f7a424115aa4c9966e143797e5)
                                   - AMS.js (RegularFile, fc65a578eb183780fcf413989ce63134)
                                   - Bold.js (RegularFile, 891e2b12db15c0016209453fcad9100c)
                                   - Main.js (RegularFile, 5b4d0963463086efc81673c9f209d105)
                           - imageFonts.js (RegularFile, fbc079f885866489b0ab0e39a42cc5c2)
                           - jax.js (RegularFile, 30542ea0cff50bcfa485bd8b5ab193da)
                         - PreviewHTML (Directory, c744e6969b3031f775d2e9344fe21e28)
                           - config.js (RegularFile, 4c229469e0129d722941215dcdb2e967)
                           - jax.js (RegularFile, 944c04a73f8da9478b4089a55ad1f4d6)
                     - MathJax.js (RegularFile, 097ab1c75abaceeee7975aa9290eced1)
                   - packaging_tool.py (RegularFile, ee1b72d8c9bbcabbbe91491fd26fd518)
                   - pip-24.3.1-py2.py3-none-any.whl (RegularFile, fddf97361ba0671ca020ffbf1dba2891)
                   - pockets (Directory, 1dd0581cf16855bcc4c8564219236050)
                     - __init__.py (RegularFile, 1b6e228dcc5c82bc1a21c2e58825cfd1)
                     - _version.py (RegularFile, d31d403e026fe0ad1a522c3baed537a9)
                     - autolog.py (RegularFile, d195c843e023587ec1b46cac309f6e8f)
                     - collections.py (RegularFile, c598fd9c6ccc07ae3786ae7414b4b31d)
                     - datetime.py (RegularFile, 403ba8f412de08100e84967259022863)
                     - decorators.py (RegularFile, 7da4451ddd0b90bade77fa72b7c622de)
                     - inspect.py (RegularFile, 0a266eece41a917a6208cabee14e0484)
                     - iterators.py (RegularFile, 535d1db5c27a2ad2fdf64c58cab56608)
                     - logging.py (RegularFile, 801048fb7fc38eec1b4bb9be7357ca6f)
                     - string.py (RegularFile, ed5cf3054dc6d8ea8696c92d365d8757)
                   - profiler (Directory, 2ae10833e559a89a395f3d84169c93fa)
                     - __init__.py (RegularFile, 6f364a19c4736fb8c980c9cc7d66ee2d)
                     - _imps (Directory, fe2aded7b10979b11fa7f7ad63c5348b)
                       - __init__.py (RegularFile, f571933bb948577b1f9f3076fb8fc7c6)
                       - _pydev_pkgutil_old.py (RegularFile, 10c6d29cb5c7ded65ebe1dffeec60f11)
                     - _prof_imports.py (RegularFile, bd68fbb26999ec40fae2860cfff638d5)
                     - load_pstat.py (RegularFile, 4798f484b4be97bea46215e44c18f81d)
                     - prof_io.py (RegularFile, 2a57153a21760b41960e2cf65305ecf8)
                     - prof_six.py (RegularFile, 33755a4f82c55e643dad9ad662e74c74)
                     - prof_util.py (RegularFile, e7965822a15e6c097dcf01292da18bc2)
                     - profiler.thrift (RegularFile, 51c5707adc4c5a60a6349b87bd1d8b34)
                     - run_profiler.py (RegularFile, 4ea123a5a5e27a3b873452ce426eadd7)
                     - vmprof_profiler.py (RegularFile, 43a508193c726055882fb71c57341d77)
                     - yappi_profiler.py (RegularFile, 04009b59b0575bc5b83c9e1853a52c25)
                   - py2ipnb_converter.py (RegularFile, 6d0b83e04a2773571813068ae9998129)
                   - py2only (Directory, 9075d3bbfaec103240b44e9fd232489a)
                     - docutils (Directory, 4aa2575a4cfe540e69c1f7ee754a4259)
                       - __init__.py (RegularFile, b8544ce33648f29c33bbcefe21b89b8e)
                       - _compat.py (RegularFile, ff960fec1ac877fa6a2807d7f4a1d6d1)
                       - core.py (RegularFile, 23357cd9f3749782188343502d651efc)
                       - docutils.conf (RegularFile, 95d1c6a6ce44d55d6f0a1dcccdc4c95d)
                       - examples.py (RegularFile, b2ea386845ed41946e100151ab734305)
                       - frontend.py (RegularFile, e086eb44d678bdcc9071b0036c5a424e)
                       - io.py (RegularFile, a3cf246f056a954d960da21d456fd04e)
                       - languages (Directory, 96f11894d4c9daed6acd968071d0d47c)
                         - __init__.py (RegularFile, f029e8b36aff1edb212484487c174d8b)
                         - af.py (RegularFile, 5019587e918dc25d600688fcc03e738d)
                         - ca.py (RegularFile, e03f9f79329b626b44a200630ba1c233)
                         - cs.py (RegularFile, 2f83b9dbc69c0f7479a4eb6c8a11c350)
                         - da.py (RegularFile, d53b743e410e97ac81830db13a8bf4bf)
                         - de.py (RegularFile, 535a8abf66ed9dbc94db273b69490eb7)
                         - en.py (RegularFile, f9237e0c10794484037f72ef22208230)
                         - eo.py (RegularFile, bb716a3796555feb753c6e3acf3095f9)
                         - es.py (RegularFile, 886d84ea9d99d6eb38cbf2a9c83cdd07)
                         - fi.py (RegularFile, f15e7033062776dc40bee851de3fd5b8)
                         - fr.py (RegularFile, c62087bc01760acc0466704f0071e2bf)
                         - gl.py (RegularFile, 13505a1d8e4e7ad5b4ab4126f5781fc6)
                         - he.py (RegularFile, 3ea80d394266ed78e7b65f58c0d61f52)
                         - it.py (RegularFile, b9cd4671955d58e8ff11a724ba731dd4)
                         - ja.py (RegularFile, 96cfd6374138a0a2e813a86d75a30f36)
                         - lt.py (RegularFile, 55ef923708ccf9915403be18a26b89d7)
                         - nl.py (RegularFile, d18e48a739fbfa5e7195f668cc648f3b)
                         - pl.py (RegularFile, 3d1c2b83582bf443489747031f775e43)
                         - pt_br.py (RegularFile, 6ea5a7e29b021d02edbb8082d95826ef)
                         - ru.py (RegularFile, af22f68ada0311dc2368d233968877a2)
                         - sk.py (RegularFile, efb072ae574110fcd3a2f20c219c8792)
                         - sv.py (RegularFile, f31dd9b89fa6caf33c19d4608072a1fd)
                         - zh_cn.py (RegularFile, 24c70ac6fc68d16b6058087ad10d7578)
                         - zh_tw.py (RegularFile, 5aacec054de9ad5d144b4a0635d77d95)
                       - nodes.py (RegularFile, 2e0a8c9b90df537f64a5637a18f782c4)
                       - parsers (Directory, e78300053bb13281663ff05a58f1e17e)
                         - __init__.py (RegularFile, a62d6e2c1ca020f146157a0b53ab423d)
                         - null.py (RegularFile, d246c848cf35dff4036ee9f895de78e4)
                         - rst (Directory, a76b014469a58968f056471c97b122c6)
                           - __init__.py (RegularFile, 328fff17ee1beec839484645eae125bd)
                           - directives (Directory, fce37cf9daa8006583b6e1cc0bd4e782)
                             - __init__.py (RegularFile, 8dbd77f8ccd68e70ced8be1280f3930e)
                             - admonitions.py (RegularFile, 809bd987a6b91445082c334df1038b47)
                             - body.py (RegularFile, 0b22f91f04e7cdff8c7c67c2f874c17e)
                             - html.py (RegularFile, 644536dfc756fda9d1a547aff451d391)
                             - images.py (RegularFile, 87ba7e91e017be77b63611cc92a94448)
                             - misc.py (RegularFile, 42036aa22b18c8445ec124c9f341e48d)
                             - parts.py (RegularFile, 157611a027b65fb799bdff0335a019bf)
                             - references.py (RegularFile, 913a7209736ff0af62c1b2aee058a426)
                             - tables.py (RegularFile, 1e50980a755053d30346d27cd047b805)
                           - include (Directory, 25e7c304110af6ba6de7e4109735b33f)
                             - isoamsa.txt (RegularFile, e595b7d50d17a7d101bd69df70d0dd01)
                             - isoamsb.txt (RegularFile, a09a49d40e3a3a6a9617e9e68b26afc6)
                             - isoamsc.txt (RegularFile, 5ebdaa68182b6bc222d7b36ad0437dc4)
                             - isoamsn.txt (RegularFile, c96e4b764346231b3a07f846798e10c6)
                             - isoamso.txt (RegularFile, 98da251fff6aa35ea57ff54741d9a0fe)
                             - isoamsr.txt (RegularFile, a459f83aeb198ba4a7b8236dab2aefb6)
                             - isobox.txt (RegularFile, c08fe9d23f20013e8ba6919b09fb2724)
                             - isocyr1.txt (RegularFile, c83fc360c4f9817757eeedd79490cc31)
                             - isocyr2.txt (RegularFile, 265208bf3737d62089f2c14dbc5f40fe)
                             - isodia.txt (RegularFile, 30f76d1d87e4a7e7111a5ae585e6d943)
                             - isogrk1.txt (RegularFile, 516ccad6c942ebff82018bc468681aee)
                             - isogrk2.txt (RegularFile, e11815c53b83dc58e619c17b98831c4d)
                             - isogrk3.txt (RegularFile, c13870a74de91cb7f6a80d22d9b9c46d)
                             - isogrk4-wide.txt (RegularFile, 3a047d3a7a7e916439547edb52969de4)
                             - isogrk4.txt (RegularFile, 931e5f7f6a43f67b759a231a2695e1dc)
                             - isolat1.txt (RegularFile, d5268a03e355bf8e75ee75e824a43763)
                             - isolat2.txt (RegularFile, 929b63b4e569a4f91efc3c31da9a7f39)
                             - isomfrk-wide.txt (RegularFile, fc40523cecb0b4421eed929c49a06648)
                             - isomfrk.txt (RegularFile, acf3c48633c4e98f99343a3125b8f64b)
                             - isomopf-wide.txt (RegularFile, 48c3543a5a555740a3f10da80d7abd9c)
                             - isomopf.txt (RegularFile, 1dd721f3945bb3818d5093e2d9576559)
                             - isomscr-wide.txt (RegularFile, 9b45176e8b0e5fd50b9ba101fb1a63ec)
                             - isomscr.txt (RegularFile, b6fa1236b955bc4e2d05ef9ed2c0c4d3)
                             - isonum.txt (RegularFile, 6a3b4190c154ca691c70bbb6eaf6ec31)
                             - isopub.txt (RegularFile, 907d85bfa0432c6e8e9366417cc9139b)
                             - isotech.txt (RegularFile, 58392e8a82e194b6b3c5da6b8f16da7a)
                             - mmlalias.txt (RegularFile, 681ee68ea8791dd08fb2988e87b43f1a)
                             - mmlextra-wide.txt (RegularFile, d638223140667f9fa18daa2e606a296d)
                             - mmlextra.txt (RegularFile, 4d612087ca837b15a5885d326a654138)
                             - README.txt (RegularFile, 4deac9df5120abddbdfba027efce3f60)
                             - s5defs.txt (RegularFile, c207f3559be0e34e9ca563f8a6d104d1)
                             - xhtml1-lat1.txt (RegularFile, 626598f77ca093089af1a7da2dd755c0)
                             - xhtml1-special.txt (RegularFile, 54235c9c579c35727d5b3246fd080517)
                             - xhtml1-symbol.txt (RegularFile, 98443042e7672e21f7018a9d24830f6f)
                           - languages (Directory, 99d611affd51c25ea9fbe93668152700)
                             - __init__.py (RegularFile, 5ed36d71382b313daca629a5a2c72ad5)
                             - af.py (RegularFile, c0e9c1cee545c9303c0261df3898a86e)
                             - ca.py (RegularFile, 678f4907a04fab4419f1653b5d04c451)
                             - cs.py (RegularFile, 673d3c50cb29cceeeb6826c6631a4c47)
                             - da.py (RegularFile, 572df616ef4061b65ba60ac0b1c252da)
                             - de.py (RegularFile, ac190de6c2bd69759b71eaa9cb63bfa5)
                             - en.py (RegularFile, 8c1fa68b9c2822b744946d52c88837c9)
                             - eo.py (RegularFile, cf02c31af614ca7a7baea3b1804a86c0)
                             - es.py (RegularFile, 9b53f0cda793e62eb2a875c866d6b941)
                             - fi.py (RegularFile, a68c6e7bfcffc2ff2fa2ddbb3e6045e7)
                             - fr.py (RegularFile, b4e83bbf8c16c86e5076da9b8ad6c45a)
                             - gl.py (RegularFile, dfab09c54b546b233284a7b5bd6300c3)
                             - he.py (RegularFile, a6a80b630e205393bb5f765c75e00670)
                             - it.py (RegularFile, cfeaae4e29ad964d66512c8e56c688fa)
                             - ja.py (RegularFile, d7040dfd9b9c044e97d0911d0285e097)
                             - lt.py (RegularFile, 7f8f102ea3cc480592168d7547492d48)
                             - nl.py (RegularFile, a5af1a8fc85207f41e4b213cdc7ee8dc)
                             - pl.py (RegularFile, eb19334dd9c58c6c08d595363dd4ed77)
                             - pt_br.py (RegularFile, 958e90c6af85392c64de182c558efc69)
                             - ru.py (RegularFile, 45b3d3781434f91fda0ff2d8cf098f9e)
                             - sk.py (RegularFile, dc27cc0b36a4a9ebff15367d57ce9364)
                             - sv.py (RegularFile, f353e3e9bfe948d05e93d75c7b80415e)
                             - zh_cn.py (RegularFile, 147292413cd7d1d773988124b2dd8f35)
                             - zh_tw.py (RegularFile, 778351e42a5a5dbd6a69c4fa2dd64d5a)
                           - roles.py (RegularFile, 1233302e14789a1519ed7dd8dce18e7a)
                           - states.py (RegularFile, 9ff1eda551f48c3671f98c986690aeb1)
                           - tableparser.py (RegularFile, fb89ceab0cea2aea01e33aa8b4a93446)
                       - readers (Directory, be0a12895d42590420029bc3afc70400)
                         - __init__.py (RegularFile, 0c3085f688947401fa56e2e981473bd5)
                         - doctree.py (RegularFile, 8586a5a137d7ee1c8c81d36a236fb8dc)
                         - pep.py (RegularFile, ea3c761afc7e6a21dbdb1674fbdc0c40)
                         - standalone.py (RegularFile, f0a21cc29c27f8b876d5438f393affdf)
                       - statemachine.py (RegularFile, 9f19f63197661e6cd9dd4677b96d5c37)
                       - transforms (Directory, 9256366d385370da4c46fa46415a28bb)
                         - __init__.py (RegularFile, 7a8942b57cd7d407e1d53374c0f0dad4)
                         - components.py (RegularFile, c21e88835d5109aee5cbef99ca46b971)
                         - frontmatter.py (RegularFile, ea2498d90f98450f239cdafdf58befa8)
                         - misc.py (RegularFile, 4ca7d0eab200f34f3e1d9271e156415c)
                         - parts.py (RegularFile, 2f4b4127b2440b4d4563e92b4bd3250d)
                         - peps.py (RegularFile, 72431f488e8203a38476c8d8c78aba72)
                         - references.py (RegularFile, e85c896538453d53c8e801e0860bc3f8)
                         - universal.py (RegularFile, 65c9697fec6cd329135e4022a22e08ad)
                         - writer_aux.py (RegularFile, 0a67aac79dc1b1a548a1e8acd143bb98)
                       - utils (Directory, 6f1ea394c4581ddf0b8ac23f8b9ad896)
                         - __init__.py (RegularFile, 60304975ec212041b65d8cbd5345d2f6)
                         - code_analyzer.py (RegularFile, 8a22f0cbcf6bc6db442aae1d85f7d394)
                         - error_reporting.py (RegularFile, 878bf26be5524c054c64012e5d7829b2)
                         - math (Directory, 4acb3a823b1783f953bd05a63c5e2df6)
                           - __init__.py (RegularFile, 22f1411454897179b2a45f391e3f2d27)
                           - latex2mathml.py (RegularFile, 7ee3ce8cb6bde9f6a2a15acd1da5efe4)
                           - math2html.py (RegularFile, 14e83454136b9394412e10ccb31f9686)
                           - tex2unichar.py (RegularFile, 83a79c7fd54efd9cb238da81775721c2)
                           - unichar2tex.py (RegularFile, 42f7a4b851d33df0906626a7824f5775)
                         - punctuation_chars.py (RegularFile, 512c6f72a51d1341ad8bddb98b097528)
                         - roman.py (RegularFile, 3d2f069d2576c46d5885d1ef2f79d031)
                         - smartquotes.py (RegularFile, 554bead58ac0cd16e236e94c4e5f8a7e)
                         - urischemes.py (RegularFile, be69e10e14692334da7039fbac3caf8b)
                       - writers (Directory, 18dd8545c08fbcf44ada499aab1a1364)
                         - __init__.py (RegularFile, 400b5d61bf4c8e9c12d92c6465c9478f)
                         - docutils_xml.py (RegularFile, 3500f82762fe89cc1b95af4194c30acf)
                         - html4css1 (Directory, 84c7b652a2789bafd52e627bf363b0ff)
                           - __init__.py (RegularFile, 2575e0a16747913ea77dd90e5420bd9f)
                           - html4css1.css (RegularFile, 08195c2e90480965225e18dbe361b5e3)
                           - math.css (RegularFile, 60c58e6dfb7814ef6c99757f6b4f0764)
                           - template.txt (RegularFile, 275954371339148980023ebadbec01c0)
                         - latex2e (Directory, 125a204254d541d4575bebe2e869ce32)
                           - __init__.py (RegularFile, 9d18250ca8e272883a569cc4de1befcd)
                           - default.tex (RegularFile, 2c56cebc8e635e42bd2dc0509e96d495)
                           - docutils-05-compat.sty (RegularFile, 91ab1758293bedcea319420874815dea)
                           - titlepage.tex (RegularFile, 8b7c0aec017c06fd26e9df4568bd1d47)
                           - xelatex.tex (RegularFile, 2519b81b9c6a6c86be9e56ad58756b18)
                         - manpage.py (RegularFile, b00f5272b2687b694fc496cca7f9a500)
                         - null.py (RegularFile, 8aaff57d4c4fc0ed17d7bf3a748acb0a)
                         - odf_odt (Directory, b86aa2602c47f931939b7298619edfb0)
                           - __init__.py (RegularFile, 617013eead556b019612535c84b6c5cc)
                           - pygmentsformatter.py (RegularFile, 313aa99b3b024a5128ceaffa7826f0c2)
                           - styles.odt (RegularFile, 1589d77df42194295b1e39d371f2e87e)
                         - pep_html (Directory, c38720417aadb3b30fa5a23019eeb3ed)
                           - __init__.py (RegularFile, 9872d473a8b369574b00629d6a2e7ab8)
                           - pep.css (RegularFile, 435926b956ba1defb4077db141b269fa)
                           - template.txt (RegularFile, 8c3d3c3b9e69e0acb640a7050a1d6a8d)
                         - pseudoxml.py (RegularFile, 06c2c1b04386307c7c08bdc92e7b0209)
                         - s5_html (Directory, 093127bbd5021805391c44cdd7dafd6e)
                           - __init__.py (RegularFile, f84ba5712e5543bd8e0c4ae7a06c6f10)
                           - themes (Directory, 2504b5da81ff2b077349748fb6dcf4e1)
                             - big-black (Directory, 47e1af67087bfe38bd7e7c958139a3f6)
                               - __base__ (RegularFile, d30cc3566b7a587c6f87a129c4c893a0)
                               - framing.css (RegularFile, 8a9be196d894da63411cc1b317fe78a1)
                               - pretty.css (RegularFile, b7621b47376c7a1e2bec37ec306631fe)
                             - big-white (Directory, 6c21d807aa71c2f1cc7a713423840474)
                               - framing.css (RegularFile, 3c581379f1d109f19e4d033c0021c139)
                               - pretty.css (RegularFile, 566ac3118ce4b60cdb69d528b85388d8)
                             - default (Directory, 6b7ae2aecced5b5014df3b077b9ee87c)
                               - blank.gif (RegularFile, 4f808a91a59bc14d040227552daf3312)
                               - framing.css (RegularFile, a3561024035a094d0c1de59d17049bc6)
                               - iepngfix.htc (RegularFile, 505415d4b61aa850ad626342725ce8c9)
                               - opera.css (RegularFile, 58a548b52cb0178cd5a081047fd5cf9c)
                               - outline.css (RegularFile, a6d2f65a0b9a78a6a1fa07ce5ea7546b)
                               - pretty.css (RegularFile, ffd75d7e9cfeca82bcb36d90ee492304)
                               - print.css (RegularFile, 8c0960df58e85f9410029556b9ef843b)
                               - s5-core.css (RegularFile, e0c4764f2e80ced697c8f15382afe1d5)
                               - slides.css (RegularFile, c779fafffbfa5d1bd75677c0979444a5)
                               - slides.js (RegularFile, 9aedb17d333e9bfd1a55b02e2d7768b4)
                             - medium-black (Directory, 77c4d4f5af17eb4c312220ab24f9e3c1)
                               - __base__ (RegularFile, be8096824729945aa8722c4821e608cc)
                               - pretty.css (RegularFile, c0e60306e29b69b9934ed4826eb9e744)
                             - medium-white (Directory, 9ccbf8ce6c7ceb3d0532f70cf7de2132)
                               - framing.css (RegularFile, a430cad0ac0938172e3c1c59f52d0ed5)
                               - pretty.css (RegularFile, 4081964fbc262f7be14f8cdc74194523)
                             - README.txt (RegularFile, 7ff6a7477d53c9c23a5a73bf0cedb3c3)
                             - small-black (Directory, 6e534be97bd65b98a6601fbd25bf8216)
                               - __base__ (RegularFile, f6876dff016ecff7bd0c568ecabc065e)
                               - pretty.css (RegularFile, d55615dce6836f12ae7487ac99df0bf5)
                             - small-white (Directory, d444453abdba9d34e03b4cc56049e72c)
                               - framing.css (RegularFile, cfa5fd8f75f09046a1d2b0a188ff2869)
                               - pretty.css (RegularFile, cc8ac2b4cdebd24f69e79068e13c7cea)
                         - xetex (Directory, 04b7d4cfd567386006b5bc17bf2d7e92)
                           - __init__.py (RegularFile, b1cf9683e116a72aea9198adc3c54204)
                   - py3only (Directory, 72408d0225ed75a0509f737155e1d94c)
                     - docutils (Directory, 69e463291c163916934b6a0e6a85abe6)
                       - __init__.py (RegularFile, e1859d15fc0ab22a67ce2e8b57aa1c60)
                       - _compat.py (RegularFile, 7f34bc9dc0a719f2dd3f91fce8c66687)
                       - core.py (RegularFile, ca9d55d41a84aa9066bce348181d484e)
                       - examples.py (RegularFile, 14d1528fe0051e0f2c595af707d1de2c)
                       - frontend.py (RegularFile, c6a5867ea7881ac01e476e738468e5fe)
                       - io.py (RegularFile, 5afd5201a06f8a70381afec39b74b7b2)
                       - languages (Directory, 2b7c0bfe71653df1259ff62e4b1b91c7)
                         - __init__.py (RegularFile, db63ed7882629d28e98b1e352359c361)
                         - af.py (RegularFile, ae1b4ce22c480cf29b0e23d7725eb4f4)
                         - ar.py (RegularFile, 26c4088c6639d3de9e1536511bb5c295)
                         - ca.py (RegularFile, d179b657f7f5debc284c6e82748f3523)
                         - cs.py (RegularFile, 2a109de371ac99efb2464ca751241ede)
                         - da.py (RegularFile, 55b1ea0d5baf7c547efc108c69a72fb0)
                         - de.py (RegularFile, 1d40eab60527dc934bafc6015e344e1f)
                         - en.py (RegularFile, 196e480242d00246a98958f74f1274d1)
                         - eo.py (RegularFile, 2d270f02ec4b37fda79d8bcf05cd984a)
                         - es.py (RegularFile, a318a403fa7c6c04f27d02ec2220db36)
                         - fa.py (RegularFile, 4ac6f99eed791f907a70cd2e2a9a4164)
                         - fi.py (RegularFile, 9aa33a3f08410a1d76ebc90233d45aeb)
                         - fr.py (RegularFile, c6273e4db4c9eac8699d210ff541ad63)
                         - gl.py (RegularFile, 29b80bccb1a85f9f8fef93d6c580e0e7)
                         - he.py (RegularFile, 44b94450c740c8d9c27d6cee68c3c540)
                         - it.py (RegularFile, 10dad0749decb9e9737435c7ecdf7408)
                         - ja.py (RegularFile, 1e4fc848dabf60adc8a3e657cc4e5800)
                         - ka.py (RegularFile, 140533e7670ffc41da841fac10fea6b7)
                         - ko.py (RegularFile, 81271b002816f5307727a137bbc6f909)
                         - lt.py (RegularFile, ec181ad4767c75084f894a8052b44409)
                         - lv.py (RegularFile, eb741cc5ce50e7aa1e2365fad4c6a750)
                         - nl.py (RegularFile, ab213e98134771829bc02b3a3f6849fe)
                         - pl.py (RegularFile, 2de41a1efaa501d25cac7ee0bbc33af3)
                         - pt_br.py (RegularFile, a54ab67da0386822f5eeaccddbd01c2c)
                         - ru.py (RegularFile, 7ced2a3e994d0f848411ba1f4bf9c32a)
                         - sk.py (RegularFile, 375c4eb4c9ae7ed50f576fac4d6fa197)
                         - sv.py (RegularFile, bb50fe2eaa6091c12cc715317412aaf3)
                         - uk.py (RegularFile, 0d5e77306647c9455a68b0104f75f714)
                         - zh_cn.py (RegularFile, 66e8e79b003e62251e5b25da94f07cad)
                         - zh_tw.py (RegularFile, b21e55fe084517351a2c4853c29b0f08)
                       - nodes.py (RegularFile, 407b065e7936f0babdc588d6f61a6b5e)
                       - parsers (Directory, 0f0385637441c0c33147f458ed432666)
                         - __init__.py (RegularFile, b8e5ae4ee8f67acc5ca6d23652716484)
                         - commonmark_wrapper.py (RegularFile, 1c8ea36437d64a6c2ff2b8b828888bf5)
                         - null.py (RegularFile, d246c848cf35dff4036ee9f895de78e4)
                         - recommonmark_wrapper.py (RegularFile, d4b61fbb58d3fff08b5421d10eaa46eb)
                         - rst (Directory, 83b049ac8af61c49c662fc08219e1ef2)
                           - __init__.py (RegularFile, 04588de7db99fd75e9a60c4aa6d737ce)
                           - directives (Directory, 17d49ed1375041a8e3771f84df8f5291)
                             - __init__.py (RegularFile, 0e0690be0dcaed015a86fba8dc485c26)
                             - admonitions.py (RegularFile, 42c147c3c7fe361a7e2c05a545c8134f)
                             - body.py (RegularFile, bfbf693aebddc1e455f03beb363055d2)
                             - html.py (RegularFile, 168dc171c1545e5d72db079386f1cc54)
                             - images.py (RegularFile, 2f9ddc0ebb42d410d033d24121c8379f)
                             - misc.py (RegularFile, 5a33e6da64bef6d346e2db41de26ef36)
                             - parts.py (RegularFile, 316ce9d4a7ec88a9a0ecd4d02380609f)
                             - references.py (RegularFile, 913a7209736ff0af62c1b2aee058a426)
                             - tables.py (RegularFile, 5e194ac4a28d51ef638032bb5caea603)
                           - include (Directory, c61031800c67064749f88ac1a3492385)
                             - isoamsa.txt (RegularFile, e00a8438da3224b78b5f18b37335e74a)
                             - isoamsb.txt (RegularFile, 8f964d57a22edc743d2c3604b4f2c9de)
                             - isoamsc.txt (RegularFile, fd64224a0697c01771a7ab55f663308c)
                             - isoamsn.txt (RegularFile, 3776a7cfbf296cf4e481fa19a3ec52bb)
                             - isoamso.txt (RegularFile, 0a9a62a451ae1beba0517594c9606947)
                             - isoamsr.txt (RegularFile, e94475491b3fe12258c4ce4c19d89fed)
                             - isobox.txt (RegularFile, 383e7da86ce9d68dd13ffcf1bccf4c6b)
                             - isocyr1.txt (RegularFile, f787a9ddc45c94ddee42894502c22aaa)
                             - isocyr2.txt (RegularFile, f05248986e2ebcbffc4d7eb1b6e77e5b)
                             - isodia.txt (RegularFile, 34bb2f3084f9be98ff7801de21ae6433)
                             - isogrk1.txt (RegularFile, 76e17a9f7118a29989edcd86248ee3ca)
                             - isogrk2.txt (RegularFile, b2680a2371d57ea549db0215801533f6)
                             - isogrk3.txt (RegularFile, 2de19065aad4a7afb9daa1ad2e92d6ab)
                             - isogrk4-wide.txt (RegularFile, 2e4adb32cb51cbdce3602ac6c8696721)
                             - isogrk4.txt (RegularFile, bc1c7680e63f17f39f48c804b4ae766d)
                             - isolat1.txt (RegularFile, 9007b35f7b8c6687e15d58486446636f)
                             - isolat2.txt (RegularFile, 333ae2afd8a6317abddb35021f64979d)
                             - isomfrk-wide.txt (RegularFile, 0678ae6feeba887f814cbf52962965b1)
                             - isomfrk.txt (RegularFile, 6845e80bfd2364cbeac836696c02c559)
                             - isomopf-wide.txt (RegularFile, 4dd2828dac38bbe4d73f3a4c47204163)
                             - isomopf.txt (RegularFile, 3e98de3960de9df31f08bf4fb53486ad)
                             - isomscr-wide.txt (RegularFile, 55af8473169d80174e31c24d41cf30b9)
                             - isomscr.txt (RegularFile, e143d03b4f73dcc78ddb7b8f609dc9b9)
                             - isonum.txt (RegularFile, 09c8ecfe944d1d12c85c2b0b81594272)
                             - isopub.txt (RegularFile, 59f43c64bd986463bf838c3d684b4b69)
                             - isotech.txt (RegularFile, 5240cca0d3d873895064ede8404930bc)
                             - mmlalias.txt (RegularFile, b94c198dc14a9fa5be14e339b77e96c2)
                             - mmlextra-wide.txt (RegularFile, 84f17b230676622042ce917ce3ba9417)
                             - mmlextra.txt (RegularFile, f5f64250567e00aea77d0f707721fc18)
                             - README.txt (RegularFile, 4c10e1c3ae1d06751ffb8b045aaffdd4)
                             - s5defs.txt (RegularFile, c207f3559be0e34e9ca563f8a6d104d1)
                             - xhtml1-lat1.txt (RegularFile, b533dc8bece0fe429ed9965b8dedce7e)
                             - xhtml1-special.txt (RegularFile, 6697bed6afc564829f08ef6778e0d0e1)
                             - xhtml1-symbol.txt (RegularFile, 5fee5f95cbf77c8cc3b9abfc0c76ca31)
                           - languages (Directory, b87bca1d87da1b7611ceea51b1931e71)
                             - __init__.py (RegularFile, 648474d775f50fde02d941d3415a239c)
                             - af.py (RegularFile, b6dd23f46c3f2d525646401c78161fc4)
                             - ar.py (RegularFile, 64eec138dda51009121afc3b07c6fc95)
                             - ca.py (RegularFile, c60292b2ffec86251680f12b7fb27432)
                             - cs.py (RegularFile, 1a31b0498005c7b39dd0448090d26632)
                             - da.py (RegularFile, 147e3550e27759fb343e9feee139af5e)
                             - de.py (RegularFile, 6ceb9da1e540f81bb382d55e3c0d4c19)
                             - en.py (RegularFile, 9ca64a1af76652abaa3a900ddaa4e6b3)
                             - eo.py (RegularFile, 03355a1cdc238e6a5220f4d0f998cb3c)
                             - es.py (RegularFile, 93675d3b6ddd970465e49167ea3e3330)
                             - fa.py (RegularFile, 0e37656a297855f2180bc24c17b3eca4)
                             - fi.py (RegularFile, 313f818ab428f4608473a7acde67614b)
                             - fr.py (RegularFile, 754d98720df341f32f8545f153cce86e)
                             - gl.py (RegularFile, 4cbc7e2713b69b3187b4b277a0b09ac1)
                             - he.py (RegularFile, 9dc30d2b24e86ce641fff112aa48d616)
                             - it.py (RegularFile, d2a559f7f3412d0e90fb7b2c505970e7)
                             - ja.py (RegularFile, 4acd85b6dfac1d1550cbd11f1cda10fc)
                             - ka.py (RegularFile, c2830e6de86673a54c74233bbd618118)
                             - ko.py (RegularFile, 5df214125589dfdf1d71481220635be8)
                             - lt.py (RegularFile, b4bc741c80947b88679446f02a09231a)
                             - lv.py (RegularFile, 276c739dadd8704b2692ca9fa2c0a410)
                             - nl.py (RegularFile, 2f9fb53e6475c76d6bf134813521cce1)
                             - pl.py (RegularFile, f41e436e2d893eb898a4af342ceea41e)
                             - pt_br.py (RegularFile, 91812027d17896c5ab4046e6ccc6b1fc)
                             - ru.py (RegularFile, f1a1e877312b825ac4c573ef46c713ca)
                             - sk.py (RegularFile, 56c73a3962ff116c6f9cfde0e8434924)
                             - sv.py (RegularFile, 8248bb1dc95f3cbb159e6e1816f10799)
                             - uk.py (RegularFile, 2d576a648368f198c240cb8e89781536)
                             - zh_cn.py (RegularFile, 269186a82a3eff93db7a311e27ef2d5e)
                             - zh_tw.py (RegularFile, 3ddf471b6aaf1848ff81deecdab057b2)
                           - roles.py (RegularFile, e3bee0af08dcbf81dee2a4b810b9338d)
                           - states.py (RegularFile, ac2a1aeacb681000b9421cb87d4b4b36)
                           - tableparser.py (RegularFile, d8a24220084e3ee762d903bcc8a055cb)
                       - readers (Directory, c93b01a752943c5ff2de32507a080c95)
                         - __init__.py (RegularFile, cda0cefd87d69dafe6c2c59cf928248d)
                         - doctree.py (RegularFile, 8586a5a137d7ee1c8c81d36a236fb8dc)
                         - pep.py (RegularFile, e51b82162c3d0eb286281d07971744e6)
                         - standalone.py (RegularFile, 047da59f140becfea755d3baa19bd68c)
                       - statemachine.py (RegularFile, e89e19273375400f1f94ecbc0b1a6bed)
                       - transforms (Directory, 20c3d1c0bc7e87fb750f4cc7872800c5)
                         - __init__.py (RegularFile, 0f40eff2c01e8f0c0af41db4469f02f5)
                         - components.py (RegularFile, 44f3a975937eb46aaf2cc07109ab452b)
                         - frontmatter.py (RegularFile, eb1a0df94cf8fc2df813d05df3edfca4)
                         - misc.py (RegularFile, f2351c269c0348335d97189bf721383f)
                         - parts.py (RegularFile, 13f24e72d71256546d53b1c42585741a)
                         - peps.py (RegularFile, aaf43cab5ef976dfa7cc49ac90966bd0)
                         - references.py (RegularFile, 5a6cd58c59f90b141b512a31870d824b)
                         - universal.py (RegularFile, 0012a16696b07b9c6501ebf4cdb7c3b4)
                         - writer_aux.py (RegularFile, 9c72ff02188171f41ab117c754ba3b55)
                       - utils (Directory, ab7abfbeafdb6903106551ff40251194)
                         - __init__.py (RegularFile, fd1f6c94875c54095166c6467f36da1e)
                         - code_analyzer.py (RegularFile, 24837537791978800ec55e75d1df8bc4)
                         - error_reporting.py (RegularFile, a9fea74a198581b760609307d2ec62fe)
                         - math (Directory, 2694f3a8d5bd90f36ee61b89eb2e90b3)
                           - __init__.py (RegularFile, cd1d673de1d2631bf3fa01cb78553196)
                           - latex2mathml.py (RegularFile, 8e95179f7e2e46405e0cd57e76aa08b8)
                           - math2html.py (RegularFile, 4943b7606fce21f24fc453ab4c82c30a)
                           - mathalphabet2unichar.py (RegularFile, f97d3f33a7d13fd5b54c6847f41c1bc3)
                           - mathml_elements.py (RegularFile, 24c90222d3ab1f08fd2be3d0ea65fde4)
                           - tex2mathml_extern.py (RegularFile, 42588488cbaebcc3c83bcb165bfeaeb5)
                           - tex2unichar.py (RegularFile, 26aeb964e3c451644dc46705d521c5c1)
                           - unichar2tex.py (RegularFile, 37b761a0332e32c8cc5beb227ef51890)
                         - punctuation_chars.py (RegularFile, 90ad867489cbe41784444a8e3d5d1751)
                         - roman.py (RegularFile, e04b44ad79f6bc3f22df11750d9feb4f)
                         - smartquotes.py (RegularFile, 71635cf06fbcaf1761865c321e4fbe88)
                         - urischemes.py (RegularFile, 6b511efaa358ca36df63918947ad56ce)
                       - writers (Directory, d23c63d6e4d7bc350389abbf0fde4751)
                         - __init__.py (RegularFile, b5787c2991fbeb6822c18641084613c2)
                         - _html_base.py (RegularFile, e99f5e397527d47c6cf0131262a793bc)
                         - docutils_xml.py (RegularFile, b4838937a16233a278d7846400535785)
                         - html4css1 (Directory, 1ce01a772f66e94785dba2001077ff96)
                           - __init__.py (RegularFile, d421f5f0cc0280b8bd0e587c8fd5b82a)
                           - html4css1.css (RegularFile, 406531e52b2074f9c5c88a732536867f)
                           - math.css (RegularFile, 60c58e6dfb7814ef6c99757f6b4f0764)
                           - template.txt (RegularFile, 275954371339148980023ebadbec01c0)
                         - html5_polyglot (Directory, 3a107bdb26f40675e941de37f5fad588)
                           - __init__.py (RegularFile, eec820fdc65269054e516e0e824294ce)
                           - italic-field-names.css (RegularFile, 71c736bef520a7cb89f92ca9d77cb5db)
                           - math.css (RegularFile, a1cca7f5fcb2257ee90879eac8a2e5de)
                           - minimal.css (RegularFile, 1534b31ed6b914b73cf9e87b1f65c145)
                           - plain.css (RegularFile, f8209d406d6ecd086a7d18c3b6c19b6c)
                           - responsive.css (RegularFile, 8c7987d1b20379e8b331638b1a5da3e6)
                           - template.txt (RegularFile, 275954371339148980023ebadbec01c0)
                           - tuftig.css (RegularFile, c0cf9a7aa61833935bfb4b6de43aa52d)
                         - latex2e (Directory, 09a88d9fcd4b6207ebebfbd9402acfe3)
                           - __init__.py (RegularFile, 48115497a44aab14efe200453b62d438)
                           - default.tex (RegularFile, 2e25eb767ec5433ed01ff94d8fbde4a9)
                           - docutils.sty (RegularFile, 54ce26bb757421341e23ce3ac3060840)
                           - titlepage.tex (RegularFile, d7c2439b105509e17bc2ad0f5fd7c59b)
                           - titlingpage.tex (RegularFile, a0c76ae29db0cf8735fa21afe89f397c)
                           - xelatex.tex (RegularFile, 4fb3065a63e5039c9248b78860361bb5)
                         - manpage.py (RegularFile, 76ce2cd449852bda607daaa1b09a4ffd)
                         - null.py (RegularFile, 5cb017976dca06c5797c2d863e63af88)
                         - odf_odt (Directory, 8afc7d7e983db4d8c298b55847fefead)
                           - __init__.py (RegularFile, 3212a6439683c221b517b2138341a68a)
                           - prepstyles.py (RegularFile, 2c63de10d045b66dc87483c2b97aa463)
                           - pygmentsformatter.py (RegularFile, 1c9e3ad720c6b73202250c24fd86ee95)
                           - styles.odt (RegularFile, 1589d77df42194295b1e39d371f2e87e)
                         - pep_html (Directory, 95b91b44b2c97f01d1386e1df682c0dd)
                           - __init__.py (RegularFile, 43be6b7c605f0c27740d5be6a5d4e690)
                           - pep.css (RegularFile, 1218388ecf043b327eb89f27e477cdf6)
                           - template.txt (RegularFile, 8d713dd9181cd49beb7f7f4e4a7076d4)
                         - pseudoxml.py (RegularFile, 54069906603d7ca5a3423ba7d5cb97db)
                         - s5_html (Directory, f8379ba2e8a47d26aba4a2501d293896)
                           - __init__.py (RegularFile, a113df3d22fb09cd6878890974c28aed)
                           - themes (Directory, acf4639366517bf9407ee24a9b6dcf33)
                             - big-black (Directory, 8a1ce4883f1592df99fc97451c11bfd6)
                               - __base__ (RegularFile, d30cc3566b7a587c6f87a129c4c893a0)
                               - framing.css (RegularFile, 5e87da6f2f6fa60cf0aac99dc9df2b4d)
                               - pretty.css (RegularFile, a77e35f4f15464785f9cd8a95e51c0f8)
                             - big-white (Directory, c16d6ba5ba52b9bbd866ab44c1224b1b)
                               - framing.css (RegularFile, ab9e61e93a1ef390b05470db44f3aab3)
                               - pretty.css (RegularFile, c0ae96dc146e3e7c2b19be668dd1982c)
                             - default (Directory, bc33dfd4dc3e4908cc3d57054dcf8510)
                               - blank.gif (RegularFile, 4f808a91a59bc14d040227552daf3312)
                               - framing.css (RegularFile, 1b23bf0cfc1dcfbdfb48be2074c70ef9)
                               - iepngfix.htc (RegularFile, 505415d4b61aa850ad626342725ce8c9)
                               - opera.css (RegularFile, 58a548b52cb0178cd5a081047fd5cf9c)
                               - outline.css (RegularFile, a6d2f65a0b9a78a6a1fa07ce5ea7546b)
                               - pretty.css (RegularFile, cb385c66c5fa66a88a70d3af989fc38d)
                               - print.css (RegularFile, 8c0960df58e85f9410029556b9ef843b)
                               - s5-core.css (RegularFile, 7071ed9afde99dc870a4632397adb294)
                               - slides.css (RegularFile, c779fafffbfa5d1bd75677c0979444a5)
                               - slides.js (RegularFile, 69244a47083efeead6ac35677c74d8e6)
                             - medium-black (Directory, 798fdbfcaa3dd42241169eca5603ab4f)
                               - __base__ (RegularFile, be8096824729945aa8722c4821e608cc)
                               - pretty.css (RegularFile, 1bf615560daa2a0dd78cb09b45bc6a6e)
                             - medium-white (Directory, 65bd11665a6e895e8afd91238f8f6ef9)
                               - framing.css (RegularFile, 61698c1524d8d835e1379c8cd187c15d)
                               - pretty.css (RegularFile, a578f7f2e511c50ed10096bae5a9d99a)
                             - README.txt (RegularFile, 23e23131eb6b8f1844863cc1d627206c)
                             - small-black (Directory, ad47558495b3ca09a267d52b1a6bd310)
                               - __base__ (RegularFile, f6876dff016ecff7bd0c568ecabc065e)
                               - pretty.css (RegularFile, 6385d3a34e8ac494d5fe2b41ebf6bae6)
                             - small-white (Directory, c39aabf05f08d6c7b82a47625c66ddb1)
                               - framing.css (RegularFile, ecba1ad5e7d41aa182b8853f554e4fe7)
                               - pretty.css (RegularFile, 86f1c5b22862ea722eec3b6dc29f62de)
                         - xetex (Directory, 3b085bcf44ced48d90a8a68010335bed)
                           - __init__.py (RegularFile, c8548ac9cefb368b677a5881ca17e305)
                   - pycharm (Directory, f67a281cb0a527e7ed06689838b8857c)
                     - __init__.py (RegularFile, f571933bb948577b1f9f3076fb8fc7c6)
                     - __jb.for_twisted (Directory, b9d6ff68dc47c329625aa2d2ead66e88)
                       - twisted (Directory, 0c5ee4e0c00ef3391ed25686ba2966d8)
                         - plugins (Directory, 6f638abd84f1b6cb60872a605dc057c1)
                           - README.txt (RegularFile, 6cc0b21b1e73aa18991feb89e6717833)
                           - teamcity_plugin.py (RegularFile, 33ca627c1dd80a85af981bd8c7f1625b)
                     - _bdd_utils.py (RegularFile, 7eb9e2126ab2e8e5847f768021fe8537)
                     - _jb_create_folder.py (RegularFile, 2ef29c5312427411ee835c1cd52f17dc)
                     - _jb_django_behave.py (RegularFile, 807428fd34da21ed33a2f1303fe31d38)
                     - _jb_django_project_creator.py (RegularFile, 7159470d4f7ac555751ee30192ef9e95)
                     - _jb_find_best_place.py (RegularFile, 8fe155cdd8ac0ae8b2e56201764a805b)
                     - _jb_manage_tasks_provider.py (RegularFile, 9abc9d405b94619f06f6259ca8f5b288)
                     - _jb_nosetest_runner.py (RegularFile, 29183fe89c0e2f0eb5e998f3fd04f7cc)
                     - _jb_parallel_tree_manager.py (RegularFile, 4b8e82da5a846baeca3277bf842dd15c)
                     - _jb_pytest_runner.py (RegularFile, 34206fd3f4d9dbe0b1ac19de8bdb57e8)
                     - _jb_runner_tools.py (RegularFile, fc4890eb244fcf08a97c5cf5784265af)
                     - _jb_serial_tree_manager.py (RegularFile, 416006a9a382ced425f8b993ba08380c)
                     - _jb_tox_runner.py (RegularFile, 530cf7d888a799486c525186dfdce514)
                     - _jb_tox_runner_3.py (RegularFile, c22c5f323bd07f7b429ecfe8fae05c03)
                     - _jb_tox_runner_4.py (RegularFile, 992e3451d317858613af52da05b1b62e)
                     - _jb_trialtest_runner.py (RegularFile, 238f9daafbde48f1c3e098cc9dfe393b)
                     - _jb_unittest_runner.py (RegularFile, 7315d27896d8c1f5f8dd72dd940fad2c)
                     - _jb_utils.py (RegularFile, d0c11245f1210d67d0405057a9e87dce)
                     - appcfg_fetcher.py (RegularFile, e444b0d889653f6f54acf12ea0fc9c70)
                     - attestrunner.py (RegularFile, 812997f453901eab6799065e783388aa)
                     - behave_runner.py (RegularFile, a58695882988efaa6f5159a9d5ae5eeb)
                     - django_manage.py (RegularFile, c5e009e836e380c3b83b97d402f3bbc3)
                     - django_manage_commands_provider (Directory, 07ccaf87e1e692b03d098d855c414465)
                       - __init__.py (RegularFile, 5f26aa906b59a1dc2fd083e5b934aed9)
                       - _parser (Directory, 327120ee0860fe60a6a1493807b11a81)
                         - __init__.py (RegularFile, 09cd25b1eb36065b3719e510c3abf9ce)
                         - _argparse.py (RegularFile, 51d5f30e1c78db9fcbdc34b07adfd5c5)
                         - _optparse.py (RegularFile, 5912e55304ea717b3193a3583442c540)
                         - _utils.py (RegularFile, 21642f18eb3105b179c38ee52f41268f)
                         - parser.py (RegularFile, 528483df501ebeccf1c3d4250e0c73a5)
                       - _xml.py (RegularFile, 23f1ee846b0cecbcfcc5c54f02b3ba82)
                       - readme.txt (RegularFile, e969830034181df4dc2cc347b1159ae6)
                     - django_manage_shell.py (RegularFile, 88a0996bdfdc766bdfa311c5c4af86d4)
                     - django_test_manage.py (RegularFile, 1d6d924ed652c5b6db15e5296fdd3cfb)
                     - django_test_runner.py (RegularFile, 1ee1309cc0b2e0feeb0a6d949a245e81)
                     - docrunner.py (RegularFile, fcf269bfc4973cb8f6bf8519712e97ed)
                     - fix_getpass.py (RegularFile, f92166c3ea088c75827f12226cc923e8)
                     - nose_helper (Directory, 4302ed572abc133ab547c506f36cfca7)
                       - _2.py (RegularFile, ff8db5b1622f6c1178fb26e94e13c323)
                       - _3.py (RegularFile, aa3f3ed8aa2ecd3a527bd6f6b5fd3b11)
                       - __init__.py (RegularFile, f1ca3c51ef72c35124d26fdab537110c)
                       - case.py (RegularFile, f2d8f0042497784d57273bebe15bb7db)
                       - config.py (RegularFile, 956b39b484be163878036dce238fdc92)
                       - failure.py (RegularFile, 7ca6f281819b4b557c7f7e6cad22c80e)
                       - loader.py (RegularFile, f9da3a7d5958ef8fd97e4d9f1bc75315)
                       - raise_compat.py (RegularFile, 9c177588fe024c26210c2527d496ce86)
                       - selector.py (RegularFile, 127abf2f647f57af1a730785538bd35b)
                       - suite.py (RegularFile, 3994af876f4e3f0ad6133b9257447eea)
                       - util.py (RegularFile, 51cbd62876d05c643a3fc5eea5d3dbbf)
                     - nose_utils.py (RegularFile, 1847825ff761058ff141ab506579fd91)
                     - pycharm_commands (Directory, fb44a48b9662d813e781c8a37deada65)
                       - __init__.py (RegularFile, 4b7ea555b7ec8277264def2824232ce2)
                       - pycharm_test.py (RegularFile, cda33ee57b72be0d0272db8545a10b1b)
                     - pycharm_load_entry_point.py (RegularFile, ed564786d2b6e30e392dc3e241fbcf06)
                     - pycharm_run_utils.py (RegularFile, a65fda02ddc846cc4c64f15e1a77b926)
                     - pycharm_setup_runner.py (RegularFile, e3a48d1d886ee55c446d5f28959f6b97)
                     - pytest_teamcity.py (RegularFile, df9d5db4db693c82f3b76d68983aa433)
                     - runpy_compat.py (RegularFile, e2f472f779c11ca1cfc7c2b00f70c3b1)
                     - tcmessages.py (RegularFile, 8076eab9b5b049d3c719869913a4de7a)
                     - tcunittest.py (RegularFile, cbc3070956c37c92af5d57c2884d68be)
                     - teamcity (Directory, dcba29d159f7388d4e62d418b5f3066d)
                       - __init__.py (RegularFile, 3311287b1f3b769eb2bf45ef287fe367)
                       - common.py (RegularFile, b85b2b0177cece7b666acbce2dd76920)
                       - context_managers.py (RegularFile, 0117692329ef64b035e1b063f6aa6cf8)
                       - diff_tools.py (RegularFile, af9dd05dae758872c6456ec123a0e195)
                       - django.py (RegularFile, e98591b189d4d1cac2e25abd2b947bfa)
                       - flake8_plugin.py (RegularFile, d49e0c1c94f612e700e9c06f3bc1777d)
                       - flake8_v2_plugin.py (RegularFile, a9ac60c4b595dcbcfb3c9e5b0df892e2)
                       - flake8_v3_plugin.py (RegularFile, 6ecfd3ddd85486e02a5290939ea14240)
                       - jb_behave_formatter.py (RegularFile, 6515e4ebe3c0572da3c7a8b739494af7)
                       - jb_local_exc_store.py (RegularFile, 999ff5e7fe43c13d6782cd52764919ec)
                       - messages.py (RegularFile, 94124218abe276dfb953a3aca191addd)
                       - nose_report.py (RegularFile, 756c6c0675149f5413c5db6eff027cd0)
                       - output.py (RegularFile, 18f81de0f8eac8d4e114e1b0b7d0c541)
                       - pylint_reporter.py (RegularFile, ff47083732eee8cd1cbee1d144a6a462)
                       - pytest_plugin.py (RegularFile, 40a6d4385451f45f42564ea2115ddf09)
                       - README.txt (RegularFile, 6fa00f9ca02007a3ae49dd1aac266c41)
                       - unittestpy.py (RegularFile, a4cdd6303b7777a532fe93b7d80e2ee1)
                   - pycharm_altair_backend (Directory, 8576decb0917a870d72f6df3a1e4c0d5)
                     - __init__.py (RegularFile, f571933bb948577b1f9f3076fb8fc7c6)
                     - sitecustomize.py (RegularFile, 66fac33aafe5041bdb8c6b597e439a91)
                   - pycharm_display (Directory, 8f7f01d01de5a81b21d27f7fe6101b1c)
                     - datalore (Directory, d2529ba4e019d3cb1140863cc762a5b6)
                       - __init__.py (RegularFile, e32a7ac6c2b2592a64824c1edb856093)
                       - display (Directory, 34c43a48fd995d5e68eb2eec33071966)
                         - __init__.py (RegularFile, 8b6af517cb5cacb86beb11f954b14f23)
                         - display_.py (RegularFile, df6c8c33c030bc19612adfa21cf18a5a)
                         - display_log.py (RegularFile, 1782f2a813f2f802261c82d122b6f911)
                         - supported_data_type.py (RegularFile, 9414b873a56058f36c3d4700ae569603)
                   - pycharm_matplotlib_backend (Directory, 66b35fa085024d471c9844c91cfbc987)
                     - __init__.py (RegularFile, f571933bb948577b1f9f3076fb8fc7c6)
                     - backend_interagg.py (RegularFile, 3a78a3873376e0f03ea3b3295662581d)
                     - sitecustomize.py (RegularFile, 5235e941a1dc94f543a3059a2811e5e1)
                   - pycharm_package_installer.py (RegularFile, 31d2b142eeacb3fc39ed4349ea90d37d)
                   - pycharm_plotly_backend (Directory, 099f059bbbd3fbb26f80a1b61e89cc39)
                     - __init__.py (RegularFile, f571933bb948577b1f9f3076fb8fc7c6)
                     - sitecustomize.py (RegularFile, 1b55acd145c5924da6d4bbee8bd062f7)
                   - pycodestyle-2.10.0.py (RegularFile, 0375694bdedfe3940f9e70bd4178fbb2)
                   - pycodestyle-2.8.0.py (RegularFile, 4d18e6aac4c54cc1b5f22891d1c6a509)
                   - pycodestyle.py (RegularFile, 5d14312e840989dac78f5d55bad1185a)
                   - pydev (Directory, f245a3434ffc9ce1051b44ee869fe549)
                     - _pydev_bundle (Directory, 7e8995b84c2067951fc6d5e86776ba64)
                       - __init__.py (RegularFile, f571933bb948577b1f9f3076fb8fc7c6)
                       - _pydev_calltip_util.py (RegularFile, 378a1e56576ba201d07647a790e5d30e)
                       - _pydev_completer.py (RegularFile, 8304cfeb6d5aa55960a7c302efcb8f24)
                       - _pydev_filesystem_encoding.py (RegularFile, a29ef9f623594bf3367424403fed0553)
                       - _pydev_getopt.py (RegularFile, 5dd9040bd2d2ddea55a65cb1e66bd91c)
                       - _pydev_imports_tipper.py (RegularFile, 5d7dcd5e4a55dc14a0b4fa360b3b45d6)
                       - _pydev_jy_imports_tipper.py (RegularFile, 4349dc7577ce66a35b198fedcb4a71d0)
                       - _pydev_log.py (RegularFile, af3abd9c42a9770228a0eaab1e22960d)
                       - _pydev_tipper_common.py (RegularFile, 9703330939ad62a09ae61aeb56291989)
                       - fix_getpass.py (RegularFile, 12680150cd17243160b435bd5dade48f)
                       - pydev_code_executor.py (RegularFile, 306ced52bd27d2cfde581b09d4c6bf03)
                       - pydev_console_commands.py (RegularFile, 3a115f56780f0d73c1b04bcc284547e0)
                       - pydev_console_types.py (RegularFile, f9ef6fca59884ef0948d7c7059da10ce)
                       - pydev_console_utils.py (RegularFile, 1b1bc5e8dc1affe35f96c6a5d896260e)
                       - pydev_import_hook.py (RegularFile, b7af97319db11c9d34fe6bea865ed49f)
                       - pydev_imports.py (RegularFile, 09c688e3feb2347e02b15ade64c47db2)
                       - pydev_ipython_code_executor.py (RegularFile, 2a2ee83aafd7c7397883628dd3f28ef2)
                       - pydev_ipython_completer.py (RegularFile, 90a301a245de337e898ae1596996cb88)
                       - pydev_ipython_console.py (RegularFile, 95874ef7f9d9ce86cee6a75f4b57ea8a)
                       - pydev_ipython_console_011.py (RegularFile, 193a23cce0e398ff40c93104a96a282b)
                       - pydev_ipython_rich_output.py (RegularFile, 5d4669090a898ae45e85ba8d19b25f18)
                       - pydev_is_thread_alive.py (RegularFile, 8bc0408f62a38d0ed3b58a5ac6098e22)
                       - pydev_localhost.py (RegularFile, 3fb1f8b37d4e0ce2af5b00651e0cc8f1)
                       - pydev_log.py (RegularFile, 4e33e5bb2c4edf27cc31d5290de2da4a)
                       - pydev_monkey.py (RegularFile, 89370ae2611f1334dabb11ab4f573030)
                       - pydev_monkey_qt.py (RegularFile, b5a04ae264ae481edd38d867332d42ab)
                       - pydev_override.py (RegularFile, 4a380649fd1b84ff030b5090c34c0040)
                       - pydev_stdin.py (RegularFile, 931bafabb7ebd1c0934d7596e9e92c48)
                       - pydev_umd.py (RegularFile, 2e7fe5b01b7edcb6286148188fb113c0)
                       - pydev_versioncheck.py (RegularFile, 959e0ea5b93215a4a24205975b0acded)
                     - _pydev_comm (Directory, f268a3fef0fc0e8ea738446b9e883952)
                       - __init__.py (RegularFile, f571933bb948577b1f9f3076fb8fc7c6)
                       - pydev_io.py (RegularFile, 5f3587eb572cc64123283e38a6b50d94)
                       - pydev_rpc.py (RegularFile, a6e1e1ff1a2925b8cd3f66949df97c14)
                       - pydev_server.py (RegularFile, 58f54e82848be66b548314a62704dd90)
                       - pydev_transport.py (RegularFile, 12a4b1c446ae66f5569fb81dcefecf13)
                     - _pydev_imps (Directory, c93e4f3ab32731f295f684a0cb48475a)
                       - __init__.py (RegularFile, f571933bb948577b1f9f3076fb8fc7c6)
                       - _pydev_BaseHTTPServer.py (RegularFile, 16cfa73e12927e08c3656f6e6dce8c1a)
                       - _pydev_execfile.py (RegularFile, 4e99ed3ce40b0160cf90c5e781f55031)
                       - _pydev_pkgutil_old.py (RegularFile, 10c6d29cb5c7ded65ebe1dffeec60f11)
                       - _pydev_saved_modules.py (RegularFile, b75be139b2fa4bdfa4535ea5a4f3caeb)
                       - _pydev_SimpleXMLRPCServer.py (RegularFile, 55a4af6a24f09ec65e8d3f08d3479e9c)
                       - _pydev_SocketServer.py (RegularFile, 2f27673138dfc26613237d9bc1f2e92d)
                       - _pydev_sys_patch.py (RegularFile, fa5cf4828109d51552d2fca2907bb9be)
                       - _pydev_xmlrpclib.py (RegularFile, 98883ae31ec47a9ca0b2972acf858815)
                     - _pydev_runfiles (Directory, cea2d8f9a5cf0081f5bc026d5aa5714c)
                       - __init__.py (RegularFile, f571933bb948577b1f9f3076fb8fc7c6)
                       - pydev_runfiles.py (RegularFile, dedaa3d50bdad960f6705f4aee539282)
                       - pydev_runfiles_coverage.py (RegularFile, 19292601bfc2c2a5a3f8611c569e00bf)
                       - pydev_runfiles_nose.py (RegularFile, 98e7822bb1a67804601fe44a2c52fe29)
                       - pydev_runfiles_parallel.py (RegularFile, c53c04a2bbb2ca44cc884f3d2f238829)
                       - pydev_runfiles_parallel_client.py (RegularFile, ba0e69be52ee8be967d246a98f806acf)
                       - pydev_runfiles_pytest2.py (RegularFile, 93c09283c44ec2cf624568aae48d1f13)
                       - pydev_runfiles_unittest.py (RegularFile, a5b8ffd45d034febee22ebbec1c0dd99)
                       - pydev_runfiles_xml_rpc.py (RegularFile, f9929d4dc6b09b026e12951484091a53)
                     - _pydevd_bundle (Directory, 5b0840dbc479e54febb948b1f613485d)
                       - __init__.py (RegularFile, f571933bb948577b1f9f3076fb8fc7c6)
                       - pydevconsole_code_for_ironpython.py (RegularFile, cfa172c00513f39cd8bf302d014c7126)
                       - pydevd_additional_thread_info.py (RegularFile, eb036b6d1348245425cee981ae9cc371)
                       - pydevd_additional_thread_info_regular.py (RegularFile, f03a4cf84a94b26ac97e128e7b2881b3)
                       - pydevd_asyncio_provider.py (RegularFile, 911235541ec115fbd3d3f1f3cf23f5fa)
                       - pydevd_breakpointhook.py (RegularFile, 4902cc1a3c054aaa360ecf9d7d7d8cb5)
                       - pydevd_breakpoints.py (RegularFile, dbf6a19dade67cf95e0db1ca75ed29a6)
                       - pydevd_bytecode_utils.py (RegularFile, b3611b3ce9a4d11cb8f3b210c4e6b6db)
                       - pydevd_collect_try_except_info.py (RegularFile, c3d496aa88d6790685049e5956641a33)
                       - pydevd_comm.py (RegularFile, 2fbd5f3a93ca1217a02fb5ed9ba47260)
                       - pydevd_comm_constants.py (RegularFile, 307fe1c8e8129a33a21d44ce53883da9)
                       - pydevd_command_line_handling.py (RegularFile, 721e75711f23ed9a8897251f80c3dc53)
                       - pydevd_console.py (RegularFile, f799f485182998daacbbf32336a68472)
                       - pydevd_console_integration.py (RegularFile, 90e19d8421575228702389cb3a117c7b)
                       - pydevd_console_output.py (RegularFile, e1777bf3ff499b89c5b63464d78c94bd)
                       - pydevd_console_pytest.py (RegularFile, 5bbbb3027ca02c64c75e2c82bd2fa4d0)
                       - pydevd_constants.py (RegularFile, 5f6ca3ac00fd4f2dedb97df0f26b0fdc)
                       - pydevd_custom_frames.py (RegularFile, b0efd92d7de77c3791c4c478b1ee74b3)
                       - pydevd_cython.c (RegularFile, 117b212c20bd3df856eda4d35511e7f1)
                       - pydevd_cython.pxd (RegularFile, d0669b34e394f68c61a8cabe0d326949)
                       - pydevd_cython.pyx (RegularFile, 32d71c1362713d70885b2295c8938fe8)
                       - pydevd_cython_darwin_27_64.so (RegularFile, 4cf5ccf188af466f0cb9d60355e3c114)
                       - pydevd_cython_darwin_310_64.cpython-310-darwin.so (RegularFile, c6ae2ea849ffa6ed832e7fc8f40f2e1a)
                       - pydevd_cython_darwin_311_64.cpython-311-darwin.so (RegularFile, 00586d0ecd14c00396b360bd09aa9177)
                       - pydevd_cython_darwin_312_64.cpython-312-darwin.so (RegularFile, 2c67ec98e7fef2bf91d8031fe1cd76ec)
                       - pydevd_cython_darwin_36_64.cpython-36m-darwin.so (RegularFile, 15a85c579018bcc42c42877f1f785e90)
                       - pydevd_cython_darwin_37_64.cpython-37m-darwin.so (RegularFile, 6c81e014d4b953e8aa6eb4219e4266ca)
                       - pydevd_cython_darwin_38_64.cpython-38-darwin.so (RegularFile, 5745e0adae583a59204fda6b413f14c6)
                       - pydevd_cython_darwin_39_64.cpython-39-darwin.so (RegularFile, 6fecea5c3dbe8170383865b090ae2086)
                       - pydevd_cython_win32_27_32.pyd (RegularFile, 660bd324cf95bddaccb80c188375ad27)
                       - pydevd_cython_win32_27_64.pyd (RegularFile, 1324df03c2ab3fe33835bfbdec2c9e58)
                       - pydevd_cython_win32_310_32.cp310-win32.pyd (RegularFile, 5ab5685ea2d8090d60bc371bd6e3c8cd)
                       - pydevd_cython_win32_310_64.cp310-win_amd64.pyd (RegularFile, b22a57ccc9f6cd482056179ff76287ac)
                       - pydevd_cython_win32_311_32.cp311-win32.pyd (RegularFile, a4095401c942266ba8b6be99aff9d8e0)
                       - pydevd_cython_win32_311_64.cp311-win_amd64.pyd (RegularFile, ec34a983af097ec7d812b8bb8a55723a)
                       - pydevd_cython_win32_312_32.cp312-win32.pyd (RegularFile, 15e6493d5ac9b4625368ed5d2863958b)
                       - pydevd_cython_win32_312_64.cp312-win_amd64.pyd (RegularFile, 079a1724008b3cc13292fbe93da21f74)
                       - pydevd_cython_win32_36_32.cp36-win32.pyd (RegularFile, 64de62b3cccb5a55db9e743597ea5fab)
                       - pydevd_cython_win32_36_64.cp36-win_amd64.pyd (RegularFile, 21bde94084e12d6bdb512e2f73707496)
                       - pydevd_cython_win32_37_32.cp37-win32.pyd (RegularFile, 71a391a4d0f55a2bdf63097264178184)
                       - pydevd_cython_win32_37_64.cp37-win_amd64.pyd (RegularFile, 61c4a48e6ab343d70d94538058b2b9d0)
                       - pydevd_cython_win32_38_32.cp38-win32.pyd (RegularFile, c9230647cb846f5d2dfa8386e3b57c30)
                       - pydevd_cython_win32_38_64.cp38-win_amd64.pyd (RegularFile, f36c743cc70344c48b4cfd430ac18e82)
                       - pydevd_cython_win32_39_32.cp39-win32.pyd (RegularFile, a88d74bfd9eeef945efb3e4781898962)
                       - pydevd_cython_win32_39_64.cp39-win_amd64.pyd (RegularFile, 9602f42ee80c7326563ae754161c7f74)
                       - pydevd_cython_wrapper.py (RegularFile, 4b3d59cf1269a6d7d56a2b3432f6d0de)
                       - pydevd_daemon_thread.py (RegularFile, eb03010be87ed239d69ff815d4c225ed)
                       - pydevd_dont_trace.py (RegularFile, 6a625855c8b451327750b29aff2dc852)
                       - pydevd_dont_trace_files.py (RegularFile, 478c6cc1a2821fd84f7beb9668a554a3)
                       - pydevd_exec.py (RegularFile, edcc98c2654fb88b02d35536ff0155b1)
                       - pydevd_exec2.py (RegularFile, 94500574b2332861f328b87b766d91ca)
                       - pydevd_extension_api.py (RegularFile, a6dc9c3b407f34c428e152decf7fb6c3)
                       - pydevd_extension_utils.py (RegularFile, ace55a44f0fc51cb15f1e2effdfcd3b2)
                       - pydevd_frame.py (RegularFile, 038465110f4522d8c5d95a281bdf458f)
                       - pydevd_frame_type_handler.py (RegularFile, 053b16699ac64133f146024ef8e2e1b7)
                       - pydevd_frame_utils.py (RegularFile, d3cbccf5f07340e54aed84140985f0fb)
                       - pydevd_import_class.py (RegularFile, 2312a70688d53b6e37b9277d72ec76c5)
                       - pydevd_io.py (RegularFile, 8ff6a7a1ff90cb3ec2ffa8cc0404b9f0)
                       - pydevd_ipython_console_output.py (RegularFile, cfe929d2be141f34d2d597890e153eb3)
                       - pydevd_pep_669_tracing.py (RegularFile, c1242f0f6b87833af31ed586f1502ae4)
                       - pydevd_pep_669_tracing_cython.c (RegularFile, 8a5a85d42712c660c5d004bf7cbf6f90)
                       - pydevd_pep_669_tracing_cython.cp312-win32.pyd (RegularFile, 809a36f253a8bb6a64c94fd14d5296ab)
                       - pydevd_pep_669_tracing_cython.cp312-win_amd64.pyd (RegularFile, 38a3928851b01a9271706a1683bc0378)
                       - pydevd_pep_669_tracing_cython.cpython-312-darwin.so (RegularFile, 9871707e50e07a8ad70c9ea4451724be)
                       - pydevd_pep_669_tracing_cython.pyx (RegularFile, 7c19f07120712d155f8484052feb3175)
                       - pydevd_pep_669_tracing_wrapper.py (RegularFile, cfb726137d786fc5b9a0e37a1db04363)
                       - pydevd_plugin_utils.py (RegularFile, 910afc41dfaf21a9e36df44144451332)
                       - pydevd_process_net_command.py (RegularFile, b1986f7098b23947b34102d647289e90)
                       - pydevd_referrers.py (RegularFile, d2e987dcd988970e4a5d44fb0bd35cab)
                       - pydevd_reload.py (RegularFile, 67ceace16e90c96459e668c4bca76a1a)
                       - pydevd_repr_utils.py (RegularFile, cad73b2a3f6f5ddbd768a8aab301894e)
                       - pydevd_resolver.py (RegularFile, 45b7e81a8759d26e76be722c56a676ec)
                       - pydevd_save_locals.py (RegularFile, e814a12892ed2bf106e8b5998960b4f4)
                       - pydevd_signature.py (RegularFile, 4dfb62fabaa7f7a23c40cf686dcc8234)
                       - pydevd_stackless.py (RegularFile, b47bf714170d8678e60285eb21cc3153)
                       - pydevd_tables.py (RegularFile, a99ffc4f1cc535736eb4c4157d3deefc)
                       - pydevd_thread_lifecycle.py (RegularFile, 224d3678b0f9e9a1d52fe6c254798369)
                       - pydevd_thrift.py (RegularFile, bd0bd7ccaa44b3d7aab6e452355eba84)
                       - pydevd_trace_api.py (RegularFile, 453570aaa33d4d92900211dc6d991c25)
                       - pydevd_trace_dispatch.py (RegularFile, c17f0d502759ac9ca3ca7bcd787050b9)
                       - pydevd_trace_dispatch_regular.py (RegularFile, 0a825c0c3993a1ba5151c6223af30be0)
                       - pydevd_traceproperty.py (RegularFile, f6e3ce06951229655ee84b75b6367598)
                       - pydevd_user_type_renderers.py (RegularFile, 939a2530b1b52434bfeacde2e3cc0ef8)
                       - pydevd_user_type_renderers_utils.py (RegularFile, ab0fecc73d949a687ae2c99ab30604b2)
                       - pydevd_utils.py (RegularFile, 6f7a7beba03e375b199819352654a1fc)
                       - pydevd_vars.py (RegularFile, 380e979ef2d0bcc36f1f9851aea280a1)
                       - pydevd_vm_type.py (RegularFile, 68a2b7b1c0d7eb5e36293777107c7cc3)
                       - pydevd_xml.py (RegularFile, 9544d1b786ebfa4257e12852affd0a08)
                       - smart_step_into (Directory, fc8d073eeb923ed97561f76f2c0bd162)
                         - __init__.py (RegularFile, e7128b6d048426b11996a03394c3fbf4)
                         - pydevd_smart_step_into_27.py (RegularFile, 16f520e4569bf9b1fd2e545e7be36fd6)
                         - pydevd_smart_step_into_util.py (RegularFile, b9821b0b117916374d2020fc66bd67ad)
                       - tables (Directory, a3ee1eb79c6c06521f7b4474270577b3)
                         - __init__.py (RegularFile, 0ea159181a5c608be2f976d8e90fc468)
                         - images (Directory, aaa9580d089607eb5972d93ef4207d39)
                           - __init__.py (RegularFile, ac7e781a78b470bb9bd944cce921844e)
                           - pydevd_image_loader.py (RegularFile, 31a2399509f1284eb9cd6b266499bf97)
                           - pydevd_matplotlib_image.py (RegularFile, 922b21897999f529aef091799a5e1d12)
                           - pydevd_numpy_based_image.py (RegularFile, 3928b340ccaedffea3f1415c5c36eaa5)
                           - pydevd_numpy_image.py (RegularFile, f4ee69b417229aa2466272fd31c86d9e)
                           - pydevd_pillow_image.py (RegularFile, e4f6b949498301cb9ba80cb8f4e1ee24)
                         - pydevd_dataset.py (RegularFile, 81847a09bc18a176ceb431b73fe49462)
                         - pydevd_numpy.py (RegularFile, ddf04be993c411f3a9fa02441184a8fb)
                         - pydevd_numpy_based.py (RegularFile, c2b715d9d737d08c93ce2978801d2739)
                         - pydevd_pandas.py (RegularFile, de8dd5513959ef5f97e8d0a31a70d194)
                         - pydevd_polars.py (RegularFile, 062ebcf51e11300c33ae267575d1ba77)
                     - _pydevd_frame_eval (Directory, 65650dc886c4ec9880914ab4384753b0)
                       - __init__.py (RegularFile, f571933bb948577b1f9f3076fb8fc7c6)
                       - internal_pycore.h (RegularFile, 7770420259c48be2c55e1a2b81609af1)
                       - pydevd_frame_eval_cython_wrapper.py (RegularFile, f688b6f921ec8b219d69712d0ec28d89)
                       - pydevd_frame_eval_main.py (RegularFile, c0d620020d1d87cd7a38468461c1e6ad)
                       - pydevd_frame_evaluator_36_38.c (RegularFile, 5abb6bc94a1eb1a11c72c70c2d1fd6e3)
                       - pydevd_frame_evaluator_36_38.pxd (RegularFile, 3debb2e41321869d7a6b613b445355d0)
                       - pydevd_frame_evaluator_36_38.pyx (RegularFile, 900b0c7ffe9df61f7600f4e7da6d06d3)
                       - pydevd_frame_evaluator_39_310.c (RegularFile, 661439bfcb6aa2daeed6d64ae4f35061)
                       - pydevd_frame_evaluator_39_310.pxd (RegularFile, e12f11a6a20b70209fbf5f5ea2ed9224)
                       - pydevd_frame_evaluator_39_310.pyx (RegularFile, 3874e7e4f37e94bf712c6c5a302e91c4)
                       - pydevd_frame_evaluator_darwin_310_64.cpython-310-darwin.so (RegularFile, e5cb06baeaf719ff53e31930a5113ddb)
                       - pydevd_frame_evaluator_darwin_36_64.cpython-36m-darwin.so (RegularFile, 253075f5d7180d32bb7038780bbe1a44)
                       - pydevd_frame_evaluator_darwin_37_64.cpython-37m-darwin.so (RegularFile, d34bbc72aa2c0b80780334b03ceec9a0)
                       - pydevd_frame_evaluator_darwin_38_64.cpython-38-darwin.so (RegularFile, 0f07275eb0d2c2a542b927d89ac90b5d)
                       - pydevd_frame_evaluator_darwin_39_64.cpython-39-darwin.so (RegularFile, a054833bb03290199db27b9a366ad430)
                       - pydevd_frame_evaluator_win32_310_32.cp310-win32.pyd (RegularFile, a55eed7dd23b7c90942433b68083c9ec)
                       - pydevd_frame_evaluator_win32_310_64.cp310-win_amd64.pyd (RegularFile, 70b40f0f7413b7de40c8df2a54dd46a2)
                       - pydevd_frame_evaluator_win32_36_32.cp36-win32.pyd (RegularFile, 4d93e37a474f4a4e6cbd272556f69f3c)
                       - pydevd_frame_evaluator_win32_36_64.cp36-win_amd64.pyd (RegularFile, f193649176e967b30f2ac9c60d22175f)
                       - pydevd_frame_evaluator_win32_37_32.cp37-win32.pyd (RegularFile, 6c640593cae62a237f5a5be25940b48a)
                       - pydevd_frame_evaluator_win32_37_64.cp37-win_amd64.pyd (RegularFile, 5f4f19f11e83dee973f1d24747fbd1a2)
                       - pydevd_frame_evaluator_win32_38_32.cp38-win32.pyd (RegularFile, e32af5a835297ac2e7c4244c6d7afda2)
                       - pydevd_frame_evaluator_win32_38_64.cp38-win_amd64.pyd (RegularFile, f950c0f45c2ccf6972383bde1d815d37)
                       - pydevd_frame_evaluator_win32_39_32.cp39-win32.pyd (RegularFile, 48f1e3409f15808f1ba9c3577deb50a7)
                       - pydevd_frame_evaluator_win32_39_64.cp39-win_amd64.pyd (RegularFile, 6bfd969561d5eb33e8d905d26b9b5500)
                       - pydevd_frame_tracing.py (RegularFile, 995fec2b0ca1e8328fbbcbe57a4fafb0)
                       - pydevd_modify_bytecode.py (RegularFile, d16cc3de6739e63ead834025c0eb7f51)
                       - release_mem.h (RegularFile, 17a0731ae3e0589bd4a18b5c78ab735d)
                     - build_tools (Directory, 6973fae06adc9fae8758c2b24a9a23ef)
                       - build.py (RegularFile, 9fa2a02171a8cc05a6ea7f73af47b3a0)
                       - build_binaries_osx.py (RegularFile, adb8594e1f894a3c704b95cc6883a7b0)
                       - build_binaries_windows.py (RegularFile, 0e21fd802f1301a7234e9ad109ae8ebe)
                       - build_common.py (RegularFile, e2bebb982908c8a3ea07dba29d0a8f4c)
                       - generate_code.py (RegularFile, da16730f72fe9f26025228d5425dd62d)
                       - generate_debugger_import_errors (Directory, 2b4f57a9202dc28c1acd2c1b1718007a)
                         - generate_import_error.py (RegularFile, 56d46695e512d8478efa3cf4e8696c61)
                         - generation_utils.py (RegularFile, 50cc12120905f2f053ca534cf773879d)
                         - start_generation.py (RegularFile, e71ba4d0af2a0f64c1e5c7f838b0b9f8)
                       - msvccompiler_wrapper.py (RegularFile, 7b1f2896f26f13094e2f2f5f05d17956)
                       - names_to_rename.py (RegularFile, 19bc84e94c206390e04f6f1e0075b802)
                       - pydevd_release_process.txt (RegularFile, 4dad8a2411e6a498bac5ed23663eafa9)
                       - rename_pep8.py (RegularFile, a9d3fd953f6fc15e0255f375aa0f9032)
                     - ci-requirements (Directory, 3b315f16a73ad8fb5f41b0258c7e334d)
                       - ci-requirements-27.txt (RegularFile, 34154958daa4d466f1ed8e4023869863)
                       - ci-requirements-310.txt (RegularFile, fcdb66b6137adc8ee9eb9cbaf943f08d)
                       - ci-requirements-311.txt (RegularFile, 76e5d09d7f90debce516dffcf4be7ad9)
                       - ci-requirements-312.txt (RegularFile, 76e5d09d7f90debce516dffcf4be7ad9)
                       - ci-requirements-313.txt (RegularFile, 76e5d09d7f90debce516dffcf4be7ad9)
                       - ci-requirements-314.txt (RegularFile, 76e5d09d7f90debce516dffcf4be7ad9)
                       - ci-requirements-38.txt (RegularFile, 3f524bc962f85e37c4edfd0b680e1959)
                       - ci-requirements-39.txt (RegularFile, fcdb66b6137adc8ee9eb9cbaf943f08d)
                       - ci-requirements-latest.txt (RegularFile, 0da7f2f2965f5812f822e9547ad88dd5)
                     - interpreterInfo.py (RegularFile, 085f99af406dc9e8d6ea61153dff9451)
                     - LICENSE (RegularFile, 6335e0580f2ad938d209504bd38a7ae3)
                     - MANIFEST.in (RegularFile, ed2925783525967d2ab7cb719fcb285f)
                     - merge_pydev_pycharm.txt (RegularFile, 403ea943bacbefa510e704a3b74de99e)
                     - pycharm-console.rst (RegularFile, fcb866c5edb9b9ecedb4df29d3849bcf)
                     - pycharm-readme.rst (RegularFile, b4ae721df8d3075abffcd01eea0535a3)
                     - pycompletionserver.py (RegularFile, 05988e4eb8da0947d695b20285f320a4)
                     - pydev_app_engine_debug_startup.py (RegularFile, f65e8e25094f6c1be75f897eba6c0c63)
                     - pydev_console (Directory, 4222cfb5f52a21a32af299af29833232)
                       - __init__.py (RegularFile, f571933bb948577b1f9f3076fb8fc7c6)
                       - console.thrift (RegularFile, 76b739a964fa8e6a5e718249c5ffcb50)
                       - pydev_protocol.py (RegularFile, 12a8eb3fc967b2e238ea6e1b98a1f2db)
                     - pydev_coverage.py (RegularFile, e3d25e783feb17eacf90eaa589e910d3)
                     - pydev_ipython (Directory, ba8c3a0fb306a8f20705b4e3a67efa41)
                       - __init__.py (RegularFile, f571933bb948577b1f9f3076fb8fc7c6)
                       - inputhook.py (RegularFile, e7b39b3573c18584e760f28404c3636d)
                       - inputhookglut.py (RegularFile, 0d4aa6058d81c20020c980214e7643ed)
                       - inputhookgtk.py (RegularFile, 4aaaa713be88c92ef0b9b41d43e2409a)
                       - inputhookgtk3.py (RegularFile, e1368f4f3095f534e3165439920072b4)
                       - inputhookpyglet.py (RegularFile, d1de8817d4aa82e9ef68cd3ac12972de)
                       - inputhookqt4.py (RegularFile, 36ddc20eafb329ed273a0ffd7636992a)
                       - inputhookqt5.py (RegularFile, c57de1b4af7d61552388c7446f7397f1)
                       - inputhookqt6.py (RegularFile, 434937ff911ff2d82f12c49e19055d29)
                       - inputhooktk.py (RegularFile, c111aaafcf7f50b2f43eec7adb961c70)
                       - inputhookwx.py (RegularFile, a281d8a0ced2f402bf2b64b27ef44dd8)
                       - matplotlibtools.py (RegularFile, c5a8d1239990d13e55f67b0ddfcaadbc)
                       - qt.py (RegularFile, ea6497f6339a1ac175b6b32d18ac76b4)
                       - qt_for_kernel.py (RegularFile, 76ff9a4de781655456d230fde9e54ed2)
                       - qt_loaders.py (RegularFile, 83b3a752be1bbbef47df8b9eb5edeec6)
                       - README (RegularFile, b8959c88c65778de6c85c7abe83b1015)
                       - version.py (RegularFile, e3eb756314db4abab9b9edada4452eb7)
                     - pydev_pysrc.py (RegularFile, c3ad103aa4604eef463dcf490ed3c5f8)
                     - pydev_sitecustomize (Directory, 683f61d2769775a4f1e17169cb9501bf)
                       - __not_in_default_pythonpath.txt (RegularFile, 9c5157c0df9c22ec8e3981035ec7efc8)
                       - sitecustomize.py (RegularFile, 685649cf727b16006c97cab3b18d86c8)
                     - pydevconsole.py (RegularFile, 0484244a6f1bc3016043882e46d306e7)
                     - pydevd.py (RegularFile, bd8203380d2a4f3b2e926f48d78e8fb4)
                     - pydevd_attach_to_process (Directory, dd8c0079ad33061321db779c66e98392)
                       - _always_live_program.py (RegularFile, 2b3a46c83b1bf5332625d5a669ff2e6d)
                       - _check.py (RegularFile, ca6c04db44acbda304d098452827a250)
                       - _test_attach_to_process.py (RegularFile, cc7d2ef57d8d45d808e5cf2d3e72c14e)
                       - _test_attach_to_process_linux.py (RegularFile, be47df85f844a4be0a6f2ded4cf9248d)
                       - add_code_to_python_process.py (RegularFile, 291873e3efbadf9be3719063784e45f6)
                       - attach.dylib (RegularFile, 2cae3e2fe7ae661eb8681776f923609a)
                       - attach_amd64.dll (RegularFile, 9eef7f2bc631445d9c9c849a4dccf449)
                       - attach_amd64.pdb (RegularFile, e3b3b4fd850c1275c679c7fc2085c732)
                       - attach_linux_aarch64.so (RegularFile, 8fab437154313f2779bb467d274df4cd)
                       - attach_linux_amd64.so (RegularFile, 6a1e17233dc0c021a62e66935c9484a1)
                       - attach_linux_x86.so (RegularFile, 79b6be9309ef530563aef0145b159c35)
                       - attach_pydevd.py (RegularFile, 01f6928859ce86568b1a0310cdd834fd)
                       - attach_script.py (RegularFile, 70dfe6e12a35b670a394afbb5dd1a9a5)
                       - attach_x86.dll (RegularFile, 9f9eaa09b1d8ae01aad8aefcd1a9d673)
                       - attach_x86.pdb (RegularFile, 7085d69c3de9977bcfd29e492a79a4e5)
                       - common (Directory, 665abd209b0b5fb56309af9bbebfdf37)
                         - py_custom_pyeval_settrace.hpp (RegularFile, c75b7b7dd9315a49cd26c08a56c2d7f0)
                         - py_custom_pyeval_settrace_310.hpp (RegularFile, 8923b1568db02764018a43a75a9abfeb)
                         - py_custom_pyeval_settrace_311.hpp (RegularFile, ee96a9bd4cad5f25c0aa17095af851e7)
                         - py_custom_pyeval_settrace_common.hpp (RegularFile, 283979f66b5004d31e6633ac34d3a69a)
                         - py_settrace.hpp (RegularFile, aeb5b781ed2eb6badd29b506585a3e55)
                         - py_utils.hpp (RegularFile, acef070b1daf433dc110965f8f1e4093)
                         - py_version.hpp (RegularFile, fa5d371e67eda3bad089302e5878d2c4)
                         - python.h (RegularFile, 44ef503503e411369c496aea71aaf70c)
                         - ref_utils.hpp (RegularFile, 59492cbc88b198558b2b84089e86dc31)
                       - inject_dll_amd64.exe (RegularFile, bf8615d581f46527b1898538f1217eb1)
                       - inject_dll_amd64.pdb (RegularFile, 5b4e28ed9f53779d9eb9a1678f7e8886)
                       - inject_dll_x86.exe (RegularFile, 42dcfd780e4c88732160316270bbeced)
                       - inject_dll_x86.pdb (RegularFile, cabee0f36b9b1207c68ec39ba96f6cc4)
                       - linux_and_mac (Directory, 81d19d4da17bde6b09a77393045d4357)
                         - attach.cpp (RegularFile, 7c31cb2acae799a36c8b961f45de4ef5)
                         - compile_linux.sh (RegularFile, 4bcbbb1c84ffe5073d081c44b63427fc)
                         - compile_linux_aarch64.sh (RegularFile, e37242ba74aea82ed19837a0374f07c1)
                         - compile_mac.sh (RegularFile, 251d3b1690403f0eb2529966185891de)
                         - lldb_prepare.py (RegularFile, 76a533265e803f393cf88ac68571f50c)
                       - README.txt (RegularFile, 356d84506bdf993825c9bf90a4953c03)
                       - run_code_on_dllmain_amd64.dll (RegularFile, f10c380340d8010fedc67406e2189671)
                       - run_code_on_dllmain_amd64.pdb (RegularFile, 4c8f2d0b236cb6d58402f4b605c12685)
                       - run_code_on_dllmain_x86.dll (RegularFile, aaf896068ee9c8b1f341c27e32fb23b0)
                       - run_code_on_dllmain_x86.pdb (RegularFile, 67081dd6073e3ce144ef903d6266cce1)
                       - winappdbg (Directory, b1438b4e97a2ee73f2de63edcbd271cc)
                         - __init__.py (RegularFile, 4d8aca86960bda5918dc3c9e195b2c01)
                         - breakpoint.py (RegularFile, 078f7db0e60f3d31805a9f9292ee780b)
                         - compat.py (RegularFile, 0dd2525c80a019aba697eea98aad198b)
                         - crash.py (RegularFile, 0a73a61c14f77859283ba96bc5046000)
                         - debug.py (RegularFile, 9700e44696f5949907d7be86d6ff7465)
                         - disasm.py (RegularFile, d7ebbf47ee815ccc2fc84601933aee62)
                         - event.py (RegularFile, 0df9b8e7b74eff8efbb1146ad6d3fb34)
                         - interactive.py (RegularFile, b9c21bc5704468acae20536dbddfe033)
                         - module.py (RegularFile, 308c2f903e4d980a03844b2fa2196817)
                         - plugins (Directory, 7e9d1a92a8d83d944dcbb7509ab39a18)
                           - __init__.py (RegularFile, 9fd64b42c8f431fbb0b38e9d85ff7ae0)
                           - do_example.py (RegularFile, 35188413126ea1144c5e7f15387b485f)
                           - do_exchain.py (RegularFile, ec90d0862340223658bde69414bee0f2)
                           - do_exploitable.py (RegularFile, c2f4a92052392aa388c473c34c476868)
                           - do_symfix.py (RegularFile, 2457ef68f7383878d5acaca9c671887b)
                           - README (RegularFile, 18b7583e5d062009e321c96fcc1c4ff6)
                         - process.py (RegularFile, f897f3c54d87585b98233fedaad60f2c)
                         - registry.py (RegularFile, c2f61e3691a7083b4410100d78d3492d)
                         - search.py (RegularFile, d6b2062230f3d676d4d89c35405fa6b4)
                         - sql.py (RegularFile, 7eb9ae9f2e8f8c26fd97f496abf71e71)
                         - system.py (RegularFile, eec689768bb9efcaf272cfb931b03bf8)
                         - textio.py (RegularFile, 6b31d60b18973353d545d6e12b059718)
                         - thread.py (RegularFile, 40c62b2a94b21fd54cee5e40645656ec)
                         - util.py (RegularFile, a83e9cdb4d43b590b5480f39115a9004)
                         - win32 (Directory, bc0a0fcf8979b7430be676f09eafa40b)
                           - __init__.py (RegularFile, 0cd3a26e97865739d4a20859c68d8479)
                           - advapi32.py (RegularFile, 183584de404136aa9519b6395e7bc376)
                           - context_amd64.py (RegularFile, bfe4dd6bc34808bd4e538424fb12a567)
                           - context_i386.py (RegularFile, c38c193a8112d5b768bd72cee37093f0)
                           - dbghelp.py (RegularFile, 779fe1dd3cc8a143bc1f5e161f7e7c7f)
                           - defines.py (RegularFile, 84e141907039d738917b875b64d272a5)
                           - gdi32.py (RegularFile, d04a80bd9761231ba1372286095b85d1)
                           - kernel32.py (RegularFile, 1cb49eb24a2e1ef72fc6d4aa90dc30a2)
                           - ntdll.py (RegularFile, 8e3a6bd889670f4845895e246d38b3b7)
                           - peb_teb.py (RegularFile, 9dd9cf8751d2825b1d23c16ace9789bd)
                           - psapi.py (RegularFile, f0bc3f44145f685f71c13397ae2838e3)
                           - shell32.py (RegularFile, 3095f1f9d4ae6160e04f7cc3e85b2570)
                           - shlwapi.py (RegularFile, a358133be2177ad5e454083eaeffdbbe)
                           - user32.py (RegularFile, a68ec1a71edce8ea61972711567e9a1f)
                           - version.py (RegularFile, 7dc72490659e7c1622a13631cdf297ee)
                           - wtsapi32.py (RegularFile, 8d16bf8749fd79ba6cabcfd486a14b6e)
                         - window.py (RegularFile, 32328bbdbefbfc1e61919635d12b4228)
                       - windows (Directory, 5473dcb69fbf974bb4b75f753e5f75a7)
                         - attach.cpp (RegularFile, dfb6cca3881d9eb75db242f17707af20)
                         - attach.h (RegularFile, 247451d399a6da41316968fcd4bd31a7)
                         - compile_windows.bat (RegularFile, 5d7782f51f889db4206ae96bc839bdfc)
                         - inject_dll.cpp (RegularFile, 1fa825f912f1c407a8b8126ec8e0f4eb)
                         - py_win_helpers.hpp (RegularFile, 5f598ea1c635e36d8f984e294065ef8d)
                         - run_code_in_memory.hpp (RegularFile, 5b96df706d039569500e5f70a3ff27df)
                         - run_code_on_dllmain.cpp (RegularFile, 4e9d097537b500e65ec9fd719292b7f6)
                         - stdafx.cpp (RegularFile, cc50e95d9942d4f60a5232a29b818662)
                         - stdafx.h (RegularFile, 43113eb7a75a11154c084bf26f735008)
                         - targetver.h (RegularFile, f089a59ef34976e515318c684b99f6fc)
                     - pydevd_concurrency_analyser (Directory, ee03ecf1f6ac7907340bf5beb253482b)
                       - __init__.py (RegularFile, f571933bb948577b1f9f3076fb8fc7c6)
                       - pydevd_concurrency_logger.py (RegularFile, 1cb7d165021b16da3ba83f14e0e725ae)
                       - pydevd_thread_wrappers.py (RegularFile, 9c2601b36517645c547fa1b7f0190ebe)
                     - pydevd_file_utils.py (RegularFile, 3185cd49096b4be2b48a0ecf2575c4ef)
                     - pydevd_plugins (Directory, 98912d41d2f95ceb5e40b2187f6a41a6)
                       - __init__.py (RegularFile, 7819e1db823370555494162434e48d3b)
                       - django_debug.py (RegularFile, 804394fecb5c857ae26a9b8a2c4b3264)
                       - extensions (Directory, 9cd7e7a79a72d8d026c507af9fd67444)
                         - __init__.py (RegularFile, 7819e1db823370555494162434e48d3b)
                         - README.md (RegularFile, 3a4a66f551d53f105a54d923c485fa24)
                         - types (Directory, db70dba4dba21aaf92960cd1db5d89d6)
                           - __init__.py (RegularFile, 7819e1db823370555494162434e48d3b)
                           - pydevd_helpers.py (RegularFile, 1ffb80c69b207d2fcc612af11e2ef0e3)
                           - pydevd_plugin_numpy_types.py (RegularFile, 368217c1690c9a4dfb173da592a56c49)
                           - pydevd_plugins_django_form_str.py (RegularFile, 21091fbd1433b4a589acbe09d435e8dc)
                       - jinja2_debug.py (RegularFile, c186f2a820b6d11bdaf68364cb422ce4)
                     - pydevd_pycharm.py (RegularFile, 0e80c9c604f2efae0ae6991b1b3256c4)
                     - pydevd_tracing.py (RegularFile, fe01a3b4fddeaa6001f032d21632813b)
                     - pyproject.toml (RegularFile, 99592f53d31d20f0eebe14417f6aad18)
                     - pytest.ini (RegularFile, 6a029c00ba0140a5329e328dab1269e6)
                     - README.md (RegularFile, c94f023a1a6f3673dd8abf10e5c2fa3e)
                     - runfiles.py (RegularFile, a571140349b684eb1ec24bf6d5f570de)
                     - setup_cython.py (RegularFile, 1e18fc2f4531a2a3fde350bb83417b56)
                     - stubs (Directory, f8dedab5b15577fcba18452c54d75e00)
                       - _django_manager_body.py (RegularFile, bbff6f5092642d2fa4a22ce5463e4f3f)
                       - _get_tips.py (RegularFile, a02f0b5bc28c8a569192a07032d7e75c)
                       - pycompletion.py (RegularFile, 82f3c037b74facdb8afc2ac1c2b841f9)
                     - test-requirements (Directory, 4c3c4e2c93f5c84bfa3cb3a530c5a1f5)
                       - test-requirements-27.txt (RegularFile, ef7e09981c2f1786ee698c63bf021970)
                       - test-requirements-310.txt (RegularFile, 75357acb5daedfdbba1d8194646b449d)
                       - test-requirements-311.txt (RegularFile, 75357acb5daedfdbba1d8194646b449d)
                       - test-requirements-312.txt (RegularFile, 75357acb5daedfdbba1d8194646b449d)
                       - test-requirements-313.txt (RegularFile, 75357acb5daedfdbba1d8194646b449d)
                       - test-requirements-314.txt (RegularFile, 8a4a46c3f8f0f0d29066f835a8afa107)
                       - test-requirements-38.txt (RegularFile, 5cd4fa7a8f3a153301bac2045ec31f36)
                       - test-requirements-39.txt (RegularFile, 33bf5fe4943877c017813ea809b430a3)
                       - test-requirements-latest.txt (RegularFile, d55f1bb39b72a5e8c7f5b23d842f40d4)
                     - third_party (Directory, b30450297587a1a66f39be57fd1b9942)
                       - isort_container (Directory, 3dc6963155acd1ae498f0477459ce515)
                         - isort (Directory, 592e0d42db1c3e014d99f38ac8ea086f)
                           - __init__.py (RegularFile, 6751459670096803f70cdd5c39bfa3e7)
                           - __main__.py (RegularFile, c8f71472a00e3e32aa9469ca7e6a4f8c)
                           - hooks.py (RegularFile, 8f267b134e1190789fdc2d195cf0f62f)
                           - isort.py (RegularFile, 4719205d7c2121b3e23e27fffd7bcba2)
                           - main.py (RegularFile, 0ee2b0c850185a8697c143505b5ec470)
                           - natural.py (RegularFile, d0efaf2f968b128c460bec763566de79)
                           - pie_slice.py (RegularFile, a3a932c69a4fdbebbbcab7f69091b836)
                           - pylama_isort.py (RegularFile, df6564556cd49e109ba6142b3e597c14)
                           - settings.py (RegularFile, 1815b02efaf277fd14be9214f08827d0)
                       - pep8 (Directory, e89163d267f6fef2fc01f8eb78e2fb6e)
                         - autopep8.py (RegularFile, 45f112833de04d0d5510c87563bcb301)
                         - lib2to3 (Directory, b0fef28d3f8d3807e2d29d003fde9a7f)
                           - lib2to3 (Directory, 1ed0cb6e6e463ea80c0068d56d8c2906)
                             - __init__.py (RegularFile, 499605cfb48c8c726a463be4d15bc944)
                             - __main__.py (RegularFile, 83da0b2be88e5ffb4e0de50bf30fb9c1)
                             - btm_matcher.py (RegularFile, 045d0f6f52d2d369d5a5cd80e1e27b38)
                             - btm_utils.py (RegularFile, acd01d2e7db73d9a2a3b2395d1987071)
                             - fixer_base.py (RegularFile, dddf44d590ef04e36812fe98a1334e34)
                             - fixer_util.py (RegularFile, d736dbbbedd6f5f64511c0dad7c892ed)
                             - fixes (Directory, 8f483da5a97761f0d1ba248fc0144867)
                               - __init__.py (RegularFile, f1722b4aae6bd8937c4f29bfb98027d6)
                               - fix_apply.py (RegularFile, cc10a5bf42fceb81592529c8126fadb2)
                               - fix_basestring.py (RegularFile, e5bd4acc58ef44c1772174412c791041)
                               - fix_buffer.py (RegularFile, 7d76bf288bf24dd8d7f46305ec5f3879)
                               - fix_callable.py (RegularFile, 50b0f2e584fc4746557619305358a679)
                               - fix_dict.py (RegularFile, ae782fc72804c5132f21742942469f73)
                               - fix_except.py (RegularFile, 79bd8c215ccd1f70651f3ed44d4b83bf)
                               - fix_exec.py (RegularFile, 7d4620099ad4b80de7f57621d1c30133)
                               - fix_execfile.py (RegularFile, 665de86c4e65fa6a23ce0db493ad63a5)
                               - fix_exitfunc.py (RegularFile, 3378c5b0cb9e9dd3951ba9359c42a935)
                               - fix_filter.py (RegularFile, 6a6eec2219883d183dd1eb345b1e917d)
                               - fix_funcattrs.py (RegularFile, e8991aa7e1fa06add02a8872eb2150f3)
                               - fix_future.py (RegularFile, 6fb2a71bd122deca0080b6c59867e3df)
                               - fix_getcwdu.py (RegularFile, c70db3bf0c8b265b2a7e46590f8cea9f)
                               - fix_has_key.py (RegularFile, 3d431076d4cf6cdba9ef6583ec868bb4)
                               - fix_idioms.py (RegularFile, 30164d16b13cd59f814322bede0866c4)
                               - fix_import.py (RegularFile, 64a9eefb9393856bdc2314cbf31be830)
                               - fix_imports.py (RegularFile, 296d490fda9515e73bac917e75e08771)
                               - fix_imports2.py (RegularFile, bd65b470a7554ee58e093f687a24b056)
                               - fix_input.py (RegularFile, a8316d16ee1005ad384e43cd1fc53765)
                               - fix_intern.py (RegularFile, 74bfd355a65f8527d642441003db0e66)
                               - fix_isinstance.py (RegularFile, 06aa8b8aeac7079dda0a2d05a6010c25)
                               - fix_itertools.py (RegularFile, 10f2970bce3c52229a2f68267f6f8d26)
                               - fix_itertools_imports.py (RegularFile, e832838956e73d4df803eb9b0cf8061a)
                               - fix_long.py (RegularFile, 9501b4498b32b709e5d6008c5ae68042)
                               - fix_map.py (RegularFile, cebdd7138c252ad55936d85867e0062f)
                               - fix_metaclass.py (RegularFile, 29bc08ae798ef7933fdaff345752c0a7)
                               - fix_methodattrs.py (RegularFile, ad6f1a5c2fb6c973c4f232646ef6e5ac)
                               - fix_ne.py (RegularFile, 24e9c3c7a62df08c780f3e11154e8e0c)
                               - fix_next.py (RegularFile, a282e4959a4dfe797e28012622669ec1)
                               - fix_nonzero.py (RegularFile, 465d63f739d2edbfa5691e3b5531b11d)
                               - fix_numliterals.py (RegularFile, 9e9ff13c95c3751115a46daba4775039)
                               - fix_operator.py (RegularFile, 3ac0810552766e42aba44581ea0cf311)
                               - fix_paren.py (RegularFile, 298b2cbf16600813302d919f33416b10)
                               - fix_print.py (RegularFile, ff0c7e379bed4130d451bd59d4ca4d1d)
                               - fix_raise.py (RegularFile, ac84962bdeed2a62b8501af0fd035b29)
                               - fix_raw_input.py (RegularFile, df1a74f78d7bfa62e92ee4e5656d74b4)
                               - fix_reduce.py (RegularFile, 09b5f8199da1cf5c8c8055615563710d)
                               - fix_renames.py (RegularFile, 7d9c0578972bb0fb9e47f2dea837daf8)
                               - fix_repr.py (RegularFile, a861a70c1e878544840013f35543b6fa)
                               - fix_set_literal.py (RegularFile, 45975ffbf03bf52f835c0d7eff6bfd38)
                               - fix_standarderror.py (RegularFile, fdfcbe83ff7b98f2dca72f9be31c2966)
                               - fix_sys_exc.py (RegularFile, fbc98ee9be5551205bedea95f881afe0)
                               - fix_throw.py (RegularFile, 8888de71986f9b2854b91c4461f0f92e)
                               - fix_tuple_params.py (RegularFile, 739baf2b66bc0793c8ee4472edff7611)
                               - fix_types.py (RegularFile, c6a876b6c171398cfd35da412ad89369)
                               - fix_unicode.py (RegularFile, 51a84d14e35d4dd7cb9b8f6ee2b31571)
                               - fix_urllib.py (RegularFile, 411c9f765e44964f139d1ef6b03e932d)
                               - fix_ws_comma.py (RegularFile, 58bbc71f90700a39e057c5ad2f3102c7)
                               - fix_xrange.py (RegularFile, 483d9cb1358aa2695b06de05420deb4a)
                               - fix_xreadlines.py (RegularFile, 805dc146202aa5ef8986a0e38a89d0ab)
                               - fix_zip.py (RegularFile, 4fb73853352aad3815da6fa24ca9af3c)
                             - Grammar.txt (RegularFile, 683a085f761e6f67b7c98fb262d57e04)
                             - main.py (RegularFile, 5fa3fa291a2e6e952b48000122545a94)
                             - patcomp.py (RegularFile, 4210a104beff827e19428832f1cce48a)
                             - PatternGrammar.txt (RegularFile, d4ded2aef8dfd84bcdbaafc174b16b5b)
                             - pgen2 (Directory, f9f5d35b1285903633c208b11863b7c4)
                               - __init__.py (RegularFile, 3923dd29a1dad242d7453617826e8d30)
                               - conv.py (RegularFile, 3e65c745801c42a067b6c216dc04dadb)
                               - driver.py (RegularFile, 071965a52d911064e07e37d6308e84c2)
                               - grammar.py (RegularFile, 3b9e23cbb028b37944eccc9c3e457413)
                               - literals.py (RegularFile, 66182dd72abc5dfc2d7aca0cfc8d4c27)
                               - parse.py (RegularFile, 1f15158027778cadaffbce40f3d2750c)
                               - pgen.py (RegularFile, ecb523cf7c1f73d09cf80b6f062a9760)
                               - token.py (RegularFile, 84a904e2b71b1ac8f1f881cf10acc610)
                               - tokenize.py (RegularFile, 7e35da8b8c3746a1bbf301abf7bcc28f)
                             - pygram.py (RegularFile, 8fec1dae0df40df676c0672e6f353d3b)
                             - pytree.py (RegularFile, 7fb57e5951f38fd1366092ba2e09f1c2)
                             - refactor.py (RegularFile, 0b37ce59fba4bb3f975e94985b208f82)
                         - pycodestyle.py (RegularFile, f85f1ebfb1bcb56d3c62694446b479b0)
                       - wrapped_for_pydev (Directory, f6091b8235565a890be8010591ec3f8f)
                         - ctypes (Directory, 70832189df6457bcd1bec60065db3c80)
                           - __init__.py (RegularFile, a8029102036cba4c87b850f9f0d16357)
                           - _ctypes.dll (RegularFile, df85a8a98006be98a612707f531b4d21)
                           - _endian.py (RegularFile, 9cca8ac7f7904790ca41052b4d44d887)
                           - ctypes-README.txt (RegularFile, 3aeb594c3835f4dea6b1a250ad67e2b5)
                           - macholib (Directory, 20f5aada56c7db6b925f2c200117aa9f)
                             - __init__.py (RegularFile, 3172c36c6638ee254e1eb68c30f3c9a5)
                             - dyld.py (RegularFile, 6ef0f61c2489de0fa61e8acb2726ea13)
                             - dylib.py (RegularFile, d108f420a47d21893c2d14947ac41245)
                             - framework.py (RegularFile, b6d9566af79e74f306eccc4b967c7adb)
                           - util.py (RegularFile, 444efb4785cf90c6e8648d18902f3d2e)
                           - wintypes.py (RegularFile, 0d7e85794fcd45f00c8c4c22e1bce72c)
                         - not_in_default_pythonpath.txt (RegularFile, 32d2f01cec6709f26c6a9e21e6fd1c9b)
                     - tox.ini (RegularFile, ea574141831becd1a4c9ecb574f555ee)
                   - remote_sync.py (RegularFile, 996dbe6d447c500f381868a74f1d0a73)
                   - rest_runners (Directory, 232cb8fe299e3650d9f3d3ee771a2177)
                     - rst2smth.py (RegularFile, aa57d5dcce8a70392ffa3e44cf321474)
                     - sphinx_runner.py (RegularFile, 1ae43858a197fc41af7789f30ec52e5d)
                   - setuptools-44.1.1-py2.py3-none-any.whl (RegularFile, 7a283c010f1f3d06dfe9230cc097b6f9)
                   - six.py (RegularFile, 7dd26a3ce5407e26461bb878f75123f1)
                   - sphinxcontrib (Directory, 2c6ad6bce56bbeaf7f112871fc418783)
                     - __init__.py (RegularFile, f571933bb948577b1f9f3076fb8fc7c6)
                     - napoleon (Directory, 7316908cdc5c6ab78397c1972e22a248)
                       - __init__.py (RegularFile, 2bf1ab44625ffbdec98a26e44d5b220e)
                       - _upstream.py (RegularFile, 256d3b719b53e0d035424d0a912dc800)
                       - _version.py (RegularFile, 89b42c9625a00bac373f635dae67409e)
                       - docstring.py (RegularFile, 968ffa9a637ea74409c5b86e860be6f6)
                   - syspath.py (RegularFile, e6d2fae5801f32ba8c44fd7d792ebd40)
                   - third_party (Directory, 897719ffdd55396882f5031d6f4e8a40)
                     - thriftpy (Directory, 175375cfed3cfa48f774ce9c3bf99f49)
                       - _shaded_ply (Directory, 65126421dee0ad0a96872812c5a70551)
                         - __init__.py (RegularFile, 657429cc4dce2fc6ed8386c6a3152430)
                         - cpp.py (RegularFile, bd0830a9d39c6f2381af2618576e7c42)
                         - ctokens.py (RegularFile, 382763364f3a0eb2c8debce16c6c6a36)
                         - lex.py (RegularFile, f6cd6d006998033f58dbad1fa28dee60)
                         - yacc.py (RegularFile, db4155e9d9cb57a8b16828b4e56f1974)
                         - ygen.py (RegularFile, e582a5c2e41b37ff5f4a8e33d071aa30)
                       - _shaded_thriftpy (Directory, 2ec24a7cd0a58c303ecc512d351f01a2)
                         - __init__.py (RegularFile, ccb4920f92ae505027021c0116589397)
                         - _compat.py (RegularFile, cd3f1ec5ae07090d1e7185164601c39a)
                         - contrib (Directory, 3cebf30368760c7cadfb1f578207fba8)
                           - __init__.py (RegularFile, f571933bb948577b1f9f3076fb8fc7c6)
                           - aio (Directory, e1e88f6330b93a5345b5111bf3c1d982)
                             - __init__.py (RegularFile, f571933bb948577b1f9f3076fb8fc7c6)
                             - client.py (RegularFile, 6c93361930444b459cc2cdeedb66ec74)
                             - processor.py (RegularFile, 1da62221c95c678baa5727474054417b)
                             - protocol (Directory, d0260ec06a7feb48149b513b8c89e688)
                               - __init__.py (RegularFile, 54a4719096ca7db20073393422ce0377)
                               - base.py (RegularFile, a489d663cfca0f7681c7ef880d33cfe3)
                               - binary.py (RegularFile, 4d8dbca9ddf2073efe68f88897fed65d)
                               - compact.py (RegularFile, d791190aee2c41ba34f9dabef29fb19f)
                             - rpc.py (RegularFile, 28c20a313dc245c0c24be91496a72e60)
                             - server.py (RegularFile, 9a2843a705fed53b511e8502c2cf8609)
                             - socket.py (RegularFile, f192dd91b0b9d50ab65152adc7cd7f56)
                             - transport (Directory, bc7cf23eccfe088a0e857e5ab40131d0)
                               - __init__.py (RegularFile, 75d0724901f95e3db8b36fd9874c97f9)
                               - base.py (RegularFile, 83c183fe3ec6925954fd7a0d866d1a19)
                               - buffered.py (RegularFile, 6298352680a5421f0a59d17b0b16fdc4)
                               - framed.py (RegularFile, d07d3c5668713adb0cc41d3031db7eff)
                           - tracking (Directory, 0b27a978d3b2e056c3abc39fb2a475d7)
                             - __init__.py (RegularFile, 13ec78027fe1ae9a421886a3ba2ca5e7)
                             - tracker.py (RegularFile, f93063f991ef1734e6d991e2512a3f52)
                             - tracking.thrift (RegularFile, 0fb436f1304640714312a572a6e4384d)
                         - hook.py (RegularFile, 60067debc8d6a04270fb4e0532038580)
                         - http.py (RegularFile, 9eba228b3377a6e4ab9658268b701ae3)
                         - parser (Directory, 1f670af13791901d588c41efff5e1dbb)
                           - __init__.py (RegularFile, 97d057a5d153dc6a700d455d4797ae26)
                           - exc.py (RegularFile, e2b0047bd06a6540f0aec1df7b8bee38)
                           - lexer.py (RegularFile, 9ef9bfad02dcc8e5e1790581f9be4422)
                           - parser.py (RegularFile, f2ca40665af028a6962f9e5e8b0790ed)
                         - protocol (Directory, 2e76a5c6e618060d8b2d7888c15e1c48)
                           - __init__.py (RegularFile, 97c58d99eab508904b08cf227a8e0133)
                           - apache_json.py (RegularFile, d4213c6b6eaf74e9084c5806f9de1c07)
                           - base.py (RegularFile, eac14f92de404f485ffcdd7d2eeaf597)
                           - binary.py (RegularFile, e25e469c5e7f0aa33263af59f0b5a038)
                           - compact.py (RegularFile, 8ae5e3e0028162268ecae37b7968a51e)
                           - cybin (Directory, 3edd3535137e34632a40a55c05ec1685)
                             - cybin.pyx (RegularFile, f2f6ffe9458e9f117e31621336912889)
                             - endian_port.h (RegularFile, 31ea736924e526945c0fb97d444a964b)
                           - exc.py (RegularFile, 27288e8a5ebab244e28eb9d88698d91c)
                           - json.py (RegularFile, 326c187c0d95b665fa763b625704d540)
                           - multiplex.py (RegularFile, 435b0408a1cfa3459c57fa134813b181)
                         - rpc.py (RegularFile, cfebb78ac3e64981ff19b5e6a35a7548)
                         - server.py (RegularFile, 32d9251fee499a424387dc74d54eac58)
                         - thrift.py (RegularFile, c57db70ad8cdef0450aac7ddce15697d)
                         - tornado.py (RegularFile, 9d14f2a1abfc65747a7a566b331624bf)
                         - transport (Directory, 6c02dc2443775072f43f8d103066727a)
                           - __init__.py (RegularFile, c392c87b4f85e68721c13fe01e60edd5)
                           - _ssl.py (RegularFile, ca5c02c82365b406a8991490c344887f)
                           - base.py (RegularFile, 69a29b32dd2035083e084ef7e3523e08)
                           - buffered (Directory, 6b38ca845f426c76bebbfcc763c0a276)
                             - __init__.py (RegularFile, 9c0a55380899aaf145ac52a53e33b06f)
                             - cybuffered.pyx (RegularFile, 65657dde37ba94831180fc70af0f5cb5)
                           - cybase.pxd (RegularFile, 290ac1710df9e4b25a481ebc7b5f5100)
                           - cybase.pyx (RegularFile, d1fadfd63316dd43bc3738e984d4f6e8)
                           - framed (Directory, f156fa3905e9570a1d581c1290320bb6)
                             - __init__.py (RegularFile, cbb4ad9cefa79fd2c0710c9985ac0bf8)
                             - cyframed.pyx (RegularFile, 0353c16156b5dba65af34a970d917e5e)
                           - memory (Directory, fa023320819494548c629ccf849893f7)
                             - __init__.py (RegularFile, f47353afe1b7d240e641edb23a5aeb67)
                             - cymemory.pyx (RegularFile, a345da2f84d4af2a87da732204e46079)
                           - socket.py (RegularFile, 8395ef5aff3310785aebe9dfa177e751)
                           - sslsocket.py (RegularFile, daa77d292d03ecca62751276a9633139)
                         - utils.py (RegularFile, ef7a5b606e28dd4b8452a385ec47ab75)
                       - README.md (RegularFile, 96e342103ca01b22734228ec8870a83f)
                   - tools (Directory, d281483e90688730305b14b2191415e0)
                     - class_method_versions.xml (RegularFile, 260b7dfaabd848562cc0a342a7616d4d)
                     - python_keywords (Directory, 12722d97f56e55f9692b31071b43ec0a)
                       - __debug__ (RegularFile, cb4e8cbeaf416f86c7f3fcb4b003de4d)
                       - and (RegularFile, 01e9bebdb77077da8d792ab45023c883)
                       - as (RegularFile, bd05e547c29015c1b3280720bdd5e296)
                       - assert (RegularFile, c6e3bc806ceec35f6cf274b6f9158db5)
                       - break (RegularFile, aba5daf4c2c88dcb17627ab4a0c3f35d)
                       - class (RegularFile, ee39b0fa2d42543a358d797047535857)
                       - continue (RegularFile, 8f2126aafde87b396558b1adc2eb2cd4)
                       - def (RegularFile, 99af32a58129a119dcbe88881927bf5a)
                       - del (RegularFile, f39c40f44f40c2307da46ff1e49b94d7)
                       - elif (RegularFile, 1047d9fa8f2c8c9ac1ca351ac7f1766e)
                       - else (RegularFile, 1047d9fa8f2c8c9ac1ca351ac7f1766e)
                       - except (RegularFile, 5107678fce1ca9f37943dd29c8fcb8f8)
                       - exec (RegularFile, ddb389b5bedef340c9cfcb78dcdd2226)
                       - False (RegularFile, b42bb9a52aa02d98d907e918b0d65d3e)
                       - finally (RegularFile, 5107678fce1ca9f37943dd29c8fcb8f8)
                       - for (RegularFile, 6bfb6480d9677acaccaac148f6a4cf9a)
                       - from (RegularFile, bd05e547c29015c1b3280720bdd5e296)
                       - global (RegularFile, 82ca33faf7714b5ee77ee83d83f1c808)
                       - if (RegularFile, 1047d9fa8f2c8c9ac1ca351ac7f1766e)
                       - import (RegularFile, bd05e547c29015c1b3280720bdd5e296)
                       - in (RegularFile, 14f52787b46998dfefd04328b3e16a33)
                       - is (RegularFile, 14f52787b46998dfefd04328b3e16a33)
                       - lambda (RegularFile, 1078cc79ecc92a44544afee81b243675)
                       - None (RegularFile, dcab44a8ebadfb6c134df524e09fe9fc)
                       - nonlocal (RegularFile, b9b1530fd6297160bb1876d4c6bbb31a)
                       - not (RegularFile, 01e9bebdb77077da8d792ab45023c883)
                       - or (RegularFile, 01e9bebdb77077da8d792ab45023c883)
                       - pass (RegularFile, f4d0dad519e2002e9cd9332304e928ea)
                       - raise (RegularFile, 1d921e72238e60fd980691ad7edd1401)
                       - return (RegularFile, f124dbaf973811fcf8ea6b357e35c644)
                       - True (RegularFile, 9fc73673432601aeec74c02b01dbf33e)
                       - try (RegularFile, 5107678fce1ca9f37943dd29c8fcb8f8)
                       - type (RegularFile, 07f395873c5082a4f1e357b10885ce8c)
                       - while (RegularFile, 88e688130b50f8ae739e6f1de45bea23)
                       - with (RegularFile, 013b508d4818339552a3805e0f4eaf4c)
                       - yield (RegularFile, e6510076ceaf68046ab45e053cda65ee)
                     - stdlib_packages.txt (RegularFile, 2116c8dffe4238d68140970943790549)
                     - versions.xml (RegularFile, a1f70e18d5f9eac7acd6b20c36758de3)
                   - typeshed (Directory, 1ab72f456134326aa2dede401ca7dd2b)
                     - .editorconfig (RegularFile, e88a5492b4791cc7e16ae3275753d33c)
                     - .flake8 (RegularFile, 3ef224fdd8bfad37d03e6400fc134bcd)
                     - .github (Directory, 680bd5b62a0ba05cd5fd0fac92c2ebdf)
                       - renovate.json5 (RegularFile, 165da73203d77ff5fba580f76099222d)
                       - workflows (Directory, d46c117d895f056e62be2c0aca10c4a9)
                         - daily.yml (RegularFile, c85f8c3ad8dbfbc3fb34b735c28b1c44)
                         - meta_tests.yml (RegularFile, 3fb11dbb467c3029016f349365fef6ed)
                         - mypy_primer.yml (RegularFile, 288dc72a28ec000720ff057fbd5e121d)
                         - mypy_primer_comment.yml (RegularFile, 919cb74aedcd863e4c463984114e5aa9)
                         - stubsabot.yml (RegularFile, 11a1f6a2f032c9ade9a461910d67e3b9)
                         - stubtest_stdlib.yml (RegularFile, 305c978194c97574f09defae7750afae)
                         - stubtest_third_party.yml (RegularFile, c7f526689b8c96f49d1333ea3a0d088c)
                         - tests.yml (RegularFile, ff14fe840de7fd6c94b80671dcfb3e71)
                     - .pre-commit-config.yaml (RegularFile, dce1f64b004379326bd1d7fe16bf89a5)
                     - .vscode (Directory, 31842a93dbbe789cbeab6387a4380344)
                       - extensions.json (RegularFile, e002bb689b7aed267c60c775e595f7a2)
                       - settings.default.json (RegularFile, 5f16201be5acaca4c88fdb33b0fef896)
                     - CONTRIBUTING.md (RegularFile, 18e17c52fee35633723d29ce149f6da8)
                     - lib (Directory, d2dec068af0233f90d0b44b83c6c96bd)
                       - pyproject.toml (RegularFile, 6bc08230c1bb87adb60b9ac2282b2e7a)
                       - ts_utils (Directory, 3b3780b6818f3ddf3cd22f288dc2cf5c)
                         - __init__.py (RegularFile, 8c3607ffc7090e8f9acd13d774c8f0b6)
                         - metadata.py (RegularFile, 4ea973cc7a6ea91458546a792b16171e)
                         - mypy.py (RegularFile, 872b7ac570f5fb773c50ba7e28fb4691)
                         - paths.py (RegularFile, c08cebbe297dbaea1ff201d08c7b4419)
                         - py.typed (RegularFile, f571933bb948577b1f9f3076fb8fc7c6)
                         - requirements.py (RegularFile, a7a4c4eea901b7cca4b8e4bdcddd0fc7)
                         - utils.py (RegularFile, 904965e0f5250ac3bdcc828a7e107e6d)
                     - LICENSE (RegularFile, da4b41c2b702787ca0255e77b49649d3)
                     - MAINTAINERS.md (RegularFile, 9209ea482d89a0341d2c129890ade6d7)
                     - pyproject.toml (RegularFile, a1c417c863e8a0b4a6e2663b817bc49a)
                     - pyrightconfig.json (RegularFile, d7da494e61e6c3966661fe251ae59b52)
                     - pyrightconfig.scripts_and_tests.json (RegularFile, 62238653e8a170d65ea4fae084f8c904)
                     - pyrightconfig.stricter.json (RegularFile, 7966bbe3d8121a51c4b9059abfc16e58)
                     - pyrightconfig.testcases.json (RegularFile, 29634fda33ed6118367611f49f25812b)
                     - README.md (RegularFile, 81d0f65132261d9dd1483163205699cc)
                     - requirements-tests.txt (RegularFile, ab1e48e6eb9658cf6288435f12d00bcd)
                     - scripts (Directory, eaa3e33dd7804d943acb806184786cc1)
                       - create_baseline_stubs.py (RegularFile, 3ce62b13c3dd34a482b6ed3903df80be)
                       - install_all_third_party_dependencies.py (RegularFile, 603278acef9de9c6785c2eb57090e4bc)
                       - stubsabot.py (RegularFile, 9ff0498e17fe4d76ee866820501c848c)
                       - sync_protobuf (Directory, 54c79eff9fdc636c81fe9d4282a7ec87)
                         - _utils.py (RegularFile, 4fe63ae7e6b0df7121d4f509ea3eb6cb)
                         - google_protobuf.py (RegularFile, ba13465ffcb3208cbf21b54593bc1240)
                         - s2clientprotocol.py (RegularFile, f5dc2b1b31df6e6910613418e495373a)
                         - tensorflow.py (RegularFile, f08ea2651370b0a2c7e851c280158130)
                     - stdlib (Directory, 7d2d87a3aca74a3ae4e18cab232d8408)
                       - @python2 (Directory, 0d135c823413238849fbd597d975b5e7)
                         - __builtin__.pyi (RegularFile, 1058390db6b23397b0a2e1642eac7a93)
                         - __future__.pyi (RegularFile, b20191748f5f40f46f938ab33062229e)
                         - __main__.pyi (RegularFile, f563a1f16caa18b2f7b77d4a2f35da39)
                         - _ast.pyi (RegularFile, 31a216bef4f8a5ce18769ace9a9431ed)
                         - _bisect.pyi (RegularFile, e7071ce6421546186daf88680e27a78b)
                         - _codecs.pyi (RegularFile, 4ea3c7532d8e01e8e7d6f769778673d7)
                         - _collections.pyi (RegularFile, 6f166843a17c2579872c06a847df033b)
                         - _csv.pyi (RegularFile, dbf015723dfc2eca9b52ad9c7c76084f)
                         - _curses.pyi (RegularFile, cf4b0a8339667603b5b57b91bb116b86)
                         - _dummy_threading.pyi (RegularFile, 92bbf68e0b0934386e0cee5e472b92f0)
                         - _functools.pyi (RegularFile, be746777eb5bd0326daa91537a6b0b44)
                         - _heapq.pyi (RegularFile, 330844ab1cd74acc1b294ac193d73780)
                         - _hotshot.pyi (RegularFile, 3c5bf53b5b8e7d516ccf2db59cf1b228)
                         - _io.pyi (RegularFile, d6cb60b33a18b9581445fb3923058518)
                         - _json.pyi (RegularFile, 80183690dfb80f8b3f38722c7488e0ad)
                         - _markupbase.pyi (RegularFile, 00746c54d81dd7c3d57381aff132852f)
                         - _md5.pyi (RegularFile, 7f8d3def2bf8d09a517415dcea94620d)
                         - _msi.pyi (RegularFile, 4a302fdef0550587a54d4e3256aa6243)
                         - _osx_support.pyi (RegularFile, 2cd98886e05a4b1d95d89e973ce1206c)
                         - _random.pyi (RegularFile, c3ecf917d53408eb05fdbd7e4616718e)
                         - _sha.pyi (RegularFile, 360d4ad5d0726f0db8820ab4b66fa8b7)
                         - _sha256.pyi (RegularFile, 4a805ebab6cdebdc64fc3fa3b858c562)
                         - _sha512.pyi (RegularFile, 43b8e5a2e4c53f074038c5369a42057e)
                         - _socket.pyi (RegularFile, 14501cdfcd90b1d839fdcf2c7d1802ea)
                         - _sre.pyi (RegularFile, a8bbee33948ecf4a9fe0d0159e183e71)
                         - _struct.pyi (RegularFile, eb101e2de27fee58512d76ef4c07d55a)
                         - _symtable.pyi (RegularFile, c1ee6e87a48f5fefe1268ca5721a6d81)
                         - _thread.pyi (RegularFile, 51d7ead7043672aa3cfd1c30087dd538)
                         - _threading_local.pyi (RegularFile, 37440bf58cffdc97d3e789c7a7cc6ebc)
                         - _tkinter.pyi (RegularFile, 0aed368f33f9681a5e4720d346a480d7)
                         - _typeshed (Directory, 269f0fc7f05b2cfd11084c49b08e159e)
                           - __init__.pyi (RegularFile, 3e9eba16dc89c345692b11c3af40c01c)
                           - wsgi.pyi (RegularFile, e6b8bddb15475d45fabf4ab6982ad75c)
                           - xml.pyi (RegularFile, aa105af32afa8b95899cc720816cc2a4)
                         - _warnings.pyi (RegularFile, a06b84e675d7a25766091f5b705610d2)
                         - _weakref.pyi (RegularFile, 76b7994f4ada2e5a099e3bd0fd952862)
                         - _weakrefset.pyi (RegularFile, e9e782fa5707939127f57ab0184840f8)
                         - _winreg.pyi (RegularFile, a9e335b75abd335767d1909a31e2da59)
                         - abc.pyi (RegularFile, f14499ffc44dc5493a6126abe0bbabf8)
                         - aifc.pyi (RegularFile, 1c9164d20923e7d443a6196979a038e7)
                         - argparse.pyi (RegularFile, a9cd43ff324fa41091fa8b657162bacd)
                         - array.pyi (RegularFile, c6906704041c55e3e31fdc395ebad745)
                         - ast.pyi (RegularFile, 702f457f3f5ad70f96934f0a74f948c4)
                         - asynchat.pyi (RegularFile, 8a7d3f6ca58f984862c2aac54f57bca5)
                         - asyncore.pyi (RegularFile, 97d52ca5cf6d230e544d3dfa50051c07)
                         - atexit.pyi (RegularFile, 294e8260cd7368c963a468fcfda6dbe1)
                         - audioop.pyi (RegularFile, b3913505f3c4b8e083ed3a98eb75e35f)
                         - base64.pyi (RegularFile, b891cb0890c7db1ddaf17b1ea6d8ff67)
                         - BaseHTTPServer.pyi (RegularFile, 7c730766c0de4122b25e185d5c34fa6a)
                         - bdb.pyi (RegularFile, 959ed225c0ed564549c2454b3ce32787)
                         - binascii.pyi (RegularFile, eb7a0094ecffa8d978d7dbada048057a)
                         - binhex.pyi (RegularFile, 009a0c6f23a79c5b503b3ae2ebcb6a84)
                         - bisect.pyi (RegularFile, 78768f42ec504adb7ef3526de2baf1a8)
                         - builtins.pyi (RegularFile, 1058390db6b23397b0a2e1642eac7a93)
                         - bz2.pyi (RegularFile, 8634e3196311fdb9934e718a3d74d021)
                         - calendar.pyi (RegularFile, 593a4cfa1d51c794b8cee07e3e7a9d35)
                         - cgi.pyi (RegularFile, 8e2047fb50ad2adbcfc85360f7fdf783)
                         - CGIHTTPServer.pyi (RegularFile, 7378095a6551c27291edb90174601ee6)
                         - cgitb.pyi (RegularFile, da91c655facbd849e4d7ef5876486d70)
                         - chunk.pyi (RegularFile, 650530ea8e21053548bfc63012e67cf4)
                         - cmath.pyi (RegularFile, e70dfe6bb75bb0d5e8963bdb8a4bedf8)
                         - cmd.pyi (RegularFile, 81d332407e865f10ff478cacdf07f011)
                         - code.pyi (RegularFile, 1fe60c9f3aeab670ae55ef0e02ab1b3a)
                         - codecs.pyi (RegularFile, 29ecc95a0b4f1426a98377d41c954a9f)
                         - codeop.pyi (RegularFile, 511cb57fc333d48a88d7425e74b799ff)
                         - collections.pyi (RegularFile, da25bfa829974d23ba8c528c074efcf8)
                         - colorsys.pyi (RegularFile, d21661ed67e84684eb191690a47065ae)
                         - commands.pyi (RegularFile, a231ff7d42569d56893254b74d9bb9fe)
                         - compileall.pyi (RegularFile, 1f7879a27906642308e55fb2daf70cdc)
                         - ConfigParser.pyi (RegularFile, eef7910df55d45275c249c76dfe629e4)
                         - contextlib.pyi (RegularFile, e91f578fa3779e67f584653b10b9568c)
                         - Cookie.pyi (RegularFile, 71def8bfdf960846fbf2fb9ffefbcbd8)
                         - cookielib.pyi (RegularFile, 61843808227af1ccc07dc06d458e8b14)
                         - copy.pyi (RegularFile, 9c92985687777a3ba02732b96d0df5e4)
                         - copy_reg.pyi (RegularFile, cab67fb61e64e3ae4414aa1e7af6eb1a)
                         - copyreg.pyi (RegularFile, cab67fb61e64e3ae4414aa1e7af6eb1a)
                         - cPickle.pyi (RegularFile, cd2ba15dc44e4aba0c52f8842e79f52d)
                         - cProfile.pyi (RegularFile, 1651e3c5958c767a3aa1668e6a890aaa)
                         - crypt.pyi (RegularFile, af2a6f30fbcdb1352b85638e84bac5c1)
                         - cStringIO.pyi (RegularFile, cd1c6c288614f7bf6f7024d88dbcaaa0)
                         - csv.pyi (RegularFile, 6ad5911aa27c012865465cd22625a635)
                         - ctypes (Directory, f8029da8629c80eefa4dcbf60a330caa)
                           - __init__.pyi (RegularFile, 07123d1b7efb5b48c473a24e8d84e4f7)
                           - util.pyi (RegularFile, cbec067623ffb1b8a55b0622441cb760)
                           - wintypes.pyi (RegularFile, 17755651d8f3cfbcd942ea355dfdad6f)
                         - curses (Directory, 10f36c710e7a8d5c3f7f9e592401c16f)
                           - __init__.pyi (RegularFile, faebbf408522b2fa4fa69fec7ee0caaa)
                           - ascii.pyi (RegularFile, 7ee62f44ba731874e394fb37faf0c63d)
                           - panel.pyi (RegularFile, d60157ed04c8f6106fb2d7552c6ed47a)
                           - textpad.pyi (RegularFile, 21f0f7449b3bc4ddc04dff5049f563f4)
                         - datetime.pyi (RegularFile, 7476bb1cbd6fc4eacb2d5fe3b329bf92)
                         - dbm (Directory, 693bfac0376a249229cd8074b0895fea)
                           - __init__.pyi (RegularFile, 2dc429be28a86fb1a301fe7233fc36ad)
                           - dumb.pyi (RegularFile, 30d4ffacd41c41beacf6a993f22812fa)
                           - gnu.pyi (RegularFile, a39e5a841ffc8726e5505aae60ee8c5b)
                           - ndbm.pyi (RegularFile, b8f7295ba4635e3fa4b7954ed72b2b67)
                         - decimal.pyi (RegularFile, ded0b8c2f2e6b116c4824136d85703ee)
                         - difflib.pyi (RegularFile, 3482c39616c6afb786c5182e963856d9)
                         - dircache.pyi (RegularFile, 529b9fa2421515c2a227f08d379f578b)
                         - dis.pyi (RegularFile, 6fa683e0e32b78330d0f6f76722cc9fa)
                         - distutils (Directory, 4bd7d827d7d3dbd75d59016fd27f932d)
                           - archive_util.pyi (RegularFile, 2cac2ebc22f9c388a0883237415fec06)
                           - bcppcompiler.pyi (RegularFile, a38aedfc6359316615b8f19f43b76d44)
                           - ccompiler.pyi (RegularFile, 50000f4aea5629002d0c156cceae6dbf)
                           - cmd.pyi (RegularFile, dae37ccedab262f021b9f8cdf6ee5c6e)
                           - command (Directory, 189f4e782b994ff9eb6ee21e163f24f6)
                             - bdist_msi.pyi (RegularFile, 92cf76b4166bd8f4261822a8802dec9e)
                             - build_py.pyi (RegularFile, cf2f4d9e5ee58e9d3576af93b82d9eb0)
                             - config.pyi (RegularFile, 9134ecfe26e6281986e7853bdf493dd8)
                             - install.pyi (RegularFile, bdffd3e371d9acea739d8e4554da1f61)
                             - install_egg_info.pyi (RegularFile, d927b49e19ca664d03726146b2e303ac)
                             - upload.pyi (RegularFile, 6c918987b42f56e557fc1e73c2d26298)
                           - config.pyi (RegularFile, 2db1d0d7d6a4de7299982600237cc0b2)
                           - core.pyi (RegularFile, 061c96e2ac2c9985b4365ba114dcd34c)
                           - cygwinccompiler.pyi (RegularFile, 8301f4645355d855f237edeb3a92921c)
                           - debug.pyi (RegularFile, 16025a010694e8101e2d9c8e8735c7bb)
                           - dep_util.pyi (RegularFile, f94c63cdf5fcf5ca0e4da8b3253e2c8a)
                           - dir_util.pyi (RegularFile, 0760f635fda52e62cfeb36ae65fa374d)
                           - dist.pyi (RegularFile, fdb594c5f8a2823b2f0207cea87c6c59)
                           - emxccompiler.pyi (RegularFile, 1b2d33d6eaeb88e2f75aa7d247b06d22)
                           - errors.pyi (RegularFile, df4008d958bcf3b382357bcf9b9e17df)
                           - extension.pyi (RegularFile, 24ccdd637884714b3c4b0445f778ff94)
                           - fancy_getopt.pyi (RegularFile, 3a320a963edf32c97d53fde66a637b64)
                           - file_util.pyi (RegularFile, 154d767937e7737ae1f983a83cc09b2a)
                           - filelist.pyi (RegularFile, 6fe71fa0dcc75ef70669ef2a8ead717e)
                           - log.pyi (RegularFile, f3151587568346e20516e6c587071dcb)
                           - msvccompiler.pyi (RegularFile, e6459e3a57601c0812e8138b72d2758c)
                           - spawn.pyi (RegularFile, 9b830489fe8daac41064213bacb50b05)
                           - sysconfig.pyi (RegularFile, 2f74bea84431ba392f5870137be3a186)
                           - text_file.pyi (RegularFile, 917c5e6ee4dcdb5b03e38d9089a3c07a)
                           - unixccompiler.pyi (RegularFile, a2571015f8ccbc068c332241a86192fa)
                           - util.pyi (RegularFile, 5adcd31089ef2eeff658b5e0ab30f455)
                           - version.pyi (RegularFile, 3ad54f09fa24ddeb4ce146bffe3f7eae)
                         - doctest.pyi (RegularFile, f7ceeecc2c004967ea213d574c2e865a)
                         - dummy_thread.pyi (RegularFile, 26fb3a090dfe1e09eef1e4c695a863fc)
                         - dummy_threading.pyi (RegularFile, 3f344d3f503767c19c97a6f60580b086)
                         - email (Directory, c7787e1fce3cb26f8002b4e3345bb332)
                           - __init__.pyi (RegularFile, ec4c9a73cdf58d928e71b4c38bf36e02)
                           - _parseaddr.pyi (RegularFile, 3065de7301913a98b541862aabefaaf2)
                           - base64mime.pyi (RegularFile, 5126ee0cb7e3a898cc998d3b7084e186)
                           - charset.pyi (RegularFile, b56dd328ee28f2e6356a224fa088e3a7)
                           - encoders.pyi (RegularFile, 4476e2ea7de44251e028ac45513fdced)
                           - feedparser.pyi (RegularFile, f548a9627512c6ff9493464b9fad3f3b)
                           - generator.pyi (RegularFile, 1e986807c47bc6a8bc142f1e5847f695)
                           - header.pyi (RegularFile, 3ac8bd5622e7173ca2db50cd27420769)
                           - iterators.pyi (RegularFile, 43214f5bbe0af8f70fad10cdbf0dcc37)
                           - message.pyi (RegularFile, cb11bc744feb09df1d567e411efae50e)
                           - mime (Directory, 61e5fbd42e0d0b7d887f3329cf1f827a)
                             - application.pyi (RegularFile, 929db6de05813c91ca9b25b8e2767df7)
                             - audio.pyi (RegularFile, e9cfbfb7ee68e48dcb428a3322c03696)
                             - base.pyi (RegularFile, c61f8c2beee6cb58dc061a9ab5e5c807)
                             - image.pyi (RegularFile, b486b631bf4ee69dff02c9abc2315d26)
                             - message.pyi (RegularFile, 8898f084acb0ed34ee37ff9e2af352e3)
                             - multipart.pyi (RegularFile, 95feb0e499afac0e1983139a8af5fe6a)
                             - nonmultipart.pyi (RegularFile, 011824aea42e8d638ee2396570ee6ca7)
                             - text.pyi (RegularFile, dec06dc1dd3443ddecd9e9594d9d991a)
                           - MIMEText.pyi (RegularFile, dec06dc1dd3443ddecd9e9594d9d991a)
                           - parser.pyi (RegularFile, 7da5c0cf783c944e2e92c822baf11544)
                           - quoprimime.pyi (RegularFile, dcb91d839fc61769910763c063c1f5ce)
                           - utils.pyi (RegularFile, dc957246ae4b74977e292026c89fc534)
                         - encodings (Directory, 9f9e6fc81db78dbfbf9048f6e2883c34)
                           - __init__.pyi (RegularFile, f084d08fa00de31042027bad88e50425)
                           - utf_8.pyi (RegularFile, 8142f5dbdf4727b563c13b1081583292)
                         - ensurepip (Directory, a70b0126c1d534ca6a30a8798df232a1)
                           - __init__.pyi (RegularFile, 5ef66728c62608627845b8391a9527a3)
                         - errno.pyi (RegularFile, a93e44cd0b18c3571848781f8e60513a)
                         - exceptions.pyi (RegularFile, eea428330739503e6c3eac9a4586e8f1)
                         - fcntl.pyi (RegularFile, f094db71383c867138ba5dcfd240b70b)
                         - filecmp.pyi (RegularFile, 6fe24a483f5f4e1ce007caf846ab9379)
                         - fileinput.pyi (RegularFile, 0d43cc5c982291dd00b7ded690ef149e)
                         - fnmatch.pyi (RegularFile, 0b97b33cf4199670cd2d5d1da3143898)
                         - formatter.pyi (RegularFile, 43a37c2c021dd6a8161eeff6d52a0655)
                         - fractions.pyi (RegularFile, cde61ff4f8a6783f96e0b78da0ac4654)
                         - ftplib.pyi (RegularFile, 4710067613686dbab68998642a5f7a38)
                         - functools.pyi (RegularFile, 50cb393897ec44d47b76e9a821cc2170)
                         - future_builtins.pyi (RegularFile, ba0dca3d9c851b62de58a6275fe3ada4)
                         - gc.pyi (RegularFile, 7a4f0935bff57052741ff47a1a3f15e2)
                         - genericpath.pyi (RegularFile, 4e1437648d816cbef30ff6c877b94072)
                         - getopt.pyi (RegularFile, 23370dbd5c161b77e6173eb2dff23252)
                         - getpass.pyi (RegularFile, 139b702e353b8dbd633eb3906e183ee3)
                         - gettext.pyi (RegularFile, 0fff8ad8b5585481b5753d9141e615d0)
                         - glob.pyi (RegularFile, 469a098f8d1f7f178503e14928cdcb11)
                         - grp.pyi (RegularFile, 481fe1ec06a342f41712a6d69da4ecd7)
                         - gzip.pyi (RegularFile, dd5b53d1b560da31f3327865e32ef937)
                         - hashlib.pyi (RegularFile, 68dce30c6c453d48e1e8d93ac44be77c)
                         - heapq.pyi (RegularFile, 47b16690a3a9aa0a14b7700eb8c122a6)
                         - hmac.pyi (RegularFile, 154cfcb289f6d2b4982d4d31780a4fce)
                         - htmlentitydefs.pyi (RegularFile, 5c4f90950db7103fd22d4c50950a34b7)
                         - HTMLParser.pyi (RegularFile, 92c9727f40766ff30c2342fae2c8b9c7)
                         - httplib.pyi (RegularFile, a5d910e959a4d4c16ffdf44d09c14b6b)
                         - imaplib.pyi (RegularFile, a56af4b533d1517482648507284fa0ef)
                         - imghdr.pyi (RegularFile, 51a5ac29a199356310f7ed2922df334c)
                         - imp.pyi (RegularFile, d63a6e16023f06ce50d39a5246f6a53d)
                         - importlib.pyi (RegularFile, 93458bd2f58fb1dab6d95beb85435d78)
                         - inspect.pyi (RegularFile, 8819044b269706448f1dc33d7b41c5e5)
                         - io.pyi (RegularFile, 27ceeed3d38837015a13e2e313ab31a7)
                         - itertools.pyi (RegularFile, afe08611907cb73ce7f4c111ba2ed59b)
                         - json.pyi (RegularFile, 1c9c902fe225784a340f2421df8ecf37)
                         - keyword.pyi (RegularFile, 3c2eed3ca9ea8f09b80731f0711d3790)
                         - lib2to3 (Directory, aa0357b923f61fbde8b0b5c4bec5ff5e)
                           - pgen2 (Directory, 3ee5d27fd7b854af17fa7b2a51116868)
                             - driver.pyi (RegularFile, dc056e8425a21befabc8c0938ab95a2d)
                             - grammar.pyi (RegularFile, 902201a43a1be5e2243f07f740c9f8aa)
                             - literals.pyi (RegularFile, 4bdd6d29c9159ef32ce8dc1c702063e3)
                             - parse.pyi (RegularFile, 3b09b3170507fb4f4cdcb6f263f8b316)
                             - pgen.pyi (RegularFile, 14735e46aadbefcb6e46d9d36f1175cc)
                             - token.pyi (RegularFile, 801755017fe01899fa42e23dee6ab6b1)
                             - tokenize.pyi (RegularFile, c4b1d9bc92869595378dd170e0b3c0a1)
                           - pygram.pyi (RegularFile, 349d003d0c5344845a7cfe5bbed34be9)
                           - pytree.pyi (RegularFile, 0fd25918c26576fb93928095153e24f1)
                         - linecache.pyi (RegularFile, 3db2b1896963c3e0189c51fc884bf5a6)
                         - locale.pyi (RegularFile, 91419ba2a73e8c945ca86f742efbee72)
                         - logging (Directory, 21f2f822fa3de7651584b1b62d078e56)
                           - __init__.pyi (RegularFile, 4cfcb9ef19d336adbabc4b5d43a1d553)
                           - config.pyi (RegularFile, fd68a44b20755e5cf8a2c481d8042e1f)
                           - handlers.pyi (RegularFile, a72275c62b8d2197e2c56136db93bfbb)
                         - macpath.pyi (RegularFile, 2b4e44bcb6d7dbfd99dbb697112e5001)
                         - macurl2path.pyi (RegularFile, 24255a57fec65a493a81692fca397394)
                         - mailbox.pyi (RegularFile, d4b70bf2ae17b3c140928ebdc785cc60)
                         - mailcap.pyi (RegularFile, d4f49001b82eac82d3e5a54125fe9fda)
                         - markupbase.pyi (RegularFile, 697b4a1dcd0941888fa960719d16aee9)
                         - marshal.pyi (RegularFile, e4fc5e2ba32b2bdcca26b7596a7b4e3e)
                         - math.pyi (RegularFile, a218b80cb71e9730a0f5bfd639563605)
                         - md5.pyi (RegularFile, 5827c76d9c6578cbd17ef0be21a20879)
                         - mimetools.pyi (RegularFile, 94689afc025b150f57d685a8e00ac4b6)
                         - mimetypes.pyi (RegularFile, 877b851b5882fa6ff62433a07427b60d)
                         - mmap.pyi (RegularFile, 02a259c0cad2e5818f0e6287056d3bb9)
                         - modulefinder.pyi (RegularFile, f9a4fee3a6a0d75b5867caee61c11bf8)
                         - msilib (Directory, fdeeb05743b6f98a3b57e63bf1af4a17)
                           - __init__.pyi (RegularFile, 830532b8175011b11ceeae778e10aa66)
                           - schema.pyi (RegularFile, dfe7200c24bb796489685b60c935a907)
                           - sequence.pyi (RegularFile, d9f824e9abdb204d6d6575fc53a36366)
                           - text.pyi (RegularFile, 813c394f0b5f0b50bd9e491d30920d12)
                         - msvcrt.pyi (RegularFile, 92f97f9adc01149ce7699d831b374426)
                         - multiprocessing (Directory, 057713a96e9b89cebddc71d803b88541)
                           - __init__.pyi (RegularFile, 4b8d90388275f007fbc09cc58a69c4f4)
                           - dummy (Directory, 996a31144a5783f1a82e7b44afdd563d)
                             - __init__.pyi (RegularFile, 356130c983c917626738f51541fb1061)
                             - connection.pyi (RegularFile, 430ba68153c26260b017ee8368ef7d93)
                           - pool.pyi (RegularFile, 12df0d04313537ae936bce2c1a538c81)
                           - process.pyi (RegularFile, 7631b65f9805f9e70179144b16a78907)
                           - util.pyi (RegularFile, ada5f5f84b138c5eec0f33c856a0b1a7)
                         - mutex.pyi (RegularFile, 8b80fbd8b26895fc3c9e2a3e9f1c0c38)
                         - netrc.pyi (RegularFile, 6f16edc0f450de1961e67cadc5a30a16)
                         - nis.pyi (RegularFile, 951169191b8b060ffc907be6fedd2f3c)
                         - nntplib.pyi (RegularFile, 3e4944a4110ed0aeefb1084f4fe7a219)
                         - ntpath.pyi (RegularFile, 5626121d9fc4947a520f673866d85b2b)
                         - nturl2path.pyi (RegularFile, de8e845f6c58fb3dcd8e9421f1d3ebf2)
                         - numbers.pyi (RegularFile, e5e1ae7e0f323311177395e8aa3d4e4b)
                         - opcode.pyi (RegularFile, 66a9d068f3b272da28b447a810b28615)
                         - operator.pyi (RegularFile, 60a038bfcae077ea151b9177b3675a6a)
                         - os (Directory, 9a3af610d21cd30a09bf02a31ec1a48f)
                           - __init__.pyi (RegularFile, 961659df7e0b54862c3fdd758abf13e1)
                           - path.pyi (RegularFile, d8d3202036640b2686dd925ca6d5748c)
                         - os2emxpath.pyi (RegularFile, 5626121d9fc4947a520f673866d85b2b)
                         - ossaudiodev.pyi (RegularFile, 4e7657fcdac619fe76e142a5c7423641)
                         - parser.pyi (RegularFile, 9b8a52a974b505231d69a4053b3d1b99)
                         - pdb.pyi (RegularFile, 67d5268730ee06c5186eb469abec22c0)
                         - pickle.pyi (RegularFile, cd17c0a8ac62e090fc5e4dc3a72b2720)
                         - pickletools.pyi (RegularFile, e807291e4bdfd559358cbc301c610d1e)
                         - pipes.pyi (RegularFile, 019d0d182395bf9c318daaf676ab2135)
                         - pkgutil.pyi (RegularFile, ccde2f31fc9687a421b580cf89031c81)
                         - platform.pyi (RegularFile, ef9ce0b7e18e1bde9b3a13f68ccc93c6)
                         - plistlib.pyi (RegularFile, c67c7dae7b742fc9c0545aea60be15d1)
                         - popen2.pyi (RegularFile, 40fa736a6217c3104e6479b53ea67874)
                         - poplib.pyi (RegularFile, 590eb14312ae6f2d651f337e5ac05bcb)
                         - posix.pyi (RegularFile, 1da6b79b53b38e0db268fca9c079d100)
                         - posixpath.pyi (RegularFile, 5626121d9fc4947a520f673866d85b2b)
                         - pprint.pyi (RegularFile, 6c3caa57f1aaa2fa3f72436ab68d954f)
                         - profile.pyi (RegularFile, f2b44ea75f28aa8071a41047250dc3e1)
                         - pstats.pyi (RegularFile, b68c043ccbb18e5bd180a872c10a1e97)
                         - pty.pyi (RegularFile, 7e2312b70a3d623ce69ae650833269b8)
                         - pwd.pyi (RegularFile, 5b828c64228488a6ff626b24a081e908)
                         - py_compile.pyi (RegularFile, 1edca697e4f24c928de1b0e52fe3f817)
                         - pyclbr.pyi (RegularFile, b25724a3928907fd127493c1b3442e17)
                         - pydoc.pyi (RegularFile, 96783d0c794f46e7b55093f9066a0ae7)
                         - pydoc_data (Directory, a19c09bf3574989f1358b65ae583708d)
                           - topics.pyi (RegularFile, c20d6f2b15aa1a4ff3eec7c5736f885e)
                         - pyexpat (Directory, 623e391d250f297449e3cbd6a9bbf8a7)
                           - __init__.pyi (RegularFile, 1c6dfe25958f46cf0a4fa3dd307b31be)
                           - errors.pyi (RegularFile, 406e2abb315baa86d086d9b224a28d5d)
                           - model.pyi (RegularFile, 8ea3d174b1e8ae421401b42f45615da4)
                         - Queue.pyi (RegularFile, cc8b79de1a93f13ee39722c50d53b1a5)
                         - quopri.pyi (RegularFile, c680ee36d9f5be9ecc26ab04481f5e54)
                         - random.pyi (RegularFile, 8c35fd53427cd3ba11860ee5c28d5d3b)
                         - re.pyi (RegularFile, 00592afc35999ddd86bed36ea57ad0c6)
                         - readline.pyi (RegularFile, ce519d4efff3420f2704738072ad1084)
                         - repr.pyi (RegularFile, 66782706e8b8aa0ffebb64412410842d)
                         - resource.pyi (RegularFile, 2a79fb12b9d37a43a2476b53291c089f)
                         - rfc822.pyi (RegularFile, 118440f7723e9fc1dc9f8c34cf548d14)
                         - rlcompleter.pyi (RegularFile, bd803fbaab078277a7c1b2e22bdc6445)
                         - robotparser.pyi (RegularFile, 040cb163e3fc63f7843b95f42e1f08e6)
                         - runpy.pyi (RegularFile, afb539b8e4affdb01e8a400b112f4cfa)
                         - sched.pyi (RegularFile, b44cc817b98b51260ce85cd4f6a5584c)
                         - select.pyi (RegularFile, 631432c08a2681829a6d168922e747c3)
                         - sets.pyi (RegularFile, ca17229fdee90d09802fe153eadcd890)
                         - sha.pyi (RegularFile, 69e198e8ef44c76e0756ac7cfe0b9c13)
                         - shelve.pyi (RegularFile, 2b8b3b22cb695cf5bf2f99d3492e233b)
                         - shlex.pyi (RegularFile, e2b4349cb92a68402e1830c2f3428d68)
                         - shutil.pyi (RegularFile, 13f7d47fc00ea936f139b22992ca26da)
                         - signal.pyi (RegularFile, 9a06cacb45dd0e61c26ee68b2f87c540)
                         - SimpleHTTPServer.pyi (RegularFile, d70e2e8098b8f83575ab9fb8ea65e099)
                         - site.pyi (RegularFile, 22bc0c9aea1a6c3f567d2655ad68d04d)
                         - smtpd.pyi (RegularFile, ea9757b24f26a0c03bd881e969f7862a)
                         - smtplib.pyi (RegularFile, b752c4cb5821730c26f2cb1c24a3f51f)
                         - sndhdr.pyi (RegularFile, d49df6dec6cf830eadca86d9244a315c)
                         - socket.pyi (RegularFile, 4ed2e4c7025a06ce9ac32bf73effa153)
                         - SocketServer.pyi (RegularFile, 8ac1a974fe4b44bf0ff3bd589ec373e0)
                         - spwd.pyi (RegularFile, 4a6febe5445d944a0af9d6f8724262e0)
                         - sqlite3 (Directory, e8bfc2afa2e010f8223e473a6b5d7e11)
                           - __init__.pyi (RegularFile, 8c4bd40e0d7a2b55086463c58a004808)
                           - dbapi2.pyi (RegularFile, 99a30cdf67afac7f85bb648cb6e1c7c2)
                         - sre_compile.pyi (RegularFile, 7fe518a7475259cf08d6719c44cfbb06)
                         - sre_constants.pyi (RegularFile, e5805a870c4c64fc2721f60cdd4e3953)
                         - sre_parse.pyi (RegularFile, 9ee019c6d9068788f324c266e256ddb8)
                         - ssl.pyi (RegularFile, 58a1300d35e07d62a2fd95a5412f0a7d)
                         - stat.pyi (RegularFile, d55c0f949ff36f700f0ce8cf86bc0dc4)
                         - string.pyi (RegularFile, b9dc6230d50259e1ee6885371124e90a)
                         - StringIO.pyi (RegularFile, 49eea86f6a55faf3d6b0c5196236b822)
                         - stringold.pyi (RegularFile, 9a126a39d9299958c8cad246a8b0fb7f)
                         - stringprep.pyi (RegularFile, 0dcc2535c94a802c1f05a3c59a8fed60)
                         - strop.pyi (RegularFile, 77565dd886aa7d1ccf26294733ac4da0)
                         - struct.pyi (RegularFile, ef97f1a24ef9b644717419dadd6169bc)
                         - subprocess.pyi (RegularFile, 7afa823a162ed80bf569cc16c0f85c73)
                         - sunau.pyi (RegularFile, 0b1784e30dbc58a40787f5f800dc92b5)
                         - symbol.pyi (RegularFile, 62d5c65354644df9ddc3e208bbb936ec)
                         - symtable.pyi (RegularFile, 6a1b939325fa25289dc1efad2b54fd57)
                         - sys.pyi (RegularFile, 3d5f4033876e537e062456ef4911e3f2)
                         - sysconfig.pyi (RegularFile, edbf640e56ba86527c64532b6badecbc)
                         - syslog.pyi (RegularFile, 23298a93a64c72b092122d81db8daf61)
                         - tabnanny.pyi (RegularFile, 28cc68cf45e4a8684dbbb28227416f31)
                         - tarfile.pyi (RegularFile, da7291b2a15276c912adc95b02549262)
                         - telnetlib.pyi (RegularFile, 1ffbb0aadbebd56a3ae06c2541fe7920)
                         - tempfile.pyi (RegularFile, fd7dcc3b91485f3cbaf55a2adf7bb516)
                         - termios.pyi (RegularFile, 9b3184609c2a19bf79bd05cd2b4eff82)
                         - textwrap.pyi (RegularFile, c96dc0e0014cc6bd53a2b8d67e10fc67)
                         - this.pyi (RegularFile, 0807d58ea02e1881b55728653b6f77fd)
                         - thread.pyi (RegularFile, 5102dd996a57ffe833a3b619b1be7020)
                         - threading.pyi (RegularFile, 30c48c39a74a45fadedc2aa139971acd)
                         - time.pyi (RegularFile, 87ae3e4fe86ba9a8b2c94cc2da7c186f)
                         - timeit.pyi (RegularFile, 5c3822556fc3528061ade738f1a7e380)
                         - toaiff.pyi (RegularFile, c5428baf23ff7426e8669ab1fa2a20c1)
                         - token.pyi (RegularFile, e965dbd05f05f198af74d97b0118ea9f)
                         - tokenize.pyi (RegularFile, ab44a4217e0b46092d9a4287635580f4)
                         - trace.pyi (RegularFile, bd1d342222f7e64238bbaf2049bb8c7b)
                         - traceback.pyi (RegularFile, 7373947b6d77f0da6f56214260c6f503)
                         - tty.pyi (RegularFile, 52a99dcbe8ef3d1e37dfa2ddbd202b4e)
                         - turtle.pyi (RegularFile, 6d6d411ed138f77070acdeb77b387196)
                         - types.pyi (RegularFile, 05e72d615dce0616347860acee6084f9)
                         - typing.pyi (RegularFile, c059e381eddc2187debf3d19b3a66ad7)
                         - typing_extensions.pyi (RegularFile, 83c4c17140ecc66b4a9208b4710d4cd5)
                         - unicodedata.pyi (RegularFile, 6a7b3431fcc3542ecb58c65e9028f996)
                         - unittest.pyi (RegularFile, 7c5b01ea2ec0d05c3f950b8ed7a1fef9)
                         - urllib.pyi (RegularFile, 309ff2fec633c73e7a6f0684612c0d3e)
                         - urllib2.pyi (RegularFile, 5ecaa799085c7d7897cd55da6a5e8df2)
                         - urlparse.pyi (RegularFile, fb492809c0eb381b8dfe71efebadf5bb)
                         - user.pyi (RegularFile, d28ee14916aba525b0a9e89a55b8e28c)
                         - UserDict.pyi (RegularFile, c41953c6fb68ddc5bf6930de6177d7ca)
                         - UserList.pyi (RegularFile, 3f9600951f301abb59ab7ba4ae34807d)
                         - UserString.pyi (RegularFile, bda8182fabd7e549f222291e610a606d)
                         - uu.pyi (RegularFile, b9b8d0b7f73bca50f9aa84f74cf56e92)
                         - uuid.pyi (RegularFile, d908bb38c16f94ec3c932ba954ca8b4a)
                         - warnings.pyi (RegularFile, f75b38deb8b0408c154d43720a53d361)
                         - wave.pyi (RegularFile, 37ffde2905c6a767bce0dc7a651877d5)
                         - weakref.pyi (RegularFile, 68e60229ab810385bee34072c4630076)
                         - webbrowser.pyi (RegularFile, e6bf921499eea0d1b0e1c6c83a9874ba)
                         - whichdb.pyi (RegularFile, 47c89c237dc8a2e604f960d5639b533b)
                         - winsound.pyi (RegularFile, dde347ddfac4dd8e1680a9ffadfd7c2c)
                         - wsgiref (Directory, db333fedba6a5b53941e67f407222e77)
                           - handlers.pyi (RegularFile, 453ba1296441a8424d11867fe3ad49eb)
                           - headers.pyi (RegularFile, 2fb037eb4742cbd73e8d662a1053da34)
                           - simple_server.pyi (RegularFile, 54d48f7a1b39ca50d410ef33ff9f7958)
                           - types.pyi (RegularFile, ef20fd8d154cf442c4b514c458a3889b)
                           - util.pyi (RegularFile, db3c0e28b2e1ea2582b33d416747731e)
                           - validate.pyi (RegularFile, 11358ffe179772fb0d2d7609c8169ebc)
                         - xdrlib.pyi (RegularFile, d6eba51aa5ee3c606fb051660bf63f58)
                         - xml (Directory, b7db5e4a036aaba3cf4f09562953fd29)
                           - __init__.pyi (RegularFile, 536ada7404c05674c4657a06aa73dfcf)
                           - dom (Directory, e5f8849a3b27ae0a6df7d860fd458500)
                             - __init__.pyi (RegularFile, 5ef2ff3266d089d2d8c5841061403332)
                             - domreg.pyi (RegularFile, c328b65cef4cca268289683d7e360403)
                             - expatbuilder.pyi (RegularFile, dd15ec05b52514657a21b1227b1577ba)
                             - minicompat.pyi (RegularFile, 20bdcb3b91fd2acd5332ca1cd5bb7266)
                             - minidom.pyi (RegularFile, dcf8fd65eb39be8825edb52bc5540189)
                             - NodeFilter.pyi (RegularFile, 5025aa543cce695478fd5dc5e29e2020)
                             - pulldom.pyi (RegularFile, dd15ec05b52514657a21b1227b1577ba)
                             - xmlbuilder.pyi (RegularFile, b83a830f4593f3196c9001cc8595a93d)
                           - etree (Directory, f0d0a00b0c981ddb8e3569533d32316a)
                             - cElementTree.pyi (RegularFile, 07707e0631b1ae61069e55987315f709)
                             - ElementInclude.pyi (RegularFile, e078b34b12eaf5cbf2c9a075e9739762)
                             - ElementPath.pyi (RegularFile, 56f9f0ce7e74b803b4e1bea876d30726)
                             - ElementTree.pyi (RegularFile, 342af9dfbeff026b74cb37d80db146d3)
                           - parsers (Directory, 67eb879e2c70d0ba85e7d6d08acead7a)
                             - __init__.pyi (RegularFile, a293af4b6e42d6952bbba66c7c1e886e)
                             - expat (Directory, fbd139de37476b0495fc73cc32d42c64)
                               - __init__.pyi (RegularFile, 9a21e09db9ff2c7581af0b1fe55fe524)
                               - errors.pyi (RegularFile, 56615109c2abb153a7377b4c59cd2382)
                               - model.pyi (RegularFile, a410703993d8aa842aac117a5f0ec5dd)
                           - sax (Directory, 721e5f5570d7baaf8eec8d7a36c435a5)
                             - __init__.pyi (RegularFile, 03c81f5f83fb620fbdf7b52dc62001df)
                             - handler.pyi (RegularFile, c8908b5e3f5a7d039ee678a7b9f566a3)
                             - saxutils.pyi (RegularFile, e2eb8d7ad479991d516765f7ccdd6d4e)
                             - xmlreader.pyi (RegularFile, 1a365aff0e0b15bfe5899651dcdfed72)
                         - xmlrpclib.pyi (RegularFile, de236bd288ae602b1b277af9538b7981)
                         - zipfile.pyi (RegularFile, bcdc279f1fb0ec22b5aaca7bf841d32f)
                         - zipimport.pyi (RegularFile, 544074cf10a358868cd3072725d3017c)
                         - zlib.pyi (RegularFile, c58ba32ee65c9152da3ec183de509f1a)
                       - @tests (Directory, c3688744fb9790d17ad058e2f1ce94bc)
                         - stubtest_allowlists (Directory, 7a9e8e66978fc305c6ab035723041d8d)
                           - common.txt (RegularFile, 71b6fdf5f3f0d2347a610c830c5ac962)
                           - darwin-py310.txt (RegularFile, 3b65147ff7b76ecc7a2fe5a1ff7b641b)
                           - darwin-py311.txt (RegularFile, f3b027e8d4c181f99301cda227817f6e)
                           - darwin-py312.txt (RegularFile, 9db56bf669293d9eaf46a301dcb450f4)
                           - darwin-py313.txt (RegularFile, 386afce71cfebee5f58c60dbc8e4ff25)
                           - darwin-py314.txt (RegularFile, 386afce71cfebee5f58c60dbc8e4ff25)
                           - darwin-py39.txt (RegularFile, 45aa90381d1b38b6430925670816efb5)
                           - darwin.txt (RegularFile, 2ec7b345bf1c8f39232271b7b60a61da)
                           - linux-py310.txt (RegularFile, 099558a42a5e03642bd4b58520b57daf)
                           - linux-py311.txt (RegularFile, 099558a42a5e03642bd4b58520b57daf)
                           - linux-py312.txt (RegularFile, 099558a42a5e03642bd4b58520b57daf)
                           - linux-py313.txt (RegularFile, f571933bb948577b1f9f3076fb8fc7c6)
                           - linux-py39.txt (RegularFile, 921209903fb2ff51ec8b860a3ab88691)
                           - linux.txt (RegularFile, f5a9e558e43dafee401562bee2880be7)
                           - py310.txt (RegularFile, fd89a2dbd83175c9956d89f30d9fc857)
                           - py311.txt (RegularFile, 231e08dc08b199eec0cc698da47567a7)
                           - py312.txt (RegularFile, 4c6afd1e0a2e330ce9776552ec00999b)
                           - py313.txt (RegularFile, 959b7504bbf9f318f94154df02e7481d)
                           - py314.txt (RegularFile, 4dc8b23bf970dafff8b1ca63f932841d)
                           - py39.txt (RegularFile, 3bd099aa542c4e2b609a5c2195f24e5a)
                           - win32-py310.txt (RegularFile, 22abbee57ec1a2253e17726379b3113a)
                           - win32-py311.txt (RegularFile, 407a9d5ca93d819b34cffc26fe065834)
                           - win32-py312.txt (RegularFile, bfae7eece289a4908ef69e115794876a)
                           - win32-py313.txt (RegularFile, bf7bb5592cc6137b2100a0a26b781feb)
                           - win32-py314.txt (RegularFile, bf7bb5592cc6137b2100a0a26b781feb)
                           - win32-py39.txt (RegularFile, f2646772411601f926f73e3bb2ed569b)
                           - win32.txt (RegularFile, 8017ba94109be2bcadfb71dc6dbd5a3f)
                         - test_cases (Directory, 064f31e9606dfa53d102225d87d52ab4)
                           - asyncio (Directory, 921b130a26f788c577ae3c8ffefde582)
                             - check_coroutines.py (RegularFile, a7b79cf0f7a16985c157f1acb20effb4)
                             - check_gather.py (RegularFile, 99b0f69a76b4369c40fae6dbbb917bca)
                             - check_task.py (RegularFile, 42914bb41fca6cede930c58bc102a600)
                             - check_task_factory.py (RegularFile, f46bb1e4e57a48c8de709badd061bfc7)
                           - builtins (Directory, fbedd74015f12483161fd7222a089e9b)
                             - check_dict.py (RegularFile, aeae7d42afef1c5a56766eaa2162cadc)
                             - check_exception_group-py311.py (RegularFile, f8c2a7a4a16585e243f5e5db37f5b1f0)
                             - check_iteration.py (RegularFile, 22d0e34edbd9fbfaba65836be105fbc3)
                             - check_list.py (RegularFile, 69b6e07b2518f5ba03b0e9c391264a53)
                             - check_memoryview.py (RegularFile, 4f0711ac353836c064208bd5ecea5307)
                             - check_min.py (RegularFile, 4aa8dc35b55e1a713f9561a754ccef54)
                             - check_object.py (RegularFile, 10b27f061208d41b62bd7fe90620f332)
                             - check_pow.py (RegularFile, 7242303d901a74cffab9d27a2fb5341b)
                             - check_reversed.py (RegularFile, 0c759b379d5a27f0db29312ce35d81f9)
                             - check_round.py (RegularFile, be57ee20c66144f7b398f5cc040143fa)
                             - check_slice.py (RegularFile, de99b32357e12564dcbc37b944099898)
                             - check_sum.py (RegularFile, 6f430a70fd386ee07f5907a8bb41ada9)
                             - check_tuple.py (RegularFile, f23fef7c6b8cc0e00cbcec618da9ad2e)
                             - check_zip.py (RegularFile, 4529a9e6e9efec398033ff005bb727e2)
                           - check_codecs.py (RegularFile, 4b2ee06d0e45255d223262af9168c367)
                           - check_concurrent_futures.py (RegularFile, 6633fb9ea7986b1d864b9e3ce51bff83)
                           - check_configparser.py (RegularFile, 5ef318fd8e49eb58f7e83e2eecfeba6c)
                           - check_contextlib.py (RegularFile, d946c0629d78c13f206c67f643029337)
                           - check_copy.py (RegularFile, 240dd9f493b670167675b6660d1d14c0)
                           - check_dataclasses.py (RegularFile, c48747504ee2e6d49f84538f1b7ce64b)
                           - check_enum.py (RegularFile, e0e88f13564443d37291656b2b6ba41d)
                           - check_functools.py (RegularFile, e02229150567dc26d047946354a1d663)
                           - check_importlib.py (RegularFile, 76a9b9197d827780e919a548b6d275af)
                           - check_importlib_metadata.py (RegularFile, 50ea324839c824d9a667f8df7cff2640)
                           - check_importlib_resources.py (RegularFile, ebedd059409cc092c7951caa5a708762)
                           - check_io.py (RegularFile, 5ddd15d47be1120b8ebdce9ebaf421fe)
                           - check_logging.py (RegularFile, 3285cfdeb325033878eb7ea98a8da97f)
                           - check_math.py (RegularFile, 42210c828acbad48d5f4889257e8f656)
                           - check_os_path.py (RegularFile, 610c660ce50bd152bc94efa5be9c032a)
                           - check_pathlib.py (RegularFile, 4fbc03b7f89cff7d0b80ed5875a90a06)
                           - check_platform.py (RegularFile, f229cbd2a8ad6eeb4e66dd0be681595e)
                           - check_re.py (RegularFile, 52b9099a66a51d1726ef98c06699c3f7)
                           - check_sqlite3.py (RegularFile, 758e4647a46248083fe3dfa0cbfa93d1)
                           - check_tarfile.py (RegularFile, 3bd25b86e714553b9bb35a236169a182)
                           - check_tempfile.py (RegularFile, a85b15ce4eb8ad3c2050cb94fff7bc9a)
                           - check_threading.py (RegularFile, 378ce0e4d22206843b4a5222812a4119)
                           - check_tkinter.py (RegularFile, b5828970c2b58e816330d6ceb0a8c7b1)
                           - check_types.py (RegularFile, 803cf07dc81042ac1b4491468ea35150)
                           - check_unittest.py (RegularFile, f26ede609c9d965ce6573222bf37941f)
                           - check_xml.py (RegularFile, 08ad1fb52793750f92202e2e6ea4fff8)
                           - check_zipfile.py (RegularFile, 297ca024c328bf579ad1b4ba02461f7d)
                           - collections (Directory, 445b094d1ad424109cf0bc4e8c3e6fc4)
                             - check_defaultdict.py (RegularFile, e2df22733407497d0cebe6eb774e15a7)
                           - ctypes (Directory, 4b968026f6f0eae75166c502f62f9fee)
                             - check_CDLL.py (RegularFile, efec8f8b3662a3c2b40ead0bc8eab894)
                             - check_pointer.py (RegularFile, d0565bc184fd8d7319b77c399707b82b)
                           - email (Directory, 68255b3a6e220dda6e7cf33c23f88077)
                             - check_message.py (RegularFile, d8cb7866af9d84e23f1851b37d70d0b2)
                             - check_mime.py (RegularFile, e07f41f6de0387bea0a5284a2250cc48)
                             - check_parser.py (RegularFile, 99b2aaf72bdeebb7dd89c50a2a746cbe)
                           - itertools (Directory, e8e7704c8a8737fa2e197c54b0a56e1a)
                             - check_itertools_recipes.py (RegularFile, 0de333e7fef01b1effe0330f8cb44172)
                           - multiprocessing (Directory, 5644d3351ec5784a7bfe7a9be45b3bc8)
                             - check_ctypes.py (RegularFile, e3142d2447f5a7615d0227ed15cc9d7d)
                             - check_pipe_connections.py (RegularFile, ea105372ef9be6e0c50888efc1ee597e)
                           - typing (Directory, 9b315aadf43536101a66ab7c360a154f)
                             - check_all.py (RegularFile, 2304b92c56ee5e48d10f7cadfe3b7458)
                             - check_MutableMapping.py (RegularFile, d30a9a0141f94a6f456f4c9aa5d986c0)
                             - check_regression_issue_9296.py (RegularFile, 6db4c1a395d7013d38aab75f7bd49848)
                             - check_typing_io.py (RegularFile, 8f6bdacaf650239cf17259e9b3c03340)
                           - urllib (Directory, 568cdd5397ef4ff463cecf3f54867adb)
                             - check_parse.py (RegularFile, 060e4515e7bbc259393261667aeb7a7f)
                       - __future__.pyi (RegularFile, e635f7876aa770c2c428d26949c2121c)
                       - __main__.pyi (RegularFile, fda16b9b5ae197d0877cfc6f895a6bba)
                       - _ast.pyi (RegularFile, 41d3c6ac9fe52544ceb43a0da71c745c)
                       - _asyncio.pyi (RegularFile, 6efecba429683712027ecb47131d0794)
                       - _bisect.pyi (RegularFile, 81429d5ac69615c4cb70087a970cc26d)
                       - _blake2.pyi (RegularFile, 112fda339ccb939b87fdab73ea1304fe)
                       - _bootlocale.pyi (RegularFile, cba247b14858da5266cfd3f44154b527)
                       - _bz2.pyi (RegularFile, 1b91baa7bd88e840f38aa03797d4d221)
                       - _codecs.pyi (RegularFile, 70540b847547bd98caee6bd6eef2df01)
                       - _collections_abc.pyi (RegularFile, 52f9b691cdca249a83fa2363984cad89)
                       - _compat_pickle.pyi (RegularFile, e5188fbc55f942199d7d7024be5e91b4)
                       - _compression.pyi (RegularFile, d4111c8cc3f71d498fa0f2a5d6dd88c7)
                       - _contextvars.pyi (RegularFile, a58423d8fbce78e2b9bafc46e788458c)
                       - _csv.pyi (RegularFile, 46ce8ccb02fd9192ab7b29019936f350)
                       - _ctypes.pyi (RegularFile, d8008c9cc021fe831636d11502c26e8c)
                       - _curses.pyi (RegularFile, 310a72619f0070c8fca4919de0bc1b7a)
                       - _curses_panel.pyi (RegularFile, 5575a84789015abe20679efa443369bb)
                       - _dbm.pyi (RegularFile, e84fd9a350652993170212274932d7ef)
                       - _decimal.pyi (RegularFile, 75b5298e006089b4e015ed053949b381)
                       - _frozen_importlib.pyi (RegularFile, 0bbd673c55c21f659f74a9de519c76f3)
                       - _frozen_importlib_external.pyi (RegularFile, e217b59abaa4c8ae12da4591179a43be)
                       - _gdbm.pyi (RegularFile, 7c6e6f8d770b56c67097fac604135ae3)
                       - _hashlib.pyi (RegularFile, c9b1121f21d9123dcc95a0b62f9521b1)
                       - _heapq.pyi (RegularFile, 90f1a9321c52335decaa31dbb70ab883)
                       - _imp.pyi (RegularFile, 37c56ace1c12944e37832e80832432cb)
                       - _interpchannels.pyi (RegularFile, 4263bb04d9b77701417fbb8ff72179c6)
                       - _interpqueues.pyi (RegularFile, 7408a674603e68dd8ad12bca711818fa)
                       - _interpreters.pyi (RegularFile, 6dfe266fadb83570ce4ca03b609ad917)
                       - _io.pyi (RegularFile, 1e46f5d847821b82d813284ec3217213)
                       - _json.pyi (RegularFile, f02610c4fe5f7f9ee92c4c42b6532c00)
                       - _locale.pyi (RegularFile, 4f18efc3465a0e2a63411e228f99d0aa)
                       - _lsprof.pyi (RegularFile, 0e4cbdaefeaefa5fa98483c8e87c8338)
                       - _lzma.pyi (RegularFile, 754a3a39b0f9d9dfb768fc1b1b21142b)
                       - _markupbase.pyi (RegularFile, 8d7cbd00703e627fae81a2d091f16348)
                       - _msi.pyi (RegularFile, 4f7e73cb8c5da447bd2d72b87a380abd)
                       - _multibytecodec.pyi (RegularFile, 12c937269c0bb5cdf3956f6e98861bed)
                       - _operator.pyi (RegularFile, 687cb407d506f9c3399cef59351324b7)
                       - _osx_support.pyi (RegularFile, cf47c6ba747ba216002f581a813e27a6)
                       - _pickle.pyi (RegularFile, fb5d6ddeac52a72aa0b8d1ee05498087)
                       - _posixsubprocess.pyi (RegularFile, 515c3400a4a8b7fa4459bb981ed97d62)
                       - _py_abc.pyi (RegularFile, 9d89010fbe158a1cf8c8538aeea68d59)
                       - _pydecimal.pyi (RegularFile, c4ab123ebc14b8bbb99d1a0412fd2d02)
                       - _queue.pyi (RegularFile, ff58aaff62d10f298700fa3f82546cf6)
                       - _random.pyi (RegularFile, f03a8f737a10c1c97eabdc8546eed2a4)
                       - _sitebuiltins.pyi (RegularFile, e359093f32ddb8d10d43f87eaae4145f)
                       - _socket.pyi (RegularFile, 37b3eabebe8854863357eb102ae61c69)
                       - _sqlite3.pyi (RegularFile, 891b290855aaf76e0960ea5ce7a22dd8)
                       - _ssl.pyi (RegularFile, 4d6f03cdb2e0a6273ccc71f928419c83)
                       - _stat.pyi (RegularFile, 9774cb8bccf212f3d24933aa25e5b0b5)
                       - _struct.pyi (RegularFile, bd0aeb9f9f825073ecd49b9be9cf7ab8)
                       - _thread.pyi (RegularFile, b463421156003cf8bc9b1dc20fc52823)
                       - _threading_local.pyi (RegularFile, 890811a8d4d1c1d606538fe0f8dd5269)
                       - _tkinter.pyi (RegularFile, 3a77f2130fb32cd152df81dd8b0639db)
                       - _tracemalloc.pyi (RegularFile, af7318c547696c80899edbc5004d5e39)
                       - _typeshed (Directory, 71c8e92fda5ba48cf9e2af65cac7690f)
                         - __init__.pyi (RegularFile, a0d3d98c74c581d1a897546cec0b948e)
                         - _type_checker_internals.pyi (RegularFile, ee443f164e3fde5111883cc7ea9a102d)
                         - dbapi.pyi (RegularFile, ab54e86d72b2e32d6f2e3e3a7a68024f)
                         - importlib.pyi (RegularFile, 16d41b10466b5914a7d555cf0156fbcb)
                         - README.md (RegularFile, 140272a02dee789f61987cb1ad9f8163)
                         - wsgi.pyi (RegularFile, cbe0ee386898759165dee976091127af)
                         - xml.pyi (RegularFile, 2dce104e0a80139cf44114bb9359bfaf)
                       - _warnings.pyi (RegularFile, 469126411a6404384306ddf5e09d6050)
                       - _weakref.pyi (RegularFile, 12f1a4e5276b5296f278717392ca52b2)
                       - _weakrefset.pyi (RegularFile, 29de697ffdfec6a4d2f32e1c65df3983)
                       - _winapi.pyi (RegularFile, f5803563878620550ebdd1d173a23167)
                       - _zstd.pyi (RegularFile, e9e225ad405d96e6c82695b9353f1e17)
                       - abc.pyi (RegularFile, d4c191c708e65cd704441945409d6709)
                       - aifc.pyi (RegularFile, 46cdf40d0bf2f5290fc390bcfb6be624)
                       - annotationlib.pyi (RegularFile, 7e103b5c27c5972e7acefedfcb209bdb)
                       - antigravity.pyi (RegularFile, a4731e69381212d43ba79bd757b56734)
                       - argparse.pyi (RegularFile, afac6c25a87ffbcddaa04a5980c126f0)
                       - array.pyi (RegularFile, 2cb8608fb65f1a6d2aecbbf44abcadd0)
                       - ast.pyi (RegularFile, be381f9478471c8107199b9c2339b3af)
                       - asynchat.pyi (RegularFile, 250e13d6d63aad532dcdb4d6c230a2ac)
                       - asyncio (Directory, a16077660010bf8e1ab06040136df28a)
                         - __init__.pyi (RegularFile, bc08d4bdf24367b78e0ac02c399a24e0)
                         - base_events.pyi (RegularFile, 4988afaa1641135940a1ead2e945f7d6)
                         - base_futures.pyi (RegularFile, c0f828fb60b272c389b3d6041b59a3ef)
                         - base_subprocess.pyi (RegularFile, cd2ccad51d67d0d0d652e8b3570752c6)
                         - base_tasks.pyi (RegularFile, ad12538d156150e02b0f968f24c8a96c)
                         - constants.pyi (RegularFile, e8c48fd64c0af99456439671282e07c6)
                         - coroutines.pyi (RegularFile, df17cfeb484fd056509bc7b035bb87ac)
                         - events.pyi (RegularFile, 36767618e2666f9532e8f326d213f390)
                         - exceptions.pyi (RegularFile, a3623302f7924c542d40fdc95e3cd101)
                         - format_helpers.pyi (RegularFile, e5b6fcc514f57eec23d3aa1cddad01ff)
                         - futures.pyi (RegularFile, 44bf018d9fb76a3e1d809a857b04dc79)
                         - graph.pyi (RegularFile, c95ffe4d541ea1faef5894982815fa20)
                         - locks.pyi (RegularFile, a501aac545103f52ef25e5659dc28f43)
                         - log.pyi (RegularFile, b7479f90e995d1c967b550e510ec0802)
                         - mixins.pyi (RegularFile, fed475b1dc895b739b6d98a380b88071)
                         - proactor_events.pyi (RegularFile, 90381e184f3e0821389ec274e7d36136)
                         - protocols.pyi (RegularFile, 45295818c2fe7b9d09cf1c38763feef3)
                         - queues.pyi (RegularFile, 2c6306e172ecec2a738fbab126d1a8eb)
                         - runners.pyi (RegularFile, a70ed9207f892637c23d4471b5eeb49f)
                         - selector_events.pyi (RegularFile, 9895b885ff53d9f44c8f2e3f16714a87)
                         - sslproto.pyi (RegularFile, 270d77ac1ed664151f408dffbc588eb1)
                         - staggered.pyi (RegularFile, cdb6fe8653fb1151211e1f8e373b0699)
                         - streams.pyi (RegularFile, d5c84b3486862ad9e1b8ab8a144cc029)
                         - subprocess.pyi (RegularFile, 0f09ee63209c87dd3171984ef91a9687)
                         - taskgroups.pyi (RegularFile, ae811762007c669092e2b20a1238286b)
                         - tasks.pyi (RegularFile, 1929f219f0e3ed23898303dfab25806a)
                         - threads.pyi (RegularFile, 55ed2896fe899ae4226e2b34e7c33255)
                         - timeouts.pyi (RegularFile, 98df8d3313ac3aa84e0d87ac18891532)
                         - tools.pyi (RegularFile, 09cc842bf23c9bf30ae63077a70108d4)
                         - transports.pyi (RegularFile, 10e2eca9073c679fa4526e4dd9e494ac)
                         - trsock.pyi (RegularFile, de9209121c656bdf5a4e36a00fc1a9ba)
                         - unix_events.pyi (RegularFile, 0068843f3e68777bf026593f3a9ddf44)
                         - windows_events.pyi (RegularFile, 947270d0ac5247ddf02bf0ea099f1841)
                         - windows_utils.pyi (RegularFile, 5ef09f2b1ce6043d3b5bdeb9f0c50311)
                       - asyncore.pyi (RegularFile, e4c48456922d8ae3607a53105e7a314c)
                       - atexit.pyi (RegularFile, 50433f8327d97a2321e32193e33928e2)
                       - audioop.pyi (RegularFile, b898225bc017e77408f644d8c3bdca11)
                       - base64.pyi (RegularFile, 9fd58d4a7284cf19bd7ab26cd85d58b9)
                       - bdb.pyi (RegularFile, 56f287eba7cd7cae1f580107e0689376)
                       - binascii.pyi (RegularFile, 030357e0f2d4c65fe58cd3faa84e1692)
                       - binhex.pyi (RegularFile, 3eb5543632b776b46023ffef43b24ce7)
                       - bisect.pyi (RegularFile, 78768f42ec504adb7ef3526de2baf1a8)
                       - builtins.pyi (RegularFile, b831f6219552339c31131585ba178e20)
                       - bz2.pyi (RegularFile, f4e8a3dd9d0b238cfbcf9d0f9dfa12a9)
                       - calendar.pyi (RegularFile, 3cf715dd0ad76c2e0518343260f7fd1b)
                       - cgi.pyi (RegularFile, fc18aa6c1e1b45362385a7722983c1ec)
                       - cgitb.pyi (RegularFile, 7dfa43a4ca7fa1f0c8af849689ed44d0)
                       - chunk.pyi (RegularFile, 08a33c3eb025a11721a4c21da51f0715)
                       - cmath.pyi (RegularFile, f076e189788dbda210b21b57eb945e21)
                       - cmd.pyi (RegularFile, 7d2180a1c294a935c78dd1defb51890a)
                       - code.pyi (RegularFile, 3c504f2ac9a0f5056530c708ecc66ba8)
                       - codecs.pyi (RegularFile, f36cfead713d3af438a2f1fdcc75b6b9)
                       - codeop.pyi (RegularFile, 4a4f472bf55dae97ddeb81af0ac36029)
                       - collections (Directory, 1a989ec9f06f28ac6e34d17a1f17edb5)
                         - __init__.pyi (RegularFile, 83ac1115ffc7c243939acc9f1f4adf5d)
                         - abc.pyi (RegularFile, c5da87da3d2aa6d4b120f239ce2dc135)
                       - colorsys.pyi (RegularFile, 3d209b5f19c43af63566109083c0537f)
                       - compileall.pyi (RegularFile, 82a3c5fd818ef23c58843702f4834f5e)
                       - compression (Directory, 849b15bb75718f4c407a0bc0a51c48c1)
                         - __init__.pyi (RegularFile, f571933bb948577b1f9f3076fb8fc7c6)
                         - _common (Directory, e2659c057a27dd7de61699e0d1ef2896)
                           - __init__.pyi (RegularFile, f571933bb948577b1f9f3076fb8fc7c6)
                           - _streams.pyi (RegularFile, 02effe536228bdf7dbadce66f9253ff5)
                         - bz2.pyi (RegularFile, 0d6d9827af3c3010693cdd7fb66cf13b)
                         - gzip.pyi (RegularFile, fa7e7f8edf7d7c01960b474101f24b21)
                         - lzma.pyi (RegularFile, 1e64f97d286fe6590dba295e3067e321)
                         - zlib.pyi (RegularFile, 03c44b804ad063b1efe3ddefe432f207)
                         - zstd (Directory, d0a5b73bb80ad41c66e0395ee7aed87f)
                           - __init__.pyi (RegularFile, 80304d9246ae85d3bf84f71a5a39ade1)
                           - _zstdfile.pyi (RegularFile, 74c22dc252d5b80f6eed29e0065ee31e)
                       - concurrent (Directory, 9e92c45a294fc2c61b689d3a7e5768fb)
                         - __init__.pyi (RegularFile, f571933bb948577b1f9f3076fb8fc7c6)
                         - futures (Directory, 5dba902407c8c8e1c5f77b2c951d0d89)
                           - __init__.pyi (RegularFile, 9ba4fe1fcfcbdd3c4295c4d48ffa15a7)
                           - _base.pyi (RegularFile, 4ac933ca8ba4dfc286b7c4e17a3dd188)
                           - interpreter.pyi (RegularFile, 3f6e8b34017224cfbfa45515a832feb4)
                           - process.pyi (RegularFile, bc7cc8f54e035fdf2947bd96f8c51662)
                           - thread.pyi (RegularFile, 907b4ea38c18ca3f2d242b8c959d7319)
                         - interpreters (Directory, 746a8235ccf59eb77843705aebb4f19e)
                           - __init__.pyi (RegularFile, 2d6297e87f5e4872156bf206691ab884)
                           - _crossinterp.pyi (RegularFile, 2118c9bdd98f84f6b6f48450c4dcd0b5)
                           - _queues.pyi (RegularFile, ad3aa65f3b8a7ab364f720bea09ad88e)
                       - configparser.pyi (RegularFile, 08e12c278a8243ef868c55d69188d238)
                       - contextlib.pyi (RegularFile, ff2354ba1cb7d6fd751077cf959f45bc)
                       - contextvars.pyi (RegularFile, 224f50a3cbc11f15fa04202b26ca0dfa)
                       - copy.pyi (RegularFile, 32961d415837bdd8cd816aa7ba991a0e)
                       - copyreg.pyi (RegularFile, 72df8fc8bf3dfed94fc41530cfe4eb6e)
                       - cProfile.pyi (RegularFile, 4c2d70375ba1b58a2ec5e6cf983db055)
                       - crypt.pyi (RegularFile, a53e0a7df352f822f50ea8dac1b55535)
                       - csv.pyi (RegularFile, 2ed35286d46f1f766fef2e17538095b0)
                       - ctypes (Directory, 0915b48f9269433248fa5cb61b9a7502)
                         - __init__.pyi (RegularFile, b77f3917798f1d2935f85b7d8a5a7c22)
                         - _endian.pyi (RegularFile, e7558ecea24908ade04795640504a1bc)
                         - macholib (Directory, da892a000d486fa7e276472f223dd570)
                           - __init__.pyi (RegularFile, 6f88e240fab11c80c2e55f98c5de9c42)
                           - dyld.pyi (RegularFile, aaa42af38ca3e2466bd35eb73b9452eb)
                           - dylib.pyi (RegularFile, e50d6c1e506b3dcc5345ebe2eb218c14)
                           - framework.pyi (RegularFile, 0fd43cc95446a2a28ead02055d132939)
                         - util.pyi (RegularFile, c1bc872f1bef4f29e6e351e88951b074)
                         - wintypes.pyi (RegularFile, d9476fedc511b1dd25b64f46deaaa141)
                       - curses (Directory, ad44e7459312cd722d77bfd9393d7a09)
                         - __init__.pyi (RegularFile, b0435de44b062d0d7ee8232b9bc00a2f)
                         - ascii.pyi (RegularFile, dc87d5df072f3333f869c93bc2324cc7)
                         - has_key.pyi (RegularFile, a183f70a135c22ddb4d45ad8add2a79a)
                         - panel.pyi (RegularFile, 1024149f30c974fe25ffae9f390820e0)
                         - textpad.pyi (RegularFile, bd12bc54eccdbc1b206d2cf6f27fd063)
                       - dataclasses.pyi (RegularFile, b0ff66475799a148e75855d5a29ce025)
                       - datetime.pyi (RegularFile, 5a77e24484cbba0992606c378679f93d)
                       - dbm (Directory, 0ef14d04eb637b8f82e48c22111688ff)
                         - __init__.pyi (RegularFile, f0022f617d77310274547534a3e659af)
                         - dumb.pyi (RegularFile, 8c00329bb4c67b03d357d2da30091919)
                         - gnu.pyi (RegularFile, 7f9e9e73e24cfd2f1b102b8bce91235a)
                         - ndbm.pyi (RegularFile, bf671f34a76c38b360c3d9359c149ed8)
                         - sqlite3.pyi (RegularFile, 617ce48a2b6791fc486c11509d28e9b5)
                       - decimal.pyi (RegularFile, c84b0d48319cd79e387a5cc852ab4576)
                       - difflib.pyi (RegularFile, c4b871854f8ce86e683d57c5cce425c4)
                       - dis.pyi (RegularFile, 0ce338070537323be919034c30782afc)
                       - distutils (Directory, 55333f6552679a10f2d05a9bd0e1d267)
                         - __init__.pyi (RegularFile, 22a5235f32bffb77e11ed826fa247846)
                         - _msvccompiler.pyi (RegularFile, 32519366c4767bb84bd2a5c962250e6c)
                         - archive_util.pyi (RegularFile, 5116fccec249d2f2ad2289d915bc0324)
                         - bcppcompiler.pyi (RegularFile, a38aedfc6359316615b8f19f43b76d44)
                         - ccompiler.pyi (RegularFile, ea4c0eb1701e8da100c2eaa848bd4ac6)
                         - cmd.pyi (RegularFile, 2d117e14af9ba7d8524a052a7a751a7b)
                         - command (Directory, c0a65c87b6141ff9ca3aeb0d7e0c6e15)
                           - __init__.pyi (RegularFile, 8e9ee7bcc9a496edf5d0ad587e63ee44)
                           - bdist.pyi (RegularFile, 1390c85cf47f1829b7460272cdb29512)
                           - bdist_dumb.pyi (RegularFile, bd89261b803135ab8fd45022e42a6388)
                           - bdist_msi.pyi (RegularFile, 142e8fe7b136b189a4dd1775469d1f12)
                           - bdist_packager.pyi (RegularFile, f571933bb948577b1f9f3076fb8fc7c6)
                           - bdist_rpm.pyi (RegularFile, 11259e0a05de18f995bfcb2568f9f2a0)
                           - bdist_wininst.pyi (RegularFile, 6ae9106c341d2b79e7f8e7a9e82acad2)
                           - build.pyi (RegularFile, 7da8b2e38f023b2298449f0dc9b59826)
                           - build_clib.pyi (RegularFile, 79364c35220e42f72f2336d5cea4d80b)
                           - build_ext.pyi (RegularFile, 3438e22653305cdd29a35233dbd18849)
                           - build_py.pyi (RegularFile, 9f8f90b627ce6aea4a8f12d6e1536ce1)
                           - build_scripts.pyi (RegularFile, 66a032838faf708464020734ce0742c7)
                           - check.pyi (RegularFile, c1fb30cbc8a6ad4ae89b2ede912025cb)
                           - clean.pyi (RegularFile, 342e2603160c3310fe4ff9b7e5c49404)
                           - config.pyi (RegularFile, 381cc5c6f526190c69acf879afe401c8)
                           - install.pyi (RegularFile, c80d050c1f80b2e548c786da8444cead)
                           - install_data.pyi (RegularFile, e3741d84769efcb057c02bd637ec5135)
                           - install_egg_info.pyi (RegularFile, 66bc9b7e8aff07082e7f3d7d955a4484)
                           - install_headers.pyi (RegularFile, 54dd34627076bc8f1e45a8600d73e21f)
                           - install_lib.pyi (RegularFile, 256bd0d55b0a0e839058d6797cb93719)
                           - install_scripts.pyi (RegularFile, 42884bbae753d84b0518e74759c05bff)
                           - register.pyi (RegularFile, fbb73348e4cfcf9d15fc01c32c602dff)
                           - sdist.pyi (RegularFile, 25ca28e92f7fd419e3e6d58cbba289d0)
                           - upload.pyi (RegularFile, 68c80ce58f607b7069281df3a173d263)
                         - config.pyi (RegularFile, 2db1d0d7d6a4de7299982600237cc0b2)
                         - core.pyi (RegularFile, 092c20866957a6824680091493712bb4)
                         - cygwinccompiler.pyi (RegularFile, a03f75771428f259db74469b14a8203d)
                         - debug.pyi (RegularFile, b23106a1708a1882215e2fcae21f00e5)
                         - dep_util.pyi (RegularFile, 384124f609a030fb304493a146a3f25c)
                         - dir_util.pyi (RegularFile, 2b8083e5ea16c941c5bb7b8de88899f9)
                         - dist.pyi (RegularFile, b17ec54275fa30399f3435e6ac438cf6)
                         - errors.pyi (RegularFile, df4008d958bcf3b382357bcf9b9e17df)
                         - extension.pyi (RegularFile, 9c1b47ef0662443c7bdc0bc4bbbdbb13)
                         - fancy_getopt.pyi (RegularFile, fafc9de0d88f6955211f6b8b26bfee5e)
                         - file_util.pyi (RegularFile, 2725c595e1051dd9d9aea251665ebee7)
                         - filelist.pyi (RegularFile, 3532b3bc7c5ae36444aaa76ab9042d8b)
                         - log.pyi (RegularFile, 7a027bd0c75c6bf8b4bd86545d4735d1)
                         - msvccompiler.pyi (RegularFile, e6459e3a57601c0812e8138b72d2758c)
                         - spawn.pyi (RegularFile, 9df51797781a491928dc4f262f706fd0)
                         - sysconfig.pyi (RegularFile, d69995f0a61cc5b140d4a8f56e3ee0c6)
                         - text_file.pyi (RegularFile, 9071d4bbcbddfee735bcfcf22649e507)
                         - unixccompiler.pyi (RegularFile, a2571015f8ccbc068c332241a86192fa)
                         - util.pyi (RegularFile, 53132d76b4c1aa80e544ce47fa4d3b55)
                         - version.pyi (RegularFile, a95ca1e87fe889a33d89096ed8d32266)
                       - doctest.pyi (RegularFile, 8ca5c5c334605f36d7fa849c25edd2a8)
                       - email (Directory, 442655af97d1abd85eb717187f302aad)
                         - __init__.pyi (RegularFile, 848bd960520c0a70e01bb8871b3468c6)
                         - _header_value_parser.pyi (RegularFile, fd6df131be8035948de0c6d99915cb9b)
                         - _policybase.pyi (RegularFile, 42a038a31e155165766a8f276f763ed6)
                         - base64mime.pyi (RegularFile, 738ae06c2ba4ace53863812c1e6d4f5e)
                         - charset.pyi (RegularFile, 177d3e6ed06a45032ffb596a255e35cc)
                         - contentmanager.pyi (RegularFile, 49c368b7fe370fbf3ee4ff2654dea1d8)
                         - encoders.pyi (RegularFile, 4684f032c577e6a8835173f3213e01bf)
                         - errors.pyi (RegularFile, b706a847fc5038ed5ecfbd4d290e0b53)
                         - feedparser.pyi (RegularFile, c95096c3118c019c9ab089daa8ae506a)
                         - generator.pyi (RegularFile, 81e224b7481f17193fe49ccf95c6ef09)
                         - header.pyi (RegularFile, c445825be2b07021d5d355bdc2848519)
                         - headerregistry.pyi (RegularFile, fe0dc3d95e41f4f3782d2c2bfc6d37bd)
                         - iterators.pyi (RegularFile, 64818e271bf0d7d28662ee98d1639680)
                         - message.pyi (RegularFile, ec3b7cbba8f48a4fd083f00e7cccd633)
                         - mime (Directory, c9697ccdc1d40f554ad319f7a432c983)
                           - __init__.pyi (RegularFile, f571933bb948577b1f9f3076fb8fc7c6)
                           - application.pyi (RegularFile, bf09e05f7a8c6c68bca845171c04956f)
                           - audio.pyi (RegularFile, 5cfb6ab250c26d91c2bbd1bbc37e9caa)
                           - base.pyi (RegularFile, be146ff91c623987ec38c43bff882ecd)
                           - image.pyi (RegularFile, 9f5ff43c71fd2eecc5aab23894104f52)
                           - message.pyi (RegularFile, 6e443245dc9ffd8ae52ab48daa145a0b)
                           - multipart.pyi (RegularFile, b7a13a702fdb94daec39064dc9751c19)
                           - nonmultipart.pyi (RegularFile, 5c37822e8a0282e207c57192e9e2f78f)
                           - text.pyi (RegularFile, f6f5a4f6d30b9fdd5938401eed67cb94)
                         - parser.pyi (RegularFile, 0d76ca8bddd4a2266a1cbfd0f4ad1eac)
                         - policy.pyi (RegularFile, 50c8161a82b9612deeed77bca289a3ca)
                         - quoprimime.pyi (RegularFile, d9ee5fb47112c7d243b1ee26caf2e3c4)
                         - utils.pyi (RegularFile, ab84ae74f4c7a961bd36df9eff865ab7)
                       - encodings (Directory, cd41cda59fddf829f9cc13945351a5db)
                         - __init__.pyi (RegularFile, 2696a0abe5891ea8ba929070d20051af)
                         - aliases.pyi (RegularFile, 218c1b9d4ed657e0e0ff320ebd2d1298)
                         - ascii.pyi (RegularFile, 8f733f3979485385476093de823e172e)
                         - base64_codec.pyi (RegularFile, 43b0f8d18a4b65f3ed8f509895fdf4a3)
                         - big5.pyi (RegularFile, 2104fb24c54200300b768202ee19ae87)
                         - big5hkscs.pyi (RegularFile, 2104fb24c54200300b768202ee19ae87)
                         - bz2_codec.pyi (RegularFile, 0d35707aef5ba3d35ca9f6dc21bd9ba9)
                         - charmap.pyi (RegularFile, d36ed97e4930557a4fffc11ae18d7afc)
                         - cp037.pyi (RegularFile, 7c491b7eb6495f57fd003f7e692f9545)
                         - cp1006.pyi (RegularFile, 7c491b7eb6495f57fd003f7e692f9545)
                         - cp1026.pyi (RegularFile, 7c491b7eb6495f57fd003f7e692f9545)
                         - cp1125.pyi (RegularFile, 0c056cdf6a4dd330dac93e88940eb6ad)
                         - cp1140.pyi (RegularFile, 7c491b7eb6495f57fd003f7e692f9545)
                         - cp1250.pyi (RegularFile, 7c491b7eb6495f57fd003f7e692f9545)
                         - cp1251.pyi (RegularFile, 7c491b7eb6495f57fd003f7e692f9545)
                         - cp1252.pyi (RegularFile, 7c491b7eb6495f57fd003f7e692f9545)
                         - cp1253.pyi (RegularFile, 7c491b7eb6495f57fd003f7e692f9545)
                         - cp1254.pyi (RegularFile, 7c491b7eb6495f57fd003f7e692f9545)
                         - cp1255.pyi (RegularFile, 7c491b7eb6495f57fd003f7e692f9545)
                         - cp1256.pyi (RegularFile, 7c491b7eb6495f57fd003f7e692f9545)
                         - cp1257.pyi (RegularFile, 7c491b7eb6495f57fd003f7e692f9545)
                         - cp1258.pyi (RegularFile, 7c491b7eb6495f57fd003f7e692f9545)
                         - cp273.pyi (RegularFile, 7c491b7eb6495f57fd003f7e692f9545)
                         - cp424.pyi (RegularFile, 7c491b7eb6495f57fd003f7e692f9545)
                         - cp437.pyi (RegularFile, 0c056cdf6a4dd330dac93e88940eb6ad)
                         - cp500.pyi (RegularFile, 7c491b7eb6495f57fd003f7e692f9545)
                         - cp720.pyi (RegularFile, 7c491b7eb6495f57fd003f7e692f9545)
                         - cp737.pyi (RegularFile, 0c056cdf6a4dd330dac93e88940eb6ad)
                         - cp775.pyi (RegularFile, 0c056cdf6a4dd330dac93e88940eb6ad)
                         - cp850.pyi (RegularFile, 0c056cdf6a4dd330dac93e88940eb6ad)
                         - cp852.pyi (RegularFile, 0c056cdf6a4dd330dac93e88940eb6ad)
                         - cp855.pyi (RegularFile, 0c056cdf6a4dd330dac93e88940eb6ad)
                         - cp856.pyi (RegularFile, 7c491b7eb6495f57fd003f7e692f9545)
                         - cp857.pyi (RegularFile, 0c056cdf6a4dd330dac93e88940eb6ad)
                         - cp858.pyi (RegularFile, 0c056cdf6a4dd330dac93e88940eb6ad)
                         - cp860.pyi (RegularFile, 0c056cdf6a4dd330dac93e88940eb6ad)
                         - cp861.pyi (RegularFile, 0c056cdf6a4dd330dac93e88940eb6ad)
                         - cp862.pyi (RegularFile, 0c056cdf6a4dd330dac93e88940eb6ad)
                         - cp863.pyi (RegularFile, 0c056cdf6a4dd330dac93e88940eb6ad)
                         - cp864.pyi (RegularFile, 0c056cdf6a4dd330dac93e88940eb6ad)
                         - cp865.pyi (RegularFile, 0c056cdf6a4dd330dac93e88940eb6ad)
                         - cp866.pyi (RegularFile, 0c056cdf6a4dd330dac93e88940eb6ad)
                         - cp869.pyi (RegularFile, 0c056cdf6a4dd330dac93e88940eb6ad)
                         - cp874.pyi (RegularFile, 7c491b7eb6495f57fd003f7e692f9545)
                         - cp875.pyi (RegularFile, 7c491b7eb6495f57fd003f7e692f9545)
                         - cp932.pyi (RegularFile, 2104fb24c54200300b768202ee19ae87)
                         - cp949.pyi (RegularFile, 2104fb24c54200300b768202ee19ae87)
                         - cp950.pyi (RegularFile, 2104fb24c54200300b768202ee19ae87)
                         - euc_jis_2004.pyi (RegularFile, 2104fb24c54200300b768202ee19ae87)
                         - euc_jisx0213.pyi (RegularFile, 2104fb24c54200300b768202ee19ae87)
                         - euc_jp.pyi (RegularFile, 2104fb24c54200300b768202ee19ae87)
                         - euc_kr.pyi (RegularFile, 2104fb24c54200300b768202ee19ae87)
                         - gb18030.pyi (RegularFile, 2104fb24c54200300b768202ee19ae87)
                         - gb2312.pyi (RegularFile, 2104fb24c54200300b768202ee19ae87)
                         - gbk.pyi (RegularFile, 2104fb24c54200300b768202ee19ae87)
                         - hex_codec.pyi (RegularFile, 37c0de295e96d63764855824db93671a)
                         - hp_roman8.pyi (RegularFile, 7c491b7eb6495f57fd003f7e692f9545)
                         - hz.pyi (RegularFile, 2104fb24c54200300b768202ee19ae87)
                         - idna.pyi (RegularFile, bade19bb96a43fad7d26060dcbb81924)
                         - iso2022_jp.pyi (RegularFile, 2104fb24c54200300b768202ee19ae87)
                         - iso2022_jp_1.pyi (RegularFile, 2104fb24c54200300b768202ee19ae87)
                         - iso2022_jp_2.pyi (RegularFile, 2104fb24c54200300b768202ee19ae87)
                         - iso2022_jp_2004.pyi (RegularFile, 2104fb24c54200300b768202ee19ae87)
                         - iso2022_jp_3.pyi (RegularFile, 2104fb24c54200300b768202ee19ae87)
                         - iso2022_jp_ext.pyi (RegularFile, 2104fb24c54200300b768202ee19ae87)
                         - iso2022_kr.pyi (RegularFile, 2104fb24c54200300b768202ee19ae87)
                         - iso8859_1.pyi (RegularFile, 7c491b7eb6495f57fd003f7e692f9545)
                         - iso8859_10.pyi (RegularFile, 7c491b7eb6495f57fd003f7e692f9545)
                         - iso8859_11.pyi (RegularFile, 7c491b7eb6495f57fd003f7e692f9545)
                         - iso8859_13.pyi (RegularFile, 7c491b7eb6495f57fd003f7e692f9545)
                         - iso8859_14.pyi (RegularFile, 7c491b7eb6495f57fd003f7e692f9545)
                         - iso8859_15.pyi (RegularFile, 7c491b7eb6495f57fd003f7e692f9545)
                         - iso8859_16.pyi (RegularFile, 7c491b7eb6495f57fd003f7e692f9545)
                         - iso8859_2.pyi (RegularFile, 7c491b7eb6495f57fd003f7e692f9545)
                         - iso8859_3.pyi (RegularFile, 7c491b7eb6495f57fd003f7e692f9545)
                         - iso8859_4.pyi (RegularFile, 7c491b7eb6495f57fd003f7e692f9545)
                         - iso8859_5.pyi (RegularFile, 7c491b7eb6495f57fd003f7e692f9545)
                         - iso8859_6.pyi (RegularFile, 7c491b7eb6495f57fd003f7e692f9545)
                         - iso8859_7.pyi (RegularFile, 7c491b7eb6495f57fd003f7e692f9545)
                         - iso8859_8.pyi (RegularFile, 7c491b7eb6495f57fd003f7e692f9545)
                         - iso8859_9.pyi (RegularFile, 7c491b7eb6495f57fd003f7e692f9545)
                         - johab.pyi (RegularFile, 2104fb24c54200300b768202ee19ae87)
                         - koi8_r.pyi (RegularFile, 7c491b7eb6495f57fd003f7e692f9545)
                         - koi8_t.pyi (RegularFile, 7c491b7eb6495f57fd003f7e692f9545)
                         - koi8_u.pyi (RegularFile, 7c491b7eb6495f57fd003f7e692f9545)
                         - kz1048.pyi (RegularFile, 7c491b7eb6495f57fd003f7e692f9545)
                         - latin_1.pyi (RegularFile, 8f5f526689745280db1924f881b95eef)
                         - mac_arabic.pyi (RegularFile, 0c056cdf6a4dd330dac93e88940eb6ad)
                         - mac_croatian.pyi (RegularFile, 7c491b7eb6495f57fd003f7e692f9545)
                         - mac_cyrillic.pyi (RegularFile, 7c491b7eb6495f57fd003f7e692f9545)
                         - mac_farsi.pyi (RegularFile, 7c491b7eb6495f57fd003f7e692f9545)
                         - mac_greek.pyi (RegularFile, 7c491b7eb6495f57fd003f7e692f9545)
                         - mac_iceland.pyi (RegularFile, 7c491b7eb6495f57fd003f7e692f9545)
                         - mac_latin2.pyi (RegularFile, 7c491b7eb6495f57fd003f7e692f9545)
                         - mac_roman.pyi (RegularFile, 7c491b7eb6495f57fd003f7e692f9545)
                         - mac_romanian.pyi (RegularFile, 7c491b7eb6495f57fd003f7e692f9545)
                         - mac_turkish.pyi (RegularFile, 7c491b7eb6495f57fd003f7e692f9545)
                         - mbcs.pyi (RegularFile, ef7ac5dfea54d82c318cd5ebd73207ec)
                         - oem.pyi (RegularFile, fb1d4dbf1b83486738a034a34361e3f2)
                         - palmos.pyi (RegularFile, 7c491b7eb6495f57fd003f7e692f9545)
                         - ptcp154.pyi (RegularFile, 7c491b7eb6495f57fd003f7e692f9545)
                         - punycode.pyi (RegularFile, d7bdc08314eb07e97198040e68c90957)
                         - quopri_codec.pyi (RegularFile, e83ac303b9986fe3b032ac19efd87e0a)
                         - raw_unicode_escape.pyi (RegularFile, 76186d7ee30d1175e74f2f217726e62f)
                         - rot_13.pyi (RegularFile, 43413b1f5cc36327f83a1ac261c31cf6)
                         - shift_jis.pyi (RegularFile, 2104fb24c54200300b768202ee19ae87)
                         - shift_jis_2004.pyi (RegularFile, 2104fb24c54200300b768202ee19ae87)
                         - shift_jisx0213.pyi (RegularFile, 2104fb24c54200300b768202ee19ae87)
                         - tis_620.pyi (RegularFile, 7c491b7eb6495f57fd003f7e692f9545)
                         - undefined.pyi (RegularFile, 400c5e931d7214ec4814a48709109f02)
                         - unicode_escape.pyi (RegularFile, 4e5eddc7565342cac00561373c37dce3)
                         - utf_16.pyi (RegularFile, afde81e7fc2de7fe421ad2645e05f4fe)
                         - utf_16_be.pyi (RegularFile, e19674ac30c6d6f56c009e4760cb0b5a)
                         - utf_16_le.pyi (RegularFile, db6025ee44970d90e8a047f4b5f5ac25)
                         - utf_32.pyi (RegularFile, a199bba97283ccc3df97d78cffdff586)
                         - utf_32_be.pyi (RegularFile, 583d9b82a6d7cc19da66308f57b3d0ed)
                         - utf_32_le.pyi (RegularFile, 6162e1e0a60a142adf7101bbc76b002d)
                         - utf_7.pyi (RegularFile, aad2afd6cac90d340ecce38347551f07)
                         - utf_8.pyi (RegularFile, 3c67fb91310a6c63ad6e6b84c74b5a4c)
                         - utf_8_sig.pyi (RegularFile, 3f6ea23edce06f90e66a33a638b64770)
                         - uu_codec.pyi (RegularFile, 76a2adfbf6a206d06dafe522eb69f0ac)
                         - zlib_codec.pyi (RegularFile, 18e35c1a90d050c81053cbe6f2f3574a)
                       - ensurepip (Directory, 97451c2549e9d596e55d38a7cebf9791)
                         - __init__.pyi (RegularFile, 731307a0b75a4728dfd6d8df266fab5d)
                       - enum.pyi (RegularFile, e1f77808812381610289197b0103d6e2)
                       - errno.pyi (RegularFile, ddd17d7b7ad3d0310bf149dd077ab102)
                       - faulthandler.pyi (RegularFile, 830b246e33840197ce8cfda071a62cfb)
                       - fcntl.pyi (RegularFile, e2efd4c15d3870b946f768958510f6a9)
                       - filecmp.pyi (RegularFile, f4fa43beb827282093df5798a9180ddc)
                       - fileinput.pyi (RegularFile, 5a8ea4cd74e4e587517ae68eb2b70e1e)
                       - fnmatch.pyi (RegularFile, 668fb23d7ae8639249eb79559d9906ff)
                       - formatter.pyi (RegularFile, 7431f1ef61b94d2322f3540b051bcb41)
                       - fractions.pyi (RegularFile, 33518256dbc597afdc4a5b6c2731bec6)
                       - ftplib.pyi (RegularFile, a1fa7ebdec939e5b864353dcc9f2bf9e)
                       - functools.pyi (RegularFile, 01db89b640d7ed1b7712bcca1ff835f2)
                       - gc.pyi (RegularFile, 2a3686539230766d0f5494ec11e3246f)
                       - genericpath.pyi (RegularFile, 46a5842a68bfa1b6fa755afbb2cf7531)
                       - getopt.pyi (RegularFile, d3f9414a0136845992c0f39116b25153)
                       - getpass.pyi (RegularFile, 15d5a503006697ec3237f59eb7aee9eb)
                       - gettext.pyi (RegularFile, 476c0b4b85960c4c94613cc84369bed4)
                       - glob.pyi (RegularFile, 268f898314d5e3c0b81988109a87313b)
                       - graphlib.pyi (RegularFile, e5fdc34fcfac51419c88fed164c037fb)
                       - grp.pyi (RegularFile, 1fc86d29bf95d834c4f185460c2adaa4)
                       - gzip.pyi (RegularFile, 2da0460dcdff5165abbf1d48a4bfc046)
                       - hashlib.pyi (RegularFile, 6f9ee3506ec035c04c6888e7ccff607e)
                       - heapq.pyi (RegularFile, 80721b22c000b00f37db0522c9f7b433)
                       - hmac.pyi (RegularFile, 3e5f9482ffe707ff08de66de62010242)
                       - html (Directory, 2bb0862bb0de3510e94810b5b5faacb8)
                         - __init__.pyi (RegularFile, a35bcc9f4c8c509e7b84c58e1754ca19)
                         - entities.pyi (RegularFile, 827dda458d293482aabda78b3407b8e1)
                         - parser.pyi (RegularFile, 269a369ff7fb01fa42c3182aa46d19ff)
                       - http (Directory, 18f82e709a0efb8cdd5899127f3485d0)
                         - __init__.pyi (RegularFile, ca4a1ce41fb4c01b4d073088218983a8)
                         - client.pyi (RegularFile, 1a8d499fd41cb58f894c239bf857bcaf)
                         - cookiejar.pyi (RegularFile, 56a101932daeac3185c5d75e26845d89)
                         - cookies.pyi (RegularFile, f5919505d6d5a838441d6daef921d62f)
                         - server.pyi (RegularFile, aa5007368d8dcc0e0c83862e137067e9)
                       - imaplib.pyi (RegularFile, 2b63f0bf89d8d311cd0caddf143a8bca)
                       - imghdr.pyi (RegularFile, 2b78e3c664fc7af148e5d0666618ca5e)
                       - imp.pyi (RegularFile, c9a57bd497f3d5fcbbd1a273cf92b28e)
                       - importlib (Directory, 837536fbb81a9042bdea6d45a3d1d5f5)
                         - __init__.pyi (RegularFile, 0f0fca96efeafbde56150d52cb86404f)
                         - _abc.pyi (RegularFile, b7cd73bd4e33e5858e84cff4636a6b7b)
                         - _bootstrap.pyi (RegularFile, 57546bf2c71a621e76d26f3b1f04a608)
                         - _bootstrap_external.pyi (RegularFile, 536c8ec798eb822eb53c1547cf0ea3c2)
                         - abc.pyi (RegularFile, 46bfc3271aa1337cab1f03e1cda1ef11)
                         - machinery.pyi (RegularFile, 89e4b07370721b0f95df0b6e42970f77)
                         - metadata (Directory, e7adb63646dcfce79cf4199b7f1a89a8)
                           - __init__.pyi (RegularFile, 216176f8cc6b686afeffbb242f96056a)
                           - _meta.pyi (RegularFile, ae52651859e0c5ed28fca87bae8e7292)
                           - diagnose.pyi (RegularFile, 7bf714ce364388c8e1df2855aacead41)
                         - readers.pyi (RegularFile, fce59c2510478af87d199ff3adc0748f)
                         - resources (Directory, 387021872b9b2e02af4c44f739117d57)
                           - __init__.pyi (RegularFile, 178d95bbe0c649933dd8f0b8a0777bf0)
                           - _common.pyi (RegularFile, c360ff18fab3333374da338c408ae4ac)
                           - _functional.pyi (RegularFile, 7f593bae409f630447a939bdb598a960)
                           - abc.pyi (RegularFile, 21d95c353e1c7fb761cc5423bed817ef)
                           - readers.pyi (RegularFile, 3cf7d3be2fc95056d9bd05362db5c500)
                           - simple.pyi (RegularFile, c8142a9ae2bd4f66999a831f9b36eed2)
                         - simple.pyi (RegularFile, 495dc7a6c96f7886a4a207d693e5947d)
                         - util.pyi (RegularFile, 4cfd472c99ed181758ebbfeb51246b60)
                       - inspect.pyi (RegularFile, 2e92cb329adcd587b2ab39af11fa375a)
                       - io.pyi (RegularFile, 9336242645c593e7606f9e8a0672dcb4)
                       - ipaddress.pyi (RegularFile, 311c0a10c1995e5a9e0b4e9f37494fa3)
                       - itertools.pyi (RegularFile, 53eff9f3e5b0dc43e56348116d534826)
                       - json (Directory, 304aec58afdefa765d92bd5b6363d856)
                         - __init__.pyi (RegularFile, 78bec44f937dbc36de30085f0679a500)
                         - decoder.pyi (RegularFile, ec21b70828899702b6b32d293a108201)
                         - encoder.pyi (RegularFile, eec155e0c8c4c130f9ef49eb3dc4c8d0)
                         - scanner.pyi (RegularFile, 5b3c6827cebc4f2997ed5c9df423e39a)
                         - tool.pyi (RegularFile, 6e7c2f4c04a859886ee7911657292329)
                       - keyword.pyi (RegularFile, 510f2b25da9b15e1be193af0b6c6f321)
                       - lib2to3 (Directory, e7f39c48948b4994863aff5e17767801)
                         - __init__.pyi (RegularFile, f571933bb948577b1f9f3076fb8fc7c6)
                         - btm_matcher.pyi (RegularFile, 1d34b5a154797a16ae80289f8dab7338)
                         - fixer_base.pyi (RegularFile, 24b2f2abde44fd2a21fe32aa9d92f400)
                         - fixes (Directory, d0aa7dd12a692e8612157d9ca4224bc1)
                           - __init__.pyi (RegularFile, f571933bb948577b1f9f3076fb8fc7c6)
                           - fix_apply.pyi (RegularFile, 70f4f08ac7314e7c1922eb4ccfc40b93)
                           - fix_asserts.pyi (RegularFile, e04f5f3dc5c9f38cad3a8dba14b4439f)
                           - fix_basestring.pyi (RegularFile, 7696032ef91b2962534b285b2781f4f0)
                           - fix_buffer.pyi (RegularFile, 73bc8d4d9c6499995e67fe029ae566cc)
                           - fix_dict.pyi (RegularFile, 7044ecc6552f8ecd02dbb5f2aaab404a)
                           - fix_except.pyi (RegularFile, 7875ce0f6b35efb4b89729efb9cf0be1)
                           - fix_exec.pyi (RegularFile, 951e7054ffb57a5c7ea091d647432f16)
                           - fix_execfile.pyi (RegularFile, da5c5923559db91a0089ed9800c7011b)
                           - fix_exitfunc.pyi (RegularFile, ab447e4c3442d4d45cb76896a411a8b1)
                           - fix_filter.pyi (RegularFile, 7c0b9d909cf3627a0303ed7f0a5c472a)
                           - fix_funcattrs.pyi (RegularFile, 406840cf7a09284ffc964710161efbe6)
                           - fix_future.pyi (RegularFile, d72822c617fb5e1cefab8f70e2bbdb23)
                           - fix_getcwdu.pyi (RegularFile, c58f01b4c1dab7d3d59758fa23a4f8e1)
                           - fix_has_key.pyi (RegularFile, 0a18c16f5e801b1a56747688b918690d)
                           - fix_idioms.pyi (RegularFile, a0a8e136da9587426d3206161b6a572e)
                           - fix_import.pyi (RegularFile, d598a08d2d65c7184f266d5f024b49cb)
                           - fix_imports.pyi (RegularFile, 0a6ee23bd6ab8cd1cfaa0627bd883d65)
                           - fix_imports2.pyi (RegularFile, ed2a427fe4dc922f9c12f75c7ae4096d)
                           - fix_input.pyi (RegularFile, 5eb7e2ee38dd8e2756438b6c9c4c9c46)
                           - fix_intern.pyi (RegularFile, 26cc94341bbed58d8170377872c292f5)
                           - fix_isinstance.pyi (RegularFile, 19fef44c6afc21ea527d8ad455638673)
                           - fix_itertools.pyi (RegularFile, 715151236b0bbbfe1031953d849064b8)
                           - fix_itertools_imports.pyi (RegularFile, 49d341d08fcae905fed875fa960d8106)
                           - fix_long.pyi (RegularFile, 2007a046c91ea3d675b6d5e2179a95b6)
                           - fix_map.pyi (RegularFile, 050216550748946dd8b5783e4f95893a)
                           - fix_metaclass.pyi (RegularFile, cfb497bd96c1f8ce9a371f891e5b98f8)
                           - fix_methodattrs.pyi (RegularFile, f755de29ca20e2c1232e70687fdc90c9)
                           - fix_ne.pyi (RegularFile, ea5c1f6a09ed8ae60e84bd50be8af785)
                           - fix_next.pyi (RegularFile, 130f79cb8362b8a550c43b542fde69eb)
                           - fix_nonzero.pyi (RegularFile, c744febe5a35f92ebcca92f6919772f6)
                           - fix_numliterals.pyi (RegularFile, 1c24280316ac64f788eb79a8d3ef2cc1)
                           - fix_operator.pyi (RegularFile, d79dbd6ca8d23c7c618c058f5ee25c80)
                           - fix_paren.pyi (RegularFile, b1fd47bc00a83b3eef93ea8bcbcaf650)
                           - fix_print.pyi (RegularFile, 12cef9f742fdc6f1514dd0d5fe51723f)
                           - fix_raise.pyi (RegularFile, c6cbbc8070e4ecff090a8954f50f5579)
                           - fix_raw_input.pyi (RegularFile, a573aa6bd09ee7caaf433f30a0fd78c8)
                           - fix_reduce.pyi (RegularFile, f3b1acf79f3497d050c6b5c3ee69d86e)
                           - fix_reload.pyi (RegularFile, d1f93481af0c76ea58d42c5851e1a4fe)
                           - fix_renames.pyi (RegularFile, 75e2b484bc00d6e24b38d5db4e345c93)
                           - fix_repr.pyi (RegularFile, 426f4f862b3e6707c9f823e02c741c69)
                           - fix_set_literal.pyi (RegularFile, e44d0ad67a172de106c7a3ea1160465d)
                           - fix_standarderror.pyi (RegularFile, 617b948a401ce01bb77f923b482caa8a)
                           - fix_sys_exc.pyi (RegularFile, e152cec3d5c1dca68575c3e07ab52ad3)
                           - fix_throw.pyi (RegularFile, 0f9496da01d702df12fae342616215ac)
                           - fix_tuple_params.pyi (RegularFile, 867cc9fb2146e08100f17c0045c49cb8)
                           - fix_types.pyi (RegularFile, ca7d06222a726d052d347e17eba20ee8)
                           - fix_unicode.pyi (RegularFile, f6dbb0b5e8aee32ecb66f67499315fe0)
                           - fix_urllib.pyi (RegularFile, fb77e6f2cbfccc1a39d18ec5255aed09)
                           - fix_ws_comma.pyi (RegularFile, 1f82f3e75d107f757950a8e5b7b8f97a)
                           - fix_xrange.pyi (RegularFile, 73cb71cec5f0c3de24379e9286f6307f)
                           - fix_xreadlines.pyi (RegularFile, 38451c59ee50b27528de7878f6e2f134)
                           - fix_zip.pyi (RegularFile, bc07e528519246d04cdbaeb5905ced52)
                         - main.pyi (RegularFile, c3d1d48926d02069737dd99450e49e8b)
                         - pgen2 (Directory, 41830ad057f70ccd7b477865561e8aee)
                           - __init__.pyi (RegularFile, badbc62387fcd6242828a5f8644199f1)
                           - driver.pyi (RegularFile, 8d5f6fc61795b5df9d79adf43541ec71)
                           - grammar.pyi (RegularFile, 74b9f232e85f5119226b3323b864dd6e)
                           - literals.pyi (RegularFile, eb91dcfcbe1d8186224613130a2f59d1)
                           - parse.pyi (RegularFile, ed3de104b461640def8b4a9915618a68)
                           - pgen.pyi (RegularFile, f1f1c0ddcb6a183c8caa25632ecd67a7)
                           - token.pyi (RegularFile, 340ef6c31c848bd3a41532e00d883a6c)
                           - tokenize.pyi (RegularFile, ee68b7c43fe84f097278aa04d9331e34)
                         - pygram.pyi (RegularFile, b8b774baef21b32796e1bd8ae5dfecb0)
                         - pytree.pyi (RegularFile, 34079b3bc932f4bab001b4ba6c32b3ff)
                         - refactor.pyi (RegularFile, f31947c1b86e16a1c6f0b5389cbc56b6)
                       - linecache.pyi (RegularFile, ed26085d4d8944a8a48fe0e1eb4e70df)
                       - locale.pyi (RegularFile, b6c3919054c61cf95df6b189ab4ab699)
                       - logging (Directory, 9051df788da70c85c6c8005d537bbc54)
                         - __init__.pyi (RegularFile, a84a2ad72eb42b1d11d86b43b2cd1a05)
                         - config.pyi (RegularFile, ace9f791b2f552ee84210c3c3e0f496e)
                         - handlers.pyi (RegularFile, 29ee995b8df0560fc37f8900f7657bff)
                       - lzma.pyi (RegularFile, 36b649bb496caa3a92a8bc969a685593)
                       - mailbox.pyi (RegularFile, 9514aa21b203c17af80061e2a99d31c5)
                       - mailcap.pyi (RegularFile, 7ad6837483a837663c2571c84d32e9a4)
                       - marshal.pyi (RegularFile, f163fc98615dac561c285d8a9e04b1f2)
                       - math.pyi (RegularFile, ab656d3a95f92f36c48f94de8b106752)
                       - mimetypes.pyi (RegularFile, 7d4567b151f38b8f35ab5bf273a25239)
                       - mmap.pyi (RegularFile, 21917a834d9204fb7148a584a0d8ba3b)
                       - modulefinder.pyi (RegularFile, 43636d699e363db0f27068912d33bb04)
                       - msilib (Directory, 460b974ab4cbf252f52c2b2d70e22481)
                         - __init__.pyi (RegularFile, b1753cf680e24cf87ddbc6b0b6bec840)
                         - schema.pyi (RegularFile, 1667e40ca9447946337616bb0c2dc334)
                         - sequence.pyi (RegularFile, eb5131d26321b7d87b41fae76924979d)
                         - text.pyi (RegularFile, 34abdbdad5c27eccba99fe61898bad78)
                       - msvcrt.pyi (RegularFile, 6d6f2017cfd6a5cc40b55d72d1ec076b)
                       - multiprocessing (Directory, 0cacfd0587480a295d6a77055b8ee1b8)
                         - __init__.pyi (RegularFile, c10ff049711768bf7a9328e27fcc760b)
                         - connection.pyi (RegularFile, a46bdbe1335e4fc090b5cee1de4c7d3d)
                         - context.pyi (RegularFile, 9d351f1c70b85f4dd3d4324b97cd4d73)
                         - dummy (Directory, 90154633c0b3cbad1dd2d957c7da6636)
                           - __init__.pyi (RegularFile, ec66f0ec3898e2230e926158119002cf)
                           - connection.pyi (RegularFile, 31310848fd0777c2abaeca4fab223f79)
                         - forkserver.pyi (RegularFile, 1ef0480c367c7f39452142fd2a54f688)
                         - heap.pyi (RegularFile, cc87a037cbeab657911f688c5a516f81)
                         - managers.pyi (RegularFile, dd45766614abd279b415267bb2e96ac7)
                         - pool.pyi (RegularFile, 990869638230129707455552d3fd47f3)
                         - popen_fork.pyi (RegularFile, 671656eecee6ef08f0e43ea2f2a54849)
                         - popen_forkserver.pyi (RegularFile, 8bcdabff59504721969479d660a7e3f5)
                         - popen_spawn_posix.pyi (RegularFile, 05811d9116fcf6cebd6b1c0f23f157e1)
                         - popen_spawn_win32.pyi (RegularFile, fabdae6a16cc2ffe423ffbd7bc65bbdc)
                         - process.pyi (RegularFile, 962df7a7b15c6cc13cd5d90507dbeaa2)
                         - queues.pyi (RegularFile, f086e85388f1f9e999cfbad0c4cc5256)
                         - reduction.pyi (RegularFile, dc75b5141bda49ef678d95d3637b3c91)
                         - resource_sharer.pyi (RegularFile, bbbe44de76f29ba822bc2de51e7f11ad)
                         - resource_tracker.pyi (RegularFile, e82b2e3895803da8b44620c189c72681)
                         - shared_memory.pyi (RegularFile, 0d4976d31e5421301880c06caf7f7f06)
                         - sharedctypes.pyi (RegularFile, 13d0ba369d2c88def20a867b10a0fab5)
                         - spawn.pyi (RegularFile, 53c8bcce00ca60fd8edb668c66947f30)
                         - synchronize.pyi (RegularFile, 0705d166d84f066797ba59b3558b5b03)
                         - util.pyi (RegularFile, 000836fba59bcc62d3b769a4cc31873d)
                       - netrc.pyi (RegularFile, 0543af76c459730403eb10931c1d674a)
                       - nis.pyi (RegularFile, 951169191b8b060ffc907be6fedd2f3c)
                       - nntplib.pyi (RegularFile, b018ff13f49cf44e133f72c0d3442c8c)
                       - nt.pyi (RegularFile, 55a0b57d00861e930e67c992d00dd31d)
                       - ntpath.pyi (RegularFile, 364fd9579619d6a0c6861e354c8bb7f2)
                       - nturl2path.pyi (RegularFile, 79074ae6a8b8f0808c4f8b0e72cd8a7c)
                       - numbers.pyi (RegularFile, 8901bf48a673b64e44ca56e81e081245)
                       - opcode.pyi (RegularFile, 8aead802c642130c6d07b30653b99c46)
                       - operator.pyi (RegularFile, 717f0fcb3c62d2aecc7c37ce1ffd405a)
                       - optparse.pyi (RegularFile, 038f12567abefde6a1b2fffe0f53f3ab)
                       - os (Directory, 1cccc54dd0dbfed68f96399de4818805)
                         - __init__.pyi (RegularFile, 08f66b6e8b93c9aaaaf1afabb59eacd9)
                         - path.pyi (RegularFile, d5ce074d8969fbce7edf858093a27dcd)
                       - ossaudiodev.pyi (RegularFile, 7f0a69c37c7a36f8d2bdef96af53288c)
                       - parser.pyi (RegularFile, 95caf7fb99d589c9e333aa6c4afc5bb9)
                       - pathlib (Directory, 5bdd1d945606836c98e86f9bdb89c413)
                         - __init__.pyi (RegularFile, 6fe8b603d0e5c1b00f12f908426f58a7)
                         - types.pyi (RegularFile, 15ec34329492b7072a67065f0306a01d)
                       - pdb.pyi (RegularFile, 238e007bf1b3db4d9d5b78f61f77580e)
                       - pickle.pyi (RegularFile, b01c6fad3d13099a9869a8dbc4675854)
                       - pickletools.pyi (RegularFile, 989c06bb5c92d3a5d99c2d3e45a81ed5)
                       - pipes.pyi (RegularFile, a4e9e664b3a85f137b5e6bad1dd6f8c7)
                       - pkgutil.pyi (RegularFile, de70034d025f304b8805e73736ca9cbb)
                       - platform.pyi (RegularFile, d9a46fbc7253ffc2e603ab7646f346f8)
                       - plistlib.pyi (RegularFile, a74b9749c4fdeeecb6316c4465459886)
                       - poplib.pyi (RegularFile, 2c02c752284d3a84cc3ef7230449c440)
                       - posix.pyi (RegularFile, 81d262c3365c284079576fd76657ec61)
                       - posixpath.pyi (RegularFile, 9f7ce03e92b5d87de9041be02926ddcc)
                       - pprint.pyi (RegularFile, 8683c6ca0b7bd6d8813da0f393cf1470)
                       - profile.pyi (RegularFile, 838099b5340cdecb7b693faec41b8f3d)
                       - pstats.pyi (RegularFile, 4dee8be7b0caee3c167945d258e058c1)
                       - pty.pyi (RegularFile, 1e377994953aef9c9005ad9b85904a4d)
                       - pwd.pyi (RegularFile, 8ed48c03bb6ca5a70e5ef76ae32ab595)
                       - py_compile.pyi (RegularFile, 4c2444e282725d433b0e5f2b84730768)
                       - pyclbr.pyi (RegularFile, 67e38f1a37f04989934839b1def4c5fc)
                       - pydoc.pyi (RegularFile, 821de4e44a661115a7d18bf540fcf424)
                       - pydoc_data (Directory, fbae65deb47cbfc562ca4d92f1131621)
                         - __init__.pyi (RegularFile, f571933bb948577b1f9f3076fb8fc7c6)
                         - topics.pyi (RegularFile, bdef6a09bfd087c83b3f48544f47375d)
                       - pyexpat (Directory, 4efdccc5529ab9d0663aef7f815fcd2c)
                         - __init__.pyi (RegularFile, 852bbe315e7b3427751ef17573cc85a1)
                         - errors.pyi (RegularFile, c024bfd8423c3c6cda0f653c0ad2f426)
                         - model.pyi (RegularFile, 55f98fbbf29ca1e41ee8828d43b60d8f)
                       - queue.pyi (RegularFile, 8d984e5bc95eb48de2c19846a957f544)
                       - quopri.pyi (RegularFile, 58491580486e298892040d7205fe4107)
                       - random.pyi (RegularFile, 5a5e0153e2dcdeb69cc56e970ba8bc38)
                       - re.pyi (RegularFile, d295b1ae3dc75cb2f2da50e0016c6882)
                       - readline.pyi (RegularFile, 20e7b70dda2efe7a5f52386837ade125)
                       - reprlib.pyi (RegularFile, ecf717ff7234c01b1709832cd25bab97)
                       - resource.pyi (RegularFile, 4de84053ce75900892a51f1b4db49294)
                       - rlcompleter.pyi (RegularFile, 3777b1f90e6d6222311bcfc5b38e1a2a)
                       - runpy.pyi (RegularFile, 66026502366409538454825c32937dbf)
                       - sched.pyi (RegularFile, 598f1d16d3d8018dda97e9dba4669857)
                       - secrets.pyi (RegularFile, 90897efa52d9908d556188c3145f462c)
                       - select.pyi (RegularFile, d96ace9a78d1a08f5ba9667212e4d393)
                       - selectors.pyi (RegularFile, 8ac875eef31e072c011187745046a561)
                       - shelve.pyi (RegularFile, ca2aa10d4f0e76605b42cd71f83107a3)
                       - shlex.pyi (RegularFile, 20e026e7f2d6ba19a7083ad48725a77c)
                       - shutil.pyi (RegularFile, 451439c2639f734a645c394b3c0521ee)
                       - signal.pyi (RegularFile, 30150512bbc9c9da52d1879f6ea922d8)
                       - site.pyi (RegularFile, cec694f091237c1607d289e6790c1664)
                       - smtpd.pyi (RegularFile, 435facc3eeb91183d2f15819948d5c85)
                       - smtplib.pyi (RegularFile, d63a5aa782ebf68de6fadb2a9ecf2e6f)
                       - sndhdr.pyi (RegularFile, 4fc687a8e90dad97ae65d405efa0733f)
                       - socket.pyi (RegularFile, c3fd50a298e966f3d6ecc5632fd7aeb0)
                       - socketserver.pyi (RegularFile, fb3c136186007c8f6b248cb78fa64a48)
                       - spwd.pyi (RegularFile, ea08a21ac125a31cbeaa97e81f73f3d5)
                       - sqlite3 (Directory, 13bc8eec16401c3a7a8cfae7358c9933)
                         - __init__.pyi (RegularFile, 9b9658cc023f951d5559affb40c2283e)
                         - dbapi2.pyi (RegularFile, c7c97fa94775c121025b063fed9e908f)
                         - dump.pyi (RegularFile, 7d898723c934fa6df87ec969e60c9e10)
                       - sre_compile.pyi (RegularFile, 74f268aac645f56a2489b0b25c927285)
                       - sre_constants.pyi (RegularFile, d454044fa6e7dc036d90bde5eb2ecbd1)
                       - sre_parse.pyi (RegularFile, 8b3d08ccc1522024a87bd157049278cc)
                       - ssl.pyi (RegularFile, 4d6628e176a2eff1b2800fddab2d12a8)
                       - stat.pyi (RegularFile, 52dc72b6003d843a40b58c4eedf37133)
                       - statistics.pyi (RegularFile, 09cf7609fed1ba7617b80484d2cfdf38)
                       - string (Directory, 0ccbac3c0386815a1bbb613cb01c5057)
                         - __init__.pyi (RegularFile, d30c9f3e1db6c87105eadd0c92a7d4fc)
                         - templatelib.pyi (RegularFile, 28472d2c9453eb2b84e76d0f40299f45)
                       - stringprep.pyi (RegularFile, e5b5e77763ad5011b24638d30d9a58a1)
                       - struct.pyi (RegularFile, b5455260a29cef331f70f3b875019d8d)
                       - subprocess.pyi (RegularFile, f65d77d2ae3cd925ed5f2699dd430acb)
                       - sunau.pyi (RegularFile, c6123a899789943675fabd2199e7b6b8)
                       - symbol.pyi (RegularFile, 80c30f8140e250decbff268b36d2136a)
                       - symtable.pyi (RegularFile, 14e6a2183156a12d2215e02c7db1befd)
                       - sys (Directory, 43fcdd051a4b7ba7de9e50bccd54331c)
                         - __init__.pyi (RegularFile, b3ec22904fcc6f16e91bc2038aa25131)
                         - _monitoring.pyi (RegularFile, 50970cd621f9fe7021af2f6ad5c73303)
                       - sysconfig.pyi (RegularFile, fc1d117a1521d9b8c54d590e9e5fbf67)
                       - syslog.pyi (RegularFile, c76fcc5cd0dbd2287b743bc34362591e)
                       - tabnanny.pyi (RegularFile, ad8bbe09eae9b14e563a83348ec1dced)
                       - tarfile.pyi (RegularFile, dd2f6b92870eb44b6ceb75df6afafb6e)
                       - telnetlib.pyi (RegularFile, ce31ea7ec3a56334e91c0fb477a7cf30)
                       - tempfile.pyi (RegularFile, d56565ccab772dcadc48cea1d8ff87a0)
                       - termios.pyi (RegularFile, 439c458c132036f315ca29028339aa71)
                       - textwrap.pyi (RegularFile, 31d29d8a43abc78b4a303b15a1b6bbd2)
                       - this.pyi (RegularFile, 0807d58ea02e1881b55728653b6f77fd)
                       - threading.pyi (RegularFile, 8a246f623d9ab8efcba9330f81db5fda)
                       - time.pyi (RegularFile, b2946accd97520de4ac642e23da47e37)
                       - timeit.pyi (RegularFile, 97760dcf2f6791ac36789482d0c860c1)
                       - tkinter (Directory, 1c25e2f395b69d6c2f6ee97c50607563)
                         - __init__.pyi (RegularFile, 61dca8582c50025c24d1224d19b73b4c)
                         - colorchooser.pyi (RegularFile, e2d0849b4a12f47bcd4e6250ff9d71e5)
                         - commondialog.pyi (RegularFile, c1bf861681dd3697c6f55be922e08a53)
                         - constants.pyi (RegularFile, 05deaceff1bd9c7ff618f90b74058944)
                         - dialog.pyi (RegularFile, 61f6e0f025396173dbd23392344a1bdc)
                         - dnd.pyi (RegularFile, 5b6901a5fcb3cbd07821c90b5e626966)
                         - filedialog.pyi (RegularFile, caef66a2982353dbe9feede27b1c73ac)
                         - font.pyi (RegularFile, 32abb66bdc56fab71cf4b2f82ec72342)
                         - messagebox.pyi (RegularFile, 02bc50119983a6fbb04236d8e3ed9613)
                         - scrolledtext.pyi (RegularFile, 2d9e40c0625fce6d547064fba8867312)
                         - simpledialog.pyi (RegularFile, 3864939d52235199ee86ceb146425570)
                         - tix.pyi (RegularFile, b64fd7fb39bd54702cf62f9d5b006cd0)
                         - ttk.pyi (RegularFile, af090dfd10a91d4aa85edf0eb89f5617)
                       - token.pyi (RegularFile, f1fbae71810ef0058462225644f456c1)
                       - tokenize.pyi (RegularFile, 36e1227d080d675721bc84dec3829713)
                       - tomllib.pyi (RegularFile, 622b141b248100fe40eafb6326eabe9e)
                       - trace.pyi (RegularFile, c688a10ed19f104f81d4a0f533833d28)
                       - traceback.pyi (RegularFile, 450123ca63de69c6b88f2a1ec7ea96c5)
                       - tracemalloc.pyi (RegularFile, 26d746aa184f021f690ea602aa94c311)
                       - tty.pyi (RegularFile, ea0294522c128d9513b18e5f48c6ddf1)
                       - turtle.pyi (RegularFile, 958b1d203adb987b6fb125fb01b4c079)
                       - types.pyi (RegularFile, cc1461e7543453626819a6c817a080b9)
                       - typing.pyi (RegularFile, c5a54db889144d02730f67f9a8b6e9e2)
                       - typing_extensions.pyi (RegularFile, 810ab65a847a870b9d4a5281fac75721)
                       - unicodedata.pyi (RegularFile, 4af7ad8c082c933dbd08d1bd85784d71)
                       - unittest (Directory, e5e9d14853b246b953e3a3bd7e929779)
                         - __init__.pyi (RegularFile, 1413cda85a5457e7a9841e23f8562af3)
                         - _log.pyi (RegularFile, 275b71143e66834ea8a7f9ffc015fac6)
                         - async_case.pyi (RegularFile, 60a19dbc9c0326c00f02b04623064d9f)
                         - case.pyi (RegularFile, 0c8dc179370d782b882d0fabcc4a97d4)
                         - loader.pyi (RegularFile, 2c110bf5f3237981f5bee7cc69e6de56)
                         - main.pyi (RegularFile, 80c2d33296441cdc38268f59e479c7c9)
                         - mock.pyi (RegularFile, 10b3d9a89a380dce3ac9f15f93d989f9)
                         - result.pyi (RegularFile, c41fa1cb2cb15ceb3370c00d4e89e32b)
                         - runner.pyi (RegularFile, ff28aee98df93243bd69641f3496fa76)
                         - signals.pyi (RegularFile, c69be3b3a7e5842462fe641d9b4401c5)
                         - suite.pyi (RegularFile, e87407eafb1a08238b589dad66077187)
                         - util.pyi (RegularFile, 11edd0863f28cb4fd41ce48f4b4b8ed9)
                       - urllib (Directory, 7e2c71833a713492beb87f4956f43db3)
                         - __init__.pyi (RegularFile, f571933bb948577b1f9f3076fb8fc7c6)
                         - error.pyi (RegularFile, f842d3cb552f5ccd6cfe19c59070aff0)
                         - parse.pyi (RegularFile, 75efd7c8d7c71aec6d15216e6543a616)
                         - request.pyi (RegularFile, ad39bf55884c94a023f1cb96cd5871d1)
                         - response.pyi (RegularFile, 69336579fd8a6f5bf35d054d8d837b7c)
                         - robotparser.pyi (RegularFile, db901f112a8c8e10aa8e794d8ebd311f)
                       - uu.pyi (RegularFile, 54a780e5b2167a85cfb6e5daf7e24e2d)
                       - uuid.pyi (RegularFile, 962b242adb2d4fc90286c5d724bbdbc2)
                       - venv (Directory, d5c6d373f6eb312b01a727edf290c026)
                         - __init__.pyi (RegularFile, 170f627b788733c18152ceae9abe7c15)
                       - VERSIONS (RegularFile, 09583d68649e841f882cb409738d8d9d)
                       - warnings.pyi (RegularFile, 244ab3924c1419c87d882927456c6438)
                       - wave.pyi (RegularFile, 15b5c7aee1d33217e0b52886f4cc8bfa)
                       - weakref.pyi (RegularFile, 1b41885355e979a784a7c4fc2ba11aa4)
                       - webbrowser.pyi (RegularFile, f88ffc78ae8757724b6b0f3749fc4891)
                       - winreg.pyi (RegularFile, a2ac85f5484ff81d056286894104069d)
                       - winsound.pyi (RegularFile, 844bd42e67a221a986ab5604dcf812d6)
                       - wsgiref (Directory, ff95462f0b88b095a180cce78ba2051f)
                         - __init__.pyi (RegularFile, f571933bb948577b1f9f3076fb8fc7c6)
                         - handlers.pyi (RegularFile, f10631da561f361ee469c44647e218e6)
                         - headers.pyi (RegularFile, 2f814b543178e00f423eb9e166894b6a)
                         - simple_server.pyi (RegularFile, 1b216e1c9a10d6b9eaaa0194e0972ca8)
                         - types.pyi (RegularFile, ee38a824ee025dcba5571e58385fa888)
                         - util.pyi (RegularFile, 67e39475d42f16bbc86eb5ac7a1e9cbb)
                         - validate.pyi (RegularFile, b810d41470dc04cb9699488c2f511d3b)
                       - xdrlib.pyi (RegularFile, 33443412b00d1bdda679f0366fa952df)
                       - xml (Directory, 73cb6cf64ad9c3955a4402db25ecf6fa)
                         - __init__.pyi (RegularFile, 20cb309aaa08360793046d58ed41752c)
                         - dom (Directory, 77565146ea24d4beb498efad2fba17b3)
                           - __init__.pyi (RegularFile, 7358c83841f0d2d413981931edc58a2b)
                           - domreg.pyi (RegularFile, 65aa1dfd3c51aa6c09cb013b2a80b5d2)
                           - expatbuilder.pyi (RegularFile, c626e8f57a25b40e459e93fa0e27130f)
                           - minicompat.pyi (RegularFile, b7781b3bacb596228c702d94d54b42e2)
                           - minidom.pyi (RegularFile, f0808b24daeb660e7890922fc688256b)
                           - NodeFilter.pyi (RegularFile, 0e4cffaf14f21d3eabdcf0a14135cf09)
                           - pulldom.pyi (RegularFile, 132647060ff7122811a4beddfbf2efff)
                           - xmlbuilder.pyi (RegularFile, 9ade72b83fdb7cb7e92b0135d88b6797)
                         - etree (Directory, ef4e7483a7d834b0a23c5132cccf83ed)
                           - __init__.pyi (RegularFile, f571933bb948577b1f9f3076fb8fc7c6)
                           - cElementTree.pyi (RegularFile, 07707e0631b1ae61069e55987315f709)
                           - ElementInclude.pyi (RegularFile, 4b8b02da384f30338a1f80dc473940a9)
                           - ElementPath.pyi (RegularFile, 956680eb232774ec0c7459d36a66f5b3)
                           - ElementTree.pyi (RegularFile, 0528c7733402e66d378d571e1ebbd414)
                         - parsers (Directory, c841d6916cb4ae88584d1735bb839f58)
                           - __init__.pyi (RegularFile, fc89b3cb6757970255bf60a1fd0cc43d)
                           - expat (Directory, a632f3991f1a8b1af6e4424c1250e51b)
                             - __init__.pyi (RegularFile, acb4975d6faa326b238e0646bc2bb17d)
                             - errors.pyi (RegularFile, 56615109c2abb153a7377b4c59cd2382)
                             - model.pyi (RegularFile, a410703993d8aa842aac117a5f0ec5dd)
                         - sax (Directory, c44184d1d47c80e99b14cb590590bf04)
                           - __init__.pyi (RegularFile, aa034e76b88e9d62e355c0fad7ab11f3)
                           - _exceptions.pyi (RegularFile, 3fec448e0e1d9d3a2564d4078840e352)
                           - expatreader.pyi (RegularFile, 555f943180aa8b011e71b6145c0ea5bd)
                           - handler.pyi (RegularFile, 2980e833ec68c73a6af879e039536a1b)
                           - saxutils.pyi (RegularFile, 24edf37416c51d2a5fde42edbf35fcdb)
                           - xmlreader.pyi (RegularFile, 540d9ce64f3525bbf9d5f8d34c5ac0c6)
                       - xmlrpc (Directory, 3f4b98f68e242422e2f5ee66bf68242e)
                         - __init__.pyi (RegularFile, f571933bb948577b1f9f3076fb8fc7c6)
                         - client.pyi (RegularFile, 555160d77e9a034d928df65fe09a82dc)
                         - server.pyi (RegularFile, ba930ec79afcc15722b06d4809075ded)
                       - zipapp.pyi (RegularFile, 54ee2dabaf75a63f743bdaec1a1aff85)
                       - zipfile (Directory, 29abfcb0fd65b456fa8ee16000ca5aa4)
                         - __init__.pyi (RegularFile, be93faead3c214e86dc9aee7076f899a)
                         - _path (Directory, e15b207bfbd900a78c31fb06084752f0)
                           - __init__.pyi (RegularFile, 3a17bdad5b4d5e07ef12e12678868a33)
                           - glob.pyi (RegularFile, b69dc1077c93e72a6ef7555ad5954841)
                       - zipimport.pyi (RegularFile, 846118f5753fe35bceebf06c66722b9e)
                       - zlib.pyi (RegularFile, fe42e322b53a2425fa589d5d94691770)
                       - zoneinfo (Directory, e2ae75e2aea35f53076dfd2676aadd41)
                         - __init__.pyi (RegularFile, 202a97302b1f1e1faa449bb40eaddeb9)
                         - _common.pyi (RegularFile, e149b03b3d80ee01dfc73cb53a02d79a)
                         - _tzpath.pyi (RegularFile, 843ccc0a0fe9384ea5c9472d423017be)
                     - stubs (Directory, 5a485d8b96f9c1a6261e12234c932095)
                       - aiofiles (Directory, f2bea78b3d8363afe0af9d1e5dcc8bb8)
                         - @tests (Directory, 789e0110a1e0a8ebf7f50adc8bacbebc)
                           - stubtest_allowlist.txt (RegularFile, 6514d1b572a4fa8be656b8e6a174a10d)
                           - stubtest_allowlist_darwin.txt (RegularFile, cbc825dc8b2b369124fcbfc26279717b)
                           - stubtest_allowlist_linux.txt (RegularFile, cbc825dc8b2b369124fcbfc26279717b)
                         - aiofiles (Directory, 243b4137058aaf98f67848906ddc1a80)
                           - __init__.pyi (RegularFile, 81787cf71cfd814b51bf037bfad6970c)
                           - base.pyi (RegularFile, 12c48572859f180956a0afe03bc137a7)
                           - os.pyi (RegularFile, 3c32ec1b27deb3461f38cf67960a8973)
                           - ospath.pyi (RegularFile, 3ee83ec791670dc6720d8e1f4cdbded9)
                           - tempfile (Directory, e81f87b4cd209b428087487770d3ddb0)
                             - __init__.pyi (RegularFile, d2c7f74031bfb5f3a084641ac04ea92b)
                             - temptypes.pyi (RegularFile, c7f3ea37576ccbb34bbd93dbe4e6f349)
                           - threadpool (Directory, 0ac4ebb97b62e78d8ffec3e04f43339b)
                             - __init__.pyi (RegularFile, 9004cf4b7d71d1dd1c657486588173c9)
                             - binary.pyi (RegularFile, ffed15900b8dc876489d0d028ef567f9)
                             - text.pyi (RegularFile, 113850106376fafac415b8f69f53afb2)
                             - utils.pyi (RegularFile, 0503cba671ff8eb81c7ec3e111f85a9e)
                         - METADATA.toml (RegularFile, d08110dc7ca77e062468b50d4b282bc1)
                       - antlr4-python3-runtime (Directory, 4da85de91afcbfbec0e252e8efa597dc)
                         - antlr4 (Directory, 4dc187e35d348a2d6809187f3a27c447)
                           - __init__.pyi (RegularFile, f53926cef2c782a41c8cad972773a3b8)
                           - _pygrun.pyi (RegularFile, cfb3a37e7b95bf072b4a5ba184ab1b18)
                           - atn (Directory, 904121bf57c79cfd8943c661af5e439d)
                             - __init__.pyi (RegularFile, f571933bb948577b1f9f3076fb8fc7c6)
                             - ATN.pyi (RegularFile, 6b532b3684e375ce71c15d5a24e722ca)
                             - ATNConfig.pyi (RegularFile, 4c474c86a2ba4ddb9326575c2adcefa6)
                             - ATNConfigSet.pyi (RegularFile, 70184c2aa9c1da1d64ae4c25469a2c40)
                             - ATNDeserializationOptions.pyi (RegularFile, ad11a440bd1dc492b3af18f17ced60e0)
                             - ATNDeserializer.pyi (RegularFile, 42a32514520faaff96e0f80703a7a7be)
                             - ATNSimulator.pyi (RegularFile, 276e85f99f06480a49bc2869654ef272)
                             - ATNState.pyi (RegularFile, 76ec826a308d7a8a18402f26cdd57693)
                             - ATNType.pyi (RegularFile, b97b6cc36df9ba3fb27b3e1e8bf3c730)
                             - LexerAction.pyi (RegularFile, 78e77ea04495a02809f579188313c402)
                             - LexerActionExecutor.pyi (RegularFile, 932f462e9cf3941f86ec4157e6d51951)
                             - LexerATNSimulator.pyi (RegularFile, b4487a4a7a18d3e7be87a8bb3d466079)
                             - ParserATNSimulator.pyi (RegularFile, edade0b48fe866aefedb612546c8aafa)
                             - PredictionMode.pyi (RegularFile, 2dcf334182d66e813adc7d679b2bcec9)
                             - SemanticContext.pyi (RegularFile, c448d60cbb0c0a19f8a7d5d3fba43b20)
                             - Transition.pyi (RegularFile, 566c8c1d513064d9395f5b9337fc1847)
                           - BufferedTokenStream.pyi (RegularFile, 2b48ca8d3dd8b91c177259226c1190ec)
                           - CommonTokenFactory.pyi (RegularFile, 0c54a5f848ec349fd6f55f727bf89453)
                           - CommonTokenStream.pyi (RegularFile, 433c46ff2b147eb9a74ff7ad35123034)
                           - dfa (Directory, c0ff66b8185f65568e9e95456a3ad24c)
                             - __init__.pyi (RegularFile, f571933bb948577b1f9f3076fb8fc7c6)
                             - DFA.pyi (RegularFile, 756c9d8e64e9c008513a2a6d68c5a52b)
                             - DFASerializer.pyi (RegularFile, 6ce0aa6bb337ec647ebdf65c4958f80f)
                             - DFAState.pyi (RegularFile, dc397b4c0269f33154bad39db2c5fb89)
                           - error (Directory, 86d94bfa5592ecbd788157dd4d83aacd)
                             - __init__.pyi (RegularFile, f571933bb948577b1f9f3076fb8fc7c6)
                             - DiagnosticErrorListener.pyi (RegularFile, 1f17306ef392190054729d946629d2ab)
                             - ErrorListener.pyi (RegularFile, 0046f3ced8eaf67cbdf35ad6e2e30ea4)
                             - Errors.pyi (RegularFile, 44096cb6a4684e6dc5e799373cff098d)
                             - ErrorStrategy.pyi (RegularFile, c29ad70d3f9ea93aa410aa2a76b20835)
                           - FileStream.pyi (RegularFile, 59d9168e1ee74b8dde5675f1a3087143)
                           - InputStream.pyi (RegularFile, e94174e69312dd1ad9830f2b9fb4b527)
                           - IntervalSet.pyi (RegularFile, 83a8b772e29e09472402091fbfe1e2c4)
                           - Lexer.pyi (RegularFile, 39978e63ea28d8f817288e15e950132a)
                           - ListTokenSource.pyi (RegularFile, 02d7da3b6619a808fd0fa4c7bfd2b02c)
                           - LL1Analyzer.pyi (RegularFile, 1495738ba0a56571c87de450894657a1)
                           - Parser.pyi (RegularFile, 49503e8d2321248527f43d2bef7e1fb9)
                           - ParserInterpreter.pyi (RegularFile, 242e4e26d8766dcfcd317c920e5b2d08)
                           - ParserRuleContext.pyi (RegularFile, 7af56499bfd47eb2626fed91bdd106c5)
                           - PredictionContext.pyi (RegularFile, 7612f63b92b1a1955d18ba318391be72)
                           - Recognizer.pyi (RegularFile, ceb96a7f2f58f0d2df0f7e729daab018)
                           - RuleContext.pyi (RegularFile, 8bafb2b4cc01c6d531eabfa06bc1a513)
                           - StdinStream.pyi (RegularFile, 63afaa87212dd74aea44c8a7fc774559)
                           - Token.pyi (RegularFile, 6bdf3ea0cd00a860fb2d11fd239be1a8)
                           - TokenStreamRewriter.pyi (RegularFile, 5a347b9240907205793ebf469a3bdd13)
                           - tree (Directory, d72d6d4aea253aad68e5a564dedbf8ab)
                             - __init__.pyi (RegularFile, f571933bb948577b1f9f3076fb8fc7c6)
                             - Chunk.pyi (RegularFile, 49a4229b2c21ade4261c4e13e7cf221b)
                             - ParseTreeMatch.pyi (RegularFile, 0c17c47c7e3d869c053d86e5b2d1a221)
                             - ParseTreePattern.pyi (RegularFile, 92e234109870b56886b45611f1676e52)
                             - ParseTreePatternMatcher.pyi (RegularFile, fcf6dc71e04f5d5f6c8e83b1db401e1f)
                             - RuleTagToken.pyi (RegularFile, 4cfc254a020370dd5ef0b3701daec100)
                             - TokenTagToken.pyi (RegularFile, bb9e4304969baeb84a143b303c793e9e)
                             - Tree.pyi (RegularFile, 63b0da79f4c12d8af59eca3bcf8ae6e4)
                             - Trees.pyi (RegularFile, c13d2aef05b8bffa542de2b3a1ab8e68)
                           - Utils.pyi (RegularFile, c4d9d828d5204dd26e2b137dc142f178)
                           - xpath (Directory, 8fc253c9049ccdb108a4e7967c96e1d5)
                             - __init__.pyi (RegularFile, f571933bb948577b1f9f3076fb8fc7c6)
                             - XPath.pyi (RegularFile, 6c22abc735746b6b0a0cdde26af0c884)
                             - XPathLexer.pyi (RegularFile, 05d912efe5efff09ca7f339738e82107)
                         - METADATA.toml (RegularFile, 16fdd2a9fd15117f6dac9b7beb55698d)
                       - assertpy (Directory, 5087fec87ad5d6a35616fc6d115db07e)
                         - @tests (Directory, c8fad589894b0298ee6cb77568d55f35)
                           - stubtest_allowlist.txt (RegularFile, 58fcd96c13edade46e7fc75055fc2728)
                         - assertpy (Directory, 9b3f22c689eb84f4ce5b0a5fe1d995bc)
                           - __init__.pyi (RegularFile, 8ae8d23f1dc5253d63b6820e05219e8f)
                           - assertpy.pyi (RegularFile, 90bb37d40ea4e284241a90c8274b3b69)
                           - base.pyi (RegularFile, ac4a4802aeb9d94931510863009bd7aa)
                           - collection.pyi (RegularFile, a65868fa785981b6be9aa80151fd1789)
                           - contains.pyi (RegularFile, 45b985dfe1bde41f122668c11ca62a74)
                           - date.pyi (RegularFile, 18dad739eaca7e860f3dec9d2ba11d93)
                           - dict.pyi (RegularFile, a1d3e5012b85f2e3dd41c145ab7efd60)
                           - dynamic.pyi (RegularFile, 6554f496ac58525dda4e6322c2c26484)
                           - exception.pyi (RegularFile, c9fd79efdce2006096854a93942f2805)
                           - extracting.pyi (RegularFile, 5653fa0991b81df0b06fe4c4f03fae30)
                           - file.pyi (RegularFile, ba864e63887541d4693b95b55c78a180)
                           - helpers.pyi (RegularFile, fa2fccbf39f9aabd9989d20c33de63e2)
                           - numeric.pyi (RegularFile, 697c643de5ea84cf1ae9abcb191c8e27)
                           - snapshot.pyi (RegularFile, 7436aaab937921fef6ca1913bad652dc)
                           - string.pyi (RegularFile, 918aeefc7530cb8f50fca4455068afc2)
                         - METADATA.toml (RegularFile, ea3edc7ffeab886b88820badd73cb715)
                       - auth0-python (Directory, 5fadda15ce00500b7452e2193c81fe10)
                         - @tests (Directory, 8654112b429fcc734ca4812f1e955aab)
                           - stubtest_allowlist.txt (RegularFile, edfa0df8991d48165f4ec3f55023e4f8)
                         - auth0 (Directory, 7c0495261d0ca6059a06cadd19278406)
                           - __init__.pyi (RegularFile, 1df17742813677478ffb73e1d050fb95)
                           - asyncify.pyi (RegularFile, 6de00e3c073e1259bb49dffebe08d079)
                           - authentication (Directory, 4bcefb7db4bef67a5788558331925f95)
                             - __init__.pyi (RegularFile, d887b6ebfa9bde3c8d07acb07a9bb5e8)
                             - async_token_verifier.pyi (RegularFile, 1b6bb04f83f011bec84f298bdfd61b7c)
                             - back_channel_login.pyi (RegularFile, 3678eefbc058544ab4f86000eb188ad7)
                             - base.pyi (RegularFile, c2b1f4b8e5bb963d899874c1b25fab8f)
                             - client_authentication.pyi (RegularFile, abb5d4ed97f12bdccffae72400ef3742)
                             - database.pyi (RegularFile, f66ace3b0cfe6b44087ee712fe2c3de2)
                             - delegated.pyi (RegularFile, 9dfc11884968624ea13247321adafe84)
                             - enterprise.pyi (RegularFile, f0db55c25ab235cc2f589a853efabf66)
                             - get_token.pyi (RegularFile, 2d934986bc1b32197467373e897d43b1)
                             - passwordless.pyi (RegularFile, f70c7a5ce3ae118562d04bf7691a7964)
                             - pushed_authorization_requests.pyi (RegularFile, 9e6b5c27bc41841cf172086c82081147)
                             - revoke_token.pyi (RegularFile, 4b15b61c8ee88fead5aebc0c08446fa9)
                             - social.pyi (RegularFile, 0e79f28801c163d62ee9f54087a4833d)
                             - token_verifier.pyi (RegularFile, f926d1d7cadf054a17b47bbc167863ce)
                             - users.pyi (RegularFile, 886344f90570cf9e3edeefe5624b2fae)
                           - exceptions.pyi (RegularFile, e62c3039529c1d69659d560d55df98e5)
                           - management (Directory, 41eb1704028e93f8cdd06ee09ec7d87e)
                             - __init__.pyi (RegularFile, bf846ffe1bda7f06f4e45c4a9adb92d2)
                             - actions.pyi (RegularFile, 24cb6e60e4835152ed44d37bfd0f586e)
                             - async_auth0.pyi (RegularFile, f347182efc02f99a1337dccb7b9eccb9)
                             - attack_protection.pyi (RegularFile, 6d21b169d4b28deafc077477e4ad8cad)
                             - auth0.pyi (RegularFile, ec8ec047352b17722d3ff502b5714c42)
                             - blacklists.pyi (RegularFile, e4aaddb13be9bb8b5417add3900fa4dd)
                             - branding.pyi (RegularFile, 876963f096549ebd83b2f25c5f5bf9c2)
                             - client_credentials.pyi (RegularFile, 7129542c0748b247cda88150d3fe8977)
                             - client_grants.pyi (RegularFile, 9cfefff3abb0ee22bfc31dc019e5eb2d)
                             - clients.pyi (RegularFile, af49c288eb7b5bb256ac8209fe64ebdd)
                             - connections.pyi (RegularFile, 2aa48b7e9fb2351815e6c957ee1e3b77)
                             - custom_domains.pyi (RegularFile, 5664a333c4677254d97b62379ae89f60)
                             - device_credentials.pyi (RegularFile, ae6bb6893c333cbb6e809b5d8c75a4ff)
                             - email_templates.pyi (RegularFile, a54452d7e36c468c6bf814e94370cd72)
                             - emails.pyi (RegularFile, 07863a1f00041a8a8c701631f14e3195)
                             - grants.pyi (RegularFile, 974f230f2b90f889848c5c58bd3c9f75)
                             - guardian.pyi (RegularFile, 2c656a4273d9ac2166afd93fd6c64ade)
                             - hooks.pyi (RegularFile, 5c924425f2f04f7af2c1bb09424ce18d)
                             - jobs.pyi (RegularFile, b1851606f636d7b196ee512f88533d7c)
                             - log_streams.pyi (RegularFile, 5604a40352ed1540d3f9039cdb8fcda7)
                             - logs.pyi (RegularFile, 309f70500fd78a885c58c05eee7f3933)
                             - organizations.pyi (RegularFile, 89c3cec19b99717b6d017c549d3cd896)
                             - prompts.pyi (RegularFile, 9a489fc03effe8aae15cbf6dbf5c0d5e)
                             - resource_servers.pyi (RegularFile, 5047a65ff8c62b22205f08eaa9613ce8)
                             - roles.pyi (RegularFile, ba54eb0ef92c32650f61150754c51778)
                             - rules.pyi (RegularFile, 991656afe986a89a8633d9a840751113)
                             - rules_configs.pyi (RegularFile, 9a8f992f28acdfbf2e4d54e9fb8ac810)
                             - self_service_profiles.pyi (RegularFile, 348d98e452c8cafb6b0da49d19d9131e)
                             - stats.pyi (RegularFile, 098600b9026a3d368b3b690a28b29f3b)
                             - tenants.pyi (RegularFile, 6db4ddc5e2c4e3613fc1ed888316ea38)
                             - tickets.pyi (RegularFile, 08d31ec12b8d66dd626fb4e782f65073)
                             - user_blocks.pyi (RegularFile, 12f4a67112984b84b6ebbf89b53567a5)
                             - users.pyi (RegularFile, 3c5ab5f067bdaf1853a7c90cbcec52d8)
                             - users_by_email.pyi (RegularFile, 87b20c379003cfc5aefd0a03b59522ee)
                           - rest.pyi (RegularFile, 4c4c0405a85ccff0a2197671c6e03003)
                           - rest_async.pyi (RegularFile, 8b78a6069d70c45988a452ca30dd4908)
                           - types.pyi (RegularFile, 44a4703c74db9daca495e3a18476c77f)
                           - utils.pyi (RegularFile, cc4fbcff591ffc81bb681cb6047eb7db)
                         - METADATA.toml (RegularFile, 88f0c00199e6c2aa4b7840f1662e270e)
                       - Authlib (Directory, e4ddbe2b8c97c13d8cfcb1a7d53eaf20)
                         - @tests (Directory, c43880275b00be20f4cd3358fed79912)
                           - stubtest_allowlist.txt (RegularFile, 2f15225445f1d0aa4571349d000f22b3)
                         - authlib (Directory, 2c8af70afc2843f15dd80c32ff14969e)
                           - __init__.pyi (RegularFile, f3d7c74193e0a45c1ddc90e8eb763668)
                           - common (Directory, c4b2db0634a4614c29ba6ab80d793fdc)
                             - __init__.pyi (RegularFile, f571933bb948577b1f9f3076fb8fc7c6)
                             - encoding.pyi (RegularFile, c46a2c6223d38027df86a817a424e54b)
                             - errors.pyi (RegularFile, 2bdc988f97ec8179b2bcaeb168043931)
                             - security.pyi (RegularFile, 76e8db5eaa748d9cf81175d444cde80d)
                             - urls.pyi (RegularFile, 32217684cbbc85f1e9f2b7000deb8407)
                           - consts.pyi (RegularFile, 52234af1ef41e4d8ab69c59a43f29f85)
                           - deprecate.pyi (RegularFile, a28efbb9d4c0342ae0830aea5d440e80)
                           - integrations (Directory, bab0cc693272765c78c690e82872979d)
                             - __init__.pyi (RegularFile, f571933bb948577b1f9f3076fb8fc7c6)
                             - base_client (Directory, c20464cf940ccf88c4935e748e109d68)
                               - __init__.pyi (RegularFile, 3011bc04d250a3643bd9a9a7f9744f0c)
                               - async_app.pyi (RegularFile, c3db73afb6ce0d07be93a107cf98b2fa)
                               - async_openid.pyi (RegularFile, 5a2a1b8342f3d8c37d48ad64756fd338)
                               - errors.pyi (RegularFile, 62fc5f3dfa2d277cb015fed092c4e3c2)
                               - framework_integration.pyi (RegularFile, f3ea0be24806306b05ce67e704b1b7c0)
                               - registry.pyi (RegularFile, 04dffce6c5e1619eb34e24548ea7e462)
                               - sync_app.pyi (RegularFile, 5d608a5575f7789b5cfa3df7719e4d24)
                               - sync_openid.pyi (RegularFile, 19637b3144261f2382e3a210077a5041)
                           - jose (Directory, b51d75c040d37e717cad193d8b5713aa)
                             - __init__.pyi (RegularFile, 1a1ea739d60be2cf84b53f67fe5af73b)
                             - drafts (Directory, f6b4eb187b6062deccffbe0ca9a121b4)
                               - __init__.pyi (RegularFile, db03fed8c294a4dac1682de62bcd1a76)
                               - _jwe_algorithms.pyi (RegularFile, 86d9cfa5789f9110902ad8be64c89e16)
                               - _jwe_enc_cryptodome.pyi (RegularFile, 4fcbdc5eafc387dc440dbbb72e5c7475)
                               - _jwe_enc_cryptography.pyi (RegularFile, fd94325cd81552deb763d4116b5ada04)
                             - errors.pyi (RegularFile, 5ba74503423a548014b182710c473c12)
                             - jwk.pyi (RegularFile, b548614039d3a30b353227a9a1f57269)
                             - rfc7515 (Directory, 3189838807cfdeddc672670fa50292fb)
                               - __init__.pyi (RegularFile, 09527ee44568fe50dfcc8f9ff826df5a)
                               - jws.pyi (RegularFile, c3b2e960a0f1b6ea08ee658d06dc59ac)
                               - models.pyi (RegularFile, a9aded95e600d9605a2c586af4f50636)
                             - rfc7516 (Directory, c2d4ea5f7eec5b9b7adcb8a10fd41461)
                               - __init__.pyi (RegularFile, 8130039956fbcee06f738b54a00e62aa)
                               - jwe.pyi (RegularFile, 03a8c42b1599844d8eb25c2204e94b42)
                               - models.pyi (RegularFile, bd47a42021b208595e98a4e2f15cce1e)
                             - rfc7517 (Directory, 1f79923f981ed7a1a8de3fcafb52ab85)
                               - __init__.pyi (RegularFile, 36d95f3cfe2d631421cefbbf59c92ed3)
                               - _cryptography_key.pyi (RegularFile, 4a85d7c3fc90f69fdced681c80da30aa)
                               - asymmetric_key.pyi (RegularFile, 992ce03267681b8a91f80be754c345e9)
                               - base_key.pyi (RegularFile, e84f5aad0e395df04750a24aee26c524)
                               - jwk.pyi (RegularFile, be42a900dfa90d929dfea7f79949e569)
                               - key_set.pyi (RegularFile, 2cf0bd16cf808d4026a7b53284142c45)
                             - rfc7518 (Directory, 26d0d439ffb4f285f0fdd45744fc13b3)
                               - __init__.pyi (RegularFile, 05f1d1ddf9dc62507adea63035fc10ed)
                               - ec_key.pyi (RegularFile, ed4d4b92682c4318c0348fcb69683c8f)
                               - jwe_algs.pyi (RegularFile, 0574195012361d70cf817137dcbb4357)
                               - jwe_encs.pyi (RegularFile, 47f7eea6a5dbfcbd1545ca4ec600f446)
                               - jwe_zips.pyi (RegularFile, f847009a47c68ccee227b13ac41a1b0a)
                               - jws_algs.pyi (RegularFile, bbfe47ef1b09d37d867deed7373d27c2)
                               - oct_key.pyi (RegularFile, 3cabb7386919622a5385d51c2823f368)
                               - rsa_key.pyi (RegularFile, 327942d6a98f044c61b91a4b514dcd20)
                               - util.pyi (RegularFile, 627003cea6768f729b07dfe6d5f8d962)
                             - rfc7519 (Directory, c01671095c5a67c892594a3f705ec21f)
                               - __init__.pyi (RegularFile, 61d4889707d755867df50b9fbc71c479)
                               - claims.pyi (RegularFile, 79f951a8c9f9fe71af1a7f3cf2996745)
                               - jwt.pyi (RegularFile, 4543d4a748c5d47f5ac7be023ab95d58)
                             - rfc8037 (Directory, 5dbb78a998f43f53a295c5ab767d8801)
                               - __init__.pyi (RegularFile, 53b57ea42d7ecf9676d8cd56ce379456)
                               - jws_eddsa.pyi (RegularFile, 5adb320057403b885624ae5d8b0a5627)
                               - okp_key.pyi (RegularFile, f63c5c9807ca25b3cdc8b6a8ee421d3b)
                             - util.pyi (RegularFile, 5e553bdce965bcd8eeea3b34d42b6f5b)
                           - oauth1 (Directory, 55b28602f7830eb16fc715ac94b57a41)
                             - __init__.pyi (RegularFile, 84284495ee7e6c43073ec8d1a4ec0ce0)
                             - client.pyi (RegularFile, a9d5b3c9052eb6e24d65bb42422935af)
                             - errors.pyi (RegularFile, 28486972618b6fa2fcc40a335a24bf7a)
                             - rfc5849 (Directory, fcabe575969b5072245a2d1450fc062e)
                               - __init__.pyi (RegularFile, d6a1501a23e2a1dd7a04494324809ae9)
                               - authorization_server.pyi (RegularFile, ebf5563342efca9dcb4e082bdadf1379)
                               - base_server.pyi (RegularFile, 8070f6c1b8fb6d0e28b34d3b66db9540)
                               - client_auth.pyi (RegularFile, 8882c6f268a52041f2325d0b8adc6498)
                               - errors.pyi (RegularFile, 0f2b92cf1dfd47bd05405c2fe26f4bd1)
                               - models.pyi (RegularFile, aaf6d01e343e37ab1d21b52b49b6c9c8)
                               - parameters.pyi (RegularFile, 575c33ad770e14a31709e013e68309d9)
                               - resource_protector.pyi (RegularFile, 167bcc78ba63dc7029f74b7f6bad5045)
                               - rsa.pyi (RegularFile, 458bead1a312396800f712ea4241b303)
                               - signature.pyi (RegularFile, 83cfb53d18ed3ef9424a579062b14abf)
                               - util.pyi (RegularFile, e06744781f11febc416ab473b6986d5a)
                               - wrapper.pyi (RegularFile, 94869648794abf0e76450f28e4bc48da)
                           - oauth2 (Directory, ce6830d0c94a208c77bb68744d8f6c94)
                             - __init__.pyi (RegularFile, 1f834a6650db672d6715bb2b9d932eb8)
                             - auth.pyi (RegularFile, 0b8875e11ede6918a4def688b49215a7)
                             - base.pyi (RegularFile, 9bcdd9b6cad0b32eee6807f6aa01d9df)
                             - client.pyi (RegularFile, be9f6ac63b95a15c56d71cc7c668e48f)
                             - rfc6749 (Directory, 33edca80f4a68055c7ffa85732de1f31)
                               - __init__.pyi (RegularFile, 91be5bd98d800c63fa4ae1677494af49)
                               - authenticate_client.pyi (RegularFile, 3a50d7720982e66e40a8e0b230ee4b68)
                               - authorization_server.pyi (RegularFile, 2dd179cc43f6b7df3b7582d14157774f)
                               - errors.pyi (RegularFile, 51f9a6a6ecaae5ab309f5a6e81a78d31)
                               - grants (Directory, fb5e3ccc75e5e7f9d5571426b31aaff6)
                                 - __init__.pyi (RegularFile, 28c8d28a27d4e3f0c997aa51722e4a82)
                                 - authorization_code.pyi (RegularFile, 1ca445f361737078a28ece47a80cb104)
                                 - base.pyi (RegularFile, 90eca51defd8120f8b38c5e9d26b05ca)
                                 - client_credentials.pyi (RegularFile, 1bd8712e8d4ddf653c5feb03f6040149)
                                 - implicit.pyi (RegularFile, 6c31e6cd07e73b19ff41b37a29052170)
                                 - refresh_token.pyi (RegularFile, b5cecd387001f57fea42c41a28ee7836)
                                 - resource_owner_password_credentials.pyi (RegularFile, 5d02eb8b7b618cb2032a44f8de84ad7a)
                               - hooks.pyi (RegularFile, 3d7a134c1953e6c470d6d448519f1684)
                               - models.pyi (RegularFile, cbfdeed5227918532186a3e72a3846c5)
                               - parameters.pyi (RegularFile, 6910fa17c5f89d756ead41c86dc0d7d0)
                               - requests.pyi (RegularFile, 9d333fb6178d6dfb4dc901d3ca6d6163)
                               - resource_protector.pyi (RegularFile, 2c3cbf131c77fd6e236173c876d89dc0)
                               - token_endpoint.pyi (RegularFile, 0d6b8bb08ecd9168684dfb038a078ecb)
                               - util.pyi (RegularFile, fb591f4d94356b72337894d1fe426d00)
                               - wrappers.pyi (RegularFile, aa21f9fdd4c0df71ecc73708a4644940)
                             - rfc6750 (Directory, 5f232a5ad286c605c0cb721889478538)
                               - __init__.pyi (RegularFile, 0a3d793a510b3ad27ab7d12d7e5295ec)
                               - errors.pyi (RegularFile, a7016b5b78083a68365b2d18592b5189)
                               - parameters.pyi (RegularFile, 21e5f262b666fcb14f685f401b8caf1d)
                               - token.pyi (RegularFile, 8529077b36d402faa5de5315f1997352)
                               - validator.pyi (RegularFile, a5d010ba51240a93951cc704effa41a0)
                             - rfc7009 (Directory, cb1e29dbd69cf52efb773ffb4337a297)
                               - __init__.pyi (RegularFile, dc1f2593d3900375be66e6c5614bdc8b)
                               - parameters.pyi (RegularFile, 258cddb142f5352ef330bcebc211ffc2)
                               - revocation.pyi (RegularFile, 73704569bac147e03ad557f14329952b)
                             - rfc7521 (Directory, e07e4680bd7fcca6b5e743097dec121c)
                               - __init__.pyi (RegularFile, 1d8038e6a08453dce4de6b885422caac)
                               - client.pyi (RegularFile, 97d578467ddeacff04db076e589d8d03)
                             - rfc7523 (Directory, 4b63523feda297e1c138d44cfb36aaf2)
                               - __init__.pyi (RegularFile, c14a9475a398430f95d113242d406bb5)
                               - assertion.pyi (RegularFile, ca981976d57be805e1e0bfb0467a76fa)
                               - auth.pyi (RegularFile, 805d1a88bf7c0ac19df9bf70ddaafa53)
                               - client.pyi (RegularFile, 3e80aaf08f8e5b4fd7615b3137b082ce)
                               - jwt_bearer.pyi (RegularFile, eb59bb91a7bd92a214e2853d7807a09c)
                               - token.pyi (RegularFile, 374c6c0bbc8d1db12ba8a7f25a69573d)
                               - validator.pyi (RegularFile, 0882e7d149f93adeca0512dff52cbad7)
                             - rfc7591 (Directory, 4d37d2bf03fa22a7a4877da446a2de64)
                               - __init__.pyi (RegularFile, dd300aaf97712476a780770f8f73370a)
                               - claims.pyi (RegularFile, 3ff5d6e0832aa58bb3cf6b25d43213f5)
                               - endpoint.pyi (RegularFile, fade8a34ccf8d905aa73459943008122)
                               - errors.pyi (RegularFile, 5a3ec76976e55d7755dbe6fd6b04429e)
                             - rfc7592 (Directory, 7cc15700e037d80e251f75cffc80671c)
                               - __init__.pyi (RegularFile, 163feb8ff78b3a58cb0e7391ff42e94d)
                               - endpoint.pyi (RegularFile, 5ecaa3afdad6073696ee7f31134a28a1)
                             - rfc7636 (Directory, 2a63ec5eecd286c35632d4d550c4b805)
                               - __init__.pyi (RegularFile, d73ecd1a3804c6635f88ec0f144036c0)
                               - challenge.pyi (RegularFile, 883d7aa35cc920ec5ab2ff1ff5fc0933)
                             - rfc7662 (Directory, 2237bb87c845436474c47169d05187e8)
                               - __init__.pyi (RegularFile, 1ad1e8353b3338ad416a763e8f901dbd)
                               - introspection.pyi (RegularFile, 347993c4e9449881f447f2b02f05615f)
                               - models.pyi (RegularFile, 450c395aed0f509ead1427407874afdb)
                               - token_validator.pyi (RegularFile, 48fc8e1ce36de55c35b3aba1689f3686)
                             - rfc8414 (Directory, 3895052ba1eb73d11f755a7a1e1d622d)
                               - __init__.pyi (RegularFile, 44206318309d3bd78f17ad932baa9d59)
                               - models.pyi (RegularFile, 8648a33c80ac15d01e3773e7e24e9aa2)
                               - well_known.pyi (RegularFile, dc9ba001dd724bbcad7f325fd02d3376)
                             - rfc8628 (Directory, ec4f355acbc8b875ac18793da61d720f)
                               - __init__.pyi (RegularFile, 86e95f99f2f09d60d53dbe33904854ea)
                               - device_code.pyi (RegularFile, a7903c0003540d9a74bd2a4eb2ff1b1f)
                               - endpoint.pyi (RegularFile, b3cc9375c613521f69a9029d2f963f07)
                               - errors.pyi (RegularFile, a93dbecc2976aff7d63780b91a8c2684)
                               - models.pyi (RegularFile, 7b624f0702b779ba238e55f93392be88)
                             - rfc8693 (Directory, a1bc231b0126f5fc50663a4f6115f629)
                               - __init__.pyi (RegularFile, f571933bb948577b1f9f3076fb8fc7c6)
                             - rfc9068 (Directory, a2c2d69525c64e661c6da5ce11ae2ae6)
                               - __init__.pyi (RegularFile, d7f40f9d42ec793657da88284fe8c8b9)
                               - claims.pyi (RegularFile, fba22d449240b2c8493fb67a911e5e92)
                               - introspection.pyi (RegularFile, a077ff7a6d651c93b5ea26ae4cdbe187)
                               - revocation.pyi (RegularFile, 6d49ec90215eae59622f79f9bc1e573b)
                               - token.pyi (RegularFile, a714ca5432a8ab9a248bb6fe7e6ae9d1)
                               - token_validator.pyi (RegularFile, 77f6c56fd66ff7c635436831475db69c)
                             - rfc9101 (Directory, 1f02e317ab9bc4d5a33bc26cfc637be4)
                               - __init__.pyi (RegularFile, 9d441f5040bf1b949ef6a0a956494f40)
                               - authorization_server.pyi (RegularFile, 918ba7a26962e6dc7a0aee81d39ad4c8)
                               - discovery.pyi (RegularFile, 288336bbff5fd0eaaf07b5c5877c830b)
                               - errors.pyi (RegularFile, 3c1e7ab3e77cd3040bee78cb8170223c)
                               - registration.pyi (RegularFile, b97dc6741fbaf2872eb4940473fcc546)
                             - rfc9207 (Directory, 26b411ce1e2f5dc97a2c5bc5ec6d77fb)
                               - __init__.pyi (RegularFile, 5734e16620b02eb8cb08526de9bbcc0b)
                               - parameter.pyi (RegularFile, ca4f80117baf3da227f7210da3386544)
                           - oidc (Directory, f2927495c54db7cac7059e19e698cb39)
                             - __init__.pyi (RegularFile, f571933bb948577b1f9f3076fb8fc7c6)
                             - core (Directory, d1ff879d88b6c577be37d624641be71c)
                               - __init__.pyi (RegularFile, 6e73cc868ff1fdab48ccffe41fbbe529)
                               - claims.pyi (RegularFile, 45b7990e3cfae49d32501cc520300ce7)
                               - errors.pyi (RegularFile, 046bde39fe4bb1f12179b69e4f8425b5)
                               - grants (Directory, 65c00e0869369bbe5a49cd2ab5b8c5b4)
                                 - __init__.pyi (RegularFile, c873b25a823bd9720ad685846a03f4da)
                                 - code.pyi (RegularFile, ac858e5017ca4272ee7cbbff549182cb)
                                 - hybrid.pyi (RegularFile, 9aa48e0a4e7137b56fc982e02281cfc8)
                                 - implicit.pyi (RegularFile, aef019396b5d288e58204e271fe91331)
                                 - util.pyi (RegularFile, ad96f4c6d7c7117525150face6324d38)
                               - models.pyi (RegularFile, 9d7209561db24c982384617271e8cab0)
                               - userinfo.pyi (RegularFile, 2948bcd7b6eabcc6e7af0b6338b0a1df)
                               - util.pyi (RegularFile, 03a31c7131433b8e9c343f7cb64ddf1a)
                             - discovery (Directory, 91bb4cb3daf54cbdbbe68bdea3761af8)
                               - __init__.pyi (RegularFile, e3e609792cf40cdb849c76518dc139b5)
                               - models.pyi (RegularFile, 29c8f54db9e9c7852c369afe9d74149d)
                               - well_known.pyi (RegularFile, ff14a61ec3d143ff08bfb41f65e2c9ca)
                             - registration (Directory, 16a18024cd08b9f8090c31e13c24d4ce)
                               - __init__.pyi (RegularFile, 7e0db6d01273ca2cb5386ea48d337492)
                               - claims.pyi (RegularFile, c5472bf2aea41fcdcd9884e9decc3d03)
                         - METADATA.toml (RegularFile, cb7ec2bbca78031a2acb59bdf569968b)
                       - aws-xray-sdk (Directory, bceae14550d3461b38b377270f7af7cb)
                         - @tests (Directory, 9d186fa6140a03baa3d41bfd77ca1340)
                           - stubtest_allowlist.txt (RegularFile, 39788d3576e56a553a495dfef51a3bd3)
                         - aws_xray_sdk (Directory, 7ebeafa47cb964758604ea4c575e5aed)
                           - __init__.pyi (RegularFile, eed0de134708f8b568264cfd45cb33ad)
                           - core (Directory, 819df70a4b8541ce98dc5d7e16e73157)
                             - __init__.pyi (RegularFile, d03d5a21a65bcd2f7f7d32f0f43e70b0)
                             - async_context.pyi (RegularFile, 6b2eb576143cde1367ce435517fae2ba)
                             - async_recorder.pyi (RegularFile, d972d92b4fba4f482d100a65e368b403)
                             - context.pyi (RegularFile, 3b89f647ff0be9eb256adacb41a478d3)
                             - daemon_config.pyi (RegularFile, 44e32163e1a40501564ecdb55dc5cb44)
                             - emitters (Directory, 95673c5182818630bd6eba6440698300)
                               - __init__.pyi (RegularFile, f571933bb948577b1f9f3076fb8fc7c6)
                               - udp_emitter.pyi (RegularFile, 6d585437de2cd293778cee10e98440ff)
                             - exceptions (Directory, cb3e7e15b7635b2a14343580ae32c107)
                               - __init__.pyi (RegularFile, f571933bb948577b1f9f3076fb8fc7c6)
                               - exceptions.pyi (RegularFile, 39436cfc27e8809c2a14328f087ea9cf)
                             - lambda_launcher.pyi (RegularFile, 187fa9c8c2cb78058232dd7586e4cbda)
                             - models (Directory, 046dd048f74205b8529bc478d42590df)
                               - __init__.pyi (RegularFile, f571933bb948577b1f9f3076fb8fc7c6)
                               - default_dynamic_naming.pyi (RegularFile, 920ae44b8fb348da81a92cc48b66a8e5)
                               - dummy_entities.pyi (RegularFile, 21230f115a814a07bfdb52e988c99af3)
                               - entity.pyi (RegularFile, f4784811d11438433146d729f4ddc5b7)
                               - facade_segment.pyi (RegularFile, 6ac7791f00488877d9c97c773eda4d73)
                               - http.pyi (RegularFile, 1c0a548b6659dab17adaf34f42429a64)
                               - noop_traceid.pyi (RegularFile, af714d07566db3234c2a63cbadaec07d)
                               - segment.pyi (RegularFile, dcc54ba0b8ae75209c60cf5086aa8f88)
                               - subsegment.pyi (RegularFile, 5506ead7fef8e34cecc4a824275283d6)
                               - throwable.pyi (RegularFile, b9a2298bdfc2732595be3a294fedf2d5)
                               - trace_header.pyi (RegularFile, a6ef9c2f8e009400483d44bef7b2cbe6)
                               - traceid.pyi (RegularFile, a4bc95a472aa065bdbbfb1981fbb3a50)
                             - patcher.pyi (RegularFile, a6626c19cdd7bfd82cbf1a0ca3c856bd)
                             - plugins (Directory, 6a51fd23e282bdd15ae0a1633c5f45d0)
                               - __init__.pyi (RegularFile, f571933bb948577b1f9f3076fb8fc7c6)
                               - ec2_plugin.pyi (RegularFile, 2844ee0a38a5fa8a2387ea61f3365586)
                               - ecs_plugin.pyi (RegularFile, 471e90da12863d85e6c9f0bc1ff7ac02)
                               - elasticbeanstalk_plugin.pyi (RegularFile, 83fb6f2187d705658cb5fe497fad243f)
                               - utils.pyi (RegularFile, 833ef901e7b3e27b35356653a9668785)
                             - recorder.pyi (RegularFile, 468453d638a77c04fba9aa27fb5aa53c)
                             - sampling (Directory, 89c74edbf4d89ac57717f17417c89599)
                               - __init__.pyi (RegularFile, f571933bb948577b1f9f3076fb8fc7c6)
                               - connector.pyi (RegularFile, 8275f4d6afdbb98fe80d3c8574cbbe8e)
                               - local (Directory, a8131e1b4c097cf591f77fcd1adb4227)
                                 - __init__.pyi (RegularFile, f571933bb948577b1f9f3076fb8fc7c6)
                                 - reservoir.pyi (RegularFile, eeffd7e92835aff0170189f776d3bf8a)
                                 - sampler.pyi (RegularFile, 7733b7b498495cf1937583f1515137d3)
                                 - sampling_rule.pyi (RegularFile, 47e7e8e23214a7434c7f4e9258616b61)
                               - reservoir.pyi (RegularFile, 4e4e9e38216753d09d3d5b6e632338fb)
                               - rule_cache.pyi (RegularFile, 4908e8e1b8b0081b6836b01c9319ad50)
                               - rule_poller.pyi (RegularFile, 1abe13ce132c45aaddbb533379a4ca4e)
                               - sampler.pyi (RegularFile, 8886e1bdf26872f5b2164f009559057d)
                               - sampling_rule.pyi (RegularFile, 583310b65419eb4fd4feeb179c31d482)
                               - target_poller.pyi (RegularFile, 0501c7e74b43d3c2d281003a2bb42355)
                             - streaming (Directory, e333a5cdccdb04c9221c95ac3fd7254b)
                               - __init__.pyi (RegularFile, f571933bb948577b1f9f3076fb8fc7c6)
                               - default_streaming.pyi (RegularFile, b5b2f607f00d38311585b1dbe8724083)
                             - utils (Directory, d779c734adc15ade152b0bef15d70431)
                               - __init__.pyi (RegularFile, f571933bb948577b1f9f3076fb8fc7c6)
                               - atomic_counter.pyi (RegularFile, 354a16ea9491727ed9c0e35bd5de0ce2)
                               - compat.pyi (RegularFile, b8435b5509c93c630e52f1b4f1c55128)
                               - conversion.pyi (RegularFile, 5e585b4d7ce4ea85f71305cb87bc813f)
                               - search_pattern.pyi (RegularFile, 40d2168e2c5c47f0834d23f6c5d2509e)
                               - sqs_message_helper.pyi (RegularFile, 0b22b51865cc44bdc4d1aa9cba85e3f3)
                               - stacktrace.pyi (RegularFile, c77f5e876047142d9b781957a970b5f6)
                           - ext (Directory, 2301d5014f8b8210fdaa94ba6cbc44e3)
                             - __init__.pyi (RegularFile, f571933bb948577b1f9f3076fb8fc7c6)
                             - aiobotocore (Directory, b312643c5986705b564f0185f5b83125)
                               - __init__.pyi (RegularFile, 5c0ff512b5fcceb0c3b1371b40426813)
                               - patch.pyi (RegularFile, 944d7723e075eb6beab1842ff1eb5117)
                             - aiohttp (Directory, 21ed1861655adec0be7862d988dcaaa5)
                               - __init__.pyi (RegularFile, f571933bb948577b1f9f3076fb8fc7c6)
                               - client.pyi (RegularFile, a9f3b7b40c926ec6809c734f883eca99)
                               - middleware.pyi (RegularFile, b30f805bc3297f8b639b481a968d342d)
                             - boto_utils.pyi (RegularFile, 943c1ec20b0d8423009516f40b1b2e55)
                             - botocore (Directory, b312643c5986705b564f0185f5b83125)
                               - __init__.pyi (RegularFile, 5c0ff512b5fcceb0c3b1371b40426813)
                               - patch.pyi (RegularFile, 944d7723e075eb6beab1842ff1eb5117)
                             - bottle (Directory, 37fa526827465f22dfb5d60cb23c7e87)
                               - __init__.pyi (RegularFile, f571933bb948577b1f9f3076fb8fc7c6)
                               - middleware.pyi (RegularFile, d3495c70e4034af8f52f4c853b8d913d)
                             - dbapi2.pyi (RegularFile, 4fe6a8ed0de4fa4c40ff87927fb35123)
                             - django (Directory, c894f9498c2ca7cae1e66f36475db08e)
                               - __init__.pyi (RegularFile, 40fd6decb972742dc811658d11db9f20)
                               - apps.pyi (RegularFile, c242d1daf6eef951c3322313086ea5ac)
                               - conf.pyi (RegularFile, 06f912fad599e80643e1c3d48a899691)
                               - db.pyi (RegularFile, c8b439575616b5cf8da935a2c90d998c)
                               - middleware.pyi (RegularFile, cc23f212d2fe8bd645b013f7aa81e62f)
                               - templates.pyi (RegularFile, 82bbcebd22103f66c0b41e7dcbde7c3a)
                             - flask (Directory, c20d5c5cef51afe5c2094cc40e495781)
                               - __init__.pyi (RegularFile, f571933bb948577b1f9f3076fb8fc7c6)
                               - middleware.pyi (RegularFile, fc4f8bcfaf3e7d057fdb53f8e446a8bc)
                             - flask_sqlalchemy (Directory, 5e5c467834761cfc711bc7af08d1f346)
                               - __init__.pyi (RegularFile, f571933bb948577b1f9f3076fb8fc7c6)
                               - query.pyi (RegularFile, 764b370988a91d1dd509106ac9c19d55)
                             - httplib (Directory, 86323b7a22d81b1671cf17f7cc1b914a)
                               - __init__.pyi (RegularFile, 3f64623dd7672142d12c779d51234bba)
                               - patch.pyi (RegularFile, 7313c98ef2aee152baec61c1f44538bc)
                             - httpx (Directory, e9d5ba4f5059c077fc55503c9c82ef95)
                               - __init__.pyi (RegularFile, 5c0ff512b5fcceb0c3b1371b40426813)
                               - patch.pyi (RegularFile, f2213284505ffc04c76ef775547e7cc4)
                             - mysql (Directory, 30621531a38aa515549fda8d35534932)
                               - __init__.pyi (RegularFile, 5c0ff512b5fcceb0c3b1371b40426813)
                               - patch.pyi (RegularFile, 6e9a8cdf060b90a72f3b93ca438e7e0f)
                             - pg8000 (Directory, 9ccf272fa37b487b0e4073a1d4065959)
                               - __init__.pyi (RegularFile, 598fa12d0f477d10b32fa798b393a46a)
                               - patch.pyi (RegularFile, a8670f374a45cc2629c8115b79d998a6)
                             - psycopg2 (Directory, b312643c5986705b564f0185f5b83125)
                               - __init__.pyi (RegularFile, 5c0ff512b5fcceb0c3b1371b40426813)
                               - patch.pyi (RegularFile, 944d7723e075eb6beab1842ff1eb5117)
                             - pymongo (Directory, b2c1a9090c476f127075aa8ee2a2708b)
                               - __init__.pyi (RegularFile, 5c0ff512b5fcceb0c3b1371b40426813)
                               - patch.pyi (RegularFile, b566e3b80404d80677c43f7123769c88)
                             - pymysql (Directory, 1da212354c746259474443bdcad848c1)
                               - __init__.pyi (RegularFile, 598fa12d0f477d10b32fa798b393a46a)
                               - patch.pyi (RegularFile, a8b5901d88fb72cb0dac94b9371492a5)
                             - pynamodb (Directory, b6fe6b94ece2de9cecb2a38d78d28be0)
                               - __init__.pyi (RegularFile, 5c0ff512b5fcceb0c3b1371b40426813)
                               - patch.pyi (RegularFile, 21020aa125d8fd70b78fd9f5952e6192)
                             - requests (Directory, aea8a9df79f56308523af01e04d1514f)
                               - __init__.pyi (RegularFile, 5c0ff512b5fcceb0c3b1371b40426813)
                               - patch.pyi (RegularFile, 8deb35617c7252066184ef522714e791)
                             - sqlalchemy (Directory, 4e66e5498054a4d2564404f57b28d34a)
                               - __init__.pyi (RegularFile, f571933bb948577b1f9f3076fb8fc7c6)
                               - query.pyi (RegularFile, 524fd55061cc629647e142a7818f017f)
                               - util (Directory, acf756477368ffa5d70a842f4b2d95fa)
                                 - __init__.pyi (RegularFile, f571933bb948577b1f9f3076fb8fc7c6)
                                 - decorators.pyi (RegularFile, a3a79ef4fa84f4f3ae0f5a8bbb0c9942)
                             - sqlalchemy_core (Directory, 9ccf272fa37b487b0e4073a1d4065959)
                               - __init__.pyi (RegularFile, 598fa12d0f477d10b32fa798b393a46a)
                               - patch.pyi (RegularFile, a8670f374a45cc2629c8115b79d998a6)
                             - sqlite3 (Directory, f0d4dbcc51979df4779f6acb7cd2b65d)
                               - __init__.pyi (RegularFile, 5c0ff512b5fcceb0c3b1371b40426813)
                               - patch.pyi (RegularFile, 650924e73319aac74e39ed306a06c986)
                             - util.pyi (RegularFile, 9af93e2b3dd99d6b9e3e2e0bcd8e0790)
                           - sdk_config.pyi (RegularFile, 1c63cbb4014ebbfbd30b7957f15cc184)
                           - version.pyi (RegularFile, 7c5d96baddd8faf0ec19819f881f6dec)
                         - METADATA.toml (RegularFile, 7aac27ac6e5393d6908491315c4773c0)
                       - binaryornot (Directory, a4c0765454b459b1baebee85b8f97fc4)
                         - @tests (Directory, 3e892ff756f3ae6565b36402bc985dd2)
                           - stubtest_allowlist.txt (RegularFile, c54630ebf390512ccf205c45b19f8277)
                         - binaryornot (Directory, 11badec9e8b07097843d6ee7417b4fa3)
                           - __init__.pyi (RegularFile, 17e2568679eb52d52331e1582816f4d7)
                           - check.pyi (RegularFile, 84b8f7e7dff66de243d9c05c2a362da5)
                           - helpers.pyi (RegularFile, 75cc51e5874e4ac85db72463ebdc4360)
                         - METADATA.toml (RegularFile, dfc474348874e3e59a64bc720346d3f3)
                       - bleach (Directory, b375e896ece03716887186c423ae2cf2)
                         - @tests (Directory, 2fc831965671bec6d0800958691354e8)
                           - stubtest_allowlist.txt (RegularFile, 66264f3798cc91c3669bc1390fcb21e5)
                         - bleach (Directory, 26233d0eb04c50a9b05a69d127fa6a6d)
                           - __init__.pyi (RegularFile, 75271c2f73eb677091680cfeffceaaa2)
                           - callbacks.pyi (RegularFile, f1fee9e2a8a98e7b16aa199284cc41d2)
                           - css_sanitizer.pyi (RegularFile, ec2232959a02315e34ebf06417cf8cbe)
                           - html5lib_shim.pyi (RegularFile, 63fb38911e71ea91a40e4a763caa9d61)
                           - linkifier.pyi (RegularFile, b39a23b0ac9df056ae72b4daef161f45)
                           - parse_shim.pyi (RegularFile, 911aa050773aacbf6c6594a7b7da7e85)
                           - sanitizer.pyi (RegularFile, b5b3b2200b14acfd5b0a10814f36cd81)
                         - METADATA.toml (RegularFile, 83c9a08935d8d3a062e53566b618ed8a)
                       - boltons (Directory, 3a70875408320d5f6594e7e80e345a79)
                         - @tests (Directory, 3dc035709b1a2ef6da508cf4ae0aefd6)
                           - stubtest_allowlist.txt (RegularFile, 165b74b3d60b8cffac5b2a63dad79d0a)
                         - boltons (Directory, c7497fa6c328dccb7f0cff32622fb263)
                           - __init__.pyi (RegularFile, f571933bb948577b1f9f3076fb8fc7c6)
                           - cacheutils.pyi (RegularFile, ec2238a32f83a0f37e1352a332607064)
                           - debugutils.pyi (RegularFile, b7a11736c21b61846e12a33d45292172)
                           - deprutils.pyi (RegularFile, 502ddbdfaab53c8f0dc7bc57a3b877ba)
                           - dictutils.pyi (RegularFile, a59da50505e1e92ccfff314950b2a408)
                           - easterutils.pyi (RegularFile, 91133a6a6a672a27561cd4e1e1effb29)
                           - ecoutils.pyi (RegularFile, 3367ca5954470bd97cea0924d200354b)
                           - excutils.pyi (RegularFile, d207c955977594057e91c7152d72a1f9)
                           - fileutils.pyi (RegularFile, 1db9c860f1aa0aa37d1931c6564d11b3)
                           - formatutils.pyi (RegularFile, 33ccc7435a4083e3a0b1967259c199d9)
                           - funcutils.pyi (RegularFile, e908abc2c063bd35042ac4de4854d0db)
                           - gcutils.pyi (RegularFile, 542b0f475a1f6f11e96132605249014a)
                           - ioutils.pyi (RegularFile, 19d21096d9c686ed98be2c3d55573c85)
                           - iterutils.pyi (RegularFile, fc5f2874d0c52a8ce4f2b8809357608b)
                           - jsonutils.pyi (RegularFile, a62afccb0fb8985d8fa4230f2fa6916f)
                           - listutils.pyi (RegularFile, 20289d0f688c2f3bf7bfdf5e766f6065)
                           - mathutils.pyi (RegularFile, 99302476d435da5f6f8ab4b60a12943a)
                           - mboxutils.pyi (RegularFile, 7feedfca2b62a40a0a79dce73f1c72d0)
                           - namedutils.pyi (RegularFile, f0541fca4ad85f06ee25f1654e4ff8af)
                           - pathutils.pyi (RegularFile, e19520acc7a8838588e43d911f1f2c87)
                           - queueutils.pyi (RegularFile, 5af07ce25ed49dc37387b539ad7d2eb2)
                           - setutils.pyi (RegularFile, 4e68da1827a3f771b45a9ccd477f0a8e)
                           - socketutils.pyi (RegularFile, c923eb49a75eb5eb37e81cdc4c09b341)
                           - statsutils.pyi (RegularFile, 8cc2fd93092def86a5088c45c9b1c072)
                           - strutils.pyi (RegularFile, d9d3446dde5ffa7a141eb50f5d97bfb0)
                           - tableutils.pyi (RegularFile, ca60395f0702fc93b099d1ce9a10c934)
                           - tbutils.pyi (RegularFile, c25e1a95b29f9d57d5024ee060b267d3)
                           - timeutils.pyi (RegularFile, 6ea33af25604dcd3b660f05a254d3e19)
                           - typeutils.pyi (RegularFile, 6900be2ee0534002849f276f88793e2b)
                           - urlutils.pyi (RegularFile, 631dcf9c36e12c04b32457bc970f3d9f)
                         - METADATA.toml (RegularFile, eb9cc1fb7f868d698f73edbaea339a44)
                       - braintree (Directory, 78c2728245f5a3998c0a75dcfbaaaef2)
                         - @tests (Directory, 29b884bef0dd71a2ca537e957c62499a)
                           - stubtest_allowlist.txt (RegularFile, a80bf082003c91556dbc843be28879d0)
                         - braintree (Directory, 31d0ab4561906d08c3f59c292aa9a91f)
                           - __init__.pyi (RegularFile, c33bba9b8c8a6e291c2d88450b1c01e8)
                           - account_updater_daily_report.pyi (RegularFile, 608b538443ee2fba3f0043657c3391b2)
                           - ach_mandate.pyi (RegularFile, fa395450bf8d0f2b8883e4ad738f337f)
                           - add_on.pyi (RegularFile, ea30c41052d7c41e7f8c31e091ee637d)
                           - add_on_gateway.pyi (RegularFile, 12f3e903df2ade49be6baeee98f682b3)
                           - address.pyi (RegularFile, 0b443a4df2ea342da59e56cbb5ae63ec)
                           - address_gateway.pyi (RegularFile, 81e86f69f5fa2a7b5181be02f8aeaeee)
                           - amex_express_checkout_card.pyi (RegularFile, 4d62b59e188aff4acfb38caf0733dc84)
                           - android_pay_card.pyi (RegularFile, 482413fe834e90b1c864d04df49ed865)
                           - apple_pay_card.pyi (RegularFile, 26c365a4ce3fe0f56c57a57f388fba88)
                           - apple_pay_gateway.pyi (RegularFile, 8e19a16204f1d53f01dbb864488dc8aa)
                           - apple_pay_options.pyi (RegularFile, 6204f6de4a7ccb77487bce57e8fef339)
                           - attribute_getter.pyi (RegularFile, 05c355f38e45877c5f7c29baa455db20)
                           - authorization_adjustment.pyi (RegularFile, 5968062305334ef8d8416d8ccd5b8b90)
                           - bin_data.pyi (RegularFile, 6c6d152bed6622d7ec5731521704f3e3)
                           - blik_alias.pyi (RegularFile, 9c62554a52e08142a9047884f1a1cf9a)
                           - braintree_gateway.pyi (RegularFile, ca3d5a462caacb9f89c920ca33ca972d)
                           - client_token.pyi (RegularFile, a43b3d715482f9e469827433d9f6d0b8)
                           - client_token_gateway.pyi (RegularFile, 6111ce60633a6d9329edfb7451f0d9ce)
                           - configuration.pyi (RegularFile, 8dd7780f3bde7b1b6b95a07f103f049e)
                           - connected_merchant_paypal_status_changed.pyi (RegularFile, 708c75678a5c6abedbaa66a19ca366b0)
                           - connected_merchant_status_transitioned.pyi (RegularFile, 9e2079c79fe2a4c9878c967b32a138df)
                           - credentials_parser.pyi (RegularFile, d481ad8a6b668b6b3fc64aa4b415df61)
                           - credit_card.pyi (RegularFile, 2b87b8b5eb7f3b6690f8b161012a2abf)
                           - credit_card_gateway.pyi (RegularFile, ecd58373cb10ebfc5ecd14639815afb7)
                           - credit_card_verification.pyi (RegularFile, 6385b45259e02d52006692bc3910fc18)
                           - credit_card_verification_gateway.pyi (RegularFile, 663cbbebbcd5ce9f71aed496c9c3167c)
                           - credit_card_verification_search.pyi (RegularFile, 28510b9da45fa3b1865d153af8dc97a9)
                           - customer.pyi (RegularFile, e68351737524768abb0c2b6d96361c78)
                           - customer_gateway.pyi (RegularFile, 7b518617d01f2541ac8f03238e55b035)
                           - customer_search.pyi (RegularFile, 824cc3053afcbd41e8563d90d1cc0ba3)
                           - customer_session_gateway.pyi (RegularFile, 44618cbff445443169781f9588d8031b)
                           - descriptor.pyi (RegularFile, 6a6d33481c964f8856f5065ea4ce796d)
                           - disbursement.pyi (RegularFile, 4fdc7d68268847071138ab9282f1c989)
                           - disbursement_detail.pyi (RegularFile, 4ce9e9270fa9cabeabac2713165850e8)
                           - discount.pyi (RegularFile, 2ecafff50340f4c4c6c3811675bb9651)
                           - discount_gateway.pyi (RegularFile, 7f6ec5a149ac1a85faf7d0f9989e9c6b)
                           - dispute.pyi (RegularFile, f8ae8675990401abf431f17de0a5c7d0)
                           - dispute_details (Directory, ceb827fa374b1cdee07c91d639bc5e62)
                             - __init__.pyi (RegularFile, f03bfa8b6d963e223db3ae5f0fbbf3a6)
                             - evidence.pyi (RegularFile, 0a69c67ac630dda74d8aa91be0302c6e)
                             - paypal_message.pyi (RegularFile, 39930e4afe28bda2e980501194baaa91)
                             - status_history.pyi (RegularFile, a64c49538a3d74e0695b14c074bbb73b)
                           - dispute_gateway.pyi (RegularFile, d9cee05684543e51b0507dbb4f6ce672)
                           - dispute_search.pyi (RegularFile, 4729c23c06e23f794d3b0ac83a42b873)
                           - document_upload.pyi (RegularFile, a7d94d3c84ac8e005aa26fa2f07b24a1)
                           - document_upload_gateway.pyi (RegularFile, c7a43071c2c6ca5d6624eaecf92792f2)
                           - enriched_customer_data.pyi (RegularFile, 5ce5901dc92c247681d30838ab418905)
                           - environment.pyi (RegularFile, e9b4c02b0bf61bcf9c7deb0cb93b2438)
                           - error_codes.pyi (RegularFile, e134e07560e4b057c479d2e7da8e5136)
                           - error_result.pyi (RegularFile, 606e7b620c1d4222aa126d413fa03a72)
                           - errors.pyi (RegularFile, 24bc6d131cab4b50c49351379b2c2864)
                           - europe_bank_account.pyi (RegularFile, 1d93e35689ff956b084ab810132b2f04)
                           - exceptions (Directory, e03f49bac4e17686af85bedced07e6f0)
                             - __init__.pyi (RegularFile, 7a2ada0e23bb2d43a3812d280b2230ed)
                             - authentication_error.pyi (RegularFile, ffdaff6a6914d77eb6e98522130a4228)
                             - authorization_error.pyi (RegularFile, 62148e8c4ebad9778551bb552d84371e)
                             - braintree_error.pyi (RegularFile, 6908507ccf5b1911746f377ac4361d2c)
                             - configuration_error.pyi (RegularFile, b4e4f13a122f91b6101f10c91583c831)
                             - gateway_timeout_error.pyi (RegularFile, 9537065db8e521d470b585b19802bd90)
                             - http (Directory, 607010a9d2c802df8edb5719bef9f795)
                               - __init__.pyi (RegularFile, c06f6bcb0c563dfd6627e170b5ddc6ee)
                               - connection_error.pyi (RegularFile, fc9f9cbcd7fdd1ebbf36e6dcd5f8ae0e)
                               - invalid_response_error.pyi (RegularFile, 025944fb206ca30afa56cd385a2ab04a)
                               - timeout_error.pyi (RegularFile, 756818da4640826e31c04748b95ea836)
                             - invalid_challenge_error.pyi (RegularFile, cafa4d6a6f6743bd0b2270dc8ff7e102)
                             - invalid_signature_error.pyi (RegularFile, 8a8c49154e85e3b75e36d46440e1a566)
                             - not_found_error.pyi (RegularFile, 28905b15197fa5a101d49216ba53a168)
                             - request_timeout_error.pyi (RegularFile, 271e7b1cd3a76c636f983c8669b9a60c)
                             - server_error.pyi (RegularFile, b2ff90281ecdbf6864afe682445259e7)
                             - service_unavailable_error.pyi (RegularFile, f535d0c1b95f5fb26f03bdb1e849286a)
                             - test_operation_performed_in_production_error.pyi (RegularFile, 75ddf883401372f10ff85aafa35e1a42)
                             - too_many_requests_error.pyi (RegularFile, 3f5034160cf22102e2147b7f1a241da2)
                             - unexpected_error.pyi (RegularFile, 4fe088d6d70fd1fbe6ca8cc11bf9abfe)
                             - upgrade_required_error.pyi (RegularFile, ea1009b3e8f29c27f3bda861cd31fa13)
                           - exchange_rate_quote.pyi (RegularFile, 923e6fbc640abb1afea0b09c73af38e6)
                           - exchange_rate_quote_gateway.pyi (RegularFile, f0f59f2371499396ff6478d52625e298)
                           - exchange_rate_quote_input.pyi (RegularFile, 784c8f302f6905219cf4166c7bc73879)
                           - exchange_rate_quote_payload.pyi (RegularFile, 7e16ae1c8cbf7cbdb4cebbb7fbdf135e)
                           - exchange_rate_quote_request.pyi (RegularFile, e8000776a6db598939495ef16ca100b2)
                           - facilitated_details.pyi (RegularFile, f8644fed112beb94993f9a1edb1eca21)
                           - facilitator_details.pyi (RegularFile, a44227d9816dad6f9e096d581fd3cd64)
                           - granted_payment_instrument_update.pyi (RegularFile, e069b156913c246b886b5d2d73b5379b)
                           - graphql (Directory, 65de10b3c0f9645f052691bb12ac3036)
                             - __init__.pyi (RegularFile, 5da0054040cbe45b7c924829b41e6550)
                             - enums (Directory, b6e1f17182c09487ed2bee4c21e0baa8)
                               - __init__.pyi (RegularFile, 4b51b11f1d88bbe7f3baf16f2cd31e98)
                               - recommendations.pyi (RegularFile, b79007b7dc044133779df8e10ef53f6f)
                               - recommended_payment_option.pyi (RegularFile, 6d493b3c16abce0698c00e4bbb468645)
                             - inputs (Directory, ccbeebc6a07d9c9f3dfa5beddf42d5f7)
                               - __init__.pyi (RegularFile, 658b41b8a00d02424a1f0b48b1b81f92)
                               - create_customer_session_input.pyi (RegularFile, 7fb9c48ff937d48d83523c25f5d27453)
                               - customer_recommendations_input.pyi (RegularFile, 8bcaf68beccb0b8c5eac4c5ccddeeee8)
                               - customer_session_input.pyi (RegularFile, 38b6134990b7d518bcbcbfe8c274ea7c)
                               - monetary_amount_input.pyi (RegularFile, 3c4c625861e7f0b148052c0a78423f25)
                               - paypal_payee_input.pyi (RegularFile, 49939acd78ca1f617358feeb6eb00762)
                               - paypal_purchase_unit_input.pyi (RegularFile, aa8e3eba0150983ab7e09599fd525148)
                               - phone_input.pyi (RegularFile, de8c029c7cce0702f85f60b400d3d030)
                               - update_customer_session_input.pyi (RegularFile, 521398a2598c00b5f7765bc84070936d)
                             - types (Directory, 93e24c9d3ccc955c0a5f2996278b3a2b)
                               - __init__.pyi (RegularFile, b4dc796ec49c6d715bd43e58768d9f06)
                               - customer_recommendations_payload.pyi (RegularFile, 2d12035797ac5910566029cebc5c93ea)
                               - payment_options.pyi (RegularFile, 40b5e956075032d93917a7d63d9e49ac)
                               - payment_recommendation.pyi (RegularFile, 9823a100d61028031aa3f3071e621961)
                             - unions (Directory, 44edf07d7fe260613732e630134c0575)
                               - __init__.pyi (RegularFile, 220cd17df3a306e6fdf929eec9ce1e76)
                               - customer_recommendations.pyi (RegularFile, 6586e026e5953b89b69e381ed8bb62eb)
                           - iban_bank_account.pyi (RegularFile, 8116eeadb9058ed8d89f137b59d34dc7)
                           - ids_search.pyi (RegularFile, 7709a6ab6a00b1d631fbc68bb994261c)
                           - liability_shift.pyi (RegularFile, f875a7847757f725ddc9742f4ec2ba0d)
                           - local_payment.pyi (RegularFile, 5cffe58f0fc0fdb6ae477c00ffa7cdf5)
                           - local_payment_completed.pyi (RegularFile, afb5a048f480dd0e1033a0589b0d874c)
                           - local_payment_expired.pyi (RegularFile, aed7b0415c2ab9f036568b2f8cfbd7aa)
                           - local_payment_funded.pyi (RegularFile, e9f06fc356a01746ed4536fe895a38e3)
                           - local_payment_reversed.pyi (RegularFile, ccf2e7891c0cd874cc9c7666dfb46393)
                           - masterpass_card.pyi (RegularFile, 1ab4e3b0161e80e6388a11d2a959fc64)
                           - merchant.pyi (RegularFile, 50902190d46c1f2a14cb496d2cbdd455)
                           - merchant_account (Directory, 037e04a8da419705b05837214ff5b055)
                             - __init__.pyi (RegularFile, f77e2579739dbb93e57eeaa1fee5abf4)
                             - address_details.pyi (RegularFile, 477ba27c50a7b7c0eaf1d6f35df1e8a8)
                             - merchant_account.pyi (RegularFile, cf4587130287cc9df95416b3d3a15e36)
                           - merchant_account_gateway.pyi (RegularFile, 79a8a18d6947799b9797129bcb88a952)
                           - merchant_gateway.pyi (RegularFile, feb185e24c3572b94b92a7bb733a370e)
                           - meta_checkout_card.pyi (RegularFile, 5f17276ec1f01fc93329fd7e5173debb)
                           - meta_checkout_token.pyi (RegularFile, 1fe9da7c6f36a27848498f7aecfc7e58)
                           - modification.pyi (RegularFile, 3f2a65838bffcf606a9741510e41da54)
                           - monetary_amount.pyi (RegularFile, 376706d88b331c29f479fe186e7c3e71)
                           - oauth_access_revocation.pyi (RegularFile, df738be74338ca6920a6e89b22923956)
                           - oauth_credentials.pyi (RegularFile, 86ddbe3e30b466a88151e45f79429bc0)
                           - oauth_gateway.pyi (RegularFile, 55603f1b5330b2c835dd3773460a1d00)
                           - package_details.pyi (RegularFile, 21d13c4c606596aa013829784ab29ff5)
                           - paginated_collection.pyi (RegularFile, 7fcc3e649ce199b88ae4ac1d1b0fe94f)
                           - paginated_result.pyi (RegularFile, 4ea981cb5086c69c3a4f53b348ecef5b)
                           - partner_merchant.pyi (RegularFile, 8ba6442332d42f1f2224b82eb27f2a60)
                           - payment_facilitator.pyi (RegularFile, 7dfdc5a35096618927c1dd18007e4261)
                           - payment_instrument_type.pyi (RegularFile, 2afda14e604c2583ae88809a15dad373)
                           - payment_method.pyi (RegularFile, 5c9dffa3393dadcc1b73e245faea6c22)
                           - payment_method_customer_data_updated_metadata.pyi (RegularFile, cb1999792aa0f2e6e688f43995c92a13)
                           - payment_method_gateway.pyi (RegularFile, 5e665d752e657abf5935f00b5cf725c9)
                           - payment_method_nonce.pyi (RegularFile, 4a0226f747b5bf97a6b156ea03f6c3d6)
                           - payment_method_nonce_gateway.pyi (RegularFile, aa8a35c6af0e9e04a87a0dfb71a1b425)
                           - payment_method_parser.pyi (RegularFile, 78b75293e82971180da6fae73c0eaff2)
                           - paypal_account.pyi (RegularFile, f97cd0bf08350e6614faa02ef03fadd9)
                           - paypal_account_gateway.pyi (RegularFile, 1df7fcba3787ab49bc35a3f6b34db45a)
                           - paypal_here.pyi (RegularFile, 7fbcf9a88d0dfb4d197a20385fd376d5)
                           - paypal_payment_resource.pyi (RegularFile, 5f2b7058634937529ca9fb0498b82325)
                           - paypal_payment_resource_gateway.pyi (RegularFile, 08f14ffc675bd2583be1b5e62fae33a4)
                           - plan.pyi (RegularFile, 12664147a09269ebf4a1636893b22067)
                           - plan_gateway.pyi (RegularFile, deffe4e3bd1fe8b113e5942cbcba0188)
                           - processor_response_types.pyi (RegularFile, b1b484140aa91c8d134beba6b3c5a922)
                           - resource.pyi (RegularFile, 071f0c31296c42413cc90e99a140ecee)
                           - resource_collection.pyi (RegularFile, 68a8c9fbb3468ec2e7200c1c5a16bdf3)
                           - revoked_payment_method_metadata.pyi (RegularFile, e2d8331dc72f11cdf5387b9034d33f15)
                           - risk_data.pyi (RegularFile, ed3bd9ca35548257fc97b50595f93045)
                           - samsung_pay_card.pyi (RegularFile, 7c9362706643c117ec5d875bf65ce16b)
                           - search.pyi (RegularFile, 37169d28c806240e25e2b38635e6cc68)
                           - sepa_direct_debit_account.pyi (RegularFile, 4fe351f367d1554e35075a3fcbef518b)
                           - sepa_direct_debit_account_gateway.pyi (RegularFile, cb549bbc82cea81c78f5e1ad2b31ce0a)
                           - settlement_batch_summary.pyi (RegularFile, 4ae0cf906f796fd22ffb75462bf6d1a8)
                           - settlement_batch_summary_gateway.pyi (RegularFile, 02541f03a095e6a6ed43928ab65203bd)
                           - signature_service.pyi (RegularFile, 51c87f8d444245fb7e76929c6812ee32)
                           - status_event.pyi (RegularFile, 56ddcef930fc68b7115a88c2141dd1a4)
                           - sub_merchant.pyi (RegularFile, 891425f944c06efb0b09f26b50c3a1fe)
                           - subscription.pyi (RegularFile, cede072cfb1a7f71ff20ce8d36fe3802)
                           - subscription_details.pyi (RegularFile, ba5854137040363501a7c4cc31404ddc)
                           - subscription_gateway.pyi (RegularFile, 0bbbc9060c31294de832fef3189d447c)
                           - subscription_search.pyi (RegularFile, f42186c6769676c26f0d5a46687943fb)
                           - subscription_status_event.pyi (RegularFile, bcff3c0e86853bb949de41e4c9a0bf00)
                           - successful_result.pyi (RegularFile, 1c19ed4c837be7a230461c54d59531e5)
                           - test (Directory, 7a0ec11ac1b7473b8a437bce93e25332)
                             - __init__.pyi (RegularFile, f571933bb948577b1f9f3076fb8fc7c6)
                             - authentication_ids.pyi (RegularFile, df041a9fbaca94e182cb6a90ee370924)
                             - credit_card_defaults.pyi (RegularFile, b1fcecf3b05bf3f97c5656bdf231ab4f)
                             - credit_card_numbers.pyi (RegularFile, 525e1c2d0522442ffa7c5f78077468ba)
                             - merchant_account.pyi (RegularFile, a614aba5ad7cc8608e7c2fe582559f1b)
                             - nonces.pyi (RegularFile, 94197d7f280aa783f453e6503b9e2753)
                             - venmo_sdk.pyi (RegularFile, fc0e746d545d3f1ac3897e6a8f73a467)
                           - testing_gateway.pyi (RegularFile, c5cc4d58315e1a97ed463cd6a4cf393a)
                           - three_d_secure_info.pyi (RegularFile, 2f649d6d9831b2929fdc6dfbb50c47dd)
                           - transaction.pyi (RegularFile, 58c3147d903e4fdaf6997e91c5de5caf)
                           - transaction_amounts.pyi (RegularFile, 03813d11bdb6c288dcf55702e1c5b6a3)
                           - transaction_details.pyi (RegularFile, 82869153041e1a0ad483b473a6e5b4d1)
                           - transaction_gateway.pyi (RegularFile, 0bf0deacb8fa123965930eee1fc95259)
                           - transaction_line_item.pyi (RegularFile, 715eff840936ab0142cd6446ee7b2396)
                           - transaction_line_item_gateway.pyi (RegularFile, 2debdec6aa264090c1a4d0450858acc2)
                           - transaction_review.pyi (RegularFile, d939c2ae8e401bb9dee7fde505210f48)
                           - transaction_search.pyi (RegularFile, 6e5510c90b6050bab15b7eb84fb636ee)
                           - transfer.pyi (RegularFile, 0acc484cf4d27ebdbb65281db175209e)
                           - unknown_payment_method.pyi (RegularFile, 0e950e000887f6457cb615dd914bd5ce)
                           - us_bank_account.pyi (RegularFile, fae051d528bd2b4103a5f81a775c63de)
                           - us_bank_account_gateway.pyi (RegularFile, 6192d85967086ad2ba7c5adf18b0826f)
                           - us_bank_account_verification.pyi (RegularFile, e071566eff7566a6ac4b14e3cdc17ee0)
                           - us_bank_account_verification_gateway.pyi (RegularFile, c1c1f645f11bcc80f8ae1cd5d139d719)
                           - us_bank_account_verification_search.pyi (RegularFile, 1c6350c7eec5e14c70b827847e1652f9)
                           - util (Directory, b822154439956b0133a645a954ab94c2)
                             - __init__.pyi (RegularFile, 2fa1879cc01bb2d9a38f12cd763f6037)
                             - constants.pyi (RegularFile, 044fca35d93d8c855126d735d6806a53)
                             - crypto.pyi (RegularFile, 7758f27510eebde4ff074d17680d7e19)
                             - datetime_parser.pyi (RegularFile, 1828b5a35cfe2dbdbe6cb423adaebd7d)
                             - experimental.pyi (RegularFile, 5fab89b28d1da79231321ac96a7cb03f)
                             - generator.pyi (RegularFile, aac866bce237b9287135f8ef4cdb1c14)
                             - graphql_client.pyi (RegularFile, 505f2c719d538a7487a9f998297002a0)
                             - http.pyi (RegularFile, 3bb61177ff316997bec48115b546c014)
                             - parser.pyi (RegularFile, e864ca9bea48bb3a4689135756ff0dfe)
                             - xml_util.pyi (RegularFile, d093d27d507e991746184c181aa3bd89)
                           - validation_error.pyi (RegularFile, b1fdde00dd4014986eb59b547a4e674c)
                           - validation_error_collection.pyi (RegularFile, 20704791f3c7f9c6bdb1f19aee088e5c)
                           - venmo_account.pyi (RegularFile, 1c800d6618d8b3ae7a59d8eb3b11228a)
                           - venmo_profile_data.pyi (RegularFile, 8aed6443c4cacdb12cbf0a82dd8418d7)
                           - version.pyi (RegularFile, c613cc67c33efd67cd7bb7bb32ebc044)
                           - visa_checkout_card.pyi (RegularFile, 650a48ee28eee9d596987cc3ca6bd894)
                           - webhook_notification.pyi (RegularFile, 7bb2261449eed66276493a712a7e3248)
                           - webhook_notification_gateway.pyi (RegularFile, 7599b3de0147aa8303b294b9305fc529)
                           - webhook_testing.pyi (RegularFile, a6fdb2a290c59d7900f1ef3806569f87)
                           - webhook_testing_gateway.pyi (RegularFile, d57750003bcea6359f336ab9a6420731)
                         - METADATA.toml (RegularFile, d064bb7f14cf5cecde41cde6f97815e1)
                       - cachetools (Directory, 4e2011d3a95c1e7ad4a102beb020de26)
                         - @tests (Directory, b0ddf19a81ce82fd05e603a316570034)
                           - stubtest_allowlist.txt (RegularFile, bf849b18dedc08d6d6266abdb72d1cb7)
                         - cachetools (Directory, 71321ed979cd63e0ed24891361952f26)
                           - __init__.pyi (RegularFile, e12de2f4b37d8522642ec0e2f9767057)
                           - func.pyi (RegularFile, 04f92fd6c57281041227f5fd94abbcaa)
                           - keys.pyi (RegularFile, c6e8d8fa9f727801848d77be59abf94b)
                         - METADATA.toml (RegularFile, 4a0a980c4c490ea937d8ce238ccad653)
                       - capturer (Directory, 954f85cdd423b48a799987d6ac5da6ae)
                         - @tests (Directory, 99169a21bfd72e7d76f67c61920c5b74)
                           - stubtest_allowlist.txt (RegularFile, 64fcb8140aec04d08394bfa25d97916a)
                         - capturer.pyi (RegularFile, f5273433a0c23b752a730a373690e41e)
                         - METADATA.toml (RegularFile, cbd1e88c6498b65f68a19bd37b1e0b15)
                       - cffi (Directory, 00770600ae1aa1a90702f1533a655182)
                         - @tests (Directory, 390f8f1a4c15597729d0b6a01747be71)
                           - stubtest_allowlist.txt (RegularFile, 99d4550708373fb0d3bcf91730f674a7)
                           - stubtest_allowlist_darwin.txt (RegularFile, f9067ef02ff18229fb1ef31346da0517)
                           - stubtest_allowlist_linux.txt (RegularFile, f9067ef02ff18229fb1ef31346da0517)
                         - _cffi_backend.pyi (RegularFile, 77be38d1360bc86c32ad2162cf796369)
                         - cffi (Directory, e3cf6ba7a07382bbf517ae106b0d22ba)
                           - __init__.pyi (RegularFile, 6fe787309e323f2f9e2cd7f435568cbf)
                           - api.pyi (RegularFile, 15ad76ee554a56b6e2fe94ec014e44eb)
                           - backend_ctypes.pyi (RegularFile, 1a0690df8ea6a008263f7524a70b2276)
                           - cffi_opcode.pyi (RegularFile, 9807151580167137854fee1e215e0716)
                           - commontypes.pyi (RegularFile, 7e41ccaf136fab431d727c5c1eceda4b)
                           - cparser.pyi (RegularFile, 1cb32b4fe1b707a51c74429db4ac8999)
                           - error.pyi (RegularFile, 936cd327e895948217f801e6c511d7a1)
                           - ffiplatform.pyi (RegularFile, 4ea9159eaeaed60333062ae59fee2057)
                           - lock.pyi (RegularFile, a3965cd25ec70921e098d2240282b994)
                           - model.pyi (RegularFile, e166abfebd62d04303b512137aa540e2)
                           - pkgconfig.pyi (RegularFile, 80728b912525b91d20270b63618b586f)
                           - recompiler.pyi (RegularFile, cf9b84c02825313859b8c48d8953b2d6)
                           - setuptools_ext.pyi (RegularFile, 920640dc72224ca56d7db70afa9c1cb3)
                           - vengine_cpy.pyi (RegularFile, 45f8cb5c664503675e1c7ed0b33f9fc5)
                           - vengine_gen.pyi (RegularFile, 92ddc775eebb92caba89832a26dde528)
                           - verifier.pyi (RegularFile, 6cec23de72a8f5d301ba921ffb81fc36)
                         - METADATA.toml (RegularFile, 5ff9e11b53ddce6c2e03ed1caca6790b)
                       - channels (Directory, d9ae34be2638a0f7ba0fc194a1a5bb42)
                         - @tests (Directory, 621e2228f7e56d4b8e6824c831cc31ff)
                           - django_settings.py (RegularFile, 3ad91097de0814cde50efb1a2031ddc3)
                           - stubtest_allowlist.txt (RegularFile, 95cf022b380e29fa0eabf646276d98a4)
                         - channels (Directory, 03bfca2d8fdece54e2656422588343ec)
                           - __init__.pyi (RegularFile, 7c64b69260a25e171aae3e57010e3de1)
                           - apps.pyi (RegularFile, a570bca786077ffbc7c65bb679b3eef5)
                           - auth.pyi (RegularFile, 527517ec3e4dcb73bd248037f9660169)
                           - consumer.pyi (RegularFile, 772775ae3a955b98725221557d6e2c7d)
                           - db.pyi (RegularFile, 8e3196aee0000c7d078750ec905e7840)
                           - exceptions.pyi (RegularFile, 10bb72b226a9a8de2c639a10eead00c0)
                           - generic (Directory, 8313a630033d3c78d8bca615934fc997)
                             - __init__.pyi (RegularFile, f571933bb948577b1f9f3076fb8fc7c6)
                             - http.pyi (RegularFile, 190a4348f325dd0f284604d31dbe3982)
                             - websocket.pyi (RegularFile, 07472ac5371381b3035afa49b80eb975)
                           - layers.pyi (RegularFile, 5d7bd724ffba0b556a056cb9400433b8)
                           - management (Directory, 3e988503d03da10ea0f6603f50faaee3)
                             - __init__.pyi (RegularFile, f571933bb948577b1f9f3076fb8fc7c6)
                             - commands (Directory, 8b8063c87ab512056bcd3a56fc60305d)
                               - __init__.pyi (RegularFile, f571933bb948577b1f9f3076fb8fc7c6)
                               - runworker.pyi (RegularFile, eb124c8c760a576f8269fd611d25cb17)
                           - middleware.pyi (RegularFile, 31911cb5a9a98f9e9890798e5e1e1095)
                           - routing.pyi (RegularFile, 68204256fff0404ec6b55370bce7a664)
                           - security (Directory, 13c284541d897da43de53467b8e71b93)
                             - __init__.pyi (RegularFile, f571933bb948577b1f9f3076fb8fc7c6)
                             - websocket.pyi (RegularFile, 63006c30c0732a7f8a652f2859234fa3)
                           - sessions.pyi (RegularFile, b62e54f5adbb18c065a8375f34058186)
                           - testing (Directory, a9603c88229e2d93fcd33002f3f86749)
                             - __init__.pyi (RegularFile, b85daf7a13c18eb5566a39c767e5b5dd)
                             - application.pyi (RegularFile, 7e517c76287cc886cf897c4f80f727c9)
                             - http.pyi (RegularFile, 279328dba98364a4ebd194c0fee93930)
                             - live.pyi (RegularFile, 6ce0115fa4c2860f9ef65369d2338000)
                             - websocket.pyi (RegularFile, 0f9c97206213e35897a97ba76112cc72)
                           - utils.pyi (RegularFile, 111301ba29e2cb8bc57da3c8b1ad5938)
                           - worker.pyi (RegularFile, 8b6e577325db28023ff957552a3d4bcd)
                         - METADATA.toml (RegularFile, e514f0f060e00de69d41995914d087b8)
                       - chevron (Directory, 14bf2712a243e9b460907282b2799702)
                         - chevron (Directory, f044b7fd0362bce0a4a659b7df73141a)
                           - __init__.pyi (RegularFile, e3c114e9427684592e5aaf6fdda82f8c)
                           - main.pyi (RegularFile, edd04e2fb9717d082c2f208c4456c27c)
                           - metadata.pyi (RegularFile, cfa083e8d961e4960dc366c92dae37f1)
                           - renderer.pyi (RegularFile, e21675debc0214fbf802381ed1ed7087)
                           - tokenizer.pyi (RegularFile, 1adda4147b85ae54f2643de7a969bb54)
                         - METADATA.toml (RegularFile, 76fd84c0e648d22146319673aedc2516)
                       - click-default-group (Directory, 021feaba614eb09c062b2b98e0288829)
                         - click_default_group.pyi (RegularFile, a818d41b17ee3a8482cd33dc43fc0fa9)
                         - METADATA.toml (RegularFile, bb0167098373725b9dec6e1ae07edb52)
                       - click-log (Directory, c27b3f4a283866fd293266adc3aa9401)
                         - click_log (Directory, 44fa1dd26c81c1b43f0e67dd3c6b5385)
                           - __init__.pyi (RegularFile, 9878160b8d4ca32094313772bbdac987)
                           - core.pyi (RegularFile, 4ee63f1ed3d035972072851612690164)
                           - options.pyi (RegularFile, 0ac37f55f4a08e99ef08775af82cf4e7)
                         - METADATA.toml (RegularFile, 80e018182d9d4258f6196efdef1ad974)
                       - click-shell (Directory, 7e7953fd0b07c81f810354a396939607)
                         - click_shell (Directory, d97a2020ee900b9b323ee80807670fc6)
                           - __init__.pyi (RegularFile, ac5a7e9893af5c5e085b5407758a7f9f)
                           - _cmd.pyi (RegularFile, 7239aa5f80e7841224f99b7ef064fc84)
                           - _compat.pyi (RegularFile, 0a4028740cd20448ea3f4b248b4261ba)
                           - core.pyi (RegularFile, b1e3bd13f0ab013f59856aebc4151edd)
                           - decorators.pyi (RegularFile, da4dfcdb1342cd5b9efefba7dce6168b)
                         - METADATA.toml (RegularFile, 3c79ea561f52d4f10b3e94e5f7348352)
                       - click-spinner (Directory, cb99e35d759ba7da00447539ee21ebd4)
                         - click_spinner (Directory, 053026e7e79984694db4a03468efb5af)
                           - __init__.pyi (RegularFile, 71de3d45e3b878cd41e0dc864f5b3378)
                           - _version.pyi (RegularFile, d36bb5bba5ae96f4d2dd6234fd7b9def)
                         - METADATA.toml (RegularFile, de13fb53e573d0432974eeaea4d4d984)
                       - click-web (Directory, 9753ae88819d61eea34d327549b5538d)
                         - click_web (Directory, 18fe3ad51d6c1256b96233be4dd2c11e)
                           - __init__.pyi (RegularFile, 69637796f0dc9d8b96eb2a28089bee3d)
                           - exceptions.pyi (RegularFile, 3d98c2fbfb210e4ca58b62b1fee9126d)
                           - resources (Directory, f39007e6904adbb55fa720a19a48af99)
                             - __init__.pyi (RegularFile, f571933bb948577b1f9f3076fb8fc7c6)
                             - cmd_exec.pyi (RegularFile, ceb2a04c114fb885fb03d03d871e72c4)
                             - cmd_form.pyi (RegularFile, 41c319f7863c534647b9e44f2884cd82)
                             - index.pyi (RegularFile, a05e9065ff4585828e3cbfb190ec8d8e)
                             - input_fields.pyi (RegularFile, e28f1c274f992b953c91ab7eca4f359a)
                           - web_click_types.pyi (RegularFile, 0675c20866682f646cb1c77309408061)
                         - METADATA.toml (RegularFile, c28b2cee7136d1480f7d6465e8427d59)
                       - colorama (Directory, d6fc61d1f7682016606ff1a8dceea6bc)
                         - @tests (Directory, cece43452554e34f8699cc886ffe81f7)
                           - stubtest_allowlist.txt (RegularFile, a9ba75e810009dd427dd5f68432e7199)
                           - stubtest_allowlist_linux.txt (RegularFile, abdb520b9022d7f9c8a1347367c6f1e0)
                         - colorama (Directory, 8c458f5d9f0e59cb2bf9d8acd0de956d)
                           - __init__.pyi (RegularFile, 89c2ca16a8f06cb8271a0f9050f25ab9)
                           - ansi.pyi (RegularFile, b517adf616aa2c37a98a68a700a83164)
                           - ansitowin32.pyi (RegularFile, 575494db16a45c908a9ac4816e81a6fc)
                           - initialise.pyi (RegularFile, 004fa9e5e81d6f45584a23bd41c7550a)
                           - win32.pyi (RegularFile, 14af8103f58a7a17c243eaf6b2cf5201)
                           - winterm.pyi (RegularFile, c7fbd8ebbfe856a3a111317ba8125c26)
                         - METADATA.toml (RegularFile, 8afdc08e4f2c3a3e0e98497b85c58b29)
                       - console-menu (Directory, 480620a4b8536b89797829f9e2e6e362)
                         - consolemenu (Directory, 27e8af28bcf8184755aa67ee4fedd932)
                           - __init__.pyi (RegularFile, b6afe60c554339980ea77d786f6df7c6)
                           - console_menu.pyi (RegularFile, 7a5baeb0ad07a78bc35c7b3099307306)
                           - format (Directory, c0232a81477c9c83e0cac2cc9fa754fe)
                             - __init__.pyi (RegularFile, 4b17551f7d6efae8600563da538c522a)
                             - menu_borders.pyi (RegularFile, e5923246b33ec52c46b4c2786e412841)
                             - menu_margins.pyi (RegularFile, 207f53ca3c3d599fa18578dc7161aba1)
                             - menu_padding.pyi (RegularFile, d4dade540999805f6253299cbe5f9429)
                             - menu_style.pyi (RegularFile, c9be7e5bf4b31f4223c24a4b3a395b82)
                           - items (Directory, 77d7fe6fc000983a3ce3681a7dd952c4)
                             - __init__.pyi (RegularFile, e13b97a2ba1fc45925f4e2fc8a1bb997)
                             - command_item.pyi (RegularFile, 37e1842779b7e105c88590caf1605973)
                             - external_item.pyi (RegularFile, f396c5d72a9a1dd4bc4fbcbd2daab0cc)
                             - function_item.pyi (RegularFile, d34b80b152834f1321908b42a5fc2944)
                             - selection_item.pyi (RegularFile, c089a3b868afbdf46e8d030c92f72663)
                             - submenu_item.pyi (RegularFile, 35a168b1414f897129997b28fdba8ba2)
                           - menu_component.pyi (RegularFile, 68ade68eeb5dd1e1b67284fc86ab2da0)
                           - menu_formatter.pyi (RegularFile, 8b945bfaa8fa7221aa8c99ba5b93e75c)
                           - multiselect_menu.pyi (RegularFile, 901cc340a471159a427b2f4890a1b92e)
                           - prompt_utils.pyi (RegularFile, f154a112175083feadbdcdfb63712d68)
                           - screen.pyi (RegularFile, 334056db492d91d6769d4e0e4a1de0f4)
                           - selection_menu.pyi (RegularFile, 0da478ee6505020b876c523b8ea0d2f3)
                           - validators (Directory, 0f9afb049bf06a49c9322b519fbdc133)
                             - __init__.pyi (RegularFile, f571933bb948577b1f9f3076fb8fc7c6)
                             - base.pyi (RegularFile, df3128993055ff7bd676583b2f6da820)
                             - regex.pyi (RegularFile, 6e633741e2d62348916a12fdbe2928b0)
                             - url.pyi (RegularFile, 464872b2c2c326097ed4b4cf429fde83)
                           - version.pyi (RegularFile, f571933bb948577b1f9f3076fb8fc7c6)
                         - METADATA.toml (RegularFile, affa755e02e501c9f1a46729c337ce8c)
                       - croniter (Directory, 27a327dd2ecfe634f712c6dd563f9e17)
                         - croniter (Directory, b2cac4280f3a15551bb22eecfd190caf)
                           - __init__.pyi (RegularFile, 7138da17e58810f01a8b77ab66e8f56e)
                           - croniter.pyi (RegularFile, 3a1c455f0aec020a1a8c983c88bdc37c)
                         - METADATA.toml (RegularFile, fae6600657483ed3e394d45090ff696d)
                       - dateparser (Directory, 8f31347469836ec9c8e30fb12952c05c)
                         - @tests (Directory, 4b089f35b57097045bcd90fa0c5bbeb6)
                           - stubtest_allowlist.txt (RegularFile, 297d00e444b7272cd90a59305eaebb48)
                         - dateparser (Directory, a2498b24a25a8f01683bcc3fdfe5d7d6)
                           - __init__.pyi (RegularFile, 88f66a1e37a016bb6ddaa44df430e705)
                           - calendars (Directory, c92cbb8c919a250b003fb4105020abf0)
                             - __init__.pyi (RegularFile, 44a52ef94b0c92c8c4fbd052f0508480)
                             - hijri.pyi (RegularFile, 8eb3da98dd77e4450dd7aa980727b71c)
                             - hijri_parser.pyi (RegularFile, 51e30190a5ffbac8a3cb504aa5757e03)
                             - jalali.pyi (RegularFile, 016ec8656363982cfa369a0e3a422c82)
                             - jalali_parser.pyi (RegularFile, fd358b2d548da847c6234fe8b5bde6e1)
                           - conf.pyi (RegularFile, fbeaccda63a9d2acbea9cf214984c36f)
                           - custom_language_detection (Directory, 68e963114aa6577d580194d007838b09)
                             - __init__.pyi (RegularFile, f571933bb948577b1f9f3076fb8fc7c6)
                             - fasttext.pyi (RegularFile, 669c69bf72deb9c418ca3553af320b94)
                             - langdetect.pyi (RegularFile, 669c69bf72deb9c418ca3553af320b94)
                             - language_mapping.pyi (RegularFile, cd0ccfc6bcaec232cb506c02f57bd172)
                           - data (Directory, 7c9825d7a503c3feb5b8d1189c86dc9b)
                             - __init__.pyi (RegularFile, c7fe3e22f5211a31d9f17e1d5a96c941)
                             - languages_info.pyi (RegularFile, a385482286f96203c08466c2943bdb2e)
                           - date.pyi (RegularFile, 1b6d860efa7b475859c1259ff9003cbd)
                           - date_parser.pyi (RegularFile, f8d5085fd0325b89057ae1bffad9ace8)
                           - freshness_date_parser.pyi (RegularFile, f6f1b6b4094ddfdf3fd0ac0cb9511f27)
                           - languages (Directory, f6e7982a1a54c86ea02a1cf3a2d8d7aa)
                             - __init__.pyi (RegularFile, 20bc06bc20d0ddc481d5965e8f307f79)
                             - dictionary.pyi (RegularFile, e374795d97f3523c797c7e40cb942293)
                             - loader.pyi (RegularFile, c912d7378e5fd96f3de6b7096d5aca5b)
                             - locale.pyi (RegularFile, 8a0bcc8dde8738c1b1b4e6c0de3348d0)
                             - validation.pyi (RegularFile, f448f37d08ac97309ffd587bfc4c1943)
                           - parser.pyi (RegularFile, 2ba9313d0e68a8879ee07c18007a540a)
                           - search (Directory, 0c26c9d88949d458aba8e5c245131e81)
                             - __init__.pyi (RegularFile, f2912dcd029d15e7bfea3150fe4b8d60)
                             - detection.pyi (RegularFile, 0f0198ddb85f38e6f34a31236f9e3e18)
                             - search.pyi (RegularFile, bc21e0fcb079210a437404eb652a67f4)
                             - text_detection.pyi (RegularFile, 3144150e5a662dbd7e477b954d775362)
                           - timezone_parser.pyi (RegularFile, 2ff90a42d3e38530aed206c7486b79ae)
                           - timezones.pyi (RegularFile, 281d2cd492b08236d426a734ce9064e7)
                           - utils (Directory, 45c77cddc3791806c58b4969ad2d84db)
                             - __init__.pyi (RegularFile, 2d28275e4c10a5ee54c98a3c99cd37bc)
                             - strptime.pyi (RegularFile, a97e85a1e1348c3e9ba9cb8a644c41c9)
                         - dateparser_data (Directory, d38a338b40cad01771f6f2a64a80938c)
                           - __init__.pyi (RegularFile, f571933bb948577b1f9f3076fb8fc7c6)
                           - settings.pyi (RegularFile, 794492c3fc5001dfeb3a0e281728d4fc)
                         - METADATA.toml (RegularFile, 9a8638b631d33c94dc99554da9261bb7)
                       - decorator (Directory, 2e1706dd7aaa244a1d4fc3c355fb7b39)
                         - @tests (Directory, 3f2fab1b90808145fd6512af851a403a)
                           - stubtest_allowlist.txt (RegularFile, 27908af60601c8a8bb7c6f950fe5ef57)
                         - decorator.pyi (RegularFile, 7cf243b3af572db8134dd2e3b9c2afcd)
                         - METADATA.toml (RegularFile, 91457955429a255ac40d992746ee42db)
                       - defusedxml (Directory, 7cf3b7dc99a5251b71ef38826b9b688c)
                         - defusedxml (Directory, 6ab3d6e07511ad001dfbca06bdfe4099)
                           - __init__.pyi (RegularFile, 165369e46feb1aa74ef2cc92f952a2c3)
                           - cElementTree.pyi (RegularFile, 12c8f6b4f90dda1427d7e85d70846079)
                           - common.pyi (RegularFile, f23189c66d80b93fea5f38e31cb428ee)
                           - ElementTree.pyi (RegularFile, 24a154b40ce4cc651ac0dbc7f19f2ae4)
                           - expatbuilder.pyi (RegularFile, cdc1d72044f496a6baa601b685f0b260)
                           - expatreader.pyi (RegularFile, c83867c21f1116f48af66b42bacf52fe)
                           - lxml.pyi (RegularFile, ae9febac86bb9f60b17d4519cf740aaf)
                           - minidom.pyi (RegularFile, b2462ee6b8d2c5dc949d1beef9a50777)
                           - pulldom.pyi (RegularFile, 55f31b6da1b5849a8fcdfa375dbc9c11)
                           - sax.pyi (RegularFile, 782fc91fd08e617e95e553b69a056daf)
                           - xmlrpc.pyi (RegularFile, 4939c2897340e47f68c35eb8a369196c)
                         - METADATA.toml (RegularFile, 70cbf0bc100d2e6b6990054808cf505e)
                       - Deprecated (Directory, 8ea4e1953c40684fbccbc58ac2a2482f)
                         - deprecated (Directory, e4edd77b8f46cccdaa98f1b627d95c3b)
                           - __init__.pyi (RegularFile, b7b7d763b434ad3e761e68f27dad2a70)
                           - classic.pyi (RegularFile, 6da9065f6a11a30a5857a28545c018f6)
                           - sphinx.pyi (RegularFile, fc4ea73bb19e9b26ef9d6aa2d92de1fe)
                         - METADATA.toml (RegularFile, 90c9f43ef17ed058746073b4e2be4b92)
                       - dirhash (Directory, 0054417a073b48e9c107404c355611d0)
                         - dirhash (Directory, 5f165f1976e7d3accd6b0adaada433b2)
                           - __init__.pyi (RegularFile, 6920b2052439ca8065f6bc4191a2b021)
                           - cli.pyi (RegularFile, aabf1c2acdbc067382bfd1408439a997)
                         - METADATA.toml (RegularFile, 8993db6cb7c91bf2ef3b738c7c2b40ad)
                       - django-filter (Directory, 1409ff1d494a5674790be2e356ff8a2d)
                         - @tests (Directory, 767fee46437503b20c7e01cb8064a2d4)
                           - django_settings.py (RegularFile, e99c6b144386c77bbc25ee3f44ccaaa3)
                           - stubtest_allowlist.txt (RegularFile, b38032cb689287b16d1d2bc576650567)
                         - django_filters (Directory, 4deec6acbece7e6745c13b67727369ec)
                           - __init__.pyi (RegularFile, 081ee59c8b1935448a7410746aae9a1a)
                           - compat.pyi (RegularFile, c5cee76391c64c66b208061b85287c1f)
                           - conf.pyi (RegularFile, fa2760178a372b247c24fe5316a76acf)
                           - constants.pyi (RegularFile, b5dcbf73a43b776ef157706782599dd7)
                           - exceptions.pyi (RegularFile, 638cb80faaa576f6504a33f2000124a3)
                           - fields.pyi (RegularFile, fe1f93e2b67a38c1fba6f7cef94b9283)
                           - filters.pyi (RegularFile, d6bf74a96a45f930364eb056573d4b86)
                           - filterset.pyi (RegularFile, abcdc8ec972e255b99087378d559b95f)
                           - rest_framework (Directory, 5abff1551838a146099882b29b9aabd4)
                             - __init__.pyi (RegularFile, 441dce0e7ad872f9b5993bce40ef267f)
                             - backends.pyi (RegularFile, 97fdd50ad153cc2f89a554189ab96278)
                             - filters.pyi (RegularFile, f40ccea044447c3931b4cd122b85a907)
                             - filterset.pyi (RegularFile, 8961528798bb66e7a3683f6959f7746e)
                           - utils.pyi (RegularFile, 05f03c5afd3284306d941b2c0901c596)
                           - views.pyi (RegularFile, d46b3db31cee1ce26c3f29ef175d9978)
                           - widgets.pyi (RegularFile, fa4efb1340edba5e386cac3bb675c836)
                         - METADATA.toml (RegularFile, fd6eea479781287e422cae82dd1336c4)
                       - django-import-export (Directory, bff8023fa3a4a0bd39cf93871a7ab705)
                         - import_export (Directory, 1c6dee8d3a0e818026565b17c6de1eb5)
                           - __init__.pyi (RegularFile, 4f674eb8f556927c4aefa3c7c517cee5)
                           - admin.pyi (RegularFile, 95be791cbe9a2100e41976f43414ab51)
                           - command_utils.pyi (RegularFile, 5fcf6a1ab9289d0fd6fb0b8fa1192a39)
                           - declarative.pyi (RegularFile, 8bc72570e0fce78b376404b5a083e1f7)
                           - exceptions.pyi (RegularFile, 36332eb3adfe9f0f829f9fe0454fb960)
                           - fields.pyi (RegularFile, a803c79975ebd93bf4e8de322c740f52)
                           - formats (Directory, ec7ab450a03820bab0198be6ab50137f)
                             - __init__.pyi (RegularFile, f571933bb948577b1f9f3076fb8fc7c6)
                             - base_formats.pyi (RegularFile, 781afdec59f3ec3f407705e94b869b4c)
                           - forms.pyi (RegularFile, 3d3ccd78a7c05a8a4e1335eb8419d711)
                           - instance_loaders.pyi (RegularFile, 15ef03594aeec9d7ddb5c53696552808)
                           - mixins.pyi (RegularFile, d1a73efc4835a2a1febfae25bff416e3)
                           - options.pyi (RegularFile, d6d420c00201499e683287b343336784)
                           - resources.pyi (RegularFile, 893d82aabcd7ab2f41577e6e421cbc86)
                           - results.pyi (RegularFile, a6d8e13d1400a9a0c81c16d0a9a32da4)
                           - signals.pyi (RegularFile, 030ea4d3615dd0e92428dec7a66a4af0)
                           - templatetags (Directory, d9da954692aad270c5152eb1a25fa899)
                             - __init__.pyi (RegularFile, f571933bb948577b1f9f3076fb8fc7c6)
                             - import_export_tags.pyi (RegularFile, d6337ba9cd9377e9869b1657bcbae06e)
                           - tmp_storages.pyi (RegularFile, 948b63b7e2d82c709bc3e6fdaed5a925)
                           - utils.pyi (RegularFile, 52468ee1f9e89f7e7c32ed760da688ca)
                           - widgets.pyi (RegularFile, 165a594892464dc46627bf1eaa7d99be)
                         - management (Directory, c9abb1900c68592c97cb33b360ebc7eb)
                           - __init__.pyi (RegularFile, f571933bb948577b1f9f3076fb8fc7c6)
                           - commands (Directory, 99238761935b0b1da890b3233146b2d0)
                             - __init__.pyi (RegularFile, f571933bb948577b1f9f3076fb8fc7c6)
                             - export.pyi (RegularFile, c8b2ec87e2f2f04f4132bcbe1e71fa77)
                             - import.pyi (RegularFile, c8b2ec87e2f2f04f4132bcbe1e71fa77)
                         - METADATA.toml (RegularFile, bb15660aae3c51acdf86c98141037b86)
                       - docker (Directory, 02edb2ecf536d516975517e9dfbf1744)
                         - @tests (Directory, 320dc8ae8a8cdd475f86f94ff34ad433)
                           - stubtest_allowlist.txt (RegularFile, 838712083d4e335bbf8957e0f03f63a5)
                         - docker (Directory, 6dc8d66055b0bc98dd9f1eb19bd02c27)
                           - __init__.pyi (RegularFile, aeacbf50a7a0cabb653c3f009c33c726)
                           - _types.pyi (RegularFile, 2c59c801b2c4fb3c6177de5a5160ebd9)
                           - api (Directory, 11df11d3551a2a074f8456e2470eadc8)
                             - __init__.pyi (RegularFile, 39255ac1c80c135b8e4f11d8a0f07c61)
                             - build.pyi (RegularFile, 46d5195942133d5e3798f6fefaee8053)
                             - client.pyi (RegularFile, 1a5d5acfe787a1076b718e2ae60353c6)
                             - config.pyi (RegularFile, a7fcd4293576542123fbe37d1fb5adf8)
                             - container.pyi (RegularFile, ce72118dd9602e4f817b7be0367a5d3b)
                             - daemon.pyi (RegularFile, 141ed8125cfaaef1f23efd00e86ee423)
                             - exec_api.pyi (RegularFile, 9809f6511d265d0d7b1bb09d2126b693)
                             - image.pyi (RegularFile, 8f30ae3b6536b93818c573abadad6472)
                             - network.pyi (RegularFile, 1d47766adb2dd190925f263ce4e438db)
                             - plugin.pyi (RegularFile, 5a844f9c0de420e653ce2ebc47164abc)
                             - secret.pyi (RegularFile, 62fceac9f6baabe3ce564b3ccb539ad4)
                             - service.pyi (RegularFile, 019670816945a644729727bba5da60fa)
                             - swarm.pyi (RegularFile, 7c736b5eec60256cd636b1e76cd45010)
                             - volume.pyi (RegularFile, be33b37182c922d29b2172b909aefe5f)
                           - auth.pyi (RegularFile, d8cb554b12bccbbfc2b55ef613b77ac9)
                           - client.pyi (RegularFile, ded70c1ba261103de77c8b4732711c13)
                           - constants.pyi (RegularFile, 0e963e105a0e238fc0e79721a28ff8c2)
                           - context (Directory, 7423b6facc36085d34c966a5964bfab3)
                             - __init__.pyi (RegularFile, 28df0ecc1b8ebbd7e6fbd5da5d10999d)
                             - api.pyi (RegularFile, 4d272dc8672e9838913cb19d8e7fe2b5)
                             - config.pyi (RegularFile, ce929f55987a1ac493a711eb10731369)
                             - context.pyi (RegularFile, f582d47019d34d0128f5429c9c02039b)
                           - credentials (Directory, 672d6e1443dd8582f95a0e27146a0f9b)
                             - __init__.pyi (RegularFile, 9f214b670594847d91146b2b5119a299)
                             - constants.pyi (RegularFile, ffb52fa935244d9352ebb298ae0b676f)
                             - errors.pyi (RegularFile, 61bb1862e98ae3314944728f187cc5c7)
                             - store.pyi (RegularFile, 66d90aa39174443a2011a07022e120c1)
                             - utils.pyi (RegularFile, 59d3b3e76e9d60685ed3a79be0ad1e72)
                           - errors.pyi (RegularFile, aa05c5e0235126f33be4380ec1fe7dd4)
                           - models (Directory, 359ab7a5f2bc0990a64e0068dec5872c)
                             - __init__.pyi (RegularFile, f571933bb948577b1f9f3076fb8fc7c6)
                             - configs.pyi (RegularFile, 7a4193c3f8260f32ecd9f98eab2d8734)
                             - containers.pyi (RegularFile, 771e2387a05fdf2721bce47f55a93366)
                             - images.pyi (RegularFile, 52f739dda352e3f209727a23c374b20b)
                             - networks.pyi (RegularFile, 6a178b75c294a988fc83b5c2d904d734)
                             - nodes.pyi (RegularFile, d6ad416843178cd13c5e5b30c04aea7d)
                             - plugins.pyi (RegularFile, 97b28ffda9a0b97621511de93ea721b4)
                             - resource.pyi (RegularFile, 1e13cfe0f1acca0369924754ef0ea57b)
                             - secrets.pyi (RegularFile, 337c2bc1ec339631c15e71dec0690221)
                             - services.pyi (RegularFile, a931669bfb3f6338ae1c1dc05a909707)
                             - swarm.pyi (RegularFile, 6fdb59cbc76eac1cc18e8f7b4140fd53)
                             - volumes.pyi (RegularFile, fd3c73328cd008945424b6b71d141ae5)
                           - tls.pyi (RegularFile, 82b941671c0ae63655397e6b197783ce)
                           - transport (Directory, ca4bb95afbc3bfcab692f48cbfc88634)
                             - __init__.pyi (RegularFile, c2bc6623a288836ff623b1c167cd7738)
                             - basehttpadapter.pyi (RegularFile, fd5d1083655be6b1552487cd60e4cd86)
                             - npipeconn.pyi (RegularFile, 9ab31ed10a226ac808c5909231689442)
                             - npipesocket.pyi (RegularFile, 0ce6750c327648bb868cc2b6ccfef896)
                             - sshconn.pyi (RegularFile, 5f45566024691298b29fe85304d9019b)
                             - unixconn.pyi (RegularFile, d381e330cf00a4f937a1b6fd9f5510ff)
                           - types (Directory, 4a5e135dddbdda09d23b71ad88318b7f)
                             - __init__.pyi (RegularFile, 7f6032f0cd161e33bdfc8d6d82502d8b)
                             - base.pyi (RegularFile, b8989afcee773ecc7120f9fa254343c3)
                             - containers.pyi (RegularFile, a275faa7c941b8649353bfcc7ddfe855)
                             - daemon.pyi (RegularFile, fd4ee8decfb18b597ea3c25ba452a973)
                             - healthcheck.pyi (RegularFile, 41e80980bf8273777353c1cc16462a65)
                             - networks.pyi (RegularFile, 711a422b95c95c7b0055f2772326d844)
                             - services.pyi (RegularFile, b2b8c40389b6075312ae1d3930bd3333)
                             - swarm.pyi (RegularFile, 93499ba37bbbebfbc288e5f2d85b5477)
                           - utils (Directory, 6ecdc7cef5d46b4ed1a7cc0475ee9831)
                             - __init__.pyi (RegularFile, 1613305efcad9c14b5e4f53f80503c4a)
                             - build.pyi (RegularFile, ab76dcfdbefa88912a24c7c165025a38)
                             - config.pyi (RegularFile, 78cb9f16d977bf2249875d6d72c5b307)
                             - decorators.pyi (RegularFile, e406047ad2d4bc59e5c70a76c6ac598c)
                             - fnmatch.pyi (RegularFile, 39dd6b0b4bffc54dd148b42b53879cd7)
                             - json_stream.pyi (RegularFile, 4472133ad0d99478a89e5f3f7ac05a2f)
                             - ports.pyi (RegularFile, f0db2e7ad55baf7808c1334b1e76b28c)
                             - proxy.pyi (RegularFile, 15fc538177c888040d82ecb07db8f586)
                             - socket.pyi (RegularFile, fd9610fa0200da5ed9011905afbf7bb7)
                             - utils.pyi (RegularFile, 551454aeca8c782f660262b8e710652d)
                           - version.pyi (RegularFile, 4f674eb8f556927c4aefa3c7c517cee5)
                         - METADATA.toml (RegularFile, a14859f76551e146b8eb7c7bd0c16fa1)
                       - dockerfile-parse (Directory, 4fb810c9e75986433e786a3003b5c406)
                         - dockerfile_parse (Directory, 7393d4e7efefd0fc69a7426401018914)
                           - __init__.pyi (RegularFile, e2a5b8832d6c57d6738f17c2cc3dc4a5)
                           - constants.pyi (RegularFile, c8d2dfb3cb18388053b6ba70396789e6)
                           - parser.pyi (RegularFile, c7531daa340da1ca97e967525f4dffd2)
                           - util.pyi (RegularFile, e091c380a31b4be03adfec0c003b541a)
                         - METADATA.toml (RegularFile, e77ce8899d1e88df0c199e53edda405f)
                       - docutils (Directory, 360890a2f23572abe71d62487344c6f0)
                         - @tests (Directory, ce557ce83fa384aa55703a21ab85ff81)
                           - stubtest_allowlist.txt (RegularFile, 845d9e5c4a610f8026a8ca92fc86e651)
                         - docutils (Directory, e8140f00b49270b307964db6de219548)
                           - __init__.pyi (RegularFile, 989f33d2540ba6b4fc6a9288aae61944)
                           - __main__.pyi (RegularFile, d4a22ef7f4b9f175c7c82df128218d1b)
                           - core.pyi (RegularFile, 69f1c938a0e4c3e002451621379768d5)
                           - examples.pyi (RegularFile, 7e588e425ab604244145090ac59d8fa6)
                           - frontend.pyi (RegularFile, dbe618d2e9bc48cc31e7e1a3894d9dde)
                           - io.pyi (RegularFile, 2f28c4222fd48d72cce12e88309923b9)
                           - languages (Directory, 78921c9ca63eeb73b8c0f4f13284194d)
                             - __init__.pyi (RegularFile, fe1cb7c41c9825b58e8fea3b042c227e)
                             - af.pyi (RegularFile, 7a39668fe9387759a6943fc8cc6bf2fc)
                             - ar.pyi (RegularFile, 60621d135d33162ff2cb9c3015dcb974)
                             - ca.pyi (RegularFile, 7a39668fe9387759a6943fc8cc6bf2fc)
                             - cs.pyi (RegularFile, 7a39668fe9387759a6943fc8cc6bf2fc)
                             - da.pyi (RegularFile, 7a39668fe9387759a6943fc8cc6bf2fc)
                             - de.pyi (RegularFile, 7a39668fe9387759a6943fc8cc6bf2fc)
                             - en.pyi (RegularFile, 7a39668fe9387759a6943fc8cc6bf2fc)
                             - eo.pyi (RegularFile, 7a39668fe9387759a6943fc8cc6bf2fc)
                             - es.pyi (RegularFile, 204def4e0c2b1c44e4eec7a694c72c56)
                             - fa.pyi (RegularFile, 60621d135d33162ff2cb9c3015dcb974)
                             - fi.pyi (RegularFile, 7a39668fe9387759a6943fc8cc6bf2fc)
                             - fr.pyi (RegularFile, 7a39668fe9387759a6943fc8cc6bf2fc)
                             - gl.pyi (RegularFile, 7a39668fe9387759a6943fc8cc6bf2fc)
                             - he.pyi (RegularFile, 7a39668fe9387759a6943fc8cc6bf2fc)
                             - it.pyi (RegularFile, 7a39668fe9387759a6943fc8cc6bf2fc)
                             - ja.pyi (RegularFile, 7a39668fe9387759a6943fc8cc6bf2fc)
                             - ka.pyi (RegularFile, 7a39668fe9387759a6943fc8cc6bf2fc)
                             - ko.pyi (RegularFile, 7a39668fe9387759a6943fc8cc6bf2fc)
                             - lt.pyi (RegularFile, 7a39668fe9387759a6943fc8cc6bf2fc)
                             - lv.pyi (RegularFile, 7a39668fe9387759a6943fc8cc6bf2fc)
                             - nl.pyi (RegularFile, 7a39668fe9387759a6943fc8cc6bf2fc)
                             - pl.pyi (RegularFile, 7a39668fe9387759a6943fc8cc6bf2fc)
                             - pt_br.pyi (RegularFile, 7a39668fe9387759a6943fc8cc6bf2fc)
                             - ru.pyi (RegularFile, 7a39668fe9387759a6943fc8cc6bf2fc)
                             - sk.pyi (RegularFile, 7a39668fe9387759a6943fc8cc6bf2fc)
                             - sv.pyi (RegularFile, 7a39668fe9387759a6943fc8cc6bf2fc)
                             - uk.pyi (RegularFile, 7a39668fe9387759a6943fc8cc6bf2fc)
                             - zh_cn.pyi (RegularFile, adf0217ca649f65bc3fedf2c79544699)
                             - zh_tw.pyi (RegularFile, adf0217ca649f65bc3fedf2c79544699)
                           - nodes.pyi (RegularFile, 238e132bbf94bab8f684c28c73456eb5)
                           - parsers (Directory, f0bc71c906c0d0ab2086e3c4e7b4f27d)
                             - __init__.pyi (RegularFile, be05c3723315c114b7662ba131dd2be8)
                             - commonmark_wrapper.pyi (RegularFile, 32095f7f23737089767a9166a3c49b9e)
                             - docutils_xml.pyi (RegularFile, 29de11d751833495f51c71e74f5056b9)
                             - null.pyi (RegularFile, a661b6455b9ab9fe622bcad2c29c0c79)
                             - recommonmark_wrapper.pyi (RegularFile, f27dc922e1a4fb81800a6e64ac4d233f)
                             - rst (Directory, 90365841ae3939a51e7c64f9df9533e1)
                               - __init__.pyi (RegularFile, ce48d61f1f5ab21442bf195ac7d47dce)
                               - directives (Directory, 42df838d02002af1b07f76f4a2a62f4d)
                                 - __init__.pyi (RegularFile, bbd82f88966f67903baef4526a3c66b6)
                                 - admonitions.pyi (RegularFile, 7087720e3f625941dff13cf1141348af)
                                 - body.pyi (RegularFile, eddc793dac90a8b01c231d2785e2ceb0)
                                 - html.pyi (RegularFile, e6f1ca3c9ae68e9ceb802a3f57dc8227)
                                 - images.pyi (RegularFile, a56435515ea7854b4ee8fbd69e3f09b2)
                                 - misc.pyi (RegularFile, 718a58645c4d697a78304ffe2e72959b)
                                 - parts.pyi (RegularFile, 6f8a4a63791b3aab76e3ff0cc3cf7e72)
                                 - references.pyi (RegularFile, f7d6a00fbd7392a2116b93fd1e883fac)
                                 - tables.pyi (RegularFile, fc279911b51d577e8d0c8179aa29db4d)
                               - languages (Directory, 3074057a5913f67bfdc1b4cb8a3edd8a)
                                 - __init__.pyi (RegularFile, be2c7d7f1a10fc9bc453e25dd3a77743)
                                 - af.pyi (RegularFile, 4d76e23b3b07ba9229ccc9f31849fe6c)
                                 - ar.pyi (RegularFile, 4d76e23b3b07ba9229ccc9f31849fe6c)
                                 - ca.pyi (RegularFile, 4d76e23b3b07ba9229ccc9f31849fe6c)
                                 - cs.pyi (RegularFile, 4d76e23b3b07ba9229ccc9f31849fe6c)
                                 - da.pyi (RegularFile, 4d76e23b3b07ba9229ccc9f31849fe6c)
                                 - de.pyi (RegularFile, 4d76e23b3b07ba9229ccc9f31849fe6c)
                                 - en.pyi (RegularFile, 4d76e23b3b07ba9229ccc9f31849fe6c)
                                 - eo.pyi (RegularFile, 4d76e23b3b07ba9229ccc9f31849fe6c)
                                 - es.pyi (RegularFile, 4d76e23b3b07ba9229ccc9f31849fe6c)
                                 - fa.pyi (RegularFile, 4d76e23b3b07ba9229ccc9f31849fe6c)
                                 - fi.pyi (RegularFile, 4d76e23b3b07ba9229ccc9f31849fe6c)
                                 - fr.pyi (RegularFile, 4d76e23b3b07ba9229ccc9f31849fe6c)
                                 - gl.pyi (RegularFile, 4d76e23b3b07ba9229ccc9f31849fe6c)
                                 - he.pyi (RegularFile, 4d76e23b3b07ba9229ccc9f31849fe6c)
                                 - it.pyi (RegularFile, 4d76e23b3b07ba9229ccc9f31849fe6c)
                                 - ja.pyi (RegularFile, 4d76e23b3b07ba9229ccc9f31849fe6c)
                                 - ka.pyi (RegularFile, 4d76e23b3b07ba9229ccc9f31849fe6c)
                                 - ko.pyi (RegularFile, 4d76e23b3b07ba9229ccc9f31849fe6c)
                                 - lt.pyi (RegularFile, 4d76e23b3b07ba9229ccc9f31849fe6c)
                                 - lv.pyi (RegularFile, 4d76e23b3b07ba9229ccc9f31849fe6c)
                                 - nl.pyi (RegularFile, 4d76e23b3b07ba9229ccc9f31849fe6c)
                                 - pl.pyi (RegularFile, 4d76e23b3b07ba9229ccc9f31849fe6c)
                                 - pt_br.pyi (RegularFile, 4d76e23b3b07ba9229ccc9f31849fe6c)
                                 - ru.pyi (RegularFile, 4d76e23b3b07ba9229ccc9f31849fe6c)
                                 - sk.pyi (RegularFile, 4d76e23b3b07ba9229ccc9f31849fe6c)
                                 - sv.pyi (RegularFile, 4d76e23b3b07ba9229ccc9f31849fe6c)
                                 - uk.pyi (RegularFile, 4d76e23b3b07ba9229ccc9f31849fe6c)
                                 - zh_cn.pyi (RegularFile, 4d76e23b3b07ba9229ccc9f31849fe6c)
                                 - zh_tw.pyi (RegularFile, 4d76e23b3b07ba9229ccc9f31849fe6c)
                               - roles.pyi (RegularFile, ecf2461c1aae82b5761a708f0288d588)
                               - states.pyi (RegularFile, 006f5910569b7fa0f493cfc6a5eb3fe8)
                               - tableparser.pyi (RegularFile, ee75dd334008e2a6dfcc2d0ed1cd7f96)
                           - readers (Directory, 6f5603b1d42c8141be9828b3060f00a0)
                             - __init__.pyi (RegularFile, 1a4af1eecc45d1da2331b665e26a04ea)
                             - doctree.pyi (RegularFile, ac109677d475a2300cf7879172f28424)
                             - pep.pyi (RegularFile, a538428103b51df138a24bb138aa9389)
                             - standalone.pyi (RegularFile, e27c68a1959806ce32f70c94e8296ea8)
                           - statemachine.pyi (RegularFile, 3f01f084785e00a04d60bc7608174fe7)
                           - transforms (Directory, af668dec0491182035592f0b2aca7831)
                             - __init__.pyi (RegularFile, 36ffb99c579ead8871f5487db0527ea1)
                             - components.pyi (RegularFile, 9ebaafadd901485908b58e8723f3c36a)
                             - frontmatter.pyi (RegularFile, e74d2618f51aeda1e278d099aa1634f6)
                             - misc.pyi (RegularFile, 41848afbad28e26f70e5bc48000b88a5)
                             - parts.pyi (RegularFile, d003bdc0d8027c097f1b19367037871a)
                             - peps.pyi (RegularFile, 0fb6baa11242d4b491dbce780ef71876)
                             - references.pyi (RegularFile, bfd64e94fae49b6f32d1c4711bde7934)
                             - universal.pyi (RegularFile, 0ca5adbb7dd9a68b9f67f18643766b26)
                             - writer_aux.pyi (RegularFile, 6d3280bfe16d7a3d9942ff4058b4ae56)
                           - utils (Directory, a25ae5c34337d5f51fed8aeee12c1bda)
                             - __init__.pyi (RegularFile, 6013f2d027395407613a152032fdf648)
                             - _roman_numerals.pyi (RegularFile, 9ff5484bf5bd69b1432db504d4eb907b)
                             - code_analyzer.pyi (RegularFile, 2160d4b39ec0b5f7a55c27ca07f3da4b)
                             - math (Directory, 0b33d81741d61fe7d693f474f8cc88c7)
                               - __init__.pyi (RegularFile, 006e4db0c5eb78b9c1e50dede80f63e5)
                               - latex2mathml.pyi (RegularFile, 7fff73bb10d790574a9f9b8f6f846fce)
                               - math2html.pyi (RegularFile, 8523c59478805b3e83f44d4f6d936667)
                               - mathalphabet2unichar.pyi (RegularFile, 10b1b8758f799034c6b6d5501a69efce)
                               - mathml_elements.pyi (RegularFile, 2f9c9c452beafbcffaadd8ce0b8d2945)
                               - tex2mathml_extern.pyi (RegularFile, c223dc49f85815f78e42d0c5153965ff)
                               - tex2unichar.pyi (RegularFile, f332810513ad45f93b342a474cceb166)
                               - unichar2tex.pyi (RegularFile, 9a665d4f039df4553867af19f4a1741f)
                             - punctuation_chars.pyi (RegularFile, 7f4ee9339ea777fa384d9b92aea8153a)
                             - smartquotes.pyi (RegularFile, 1aa4bf3c7605d551bc433ff253a4e78b)
                             - urischemes.pyi (RegularFile, bddcaac25c1269749aadc2727aedc5c5)
                           - writers (Directory, 82105c013db889a1cc1c3984b5c97c1c)
                             - __init__.pyi (RegularFile, 7632c67a60dfe12d4a789ce9730670a0)
                             - _html_base.pyi (RegularFile, 1e733a6dca457fec77dd6bc068305640)
                             - docutils_xml.pyi (RegularFile, 5fcf3fc6e10b997db5d318e1568c1b80)
                             - html4css1 (Directory, a2f6ebf33f510522aecca37377a468ca)
                               - __init__.pyi (RegularFile, b33760c0c72af5517dbdd223448e06ca)
                             - html5_polyglot (Directory, 0627c69b994402902a0ea48c2fb0d4be)
                               - __init__.pyi (RegularFile, d311142fc6b3b94746b67d40924fae19)
                             - latex2e (Directory, 0ab518b47eeab6aac19261658e83e92c)
                               - __init__.pyi (RegularFile, 6bc8be73e204a5f03db2c2247f910970)
                             - manpage.pyi (RegularFile, c84bcb3af9ab1e50465e9ae566d4e20b)
                             - null.pyi (RegularFile, 318ebf0f62b0fdd27f29d9921c8201ef)
                             - odf_odt (Directory, e802f619c7f2eadcc69b69026121a8b2)
                               - __init__.pyi (RegularFile, 1f452e9a90619b9920c57984be6fddc3)
                               - prepstyles.pyi (RegularFile, e27d15d0f143799347d69624e37dc889)
                               - pygmentsformatter.pyi (RegularFile, 2a00980583aecd7428f6fdbfb016aa14)
                             - pep_html (Directory, 72e9164eb4c95d04342b1ec1d41a9f05)
                               - __init__.pyi (RegularFile, 3e69d0a5819feb1d9b4da7a3bdf55238)
                             - pseudoxml.pyi (RegularFile, 6e1582f680a66eceac793806f42833f1)
                             - s5_html (Directory, 07d29111c51e7c0a246e4bf64e081d40)
                               - __init__.pyi (RegularFile, a3f805b9d3f9446d9cd1ab2e7ddb11ea)
                             - xetex (Directory, 32bae3bd435c4521635188a6426b43bd)
                               - __init__.pyi (RegularFile, affa06e7b492dab9b437e2bb79bdaffd)
                         - METADATA.toml (RegularFile, 2b7858c7ed24f2da3b423bcb1262eac0)
                       - editdistance (Directory, 56a507b18f722c676fa39f128c595355)
                         - @tests (Directory, d779efc78954b3a35b993b27d6a3a413)
                           - stubtest_allowlist.txt (RegularFile, 9e527aefba138c64d26a40594fe933d4)
                         - editdistance (Directory, fc0d53410becc3035782644a35b98186)
                           - __init__.pyi (RegularFile, 6ac11b693bc64e5af8c7a172f509dbe6)
                         - METADATA.toml (RegularFile, b3e8ef721438c462648451c4f4809a1d)
                       - entrypoints (Directory, 1b370197e6eb3eee08b2c21f11dcf97c)
                         - @tests (Directory, 77a486a45bc2689e54557756bb67932d)
                           - stubtest_allowlist.txt (RegularFile, 50a3ee75eceb8eca137073c70a69a7dd)
                         - entrypoints.pyi (RegularFile, 2b27b1504bb119a593cd4141039bfaac)
                         - METADATA.toml (RegularFile, 5f93f688d9b74109d1c86906fca95241)
                       - ExifRead (Directory, a673308decedfef0a18a88783fb85a44)
                         - @tests (Directory, 1714b05ca9249fd20e5844f88ce0a8f6)
                           - stubtest_allowlist.txt (RegularFile, 2e467269d93b1b915da5f9e50b7769f6)
                         - exifread (Directory, 5bc45213b4346cbc66ca7a6b24845fb7)
                           - __init__.pyi (RegularFile, 9535ae4ac3284e5bd491c5bd10794b41)
                           - _types.pyi (RegularFile, ab46adaa3d732d96836ebdcc3a5bdd10)
                           - classes.pyi (RegularFile, fe7ec70a3b548463a3d3ce35f6df38e0)
                           - exceptions.pyi (RegularFile, c3b9c28f242e3674e975dd28f251521f)
                           - exif_log.pyi (RegularFile, a5a523fafe98a2d96779ae46ffcc1d64)
                           - heic.pyi (RegularFile, e5269e4ed3f6502ad2799a428580ea6f)
                           - jpeg.pyi (RegularFile, c00626fcc01e9de28bf22fc9ab666e58)
                           - tags (Directory, 484a2793f58fba5a6d35a1f11bb7a3f2)
                             - __init__.pyi (RegularFile, 99d08048f1504d70fb219c77f4cea62c)
                             - exif.pyi (RegularFile, dfd58fa58fd09c7e1eecdabaadde69af)
                             - makernote (Directory, 76e34f53ce3a13dc0716d8180a1a0609)
                               - __init__.pyi (RegularFile, f571933bb948577b1f9f3076fb8fc7c6)
                               - apple.pyi (RegularFile, 677c39777e7b5a6551fdb76a7def0664)
                               - canon.pyi (RegularFile, a6ce02bd4b7c15bd0c3618b13a3c8b67)
                               - casio.pyi (RegularFile, 677c39777e7b5a6551fdb76a7def0664)
                               - fujifilm.pyi (RegularFile, 677c39777e7b5a6551fdb76a7def0664)
                               - nikon.pyi (RegularFile, 596ca8589259d046bdab6f12e3a1df06)
                               - olympus.pyi (RegularFile, 490958a8bcbcacea6b6a333752a4337b)
                           - utils.pyi (RegularFile, e6427a3718f61c5416fc0ec36e61e70c)
                         - METADATA.toml (RegularFile, 55284e9eccaddad7f66c75a874e2c3e3)
                       - fanstatic (Directory, 96900a4f061fcc4555127bf673bccd8b)
                         - @tests (Directory, 8ab7a7c8b12b002d72fc15392d6a6c53)
                           - stubtest_allowlist.txt (RegularFile, 8094ccb49feb524348879d7e6bec3298)
                         - fanstatic (Directory, ef4c2d733060f0840d49bbf302592fd9)
                           - __init__.pyi (RegularFile, de11e1d9b183c7ea98a791035b468624)
                           - checksum.pyi (RegularFile, 2965f0501f1257499261a28dc0fc1d47)
                           - compiler.pyi (RegularFile, b63530a1a741ee0b83ee60ff4eee1a49)
                           - config.pyi (RegularFile, cb28bafb74547c27d9d2bf3618e67c4c)
                           - core.pyi (RegularFile, 6bbfac4ef9bab9b8708f761e1c3609b2)
                           - inclusion.pyi (RegularFile, 7a550fbcff93115eecd55433006ae16d)
                           - injector.pyi (RegularFile, 376322dc0eecb24466ca9943d5ba3f06)
                           - publisher.pyi (RegularFile, eea499a199c06b03bebe67a32919129e)
                           - registry.pyi (RegularFile, 72759b013662b6ac59c8d71766ec0e89)
                           - wsgi.pyi (RegularFile, c61e75f9b1dbff7b2f4d58f4f006cf7e)
                         - METADATA.toml (RegularFile, 690e465f38070ab0421bb9635f50bea1)
                       - first (Directory, adab69023771642956aba970079613c9)
                         - first.pyi (RegularFile, 475de84f36b22d3422cb4f53a3d72ee2)
                         - METADATA.toml (RegularFile, c27a3a7c58b71c913a1770932e508a93)
                       - flake8 (Directory, 455de7ba94e5f6d5db3aff0e82563a74)
                         - @tests (Directory, 48289db2023d2af74b4820f613fefda2)
                           - stubtest_allowlist.txt (RegularFile, fd307f6ff3aec46726fcec0ebbaef2f4)
                         - flake8 (Directory, 6f57cb6e24f5828614e80e21e962e3e3)
                           - __init__.pyi (RegularFile, 219eb02b116434d17b14ced8fd306f61)
                           - _compat.pyi (RegularFile, cd1b0395ca23282a533b8600a89276a1)
                           - api (Directory, 02b841360b4ac0db02f4c940949c14a9)
                             - __init__.pyi (RegularFile, f571933bb948577b1f9f3076fb8fc7c6)
                             - legacy.pyi (RegularFile, 3d21beb6cd0aad29695af4ac70769e70)
                           - checker.pyi (RegularFile, 36972bf48c7756d96f3ab1cdba02c870)
                           - defaults.pyi (RegularFile, f64a1465b3c9322e1235766c391377d1)
                           - discover_files.pyi (RegularFile, 5ceb6149d925fb68ec3fdd9202238b6d)
                           - exceptions.pyi (RegularFile, 1470ae7aad854b384e4d1b826c35f552)
                           - formatting (Directory, ce283f050bb366a6828d03fe838aff32)
                             - __init__.pyi (RegularFile, f571933bb948577b1f9f3076fb8fc7c6)
                             - _windows_color.pyi (RegularFile, ac5798df831c7c9c18bda545800a1c91)
                             - base.pyi (RegularFile, a9fa911ef07d48a895e5ff220c5ce459)
                             - default.pyi (RegularFile, f3cb4182251d5e9605851240328ff784)
                           - main (Directory, 053bf5cb33041e887cf0c73463d8ef04)
                             - __init__.pyi (RegularFile, f571933bb948577b1f9f3076fb8fc7c6)
                             - application.pyi (RegularFile, 9ff0813b970ce306fbbe3e37bcb7f053)
                             - cli.pyi (RegularFile, 7462da8d7907d5fe6694b832c406b7ff)
                             - debug.pyi (RegularFile, f8be9adf45cbad4d3a72033f7b5b4bd0)
                             - options.pyi (RegularFile, ccf17eaa587b4967bdcfe025e5055567)
                           - options (Directory, d2420934fa4d66bb550b5f244cbfb5fb)
                             - __init__.pyi (RegularFile, f571933bb948577b1f9f3076fb8fc7c6)
                             - aggregator.pyi (RegularFile, 8485c733babccdb2a76097cbf0a8572c)
                             - config.pyi (RegularFile, f4dc7856761aa092d1f749d5ea7bbe7d)
                             - manager.pyi (RegularFile, 7dd1f66680e20a72c2f65ccfcc00d123)
                             - parse_args.pyi (RegularFile, c0c07996055f272cd4343751a5696b60)
                           - plugins (Directory, 65b921cb234c5f1a79bbe0087c095dd0)
                             - __init__.pyi (RegularFile, f571933bb948577b1f9f3076fb8fc7c6)
                             - finder.pyi (RegularFile, 84d4e548b9430e5a8caa7bfa01f95feb)
                             - pycodestyle.pyi (RegularFile, c5cd4e2d35cbd0e220250fab460ed079)
                             - pyflakes.pyi (RegularFile, efec082572a2a8ea6a593d33f8794376)
                             - reporter.pyi (RegularFile, 792cd18fc4b6a234ddf372e165131eed)
                           - processor.pyi (RegularFile, 231c89c94e640d552c1be3ce8f909a43)
                           - statistics.pyi (RegularFile, 8be8c22776aa9a4386dfd7a3355bd43f)
                           - style_guide.pyi (RegularFile, d20c12115bce10842818c4053927e996)
                           - utils.pyi (RegularFile, e0202e29711ab46d0299fd63483b6766)
                           - violation.pyi (RegularFile, 1b3f776b3970b8858d06ca3c93245d07)
                         - METADATA.toml (RegularFile, 1a8802fc54f3d5bc51640a54e0d03947)
                       - flake8-bugbear (Directory, 79320bd55810efe6d7790c7e1e748a42)
                         - @tests (Directory, 09c4e56eed8868512d034b222d169107)
                           - stubtest_allowlist.txt (RegularFile, eb84d1ec31e5a179d3f92898f7ab944d)
                         - bugbear.pyi (RegularFile, 490e49c6314101cbbfcb95564c968229)
                         - METADATA.toml (RegularFile, 0af7af686dfb0f76da2f45291cbc4ea0)
                       - flake8-builtins (Directory, ea0d120bf9d54101fdd5ca41139fa2ed)
                         - flake8_builtins.pyi (RegularFile, 716f3a8f9da88630cd7aaeca7552ed62)
                         - METADATA.toml (RegularFile, 9cea263725078cadb54d6a09e432bfdf)
                       - flake8-docstrings (Directory, 134b7bd3a8f8972e00c4e9f402b12363)
                         - flake8_docstrings.pyi (RegularFile, 8bffcd419eac072fa2ac6dbdb19ccb54)
                         - METADATA.toml (RegularFile, aec421686ef51e7d41c6bd533c6f3029)
                       - flake8-rst-docstrings (Directory, 76aed781a45d3b382beba7a4fd14420e)
                         - flake8_rst_docstrings.pyi (RegularFile, f337890328a09ece038ac9ffe1f235d9)
                         - METADATA.toml (RegularFile, 79601838723686e20ac693fdf17d5a5f)
                       - flake8-simplify (Directory, 1d741a10ca52bfa3eac6f2a9d55d65ad)
                         - flake8_simplify (Directory, 938ab9be6ef0cdc3f4c0427857993dbd)
                           - __init__.pyi (RegularFile, 35c282b4c34947de098d206d6ed0ad19)
                           - constants.pyi (RegularFile, 218579e3e3444ce52c1bb117011f056d)
                           - rules (Directory, 8d97765a1ca791ceec6de37d7c2eee4b)
                             - __init__.pyi (RegularFile, f571933bb948577b1f9f3076fb8fc7c6)
                             - ast_assign.pyi (RegularFile, 25cfb4373bafaeb6f3b54859de522df2)
                             - ast_bool_op.pyi (RegularFile, cddce745a0e0df1f4a5db7c9c630760b)
                             - ast_call.pyi (RegularFile, e0cd8d344fdba160c4710cca0ba19c49)
                             - ast_classdef.pyi (RegularFile, 043129a8bac6b7018201373f22c756fd)
                             - ast_compare.pyi (RegularFile, 850de9208f09a3143702f9e06d63391d)
                             - ast_expr.pyi (RegularFile, 6a90ae635c1c2ac1bcb86680b4e108d1)
                             - ast_for.pyi (RegularFile, 575e0017fe2b24a0b5a6fb806d2c229a)
                             - ast_if.pyi (RegularFile, 137c8fc35deeed3ce70c6779276e0265)
                             - ast_ifexp.pyi (RegularFile, 79a524e61fa8f37f67805b78bcdcc023)
                             - ast_subscript.pyi (RegularFile, e3d81f3fe54fbd16443126056f1c3cb4)
                             - ast_try.pyi (RegularFile, 48ab21c2e8f79c3af6303c84255b9967)
                             - ast_unary_op.pyi (RegularFile, 01bbbe939fb4a1c88b2d6aa2cad2ed12)
                             - ast_with.pyi (RegularFile, d6eb8261d599ce23f043d561f17b9ed3)
                           - utils.pyi (RegularFile, 60871d8df2d4c15ef6171b3e93183943)
                         - METADATA.toml (RegularFile, bb1d76113c656fba882cccd40b2534d1)
                       - flake8-typing-imports (Directory, 37069d37f93b369de8cda11ebff42251)
                         - flake8_typing_imports.pyi (RegularFile, 511a71a107eefd777c5ba8790156abe5)
                         - METADATA.toml (RegularFile, e581edcb19b2f352910c2ffe4a141904)
                       - Flask-Cors (Directory, 80fafa82a2e7ef140367d599619dec72)
                         - flask_cors (Directory, 773d06bc73b1c43464bf6669023ef4c5)
                           - __init__.pyi (RegularFile, 9aba6135b402ea7e73f4f88b57a3fc29)
                           - core.pyi (RegularFile, 2b8a94e84121ccaf353868422f0db5dd)
                           - decorator.pyi (RegularFile, e35be39a1e207561f15381207a042cec)
                           - extension.pyi (RegularFile, 8c6ac9fa22a656d38ae13c4e46904bdc)
                           - version.pyi (RegularFile, 4f674eb8f556927c4aefa3c7c517cee5)
                         - METADATA.toml (RegularFile, 95916842448314d0997c425b4e9f3b0a)
                       - Flask-Migrate (Directory, 8d3d47a91df756dfc6152c50d1044e4e)
                         - @tests (Directory, cef1d5ff68760afbf4b6440cebba9534)
                           - stubtest_allowlist.txt (RegularFile, 383565934d30d9447ba5995709cd7dde)
                         - flask_migrate (Directory, 27e858459f35b0bc0f86ce50b76b424d)
                           - __init__.pyi (RegularFile, ec9a7eb6251beb09a0479000890e8da8)
                         - METADATA.toml (RegularFile, 5e9e1593209ae2de5b224c7a0ad31ef5)
                       - Flask-SocketIO (Directory, 31b8b65c3cb6cc27a3b91d7aba074d3a)
                         - @tests (Directory, 5a20dddab3405332b6b6dd8519e03353)
                           - stubtest_allowlist.txt (RegularFile, e19d51a92de38081b7fb2e57ce7b75ae)
                         - flask_socketio (Directory, 73671de7f77ade96f169c3fabddea54d)
                           - __init__.pyi (RegularFile, a440c76f7c2543f087f0141f2348c6bb)
                           - namespace.pyi (RegularFile, bd18e475724ac01b3dbea00f27121920)
                           - test_client.pyi (RegularFile, 97294e58889b1514dc2ef832f71cad71)
                         - METADATA.toml (RegularFile, 9fe1635d89eba4f108a87283c5502e52)
                       - Flask-SQLAlchemy (Directory, 23286c9d22fde6b9fc816c47ffeb01a8)
                         - @tests (Directory, ff9e80b4f2dd0847f90082795915ea04)
                           - stubtest_allowlist.txt (RegularFile, 1dc2e487ac1a57359c05b5f51b3a8212)
                         - flask_sqlalchemy (Directory, 4224986e40af05520af56c2c02a21cfd)
                           - __init__.pyi (RegularFile, 24acc683a8540298eefd1c12595b19f5)
                           - model.pyi (RegularFile, 62026d488066e9f7cc88152168b0b30a)
                           - utils.pyi (RegularFile, 8e88dba4dd286e75421e5ab276f522bc)
                         - METADATA.toml (RegularFile, 8569b438745ad37195ce5040a0511d60)
                       - fpdf2 (Directory, cde8f1e74861e6f4d403b72908e66b35)
                         - @tests (Directory, e2737c0b49f5875159153dc89df3baf3)
                           - stubtest_allowlist.txt (RegularFile, ce543ee3a5ca8ec25365ad861548f8d2)
                         - fpdf (Directory, 577f9d2c2d2688832238de1059f9b82f)
                           - __init__.pyi (RegularFile, 5616d2296997d7a054ad547f2ac8990a)
                           - _fonttools_shims.pyi (RegularFile, b11ff4e89abc0d11d844443d13b87904)
                           - actions.pyi (RegularFile, ddf7a7aad725e5fd39e30491f2938bb5)
                           - annotations.pyi (RegularFile, 933b6ea331d9cae64f239af1b6df8176)
                           - bidi.pyi (RegularFile, 05a137a0952d8d93649b6e501e888a29)
                           - deprecation.pyi (RegularFile, ae43bc874cf7e1eed29f68492870da48)
                           - drawing.pyi (RegularFile, 98e9dfb22d1da931f829976b976c042f)
                           - encryption.pyi (RegularFile, e2b7eb084cfe84e9a01020ae7655a369)
                           - enums.pyi (RegularFile, 52eca231fd42549cc0ab311ac15edcc7)
                           - errors.pyi (RegularFile, 156982f2e704cf816b4cc0a541675ec8)
                           - fonts.pyi (RegularFile, 6f1770580d87d25c1542172781d4ca4b)
                           - fpdf.pyi (RegularFile, 7425eb9b6d0dc4b0616f6defcaf2d1d5)
                           - graphics_state.pyi (RegularFile, 534b8bf12a9c520176eab5c9f9ab4964)
                           - html.pyi (RegularFile, 3b40f7270cfc066759d3de3575477652)
                           - image_datastructures.pyi (RegularFile, 05d1c463d231a463be3dfb24c95fd2b7)
                           - image_parsing.pyi (RegularFile, 620db88959c629379444b3525f333cac)
                           - line_break.pyi (RegularFile, 6480d63b0fa5c99289c8ba957479a35a)
                           - linearization.pyi (RegularFile, 98c70a9948c3b9ae1912e96e772b6316)
                           - outline.pyi (RegularFile, c3c44ef1f6498b98af12d7890f6bab3a)
                           - output.pyi (RegularFile, ba784233624c21419c8ccb8e8a38d872)
                           - pattern.pyi (RegularFile, 536ae5340ad2efc2ab4580d950e8af62)
                           - prefs.pyi (RegularFile, 05e11b2c0b9ed0a6cd3fe954695ed08c)
                           - recorder.pyi (RegularFile, 2ff8e6250a4ef4c9d4bce9f83df2a5ea)
                           - sign.pyi (RegularFile, d76f8f8ce1c43a5ee033c4b6e704d244)
                           - structure_tree.pyi (RegularFile, 4bbcd245c1a7cf653e68bf4eacdfdecf)
                           - svg.pyi (RegularFile, 7499cda5013368ef66b037651709e040)
                           - syntax.pyi (RegularFile, 8b601284f0761fa2ac0fbd9421121e5c)
                           - table.pyi (RegularFile, 013ad582880ffcec77ce2e51fba7d9c7)
                           - template.pyi (RegularFile, d98fa6b07cb1060c7e74b0ff366b9a76)
                           - text_region.pyi (RegularFile, c4c48bbaeb36c1b766501b25c7828954)
                           - transitions.pyi (RegularFile, bad51c5f06ee650716ec5c8a82cee294)
                           - unicode_script.pyi (RegularFile, ceaf78e77a11133b444c985b5a9c9dd1)
                           - util.pyi (RegularFile, 0c5db90086db4da06aa31896836024f3)
                         - METADATA.toml (RegularFile, 85eadf1d03199258556e2a6fc52e0b6c)
                       - gdb (Directory, 24bfa1d02df02971bed3e404b3b94bb2)
                         - @tests (Directory, 0d71856da66fd42a5e0aa65a46d1520f)
                           - stubtest_allowlist.txt (RegularFile, 77127fd5d5941c1fc29c974bae8e1488)
                         - gdb (Directory, 7b9edb2f69a51f9ff6de4d6e6a6b68bf)
                           - __init__.pyi (RegularFile, c5bf84e27f8a2dd993f300ef3d271207)
                           - dap (Directory, 5c57894a4ae759ccfd13b10158b11707)
                             - __init__.pyi (RegularFile, 690d8ff6c795b5bb6629234d0b2f4c37)
                             - breakpoint.pyi (RegularFile, 4845fe8d47f6d316ce9cae3399830c88)
                             - bt.pyi (RegularFile, 77aeeddb3b976b3f635436ff7ac14427)
                             - disassemble.pyi (RegularFile, 96382797699c522b15a61194cf12f813)
                             - evaluate.pyi (RegularFile, 98dadfe6153adc5592399c7c296c1fa6)
                             - events.pyi (RegularFile, fe1d160df8250cd9e6151f83f326965b)
                             - frames.pyi (RegularFile, ecc2a9174b06bd26865c08da4f0e8343)
                             - io.pyi (RegularFile, 9808d25da34d4b6c4f7f935402fbcfb9)
                             - launch.pyi (RegularFile, e7d8d143292159b306e18cc377a3b8bd)
                             - locations.pyi (RegularFile, 5c6588ab6305cd2efecd793f31ce8e24)
                             - memory.pyi (RegularFile, 9b412b78049046f4a867010e9bd23a00)
                             - modules.pyi (RegularFile, 8cec0b2568e4d493899f52d2dffa2aaf)
                             - next.pyi (RegularFile, 423788e2b36689ae68e264415ab08194)
                             - pause.pyi (RegularFile, 89bb7675477fe90ae945c523b8f7b2cf)
                             - scopes.pyi (RegularFile, 14b02ed14e6412f240c7acb35f737d8c)
                             - server.pyi (RegularFile, 5b2e6b00efadf708fe9f0fc7494b5600)
                             - sources.pyi (RegularFile, ba2150d9fe3a5c5dfade6ffad65e7f94)
                             - startup.pyi (RegularFile, ae5e1a59d4331cbe01322dafdae98936)
                             - state.pyi (RegularFile, eed1bc7926745a275d638ffee45c34ff)
                             - threads.pyi (RegularFile, 0103b522a817aadf97ff53c8df358e10)
                             - typecheck.pyi (RegularFile, e8e169f49e06250e785684f630181998)
                             - varref.pyi (RegularFile, db8e673811781531672b6f7ddccb0930)
                           - disassembler.pyi (RegularFile, 82dce39b5b5b8ec0facff90fbbf696e9)
                           - events.pyi (RegularFile, 9e8973fe39bd3018eee542e2bf17fc23)
                           - FrameDecorator.pyi (RegularFile, 19bdecb245dcabaf489847ccc8ab9291)
                           - FrameIterator.pyi (RegularFile, f961f74ee90aa6ffb4da8f807b5fd080)
                           - missing_debug.pyi (RegularFile, 7b43a004885bc7c9071395fa186da2c1)
                           - missing_files.pyi (RegularFile, dd5fc6856ca2f7c463a76310d7a7260e)
                           - missing_objfile.pyi (RegularFile, b6cb7969e342dd9b6a10f9ae58570cd5)
                           - printing.pyi (RegularFile, 019e2ac8f5758bf65e31521c7407800c)
                           - prompt.pyi (RegularFile, e08cc76a067600d411d96be02632d231)
                           - types.pyi (RegularFile, fb6f46226c27afd311726c7577e7d3ec)
                           - unwinder.pyi (RegularFile, e0e0e881b6139c8619087efa6f2f5f0d)
                           - xmethod.pyi (RegularFile, 957e507ae84a232c35bad4a884077c94)
                         - METADATA.toml (RegularFile, 141170700c23b9ba1a36abe4e621a4eb)
                       - geopandas (Directory, 9cdd019056868b247812bedef481e6ed)
                         - @tests (Directory, 801bc6989758deb870b83b3643002d3f)
                           - stubtest_allowlist.txt (RegularFile, 42c7cd3069d567355a716c645aa2e663)
                         - geopandas (Directory, 3072c380dc8ae7811214eb24c9878868)
                           - __init__.pyi (RegularFile, 117be4b39bede4222eb3d081286e18b4)
                           - _config.pyi (RegularFile, d4d59e4f1e7993291c288a3db18109b8)
                           - _decorator.pyi (RegularFile, 005e7354657dd9f985d1c9eb8dfb436e)
                           - _exports.pyi (RegularFile, 5f406129539c11c290313aa6edf5ac40)
                           - accessors.pyi (RegularFile, 300cbeffa91cdbc2ceba725e44f6eb65)
                           - array.pyi (RegularFile, 6d454d1d1cacdadf5c44e36a386b4e04)
                           - base.pyi (RegularFile, 5445d7783e2f3535f91a40a50f0d177f)
                           - explore.pyi (RegularFile, 3090deebd37120105c6bdec221876151)
                           - geodataframe.pyi (RegularFile, 75a5a05098afc5eb677695c0b55ce652)
                           - geoseries.pyi (RegularFile, 32259ea96f95dc881a081aa4b8415e22)
                           - io (Directory, 0fef0c4c4276b625a8c6baa651c42dc4)
                             - __init__.pyi (RegularFile, 501aca70dac3f6006418161bd349c342)
                             - _geoarrow.pyi (RegularFile, f1c35f600c2291a1d1f957fdbc909d9c)
                             - arrow.pyi (RegularFile, be565b2831a43b82fa825a617f068e1f)
                             - file.pyi (RegularFile, e0edf5c9f701bb7d5196e2e3eca022b6)
                             - sql.pyi (RegularFile, 6340133665201d7932f250d31a868852)
                           - plotting.pyi (RegularFile, 3fb06c546a779dbb7ca4c01373f62d00)
                           - sindex.pyi (RegularFile, ffeffc2ff3df5ca5ba299a32e124501a)
                           - testing.pyi (RegularFile, 44b07a97950a47d4006231bff05e2047)
                           - tools (Directory, 19b04b1119f65498584c082c1614fd31)
                             - __init__.pyi (RegularFile, 1c415b085240c404aa0a9de522917780)
                             - _show_versions.pyi (RegularFile, 415844cc225490496bf84232ea03a507)
                             - clip.pyi (RegularFile, 0173f880fbbfbfcc5b6e6f5f43474539)
                             - geocoding.pyi (RegularFile, 45b6a4569a9ae4a0f702772a5c45c161)
                             - hilbert_curve.pyi (RegularFile, 6762ab006967ed7fc76da93042ca59fa)
                             - overlay.pyi (RegularFile, 92ac5b1689ad2a8898cfa4192c42e3b6)
                             - sjoin.pyi (RegularFile, 0629f3af4b4c3c059abcbb52525fd9a9)
                             - util.pyi (RegularFile, 5652c3ddea4bf6def11221c413ba8234)
                         - METADATA.toml (RegularFile, 09cc38bdcd56a3ccf143e8aa307b26d9)
                       - gevent (Directory, 96ed484d5f3be72dd6260b93d44896f8)
                         - @tests (Directory, 62d46a65e9022a487643416655f4f5f7)
                           - stubtest_allowlist.txt (RegularFile, 9c8f9cabf8d2681c0e8407af0ae0dfdf)
                           - stubtest_allowlist_darwin.txt (RegularFile, c640eacaf4c946a455836cac2d8eb8e5)
                           - stubtest_allowlist_linux.txt (RegularFile, e4c04dbc5cd90a9559a3e73ada6c0c9c)
                           - stubtest_allowlist_win32.txt (RegularFile, ed6e1f3d3f209fa94befa101d769f176)
                         - gevent (Directory, bb0116653ba8b4089044243cc3546134)
                           - __init__.pyi (RegularFile, be072a62b502b19c5987e55b746f8b6c)
                           - _abstract_linkable.pyi (RegularFile, 06f111381df90473babe5d0a7d52f01c)
                           - _config.pyi (RegularFile, e6d96b7e2fae99459e9c2a002cb7f7be)
                           - _ffi (Directory, ef49e1bba029c263df3b5cb9a2b474d7)
                             - __init__.pyi (RegularFile, f571933bb948577b1f9f3076fb8fc7c6)
                             - loop.pyi (RegularFile, a2978714f8629d41239b885de6dd46d2)
                             - watcher.pyi (RegularFile, 6193a601a3ee13f28185f098f6478754)
                           - _fileobjectcommon.pyi (RegularFile, 24114cf5b7b9bc428c106bdbb83a10f0)
                           - _greenlet_primitives.pyi (RegularFile, e0a0c45d2f1eb1150f81ded0552c0508)
                           - _hub_local.pyi (RegularFile, 9bf58b16e66cac099a6ccde077791d16)
                           - _hub_primitives.pyi (RegularFile, f613fd9f46102e651f2487ab5eabb1c2)
                           - _ident.pyi (RegularFile, 97bf9e0bde18774886f402d7052314ce)
                           - _imap.pyi (RegularFile, cab014fc6bce62a1016a2ef333f8cc17)
                           - _monitor.pyi (RegularFile, 53830b8625d651e636f9b5239527bb74)
                           - _threading.pyi (RegularFile, bb6f418f9335f01e1a0f5e0428f1b127)
                           - _types.pyi (RegularFile, 06c4a25e83ce00288bd598fd67114b11)
                           - _util.pyi (RegularFile, 7ff10f08e2a0a3331a2e339ec936e3f7)
                           - _waiter.pyi (RegularFile, f723172ef9ffb64dcde27ee58d612503)
                           - ares.pyi (RegularFile, 5859b783cac2ba677a1af23077b93f08)
                           - backdoor.pyi (RegularFile, 6206b5088d4368ac30c82bea96308076)
                           - baseserver.pyi (RegularFile, 53f8045084842eaa94003c1b1cbc40f4)
                           - event.pyi (RegularFile, fd7e82d97aee4de6718ff31914e7063e)
                           - events.pyi (RegularFile, b182422c8f34368b3ea9499b7ea4bec5)
                           - exceptions.pyi (RegularFile, c12f8880be46c60dc5aff672497a66c5)
                           - fileobject.pyi (RegularFile, 199cb6a44b9df095cef64caa14f44aa0)
                           - greenlet.pyi (RegularFile, 8bb30f4086084846a541ad0df971bb49)
                           - hub.pyi (RegularFile, 1acbc1427f3dce74cbe7181e4666d575)
                           - libev (Directory, 1dc0f5524e1f89c51e02bca0d33511f3)
                             - __init__.pyi (RegularFile, 18abb1dc19459f05c7fb3c7719935840)
                             - corecext.pyi (RegularFile, 80f4a3c8c336defb7337b79ce1f911c1)
                             - corecffi.pyi (RegularFile, 54595dc15ffe16b186b8c171c852a609)
                             - watcher.pyi (RegularFile, e7be6889ea354b27dda4aba4eb32bbf5)
                           - libuv (Directory, 6d244ba82e8ee67909adf4fdcc133bf7)
                             - __init__.pyi (RegularFile, 18abb1dc19459f05c7fb3c7719935840)
                             - loop.pyi (RegularFile, ace3e24b44cd7fbf9f006a0881c934df)
                             - watcher.pyi (RegularFile, d417e5df4821dc45f6daa72d9e86361d)
                           - local.pyi (RegularFile, b447d8b13c7cff1f5bd265fbce17de4b)
                           - lock.pyi (RegularFile, 4b6fa90a4972c67de3e2f2c6bb6ee64c)
                           - monkey (Directory, 9a7086e02b1b03c35d82728b9dbd2549)
                             - __init__.pyi (RegularFile, 0202ccf38690200010a6d916a3523624)
                             - api.pyi (RegularFile, 1bd749f8ae7922040dd04e9596e9a5e0)
                           - os.pyi (RegularFile, 4f73787661482fca196005ce91590501)
                           - pool.pyi (RegularFile, 2814d56c074ecaac4337f94626b1fd46)
                           - pywsgi.pyi (RegularFile, 39c819d766db23c3d1e788fe502c66bf)
                           - queue.pyi (RegularFile, 2e546d5fa8d5adfc2d785f01617dd7ef)
                           - resolver (Directory, a94dc573c29438c5c1039e85c7ae8190)
                             - __init__.pyi (RegularFile, 5c7785b929e953b11c875a1513632497)
                             - ares.pyi (RegularFile, 3088ac39c21042b608ff56dc687dbd5b)
                             - blocking.pyi (RegularFile, 3047a2b8048383a47ffdd50dcd89d354)
                             - cares.pyi (RegularFile, 6851e82804e3ab84b83c44019de6180e)
                             - dnspython.pyi (RegularFile, 26bd8cd8e92834764be71f406030ff99)
                             - thread.pyi (RegularFile, 43b8b3aab0a2b536cebf71ce52dde9f1)
                           - resolver_ares.pyi (RegularFile, 7eabccaab307251cf087e1f08f903c10)
                           - resolver_thread.pyi (RegularFile, bcd330e322f30018de4379f8933ee9c0)
                           - select.pyi (RegularFile, 9babe95a7af415ae783f1ec90001240d)
                           - selectors.pyi (RegularFile, 479802e4c2f54036e94be9bfb575f7ab)
                           - server.pyi (RegularFile, 0fecf5da21746017a832ace86c5f6a03)
                           - signal.pyi (RegularFile, cbe5540e47df12c621e66eedb82001ad)
                           - socket.pyi (RegularFile, e2ce3f5405c6aac09e5d4a315a14bd29)
                           - ssl.pyi (RegularFile, d3ae0adaad08a4eee08b0a43b6a03c82)
                           - subprocess.pyi (RegularFile, 2e347512703268c6057c83eaa84ce0dd)
                           - threadpool.pyi (RegularFile, 3f553a656c53e436a30e8797a0b5e3ad)
                           - time.pyi (RegularFile, f68de6d38c0ea0a0d5c5582f8998b019)
                           - timeout.pyi (RegularFile, cac0d0945942abb402f513841cd4bc05)
                           - util.pyi (RegularFile, 7f0058636e86d017422fada57bcdcf8c)
                           - win32util.pyi (RegularFile, 523a4b78285f206f32e7eacaf5686a17)
                         - METADATA.toml (RegularFile, 638723352c59607a4ddd68978087bd53)
                       - google-cloud-ndb (Directory, cdf05b57548d0a9cdba74b1e2d29605b)
                         - @tests (Directory, 9a7bb55b6e6014b8616a929ba61903a2)
                           - stubtest_allowlist.txt (RegularFile, 3125fb07e5c11a0695cf88535fad8dc1)
                         - google (Directory, 82a283a6407099eae5952ee6bc8e1c7d)
                           - cloud (Directory, 47481efb7aa282c582462647631c1da4)
                             - ndb (Directory, 5212570ec075f754007e36c064349dd7)
                               - __init__.pyi (RegularFile, 54603399364746215995019541c07a03)
                               - _batch.pyi (RegularFile, 0f8f7a267e9f46bc5f912cc92cff071c)
                               - _cache.pyi (RegularFile, 842c55ade104c637c8d040b95b58429d)
                               - _datastore_api.pyi (RegularFile, 8b269b7035209de19bb6c7b68558baf1)
                               - _datastore_query.pyi (RegularFile, 26892babfa9a9702f7a954f4af2c2359)
                               - _eventloop.pyi (RegularFile, 52715cc092984d9f433c9d6513353781)
                               - _options.pyi (RegularFile, a70890522f2a270a0e12e34b15478234)
                               - _transaction.pyi (RegularFile, fce51d52b93f0c3cb76707de0b28f098)
                               - blobstore.pyi (RegularFile, e1f0d0271fdbbeea897fc86c25795ca5)
                               - client.pyi (RegularFile, f3749c1d9be3287e6339c9e1e308010f)
                               - context.pyi (RegularFile, 6e58be4b99a3e184439cedd6ec617e56)
                               - django_middleware.pyi (RegularFile, 6cb33cc00637ee9da9c6c9798c31adea)
                               - exceptions.pyi (RegularFile, ecb6414a0a764ea6f52d1176a7ebaa5e)
                               - global_cache.pyi (RegularFile, 9ca9c5386e7e2b5bd524b0ff376df887)
                               - key.pyi (RegularFile, 2b37e89ba954cdce48622022f82ced0a)
                               - metadata.pyi (RegularFile, 80d264a08fb1bf1950dea9ff6c51cd50)
                               - model.pyi (RegularFile, 8eb2652a592a22bf1eb9f8f4114344a2)
                               - msgprop.pyi (RegularFile, 7fbe26b050bb2838722fd6097bbd535a)
                               - polymodel.pyi (RegularFile, b25dd05f00898a20bf7d165d82b00e9a)
                               - query.pyi (RegularFile, d56bad1320b5ca0b9f9af44521d9f4a7)
                               - stats.pyi (RegularFile, 215c44867a4f01036826ad6324c89b65)
                               - tasklets.pyi (RegularFile, f6a14d5c68b2fa735f064a874cc58468)
                               - utils.pyi (RegularFile, d76b1ef00e3a80252c2079397a8e97d4)
                               - version.pyi (RegularFile, 4f674eb8f556927c4aefa3c7c517cee5)
                         - METADATA.toml (RegularFile, 8fa560c1d7065061cd6b1ce550a738ca)
                       - greenlet (Directory, b6263f667070f1c97e21017ae30057ef)
                         - @tests (Directory, d425cc5a6c0f2e70c5ae7499a7b0d45f)
                           - stubtest_allowlist.txt (RegularFile, 15ef360f17f61bf23e1049daeb64e894)
                           - test_cases (Directory, 4db60f544e8fe7d106037cfee6c48f85)
                             - check_greenlet.py (RegularFile, caa25d31b978a14225e135670813fc42)
                         - greenlet (Directory, 46c5311df72a2f39384f8d9fe9618212)
                           - __init__.pyi (RegularFile, 903725a19d44914890422cf4791a05c3)
                           - _greenlet.pyi (RegularFile, 1d331ab070a4aa2b4f3cd1001e4bdf24)
                         - METADATA.toml (RegularFile, 110edb32a2a3889cae1676664fa2e774)
                       - grpcio (Directory, f2096737f9091b3ce53b792797a25936)
                         - @tests (Directory, e3b17fd643e0a99124345245bcbbaf90)
                           - stubtest_allowlist.txt (RegularFile, 9ab05c7b698f82dd21f85a93a8982871)
                           - test_cases (Directory, fc11bc46938128a3428a8c69cfbf7825)
                             - check_aio.py (RegularFile, b184644b0c66167af51969caaad23ffb)
                             - check_aio_multi_callable.py (RegularFile, 1ee6d04893fbd605ef70b12a586f5fc5)
                             - check_grpc.py (RegularFile, 8c8011e36c44dc99c73673f1e4192c14)
                             - check_handler_inheritance.py (RegularFile, 0121b568c0d9a264ed172b16be95e22f)
                             - check_multi_callable.py (RegularFile, 8c21b734ac1b4954f7abfa6154d3ea33)
                             - check_register.py (RegularFile, e933e97cc69c2162a54c62a6827b8e44)
                             - check_server_interceptor.py (RegularFile, bd01cb296d4506decc0d1a8eab5f93d2)
                         - grpc (Directory, a0170ff21c2e88e536549237f051965b)
                           - __init__.pyi (RegularFile, 6abf066623de8498755f817e94ae71e9)
                           - aio (Directory, def643a89aeb8b7f32d78f6c48e06cd2)
                             - __init__.pyi (RegularFile, d02d3aa9fa09acbf7eeca8c6c6f0bf07)
                         - METADATA.toml (RegularFile, 4b8503fdbffc40d6aeed910f15a11a57)
                       - grpcio-channelz (Directory, 4b464acbce74fae3004d2d4777443415)
                         - grpc_channelz (Directory, cda435a44986f3460936a0c4fb1b3b82)
                           - __init__.pyi (RegularFile, f571933bb948577b1f9f3076fb8fc7c6)
                           - v1 (Directory, c97bd0356fe22b5ea60769882ee186a2)
                             - __init__.pyi (RegularFile, f571933bb948577b1f9f3076fb8fc7c6)
                             - _async.pyi (RegularFile, 4f7aaa25896f6d0e37147f75173dd7aa)
                             - _servicer.pyi (RegularFile, 9a4337c797d3457134641f705945a700)
                             - channelz.pyi (RegularFile, cab09e4c009d902a422243be301d1d0e)
                             - channelz_pb2.pyi (RegularFile, 6725d700938d6775feac3998d49777ce)
                             - channelz_pb2_grpc.pyi (RegularFile, 2f0534df4b3599a445112d0781243944)
                         - METADATA.toml (RegularFile, 6748e257eac06fbf11da9b7161f20f74)
                       - grpcio-health-checking (Directory, 72c2e85c98f2f0c9729c60057edfd6cd)
                         - grpc_health (Directory, a4bfeb0c0a65024561f4baa8888a6f3e)
                           - __init__.pyi (RegularFile, f571933bb948577b1f9f3076fb8fc7c6)
                           - v1 (Directory, e65c18667af6534821f0be1d9ed49711)
                             - __init__.pyi (RegularFile, f571933bb948577b1f9f3076fb8fc7c6)
                             - health.pyi (RegularFile, 9f0848e672314f28776d22ae9fd47a5c)
                             - health_pb2.pyi (RegularFile, 51be5279247e9216af6ecb943d04f391)
                             - health_pb2_grpc.pyi (RegularFile, 8a23cae95608ab141e35831cd57a3e80)
                         - METADATA.toml (RegularFile, 6748e257eac06fbf11da9b7161f20f74)
                       - grpcio-reflection (Directory, c5b337f787350a8b8c8cbf2ffaa170d0)
                         - @tests (Directory, 0b2a40895b499b40aaa131248bd9eaa5)
                           - test_cases (Directory, 30a857d742df9275e247f0844206597e)
                             - check_reflection.py (RegularFile, cb9ee083508bdb65f03a1c9c505fc98b)
                             - check_reflection_aio.py (RegularFile, 4c72fd6de7442146333763ab2b9c7f4b)
                         - grpc_reflection (Directory, 450f4c4d44d59ea20a2db3757cd53301)
                           - __init__.pyi (RegularFile, f571933bb948577b1f9f3076fb8fc7c6)
                           - v1alpha (Directory, ba1f0b280e7d6b1a35f75020a4f0d1c5)
                             - __init__.pyi (RegularFile, f571933bb948577b1f9f3076fb8fc7c6)
                             - _async.pyi (RegularFile, df0369e3ae943dcd99f878438bed9064)
                             - _base.pyi (RegularFile, c3d86de5722911d23647969407d6c0a8)
                             - proto_reflection_descriptor_database.pyi (RegularFile, b6b49a2b5668c0bbaa9059803de37937)
                             - reflection.pyi (RegularFile, 493b28da8cab1462bf79cd931e45beac)
                             - reflection_pb2.pyi (RegularFile, 94a31dcbbb3ee1176d413b3e344c0063)
                             - reflection_pb2_grpc.pyi (RegularFile, e74ecb155d0aa5db1cb7afe561029f32)
                         - METADATA.toml (RegularFile, 6748e257eac06fbf11da9b7161f20f74)
                       - grpcio-status (Directory, e9b8d68c4df510c8e60f3497be47e275)
                         - grpc_status (Directory, ce0b58a5c5dab690fecaf1eb60c6cf48)
                           - __init__.pyi (RegularFile, f571933bb948577b1f9f3076fb8fc7c6)
                           - _async.pyi (RegularFile, 12101b0a29880d44bcf80875d7e1cc89)
                           - rpc_status.pyi (RegularFile, 75ccc56c7bb510270cd8a09e52cb86bc)
                         - METADATA.toml (RegularFile, e2dcc83998a191e43d4bd7b1fd4b1f21)
                       - hdbcli (Directory, b727e37ff2c3bd0279c7f51752e7698b)
                         - @tests (Directory, cd3050b03c439ee43c57a3ef8d277fff)
                           - stubtest_allowlist.txt (RegularFile, 3efa676a8a3589ba4889aea67e66ecb7)
                         - hdbcli (Directory, 1f7b374e932123138e5626cc03d8272a)
                           - __init__.pyi (RegularFile, 3d7055be5c300d7133cddfac41f1f798)
                           - dbapi.pyi (RegularFile, cf4a6b19d4b636b0252e7915ffbe87ff)
                           - resultrow.pyi (RegularFile, 950685f1677208cdd7a786837298dcf9)
                         - METADATA.toml (RegularFile, ff2c28a5e783acf899a536577007a8f5)
                       - hnswlib (Directory, 141de6734f53707efc5046299a03582a)
                         - @tests (Directory, 8daa1e94a8837842555474beeb7f1e79)
                           - stubtest_allowlist.txt (RegularFile, 1aa7ebb8a1d5655e4a8a4f94a77e3e2a)
                         - hnswlib.pyi (RegularFile, 57ada02384f0775a9380f6a7ca5edefa)
                         - METADATA.toml (RegularFile, 22413e06f0c142f7aee1ef8ba3f0a9ed)
                       - html5lib (Directory, 14c0e929877dbaaeead3875cb33ddf0b)
                         - html5lib (Directory, 4b800a64b95ffb3eae903de69f9a3792)
                           - __init__.pyi (RegularFile, 37131f11db739d8b8763e6ac829633e2)
                           - _ihatexml.pyi (RegularFile, cd1139e7db5676954db32ffee4507294)
                           - _inputstream.pyi (RegularFile, 7477ba684a7b7bb60e9eaa60eab818c1)
                           - _tokenizer.pyi (RegularFile, 5124f2c2eec185bc6de592ffa9bc313b)
                           - _trie (Directory, 45f4ac67314caf30d351d84267c79da2)
                             - __init__.pyi (RegularFile, 2da5e0959bfcbb765467ae93102ce654)
                             - _base.pyi (RegularFile, cd947da95adbe50c9b994d7d4b974ab9)
                             - py.pyi (RegularFile, 4ac96f60308788370a7feaec51e0aa9d)
                           - _utils.pyi (RegularFile, 32aa737d5250016c979b72d7ac77be0a)
                           - constants.pyi (RegularFile, b857d4935b9362705cffadeae8fea4c2)
                           - filters (Directory, 1c6c3d073625add07d7cb4f5269a6d70)
                             - __init__.pyi (RegularFile, f571933bb948577b1f9f3076fb8fc7c6)
                             - alphabeticalattributes.pyi (RegularFile, a56b9a03d6b36a898876b5b0b917efb3)
                             - base.pyi (RegularFile, 8dad1c5b3ff2b4c67dd7d45ae2b50f80)
                             - inject_meta_charset.pyi (RegularFile, 9a208f9497fd67dd5d8d5c57e3310653)
                             - lint.pyi (RegularFile, a3c93a8d8bddd9c0f674acfecb7e0006)
                             - optionaltags.pyi (RegularFile, 6a11d6491d0571f272567030c1483449)
                             - sanitizer.pyi (RegularFile, 3d21e34b75b8487f092c8891a3fb2894)
                             - whitespace.pyi (RegularFile, aa94815a4d658a826b69e48c06d6ef47)
                           - html5parser.pyi (RegularFile, 3823b87aab088d4348a4527226ef48ac)
                           - serializer.pyi (RegularFile, 4dda70ea55a6d24c3f3feae9df4902c0)
                           - treeadapters (Directory, 41f58ff237e7861048167515752ae10f)
                             - __init__.pyi (RegularFile, d8c73ff663ce0b1e8270bb5de048a7e7)
                             - genshi.pyi (RegularFile, 9ff367cb461257db2e459ea11bcdfd9e)
                             - sax.pyi (RegularFile, 05b351c77b23c1364f817e4b69b80154)
                           - treebuilders (Directory, e82046ea20479d1a6b1618d070ad5660)
                             - __init__.pyi (RegularFile, a610a35c9d54dc42630aae6346dd4827)
                             - base.pyi (RegularFile, 38bfedb8a92884fb467c27a2e2bc61c2)
                             - dom.pyi (RegularFile, 57d8660b44be2be1f26475a4ef886e48)
                             - etree.pyi (RegularFile, 4f8b90300102bf2521995ac1789ae0ad)
                             - etree_lxml.pyi (RegularFile, 6f74952e85832672487c7b5e883661a3)
                           - treewalkers (Directory, a587fd357c83bd16230dc3a4f916a5b1)
                             - __init__.pyi (RegularFile, 8aa906fec825134a43495fa846e36d20)
                             - base.pyi (RegularFile, 96ca7ef59cc0266b830f8a5a908d2e70)
                             - dom.pyi (RegularFile, 62fe49cc0dc98360ec6270ce7f994500)
                             - etree.pyi (RegularFile, 424baad37fd4d6929a4a10a658d7d38c)
                             - etree_lxml.pyi (RegularFile, af108643b97e9c2f6427b69f936a0f0c)
                             - genshi.pyi (RegularFile, 86716b11e25c836bb161c7a8d409247c)
                         - METADATA.toml (RegularFile, af4dbb8525b7ae8b5e7709c0fc85ebab)
                       - httplib2 (Directory, 0f8289e9aae31bdc93468db30041571d)
                         - @tests (Directory, eaae16d36b13c5506bda4cf7cc562419)
                           - stubtest_allowlist.txt (RegularFile, ab6fde57614e3904cb5d95861be0f848)
                         - httplib2 (Directory, 40b4abd057d3a60c8e5136e2641db2af)
                           - __init__.pyi (RegularFile, 2a5e58f32522c5686cfd299314b227db)
                           - auth.pyi (RegularFile, 39e302a6efa7d9fce6152e8e4d0052fa)
                           - certs.pyi (RegularFile, 94dfd505906ddbb5e3f11a2e9bc18e21)
                           - error.pyi (RegularFile, f460369b7f3df6f55da00cf1c7423daf)
                           - iri2uri.pyi (RegularFile, 3fc37ec99c19b2c4c60d728ff4f9e540)
                           - socks.pyi (RegularFile, c058152a1922b0959ab2cc9e2724a6ee)
                         - METADATA.toml (RegularFile, e92635fad052d05b549021351ad46b5b)
                       - hvac (Directory, b4e8afcbc89d08b208a51ca21b56c2fe)
                         - @tests (Directory, 96593047925ffaf7bc900a6add15821e)
                           - stubtest_allowlist.txt (RegularFile, 6f83932d67e51c193a1412a132dfc094)
                         - hvac (Directory, 76943590e0ca78dbee6bc0be5e54456f)
                           - __init__.pyi (RegularFile, e21d81344b361dca3719e830d4135ecf)
                           - adapters.pyi (RegularFile, bee2af7fd01885318e1981aca39e2d0b)
                           - api (Directory, 70c6a2a45be0ec1bb46d000e983c5416)
                             - __init__.pyi (RegularFile, ff684e3f6ab7152397c6fa735cc6d26b)
                             - auth_methods (Directory, f3e9f84fbd7283f74298137a1472cffe)
                               - __init__.pyi (RegularFile, 703b6cade120a5f74989a84a9664f69e)
                               - approle.pyi (RegularFile, 96a7ce17a0b6409deee036271b4422c9)
                               - aws.pyi (RegularFile, b88da9c73fea5decace58e38ccc00be8)
                               - azure.pyi (RegularFile, 517c7017c1e553352683493a6cf3466a)
                               - cert.pyi (RegularFile, 17f6437cc35b9da941904645b656d07d)
                               - gcp.pyi (RegularFile, 1ecd0165607e507d47e6fae5eb234048)
                               - github.pyi (RegularFile, 1f3c54cd8444e84cd9e5d857acad2e36)
                               - jwt.pyi (RegularFile, 149e059cce2177d67e25b846bd7f63de)
                               - kubernetes.pyi (RegularFile, d2d958e632c0bd938ce7202b52e8982b)
                               - ldap.pyi (RegularFile, 09ff518e505b2a0f2f45639330936985)
                               - legacy_mfa.pyi (RegularFile, 2f002ae3039ec6ae727fa229e243354c)
                               - oidc.pyi (RegularFile, c88551dc803bf3a5854f54c5037f5ed4)
                               - okta.pyi (RegularFile, 8a53e64bd4654feb7e3754b378ffc1e7)
                               - radius.pyi (RegularFile, f7ee8ada62a0b17f062b0c7968416755)
                               - token.pyi (RegularFile, 57739177af6b35d8faf5784b8d79fa8c)
                               - userpass.pyi (RegularFile, 4e2b59ee511516d09dfe927cfcdebe60)
                             - secrets_engines (Directory, baca09e267c12ec1b498031777898008)
                               - __init__.pyi (RegularFile, 4b41abfef22cc6c9bad78947eb07a913)
                               - active_directory.pyi (RegularFile, 277bcaccaf596f7861d5b741974aa9ac)
                               - aws.pyi (RegularFile, 1d581a006a13e0851b89fddc33ad922c)
                               - azure.pyi (RegularFile, e4dc5f83ecc267ebd8ca0d52fb0f99ec)
                               - consul.pyi (RegularFile, 8e64c91ae51b5afd23eeca5f35229a3e)
                               - database.pyi (RegularFile, 7139d3d51ac3462baa747e1e04dcae64)
                               - gcp.pyi (RegularFile, 85df39a96427c40c42d8c7d0c4ee96e7)
                               - identity.pyi (RegularFile, e511193b860c778ecc3860ef13ef9cee)
                               - kv.pyi (RegularFile, f47d2c2cb9994d298f2b057fe8d4fab9)
                               - kv_v1.pyi (RegularFile, 3614d98d9569e5f6341bd2ad57ba561a)
                               - kv_v2.pyi (RegularFile, f1c859f95cde5a1a9328c70f6c57784e)
                               - ldap.pyi (RegularFile, 62a886a31c3b4cdfc76fc850619b89e7)
                               - pki.pyi (RegularFile, 45a053f8c0e527830a3ea2c67d07d406)
                               - rabbitmq.pyi (RegularFile, 969ed1f5084a6d1cdc8b8f0ab6213ef3)
                               - ssh.pyi (RegularFile, efc6ccc532aba630c843bf288ab76fbb)
                               - transform.pyi (RegularFile, cfc533a169e796ea7c97a37cb9796d09)
                               - transit.pyi (RegularFile, 8a35178c3b9c7237e919a384286da14f)
                             - system_backend (Directory, 7e405b977d08a1cccfa60dd0ffd17619)
                               - __init__.pyi (RegularFile, 65bf28b350ea0ee535516c94d4515632)
                               - audit.pyi (RegularFile, 5e8e1674a2fb07373cd7d7489465bbde)
                               - auth.pyi (RegularFile, 444afc77fe03fa3e7b599e00b6c86d65)
                               - capabilities.pyi (RegularFile, afb523be890e01c55304b0bc9a7435b9)
                               - health.pyi (RegularFile, 48f1c930603792d0e774dad847021b4e)
                               - init.pyi (RegularFile, 41e5901a889b64ec89e022c887f8fbdc)
                               - key.pyi (RegularFile, dd7927e51f0d9dbddcd5d82e1bada858)
                               - leader.pyi (RegularFile, 1a27520e1bf5b55b32eb0f6d8a7afb2f)
                               - lease.pyi (RegularFile, 73fdb5c18cd13776d4287f18b8b75845)
                               - mount.pyi (RegularFile, 3d9c5c99be44b34f7b00fc49b1beab63)
                               - namespace.pyi (RegularFile, d5cf292e35ba552d68510bfe21613eb4)
                               - policies.pyi (RegularFile, bc7fec004577acbd18c8bdeb72c3812c)
                               - policy.pyi (RegularFile, 9ce7b9a36b353da126987bf0f7a2657f)
                               - quota.pyi (RegularFile, 5dddafe68b02becfce39e8291685ba06)
                               - raft.pyi (RegularFile, bddbf48738d11a69acac39697c73d3e0)
                               - seal.pyi (RegularFile, ada62c55ff989b7936d43fc7574972ac)
                               - system_backend_mixin.pyi (RegularFile, b4ab0e92067eba2a20220f29053d2d75)
                               - wrapping.pyi (RegularFile, 2727fdb57efb6973ccf37a4898b9bd26)
                             - vault_api_base.pyi (RegularFile, f8a6bc8aadd28a743250446c9750aa53)
                             - vault_api_category.pyi (RegularFile, 0102bfaff8347063c8754611cdcfdc9d)
                           - aws_utils.pyi (RegularFile, bca0bea3e636ef41e2cbfec7795c6cc8)
                           - constants (Directory, e6e4ab02a183d8b27e8ff25f116e388c)
                             - __init__.pyi (RegularFile, f571933bb948577b1f9f3076fb8fc7c6)
                             - approle.pyi (RegularFile, f17db8ddb5447bfa93b41b9ed15d79a6)
                             - aws.pyi (RegularFile, ea57d968113e686ecbe50ea98c3fa649)
                             - azure.pyi (RegularFile, 5a1f6a20a291d7ccfb618035103e7f7e)
                             - client.pyi (RegularFile, 4b6c153a7603cfd7f33b2f14b845eb1a)
                             - gcp.pyi (RegularFile, 513a983772d65d6c617339c70742df38)
                             - identity.pyi (RegularFile, 88a7b4528ad07db2c4e236f5b46d8716)
                             - transit.pyi (RegularFile, ce800b9aad514154c7a49411e6426754)
                           - exceptions.pyi (RegularFile, 66b87e5e06f927b2d7ced6ecdea5e17f)
                           - utils.pyi (RegularFile, 07f741ca5d40edd3f8ff9a0e24e9a4b0)
                           - v1 (Directory, ce0dd9ca19b9c2edafb2a2c99bdd0bc3)
                             - __init__.pyi (RegularFile, 6cd37e3ec4161c05a9e89d9c37c98c09)
                         - METADATA.toml (RegularFile, b4c78efe9e42ee45d243e27b94c67c32)
                       - ibm-db (Directory, 180e318fadf16d7ae03acab08459348d)
                         - ibm_db.pyi (RegularFile, defe5e6a05cefb9d6bd6bd3a7cbfbf8a)
                         - METADATA.toml (RegularFile, 603ea60e4d7d1b4ae5b55cc18bf3d097)
                       - icalendar (Directory, 38a7a6d28916c628ade1fc07e5a79bc3)
                         - @tests (Directory, 6211a90eeb911b46297c5998c633d9c4)
                           - stubtest_allowlist.txt (RegularFile, 18243fb00cb11341510628a5c17fceb0)
                           - test_cases (Directory, 44a945abab5f8c6e8827085cf0bf0546)
                             - check_cal.py (RegularFile, 22de29e611a705e36a1a3e7c2fb14baa)
                         - icalendar (Directory, 7465e876324f7edf2973631cc9c5dccd)
                           - __init__.pyi (RegularFile, c55630dc619f140a409d21390ed22c24)
                           - alarms.pyi (RegularFile, 50214505bd02d3eef7f1983c3bbc58ed)
                           - attr.pyi (RegularFile, c38b0af92ae8b7f71fb6c26ba167ca47)
                           - cal.pyi (RegularFile, 5f617b0e4c966f8b645970e8ba096729)
                           - caselessdict.pyi (RegularFile, c34e0da122e645d0fcdf5be590688969)
                           - enums.pyi (RegularFile, c832ec5e6526be818d905388220c9e5c)
                           - error.pyi (RegularFile, c4acec40de60677cd0d68b3eb2f0b1dd)
                           - param.pyi (RegularFile, 213c7276e24aad2a6e727e413da102dc)
                           - parser.pyi (RegularFile, b3b621df0474613124584a9be7f8cd4d)
                           - parser_tools.pyi (RegularFile, cd2dd28e1ddf335ba94a216baee9870f)
                           - prop.pyi (RegularFile, 2cb0a582bfd73ec85acc9729c1d1ec00)
                           - timezone (Directory, 5bbc10bfb10052f324eb30d118470d1c)
                             - __init__.pyi (RegularFile, ddbb2e0429668f8dcb27e2deb8eb208e)
                             - equivalent_timezone_ids.pyi (RegularFile, 2e2ebf1738455e56f142356be198fbfe)
                             - equivalent_timezone_ids_result.pyi (RegularFile, 6b0de4a531daa73f5b2150abfa3c06cf)
                             - provider.pyi (RegularFile, c719c477db828e8af7158f9297278f79)
                             - pytz.pyi (RegularFile, f12cf44c96b6e6d8dd3df08e20269f63)
                             - tzid.pyi (RegularFile, e3b76f9eaf28e6b932a4f9521b01f927)
                             - tzp.pyi (RegularFile, 4347de0cea09f1ac09bac7f19b226050)
                             - windows_to_olson.pyi (RegularFile, 62d7992fd20ef400b17e17fa1fa4fbe5)
                             - zoneinfo.pyi (RegularFile, 503461183683cce421d338470718cf08)
                           - tools.pyi (RegularFile, 5dc5595ab02894466c50febf68afc226)
                           - version.pyi (RegularFile, 8126eab19cf24b0aad8981bb28d98cbd)
                         - METADATA.toml (RegularFile, 0bdc33298867ce376903020f40d73074)
                       - inifile (Directory, 4fea8ad40674daa8b8a6fd6b6ccaec16)
                         - @tests (Directory, 3b03ca2a829b5932b18ae31888c0a3d7)
                           - stubtest_allowlist.txt (RegularFile, e245e38626e8cad087d88dd46442a900)
                         - inifile.pyi (RegularFile, 2775fdfdabbefa4635fc343515c9b77b)
                         - METADATA.toml (RegularFile, d4f92e3ac50ddd37d2d5e9a51f8112c3)
                       - JACK-Client (Directory, 0ba99fb058cc0f5bf0dcbbe485445afd)
                         - @tests (Directory, 82812cc0b3ff991599423b0f099e8992)
                           - stubtest_allowlist.txt (RegularFile, b8805763fcde60412c3398e1f3d48810)
                         - jack (Directory, 5f5dd421bca111a43cc3b8b2ca402ba8)
                           - __init__.pyi (RegularFile, 1b8b13fb4228090bf06ef60f7cdf848f)
                         - METADATA.toml (RegularFile, b88effff83df55acebf237bbf61b450e)
                       - Jetson.GPIO (Directory, c31d125cf51d74f41ea362d443b3a654)
                         - @tests (Directory, 11f389c91c60669b700d5ddca8a364df)
                           - stubtest_allowlist.txt (RegularFile, 1dcb2a7b9d57c2925f2cdeff573d02a8)
                         - Jetson (Directory, 7cba74d9de69a27b9ff7e52056b998c4)
                           - __init__.pyi (RegularFile, f571933bb948577b1f9f3076fb8fc7c6)
                           - GPIO (Directory, 15cfc540d5c1f0564adfc2e329e826a8)
                             - __init__.pyi (RegularFile, fc37e067a82e2e98938de076f03f300a)
                             - gpio.pyi (RegularFile, 8de8e123ec26a55457d4a3745b15eca6)
                             - gpio_cdev.pyi (RegularFile, f5b560be37d32642b145db8cb1b74e79)
                             - gpio_event.pyi (RegularFile, 98fc212b524867cb80fb1f52b513d63e)
                             - gpio_pin_data.pyi (RegularFile, 031a685022b07eaeb94985802451d829)
                         - METADATA.toml (RegularFile, c42e518dcaf0f139a0a94f920aafbc38)
                       - jmespath (Directory, a0d6f8627313d15e6a2ed9a80fd062b8)
                         - jmespath (Directory, fae89e2cfb2cf65fb740efa41132d020)
                           - __init__.pyi (RegularFile, 483b08b4956ee982a78493099c8dac92)
                           - ast.pyi (RegularFile, 2b59446e783ba3c8df05e44224256854)
                           - compat.pyi (RegularFile, c3a239c20fc1d244356915b893fa44b4)
                           - exceptions.pyi (RegularFile, 2cf50082667c47d7c6865d9a31d268d4)
                           - functions.pyi (RegularFile, 3b32f91b7c021f0b63c1485189afe7f2)
                           - lexer.pyi (RegularFile, 999ae2bcc85b155b51f2d86b67175cff)
                           - parser.pyi (RegularFile, 2a17441b0cddbf223535214c412db856)
                           - visitor.pyi (RegularFile, 85142f1fad71a642820dc3196cbba3b6)
                         - METADATA.toml (RegularFile, b1ac518557b65107009758e9f773f47a)
                       - jsonnet (Directory, 682f2df931606b53ee7393848343af84)
                         - _jsonnet.pyi (RegularFile, 3e38512122df7497d806f4fdbe47d0eb)
                         - METADATA.toml (RegularFile, e51f0031ef30f1b8383b3f3e979bc800)
                       - jsonschema (Directory, 0a3153f901fbe731e5663251549d569b)
                         - @tests (Directory, bb90028afc79281366490e3da32b339c)
                           - stubtest_allowlist.txt (RegularFile, 6a71752598eaaeb7be9f5d59c05f3aaf)
                         - jsonschema (Directory, 6b0ee5a4bc9fc340ecd6ee8778b47c93)
                           - __init__.pyi (RegularFile, d32d94fba4baad7f0bb6e250d5f0f55b)
                           - _format.pyi (RegularFile, b702885f5a0a1eda69b7d53c8b43b4de)
                           - _keywords.pyi (RegularFile, c9c2b3c968ffe43097f68efce4e78f9f)
                           - _legacy_keywords.pyi (RegularFile, 020fad3fd7a70f745295f233aa79fe55)
                           - _types.pyi (RegularFile, 1109601a20eb273aeb7ac1e5f43dc663)
                           - _typing.pyi (RegularFile, 0e1f1a99be9e3482fbe5bd5af227d65e)
                           - _utils.pyi (RegularFile, d00463e3ae7eebd548ac8b25c23cd881)
                           - cli.pyi (RegularFile, 66230c60fdaaf2d99affa35758fc6ef0)
                           - exceptions.pyi (RegularFile, d33e9a3d4fa57b40ea93f432b5592a79)
                           - protocols.pyi (RegularFile, 0f69048af4b5eed227c4957e2b4d7c9c)
                           - validators.pyi (RegularFile, dadcbdb920eb24b2337d057d1ebd26cf)
                         - METADATA.toml (RegularFile, a009249c75515372dd8bd08e0f5ff03d)
                       - jwcrypto (Directory, 0583db97b2b863db66406dbdaa464b12)
                         - @tests (Directory, f2af464b24f3dcedd60cf404a858dedb)
                           - stubtest_allowlist.txt (RegularFile, 6eed124d43be79949676cc4939ac425b)
                         - jwcrypto (Directory, 3e1b46819e7586b884db167fdbbf28ae)
                           - __init__.pyi (RegularFile, f571933bb948577b1f9f3076fb8fc7c6)
                           - common.pyi (RegularFile, 51c5da9d3b6fcae0400eb81921acfd6a)
                           - jwa.pyi (RegularFile, 0095f384cc3394fe5077a13e209bf1c0)
                           - jwe.pyi (RegularFile, d74ef8d0acdb0915c0bff499c7397d7b)
                           - jwk.pyi (RegularFile, 2609ead7af064c7caf1a3d6f0aa5ef2a)
                           - jws.pyi (RegularFile, e6d08c0bb2c9c9360130194cc315be77)
                           - jwt.pyi (RegularFile, 95691a46109a8649a963181bb4e60baf)
                         - METADATA.toml (RegularFile, 5c8c98ca80c54b544ec30bb7d0c27173)
                       - keyboard (Directory, 8d77ed738e144362462e5a49377ecf54)
                         - @tests (Directory, 8142f2ed518b3a781c4dca79ff166c5a)
                           - stubtest_allowlist.txt (RegularFile, 4e4f9e353fc4d9faac722f12557f4ba5)
                           - stubtest_allowlist_darwin.txt (RegularFile, 49a59edfc7828c783a8d80ffaf000671)
                           - stubtest_allowlist_linux.txt (RegularFile, 49a59edfc7828c783a8d80ffaf000671)
                         - keyboard (Directory, e75c543aff491aedecc76675fd521a5f)
                           - __init__.pyi (RegularFile, 40605740e1da572b6200d38acf0ce0ba)
                           - _canonical_names.pyi (RegularFile, 7e9e35a058e743f392be123cb8c25aef)
                           - _generic.pyi (RegularFile, a69d46ea1fea15f898e5eec83851b965)
                           - _keyboard_event.pyi (RegularFile, 4ec997a23f2c222bcb954d340fbbffd7)
                           - _mouse_event.pyi (RegularFile, 10a63950faed8ce70184b76dc6afd276)
                           - mouse.pyi (RegularFile, aedbb2b06a46ce188515da4df4559485)
                         - METADATA.toml (RegularFile, 37109e867e28f11356659a017f86d487)
                       - ldap3 (Directory, 2b27c71a6470b41f8c47e7d4375f049a)
                         - @tests (Directory, 16787d8454020c4e085d314d102cd504)
                           - stubtest_allowlist.txt (RegularFile, 5303a736f1d29dbaaafc5da67b49beaf)
                         - ldap3 (Directory, bbdfabf044f7ccb16799617cbee72a80)
                           - __init__.pyi (RegularFile, 9d087ff19ab6b57688d69b5cc230128d)
                           - abstract (Directory, 8ab8ac17b11c157d5fe09dbe4a39da8f)
                             - __init__.pyi (RegularFile, d0bc7962b81d422274404633af63a445)
                             - attrDef.pyi (RegularFile, b9f767e6cececb92514d11ac1657f754)
                             - attribute.pyi (RegularFile, a6397540f459c63e1e0bf1f6d2b2a1f8)
                             - cursor.pyi (RegularFile, dc9ff530a3f3629c949d1b9268cdc80e)
                             - entry.pyi (RegularFile, 2e4956016fc6a1a356f176bccf46227e)
                             - objectDef.pyi (RegularFile, 44af0385e299bd66e341e0690c9e8d81)
                           - core (Directory, 2023fbc582572bbd315967fb266a5288)
                             - __init__.pyi (RegularFile, f571933bb948577b1f9f3076fb8fc7c6)
                             - connection.pyi (RegularFile, 125abf8f20ebb0afa6dc165aae9ebc09)
                             - exceptions.pyi (RegularFile, 03d4736b61355dc4960a3f6b4ba6d42e)
                             - pooling.pyi (RegularFile, fa95d8fb7477cf43d2f97b38cf88a97a)
                             - rdns.pyi (RegularFile, 55b0ec085aa480ee737785ac9c924978)
                             - results.pyi (RegularFile, 27761ea812d07b31b9d97df690de47b1)
                             - server.pyi (RegularFile, c37e09fc28ba72fdce771dcc0abc1665)
                             - timezone.pyi (RegularFile, 54ce8d7cd54b1d44e30894801f2543bb)
                             - tls.pyi (RegularFile, e2cb3bee2d9edbbd98cd37f3feda1e26)
                             - usage.pyi (RegularFile, 3173056448e3d0ffe6c46096c1af40f6)
                           - extend (Directory, 123c056cc60b283c5cfedf2d593a44ff)
                             - __init__.pyi (RegularFile, e78cd8f68289a645f33481df9a91370e)
                             - microsoft (Directory, cc6577b7f556acc131fb34ee86eaa074)
                               - __init__.pyi (RegularFile, f571933bb948577b1f9f3076fb8fc7c6)
                               - addMembersToGroups.pyi (RegularFile, a733381f7ed0281ffaac7fd3efdbc37c)
                               - dirSync.pyi (RegularFile, bd55180dcd4b49b5b09f61bba57a7d30)
                               - modifyPassword.pyi (RegularFile, 09741e066f35647e809dc0228a1b7f3a)
                               - persistentSearch.pyi (RegularFile, 322efac574949bcb5d7f746a188e161a)
                               - removeMembersFromGroups.pyi (RegularFile, 8b816496b0524b6b952f63d8a0a688b0)
                               - unlockAccount.pyi (RegularFile, c0862256daef4c91b3b7bcac1d97d434)
                             - novell (Directory, b906bc5f139f7ccade5c31ea3976e0e7)
                               - __init__.pyi (RegularFile, f571933bb948577b1f9f3076fb8fc7c6)
                               - addMembersToGroups.pyi (RegularFile, 7898520a38f1ccb29415179513ad4810)
                               - checkGroupsMemberships.pyi (RegularFile, 1ddad0eab5f52f39b56ee8547145bd89)
                               - endTransaction.pyi (RegularFile, 1ec5d9b4edddad8adf9700379eaf9be4)
                               - getBindDn.pyi (RegularFile, 33ec0872d22a01efeb5ae601f1ad79db)
                               - listReplicas.pyi (RegularFile, e3234f17af8ced7c31937c02a9268726)
                               - nmasGetUniversalPassword.pyi (RegularFile, 1642186115a71aee9e48459af10e0710)
                               - nmasSetUniversalPassword.pyi (RegularFile, fca533096375b6de3272ba01a6b36cf5)
                               - partition_entry_count.pyi (RegularFile, d0f5564b9dcf00650cee08daad6d73fe)
                               - removeMembersFromGroups.pyi (RegularFile, 70b1fc6eee9a48285a57be291b1e9945)
                               - replicaInfo.pyi (RegularFile, 3da66610281cbfa8904d5cbd49ff3a87)
                               - startTransaction.pyi (RegularFile, 97e4c875a42c52ec8ea8c1b8fc195b6a)
                             - operation.pyi (RegularFile, 5c3d714696edae39208db6bc7ceec273)
                             - standard (Directory, b188a3c22e9f34103aa29e7b3a9ade55)
                               - __init__.pyi (RegularFile, f571933bb948577b1f9f3076fb8fc7c6)
                               - modifyPassword.pyi (RegularFile, b9080ce1304ebc9de9bf072eb015b844)
                               - PagedSearch.pyi (RegularFile, fb265e2724ef91454380f680a55eef20)
                               - PersistentSearch.pyi (RegularFile, 91c9224f7752a71092eb8438c185f7b1)
                               - whoAmI.pyi (RegularFile, b6a7718c43d6afc023ab4654d8f108d7)
                           - operation (Directory, 50df5d35431dbddff386ab09619f9408)
                             - __init__.pyi (RegularFile, f571933bb948577b1f9f3076fb8fc7c6)
                             - abandon.pyi (RegularFile, 0d4eeb7f64978eb56378502c3b76b25d)
                             - add.pyi (RegularFile, 6d15a26344743726118f164b9e70b702)
                             - bind.pyi (RegularFile, 72cab5154a49356b4ebd614bd67efb60)
                             - compare.pyi (RegularFile, 8c53f4adace29ed16a4df8f66e27d5df)
                             - delete.pyi (RegularFile, f532f926b883f390680eee6ef32e95dc)
                             - extended.pyi (RegularFile, 8174480f0e291eb0244ba388e14501de)
                             - modify.pyi (RegularFile, 5cda4e0220cbdd11f12a11b51687464f)
                             - modifyDn.pyi (RegularFile, 604812b957f0397b1dbd14063251a16a)
                             - search.pyi (RegularFile, ae8f4f1b8b41a2a7b5a5f51e2b78cc98)
                             - unbind.pyi (RegularFile, 8e1a3af97f18412713dd1aacda39f682)
                           - protocol (Directory, ed2407e498eade2598943889344d5c9a)
                             - __init__.pyi (RegularFile, f571933bb948577b1f9f3076fb8fc7c6)
                             - controls.pyi (RegularFile, 984ee1d944fabe7b4f5aed559aff61a0)
                             - convert.pyi (RegularFile, 28ec443c4e89066250b01fb422d56c90)
                             - formatters (Directory, dd894a422720ecdf99e175e5ce86d380)
                               - __init__.pyi (RegularFile, f571933bb948577b1f9f3076fb8fc7c6)
                               - formatters.pyi (RegularFile, 9652074799ed6d54bd557219c641a478)
                               - standard.pyi (RegularFile, 42a409199d2980cfa6313b7b98ad4171)
                               - validators.pyi (RegularFile, 833a0eb8fe3d7653360fba3c6de0ae8d)
                             - microsoft.pyi (RegularFile, 2ca885694a5c10f38cbae7f6de1a77be)
                             - novell.pyi (RegularFile, fcb16bdd1a64d01c5b4832a8c0438f6f)
                             - oid.pyi (RegularFile, d649d95ca1603ed02026b68f25c86121)
                             - persistentSearch.pyi (RegularFile, 915bebf6c35c8e4a10cb4053e7f8450b)
                             - rfc2696.pyi (RegularFile, 8d66a7a30ad2a6fee5d134bc6bbc7dff)
                             - rfc2849.pyi (RegularFile, 4f6fbbb4a5ea7d19f330cce66af3f1c6)
                             - rfc3062.pyi (RegularFile, a349ffb69d9b42afa27cdd5e7d796f8e)
                             - rfc4511.pyi (RegularFile, d11300027818c0deb8719e787e5e7edd)
                             - rfc4512.pyi (RegularFile, 2ca3504f2cfc0e71b969b341d3d57ae2)
                             - rfc4527.pyi (RegularFile, ca7fc669c0f08b0d84fc531fb628ad13)
                             - sasl (Directory, 2eb9a2f5bbbc400093d85874800fcd8d)
                               - __init__.pyi (RegularFile, f571933bb948577b1f9f3076fb8fc7c6)
                               - digestMd5.pyi (RegularFile, 1da1d869e4d8357683729570c40e5864)
                               - external.pyi (RegularFile, 52cd68a5c2ac0eab47ac52c99dc6f6a8)
                               - kerberos.pyi (RegularFile, 8e0a1dfc2a5f34d33396d5b8be6e1786)
                               - plain.pyi (RegularFile, 284dda9c7d0bfde90b835394bc989532)
                               - sasl.pyi (RegularFile, eb8dba4c5ad32cd00b40d769a668f29a)
                             - schemas (Directory, 1a0677efbe698b030952e6bb951ffaf0)
                               - __init__.pyi (RegularFile, f571933bb948577b1f9f3076fb8fc7c6)
                               - ad2012R2.pyi (RegularFile, a54de6f8508fa6f387f5d5e46e321fe9)
                               - ds389.pyi (RegularFile, 98e576195ef841ce87820a7ac91b45d7)
                               - edir888.pyi (RegularFile, d4d6115fa0b1620cc86547325d52683e)
                               - edir914.pyi (RegularFile, b1cb6554f0eb8a866bfce3275fa0f0da)
                               - slapd24.pyi (RegularFile, b02ffd51f1a87e58d0ed0b80ea197e4f)
                           - strategy (Directory, b3eb72f0ac17169ea38f53e7bda26de5)
                             - __init__.pyi (RegularFile, f571933bb948577b1f9f3076fb8fc7c6)
                             - asynchronous.pyi (RegularFile, 74cdf3ee62bd3c4aa2ad73ee5c37764a)
                             - asyncStream.pyi (RegularFile, 170e7555a45ef3e96b5d8adedfae8875)
                             - base.pyi (RegularFile, ce7f0aeb3c2f4ab4c10efb14040df7fa)
                             - ldifProducer.pyi (RegularFile, 378a95250700aa85d5cc634c19759f56)
                             - mockAsync.pyi (RegularFile, 31599494884846954e1407b5509bdc3c)
                             - mockBase.pyi (RegularFile, 2d17da786d1492e29fbd169618dfdc4c)
                             - mockSync.pyi (RegularFile, 69ee763575ea82d9dbeffce251b67664)
                             - restartable.pyi (RegularFile, 9a2bbfbdb119a0ea2344b3660e68b16a)
                             - reusable.pyi (RegularFile, f4080664ca9abc3a28d89f7437e8b955)
                             - safeRestartable.pyi (RegularFile, 8237da48840b035c235f70bb90b31f16)
                             - safeSync.pyi (RegularFile, f249b121c2c7ce56017addd0ce770a94)
                             - sync.pyi (RegularFile, 34c965116a51642f19af51c4adde6712)
                           - utils (Directory, 3c9b1f7ac2ce6c2b7bedddebaafc38f6)
                             - __init__.pyi (RegularFile, f571933bb948577b1f9f3076fb8fc7c6)
                             - asn1.pyi (RegularFile, 7656df19154dc8c275bf21ca2510f011)
                             - ciDict.pyi (RegularFile, 7db19672ef0c8cd8a5cf0875394cb384)
                             - config.pyi (RegularFile, dad061a18145049486c4de7994bea39b)
                             - conv.pyi (RegularFile, 495280e7dabfd88969c5c666262912cf)
                             - dn.pyi (RegularFile, 6a131337db802e8b26f0471deb01e466)
                             - hashed.pyi (RegularFile, 16377fc13cbcd2ea239e73be1f0407b7)
                             - log.pyi (RegularFile, 6b9850669df40b98124df8555568ea93)
                             - ntlm.pyi (RegularFile, 05b4c9881104c920416ac1247ee0949c)
                             - port_validators.pyi (RegularFile, d96a6c559eaa74bcc98b09fcf282a61b)
                             - repr.pyi (RegularFile, 3e3f9d6679f47c3bace11a04dceab1a0)
                             - tls_backport.pyi (RegularFile, 7ff6bec222b94ac058e5145db65390cf)
                             - uri.pyi (RegularFile, 06b2dc4bfe54b711044cb6cc709ecc4e)
                           - version.pyi (RegularFile, 3cfec1a35ecac5c49f27baf3ee821dc9)
                         - METADATA.toml (RegularFile, 88900691c430d5d4dca0ffb617fa54b8)
                       - libsass (Directory, 764bd96b424c32a43a97a8d179ebe7df)
                         - @tests (Directory, c22fb47cc235c24641d99618901bdcd3)
                           - stubtest_allowlist.txt (RegularFile, c6b8332707cd25ea4d38571f9b2540d4)
                         - METADATA.toml (RegularFile, abbed655891996a1f164fb41088e8467)
                         - sass.pyi (RegularFile, b1f300e758a38d0da4968f43b0e8919b)
                         - sassutils (Directory, 7375dae39ec4aa7a8517f68ab02d3ec9)
                           - __init__.pyi (RegularFile, f571933bb948577b1f9f3076fb8fc7c6)
                           - builder.pyi (RegularFile, 5e17a78f3d69b2528761b90cc2ffd33e)
                           - distutils.pyi (RegularFile, 68a077b29aa60ffc17a22f5970682392)
                           - wsgi.pyi (RegularFile, f1c6a1266fbc1769097b031b90eff57c)
                       - lupa (Directory, 5719bec312f46106ea205eb2f1d0575f)
                         - lupa (Directory, bcb379cff5374d418c2c587e5f126bc3)
                           - __init__.pyi (RegularFile, bdb8a559ce40aafc020d347fcf19bc24)
                           - lua51.pyi (RegularFile, 20d51b6b438c621fa5d512bdb13bf4e9)
                           - lua52.pyi (RegularFile, 20d51b6b438c621fa5d512bdb13bf4e9)
                           - lua53.pyi (RegularFile, 20d51b6b438c621fa5d512bdb13bf4e9)
                           - lua54.pyi (RegularFile, 20d51b6b438c621fa5d512bdb13bf4e9)
                           - luajit20.pyi (RegularFile, 96880f01a6e1c16100c8512fbdcd1063)
                           - luajit21.pyi (RegularFile, 96880f01a6e1c16100c8512fbdcd1063)
                           - version.pyi (RegularFile, 6f88e240fab11c80c2e55f98c5de9c42)
                         - METADATA.toml (RegularFile, 2da806af46e9d9be60c5408b880e768d)
                       - lzstring (Directory, c69a4e3b09d0b5b7e0ac49047793ec94)
                         - @tests (Directory, 59fc91d3fdb6f272870b936425bd39b3)
                           - stubtest_allowlist.txt (RegularFile, 2963ed6413de9d60c5d566fa2444a66b)
                         - lzstring (Directory, 2a32fd0a7b1952ab7cfaa1bc9cda33c6)
                           - __init__.pyi (RegularFile, 8eab042534910edcc60308650382d4e6)
                         - METADATA.toml (RegularFile, ac61c284625851907361bb71bd7add99)
                       - m3u8 (Directory, 6f7313a9d3bbe8a0772fcf12dc72ae4b)
                         - @tests (Directory, 8d105ac98a57823fd1b2c90ddad0872d)
                           - stubtest_allowlist.txt (RegularFile, 189a49597fb1683c80a76ac8c71e93b5)
                         - m3u8 (Directory, fab3ae416d7932da6891badf2fd2a3ab)
                           - __init__.pyi (RegularFile, 60d5e6fde128586055137745fd594ce3)
                           - httpclient.pyi (RegularFile, 30bac08152794025813b54b3c99612a0)
                           - mixins.pyi (RegularFile, 90e649c8cf55c152fdb2f287df6901d8)
                           - model.pyi (RegularFile, 657f9c67e53a618061396a8dfa9fc1db)
                           - parser.pyi (RegularFile, c3fcb1aba4e71fb81b6fb5a93fcd79be)
                           - protocol.pyi (RegularFile, 1d60114c6428a02bdc2b58ebfc0552b5)
                           - version_matching.pyi (RegularFile, 9080872d0a34af98f4f85e9cce56af11)
                           - version_matching_rules.pyi (RegularFile, 32c6b97ac585f19efdb8513768b8969f)
                         - METADATA.toml (RegularFile, a1b6583ea26bbb7681a58ea02c223d39)
                       - Markdown (Directory, eb6f0bef834853994f9636048f84150f)
                         - @tests (Directory, f20b5dfb054a9d98878f785b4178cb3a)
                           - stubtest_allowlist.txt (RegularFile, 04daac656d19e6fb56c372819b7aff28)
                         - markdown (Directory, 46ad6d9ab7f892504a911a3072aa46c6)
                           - __init__.pyi (RegularFile, e36743fc6277dea1b2090f8c2700e6e6)
                           - __main__.pyi (RegularFile, 184aeb185958f72d135b1fc7c6307073)
                           - __meta__.pyi (RegularFile, 4a7d8241df52ccb9375ce1c650ede361)
                           - blockparser.pyi (RegularFile, fb30494292090ec7ad84486835247866)
                           - blockprocessors.pyi (RegularFile, ef4c45c006218cfa54ce7cc257af0f15)
                           - core.pyi (RegularFile, 2b5bf1de0e937b7637734ab37ea147b0)
                           - extensions (Directory, 27fbd5ca85ebd8c50b2b5195d5cbb642)
                             - __init__.pyi (RegularFile, fb57d33a77badc401fa6ef92f6ca6087)
                             - abbr.pyi (RegularFile, 9e9790555cec06ed30ec8e99fcb6a9b3)
                             - admonition.pyi (RegularFile, 4e18d7ec34a8c4df034bc98183c54658)
                             - attr_list.pyi (RegularFile, 11cee8554c647fd0d21cc3a914502744)
                             - codehilite.pyi (RegularFile, 0ac81ab5df87ad193a6db3597d067220)
                             - def_list.pyi (RegularFile, bb9227730993825bd15fcf2f6d096f82)
                             - extra.pyi (RegularFile, aa811a6717463cac7559bbe33769749f)
                             - fenced_code.pyi (RegularFile, d16633b4e6fcd78e6563f1bb4323d85f)
                             - footnotes.pyi (RegularFile, 5a508f18a54645cb2427f391e5279959)
                             - legacy_attrs.pyi (RegularFile, faa102da9fb59b6dcc5ba1aaacc5d5e1)
                             - legacy_em.pyi (RegularFile, 45b8b300728160132e4043681b3fc738)
                             - md_in_html.pyi (RegularFile, 31a3d0a837d5708c004994ae473f89d6)
                             - meta.pyi (RegularFile, 849cd126d8c787cae64f3e4c5f0fbfc5)
                             - nl2br.pyi (RegularFile, 634f0400913f284a56a040f8b274c5c1)
                             - sane_lists.pyi (RegularFile, 2ddaf0e7c41e5a7bf7b454e47206408e)
                             - smarty.pyi (RegularFile, ee31e5e26d6a521513614350c5aef975)
                             - tables.pyi (RegularFile, cd543b405f48915eb9863940d4b7c6c7)
                             - toc.pyi (RegularFile, 9ed3d962fd2a6e34c61e65d4da7fb1cd)
                             - wikilinks.pyi (RegularFile, 712a79dfe1c617070783c18cd06e8992)
                           - htmlparser.pyi (RegularFile, 178e669cdcf7d2890f5cafa47e0abc33)
                           - inlinepatterns.pyi (RegularFile, 9a687a3fa911768a9594287487652b2d)
                           - postprocessors.pyi (RegularFile, 6ce10f5043b469db1532b89dc8748aad)
                           - preprocessors.pyi (RegularFile, cdb7723f246991a9292ff04084532739)
                           - serializers.pyi (RegularFile, 51de0cf6767b4e49c5beb68b6e16b917)
                           - test_tools.pyi (RegularFile, a75ee1090b60c96c06a80ae14d17afa0)
                           - treeprocessors.pyi (RegularFile, d7d0edd9e49d25f904ba87538b92b230)
                           - util.pyi (RegularFile, 4e3f70950dfd1bc8cae51e1afd3dd170)
                         - METADATA.toml (RegularFile, 03b00b0a6ba2237d478a2d61651ce196)
                       - mock (Directory, 4831a7c9c6e255a7a381ec3bdaa9b840)
                         - @tests (Directory, e88696c6b2d98c22f146512047ea3a1f)
                           - stubtest_allowlist.txt (RegularFile, 1d2f835129778d3493b77addc776f4b8)
                         - METADATA.toml (RegularFile, 3286dace9e4bcfcff0cc012bb1362d9b)
                         - mock (Directory, 94e9d0c7f6d283700c817cee6d0b66df)
                           - __init__.pyi (RegularFile, d7cb1f9fbb4afe4f2ea8a036cc780166)
                           - backports.pyi (RegularFile, 5d150e700f9e47a0c1022cdf160a5d0a)
                           - mock.pyi (RegularFile, f7e395dacdba2ddf075c10b249e32dc4)
                       - mypy-extensions (Directory, 251ceba2c5d212cc932696499a545e18)
                         - @tests (Directory, f2fcd56ffdadac1061f3f04b6a6c38c2)
                           - stubtest_allowlist.txt (RegularFile, 3fb6ae602d6229bf8f7f04d866842544)
                         - METADATA.toml (RegularFile, b38b36ff07ff51eb78248e8c205e53e7)
                         - mypy_extensions.pyi (RegularFile, cd87a81ee95f671aecfaa58950a6ba7c)
                       - mysqlclient (Directory, 859297975282b10a4cc3c8d4e4a27add)
                         - @tests (Directory, 022f1e3bae7edaa2bdb33cf0139547f2)
                           - stubtest_allowlist.txt (RegularFile, 1b2f0cb326120dae3394c7177789e731)
                         - METADATA.toml (RegularFile, 39e0dea8688f1ba5f8213c451db49217)
                         - MySQLdb (Directory, 0e8aa36846324f86b22310b8e1e6f136)
                           - __init__.pyi (RegularFile, cd8144859c8fb9d2789608f56bb3e704)
                           - _exceptions.pyi (RegularFile, 15e603c61ee592642961e5e94481bdae)
                           - _mysql.pyi (RegularFile, 883466cffb00130e5f8ab3575736ac85)
                           - connections.pyi (RegularFile, 87d99230fc613feabe41044e9134809b)
                           - constants (Directory, 8de6ac0a06b88fd45e191fb63b8316c9)
                             - __init__.pyi (RegularFile, b2de3eb537c5196bf31d4a1b5025b782)
                             - CLIENT.pyi (RegularFile, a31e21f473903374dcd1db7da0f513f6)
                             - CR.pyi (RegularFile, e551ebe538010f55be048b1b299ccef7)
                             - ER.pyi (RegularFile, d504d508b62b8ded7f33efde237fa9fc)
                             - FIELD_TYPE.pyi (RegularFile, edea86712b01667b3c0dcf2cf0b6dd41)
                             - FLAG.pyi (RegularFile, f4b2ec910c8d91916c02aa532ae750aa)
                           - converters.pyi (RegularFile, 37281db44345a0821306f92f02507096)
                           - cursors.pyi (RegularFile, 337716c99c7582d95606b1419d09ba25)
                           - release.pyi (RegularFile, 00a73eb4158ef86ead2f2dbdaa94934d)
                           - times.pyi (RegularFile, c210de78794791fc1a1c1d7b6a356cea)
                       - nanoid (Directory, 166e3dc946fc5b32b2c8427a9aecb503)
                         - METADATA.toml (RegularFile, f503307fed721ff7ce9623af01b103e6)
                         - nanoid (Directory, 5590ca5b3f1420e595cab883e9ef0742)
                           - __init__.pyi (RegularFile, 6355d7e2ef8483dcecc4a4ac322c9b32)
                           - algorithm.pyi (RegularFile, 91deb8f9d9db1e2ce99bf6133bf1e65d)
                           - generate.pyi (RegularFile, 8fc869cda4550647f05730e2b558ee70)
                           - method.pyi (RegularFile, d2f53e76a0d0827377941d7e2d7af007)
                           - non_secure_generate.pyi (RegularFile, 717ba9b2f9d3199122b204ab9ded04ae)
                           - resources.pyi (RegularFile, 1decf6b59fc93996cbc82b444f0806fe)
                       - nanoleafapi (Directory, 042018e0883523752509bdddb3a07feb)
                         - @tests (Directory, 7f53a84ffc34d3b793ea4a182b86f469)
                           - stubtest_allowlist.txt (RegularFile, ee77bf59a88509458d329f3693c1c072)
                         - METADATA.toml (RegularFile, 0b740d7661c7ce75c576adf7647d2011)
                         - nanoleafapi (Directory, fb6144e0f59c79319b9a2e29770e7490)
                           - __init__.pyi (RegularFile, 59c9bfd6375f6de772b306157d9021d7)
                           - digital_twin.pyi (RegularFile, de3563d6b91dc8eedb070843d0e557a1)
                           - discovery.pyi (RegularFile, 54d2f53f0688df18f558d3699b0db150)
                           - nanoleaf.pyi (RegularFile, 023ca89e92de18f4a8d3943fd9391830)
                       - netaddr (Directory, a63d2d49b7e3b2b2797033b7d5b8dad0)
                         - @tests (Directory, ddde61f1fa4295dca9882fb1a7586d3e)
                           - stubtest_allowlist.txt (RegularFile, 36ebfda58e4bf63b7c04112f166f3bd2)
                         - METADATA.toml (RegularFile, 80fd39acb28c7507a1ca85458b8329d8)
                         - netaddr (Directory, 8d0a536b1049f71cbd180548c6048277)
                           - __init__.pyi (RegularFile, 5fec993cfd90e21374aaf31f0e208a9f)
                           - cli.pyi (RegularFile, 01c475cf5491c3dc389dbe6fe86fccc4)
                           - compat.pyi (RegularFile, f571933bb948577b1f9f3076fb8fc7c6)
                           - contrib (Directory, 8eab13c2352ba9378c9e4423b4855a0e)
                             - __init__.pyi (RegularFile, f571933bb948577b1f9f3076fb8fc7c6)
                             - subnet_splitter.pyi (RegularFile, ae4096ad1afd8f3590fe580c5d3fb283)
                           - core.pyi (RegularFile, f4df0e913dd5955713a41de6556e9c6d)
                           - eui (Directory, 4d1c8bfe06829dadb1cdb1650fb33788)
                             - __init__.pyi (RegularFile, a885cb9b3f058f59c8c6513d3febfb73)
                             - ieee.pyi (RegularFile, c4b93962c279399cbea137ccb02237b2)
                           - fbsocket.pyi (RegularFile, 6e4e8ee41cd15fa36f0ea45dba10460c)
                           - ip (Directory, 6142a6fe751d6235f228bdd1b4256613)
                             - __init__.pyi (RegularFile, 9dd439cb27c234dec5b20e8aa8aabc74)
                             - glob.pyi (RegularFile, 89901a028d5502a4db0842f381beedd2)
                             - iana.pyi (RegularFile, 495b37a7a80b793abcaaec161a2f751c)
                             - nmap.pyi (RegularFile, 592480e7070aca0dda5e71449ce5e7cb)
                             - rfc1924.pyi (RegularFile, 6f4554377a2419ebf47f5ed4b5d89af8)
                             - sets.pyi (RegularFile, 5fce7168f24b9c60893fdbfcda2ff6ea)
                           - strategy (Directory, 2aed6cdefc71a059e4165809cbc501c2)
                             - __init__.pyi (RegularFile, 9686769a855b1dd3e164a191060ef642)
                             - eui48.pyi (RegularFile, 0d3a1f8724b223d8573463f58a84d2a5)
                             - eui64.pyi (RegularFile, 709ece4d1e325f3660a30763c06f8f00)
                             - ipv4.pyi (RegularFile, 572722ef400eb75e88133f103926f662)
                             - ipv6.pyi (RegularFile, 31741f57de5be94e3c33a6f46c42faf8)
                       - netifaces (Directory, 103307b8584e1d3ed983c0217064da03)
                         - @tests (Directory, c8f80e82151c5169b696a5084e3974a4)
                           - stubtest_allowlist.txt (RegularFile, a4131da589ff707a573f2744ba4f4c51)
                         - METADATA.toml (RegularFile, f1463644ad0df77d51a6c045d861614a)
                         - netifaces.pyi (RegularFile, 16fff252234d48f1b267c184db1b07e0)
                       - networkx (Directory, 0941e8e91c8d165abb7e65be527c7b55)
                         - @tests (Directory, 25849b787dde5f2314143ab45647d84b)
                           - stubtest_allowlist.txt (RegularFile, b7e135862268576ab5aaeda91c976689)
                           - test_cases (Directory, 0452ba847555d6582bb7ef0e8daa1512)
                             - check_dispatch_decorator.py (RegularFile, 5c94431d0cb116e40448f24cf8dfb9bb)
                             - check_tricky_function_params.py (RegularFile, 1f6a03a3c3b39bab313b3220ce6fffe0)
                         - METADATA.toml (RegularFile, e85f1f068fcb89ec4b1588accb45d20b)
                         - networkx (Directory, ccdd2874d08df758668e5b709511f5a6)
                           - __init__.pyi (RegularFile, dd6b931018706022fc56647397f4d652)
                           - _typing.pyi (RegularFile, 316a39bb1da9312ab49a927a9af2e44f)
                           - algorithms (Directory, 182076d0e41dcb422c6b71d39b865081)
                             - __init__.pyi (RegularFile, a6c0283fa72cbf9b9e4c9a32bf2b2b34)
                             - approximation (Directory, f256b92387d89f03d6c38f43f0cc15d3)
                               - __init__.pyi (RegularFile, 41578698e9b54a8823fdf7b75bd9ad57)
                               - clique.pyi (RegularFile, b369172667cea7c8d13fe162737a62d5)
                               - clustering_coefficient.pyi (RegularFile, 493452d52897ebcc04f5a5c9580fdf43)
                               - connectivity.pyi (RegularFile, 949143bd3ca5e107a0cd638b05d98d59)
                               - density.pyi (RegularFile, c8dcd8c269bd12e4fd6ea4c64f9085ac)
                               - distance_measures.pyi (RegularFile, 584163b1d3fb185a1bd58e9ad856f9f1)
                               - dominating_set.pyi (RegularFile, 6500aaa0255d19308b7f20df5b2a8f1e)
                               - kcomponents.pyi (RegularFile, e0a99f695457cad3be3e4ecf1ac6c9f9)
                               - matching.pyi (RegularFile, c0a0d1f070f32a965cc27ad5307fc8d7)
                               - maxcut.pyi (RegularFile, ce6abbad314667e3ad22c1769119bea0)
                               - ramsey.pyi (RegularFile, 926d4c17c0788c297c0e7e18e9eb7fe7)
                               - steinertree.pyi (RegularFile, 2c0e81804d067ebfa31ba250558ead40)
                               - traveling_salesman.pyi (RegularFile, 0587976637a520750ea3d9a0f521a4c2)
                               - treewidth.pyi (RegularFile, 31fb4b0fbb05818f49bf7fff775d8fad)
                               - vertex_cover.pyi (RegularFile, c25018f046887e1bab4ba68c15c231f8)
                             - assortativity (Directory, 81aa1b8093c06edd2f70e28f226e4458)
                               - __init__.pyi (RegularFile, d1251b53f577828f092c7feff31d9807)
                               - connectivity.pyi (RegularFile, 83ff00dfb26dd679e51cb7df5238fb9b)
                               - correlation.pyi (RegularFile, cb0164b4484a3b16cc909ce04630a3ad)
                               - mixing.pyi (RegularFile, 2df100822be6d16527997080b9f81b6a)
                               - neighbor_degree.pyi (RegularFile, fd51e557c8c91d0b6a35acf834397c8f)
                               - pairs.pyi (RegularFile, 867ec0231f5c4eea5a5494e5a965288f)
                             - asteroidal.pyi (RegularFile, ba041aa4f100bf922fdb4ddc25613cf7)
                             - bipartite (Directory, ec63922e5c29c284899ae9d2224bacac)
                               - __init__.pyi (RegularFile, 1c53f3421e1b468b08c86ead9ed693fd)
                               - basic.pyi (RegularFile, 027229e4af23fe9263f077f58a1436b7)
                               - centrality.pyi (RegularFile, 1fda39df31e82edf5b4fb17002e60d0b)
                               - cluster.pyi (RegularFile, ed2d093df85d5de88c7bb6f0aa5a42e5)
                               - covering.pyi (RegularFile, a6f54327468a3b6812583791a1ea4d52)
                               - edgelist.pyi (RegularFile, fbf6b8457a7be5022eb9f8142e3c4ab4)
                               - extendability.pyi (RegularFile, c8e4f2b8086257e4cfcd8236f3162958)
                               - generators.pyi (RegularFile, f1f4ccc2772afbad0a63111dd6e90682)
                               - link_analysis.pyi (RegularFile, 4ff773d164736cfd65472bae08b9c3d4)
                               - matching.pyi (RegularFile, 35718badfb39c8ee5d6fe6bfa5b3c770)
                               - matrix.pyi (RegularFile, ba4e06d2f4c612f87db8a689d365634f)
                               - projection.pyi (RegularFile, 27084aacf794f134902c1c15905a7365)
                               - redundancy.pyi (RegularFile, a3203465fa1243d0f181906fdf7da5c2)
                               - spectral.pyi (RegularFile, 9719a389c09c46bac5102026611404d3)
                             - boundary.pyi (RegularFile, 9dcba56dc6dbb4ceb28ad694f95f5582)
                             - bridges.pyi (RegularFile, f75e993215b45a140ebf7290b3895b3d)
                             - broadcasting.pyi (RegularFile, 4d6b2315cda3a441ad86be3c73e834d5)
                             - centrality (Directory, 1dba5c8d4418992c1d1b676384bc374e)
                               - __init__.pyi (RegularFile, 763bf08c77d7f618ac1562d3d819352f)
                               - betweenness.pyi (RegularFile, 577c7d185319dfb1a20587247ad7f544)
                               - betweenness_subset.pyi (RegularFile, e6a66783c6c6a72e5b7dc8578898e317)
                               - closeness.pyi (RegularFile, 45b14d7a7f0a19d624b1c8234e8f6303)
                               - current_flow_betweenness.pyi (RegularFile, 4a95a4c1f0874d07df47e0abe441cc9a)
                               - current_flow_betweenness_subset.pyi (RegularFile, 56df151ec95281a0d430194fdbaecff4)
                               - current_flow_closeness.pyi (RegularFile, 047fac679e0c0894bdcce67aa185ebe1)
                               - degree_alg.pyi (RegularFile, f9f352da3eb2b2d24b4a137fba1c874d)
                               - dispersion.pyi (RegularFile, 606507aa99a2f35fb6a2cb814b01723a)
                               - eigenvector.pyi (RegularFile, 463d3d61453695027d5df144c3bcd50a)
                               - flow_matrix.pyi (RegularFile, 095ebcffe55d5decc2f9d57dde61afd6)
                               - group.pyi (RegularFile, 973cb3a1ba32471a0057554bc490f48f)
                               - harmonic.pyi (RegularFile, ff288015117ef91052a9cc2a80e77b73)
                               - katz.pyi (RegularFile, e84221510decc487475d2662aa3f0cef)
                               - laplacian.pyi (RegularFile, be13f77aef1f7388f127476496132395)
                               - load.pyi (RegularFile, f4482d4a736154f09f0e7d9b44fe57d2)
                               - percolation.pyi (RegularFile, 5c7d245230b08221d687ecb72971af58)
                               - reaching.pyi (RegularFile, 793f27a2f9d245fc34cb01549d2a0c62)
                               - second_order.pyi (RegularFile, 6b6f3783f9bb8dd5e77c6308923a401a)
                               - subgraph_alg.pyi (RegularFile, 0ed7cbd64ab924889b4fff17e7420bec)
                               - trophic.pyi (RegularFile, 16f4be6ca8c5f917fb01914df6b612e9)
                               - voterank_alg.pyi (RegularFile, 37ea5d5066589ca484c204645c2131af)
                             - chains.pyi (RegularFile, d1e441087f5cebfbcfa6c3d22ca49eae)
                             - chordal.pyi (RegularFile, 744583842ce83eaaae5c7814b49748bc)
                             - clique.pyi (RegularFile, 23a6decdfb614f873f915f558bf60eea)
                             - cluster.pyi (RegularFile, 84f7e31c334b9081f872736736bfab9e)
                             - coloring (Directory, 179c9e580f3ca7821747d58e769fbc13)
                               - __init__.pyi (RegularFile, 6e8b855e45f055f0c6202030175975a2)
                               - equitable_coloring.pyi (RegularFile, b76abb3e615d376c354f9112de0f8b51)
                               - greedy_coloring.pyi (RegularFile, 1e694a84db4b808c7d53064d085342f0)
                             - communicability_alg.pyi (RegularFile, 494361667bee918ddff80be384dbef7d)
                             - community (Directory, 0fc81ca130c1cb4e8c0147c62796d914)
                               - __init__.pyi (RegularFile, befdc14d6dfd4c01b497e5ce81756b80)
                               - asyn_fluid.pyi (RegularFile, 67819a01345018b0d8eb29e6666ee985)
                               - centrality.pyi (RegularFile, 7e5b078af6f15aeb84779f8c69c4f196)
                               - community_utils.pyi (RegularFile, c532aed961b211a506365300d645f073)
                               - divisive.pyi (RegularFile, 37fcd38479d791a7631b50980b11c641)
                               - kclique.pyi (RegularFile, 1adeffae7ea1a9090f3b2272b1bb97ae)
                               - kernighan_lin.pyi (RegularFile, fcd3ab74af49552afd33018c1286e300)
                               - label_propagation.pyi (RegularFile, 905d3b1cc8af127a191432e64bf73fc0)
                               - leiden.pyi (RegularFile, f874c63d5222b72f1605ea95af3da359)
                               - local.pyi (RegularFile, 642e34f6c7eaff2c892e3121e5d71bfc)
                               - louvain.pyi (RegularFile, 2a0d4d43d5cc0e0a0c2724050f365fab)
                               - lukes.pyi (RegularFile, 60c556bb39e12fa8b5438f863310081c)
                               - modularity_max.pyi (RegularFile, 188ee6f8b9523a018e2c0d5eed0643a3)
                               - quality.pyi (RegularFile, 9b8cd8bda255ed3acf04be7639e66930)
                             - components (Directory, fadca881fc8969a70f858817f05f27b3)
                               - __init__.pyi (RegularFile, b9ca12a3ed0a0c8270312d8410e5883e)
                               - attracting.pyi (RegularFile, 5a408f9b2b6bb1be2f1e29684e539c4d)
                               - biconnected.pyi (RegularFile, 6c70766fa978f866d602c2dd2a805359)
                               - connected.pyi (RegularFile, b3d2d5c3e2affc464d4434e4a39865ae)
                               - semiconnected.pyi (RegularFile, 694471b78355fe62e55245984b2ade44)
                               - strongly_connected.pyi (RegularFile, 99b223c681871bcaf08cef85cb935d3a)
                               - weakly_connected.pyi (RegularFile, 693bbf233d7bc4ee2c15d6ee1932ad4f)
                             - connectivity (Directory, 6954cea66beebe243a044ab0c8b42e0c)
                               - __init__.pyi (RegularFile, cdd597d0ec40a6843b54b3bbcd2c7f8c)
                               - connectivity.pyi (RegularFile, 8763eeb4905cade5c30cf453f0c38bc2)
                               - cuts.pyi (RegularFile, 82bbe9577cc7e83dc8cca443006292ae)
                               - disjoint_paths.pyi (RegularFile, 85be8083737b708690e9a39cef5699a8)
                               - edge_augmentation.pyi (RegularFile, ef7c586c5bd021fbd922810d5d2cbac6)
                               - edge_kcomponents.pyi (RegularFile, 2672c41324358fa04a76800daec2dce7)
                               - kcomponents.pyi (RegularFile, d7d1dd31ff4ccdf045dc2079afc50135)
                               - kcutsets.pyi (RegularFile, 6879b5c5fff6a43bd5be940a48835d81)
                               - stoerwagner.pyi (RegularFile, 6c1ba0f341b0b1e93b2ae548d0327acc)
                               - utils.pyi (RegularFile, 764c6f79f62e21aa9d0108020b2b757f)
                             - core.pyi (RegularFile, 094f65f661abb0155ef983f86a670c23)
                             - covering.pyi (RegularFile, e56282d3598f38de946545447de8a1ae)
                             - cuts.pyi (RegularFile, 0b2f31064ed2d353aed88327989a5553)
                             - cycles.pyi (RegularFile, 57059a2da48ac75bc7b6bd61e998e307)
                             - d_separation.pyi (RegularFile, 726d1e35ba8c52cbae98cf5ac307124f)
                             - dag.pyi (RegularFile, 6039b5f6a5ba4d6bb72e10f6b360dd2b)
                             - distance_measures.pyi (RegularFile, bfd38d2f45fd340a63505ec102816007)
                             - distance_regular.pyi (RegularFile, cb5d67a51ca08fdb228d2192abfb49f3)
                             - dominance.pyi (RegularFile, f54fa9d2de53df6cd93805ac04b8226d)
                             - dominating.pyi (RegularFile, 4142f75ecc8e173ab0fc4b0ca9f7bf21)
                             - efficiency_measures.pyi (RegularFile, fbb42607cabb752bb0be745001311b47)
                             - euler.pyi (RegularFile, aa9893305bf0a8e3870db525e14afcbf)
                             - flow (Directory, eff6d9890700c95131a2ee36cf523a9e)
                               - __init__.pyi (RegularFile, 518c23680ee8d4964a626763054d826b)
                               - boykovkolmogorov.pyi (RegularFile, 46801703cf6ce7ffc3bc0682815e7538)
                               - capacityscaling.pyi (RegularFile, cecc92be30d83da13b82cfb4dbd443e9)
                               - dinitz_alg.pyi (RegularFile, 6c6e682cd776efef028a55675be119f4)
                               - edmondskarp.pyi (RegularFile, e81c0451a21180d450cc8f98bd1ddf23)
                               - gomory_hu.pyi (RegularFile, 5831b8f6e232f421be8563886020e3ba)
                               - maxflow.pyi (RegularFile, e9d1b7a4a0d86a2687af5ab39a6865e7)
                               - mincost.pyi (RegularFile, b8ce9bd77dae0897d381efb25e7a0fd2)
                               - networksimplex.pyi (RegularFile, e88308387281895c53ac686cf63f7e9b)
                               - preflowpush.pyi (RegularFile, e6d104baaad9d9ba5b5cf03455b68018)
                               - shortestaugmentingpath.pyi (RegularFile, d4deef3c25eded75f9ad1325d6980dbb)
                               - utils.pyi (RegularFile, da651b56f11b5e74153e1320b2bb2031)
                             - graph_hashing.pyi (RegularFile, 22934e67625c01c19687fcd43f0f5cae)
                             - graphical.pyi (RegularFile, 7a19c28e2662dcad1b05461a0ea543a5)
                             - hierarchy.pyi (RegularFile, 34583703837dec0f468414199f1b1186)
                             - hybrid.pyi (RegularFile, ae4d1f319674cf591555cf9be6e6dc6f)
                             - isolate.pyi (RegularFile, 057c83fb3f65a2dbdb4a0dc74cec6c78)
                             - isomorphism (Directory, b5609a25b67a4f8d52b1b6709caa5539)
                               - __init__.pyi (RegularFile, 8b0fc6073f313352843e25704f2b70ad)
                               - ismags.pyi (RegularFile, 5dd04e9416e7b95443eaf36f6dfc3c6f)
                               - isomorph.pyi (RegularFile, 980b0e560fea17470ea3702dff0a9db5)
                               - isomorphvf2.pyi (RegularFile, 34194a62e345b445524435d64cf2e512)
                               - matchhelpers.pyi (RegularFile, 7b5fa63e46797fa9a27750e84ac44adc)
                               - temporalisomorphvf2.pyi (RegularFile, 296e9c5b48ac10a15d8313508594646c)
                               - tree_isomorphism.pyi (RegularFile, 64cd94d523c67930015cfaaa37550e60)
                               - vf2pp.pyi (RegularFile, c183feb13833c46092e1cf840200db15)
                               - vf2userfunc.pyi (RegularFile, 689b58df4150754ff3c6ba602aa3be8b)
                             - link_analysis (Directory, 14eb0bcbd9aa32943fb3c94da44f2832)
                               - __init__.pyi (RegularFile, 73fc7ea53db58a28183db47cbcc29128)
                               - hits_alg.pyi (RegularFile, 4cef67dee8cb11d652db5aabe15349d2)
                               - pagerank_alg.pyi (RegularFile, 422417a11f1f371c9447383c418129a0)
                             - link_prediction.pyi (RegularFile, ae0362eaf1f60ab673104197dcda0e07)
                             - lowest_common_ancestors.pyi (RegularFile, 2398bccd239b122e0a14a229706ae7dd)
                             - matching.pyi (RegularFile, 61107d1a56d03727f6054baead96b744)
                             - minors (Directory, 75db04bee24ca55a2c4c6c34fbb7215c)
                               - __init__.pyi (RegularFile, be40b6cddbd474de96d244927cfb1cdf)
                               - contraction.pyi (RegularFile, 1a8b8e047b21da152869792a856514f2)
                             - mis.pyi (RegularFile, 0c745389c3dba56e4b296a348b7e5248)
                             - moral.pyi (RegularFile, cf72c1c40e7e409d3ffc9c92ac40cc2c)
                             - node_classification.pyi (RegularFile, 1e61a78070e6da0163b674398431895c)
                             - non_randomness.pyi (RegularFile, 5f2adf911df8c589fc444003d1ccb167)
                             - operators (Directory, 6e92e82f76bd77222bbce9cf67a505fc)
                               - __init__.pyi (RegularFile, 7bd1e1604f6824616c41ed3c7f21b2e3)
                               - all.pyi (RegularFile, ffa3a2ebfc0ea92ced9214961dd04318)
                               - binary.pyi (RegularFile, 6559afc06d0039913df8ff38915d8946)
                               - product.pyi (RegularFile, 0251afae45a7b1330508106b3639d9fe)
                               - unary.pyi (RegularFile, b1dfff7e73ce53379f3682d3eed66882)
                             - planar_drawing.pyi (RegularFile, d8d6ca8c47ebf80e42889350b650bde0)
                             - planarity.pyi (RegularFile, 16dfa55f301da96bec8f37cf8b2d9039)
                             - polynomials.pyi (RegularFile, 09be91997324f7b179bfaba3cce96ac4)
                             - reciprocity.pyi (RegularFile, d72ca858d473ac0c6bb3369f6fe579cc)
                             - regular.pyi (RegularFile, fdcaaf514a01a186662b054b650eb098)
                             - richclub.pyi (RegularFile, 5429bbc800281348761a9ac6140ff596)
                             - shortest_paths (Directory, bf47c4235eb7a589a2f07a58a7dce8fc)
                               - __init__.pyi (RegularFile, d91794b24c18170082e7a9b2ba532c31)
                               - astar.pyi (RegularFile, 1f028e94d935089b26e4e8f5441a7c3e)
                               - dense.pyi (RegularFile, 45b7221b2cc4ddc4355eb4bc108d4553)
                               - generic.pyi (RegularFile, 04837a5b8d47a92269e6840c0ec124ae)
                               - unweighted.pyi (RegularFile, de359e5e8f5b69d85c4be2c7ba164b2a)
                               - weighted.pyi (RegularFile, d187f134b4ab38d62d06d5a1f9a8d208)
                             - similarity.pyi (RegularFile, 28ed09037c948d554215416b444f3e16)
                             - simple_paths.pyi (RegularFile, df9d98e18dd6a8d0a5dea20f17dd7a1b)
                             - smallworld.pyi (RegularFile, f02b0939b62bfc1e8898b398100851c1)
                             - smetric.pyi (RegularFile, 35a7368e8c60e2b69904ba0bad2f98dc)
                             - sparsifiers.pyi (RegularFile, 9584959a4686323879bbb25d5feeaf64)
                             - structuralholes.pyi (RegularFile, 502896972cefbe8a894409e60066b460)
                             - summarization.pyi (RegularFile, 130cdd7dd31581906a6e448a4005bd12)
                             - swap.pyi (RegularFile, 37dd0fdc20d289eba4d2dcb611d2085e)
                             - threshold.pyi (RegularFile, 79795a02462ddbf8af5d1064ee72a30d)
                             - time_dependent.pyi (RegularFile, ba1bb4c83818f83c5288c336aa8d7221)
                             - tournament.pyi (RegularFile, 47624bee89cd4561523757f6095d5a83)
                             - traversal (Directory, d03017aead3e8c4814c811c72cf814a3)
                               - __init__.pyi (RegularFile, 3de72653bf5ea0801c5f80a47e745ed2)
                               - beamsearch.pyi (RegularFile, 96c4c81cb0afec3825fcee97f8206140)
                               - breadth_first_search.pyi (RegularFile, 86df83621ed05fc382c82387e4568853)
                               - depth_first_search.pyi (RegularFile, 0c435335e58bc658e8333b59f4fa64e6)
                               - edgebfs.pyi (RegularFile, b76bbdb751b1da02e5ccd3a5ac492549)
                               - edgedfs.pyi (RegularFile, 0260b3f156d70014216fb16378d3d084)
                             - tree (Directory, 139ec904b2f971a385bb7e786110123b)
                               - __init__.pyi (RegularFile, e29333cc9343dd18a55ceb9716b9d2ec)
                               - branchings.pyi (RegularFile, 6c9ed4d5cf7006ed6f99d8213b40fd7a)
                               - coding.pyi (RegularFile, b30ac92ada448e1ba8728e9e3e6b7138)
                               - decomposition.pyi (RegularFile, 88cd5090732465de859807b0bb473527)
                               - mst.pyi (RegularFile, d06ed6d5b27fadd29dc5a4773ca3dc16)
                               - operations.pyi (RegularFile, 53228ca14ade0360379048442b058080)
                               - recognition.pyi (RegularFile, c5fccd59d56bcf1c5103415c32432f63)
                             - triads.pyi (RegularFile, 7f277e45c8c60a7f8554bb4e35af3924)
                             - vitality.pyi (RegularFile, 1135dd002b4ecf956fc5c5216699c36d)
                             - voronoi.pyi (RegularFile, 6401a412095e97988408bba1de2048cb)
                             - walks.pyi (RegularFile, 1c5b96a9fbfcd39b3bb8c3e92e184dfc)
                             - wiener.pyi (RegularFile, 7768e7e79428b2b36f9a7238b543295b)
                           - classes (Directory, 00a2883eae53e61dc6a360a8ba16af6c)
                             - __init__.pyi (RegularFile, f78d11aa8114b555ea24f2a1d089444c)
                             - coreviews.pyi (RegularFile, 594ed3e578145ec6a037a8594e91b7aa)
                             - digraph.pyi (RegularFile, 3853b86003f592c8463af785fbcbaa6c)
                             - filters.pyi (RegularFile, aee220f75ecb02f8a8cf41b7059ed99c)
                             - function.pyi (RegularFile, b91d3b47635c9282e71dcf9ee1bfc670)
                             - graph.pyi (RegularFile, 55cc7acc755c6ee242b90961fc5fcd54)
                             - graphviews.pyi (RegularFile, 9861dd558f4e53b351dc3c9e05f77cf0)
                             - multidigraph.pyi (RegularFile, 713bc85d1451a829e6127a9e7051f703)
                             - multigraph.pyi (RegularFile, f6c7c2a1990febe8c38984151ba9d752)
                             - reportviews.pyi (RegularFile, 8c528bf5d5e33cf5a9fe603278c63616)
                           - convert.pyi (RegularFile, fbc8e3ca3f736b652b8f3bed9ee6c873)
                           - convert_matrix.pyi (RegularFile, 43027b19484d8299812bf66322f57d9c)
                           - drawing (Directory, d69f276343e4dae3243308a1ee87c0e5)
                             - __init__.pyi (RegularFile, 9c5efa3755ec34e0c4bdfd289ebc8b3a)
                             - layout.pyi (RegularFile, 04ef0145240ac84e09712f24f513fb8a)
                             - nx_agraph.pyi (RegularFile, 4d62b539cd1e831e64f200e8ec613a19)
                             - nx_latex.pyi (RegularFile, 9a0b750b857072198a432b12fd114d09)
                             - nx_pydot.pyi (RegularFile, eb2d023aabfcdf1c3cf78e647225d6e5)
                             - nx_pylab.pyi (RegularFile, f10bfb7dfbde1ab156ab83822d418c6d)
                           - exception.pyi (RegularFile, 35476a6fcdad16ed297cf2a498fd4337)
                           - generators (Directory, 906050220887ffd49d9e753add5e7e8a)
                             - __init__.pyi (RegularFile, 907f08ced21340474e9cd6c1262f41e0)
                             - atlas.pyi (RegularFile, 9a1acef6b1986fadb04ec62d4aa837ed)
                             - classic.pyi (RegularFile, fc24674c761ebc385fa4c5e5283500ec)
                             - cographs.pyi (RegularFile, f4d58fbd303d0e0b50e1ccf56a6605c3)
                             - community.pyi (RegularFile, fd7254f5f2b68dce26a804e7c4b671fc)
                             - degree_seq.pyi (RegularFile, c8e0abe030f9153a95e247e57db34ad8)
                             - directed.pyi (RegularFile, 09492b9ae6e635ad5ac2cad696554819)
                             - duplication.pyi (RegularFile, bbc1b07c271494869c5cd27c3279bafc)
                             - ego.pyi (RegularFile, a970ddccedeb851933c16304caa100c5)
                             - expanders.pyi (RegularFile, 607620f8d70b032d7d1370abf90281f9)
                             - geometric.pyi (RegularFile, 2a9c9f0198b1fd5e922ccd3146158cc4)
                             - harary_graph.pyi (RegularFile, 7871df1cccb12844f3a4bb433e76059a)
                             - internet_as_graphs.pyi (RegularFile, 7eaceecae353c59bbfec5f1959e106cd)
                             - intersection.pyi (RegularFile, d342999c161e3b65c42ff9eeaf7000e0)
                             - interval_graph.pyi (RegularFile, 931a67aa4907bcae62b4cd58f15725db)
                             - joint_degree_seq.pyi (RegularFile, 05f8fad40db41ea2d39141b1c90c6e5e)
                             - lattice.pyi (RegularFile, fb88f4874c7d344bab9e503b31eed7be)
                             - line.pyi (RegularFile, 58f62f8e87775d8282cc145e076202cd)
                             - mycielski.pyi (RegularFile, 2257a8da31d95a159ac04c06b9624747)
                             - nonisomorphic_trees.pyi (RegularFile, 0609831e33735676f93b18d9646e0c0f)
                             - random_clustered.pyi (RegularFile, ff1cac3e63945b7add9a7636ee1024df)
                             - random_graphs.pyi (RegularFile, 3bc621f2abd6530e2f171bfcbf8d3694)
                             - small.pyi (RegularFile, 809d9dd9672bd7fa28462d6cf747b8cf)
                             - social.pyi (RegularFile, 6bb272a65c4b152f3714bddbf988f342)
                             - spectral_graph_forge.pyi (RegularFile, 5f55dfc69a88499a57fed6d4a32f50b4)
                             - stochastic.pyi (RegularFile, 70f1efff0bcb20baaf28848ca22d6ab7)
                             - sudoku.pyi (RegularFile, 0ef4a529db8ab4faea4a36958bcd8b2e)
                             - time_series.pyi (RegularFile, 202827f78fd720337d5724c958d43383)
                             - trees.pyi (RegularFile, bb3c033ac570b818dbeff9cf84fb1dcc)
                             - triads.pyi (RegularFile, 430938f194d4a997e6ecc3dd1d6ec531)
                           - lazy_imports.pyi (RegularFile, 7ada2ac6165577c35934d18eabd4aa42)
                           - linalg (Directory, 25b71658a4489446b4dcb9ddfdfcd995)
                             - __init__.pyi (RegularFile, 72164d35750f67e01b72489bd5cad3a6)
                             - algebraicconnectivity.pyi (RegularFile, 47820b9af1b5b648b2782632c9698068)
                             - attrmatrix.pyi (RegularFile, bb616cadb21a4e66f8e1d706f3a2cdd5)
                             - bethehessianmatrix.pyi (RegularFile, bd417945b8eeb818d6645b18a19e35f3)
                             - graphmatrix.pyi (RegularFile, fe1b279f903b508dbb6c050a9c0005ef)
                             - laplacianmatrix.pyi (RegularFile, 0b98e2f4d8afc54cb6faea4395ee43be)
                             - modularitymatrix.pyi (RegularFile, 765b21f47c13215d651789b31a037294)
                             - spectrum.pyi (RegularFile, f265cbfa243641c597c6f099bc1793ab)
                           - readwrite (Directory, 5aeb8057c4f014eba09503f4a1485746)
                             - __init__.pyi (RegularFile, 146a0a81425cb6c8ea30d91f271126f8)
                             - adjlist.pyi (RegularFile, c81144d4d8c82cdd1c9446f45f5bea12)
                             - edgelist.pyi (RegularFile, eef5f0267441be6bf762dbdc248ca862)
                             - gexf.pyi (RegularFile, a0e1c6511763f34a17d6da00d8a7c9f3)
                             - gml.pyi (RegularFile, a1d0303a8fc309a31596d7a04f0be024)
                             - graph6.pyi (RegularFile, c3421d437953d1ee47c7ad2a70b379e0)
                             - graphml.pyi (RegularFile, ffcb2522aaad5dde18b29484bf3bc273)
                             - json_graph (Directory, fc230812e19efcd2d129dde628e727a2)
                               - __init__.pyi (RegularFile, 802a9121a2801334049bdacce9b654de)
                               - adjacency.pyi (RegularFile, 92dc122fab27cad36624260f34792925)
                               - cytoscape.pyi (RegularFile, ab10a64c35b32cbd9f2dd84214de0abc)
                               - node_link.pyi (RegularFile, 8aa2f67f256926b54acad846aef8bd72)
                               - tree.pyi (RegularFile, baabe20da031a6d455dfbd21e61ef109)
                             - leda.pyi (RegularFile, 05af0dd82ed07449ef711359e8d7338f)
                             - multiline_adjlist.pyi (RegularFile, ddd6e44a917ebf7c6ab6b456c61a2967)
                             - p2g.pyi (RegularFile, 657fcfdc2bc04b25f125077124821dac)
                             - pajek.pyi (RegularFile, c8c0f29c07244bc87d8ab81b0befa98b)
                             - sparse6.pyi (RegularFile, 3dcad6e703ae814d10b0ce193a2ba558)
                             - text.pyi (RegularFile, efd920ad01b4dae1e1ac99f061aeaec9)
                           - relabel.pyi (RegularFile, 2ec8b5f47f461ae52c4d801c95b7255a)
                           - utils (Directory, c2fcade16e2edb7a897644e790292350)
                             - __init__.pyi (RegularFile, 2d5b76ed3e28638752dada9d707cd4dd)
                             - backends.pyi (RegularFile, ba2236cccf1464cd7b2cd868eb3297ff)
                             - configs.pyi (RegularFile, 1f06bdca3ffa2a7aac3bbc4fae09fbf4)
                             - decorators.pyi (RegularFile, 804a3dbb21b693a8b518e857c23eb25d)
                             - heaps.pyi (RegularFile, e9abb59386053be31bd8693ce5fc8c30)
                             - mapped_queue.pyi (RegularFile, b78bd674faf862136e8c3c04adb76531)
                             - misc.pyi (RegularFile, 16688b9815f614a66510c3d91d9e18e8)
                             - random_sequence.pyi (RegularFile, d8aa54dcfd3a6d0587297b856b875b7c)
                             - rcm.pyi (RegularFile, 838a7aeb8ada326f4a233811dcd35b9e)
                             - union_find.pyi (RegularFile, 6a145229b7c83ef7dee6f9e3cd5a8c1e)
                       - oauthlib (Directory, 05356ebb3a7efddd38ac436063775989)
                         - METADATA.toml (RegularFile, 1da1d7f0a7d8e3bb8e96fd01feb56889)
                         - oauthlib (Directory, 48078e2b257cd04083e3e9365509d0b3)
                           - __init__.pyi (RegularFile, a67c4f35af2a5cef1a4368eef503d606)
                           - common.pyi (RegularFile, 53f8681844b1f1523546c2e80a8128fe)
                           - oauth1 (Directory, 5f6071af454bfd2c1e7ecb0e3b0824c3)
                             - __init__.pyi (RegularFile, bd91829bb7e03503b55107e7955a8f9c)
                             - rfc5849 (Directory, b9b5e2f2a40423d28b756a5a5498029e)
                               - __init__.pyi (RegularFile, a9a2b962c5ab3dde60cea3308b0a7473)
                               - endpoints (Directory, acc2d7fe790f33a649940382b83e5656)
                                 - __init__.pyi (RegularFile, 9b4dfdb981334f6034b2b5285e7bfb87)
                                 - access_token.pyi (RegularFile, 45e35068d22d99e37210d08edbd54554)
                                 - authorization.pyi (RegularFile, 39604b6a1ec991ed49ce1816158e2ca9)
                                 - base.pyi (RegularFile, 5747c9f6b83a26c894b2e7d53b08efac)
                                 - pre_configured.pyi (RegularFile, 7e662b511b770538e49d6e2afeb32f82)
                                 - request_token.pyi (RegularFile, f3622b1b6df662183217dabbe83207ea)
                                 - resource.pyi (RegularFile, 0e0a466fae59b98e12254522e6d20964)
                                 - signature_only.pyi (RegularFile, 9f4e143942fb9ffe149608af0957990e)
                               - errors.pyi (RegularFile, 62dad0a73dcb62610dcb3fce60d502c2)
                               - parameters.pyi (RegularFile, e9995d8fc8630eae92578f75aff9d68e)
                               - request_validator.pyi (RegularFile, c635da7fa70ea7ed9d9dcf5b7462d696)
                               - signature.pyi (RegularFile, f72b1121aa63298a7d0d6a8db32fc65d)
                               - utils.pyi (RegularFile, 05660a87cee64be3a66621d5f89401d1)
                           - oauth2 (Directory, 96e89a390420808a35d152f3eefbabb2)
                             - __init__.pyi (RegularFile, 0e89cad039ba22c1dcb9527b49c94509)
                             - rfc6749 (Directory, 3fade076d7b7d52ceb9369b6d61d562c)
                               - __init__.pyi (RegularFile, d65095a67afaf1b3e8bd04707fdf274a)
                               - clients (Directory, fe0a62807ebd8b6f001346fd3b0ca4a4)
                                 - __init__.pyi (RegularFile, 4595f31fc16e9b7f77b8cb11ee03e698)
                                 - backend_application.pyi (RegularFile, 198f77f74248d28f10d59d2486071b1a)
                                 - base.pyi (RegularFile, 5c1445ecb3f1044dfd473d544357739f)
                                 - legacy_application.pyi (RegularFile, 44ab3e0ce6d8e7cc40b9417964bfd008)
                                 - mobile_application.pyi (RegularFile, a65e567628f208094172257ce9e8c7a3)
                                 - service_application.pyi (RegularFile, c1e397bf7ada9b038b36f5716b6f7f70)
                                 - web_application.pyi (RegularFile, 75317cc23a3d580335f138df0ba4d22d)
                               - endpoints (Directory, 1e428e2fd28f317cc1783f897b27c2e6)
                                 - __init__.pyi (RegularFile, a0c75c3399c7cec8c2e5ee567c0511b8)
                                 - authorization.pyi (RegularFile, bdd6f1f48ac1d5b45dc8028ac5e5b8a6)
                                 - base.pyi (RegularFile, 20f516800aefcb93eaa56bd7ee52c9e2)
                                 - introspect.pyi (RegularFile, 16ca88bd5c0d5c6eb3341cfa4935225a)
                                 - metadata.pyi (RegularFile, 747392b2f3d73767189e4704a4ec22c2)
                                 - pre_configured.pyi (RegularFile, c3b14190300e34938363ca5629423d0e)
                                 - resource.pyi (RegularFile, c770816556ee765683a0de8db47e067a)
                                 - revocation.pyi (RegularFile, af0352e2fc102af34cb131252661ecb5)
                                 - token.pyi (RegularFile, b9500560a04daa42c63b014542fe8a1c)
                               - errors.pyi (RegularFile, 49048845605128253f2d8e7310cc782b)
                               - grant_types (Directory, ce0c24d9c5ca033853c6161a78eb44d6)
                                 - __init__.pyi (RegularFile, 0fcd839184cbebd94a58a60d7e1b56f8)
                                 - authorization_code.pyi (RegularFile, 7217b6f69454b204bd5116f43f02a544)
                                 - base.pyi (RegularFile, ff66694531588ed8c1ad6639584fd60d)
                                 - client_credentials.pyi (RegularFile, fd91d645a009a587bc8c9b74006558c3)
                                 - implicit.pyi (RegularFile, 24ec05fb7c6bf48e827eef26ce980701)
                                 - refresh_token.pyi (RegularFile, 9d6ca4d07db585b25ce8163017979f00)
                                 - resource_owner_password_credentials.pyi (RegularFile, 3ba92330e387b2196f53723ba81f45cb)
                               - parameters.pyi (RegularFile, 300d3205e0b89853fb488b51c14af0af)
                               - request_validator.pyi (RegularFile, a5e8cc93be93f299aad4616b0d529ff0)
                               - tokens.pyi (RegularFile, 22fd74f7251dce886c800d3707e5274b)
                               - utils.pyi (RegularFile, d5ece3f42ffce09986a381916efc0443)
                             - rfc8628 (Directory, b328458a545628289a7170926228b231)
                               - __init__.pyi (RegularFile, b2b295fd0c0241a4e17f6c5cc6bce4b6)
                               - clients (Directory, d96aeb31608a6b59e810f622285fbbd1)
                                 - __init__.pyi (RegularFile, d98a3fbf338cf2cf94bfadd1a27e2558)
                                 - device.pyi (RegularFile, 91eba9b8b462d2a699c1b0d10d3f5186)
                               - endpoints (Directory, 1a8ea70181d3d1b1450d8c7972baec20)
                                 - __init__.pyi (RegularFile, e33846e6cdd22e2c6bc8bdec7034f8a5)
                                 - device_authorization.pyi (RegularFile, 48c6ae910dbd77a57f48c14753c73c8a)
                                 - pre_configured.pyi (RegularFile, 4d100dd47406b3e7f0f6d1c3763c1249)
                               - errors.pyi (RegularFile, 14ba0206b39e3179b816a80bb1af224e)
                               - grant_types (Directory, 4aa3bc6b2aa0b6312aa3e10c26a154ab)
                                 - __init__.pyi (RegularFile, 7ab3a42154d494ee03331e0db38e55d9)
                                 - device_code.pyi (RegularFile, 29bac0ca550066912c238eb58ece4967)
                               - request_validator.pyi (RegularFile, 6e18451f7aae2caeb7c3bd327dd2fb60)
                           - openid (Directory, 8c89934a1afcf872844002e7b0fda5b8)
                             - __init__.pyi (RegularFile, 39eda73bf18d8e2bfce948d081595089)
                             - connect (Directory, f90e4ec7af32b8b4642dcbc31bb3cd55)
                               - __init__.pyi (RegularFile, f571933bb948577b1f9f3076fb8fc7c6)
                               - core (Directory, f4133d8972e2a65db571537ee2d0a4b3)
                                 - __init__.pyi (RegularFile, f571933bb948577b1f9f3076fb8fc7c6)
                                 - endpoints (Directory, 75938e5350ad4fe86359c218b61653aa)
                                   - __init__.pyi (RegularFile, 71df91efe52b719951b443bbd5a6f97b)
                                   - pre_configured.pyi (RegularFile, 44fa41ec92268b39192f3689639a65a7)
                                   - userinfo.pyi (RegularFile, 85b6c56e1db7e90a82b09ee34492dc99)
                                 - exceptions.pyi (RegularFile, 97258bcb7f0cbc9d530bbc24b2b0a367)
                                 - grant_types (Directory, e979143735b43b746829c32658ce469e)
                                   - __init__.pyi (RegularFile, b01f51481ea7a930fd7c5a3232d27f09)
                                   - authorization_code.pyi (RegularFile, 36ff789bc68167ba7b8cfdfb70b1868c)
                                   - base.pyi (RegularFile, 000478926403ac12fad92edf70f670e8)
                                   - dispatchers.pyi (RegularFile, fcc479c2414df695841dfccaa584a421)
                                   - hybrid.pyi (RegularFile, 8d17294e212ec024ea975f9a8c0bb3e0)
                                   - implicit.pyi (RegularFile, a16e38fd2f4477579f3d00cc83054ea3)
                                   - refresh_token.pyi (RegularFile, cd023a9085586aa97d7c882a6bf9f32e)
                                 - request_validator.pyi (RegularFile, 100fab032cbbdaaa06e36d83a33b50a9)
                                 - tokens.pyi (RegularFile, ec5b8a885d6d105f7f49ffcd70d1b321)
                           - signals.pyi (RegularFile, 4412a7c02954778bc634008122fe75a9)
                           - uri_validate.pyi (RegularFile, 4e37882538bcf517b98f019ec73e064c)
                       - objgraph (Directory, 5b5cd261c95c58c0f632ce7492a3f90b)
                         - METADATA.toml (RegularFile, abe9bfdf81af3336c06b55e926ba2187)
                         - objgraph.pyi (RegularFile, 9d2d4c7283b9ff6cfd5347271664b3a4)
                       - olefile (Directory, 4983c5e71430ef1c9e16bd4cd8800322)
                         - @tests (Directory, 27f13177efd3d2ce745c2fa569e4084a)
                           - stubtest_allowlist.txt (RegularFile, 1f5b194dc39c5128f7fd916347e544ee)
                         - METADATA.toml (RegularFile, 0a73b32b0397e7b468c070261184681b)
                         - olefile (Directory, 206f474830b172355fb15e2f3b9ef8fb)
                           - __init__.pyi (RegularFile, c1d938f607c25d78dcd07ed56ad4d712)
                           - olefile.pyi (RegularFile, 0dfc8f23868b88e544975e92ce38c9e1)
                       - openpyxl (Directory, deff4b0220e6407d10b759389d98c075)
                         - @tests (Directory, 777631b4fcce0f58d593f4ae6f2c6ba9)
                           - stubtest_allowlist.txt (RegularFile, b8d40567aa75e3deb2733fe4c598ceb8)
                           - test_cases (Directory, 08930c464beeb3cdb4473f01496dd8d9)
                             - check_base_descriptors.py (RegularFile, 6ff1368f9c684f2f6289ba84bc7cfdbe)
                             - check_nested_descriptors.py (RegularFile, 51938e559026fb2a562153f5f2b43699)
                         - METADATA.toml (RegularFile, 99cb6e08302ad552ca093aa5d9137df3)
                         - openpyxl (Directory, dfd7ada1a1db398a0dbee0bcd29f8dd5)
                           - __init__.pyi (RegularFile, 41321a1da902d987e86b5b453f3f6079)
                           - _constants.pyi (RegularFile, e35e325f2b81956d65c5ce4c4b95fb39)
                           - cell (Directory, 71999b21617263db2e8da88501970573)
                             - __init__.pyi (RegularFile, 8a459c373c2fe78064e178e82f8efb01)
                             - _writer.pyi (RegularFile, fd446b75842fc4fb407d697142055254)
                             - cell.pyi (RegularFile, b77d7493852b14d24d6d5e2e869d8ad7)
                             - read_only.pyi (RegularFile, f3f366fe4364fb5091248dbf9e76403c)
                             - rich_text.pyi (RegularFile, 12bdcbcd77b3970028fbf062a226f74d)
                             - text.pyi (RegularFile, abc462cf7256704b4805a333eb499343)
                           - chart (Directory, 13c1c2cae7ad2fb9bcc00c1d0ddc88a0)
                             - _3d.pyi (RegularFile, 5e5f3599123f50ee43ac00b8adbd17b0)
                             - __init__.pyi (RegularFile, 1ea33d0b203ad75d56999e95cd851d33)
                             - _chart.pyi (RegularFile, 32a7dab57188654513b5c39555a0c547)
                             - area_chart.pyi (RegularFile, cd9e5ce198cbe440d1a75a0ada49dcb3)
                             - axis.pyi (RegularFile, 12aed1ddc8f2b2461132f971c70dc4f7)
                             - bar_chart.pyi (RegularFile, 794c5854654a4346521dbe47daf07eae)
                             - bubble_chart.pyi (RegularFile, 86a60b3773fc631f6b23ac5cb8377e9f)
                             - chartspace.pyi (RegularFile, 310a2600007e763e07f3edaa9af6fb13)
                             - data_source.pyi (RegularFile, 9c9a7885202eb82a968eb0c602f8e2af)
                             - descriptors.pyi (RegularFile, c61e414dee9a702353763e1cb5906020)
                             - error_bar.pyi (RegularFile, dc08ca508a0d08b3f2031b25ec9860b5)
                             - label.pyi (RegularFile, a5f8ac015e3bb3ee3de0f2a9d9b2fc7b)
                             - layout.pyi (RegularFile, b0967677fa4085dd73f0af6b160577f5)
                             - legend.pyi (RegularFile, 19e8e373cb5b057e0969495f03df07e7)
                             - line_chart.pyi (RegularFile, 5b602f9c9a560f24637aa5530a853dc7)
                             - marker.pyi (RegularFile, bcdf168c3ec5f9c411e336148c547519)
                             - picture.pyi (RegularFile, 4b8ddbeb2a57d5a4d392a2228ed22b1c)
                             - pie_chart.pyi (RegularFile, f29ca14785494349ca8ba33ebe046113)
                             - pivot.pyi (RegularFile, 1672c55d648a53ae043efda4e516bf01)
                             - plotarea.pyi (RegularFile, 4a9f7cfa042a9d749bea521967601ef2)
                             - print_settings.pyi (RegularFile, 47f3638926fb92d55a03ac47e785ed87)
                             - radar_chart.pyi (RegularFile, c95757f20ab625694cbe598a17707219)
                             - reader.pyi (RegularFile, 7b043d8164677fee020f5ee0e9982ac1)
                             - reference.pyi (RegularFile, ea9cf4041d190748541836767114d54c)
                             - scatter_chart.pyi (RegularFile, c27e445420d9d861f98275ac87c72e4c)
                             - series.pyi (RegularFile, 1f4e852c92aa2493359d2da545a5865b)
                             - series_factory.pyi (RegularFile, 2c17997db95010758e176b64a6e5d0fc)
                             - shapes.pyi (RegularFile, 06351c1009ad93f5c2b6286b4d208fe6)
                             - stock_chart.pyi (RegularFile, 8dc49e51c04ecf07be10fa80c79a80ea)
                             - surface_chart.pyi (RegularFile, 80966e6d4ae72c6106dd512297cf4e36)
                             - text.pyi (RegularFile, 4fb604aa732a5808e6d99719c42c9fc8)
                             - title.pyi (RegularFile, e9c9b72c3f6f2ebaf47e3ca263e9c170)
                             - trendline.pyi (RegularFile, a9b5b5239e88ce532adec4d535745a07)
                             - updown_bars.pyi (RegularFile, 24fa92767bb6033564f5923a74542d4e)
                           - chartsheet (Directory, 9a2c9c832d11467219182805e324088f)
                             - __init__.pyi (RegularFile, 9de474417e34bba6f7ee633c0ecba459)
                             - chartsheet.pyi (RegularFile, c4e29a3c3476723796531fc3aafc2cd1)
                             - custom.pyi (RegularFile, 897be4ad252a1128617362181c222d48)
                             - properties.pyi (RegularFile, 9b3136a5d9bf710ad4c680789c6536c9)
                             - protection.pyi (RegularFile, 1e96abd0ea8df293ed26a92cf8f85277)
                             - publish.pyi (RegularFile, fa3b52c983dc02899291005e54293c3e)
                             - relation.pyi (RegularFile, 93be12524a6a3747f1b1e1ff31891e61)
                             - views.pyi (RegularFile, 6cb962f7be5064bbd074fa68e119dce0)
                           - comments (Directory, ea127bfb2007e767eea1ad8a90676c6f)
                             - __init__.pyi (RegularFile, 4d6da032dacf695115e674854d2226f0)
                             - author.pyi (RegularFile, c795fd24f04c3ca79d5a4b7f5b55850b)
                             - comment_sheet.pyi (RegularFile, 6b6e62c42576062cdb5a7f1cf98d0dd9)
                             - comments.pyi (RegularFile, dc21e3175fa28f6f3bf787600c00d79b)
                             - shape_writer.pyi (RegularFile, e14a2ee8c165d1a338735915f7ed9b57)
                           - compat (Directory, a20b3db0a92abb703efe3930ec3f55c5)
                             - __init__.pyi (RegularFile, 908f044d4181041d9b95863885d51cf7)
                             - abc.pyi (RegularFile, ca97236957563edfd963d5698b8e5163)
                             - numbers.pyi (RegularFile, 7cda5f252677ba8763f35786604f0c4c)
                             - product.pyi (RegularFile, 5ccdc49fa2a78af8d8bdc6ba8439e5ed)
                             - singleton.pyi (RegularFile, 13ea28a501f85064fc59863a6c0cf1f3)
                             - strings.pyi (RegularFile, f8526fe9be5355bba7e14662fb15bb3c)
                           - descriptors (Directory, 20824020822bc4fc818f1f2863a0cf35)
                             - __init__.pyi (RegularFile, 894a306da4fc725bcafacb45cbd4ee78)
                             - base.pyi (RegularFile, 05bbe494cdb1aa58e6feb8f5e2c24abd)
                             - container.pyi (RegularFile, 159c366b71aa47584b90386223e5cea3)
                             - excel.pyi (RegularFile, 7fa2c6a37d50cb9bebb62ee4a8e41de4)
                             - namespace.pyi (RegularFile, 51961e49751b236eb37e9b4dbd056259)
                             - nested.pyi (RegularFile, d0d17bc8429b8f9b8e7cd3bca7b63744)
                             - sequence.pyi (RegularFile, 62679fe193781ea2a809016d83292ea6)
                             - serialisable.pyi (RegularFile, 63ad7d0b1f845319576d9300b769fec7)
                             - slots.pyi (RegularFile, 26d3f72343e26364b01977f8685d8799)
                           - drawing (Directory, 633dec9c2013e4136fb9bd2f995d1302)
                             - __init__.pyi (RegularFile, a2d28ba722fd65485faec31114e600bc)
                             - colors.pyi (RegularFile, bb35ccb1b7112e90d0608de058fc7f67)
                             - connector.pyi (RegularFile, 5631e25bf770be2fdd4e123d9e95c71c)
                             - drawing.pyi (RegularFile, 71718666c1fe6b8882327a19c76fb42c)
                             - effect.pyi (RegularFile, 1b70d44c0bf0df1869c69df301bc57f4)
                             - fill.pyi (RegularFile, 4fc669093ef8064154d386380a9f6d46)
                             - geometry.pyi (RegularFile, b57cd2b7a3d93a9c88c926809338e2a1)
                             - graphic.pyi (RegularFile, 5a9a957319f50377ff6cea8e3466be9b)
                             - image.pyi (RegularFile, a046e29aa3c3680a4ac9980af582abbf)
                             - line.pyi (RegularFile, 5b22d83da71ca94843a6dff24818b601)
                             - picture.pyi (RegularFile, 2e8ebe90c504d4fbc9b19f5db5ff1fe0)
                             - properties.pyi (RegularFile, b4e7704459a49bf9795f9447f2fac4d7)
                             - relation.pyi (RegularFile, 5396cd79b1f4caa16eb59669a51b13cc)
                             - spreadsheet_drawing.pyi (RegularFile, 4025ef03b038834cf23fb694c2501500)
                             - text.pyi (RegularFile, ecc68ad691d3d94de27b7796fa929735)
                             - xdr.pyi (RegularFile, 30957c80beb92c05157ad69202294749)
                           - formatting (Directory, eeab678606be3c5db930204f63e8d4ae)
                             - __init__.pyi (RegularFile, bab6fc079ff074f2f61d68976b2835a1)
                             - formatting.pyi (RegularFile, 8e3c17a55c67be4cb271db896632f7d4)
                             - rule.pyi (RegularFile, 5f5897bcc91249f177c37ba8ca695e04)
                           - formula (Directory, 16c6728900c50dcf62596a02b677aa7d)
                             - __init__.pyi (RegularFile, e8e680dde4130db0de48b6939cbad44a)
                             - tokenizer.pyi (RegularFile, f2cfb483f570fbc530d6f8e0de07e65e)
                             - translate.pyi (RegularFile, 9ee0eeec47d9a8c146adcb328ea24806)
                           - packaging (Directory, dcd3b456299f83cc90420f4606de5d24)
                             - __init__.pyi (RegularFile, f571933bb948577b1f9f3076fb8fc7c6)
                             - core.pyi (RegularFile, 6a0d19b39cde76ca2c4af603a312d889)
                             - custom.pyi (RegularFile, 361ee0034f27290e6392676a691d4a07)
                             - extended.pyi (RegularFile, b8e225c367ee6c3751f3678897ffbcde)
                             - interface.pyi (RegularFile, daaaf39128048341b740c35b9b0e98f3)
                             - manifest.pyi (RegularFile, aeb83492be9689f9036465c05d9ac9c0)
                             - relationship.pyi (RegularFile, ad8c867783e527940d68800afb3d629d)
                             - workbook.pyi (RegularFile, 0c96d8928fa765973ad5f1d0b9d4c0c2)
                           - pivot (Directory, ba8c6dc40531c51a9add4d00f5fd545f)
                             - __init__.pyi (RegularFile, f571933bb948577b1f9f3076fb8fc7c6)
                             - cache.pyi (RegularFile, e1c60888db4bffbda542dc8da04d1167)
                             - fields.pyi (RegularFile, 97c28f76731bd46d16ff0c95f25f4ad1)
                             - record.pyi (RegularFile, cf08f2f15ee3095feab75e7f5a32f289)
                             - table.pyi (RegularFile, 5bfaac75fb919985b720585cd723f39e)
                           - reader (Directory, 288cd8c7e7fdc3fc18619c18154815b4)
                             - __init__.pyi (RegularFile, f571933bb948577b1f9f3076fb8fc7c6)
                             - drawings.pyi (RegularFile, b7ec69d219de59536960c4ab5f5a91c9)
                             - excel.pyi (RegularFile, 0ce0e001fe1a59897ad4278e19443b14)
                             - strings.pyi (RegularFile, 4771cea88be5588c133ca48fa9d03309)
                             - workbook.pyi (RegularFile, 76d64b03823652d49e1eeb463939bb85)
                           - styles (Directory, 187e5559197e84c2494d2922a6d8f6dd)
                             - __init__.pyi (RegularFile, 905408817121a2d8229c78f248487306)
                             - alignment.pyi (RegularFile, c2e8c2e0688f8a81db50ad905a3324a0)
                             - borders.pyi (RegularFile, 67a9b54ae470de5d68031db0cc3dae35)
                             - builtins.pyi (RegularFile, 9d9cf3de767f67b7336e0b2f1116b751)
                             - cell_style.pyi (RegularFile, e098afa278acf5b28cdc8d934c65faf0)
                             - colors.pyi (RegularFile, 6f5dfaa1a3bb52e6af18ff6009528e90)
                             - differential.pyi (RegularFile, f23f5097db74e3e5eb544b1296bd8048)
                             - fills.pyi (RegularFile, db592138c650cd80447c34111317bdd1)
                             - fonts.pyi (RegularFile, 2c9152b66faf54bf5c9ba5cc8196f736)
                             - named_styles.pyi (RegularFile, 476552630da0e721c0b1b9f620110a5f)
                             - numbers.pyi (RegularFile, ea5f6a7ecd40239b054dcf43cb9599ca)
                             - protection.pyi (RegularFile, 93e8c7afab812d770348d6492b0a6101)
                             - proxy.pyi (RegularFile, 4a8a07331d31c7b6d11b71062225508a)
                             - styleable.pyi (RegularFile, bc4bdaa1ddac0edf697abced53f55e40)
                             - stylesheet.pyi (RegularFile, f9e3bff67b8cb5a557af04dec683b630)
                             - table.pyi (RegularFile, 95876d60d75dd6faa26bf924145653ee)
                           - utils (Directory, 6031eba38a7f05ab3138c3cbc857d33f)
                             - __init__.pyi (RegularFile, 1baf7a0be22b8b2a6e585000269e4b14)
                             - bound_dictionary.pyi (RegularFile, cdd19d7b55dc5af62f170b5b98cab682)
                             - cell.pyi (RegularFile, 4c720ea7a0aeea762e772ee071b39e87)
                             - dataframe.pyi (RegularFile, 39d6d983a946c42a5e680ed53e2b766d)
                             - datetime.pyi (RegularFile, f4277ce44ed4d62f991c2ce7c358e9dc)
                             - escape.pyi (RegularFile, 39fa4a5745811d1f6578def637843495)
                             - exceptions.pyi (RegularFile, 86d7f0fa8610e4f49a860f563c489db0)
                             - formulas.pyi (RegularFile, 91bfe261c74463b568b7ca2c68825863)
                             - indexed_list.pyi (RegularFile, 1372c5f27a460be306703629312bdd2e)
                             - inference.pyi (RegularFile, ce7acf1217aa68145d2e7e19c0948f31)
                             - protection.pyi (RegularFile, c021e860b69eabe814d2624589555813)
                             - units.pyi (RegularFile, d7f36ab6b9f290f5b96c116057f078bf)
                           - workbook (Directory, 3aa2c2f5df2f2c1b673c0b757d2c6f61)
                             - __init__.pyi (RegularFile, bd8be4b08e3108777337e57265b75937)
                             - _writer.pyi (RegularFile, 0c0c4c418204e107b8b2385572543799)
                             - child.pyi (RegularFile, 0a2a17569a607c51b77a4fd98e23b1dc)
                             - defined_name.pyi (RegularFile, c0e3a5668fc09b6b63d1e31833b3042b)
                             - external_link (Directory, 8e7bf37e773fec11357efa1911393a53)
                               - __init__.pyi (RegularFile, dfc7ae65c1188092689c4d6969a7863e)
                               - external.pyi (RegularFile, dd1c7127a98557382233477d3ed63864)
                             - external_reference.pyi (RegularFile, 0c36d0f0bb51f597f49b716d68f089da)
                             - function_group.pyi (RegularFile, 2286aab142227d323fcf814b29d3a801)
                             - properties.pyi (RegularFile, 790d5cf0f2004a056e5006fb4d565969)
                             - protection.pyi (RegularFile, 76d849e7509b9e4ed2991b8c727818f3)
                             - smart_tags.pyi (RegularFile, cabdb652534c6a3904e42f66c49b4f9d)
                             - views.pyi (RegularFile, 78a6ed3601513531a0a7ec719a0bef4c)
                             - web.pyi (RegularFile, 2f47bf73fa22ed9cd5c74ca823673043)
                             - workbook.pyi (RegularFile, 3b09dd8dfde7b0d969f53f030b1c4966)
                           - worksheet (Directory, c91e8c6eab9df4a5dbc6219f970314e1)
                             - __init__.pyi (RegularFile, f571933bb948577b1f9f3076fb8fc7c6)
                             - _read_only.pyi (RegularFile, 5e613c61c501d9d5ea6d8fcd99647f20)
                             - _reader.pyi (RegularFile, 5a2475167166a1585291fcffdbf76587)
                             - _write_only.pyi (RegularFile, 7d039db341160b06a65b3401907b15f3)
                             - _writer.pyi (RegularFile, 1051ff3913e87b459cf8f2a357a9f3ae)
                             - cell_range.pyi (RegularFile, 2a51f680927e789c5788f78e111c1f97)
                             - cell_watch.pyi (RegularFile, fdd4858ef025156ab579d12e6ed94a85)
                             - controls.pyi (RegularFile, 24bb1e05ea743ed0f02c3cabaf9e2908)
                             - copier.pyi (RegularFile, bf7865f91334583ffdeddeae9b33ef91)
                             - custom.pyi (RegularFile, d86e944cd0e4cde212fcb5493e26fdcb)
                             - datavalidation.pyi (RegularFile, a3193d62d419cc7f596718d2f912cf51)
                             - dimensions.pyi (RegularFile, 4e1728d16e50f19d8dc0682f6ec006a5)
                             - drawing.pyi (RegularFile, f5df12db9007a824c986ff97907694f3)
                             - errors.pyi (RegularFile, 2f4d488c324058ddd95f102b82f73888)
                             - filters.pyi (RegularFile, 8e27387db5ddf09954dc45a1f2bc23e3)
                             - formula.pyi (RegularFile, 37b0e65fe34a0949019a85c17924a0e6)
                             - header_footer.pyi (RegularFile, e80c79a5d99be437d8544b56cc0378c9)
                             - hyperlink.pyi (RegularFile, 03dfea0ff05686f9985323aea29c5a56)
                             - merge.pyi (RegularFile, 2403d1ea292f39d1a211c10ea4d1e954)
                             - ole.pyi (RegularFile, 72a53a7f39c0e53d7aaf9794151ff034)
                             - page.pyi (RegularFile, 6c2d57829cc041dfa3aaf292ad87bd31)
                             - pagebreak.pyi (RegularFile, bf3630eb144c74bbc3d79bcdf9b5e49d)
                             - picture.pyi (RegularFile, 095c4f760be70a5f552bd291ada44801)
                             - print_settings.pyi (RegularFile, fc9f41d5f55651b6f64a932d94f06bfc)
                             - properties.pyi (RegularFile, 0e3543f6e8ad149c6ca6dc7527b2a924)
                             - protection.pyi (RegularFile, 4c0f730f078d25902dd4c74b52cfb939)
                             - related.pyi (RegularFile, 984b30f929f1bb0971050f7a2b508364)
                             - scenario.pyi (RegularFile, 6d6622c4b42288be5ffba7b23929e47e)
                             - smart_tag.pyi (RegularFile, 4b6df13605a1dbf774a1fc2087a445e8)
                             - table.pyi (RegularFile, 497d457d18b469b3e13eca65c9e6c1c0)
                             - views.pyi (RegularFile, 4431c8562b843d6f8251fed738918137)
                             - worksheet.pyi (RegularFile, 70700f03cb3aa535e2f89a043f594e1f)
                           - writer (Directory, a43380ac585a6b70cea170c2bf6ede77)
                             - __init__.pyi (RegularFile, f571933bb948577b1f9f3076fb8fc7c6)
                             - excel.pyi (RegularFile, 8e32c72403d737f51d9d12bec853d3ab)
                             - theme.pyi (RegularFile, 18e2d6b20c619eac55b0eb4abf41b267)
                           - xml (Directory, db09c14d954539219ef75e32b1f62214)
                             - __init__.pyi (RegularFile, c19f5703efa7c5126a497aa0f63a661b)
                             - _functions_overloads.pyi (RegularFile, 3a78de99150e18dd032089c6401b26fa)
                             - constants.pyi (RegularFile, ad8b63c0117fdfb9dadb663c89896fde)
                             - functions.pyi (RegularFile, 3cf4955fe953259c7e7e8ee5f7ccc945)
                       - opentracing (Directory, 5cfc62649b6218f8e309d92bbb68f6fa)
                         - @tests (Directory, 19dbada6e8159c806395a22c7b220890)
                           - stubtest_allowlist.txt (RegularFile, b3074883560f207e631eb92417aeb77f)
                         - METADATA.toml (RegularFile, 59d8f32ec4ca3d159a6a93a27f67afb2)
                         - opentracing (Directory, ff29d1d4e4c9e7ef855e6f7fb443e363)
                           - __init__.pyi (RegularFile, eb27d42ef13bdb1728368a4665df5c8f)
                           - ext (Directory, d60d1893d47865dc63ea39dbfc7a13f1)
                             - __init__.pyi (RegularFile, f571933bb948577b1f9f3076fb8fc7c6)
                             - tags.pyi (RegularFile, e5020dbfd2ab477a40d2a0d1c82bce3c)
                           - harness (Directory, 84db06228532a99e73a4bfbf000945ef)
                             - __init__.pyi (RegularFile, f571933bb948577b1f9f3076fb8fc7c6)
                             - api_check.pyi (RegularFile, 49545dbf3d1bc797580dfe367fc2ee3c)
                             - scope_check.pyi (RegularFile, 0f21191b428265fc4901f0894641cb88)
                           - logs.pyi (RegularFile, 34776d497b600c01a933428f753ea2f6)
                           - mocktracer (Directory, 0ad8cefef58dfa654837c9af1082a5ee)
                             - __init__.pyi (RegularFile, b47179b8528c8aa1b2f663400dd9ec58)
                             - binary_propagator.pyi (RegularFile, 8eb8d4f81ac2388c9c2dc6448399d0d0)
                             - context.pyi (RegularFile, 643963ffbb97bb9018d6b51e3c00babc)
                             - propagator.pyi (RegularFile, f216fb1b7e6d9a33a0ebdd4b989d0ad0)
                             - span.pyi (RegularFile, 49467011fa5b107dc9ee99a750b153c2)
                             - text_propagator.pyi (RegularFile, a7e63e5239172ea40bb477ce57b05210)
                             - tracer.pyi (RegularFile, b43ea2db33ecaebe6b16158cd8d949e8)
                           - propagation.pyi (RegularFile, f80b3243b7bc76185be7c5d7f4cc89d9)
                           - scope.pyi (RegularFile, a9c34ca574ace90e65421aa5d7ce77b6)
                           - scope_manager.pyi (RegularFile, e4eb2a0723acacea5c426ca62d6416d1)
                           - scope_managers (Directory, 2c45a2e10d211e5781209ed7d65aadd5)
                             - __init__.pyi (RegularFile, ac0fe0e523fce0220a8b70696f4bc43f)
                             - asyncio.pyi (RegularFile, 811636fb0c8989436e7625917200bf63)
                             - constants.pyi (RegularFile, 95f4ee51fbeeba4e7289555a3c579f70)
                             - contextvars.pyi (RegularFile, 9861fb37193f8b186b28fe0ffee74e27)
                             - gevent.pyi (RegularFile, c6cb47f851e485e054145a11a9a05f59)
                             - tornado.pyi (RegularFile, 39673eee70cc05e4144edf70e181482a)
                           - span.pyi (RegularFile, 527153eb72268bd820fa92d389b10538)
                           - tags.pyi (RegularFile, e5fc678cacab63cf07c2b5912772fe99)
                           - tracer.pyi (RegularFile, 07d968209eb61911cab34df02e97f41d)
                       - paramiko (Directory, ca8bbedbbe2cc3b562385a05958203b9)
                         - @tests (Directory, be0a6c5c8faff085b433fa072479ac8d)
                           - stubtest_allowlist.txt (RegularFile, 41e3d68351eafa36d761dd609d8f22c7)
                           - stubtest_allowlist_darwin.txt (RegularFile, 0411e3c2f5eed2b3f19815db2e3fe0b0)
                           - stubtest_allowlist_linux.txt (RegularFile, 0411e3c2f5eed2b3f19815db2e3fe0b0)
                           - stubtest_allowlist_win32.txt (RegularFile, 7ef5933e7509213459355075c5a34681)
                         - METADATA.toml (RegularFile, 18b9ad7dc2af91b811b0e63e6f217f00)
                         - paramiko (Directory, a1c0237b3ec1155297d9f7397f8ab191)
                           - __init__.pyi (RegularFile, 3ba96d785f8b6e8addae880b79d9373c)
                           - _winapi.pyi (RegularFile, 92068e9b51ef51e9b4a9ed4b5b0d6607)
                           - agent.pyi (RegularFile, b664a75738fa8cf3cc6098817ba738c8)
                           - auth_handler.pyi (RegularFile, b60adad6e3e7e9db28915c71e16d1e87)
                           - auth_strategy.pyi (RegularFile, 2a61baa3b02912ac7a55e6468a3441ea)
                           - ber.pyi (RegularFile, 8c78f9a82ecbe58ff35c03def98ecc12)
                           - buffered_pipe.pyi (RegularFile, 82f33bf03daa5d54826e4da18e9cae6e)
                           - channel.pyi (RegularFile, e4be1230dd28c16f277c91acb3e3ad0d)
                           - client.pyi (RegularFile, bb9f35cc88fc043e4bef862218197b55)
                           - common.pyi (RegularFile, 1b0698d9545445a72358141240287967)
                           - compress.pyi (RegularFile, c8a21fdfebd60394e19f557446c7b43a)
                           - config.pyi (RegularFile, 9d60d15a7e0e6b95a0d669a0662d238a)
                           - ecdsakey.pyi (RegularFile, db73789705f7c1978556eea4caaf14e6)
                           - ed25519key.pyi (RegularFile, 631775707e574c9cc51b85af7081eff2)
                           - file.pyi (RegularFile, acf38f903afbe42052405a80f4159b33)
                           - hostkeys.pyi (RegularFile, b285b4c7b5e91c706b6dd222466d3249)
                           - kex_curve25519.pyi (RegularFile, 1dee77de48fae8f2fd200fc8e9e36fd1)
                           - kex_ecdh_nist.pyi (RegularFile, cbf4cccc0e3494ff294be6bcd8a4002a)
                           - kex_gex.pyi (RegularFile, bfe6907b7809f95165d999f436209614)
                           - kex_group1.pyi (RegularFile, a140c9e510346af57553ab736abb6d80)
                           - kex_group14.pyi (RegularFile, 15214e51b4c13de35ee52ac4539ce0f3)
                           - kex_group16.pyi (RegularFile, 04a2c6be1cda9d26b6e5bffdc01cc993)
                           - kex_gss.pyi (RegularFile, 621782638dfc61be80ebc908cebb6edc)
                           - message.pyi (RegularFile, b11727b936675a8c6a37c69002295096)
                           - packet.pyi (RegularFile, 90e46bea7210230c5c494496abdf81f6)
                           - pipe.pyi (RegularFile, 879f72f2b5a88cb63f190117ef82afbd)
                           - pkey.pyi (RegularFile, 762bff97f4fb05223ce8d58009d0810d)
                           - primes.pyi (RegularFile, eabe56f5c23f672233f9ce0c67085371)
                           - proxy.pyi (RegularFile, 1b3d2632df0a8019f25916f1bdb640fd)
                           - rsakey.pyi (RegularFile, e325fabb05588a1d4300220855e710c3)
                           - server.pyi (RegularFile, 10aa74e19cab45b823a22fa45390bca1)
                           - sftp.pyi (RegularFile, 173321f3e2b93f3d769961ea6d28551e)
                           - sftp_attr.pyi (RegularFile, 256519661da65397ed69cd6c72872ba4)
                           - sftp_client.pyi (RegularFile, 4eab6fd7a2efc67cc1efd21ed830faea)
                           - sftp_file.pyi (RegularFile, 3381ad418c5b402ee499dcd05b6952b9)
                           - sftp_handle.pyi (RegularFile, 96795eade1dd26eb2b039afd2759dc53)
                           - sftp_server.pyi (RegularFile, 9b830b3e3772ac59f0ac5bd03d7520e1)
                           - sftp_si.pyi (RegularFile, 3a2a7150e00b5c73f339807c670e9dc2)
                           - ssh_exception.pyi (RegularFile, e9c05ffa54b9d140a1f2fb892447734c)
                           - ssh_gss.pyi (RegularFile, 0c016675c50d828a11dc3352c891b423)
                           - transport.pyi (RegularFile, b33b91e97d51cada7c7da47b740e102b)
                           - util.pyi (RegularFile, 78d8baf5b5c3be2f24c280b93e16e471)
                           - win_openssh.pyi (RegularFile, 99feffa67b87b628ac5c7c99cfe06a9c)
                           - win_pageant.pyi (RegularFile, 272096770db344045e765cef9505f64e)
                       - parsimonious (Directory, 0837811bc7a1fba7180bf85ceec6c914)
                         - @tests (Directory, bb4fc2d2fdaa4e8e12ff308c916058e1)
                           - stubtest_allowlist.txt (RegularFile, 3e37d8fb478f7fe7a6266b49a8f63ddf)
                         - METADATA.toml (RegularFile, a77f7d117468497c47936b7ef77a6f12)
                         - parsimonious (Directory, d4c849a9d592a92c214988695a606676)
                           - __init__.pyi (RegularFile, 3cc9b92387fcc3816980cc965207beed)
                           - exceptions.pyi (RegularFile, 538521c4caad4debede97cf379184590)
                           - expressions.pyi (RegularFile, 2c2e73c41a4e26c20fde8de260d4e11d)
                           - grammar.pyi (RegularFile, 94f4f242f6d1c1eeafa7c78f71580df7)
                           - nodes.pyi (RegularFile, 5a3fc60884690e18b2e5838a80709b2a)
                           - utils.pyi (RegularFile, 04f034887e3e9a2be702f00e53f565a0)
                       - passlib (Directory, 8357c0e581f6d55207aecec60cae9b52)
                         - @tests (Directory, 2c1367c590879ab8c3108e41961a3e86)
                           - stubtest_allowlist.txt (RegularFile, 749566ed8aeb0bbe767cc75bb11c6c20)
                           - stubtest_allowlist_win32.txt (RegularFile, 6c19229644f1d2145ae3f591b3149bf7)
                           - test_cases (Directory, 06552caa9477abca8e5652e6dffbdf6e)
                             - check_bcrypt_using_rounds.py (RegularFile, dd8c2b4751c6a7e9362aecb1148bdd9d)
                         - METADATA.toml (RegularFile, 5c130c7a6b96e6780df624c4db7523c4)
                         - passlib (Directory, d922f8a3b9588a6a2d6f1d48836ea9eb)
                           - __init__.pyi (RegularFile, 6f88e240fab11c80c2e55f98c5de9c42)
                           - apache.pyi (RegularFile, fe2e60bcf3ad133582607065aeae9d30)
                           - apps.pyi (RegularFile, 6bda7783dac2c5f612593def4cde8ab9)
                           - context.pyi (RegularFile, 801ebf66ed238c5e24774e8383dbc86a)
                           - crypto (Directory, 6fec57b7f10a8d4e581faa6c10954117)
                             - __init__.pyi (RegularFile, f571933bb948577b1f9f3076fb8fc7c6)
                             - _blowfish (Directory, 3e4334eebecd30ee7b0f7b6ee017d67e)
                               - __init__.pyi (RegularFile, 4c22b073c804fd9d5c15d23461986322)
                               - _gen_files.pyi (RegularFile, 08df48b869102f57c62a57113354683e)
                               - base.pyi (RegularFile, 4c92f97ff0d3b18c49ad4602398d7bf9)
                               - unrolled.pyi (RegularFile, 86367bb06bdb1f4bd03778504c7cdea9)
                             - _md4.pyi (RegularFile, c94e49b32636f9433557e657c175ce1f)
                             - des.pyi (RegularFile, e3f927c4e7e637e5f0e28e7a77caa9d1)
                             - digest.pyi (RegularFile, 5188c5264811b030d62d57dfa2f077d3)
                             - scrypt (Directory, 06623b1238204b145d88bfdf728e904c)
                               - __init__.pyi (RegularFile, ca24aff04c89d8b89195b45548dda26e)
                               - _builtin.pyi (RegularFile, 38316bc9595e60cbd8a14b9351773858)
                               - _gen_files.pyi (RegularFile, 6e7c2f4c04a859886ee7911657292329)
                               - _salsa.pyi (RegularFile, e7bf74650844eac87c2166ccc0e97779)
                           - exc.pyi (RegularFile, d1eaeb86145f1fc2eab4bbf6209148e0)
                           - ext (Directory, 7841f0783542c109758190cd34ff845e)
                             - __init__.pyi (RegularFile, f571933bb948577b1f9f3076fb8fc7c6)
                             - django (Directory, d6a32679d7b8a1df720c2650f909be69)
                               - __init__.pyi (RegularFile, f571933bb948577b1f9f3076fb8fc7c6)
                               - models.pyi (RegularFile, 686325a4c1b5e398bca86d13314a34c1)
                               - utils.pyi (RegularFile, a45940bcce93e6949127579dbd6fd861)
                           - handlers (Directory, 7a11d436ed40497f82dedd1d95a641b4)
                             - __init__.pyi (RegularFile, f571933bb948577b1f9f3076fb8fc7c6)
                             - argon2.pyi (RegularFile, 9785c01e645400b45788c4daf703a7aa)
                             - bcrypt.pyi (RegularFile, f701c2d7d56e616a1a1e7f2c74348e11)
                             - cisco.pyi (RegularFile, 911ad19bcab7092f4e491e50d0934b1b)
                             - des_crypt.pyi (RegularFile, 535e8de9dc1fab881d50111e15a81dd7)
                             - digests.pyi (RegularFile, b8becf7b2ba321c3654638f9c2007c8c)
                             - django.pyi (RegularFile, de4e4f6615e62eddd4bb62b48e490816)
                             - fshp.pyi (RegularFile, d6e4997216be7f1a95f0481974056de4)
                             - ldap_digests.pyi (RegularFile, 6ff017c43dc148d8d3a44bce10161634)
                             - md5_crypt.pyi (RegularFile, 157523e153ae0057a4315fc5a8860339)
                             - misc.pyi (RegularFile, ac550c483dbc49ccab654bc188bd9e19)
                             - mssql.pyi (RegularFile, 109df4da5068bc9af904ab7833a3b39b)
                             - mysql.pyi (RegularFile, bee28753bc584ea1db5ac156c7bde8f9)
                             - oracle.pyi (RegularFile, b9fc7dd7722c8a90f1735f8ced828df0)
                             - pbkdf2.pyi (RegularFile, 40faeaae826840ddc4fd7dfe56196835)
                             - phpass.pyi (RegularFile, f53529d800ca996fb0601d0a8e12b34d)
                             - postgres.pyi (RegularFile, 1d5fd45b67ce2b1e98cb4c8a19a438b1)
                             - roundup.pyi (RegularFile, dabf50ec86bd9ac301feab4ebe1a1637)
                             - scram.pyi (RegularFile, 459f97a6946ab4fade2b9727b13aadfc)
                             - scrypt.pyi (RegularFile, 9684a5c27ff895c18308666585bc5f1f)
                             - sha1_crypt.pyi (RegularFile, 8a81031da836d1053187f3963b946d9c)
                             - sha2_crypt.pyi (RegularFile, 19e99b76a6c5d0eb8915d4a72ce2262d)
                             - sun_md5_crypt.pyi (RegularFile, 665a8e34e1ecfef6cb371dbd33b47d3d)
                             - windows.pyi (RegularFile, 2954f5625b808ffe28e0b06567d34299)
                           - hash.pyi (RegularFile, a13c8e79e539b112da9ccedd86d2ac65)
                           - hosts.pyi (RegularFile, 7cf35f1cf292b6944be39525a6d33f7c)
                           - ifc.pyi (RegularFile, c024f89227491a7fad38f260ebff54ff)
                           - pwd.pyi (RegularFile, 7e102e45c0ecd32f6b388e6575bc70f7)
                           - registry.pyi (RegularFile, fae0e3eca85d2c8222fb0e199aba9c88)
                           - totp.pyi (RegularFile, 66226e9ef0b1655b1ce27e663f147b52)
                           - utils (Directory, de9caf6ef7fef88a77f9ff0b93915030)
                             - __init__.pyi (RegularFile, 3eed484380dfdc8e302c10d000518d34)
                             - binary.pyi (RegularFile, fad4f16698db3cd791600644edb62b71)
                             - compat (Directory, e0b69d0abfb7f34a13025e998e3ddda2)
                               - __init__.pyi (RegularFile, de13b24e4971752d44e556887e963778)
                               - _ordered_dict.pyi (RegularFile, 32c7b083ab67fcd97510a9be15224098)
                             - decor.pyi (RegularFile, e21daa2ca125508337851a22264e5564)
                             - des.pyi (RegularFile, 69b34744755f240cd79372dfc4910045)
                             - handlers.pyi (RegularFile, 7769544c13c620ae456446ab9360b5a2)
                             - md4.pyi (RegularFile, ff06830ecd17c7b35919119e887a6e53)
                             - pbkdf2.pyi (RegularFile, 845f6099692f24236c463f9e8e60cb0b)
                           - win32.pyi (RegularFile, f28e6218306732f2e8fd8d258840b9ed)
                       - passpy (Directory, 258fb62281a2f9e77d3976524a09e829)
                         - @tests (Directory, df40ce0299a18361ee95898c30375412)
                           - stubtest_allowlist.txt (RegularFile, a0884b8bbdfcff4c92634e9e9e6bd7f8)
                         - METADATA.toml (RegularFile, c1e80e316d8399e09e576ae12b239c96)
                         - passpy (Directory, 7b88e661ebcf69a5a4c14c50ae97b2e4)
                           - __init__.pyi (RegularFile, 7c87df1fae507601d2e7a48855a8b55e)
                           - exceptions.pyi (RegularFile, f7148a176735478d78b0df35037444ad)
                           - store.pyi (RegularFile, d5d48963ad5f9a800e746290de19be38)
                           - util.pyi (RegularFile, e0491f7f441351585d8fee83151b59e8)
                       - peewee (Directory, a537e52dcdbaf5119c7901c21d5b2c63)
                         - @tests (Directory, 32b041ed2ca957f5e3096f79c5a52fb7)
                           - stubtest_allowlist.txt (RegularFile, 6994ad08e44e6da63a6540bfb7e20301)
                         - METADATA.toml (RegularFile, 70a92f63c9c6c5a05b966fe917780596)
                         - peewee.pyi (RegularFile, c1f4c8a3ec34b593b70807790ba1fff9)
                         - playhouse (Directory, 2aeab6263892a6f0c3262ead31901a63)
                           - __init__.pyi (RegularFile, f571933bb948577b1f9f3076fb8fc7c6)
                           - flask_utils.pyi (RegularFile, 574be3442bc9d61cf40fbbdbd41006c8)
                       - pep8-naming (Directory, 895e5332eda2623872fae7c4c2878913)
                         - METADATA.toml (RegularFile, 797801dcf89472a14d665171d06d58b8)
                         - pep8ext_naming.pyi (RegularFile, 7cd5a70597e1689bde699519daf46304)
                       - pexpect (Directory, 532172c52d3ca666b310ecdb58f70559)
                         - @tests (Directory, e5cb783373de9f81756c73ad43c433b7)
                           - stubtest_allowlist.txt (RegularFile, 7bf0f5b152b573dd0047341e0a3cbd3d)
                         - METADATA.toml (RegularFile, 01ddfe68d0cefc7585f672a4c9edd303)
                         - pexpect (Directory, 87cf5bbf346f19bfe0403f641ecb1c69)
                           - __init__.pyi (RegularFile, 9288489e2f64233c9c98ba1a82e737a1)
                           - _async.pyi (RegularFile, c6760a70a95909ec3eb0b04c6688d363)
                           - ANSI.pyi (RegularFile, 8ba640feb12feed15f3e0be1b855c248)
                           - exceptions.pyi (RegularFile, d690ee7b8b54ec4eeefee6393bf1d7e3)
                           - expect.pyi (RegularFile, 7f37e58ce3224b9fe4da6612fa99bb0f)
                           - fdpexpect.pyi (RegularFile, c83b2e1ef0ed7d0eb69ff382b721fed2)
                           - FSM.pyi (RegularFile, 58082da23a5aca4df43d2ffd766d2cde)
                           - popen_spawn.pyi (RegularFile, a95d6a779645072b4e5f2fe42a5918d9)
                           - pty_spawn.pyi (RegularFile, 4cab3494f66ab8a7f37a1864f0c93a45)
                           - pxssh.pyi (RegularFile, 8fe97b47600be30702f52faa6f1e3324)
                           - replwrap.pyi (RegularFile, af725d22e910a7d03254666461b2724a)
                           - run.pyi (RegularFile, f95eee4c6186535f8aa8c9ddbfcb0774)
                           - screen.pyi (RegularFile, bcbececa6d1e1073c43a06fb551640a1)
                           - socket_pexpect.pyi (RegularFile, 734158c104e98049a45d569bb9086dbf)
                           - spawnbase.pyi (RegularFile, b360c6a4bc1b0d97795bf125d38775d6)
                           - utils.pyi (RegularFile, 8a69c239263facb1c596d4ef8dced88f)
                       - pika (Directory, 2cf32a50497d5afc6fe6c6470652df75)
                         - @tests (Directory, fe3009de7fdae19229699a9165d18f37)
                           - stubtest_allowlist.txt (RegularFile, 690de7683bf346ae3b7e0c18dbbef4a5)
                         - METADATA.toml (RegularFile, 02d8c0b586e818f4e92bea9dcb20eab2)
                         - pika (Directory, acba4d61fa0b8cdc8beb0d6ffaf660c6)
                           - __init__.pyi (RegularFile, ac02df9913c3d51d5172927b544a75c5)
                           - adapters (Directory, 2530537c5c4ef2ddac819877a1a089cf)
                             - __init__.pyi (RegularFile, 2bc3be0d03f3bad29fbe1ab847e01ab1)
                             - asyncio_connection.pyi (RegularFile, 8891db06f01db38efb3da56978f1db1e)
                             - base_connection.pyi (RegularFile, ed09be809c5d2bce780464e078204c6c)
                             - blocking_connection.pyi (RegularFile, dbac7b449394bca7467064cfcc370f40)
                             - gevent_connection.pyi (RegularFile, ec11f0d9add4ef21d5a2900429f5d6f8)
                             - select_connection.pyi (RegularFile, 23213ac40984659192706623c9068b4c)
                             - tornado_connection.pyi (RegularFile, dc8199a5d45d0959b5da304e3557a763)
                             - twisted_connection.pyi (RegularFile, 1dd848c23c4963addaa55e7daffe06d5)
                             - utils (Directory, 0b17d4a86fe87b499d4b0081012fd101)
                               - __init__.pyi (RegularFile, f571933bb948577b1f9f3076fb8fc7c6)
                               - connection_workflow.pyi (RegularFile, febb3d7c76dc92048407ca90a1728ceb)
                               - io_services_utils.pyi (RegularFile, 938888b85f3e6572015b4e3d18380ff7)
                               - nbio_interface.pyi (RegularFile, 15d6247a4baa1d7ff4bef7384317ea50)
                               - selector_ioloop_adapter.pyi (RegularFile, 1dcddce178d1a26a2582e397196fcb55)
                           - amqp_object.pyi (RegularFile, f6c578e7d6642add900b5f548410dbf8)
                           - callback.pyi (RegularFile, 2d93f50443637f46a0facff97912ff8c)
                           - channel.pyi (RegularFile, 79d163f6023b6ab1a4b49812ff352c85)
                           - compat.pyi (RegularFile, 38867dd47f627731b26c17f5c7e1c3d9)
                           - connection.pyi (RegularFile, 6a582dbdcd5e1ae2b4cc044bf4f350fb)
                           - credentials.pyi (RegularFile, 98cc895eba7bf222fff3957e549b4e55)
                           - data.pyi (RegularFile, ff10c93692089f9b33e45ca20861ae10)
                           - delivery_mode.pyi (RegularFile, a0b9e898892866bf8eddfa2ae0856672)
                           - diagnostic_utils.pyi (RegularFile, f260565c0d011ed57b79b21b0c310f0d)
                           - exceptions.pyi (RegularFile, ebc1b0e479a00cdd180ac879203bc1f9)
                           - exchange_type.pyi (RegularFile, 57dfa2cb08ff9fb8ad470ca2e4352011)
                           - frame.pyi (RegularFile, 8ec595fb905788eb509a100246c03148)
                           - heartbeat.pyi (RegularFile, 59cbb8aa9cffd4f8e57e5511ec874bf7)
                           - spec.pyi (RegularFile, 0f4fc6df743c9fa1d6e4b99d824da693)
                           - tcp_socket_opts.pyi (RegularFile, 89c6f15f8fa3cb5f84e3faa63d22fbfc)
                           - validators.pyi (RegularFile, 2e84376d5ac21fb53ef4e0909e920906)
                       - polib (Directory, 359aa9019a213f65ce0222ed5633c48f)
                         - METADATA.toml (RegularFile, 3fc793105cffe54577295957be44fbf6)
                         - polib.pyi (RegularFile, d6c47ffd4a73b3b6fc570c531bd839dd)
                       - pony (Directory, ed35e0841dbee0bfb809b2ec1352ea12)
                         - @tests (Directory, 3784a86863e837976fc37a3a81a96d75)
                           - stubtest_allowlist.txt (RegularFile, 9ce69bc358d5298f2973a5ce35637c32)
                         - METADATA.toml (RegularFile, 431a1d6d3cc29687a391c635148c7ce5)
                         - pony (Directory, ec2a962a7fdd8bc608eb39e1d620b08c)
                           - __init__.pyi (RegularFile, 2c7dd50700057247d04d0bf70227177e)
                           - converting.pyi (RegularFile, 36aa7127bedad3eac95746dd1b67df50)
                           - flask (Directory, de8616b89e715da84dcf2c5cee5d5f3c)
                             - __init__.pyi (RegularFile, cbc727bdb9ad2d39c10b3f1a5bc8deb2)
                             - example (Directory, 898b5b4129f3cd931629a9203e2b039b)
                               - __init__.pyi (RegularFile, f571933bb948577b1f9f3076fb8fc7c6)
                               - app.pyi (RegularFile, 423aa1db16ff756ea03f1f265db77d99)
                               - config.pyi (RegularFile, e1e410b8ece7d69b99df8e2fc7bfa103)
                               - models.pyi (RegularFile, d9571733422532f680af49a5a402ab3f)
                               - views.pyi (RegularFile, 143a8076dcee261f9d69ff90eb02c868)
                           - options.pyi (RegularFile, 61340b4e2cb9b18c22b7e65a5c44d612)
                           - orm (Directory, d0e8a4881184787a1da3222217398721)
                             - __init__.pyi (RegularFile, 8a1e36cf0825e031356b85182a9dc1ef)
                             - asttranslation.pyi (RegularFile, c798c5c8a72117f268b87d9305a4fe65)
                             - core.pyi (RegularFile, 8b3b806d40bee8ce4602539c33f37cc7)
                             - dbapiprovider.pyi (RegularFile, 59a2e4bd63a2587fc9f72a368eba11fe)
                             - dbproviders (Directory, e17ede5bd1f87c665b1ce44744bf4b67)
                               - __init__.pyi (RegularFile, f571933bb948577b1f9f3076fb8fc7c6)
                               - cockroach.pyi (RegularFile, 1a3f936f873512bcae6adaf5b78fc1c1)
                               - mysql.pyi (RegularFile, 7cfcc3075cf4b04badd0b01325e76c0f)
                               - oracle.pyi (RegularFile, 59a431f365dfabe9d7cbe32cce6812ea)
                               - postgres.pyi (RegularFile, 05fe994579e507a4228a4a9d470dbd41)
                               - sqlite.pyi (RegularFile, de2e32cbc0b4b46103719a3fd17aa878)
                             - dbschema.pyi (RegularFile, 03cd8da1769c70eb85f8820cf8f927c2)
                             - decompiling.pyi (RegularFile, d37cdfe2d2d7b2db8193420f22f50fcf)
                             - examples (Directory, c889c7fcbae02706c96328d0652c92e4)
                               - __init__.pyi (RegularFile, f571933bb948577b1f9f3076fb8fc7c6)
                               - alessandro_bug.pyi (RegularFile, 5b32c73f4fd117c9fa5dc1d026eaabe1)
                               - bottle_example.pyi (RegularFile, 59c8533a0eb3df50b1fefc83c76d5b5d)
                               - bug_ben.pyi (RegularFile, c56a3c822c6be06d40ca1a3a5a5f9a2e)
                               - compositekeys.pyi (RegularFile, b58b53e467b739332aa5388b056bdbd9)
                               - demo.pyi (RegularFile, b79f7e8567072050260b5b687227a91c)
                               - estore.pyi (RegularFile, 39278e3bb460a8e5ae521e2e6da74ec2)
                               - inheritance1.pyi (RegularFile, a3ae7e6685926d12237e443dd67c8dd9)
                               - numbers.pyi (RegularFile, d1aaf29b87164c0bfdc79a0de04b91a6)
                               - session01.pyi (RegularFile, 6ad9ef4bd225f8ae7423b2783bf66353)
                               - university1.pyi (RegularFile, 0ac601fab50ef70023f23e6b91f8cb24)
                               - university2.pyi (RegularFile, f3c4957ec344bc685e10371d8d8ff2c0)
                             - integration (Directory, 3d02319c48f4f96b81dd8a8651682f02)
                               - __init__.pyi (RegularFile, f571933bb948577b1f9f3076fb8fc7c6)
                               - bottle_plugin.pyi (RegularFile, d1daad4a4d296530e852fa67b6d730ca)
                             - ormtypes.pyi (RegularFile, 0f38adcb33c5092868c110253ccdb88a)
                             - serialization.pyi (RegularFile, 71a31ce283666b8df5065c08dfabf1d5)
                             - sqlbuilding.pyi (RegularFile, 02f13339762002fd1ba395c032029078)
                             - sqlsymbols.pyi (RegularFile, 8f15510b74155621ce7c97499b3661fe)
                             - sqltranslation.pyi (RegularFile, 4d4efe3c2b2e57b71f43c54961e200d7)
                           - py23compat.pyi (RegularFile, 869e0354cd521b1995e545224c1a4ea1)
                           - thirdparty (Directory, e648a48710916cdb8a983c3c544214ed)
                             - __init__.pyi (RegularFile, f571933bb948577b1f9f3076fb8fc7c6)
                             - decorator.pyi (RegularFile, 7e903df0d7add8e867a9e79e8b3e181e)
                           - utils (Directory, 256fadf67664f925f6a8c9b2bb20ad47)
                             - __init__.pyi (RegularFile, 84f33a227743085c5e3884a23567bfa0)
                             - properties.pyi (RegularFile, 50c4e4e2bb4bc175eb3baa4b66a0c488)
                             - utils.pyi (RegularFile, cfbcbc182891f7bdcd046ecc7fc919c2)
                       - portpicker (Directory, e25463d442d381a196a7a1ffe9433143)
                         - METADATA.toml (RegularFile, 930a0e0fdabd14b59d684be5a475486c)
                         - portpicker.pyi (RegularFile, bed224e4d85db134c92f700b310da905)
                       - protobuf (Directory, 8ee25012cabb85769e84887f465ae517)
                         - @tests (Directory, 503de92ace7e60fa4bb8abaea1710236)
                           - stubtest_allowlist.txt (RegularFile, d334d87eb9e459b9bc2eeee6ec58d361)
                           - test_cases (Directory, c87143d3d554248f4a351e4026e8e043)
                             - check_struct.py (RegularFile, 47019615c28db038c220a1ed3dafb835)
                         - google (Directory, 24a172504fb6f6ed2295a215ac0cc069)
                           - _upb (Directory, 5b3cd5be5f7db77e322954aebc054922)
                             - _message.pyi (RegularFile, a0bcc416ee53686af758d894bdd0130b)
                           - protobuf (Directory, a0a250a95f339f0b93fc61389969b85e)
                             - __init__.pyi (RegularFile, 6f88e240fab11c80c2e55f98c5de9c42)
                             - any_pb2.pyi (RegularFile, 3f62c7aa96f18e46725cea24e08a8d25)
                             - api_pb2.pyi (RegularFile, 8501c598246440df99bb7b950a57a154)
                             - compiler (Directory, f267191941862aae23c649021f90cd3c)
                               - __init__.pyi (RegularFile, f571933bb948577b1f9f3076fb8fc7c6)
                               - plugin_pb2.pyi (RegularFile, 0fa76c2675fe139dd497a4b057669da1)
                             - descriptor.pyi (RegularFile, aaf30068d26e31251bb98918d8926321)
                             - descriptor_database.pyi (RegularFile, 15a5ba7d7b0b4626b791b6ce9dbeed79)
                             - descriptor_pb2.pyi (RegularFile, 4497ed4036a4ef01ee3e1c814f801a3f)
                             - descriptor_pool.pyi (RegularFile, d423450bf8d4c9e307819a43a8cb9dde)
                             - duration_pb2.pyi (RegularFile, 44f2fe25e09f092e1cd4ca0daeaee1c5)
                             - empty_pb2.pyi (RegularFile, 1fd9393b45845b5d4b85819a027c962d)
                             - field_mask_pb2.pyi (RegularFile, b07d2103db666189aca27f6dcc4ce2c8)
                             - internal (Directory, d0d5e3cd24c91e09d06d4c1adc783324)
                               - __init__.pyi (RegularFile, f571933bb948577b1f9f3076fb8fc7c6)
                               - api_implementation.pyi (RegularFile, b725460c666a81a2dd80142089809d9b)
                               - builder.pyi (RegularFile, 923b80579b95a027bf4d04eedb050505)
                               - containers.pyi (RegularFile, 6bc696feb87b1e4215dc98eae98c37d3)
                               - decoder.pyi (RegularFile, 54e40553009e7f1a7b48439992cd17f2)
                               - encoder.pyi (RegularFile, 4d4e32127f13ba2c17aa0a2fb52e941e)
                               - enum_type_wrapper.pyi (RegularFile, 421536db8c2afa280b1351ccb75aadfe)
                               - extension_dict.pyi (RegularFile, c18f19fc9c42a5622dcc96f74e24df9a)
                               - message_listener.pyi (RegularFile, b8bb40dfc67eff5b324b2e5b4e8503ab)
                               - python_message.pyi (RegularFile, eaf6388b3fa3be4b1b4526a61dab6b92)
                               - type_checkers.pyi (RegularFile, cb38a25ece97b13e925258db62e99df3)
                               - well_known_types.pyi (RegularFile, f22555d95a6077b2eeba3bce64587a75)
                               - wire_format.pyi (RegularFile, be96c8c4a4c2e3d4bead5a3ad3e0864c)
                             - json_format.pyi (RegularFile, 170d95b3442b619f0e78e00abc7d2a3a)
                             - message.pyi (RegularFile, d52eceae494463ae64e44e1153db0248)
                             - message_factory.pyi (RegularFile, a2e3e09158c169c6662bddfbcf968ee3)
                             - reflection.pyi (RegularFile, a9896891a6835be83e248d0d7087b02b)
                             - runtime_version.pyi (RegularFile, 69d791f9946b95343b3c69852e03665c)
                             - source_context_pb2.pyi (RegularFile, 5da5319c339ab36c73c64924835e49e3)
                             - struct_pb2.pyi (RegularFile, 5e8c38ce7fb4bf521af874db3f3d5d3d)
                             - symbol_database.pyi (RegularFile, 3fa94f8b8befd827c04610b32dde247b)
                             - text_format.pyi (RegularFile, 7e23854989d12bf3b218b5ceb4e13117)
                             - timestamp_pb2.pyi (RegularFile, 171ba2f5a014162ebfff453d38ffa2d0)
                             - type_pb2.pyi (RegularFile, a21b8fb67b42115e0f8c7ffe763eb291)
                             - util (Directory, a1bc231b0126f5fc50663a4f6115f629)
                               - __init__.pyi (RegularFile, f571933bb948577b1f9f3076fb8fc7c6)
                             - wrappers_pb2.pyi (RegularFile, 3ef92e5b55941d7084d26b5e17145d3d)
                         - METADATA.toml (RegularFile, 2c3c86036c3247ad2f3f9bd9730dbaac)
                       - psutil (Directory, 6c537ab0b5394d07ea152f7a1cadb3a9)
                         - @tests (Directory, e9adc64437ad0e1c8b9c70b3e5598dda)
                           - stubtest_allowlist.txt (RegularFile, e27124a4d36685c35f955456fbdaee66)
                           - stubtest_allowlist_darwin.txt (RegularFile, 8230a851c6b4d95fb0f4786e614c1fb3)
                           - stubtest_allowlist_linux.txt (RegularFile, e898b73b245e49e38c5a1b2bfeab22cd)
                           - stubtest_allowlist_win32.txt (RegularFile, 1d7d5ce4d006a4e7a40b1e6f27491e1f)
                         - METADATA.toml (RegularFile, a9927c7b7c90e7f001d6faaddb7d11a4)
                         - psutil (Directory, c20ed1cee2b5c5a48ebbcbb6c8b56c74)
                           - __init__.pyi (RegularFile, 58d444a119c80ecbbded74ea1531aacd)
                           - _common.pyi (RegularFile, d1a377975db90c3eea2952e7d36fac54)
                           - _psaix.pyi (RegularFile, 6e8d5e0b79fe68e46df0c46fcb231d11)
                           - _psbsd.pyi (RegularFile, fba75b7b753fbcd3f7c7841addba32ba)
                           - _pslinux.pyi (RegularFile, b9de1e14b7342b56b0d7c597a2ba5a95)
                           - _psosx.pyi (RegularFile, 8151b3563237ffe69ac5f3465db97aa2)
                           - _psposix.pyi (RegularFile, dc42284dbb7e051818715117a966c1f4)
                           - _pssunos.pyi (RegularFile, d38ac9c431e8bc1b772d2abfa4c1f943)
                           - _psutil_linux.pyi (RegularFile, 1566e08c096985e851c3a8035c512485)
                           - _psutil_osx.pyi (RegularFile, 5b6adaff5db0eb280b39bd5f38ab65aa)
                           - _psutil_posix.pyi (RegularFile, 1cb1302c355a9de4e3f781ecbfdfd114)
                           - _psutil_windows.pyi (RegularFile, 9ae677f2fed330bb320dc1a18c7a14d1)
                           - _pswindows.pyi (RegularFile, 80b8bdabad36228876c9508c4e2043f9)
                       - psycopg2 (Directory, 8965b776c5e535f58d7748d43005eb59)
                         - @tests (Directory, a6a6604e673bfddf96fa697ae0eac544)
                           - stubtest_allowlist.txt (RegularFile, 1dd72a1328d057af3af9c37f88b63791)
                           - test_cases (Directory, 295f7cb56afc1f7f94f904192fd7d692)
                             - check_connect.py (RegularFile, 8af865606dd09808de97bc8d084a576b)
                             - check_extensions.py (RegularFile, b8dc7fcdaa5011775c07bbdb1af40590)
                         - METADATA.toml (RegularFile, 5094df2f4e3a64670ceb5f6045be5683)
                         - psycopg2 (Directory, 96b51e772b90a63fd97dc3b073018b12)
                           - __init__.pyi (RegularFile, 0a6c6d1f8837425aaa0834a1c39b2d09)
                           - _ipaddress.pyi (RegularFile, 568b79a0e28b6db03d5757b969b96a81)
                           - _json.pyi (RegularFile, 571f5988da2528fe7f70da0851b137ad)
                           - _psycopg.pyi (RegularFile, bb51c2c211030e46c0287ca49b24416c)
                           - _range.pyi (RegularFile, 468ee62b20ca0b1864409eef9b67f1e5)
                           - errorcodes.pyi (RegularFile, 842939938ea88de8f967000260ec0cb9)
                           - errors.pyi (RegularFile, d4737844e790fd4fba4f8b386e22828f)
                           - extensions.pyi (RegularFile, 87d42c30717924b01d00630da1488b09)
                           - extras.pyi (RegularFile, f03f27307ae72aaaffd9bbc4ebbe3535)
                           - pool.pyi (RegularFile, 1018282d9e746d53b65c7e0ba820ee8e)
                           - sql.pyi (RegularFile, f70d5bc5719869bfb086ddf096153d01)
                           - tz.pyi (RegularFile, c6e5402281f5e978051eb04956017b24)
                       - pyasn1 (Directory, 4a088bd203123357387fb368e29cf5a2)
                         - @tests (Directory, cb43620a020238700fd2722ea3f3cf29)
                           - stubtest_allowlist.txt (RegularFile, d38d46492b1edb80ab2cf1415548e9bf)
                         - METADATA.toml (RegularFile, a6da555649c5ca39559cc9943b03f48b)
                         - pyasn1 (Directory, 006a9fcd9ff9bc3688f10dc6320a4d20)
                           - __init__.pyi (RegularFile, 6f88e240fab11c80c2e55f98c5de9c42)
                           - codec (Directory, 961eefcfd160e23c7dfbdafdc071ee71)
                             - __init__.pyi (RegularFile, f571933bb948577b1f9f3076fb8fc7c6)
                             - ber (Directory, 37ed119a8e23189fa2541dc0b395c43b)
                               - __init__.pyi (RegularFile, f571933bb948577b1f9f3076fb8fc7c6)
                               - decoder.pyi (RegularFile, 8a39e07b96dce47307b7d4305823b7fb)
                               - encoder.pyi (RegularFile, b7d9d868575d2a690625645b4f6a365c)
                               - eoo.pyi (RegularFile, a7aa174dc050f44e6397563a2d353ae5)
                             - cer (Directory, 054ba51324992d8c4170a0761868af20)
                               - __init__.pyi (RegularFile, f571933bb948577b1f9f3076fb8fc7c6)
                               - decoder.pyi (RegularFile, 14fab5e9e7c5fafe6953015bad5dca93)
                               - encoder.pyi (RegularFile, 2750c3f318dd674b8631d1bab5707015)
                             - der (Directory, 7a208bf02a52b389b44a6ee1309669f2)
                               - __init__.pyi (RegularFile, f571933bb948577b1f9f3076fb8fc7c6)
                               - decoder.pyi (RegularFile, 8e8bf08131250ae0822dd43e172ef02b)
                               - encoder.pyi (RegularFile, 38ddf914e1f9f1e470e093ff402f672a)
                             - native (Directory, 6b26d84f832f947bd95bfc69a1d61d4d)
                               - __init__.pyi (RegularFile, f571933bb948577b1f9f3076fb8fc7c6)
                               - decoder.pyi (RegularFile, e271c1389cdd9e2a2682102d37c95fde)
                               - encoder.pyi (RegularFile, c1bbc67e24e060a8bf94463a3b504d3e)
                             - streaming.pyi (RegularFile, c796c2701e7642bd4f20264aca18e679)
                           - compat (Directory, 0ade9953292d00dc549dd531a592f835)
                             - __init__.pyi (RegularFile, f571933bb948577b1f9f3076fb8fc7c6)
                             - integer.pyi (RegularFile, 97cc0235cbcf7b9ec5ce4a672c1993ef)
                           - debug.pyi (RegularFile, 369092d25465d38bde4bf2144cf8d2f6)
                           - error.pyi (RegularFile, 6e9d322c1ff8cce9e394b163491b84c9)
                           - type (Directory, 4c0cbbf809088fe941d71736d1c3634b)
                             - __init__.pyi (RegularFile, f571933bb948577b1f9f3076fb8fc7c6)
                             - base.pyi (RegularFile, 279b085481dcf1659297066b35877c08)
                             - char.pyi (RegularFile, 092a5c48edd76dabfafc2c2409b23ba8)
                             - constraint.pyi (RegularFile, af9d5478c605585de1e748d983cdcdcd)
                             - error.pyi (RegularFile, bd7345e8ff8a1d783e6d99399b5d00c7)
                             - namedtype.pyi (RegularFile, a88dcc884765aba708380c555f07d846)
                             - namedval.pyi (RegularFile, 4054502949317608ec0d5b4162468e00)
                             - opentype.pyi (RegularFile, 33b0081d172831c37d7c699b0267d912)
                             - tag.pyi (RegularFile, 08e28af247aa628ce0004588391ec929)
                             - tagmap.pyi (RegularFile, 2282520bcc35689296897a0a4ca514ab)
                             - univ.pyi (RegularFile, fcd4f9aa132b1da67b2cae3001fcc616)
                             - useful.pyi (RegularFile, de403ed421bfc5d8efd7530f16866bed)
                       - pyaudio (Directory, dc2fe67796bd7afe85125552c03e04d8)
                         - METADATA.toml (RegularFile, 0d45fc0b4214d52a5e726cb86bab5ce1)
                         - pyaudio.pyi (RegularFile, 880711741e3e0fc0182e6da8cf487165)
                       - PyAutoGUI (Directory, c7a27842d83910d363164acc92b96860)
                         - @tests (Directory, 01e6c8f57edc76db8cea704c572b883e)
                           - stubtest_allowlist.txt (RegularFile, c725509937da82682d24497dd9084b5b)
                         - METADATA.toml (RegularFile, 087d03f5cd6bdf2156e9efaf0bdf4c4a)
                         - pyautogui (Directory, d5daa3f712b05fb7a90845673f7e648b)
                           - __init__.pyi (RegularFile, 6931780a51c6c7a20a178c6d08c15b31)
                       - pycocotools (Directory, 7e4b8e7661cd894c55c2d3d37a091443)
                         - METADATA.toml (RegularFile, 0f0b7df395346ee567b0d0d23898e682)
                         - pycocotools (Directory, b480e48de68a6d30f2dd4949d4e22c9b)
                           - __init__.pyi (RegularFile, af9121cc156ff3b884f12e4039893474)
                           - coco.pyi (RegularFile, 119d8ef6b72688b3d488815f4ed4a4c7)
                           - cocoeval.pyi (RegularFile, 6a7a3fb538a25217aba87835d3b70278)
                           - mask.pyi (RegularFile, 07fd330e885fa215c7ac3ae172ceb104)
                       - pycurl (Directory, a512031bab38d6dbe3f7ee9dfa03c81b)
                         - METADATA.toml (RegularFile, 8c2f6596a1285c7c32ccb310c22ea45b)
                         - pycurl.pyi (RegularFile, 042a9bd88ec5dc4117c3f89779602404)
                       - pyfarmhash (Directory, 69f448aa8e92932d0d8aec5ec8635544)
                         - farmhash.pyi (RegularFile, 7d12c234d90f049f31498c9cde6c0491)
                         - METADATA.toml (RegularFile, fd0f948249f381b62dbd9df9638f2e15)
                       - pyflakes (Directory, 7a9e8b2dc66b43a6e1512aeed61a0560)
                         - @tests (Directory, 7ebba36b1aa96984ba84031a49ed5b6a)
                           - stubtest_allowlist.txt (RegularFile, 3896a012a2b370de85e28ec58c19a5a5)
                         - METADATA.toml (RegularFile, a94cfefc3c3cad641c418f96addc5cff)
                         - pyflakes (Directory, 6f3286e4da2e162fcb0582aeace2f00b)
                           - __init__.pyi (RegularFile, 6f88e240fab11c80c2e55f98c5de9c42)
                           - __main__.pyi (RegularFile, 1144d41d3f1db6e007e09e923d328934)
                           - api.pyi (RegularFile, 0ef85543efce663f25ff8cea7543a763)
                           - checker.pyi (RegularFile, 41bb30a334e945643e4d982135601700)
                           - messages.pyi (RegularFile, 9f71d074e996486d98153c0be94763d2)
                           - reporter.pyi (RegularFile, 6bd9e94a1160e95aeaaea7f6583879d8)
                           - scripts (Directory, 0d820f47e4b607469e9f9bd7831e05dc)
                             - __init__.pyi (RegularFile, f571933bb948577b1f9f3076fb8fc7c6)
                             - pyflakes.pyi (RegularFile, d8fbcc366dabda8aa69ba2bfbf4f35a3)
                       - Pygments (Directory, a17f3c745ef7c77b35c612da0d34ca96)
                         - @tests (Directory, 3371d8f3fd1a1170a5607f9530a42cf0)
                           - stubtest_allowlist.txt (RegularFile, 375a4900f46c0f04e713629c2609da8a)
                         - METADATA.toml (RegularFile, 6dabc5bd775f08a7d998610e60453206)
                         - pygments (Directory, 45f0c2de0dac6bba0fb5ea0c813529a3)
                           - __init__.pyi (RegularFile, 235e7564699c51368d24027286b96de9)
                           - cmdline.pyi (RegularFile, 2bf8405a37efedb48109fbc11a739042)
                           - console.pyi (RegularFile, e9bc25e83611ed17208b260f83e34e5c)
                           - filter.pyi (RegularFile, e30d9f50d7bef80b1a682f4ceb08af3b)
                           - filters (Directory, 3a85111978cbf190ee5be9ed51fddad0)
                             - __init__.pyi (RegularFile, 5706436d90af227fc310274373c73cdf)
                           - formatter.pyi (RegularFile, 8c3668dd8935ab9279ceb704ff998aa1)
                           - formatters (Directory, 931469355ac767d44bf77eaf86f4961a)
                             - __init__.pyi (RegularFile, 16561206f589deb767169e967187a082)
                             - _mapping.pyi (RegularFile, a7a14d40992f82b9485c70954fae6983)
                             - bbcode.pyi (RegularFile, 86b2e1620b6ca546fbcb87104048e995)
                             - html.pyi (RegularFile, 367d5daa4d834e6fe28c07cc5fb854f6)
                             - img.pyi (RegularFile, e395d9908a0b98599ad1c4bd9a80865e)
                             - irc.pyi (RegularFile, 7f089b724cc80b06528541090c5115ce)
                             - latex.pyi (RegularFile, 87d3f1a347e16d3835b51956a90472fe)
                             - other.pyi (RegularFile, 253dc86433c0f4b39328e4d043a3f063)
                             - pangomarkup.pyi (RegularFile, 1d0b4afc15c7b221491c36c011a61788)
                             - rtf.pyi (RegularFile, 2d579ec473b1275d2f5176a4ca093fd4)
                             - svg.pyi (RegularFile, 3abf8f6592d6f9b243b91296715941d3)
                             - terminal.pyi (RegularFile, b550e55db512f31898d0b2c847fcfcda)
                             - terminal256.pyi (RegularFile, ea1ba0b16d67e27d845c6bd4c95112bd)
                           - lexer.pyi (RegularFile, 44b4860c6e3c1208370852e4e1f79ecc)
                           - lexers (Directory, ad8b925a6d81f3ace6d78419e23f1dfd)
                             - __init__.pyi (RegularFile, 980c607f8bcc0208cc3ef4631cce21db)
                             - javascript.pyi (RegularFile, b521be19b2392424eecec7fd118b35fa)
                             - jsx.pyi (RegularFile, 38f0606dc6514b981e875ecce11e65f0)
                             - kusto.pyi (RegularFile, 675b4d13f12bb0a09cf49b3d2301158c)
                             - ldap.pyi (RegularFile, aad1209294e36c174f8eda6d90612fd9)
                             - lean.pyi (RegularFile, 523d13e75f31e5b180090cb67b50440d)
                             - lisp.pyi (RegularFile, cebcb0a9beca4c818cb6082ba0375850)
                             - prql.pyi (RegularFile, dd9d2a72fce61d78afedd13125401a7f)
                             - vip.pyi (RegularFile, f629f48d555c5829737168ce19046dbb)
                             - vyper.pyi (RegularFile, e67ebbd37c4994d2d667a0af50cc54be)
                           - modeline.pyi (RegularFile, 5643a74a652db8af989aca85a11b12fa)
                           - plugin.pyi (RegularFile, 00e9eb35a5fdf15d4b95cdb802f36dcc)
                           - regexopt.pyi (RegularFile, 69ae514e02322d397a27f51c8e27943d)
                           - scanner.pyi (RegularFile, 113d9f819750b876dadcfaf880e7d975)
                           - sphinxext.pyi (RegularFile, c4f8aa26705ff3f5770b913c5dd367ef)
                           - style.pyi (RegularFile, b47800dce550863e192ddf06d71e19d8)
                           - styles (Directory, d7d6b2655dcaf882f3572a2461584df2)
                             - __init__.pyi (RegularFile, 1fa2790c6766bc6fd45baa359a327366)
                           - token.pyi (RegularFile, 48392512295b5b3fea0533b6a4c244d6)
                           - unistring.pyi (RegularFile, 33c5f22efe97ed30123e6a93a8067522)
                           - util.pyi (RegularFile, 0b270ca8d107fafd8cd68782956afcfa)
                       - pyinstaller (Directory, a16ae732a140d23ba7eaf29f371c96b4)
                         - @tests (Directory, 5d80ce474d836acf97fa631b608d967f)
                           - stubtest_allowlist.txt (RegularFile, abe48b523cd779648f756859b12f7db7)
                           - stubtest_allowlist_darwin.txt (RegularFile, b0d23c5a557a98fbf4c483f823dfd9c5)
                           - stubtest_allowlist_linux.txt (RegularFile, b0d23c5a557a98fbf4c483f823dfd9c5)
                           - stubtest_allowlist_win32.txt (RegularFile, fdcce513ab85172e9662302e398b82a6)
                           - test_cases (Directory, f5bd6e0ab6b655ce8bcebe49975d920f)
                             - check_versioninfo.py (RegularFile, 4fb5fa22f1801e3555777b0b1189cf7c)
                         - METADATA.toml (RegularFile, fd9def67aa2a01682363b8042d5244e8)
                         - pyi_splash (Directory, 25fc7e7f39c02ba7a59e4c2b31133a7c)
                           - __init__.pyi (RegularFile, 4be963e947a8c5ab15857c2a2dd9a3cb)
                         - PyInstaller (Directory, 42ffa19534ef46b1166b9ff1ba6a9291)
                           - __init__.pyi (RegularFile, ff146718f3b8fdde0e159406052c3c15)
                           - __main__.pyi (RegularFile, c807d805b1b3f1daa78b90bd95c0d343)
                           - building (Directory, 08e7fb427e60b3a92906ed080d9b6f55)
                             - __init__.pyi (RegularFile, 1c1b6875801b7c0f570aeafe5d0eb88d)
                             - api.pyi (RegularFile, 57feb35366a2f20f4a576b50d50bddd7)
                             - build_main.pyi (RegularFile, e3b9a8d198decab95d24368f2ee3f1a4)
                             - datastruct.pyi (RegularFile, 9dfbd72d59e531911d577924d0d017e4)
                             - splash.pyi (RegularFile, 082603de56ed57ead976d321c6e12f00)
                           - compat.pyi (RegularFile, 3dd593cc356a93a6249c28efe13ce784)
                           - depend (Directory, 739df4135d2bffc7dbeb4305b995fb0e)
                             - __init__.pyi (RegularFile, f571933bb948577b1f9f3076fb8fc7c6)
                             - analysis.pyi (RegularFile, 35c651e1d48cb1496dbc06b061b3e5a8)
                             - imphookapi.pyi (RegularFile, 2dfae8c15d1a5c72fb652a1662b21c76)
                           - isolated (Directory, e513483b6266b6f489b649819d24ccdd)
                             - __init__.pyi (RegularFile, 9f3414a50c90f8e334a7f1f0899659ff)
                             - _parent.pyi (RegularFile, a8b8fbab19af16a675a5062dbe0822ad)
                           - lib (Directory, b0c8a8fdc51f389d6dbce9ab7dbd7351)
                             - __init__.pyi (RegularFile, f571933bb948577b1f9f3076fb8fc7c6)
                             - modulegraph (Directory, b429d34101421e99e18e66fc2bf7d20c)
                               - __init__.pyi (RegularFile, f571933bb948577b1f9f3076fb8fc7c6)
                               - modulegraph.pyi (RegularFile, 0f1efc3a80356a146ce330ad93b62595)
                           - utils (Directory, 9d25e2fdd732532bfc43144026044147)
                             - __init__.pyi (RegularFile, f571933bb948577b1f9f3076fb8fc7c6)
                             - hooks (Directory, 38d2e3b2150b6182f5ce4e29e52dc543)
                               - __init__.pyi (RegularFile, db841d32cac256413736708bea0291de)
                               - conda.pyi (RegularFile, 1da1be0e4f40788243255b9eeea1ddec)
                             - win32 (Directory, dc5b3b91778b97db94f55b7003e288c8)
                               - versioninfo.pyi (RegularFile, 5b99caff23d115a1d654d3729b4e7b1f)
                       - pyjks (Directory, e106b6193e1660c211c66c5c973ec377)
                         - @tests (Directory, 4742a08f7b3256c873e15aa82729868a)
                           - stubtest_allowlist.txt (RegularFile, 841df151d942804dcad5e86d643a68ca)
                         - jks (Directory, e3b0c533f9a8d38ec5f1ade43b6a04d8)
                           - __init__.pyi (RegularFile, 4bac41c93b36c832dc51fba205995069)
                           - bks.pyi (RegularFile, f3d3e219c5ecbdcfdbf13ba82b123c86)
                           - jks.pyi (RegularFile, be5fc81c672eee855a710e18714bf165)
                           - rfc2898.pyi (RegularFile, a769d7ed0f2ef2e8963468ef1384b434)
                           - rfc7292.pyi (RegularFile, 21dc56653ecd51233371a42b247a4b65)
                           - sun_crypto.pyi (RegularFile, 557a2d43c40773bb0530718621ca412c)
                           - util.pyi (RegularFile, 59ad8ab7a1d731513acfed262ec82d19)
                         - METADATA.toml (RegularFile, f9c63e3436111eeab79e9d36fa5826ee)
                       - PyMySQL (Directory, 6d9a614c63337600eb3794f178cf8409)
                         - @tests (Directory, 9b41f439822024aa2a9476b7241047a2)
                           - stubtest_allowlist.txt (RegularFile, 307189c6bb85c5a8a6f08e018cb1a155)
                         - METADATA.toml (RegularFile, 4b259c97f9ffbce6ed9baa3e7da6db48)
                         - pymysql (Directory, 530a3175ab6ca8d76e507c95c53881f0)
                           - __init__.pyi (RegularFile, e6539cf495445fd35ccd920e86e2b5d1)
                           - _auth.pyi (RegularFile, bc913559c701a266e1fb39617f08eba0)
                           - charset.pyi (RegularFile, c6371d52ca7fc79d8ae30b1175a50364)
                           - connections.pyi (RegularFile, 9858752e445fab9ccd97f9658bf66e0d)
                           - constants (Directory, 346c1433f7ce61179587c3cdbe88f318)
                             - __init__.pyi (RegularFile, f571933bb948577b1f9f3076fb8fc7c6)
                             - CLIENT.pyi (RegularFile, d3181d299fe873db2c110ac187b5a4b9)
                             - COMMAND.pyi (RegularFile, dbb8d196f9f2a94baa7f63304d70afa4)
                             - CR.pyi (RegularFile, a856155d0b8d934949b486ca7a2f0d02)
                             - ER.pyi (RegularFile, f20f2a19818c45e09eeeb9f775dd6cac)
                             - FIELD_TYPE.pyi (RegularFile, b0f035cb40827330df16b25d28d69aa8)
                             - FLAG.pyi (RegularFile, 2ebf961e3e152503a0eae1a8d8b8563b)
                             - SERVER_STATUS.pyi (RegularFile, ce7c21d8eb0972c7e5daa7cbd6cd2683)
                           - converters.pyi (RegularFile, 824546cfd5c042af43d8f0215138d033)
                           - cursors.pyi (RegularFile, 155836f2afc5c0a3052e1e0449d2eb8f)
                           - err.pyi (RegularFile, 0bbfb711e9a5ea293afc0397e968fa93)
                           - optionfile.pyi (RegularFile, c76467860b802b0c4d1a0611a3839bb3)
                           - protocol.pyi (RegularFile, b9d4fb9fcc0ca24d6e205974962f33b5)
                           - times.pyi (RegularFile, 38c4d3e57e38179294a36500d2aaa2e8)
                       - pynput (Directory, 48ae6dede39f1209c9fa61508f0edcb1)
                         - @tests (Directory, 54d6d80685523932db0c2ed8d9637606)
                           - stubtest_allowlist.txt (RegularFile, 84f5988dd90af6691b3b9ff436bfdc5a)
                           - stubtest_allowlist_linux.txt (RegularFile, 54dfe7b903b3359a4226cc5313ea9b33)
                           - stubtest_allowlist_win32.txt (RegularFile, 6b3eccfa6bc3023222ec88a81e5129d8)
                         - METADATA.toml (RegularFile, a1e0de8c46fd96fca710ef4d53eb72c6)
                         - pynput (Directory, 5d5fb2f0b40df6669e61d07db595b17c)
                           - __init__.pyi (RegularFile, 957458e9316bba692c1630d47c5a5a73)
                           - _info.pyi (RegularFile, fa4a631fbe23241d208ec18d9d8c1da2)
                           - _util.pyi (RegularFile, f17a5d064a4f339c234f4f3573ef963b)
                           - keyboard (Directory, 587f42fe25e15d4fb7f7bac8202b0718)
                             - __init__.pyi (RegularFile, 6b3c4ae8bb99a2582c66164562c170cd)
                             - _base.pyi (RegularFile, aaa7b51d2f3394f6d5706ba5ff0fec1b)
                             - _dummy.pyi (RegularFile, fb8d0539f4d25d2919a98a00d628731a)
                           - mouse (Directory, 7e700e65cd8afdbad84f97a99b6618a8)
                             - __init__.pyi (RegularFile, c59a9eedf82c95478aeb5d802c56b1bd)
                             - _base.pyi (RegularFile, 33d036f47fc763dc7197eddcfc10f375)
                             - _dummy.pyi (RegularFile, 780b464e375317b3ff60354c113bc0fd)
                       - pyperclip (Directory, a83c14f28cce82edea75520e14cf3f87)
                         - @tests (Directory, 72663c3095a80bd1ae9eb8af88dae5c3)
                           - stubtest_allowlist.txt (RegularFile, 7f48e24294323669ca33f9106ca9269e)
                         - METADATA.toml (RegularFile, b7ad9b8cedc7db790a508708a277b9c8)
                         - pyperclip (Directory, be59512e5abe16468cb40770dc4f2660)
                           - __init__.pyi (RegularFile, 0c67a7437f6daa2c4c5e092aa8a3afda)
                       - pyRFC3339 (Directory, cc4ad6adbfca4b37bb885838b7a20da6)
                         - METADATA.toml (RegularFile, 6398549cfea1da0e217c6e14f2cb99d2)
                         - pyrfc3339 (Directory, 8ced12413ab79905fd1801d71b143c16)
                           - __init__.pyi (RegularFile, 2ae4252376ceb8de4aa8c9e24ea46a7b)
                           - generator.pyi (RegularFile, 07618b596dc4387955759a5c4bae5d8a)
                           - parser.pyi (RegularFile, 739370b41009464a123dbeaa94e81bcc)
                           - utils.pyi (RegularFile, ee6e81af5bff1974d2395db06940281c)
                       - PyScreeze (Directory, 793cf835759275f4575fe6de685afe9b)
                         - @tests (Directory, 2aadf0330693b45d390af386d5bfad3e)
                           - stubtest_allowlist.txt (RegularFile, b383997aacc42fd5a0b2cd220079f83b)
                           - stubtest_allowlist_linux.txt (RegularFile, 3119a9b5022bb839ffedf2b8b1154f22)
                         - METADATA.toml (RegularFile, 5b5c34534586b7e85f556b20f1ef383b)
                         - pyscreeze (Directory, 6d2d887516d97c0b9a7bb0a7a7bd33ed)
                           - __init__.pyi (RegularFile, 9e87bafa42bd9fec5a33907fff96a5de)
                       - pyserial (Directory, 097fb010648f44ff27dea10139c56ebf)
                         - @tests (Directory, 847f5baab047f7759a6758f6c1309e88)
                           - stubtest_allowlist.txt (RegularFile, fca690ff456ce5bf434fd5fa84a4c158)
                           - stubtest_allowlist_darwin.txt (RegularFile, 81c32b4487d180b5cc81f9b8625e1e2d)
                           - stubtest_allowlist_linux.txt (RegularFile, 0a085d7dc3c7d6610e2311c1654a49de)
                           - stubtest_allowlist_win32.txt (RegularFile, 0278b4bc6b8d3d5983f0d3ac34018ca6)
                         - METADATA.toml (RegularFile, a41257734b183db8e1fed6693d477582)
                         - serial (Directory, d93225730e3403ccc28bb366903e6574)
                           - __init__.pyi (RegularFile, 6d29ea70dc71435685b367a0298cbf67)
                           - __main__.pyi (RegularFile, 9f532590e3f0d7a40403add282cc6a34)
                           - rfc2217.pyi (RegularFile, 819a335f240a0c5aa1c8794cfbe18a07)
                           - rs485.pyi (RegularFile, ab48f5bb11396c45e2772921d3b1a389)
                           - serialcli.pyi (RegularFile, dce095f32bf576c9d76bc9233b90b8d6)
                           - serialjava.pyi (RegularFile, 43c6e004c58d9a07a1fe15d66ee62e1c)
                           - serialposix.pyi (RegularFile, 808d4c9e6fbc0bf49c3ba00d863bb3ae)
                           - serialutil.pyi (RegularFile, 023514f82fc60bfa72ddee0ec31ca224)
                           - serialwin32.pyi (RegularFile, f78aafb0e271a8108587eb3e9f4c5c5f)
                           - threaded (Directory, b235c46d26c706adf4d1ea38a46dfbfe)
                             - __init__.pyi (RegularFile, 1d4c8475efeb5a6435a834d741d58bc5)
                           - tools (Directory, 6e7eee8d506932fd8102c786bbca7d6c)
                             - __init__.pyi (RegularFile, f571933bb948577b1f9f3076fb8fc7c6)
                             - hexlify_codec.pyi (RegularFile, b7d93ff47ec8c2478697dc7ed332c2ff)
                             - list_ports.pyi (RegularFile, d1171c41ceb495e62cc55083dd0ed50d)
                             - list_ports_common.pyi (RegularFile, 0fa7ac65a474b8c2c7fa0ec0bc4ebfac)
                             - list_ports_linux.pyi (RegularFile, 9dcbf305e00c0185215ddb4bb2881bfc)
                             - list_ports_osx.pyi (RegularFile, bd898acee9597d22b8e30804fdddb8f7)
                             - list_ports_posix.pyi (RegularFile, 77d6f3a6b587a10ec03154c4156f3e53)
                             - list_ports_windows.pyi (RegularFile, f0d8f66d2f1430adb5f4acd6a3be450b)
                             - miniterm.pyi (RegularFile, 1e8806e9de04b69190243133818884a6)
                           - urlhandler (Directory, a418f31701854dbedb94e56952801e64)
                             - __init__.pyi (RegularFile, f571933bb948577b1f9f3076fb8fc7c6)
                             - protocol_alt.pyi (RegularFile, 123ad0698aacc69833371c24be408ca5)
                             - protocol_cp2110.pyi (RegularFile, b00ac277c89ddeaf80f3c5549186ca5b)
                             - protocol_hwgrep.pyi (RegularFile, 8cd9aa230e605ba7615b27dbfefd7cd5)
                             - protocol_loop.pyi (RegularFile, dc7b63f7fc096c43c536087289f32587)
                             - protocol_rfc2217.pyi (RegularFile, 984068bd6e33c7cc8b31240ff3ee29c4)
                             - protocol_socket.pyi (RegularFile, 40ab0db0950a197f5d8bb92e48b3769b)
                             - protocol_spy.pyi (RegularFile, af3559b0e720d6dec4fd64b4dbcd5ba2)
                           - win32.pyi (RegularFile, 01dfca7e8014ffd8d3cd031cd4d49eba)
                       - pysftp (Directory, 53922ac87a22d9e43e661b8712904281)
                         - METADATA.toml (RegularFile, 9a7d07ce2937ecddc38b0597741e5539)
                         - pysftp (Directory, 40a24374eebc2ba178f9a44fd5351dc3)
                           - __init__.pyi (RegularFile, 727adb00939471e1aeaefefb387c1ec7)
                           - exceptions.pyi (RegularFile, a9ecf2313731cb7a65ff3f260adf4bad)
                           - helpers.pyi (RegularFile, d7a9b61248fd018ac380a7821c48f76b)
                       - pytest-lazy-fixture (Directory, 016fbbb1d87e5dc6af06431cc9bf3b6c)
                         - @tests (Directory, 3b9c5c436165feb577017f955a7ee87a)
                           - stubtest_allowlist.txt (RegularFile, 58f662ca28befc604156f757c0b419ad)
                         - METADATA.toml (RegularFile, af9c5953f857e8d000759731d16c9143)
                         - pytest_lazyfixture.pyi (RegularFile, ef8ddc366ca432077950a91fb2c39a90)
                       - python-crontab (Directory, 8a2ba55d0b418040ab1b16f7f64d127d)
                         - @tests (Directory, 0a2c9e59999cc0988168f264dcfce973)
                           - stubtest_allowlist.txt (RegularFile, 01dbf5ba29802b7c34067f4ee57e6f25)
                         - cronlog.pyi (RegularFile, 2e591c91331e291ef1f1f38364814e5c)
                         - crontab.pyi (RegularFile, a86a4966840768b2360e3de7e73f7f28)
                         - crontabs.pyi (RegularFile, ffac93e8e343c898c4af93d5b760210b)
                         - METADATA.toml (RegularFile, 6d8e095de18895087a40363a40d5aa09)
                       - python-dateutil (Directory, ff6775c4a83f0ea11e5ab3a07ba99b0b)
                         - @tests (Directory, 42673ccb53a8e97a130105e72526c75d)
                           - stubtest_allowlist.txt (RegularFile, 359309333150b416e400983848f113c1)
                           - stubtest_allowlist_darwin.txt (RegularFile, 037a4d23fb607a3cc28f344dc5a38600)
                           - stubtest_allowlist_linux.txt (RegularFile, 037a4d23fb607a3cc28f344dc5a38600)
                           - test_cases (Directory, 7e75071c6874e904a19b2fec36debd2f)
                             - check_inheritance.py (RegularFile, 00976227b8370e4ad3dc7d59d83258e7)
                             - check_relativedelta.py (RegularFile, 657bc0f9511a3ecfb16973abd05e59a6)
                         - dateutil (Directory, 70d8b0fb4d2034fd994a7f976e784a9e)
                           - __init__.pyi (RegularFile, d426e6b4e158650e3ba9bc04bee84b33)
                           - _common.pyi (RegularFile, 078cd43b576dc8cdad20eef251262ae7)
                           - _version.pyi (RegularFile, b9ed0031fd8a6da3b2240999fa7119c9)
                           - easter.pyi (RegularFile, 7305ee0e369938d31b894d7ca55d208c)
                           - parser (Directory, 666d3c3c2ca5f50529e4c9dd0fe4674c)
                             - __init__.pyi (RegularFile, ca8594833a48d92f91c690ce1805bd13)
                             - _parser.pyi (RegularFile, 3365fe6c88b34d99bf02cd07692cd5c9)
                             - isoparser.pyi (RegularFile, aed833790b5015c49f9f771467567164)
                           - relativedelta.pyi (RegularFile, 47f974b5f324f22c13244382cbfe5a2a)
                           - rrule.pyi (RegularFile, 8d78b131caed4ef0df3c91ee7c94be5f)
                           - tz (Directory, b77af83f6722ac43f24f24cd3b0ab271)
                             - __init__.pyi (RegularFile, 5a092b3958af3a9fe599c7ba7f0ea6ab)
                             - _common.pyi (RegularFile, 221dcded96656c0db551a104322f8772)
                             - tz.pyi (RegularFile, 150cfed38b248e54273bf87da60dbdeb)
                             - win.pyi (RegularFile, 69e01a9958aa31edeedbf1699dcd638b)
                           - tzwin.pyi (RegularFile, 0ccd71e593b5e2c6ecdc960402f06526)
                           - utils.pyi (RegularFile, f5f7d972ebf7c48785029d9c1863e738)
                           - zoneinfo (Directory, c38609510ee9dc5ef38d7361806e10a1)
                             - __init__.pyi (RegularFile, 62418d2165ed9df78217f558ac076ef7)
                             - rebuild.pyi (RegularFile, cf9dcb842caa2174e0d7516c5368501f)
                         - METADATA.toml (RegularFile, 3de569cc96af939841435da4dc1d414e)
                       - python-http-client (Directory, dbce23b370ed6f22d44678b686241777)
                         - @tests (Directory, 7396f264b809638e6c0bd197adc3f107)
                           - stubtest_allowlist.txt (RegularFile, 113641005cd3059a122fe2959e22c76d)
                         - METADATA.toml (RegularFile, 4d6b98ee48310a107c5696f383255821)
                         - python_http_client (Directory, 48daf0e2faecd11c8ed527893e2b752d)
                           - __init__.pyi (RegularFile, 8f3acdbe751df8605a3965ee5b8df4a1)
                           - client.pyi (RegularFile, dfd7f53d7db6635c6f648c81bbd44e5d)
                           - exceptions.pyi (RegularFile, 994ef6c682704e313a45331bcd75ef4a)
                       - python-jenkins (Directory, d30e0ce998194bb7f60c7c69f34e9547)
                         - @tests (Directory, ea0c7b4f0f519b0701c318c0827ff411)
                           - stubtest_allowlist.txt (RegularFile, 697b53cf084001f391a6342a4267298e)
                         - jenkins (Directory, 8dbbee8e185cfd9cc1cd76666998699d)
                           - __init__.pyi (RegularFile, 8727cd5376d9978c846bd2aa8aa6dfe0)
                           - plugins.pyi (RegularFile, a480a24e63311b4cebde94965b69955e)
                           - version.pyi (RegularFile, 420731e229fa82098802cad0a9934b41)
                         - METADATA.toml (RegularFile, c96c0ed042247842efb33fc125f951f8)
                       - python-jose (Directory, 99445fdc7ff8ae6876226d55bb1e9c37)
                         - @tests (Directory, d4578c4c39252a70715e1d56132c80f4)
                           - stubtest_allowlist.txt (RegularFile, d34f64c9f10f3649f2ae8b5e81dfcd97)
                         - jose (Directory, 2ec0e7da8a3e11458a6989c7a67d8048)
                           - __init__.pyi (RegularFile, d9a3eaef7b8c776dabf862f02b2659d2)
                           - backends (Directory, a81f09a52527cac137dd34e2850773a1)
                             - __init__.pyi (RegularFile, 8686a15d7903963bcf202f6250824140)
                             - _asn1.pyi (RegularFile, 90cc380f82142c85a9ae0e8e94b3472f)
                             - base.pyi (RegularFile, 0a5685fa85a42600808dfc7cfd17a703)
                             - cryptography_backend.pyi (RegularFile, 487399edd3d4249a7e1d6793028d9bef)
                             - ecdsa_backend.pyi (RegularFile, a6bd4a14ee622539bb45b92b267bc67d)
                             - native.pyi (RegularFile, 6e3ddf08c0562f1bc75ebec3323102e7)
                             - rsa_backend.pyi (RegularFile, 9729aea743b97d07b479a9ea46650ac2)
                           - constants.pyi (RegularFile, 7486b59ea3d44edcb0066c784cf06ad4)
                           - exceptions.pyi (RegularFile, 21a8ef17e6f0b357e75df828f1131999)
                           - jwe.pyi (RegularFile, 82cee3670b6b3d2608586113bb6c1fed)
                           - jwk.pyi (RegularFile, 1ec8b56eae430150504191a978d7a168)
                           - jws.pyi (RegularFile, 1331cdc745fa9aa919f6bba542aeeb26)
                           - jwt.pyi (RegularFile, 9100cc1558273f56ebbe362ab67c3457)
                           - utils.pyi (RegularFile, 99a8bd8cb910e27ceb72ef9aad861734)
                         - METADATA.toml (RegularFile, 0ce77a90109a1549219f5f10f56e1759)
                       - python-nmap (Directory, 2045533c34e4ffd6e317c3db14a2af73)
                         - @tests (Directory, d742376064a3cc073b48a7d7e503f27e)
                           - stubtest_allowlist.txt (RegularFile, a701a3d6fdf3ce5e8fca31f9d4a88c5e)
                         - METADATA.toml (RegularFile, 5cd2cc51831a2bcb3c4e38181b00ccee)
                         - nmap (Directory, 15b2338c9c0b404085d83d5d8221929f)
                           - __init__.pyi (RegularFile, 60fa2af9e50bf41a1c192889d309ba5e)
                           - nmap.pyi (RegularFile, 39c41b562127ad368da84a863e853513)
                       - python-xlib (Directory, da292da71bf2b8ca64023570a051287d)
                         - @tests (Directory, 8e41ea53cf2eddcc501a200db7675b7b)
                           - stubtest_allowlist.txt (RegularFile, 7cf2b7b0e6dd0bd7516662eef890b614)
                         - METADATA.toml (RegularFile, 0d9d5cde8d2c20336ce148dd94591da2)
                         - Xlib (Directory, 0ce55ec67e84682cea8f55c1a8c6f1e8)
                           - __init__.pyi (RegularFile, 2121ba9ff25a92cee79501150ec88c0a)
                           - _typing.pyi (RegularFile, 72fc696c2afa1db5663c19388ffe27ef)
                           - display.pyi (RegularFile, 9472c17ff4a658eda1efe8d9dd99faad)
                           - error.pyi (RegularFile, beb6c23fe8ba4f39b5c3e9e14e34bf3e)
                           - ext (Directory, 6aaef56f9e2ef04abc8045989f5fe2d3)
                             - __init__.pyi (RegularFile, f2304b3eb40f3b1d9db8309adfe162dc)
                             - composite.pyi (RegularFile, 596624149c16e7fe461397f68554b8bf)
                             - damage.pyi (RegularFile, 6e3e10b50f8ae34b339aa1e2cf11be3d)
                             - dpms.pyi (RegularFile, a362759dcd99a38435f65bcb415b5946)
                             - ge.pyi (RegularFile, 22fdeaa174b984533de6177da7fe4af6)
                             - nvcontrol.pyi (RegularFile, f58eb95012b16a5f61ecb2d1e8bcf93a)
                             - randr.pyi (RegularFile, 42e7f58bf7cf77c12404abb99dc85141)
                             - record.pyi (RegularFile, 6ca14bed65aedd1ce2e775f4629e3599)
                             - res.pyi (RegularFile, ddacebc6f3085f6719f95d4683e6cdc7)
                             - screensaver.pyi (RegularFile, 6cdce0b4a755a340d0d4360d2af36137)
                             - security.pyi (RegularFile, 48486a7f06ec086027555057492294ea)
                             - shape.pyi (RegularFile, 40129e662b294c211bf0cfdaae0891f6)
                             - xfixes.pyi (RegularFile, ab4aca404f7a793c827644933522df87)
                             - xinerama.pyi (RegularFile, 04c5a4b835f9d891e36b4c70ace0c942)
                             - xinput.pyi (RegularFile, e0ae1b595e6f67a92ac9b10af0b92860)
                             - xtest.pyi (RegularFile, 383b9f5a25930c023787570b141e63cf)
                           - keysymdef (Directory, edc5dec521b987e171967c9f8bf2ee2b)
                             - __init__.pyi (RegularFile, 92e1e9605a8e4f8c5bf76e0f79b36537)
                             - apl.pyi (RegularFile, 7130005a868f8d173a51277618873719)
                             - arabic.pyi (RegularFile, cba7deb07f326167dc685b828ca63476)
                             - cyrillic.pyi (RegularFile, ce3d22ef59f9d99a17ee396882a828d9)
                             - greek.pyi (RegularFile, cbc26726a3d0886464523fc7d62f6746)
                             - hebrew.pyi (RegularFile, 04fcfcbd36f02da6e6652d1bbafb9abd)
                             - katakana.pyi (RegularFile, f56e94de68cd719354f5f0af751ace49)
                             - korean.pyi (RegularFile, 11c0341ac680f2ec0ee9f49f3d308f35)
                             - latin1.pyi (RegularFile, 8d4159c151444b300958f9cd2b3d74c3)
                             - latin2.pyi (RegularFile, b09d32660289eecd141036683267a7aa)
                             - latin3.pyi (RegularFile, 9ee6d04789393b9fe0e060ec90f74817)
                             - latin4.pyi (RegularFile, 0325505c2d373a0c0d792cd25618e0a7)
                             - miscellany.pyi (RegularFile, 76da25bba7b100bd2f2a6aef6f09edcb)
                             - publishing.pyi (RegularFile, 09f2b8acb3d9fd0886231707f8dc83df)
                             - special.pyi (RegularFile, 5be5a71180b71f17188d3bc696032f58)
                             - technical.pyi (RegularFile, 657bdeb4f63f2af7e1c4b8116734b666)
                             - thai.pyi (RegularFile, dd5878349f71e27ecb11811b28f527f0)
                             - xf86.pyi (RegularFile, 750897f5749e4d93fc97e833331d0645)
                             - xk3270.pyi (RegularFile, 9300f9c2a1590453040d84a914c91436)
                             - xkb.pyi (RegularFile, 9d17f71d84f962c8c5d36ad2d67c4af7)
                           - protocol (Directory, 16e21dc2464a7fc362a5d6910c654207)
                             - __init__.pyi (RegularFile, ee76eda13c2598e2f3a8aee690e431a7)
                             - display.pyi (RegularFile, 36d1c1667a60af6b5150af57cdfa43b4)
                             - event.pyi (RegularFile, 32e994d3d960e84923997176bd76dec5)
                             - request.pyi (RegularFile, 18acb79b8aaf2717028455041ebb1130)
                             - rq.pyi (RegularFile, 3c6640830d6a66082b7800eaf03f4ec8)
                             - structs.pyi (RegularFile, 45205558eb97c9ef056e44ac717a8d17)
                           - rdb.pyi (RegularFile, 4307f968858d90bba840ae2d7a142ad4)
                           - support (Directory, c4faa65aeabb73d52baf4e6c43f7bff5)
                             - __init__.pyi (RegularFile, bf9a0993be99d1c7aa83d77c48303566)
                             - connect.pyi (RegularFile, f3bc8c8e78ebbb2527c5ab857a17784d)
                             - lock.pyi (RegularFile, 73b247b4435d1e3318dd8c49c4fbb679)
                             - unix_connect.pyi (RegularFile, 50b9db439f21abc5ba1ab6ff18dbdb55)
                             - vms_connect.pyi (RegularFile, d58012d15a3821c63f8abda0c4c3017a)
                           - threaded.pyi (RegularFile, 9a41a8bd9a5c4aca5ce62c6248291813)
                           - X.pyi (RegularFile, c7cc419b6941d8fd930c83f0cb07bcf3)
                           - Xatom.pyi (RegularFile, 68fea94f86c0263c968ca617d0d94ac0)
                           - xauth.pyi (RegularFile, 428b39d23d1b30b1e478dbc5f4895935)
                           - Xcursorfont.pyi (RegularFile, 72e56bb6ad6a8a0c3f26f10139568c7f)
                           - XK.pyi (RegularFile, 4c2ee0c7e7a88d6da9c3f2252d85dfdf)
                           - xobject (Directory, f966507e6b8631b192d487b8312d3022)
                             - __init__.pyi (RegularFile, 55e8fd4bf227b695e24d04ca575ab0d8)
                             - colormap.pyi (RegularFile, d75c9656b85e3f112f34f42f83782b41)
                             - cursor.pyi (RegularFile, f310ee6e764330f239e9659574142400)
                             - drawable.pyi (RegularFile, b27c0295c007165630c38745ad410c97)
                             - fontable.pyi (RegularFile, 3a289c8de065f5dbf3dc023310243ba8)
                             - icccm.pyi (RegularFile, 36998d274a5020e519a41d07e4a6a0a9)
                             - resource.pyi (RegularFile, 8c8e284d61bc3fd2ab3613d7b3811ed6)
                           - Xutil.pyi (RegularFile, 3fe787c0e3057f06d905a48cb75e2409)
                       - pytz (Directory, e3c300a924f63984693756e2c841ea79)
                         - @tests (Directory, 80c965e65479364578c41932c81d0fb3)
                           - stubtest_allowlist.txt (RegularFile, 54db26d69ef7698889840e159307bb6c)
                         - METADATA.toml (RegularFile, 5833a00e89571bc414b025ded30b0bb5)
                         - pytz (Directory, efb1d2ec013e3b6221dee11887c10463)
                           - __init__.pyi (RegularFile, 0115a44c88b43e21cb4ab2584ee60bf7)
                           - exceptions.pyi (RegularFile, 1468093be570a295b06c1ab4ef443fe5)
                           - lazy.pyi (RegularFile, 5e9622b835d83e40d98b52296a5495ce)
                           - reference.pyi (RegularFile, 8674bdb3a63c085c26025771b81692e4)
                           - tzfile.pyi (RegularFile, d56ee7784eb614d5f1bcb08c8cf9dec1)
                           - tzinfo.pyi (RegularFile, 6acf23bcf7f884c69e0ae0cabb6381fd)
                       - pywin32 (Directory, dd6180c1130eeda8447872f85f8780b5)
                         - @tests (Directory, 4061c5e276f795c83f5fa70676447dd6)
                           - stubtest_allowlist_win32.txt (RegularFile, f67efd7a12dc3a4bc3ad59a05957b5b2)
                         - _win32typing.pyi (RegularFile, 0866d597e781e14ec484093aaa392b7f)
                         - commctrl.pyi (RegularFile, 6dc17f21db1b762661749ff4012f560e)
                         - dde.pyi (RegularFile, 5242b208d25444f2781650e377372090)
                         - isapi (Directory, 24b853cbc3534cce6d2f618de34fa1cb)
                           - __init__.pyi (RegularFile, 4df15dc1c17b273909caef28bad8cfd8)
                           - install.pyi (RegularFile, 83f0b40922398e5b318e39262e00ddfe)
                           - isapicon.pyi (RegularFile, 29e6cec48f11f8e5b8405ee6913a8eb4)
                           - simple.pyi (RegularFile, 91be5ad39a69b9336598940a18c4fc36)
                           - threaded_extension.pyi (RegularFile, 75e7b2b0c5930807b802a4a8be1ce528)
                         - METADATA.toml (RegularFile, 6df8d88f871c55ebeeb3b21a43712d6a)
                         - mmapfile.pyi (RegularFile, 686a9b4edd0cf9295fb47d4dd942a99f)
                         - mmsystem.pyi (RegularFile, 65b7f2acfc3e203d5d7711f20f01c496)
                         - ntsecuritycon.pyi (RegularFile, f60ff6635e7a55422f256a7d3b865f9e)
                         - odbc.pyi (RegularFile, 1b675bee2716e71e9497a1fdc7403e1e)
                         - perfmon.pyi (RegularFile, 187863faa1b2c54c19dc67c45e105615)
                         - pythoncom.pyi (RegularFile, aa307ee27fb80193d3ff5eb08446a867)
                         - pythonwin (Directory, e2344cc6561a492afaaada4b4186717f)
                           - __init__.pyi (RegularFile, f571933bb948577b1f9f3076fb8fc7c6)
                           - dde.pyi (RegularFile, 1235543b989dd94aa25f55c4e3892636)
                           - win32ui.pyi (RegularFile, 3e7799f9cf7db233f225cdabe451e26c)
                           - win32uiole.pyi (RegularFile, f2bde696467451f7754d6dbb0dd3b9ae)
                         - pywintypes.pyi (RegularFile, a22d5955eba87e7cb20fb454436dfc4b)
                         - regutil.pyi (RegularFile, 2b3093ee0bdc653084aa1e1d08b0e69c)
                         - servicemanager.pyi (RegularFile, 78211aa7895e306d055fecd7970d75ba)
                         - sspicon.pyi (RegularFile, 6c9afb54aa1b87b2928da3312e73ac8a)
                         - timer.pyi (RegularFile, 105e09d93925909c8b30c40078bb1735)
                         - win2kras.pyi (RegularFile, c2dcde5e92c419126eb3126d7c9e8ebd)
                         - win32 (Directory, 0484007210061710dc5f1e8ec7ff1fca)
                           - __init__.pyi (RegularFile, f571933bb948577b1f9f3076fb8fc7c6)
                           - lib (Directory, aafe9b880a54013a998d7a383845ad88)
                             - __init__.pyi (RegularFile, f571933bb948577b1f9f3076fb8fc7c6)
                             - commctrl.pyi (RegularFile, 5f36150178859a33d9a45582a939329c)
                             - mmsystem.pyi (RegularFile, 6040efbbb91538361c0169114c172e88)
                             - ntsecuritycon.pyi (RegularFile, e8b63bf0425b3b4f6fd67d05645203f9)
                             - pywintypes.pyi (RegularFile, 1abfd73e2cc037bef9613b54e746ac45)
                             - regutil.pyi (RegularFile, f4a78f7045fd9d170daedfbac880c08a)
                             - sspicon.pyi (RegularFile, 9271be5ea09630077706bf1234bf93a9)
                             - win2kras.pyi (RegularFile, 7c042a3dac84ce7c03cd2be7228f44f1)
                             - win32con.pyi (RegularFile, 16f38e87fbbf59eb6271211ae65fc0b1)
                             - win32cryptcon.pyi (RegularFile, 6d7905a798e96335b3302dd2c72224fe)
                             - win32evtlogutil.pyi (RegularFile, b76b13773e14ce78a624e06006f3d917)
                             - win32gui_struct.pyi (RegularFile, 150b5667b69e617fb1e24aefeafc7e05)
                             - win32inetcon.pyi (RegularFile, 2a7e53108e3fd41983906462ec5e5114)
                             - win32netcon.pyi (RegularFile, a611f8f2f27e00e4bd3f462603af5589)
                             - win32pdhquery.pyi (RegularFile, 22eb01d8be3433165127287940f4f4d0)
                             - win32serviceutil.pyi (RegularFile, 30c899834b49e04e4ba02d4e37d55eca)
                             - win32timezone.pyi (RegularFile, 010c36ac2fc55dcd3c24b7146a16ee09)
                             - win32verstamp.pyi (RegularFile, 008c78c25a60ed2d9b4f3216b2f29c1d)
                             - winerror.pyi (RegularFile, b99f10f43d1166285e898012ac46f77a)
                             - winioctlcon.pyi (RegularFile, cbbb3704858015b6c2a0e17521c4480a)
                             - winnt.pyi (RegularFile, 7b3c6c3518b7f16ca11569d245ea56a9)
                             - winperf.pyi (RegularFile, 1d90867d1bdc0da13a193185adf69ba0)
                             - winxptheme.pyi (RegularFile, ad95c20e181be281100585943fa387d2)
                           - mmapfile.pyi (RegularFile, 7ba132b6dc2c3b174383987167ad687b)
                           - odbc.pyi (RegularFile, ce7d082f698f381a6b0b22cc9def305a)
                           - perfmon.pyi (RegularFile, 551b139943897d35fa69db9286b571c5)
                           - servicemanager.pyi (RegularFile, 302d46bcc558508a32e21b9cdef63158)
                           - timer.pyi (RegularFile, 525862ed37675e0f47051b20de991e7c)
                           - win32api.pyi (RegularFile, 38ed8cd798cde86f8958ee3db9a9033c)
                           - win32clipboard.pyi (RegularFile, 1d56db4c44fa0329d24108e24c253df7)
                           - win32console.pyi (RegularFile, e2460f7847e3b1d45d0a33fbf6f7eb0d)
                           - win32cred.pyi (RegularFile, 834eb7f745a71d4c9619ca03ca9ae468)
                           - win32crypt.pyi (RegularFile, e80dedf91c4ff08a933c24f9ad54a7e0)
                           - win32event.pyi (RegularFile, 2101f178f3a8c48ffd5de43804d6d50f)
                           - win32evtlog.pyi (RegularFile, d3bc2dd79ded7fe04e166919bcd45be6)
                           - win32file.pyi (RegularFile, e9c66034fa90c0de123ae09ddbde488b)
                           - win32gui.pyi (RegularFile, 81047f484f1a3cd501c562804bbfa660)
                           - win32help.pyi (RegularFile, 8cdbdd2818f8ad8e5b994874d436ccae)
                           - win32inet.pyi (RegularFile, ec00a5800f47344726d557c30ec2fcaa)
                           - win32job.pyi (RegularFile, 1bd883c5fc989e443402a33f6d5de718)
                           - win32lz.pyi (RegularFile, 382a6a8becf8d8ba2f6c7df96e34721f)
                           - win32net.pyi (RegularFile, be43432be5b7ee21051ce3aa6568ecbc)
                           - win32pdh.pyi (RegularFile, 3d27094604cd0edb408d462f99b6d3e3)
                           - win32pipe.pyi (RegularFile, 441265f78aeecb5c330d3a47b269c1bd)
                           - win32print.pyi (RegularFile, 50a8b788c3df131161b0eb1969042fa3)
                           - win32process.pyi (RegularFile, 09bd877d8cdb0197dfdfaf44c4eb7694)
                           - win32profile.pyi (RegularFile, ced054df5d9f6b294c8bcc8692851a40)
                           - win32ras.pyi (RegularFile, 1ef89de1ef5101b335e36306462a0675)
                           - win32security.pyi (RegularFile, 652d5f018a49f5715ad7ba58a9472fe3)
                           - win32service.pyi (RegularFile, 09db6da595fea77e8d3d3281ae24c17f)
                           - win32trace.pyi (RegularFile, b1c920e4580075adc38212f03ee9609d)
                           - win32transaction.pyi (RegularFile, d26cd00b7d197179fcb657561db0758c)
                           - win32ts.pyi (RegularFile, 4a1d82c77d062cee0bd804876072c577)
                           - win32wnet.pyi (RegularFile, 81228daa7271d3e1f786eeddb0c44391)
                           - winxpgui.pyi (RegularFile, d5aa8afb1aee5bd51e7f360166f1ff19)
                         - win32api.pyi (RegularFile, 98b0dff7ca739d7fd816aeed2e5b8095)
                         - win32clipboard.pyi (RegularFile, 10cdc89fc532f28b70985207763f9460)
                         - win32com (Directory, f5d4617ddd5851cf1b93f78100845d88)
                           - __init__.pyi (RegularFile, 157b512bf4c62f21346f254a468dc029)
                           - adsi (Directory, cdc32623dda84674de42636c4cc747c3)
                             - __init__.pyi (RegularFile, 60be67883ca73bb9f7904161db09cb4d)
                             - adsi.pyi (RegularFile, 30f5dc18248f23c1bef688d765485740)
                             - adsicon.pyi (RegularFile, 57386ef7de8007dc3af2e0d6093d426a)
                           - authorization (Directory, fc5ea43d8254588df86e4b380d908f5d)
                             - __init__.pyi (RegularFile, 1c2abdfac1410c806b1d965062823085)
                             - authorization.pyi (RegularFile, d33e8c1d53ba092385334a73ee8afb7a)
                           - axcontrol (Directory, 2f909899382d36f67cdbd4378163bc08)
                             - __init__.pyi (RegularFile, 73e73cc6707ffbc91607ed6d54ed87bf)
                             - axcontrol.pyi (RegularFile, 74ec0befe6b5bfb4cc830b18bf0d5004)
                           - axdebug (Directory, 45830d2825961f3c3b74b89740c51661)
                             - __init__.pyi (RegularFile, 3b92e83c32d8e96bca26080e07f37a31)
                             - adb.pyi (RegularFile, 8e033ddf9b985bff99d1fedf1fa155dd)
                             - axdebug.pyi (RegularFile, 72d2d3154bcd5053853959c06fcc378e)
                             - codecontainer.pyi (RegularFile, c911363240a8874bda817401340637da)
                             - contexts.pyi (RegularFile, 3585e74a58490626cb19dbe4b262e7ea)
                             - debugger.pyi (RegularFile, 3e421aba33c1e63d5559b410126fc524)
                             - documents.pyi (RegularFile, 4156678a4f29d29314e4e59f1468c86b)
                             - expressions.pyi (RegularFile, 20bfdc432ff9d9b35a92e5d44b8f18dc)
                             - gateways.pyi (RegularFile, 05dcf1dbcaaf6823390c8b6a64c43527)
                             - stackframe.pyi (RegularFile, de9068cba3b57b4cf68565c0dd325773)
                             - util.pyi (RegularFile, 6e25d0e805781b7494fecb073767f4ac)
                           - axscript (Directory, a38f01d899e90e23c5378a3da3aaa911)
                             - __init__.pyi (RegularFile, 79d20edd7871562719f56b7b1927210c)
                             - asputil.pyi (RegularFile, 33109fb057b423bbb5d3b6e62de013c1)
                             - axscript.pyi (RegularFile, e9d986e54bb2f6bf823f2140519c585f)
                             - client (Directory, 8738fa111a646ccc7d626660951042e8)
                               - __init__.pyi (RegularFile, 348afd66e4fba272e094d01f44a1c78c)
                               - debug.pyi (RegularFile, 7f7cc868aed1e56f5786c715afa64199)
                               - error.pyi (RegularFile, f9e0048cc484192c36549b692b69ab8d)
                               - framework.pyi (RegularFile, 76ca2f40ec2062178f5c9b5e20c7f78d)
                             - server (Directory, ff12ae2e54a1f952d8213eb16f73541e)
                               - __init__.pyi (RegularFile, 04349202d43fbec1f2c1f78fec097614)
                               - axsite.pyi (RegularFile, 1888d4eadb79a08a075738929a41ca4f)
                           - bits (Directory, c934460214f3bfcc2f0221bec86ddd3b)
                             - __init__.pyi (RegularFile, cb1754f4553edb0d159094615a03850a)
                             - bits.pyi (RegularFile, 1cf2f08bf3ca6098c4b70eb858ed2855)
                           - client (Directory, 826d3ce5769bf14c17c80727cb69d59d)
                             - __init__.pyi (RegularFile, 0482ce89f11e64ddf5e11f8059298fdb)
                             - build.pyi (RegularFile, 772dc26962e6070b1b160da64b228e60)
                             - dynamic.pyi (RegularFile, 746d65c96edbf488548a154ec18a72ec)
                             - gencache.pyi (RegularFile, 0f8566f480e40b532070e040db68a7bf)
                           - directsound (Directory, d3869e8d3f57f0ed3e14342e560b2351)
                             - __init__.pyi (RegularFile, 114844d9e46dcb37c507c37608501a84)
                             - directsound.pyi (RegularFile, 1a8f598a23f4e50c6d25266f55c5e946)
                           - gen_py (Directory, a1bc231b0126f5fc50663a4f6115f629)
                             - __init__.pyi (RegularFile, f571933bb948577b1f9f3076fb8fc7c6)
                           - ifilter (Directory, 329f7f829cda3c353b66188123a2432e)
                             - __init__.pyi (RegularFile, 6b9d8eda7866330631a315ca0f67abe5)
                             - ifilter.pyi (RegularFile, e366a21b83658a9bea298f3248436278)
                             - ifiltercon.pyi (RegularFile, 60d9c6c771511d66f69e4a66ac1975c1)
                           - internet (Directory, 1c2ab0b94db816bbcde7f6ea8800cf1a)
                             - __init__.pyi (RegularFile, 1bead78f6def310c8a8888aea46f994a)
                             - inetcon.pyi (RegularFile, aee405887a275f083b52c2194d294c85)
                             - internet.pyi (RegularFile, 0e13af9486188137af11b7273b534e2f)
                           - mapi (Directory, 2236cb8fe75806636462c63370711333)
                             - __init__.pyi (RegularFile, 3ae51d11831fdd9035411bedafaba2fd)
                             - emsabtags.pyi (RegularFile, bb1856b68755026d83dbef52423fa18a)
                             - exchange.pyi (RegularFile, 509719a25fd3d689e1cd83c75785ee12)
                             - mapi.pyi (RegularFile, cdd527d226662879499d2d0ee8ec9a6e)
                             - mapitags.pyi (RegularFile, 827371f6613100c0e28941ec785a1d44)
                             - mapiutil.pyi (RegularFile, c59e5195d923286e4d01347b0bb3ff18)
                           - olectl.pyi (RegularFile, ac60fcff5a83e4f7ebff32c06337beae)
                           - propsys (Directory, a342438e9188863ec3a2b79b2841f7ff)
                             - __init__.pyi (RegularFile, bf561edb2f3bd20b5b866320a120fb0d)
                             - propsys.pyi (RegularFile, 0f7fafce517aed6d4cdd4287d9bddc15)
                             - pscon.pyi (RegularFile, 69c4e5f254478ec897098d86599dfbbe)
                           - server (Directory, f5384f8cb8857e3cc20300a373d07c25)
                             - __init__.pyi (RegularFile, f571933bb948577b1f9f3076fb8fc7c6)
                             - connect.pyi (RegularFile, ab73ea6b0f1da53e2a003d3b419510ae)
                             - dispatcher.pyi (RegularFile, 7d193bbd1679e5046cd907f17e11fc06)
                             - exception.pyi (RegularFile, f046fe58c68cfbce2cb56e9faaf30d30)
                             - factory.pyi (RegularFile, 571b11adeb8cf6a5c6488b2c39fa5c8e)
                             - localserver.pyi (RegularFile, a88b4a2089b785d3e3816c24bb4d0519)
                             - policy.pyi (RegularFile, d88123647532be48f3860c6787350158)
                             - register.pyi (RegularFile, c864f596402a081686e3c5588dce671c)
                             - util.pyi (RegularFile, 2c3a4d8088a6ea1a1375342d2d5bcdeb)
                           - shell (Directory, 7df1d2e809047188253d6681c8f8b949)
                             - __init__.pyi (RegularFile, a18ab67e4cae9565bc230e945b530cac)
                             - shell.pyi (RegularFile, bb47139d65e2afd1f1420b7ac137c5e5)
                             - shellcon.pyi (RegularFile, 73a4bec2c25d3766eb43de12e7f6e217)
                           - storagecon.pyi (RegularFile, c735f058c60b3592fb90d7f6972d4ee3)
                           - taskscheduler (Directory, 3f6b752815d95ed64de070db3b04fe32)
                             - __init__.pyi (RegularFile, 090fd065c59316fb4a7feabc16b3de1f)
                             - taskscheduler.pyi (RegularFile, 86a5610679ce060d786ceb6390ea0ada)
                           - universal.pyi (RegularFile, d36cc740e3f6bc21772dbfdced60ce7c)
                           - util.pyi (RegularFile, 0fe87df044027f35eebcf0eb5788ad71)
                         - win32comext (Directory, 922140898f82324e37d0f2530c2b6d21)
                           - __init__.pyi (RegularFile, f571933bb948577b1f9f3076fb8fc7c6)
                           - adsi (Directory, 61f8e2d78843196e4ea3541fad13a853)
                             - __init__.pyi (RegularFile, 6ba476ad1e9e3c53f216d5e21d0259ec)
                             - adsi.pyi (RegularFile, 19e4cc73a3fb81c1e655470d4da02a50)
                             - adsicon.pyi (RegularFile, d3d6e8b92f2f8a1aa662b49a27f45512)
                           - authorization (Directory, 24a3ba6e8e3b6df0e25736d8d6023907)
                             - __init__.pyi (RegularFile, f571933bb948577b1f9f3076fb8fc7c6)
                             - authorization.pyi (RegularFile, dbf332f2569460226e8412379690355a)
                           - axcontrol (Directory, ec00631671ae5f15c85b1f56c5048613)
                             - __init__.pyi (RegularFile, f571933bb948577b1f9f3076fb8fc7c6)
                             - axcontrol.pyi (RegularFile, df4bafb181f5866635dd421059cbd776)
                           - axdebug (Directory, 80f7466a6697f8193ca3b3e7c974c7be)
                             - __init__.pyi (RegularFile, f571933bb948577b1f9f3076fb8fc7c6)
                             - adb.pyi (RegularFile, 343e303cc42e5f159dae4d69616be6a0)
                             - axdebug.pyi (RegularFile, 21abfceaed2df3a5292b7322a67fb902)
                             - codecontainer.pyi (RegularFile, cbb3a955267a51c0cbba88e7e4f09d29)
                             - contexts.pyi (RegularFile, f95ff52a26b5b0b61fddf6c9edf5d79f)
                             - debugger.pyi (RegularFile, 39431f13190900972a567442edc99ebe)
                             - documents.pyi (RegularFile, 0692102a40089b5253272c8913f2019c)
                             - expressions.pyi (RegularFile, 8de4dc0be66671983b85c4a5898425b4)
                             - gateways.pyi (RegularFile, b4fa92576e676f908d86e02855707ce2)
                             - stackframe.pyi (RegularFile, a5e2ac865127f31a02124bf85f98c555)
                             - util.pyi (RegularFile, 26219fc0ef8c29da09c477596749dbdc)
                           - axscript (Directory, 1f898fc6ac0412a58357338aed73d8e7)
                             - __init__.pyi (RegularFile, f571933bb948577b1f9f3076fb8fc7c6)
                             - asputil.pyi (RegularFile, 7b0d3628ddf698644fbe9003b2491e78)
                             - axscript.pyi (RegularFile, 5feda15ac0ea20de7f2427beec57cecf)
                             - client (Directory, 99863e808c6b1a20fe81738540ab3a03)
                               - __init__.pyi (RegularFile, f571933bb948577b1f9f3076fb8fc7c6)
                               - debug.pyi (RegularFile, fca0ccde3dd5a797279932849805bce5)
                               - error.pyi (RegularFile, ab1bfb2fe731a7477441bf0c3b5422ff)
                               - framework.pyi (RegularFile, 3fee3df1ad75852c53de550cde720def)
                             - server (Directory, 8983a1f158a456921853c7c4a02d8dc4)
                               - __init__.pyi (RegularFile, f571933bb948577b1f9f3076fb8fc7c6)
                               - axsite.pyi (RegularFile, 80bcb9e38753c31b59e94a80d6ed0cac)
                           - bits (Directory, c517e038ad2639fedb8fe7b410a236db)
                             - __init__.pyi (RegularFile, f571933bb948577b1f9f3076fb8fc7c6)
                             - bits.pyi (RegularFile, 19eb17f5f90c8f5910659ff62676deb9)
                           - directsound (Directory, 6d7500d5f19d8f20dfd7d0395eb64a5d)
                             - __init__.pyi (RegularFile, f571933bb948577b1f9f3076fb8fc7c6)
                             - directsound.pyi (RegularFile, 26d431d0ddd521d9c3deb822bd4690e8)
                           - ifilter (Directory, 6916cfa3f9b6bc7b5cdf2e1c2d8aac82)
                             - __init__.pyi (RegularFile, f571933bb948577b1f9f3076fb8fc7c6)
                             - ifilter.pyi (RegularFile, c20334e8b69fc22db983ef95899d97f7)
                             - ifiltercon.pyi (RegularFile, b8e1e8da9072ce8e6fe8062badd18cb1)
                           - internet (Directory, 1f801419001a31e07f5ce1cb47d4fe6b)
                             - __init__.pyi (RegularFile, f571933bb948577b1f9f3076fb8fc7c6)
                             - inetcon.pyi (RegularFile, 0b95bfc4f831f7dd5d0219bb7d6701ef)
                             - internet.pyi (RegularFile, 5e6679c0d94aeb30ff1fcba1fa06b99f)
                           - mapi (Directory, 2ce9b563b88e1705d56dd70c5984e99c)
                             - __init__.pyi (RegularFile, f571933bb948577b1f9f3076fb8fc7c6)
                             - emsabtags.pyi (RegularFile, 781d72c507b3fa8a455c48bddcb269b5)
                             - exchange.pyi (RegularFile, 55d5f09f6d2973cb25ad5e324b1cc981)
                             - mapi.pyi (RegularFile, bc374f42eadc9c84906b243e74a8c775)
                             - mapitags.pyi (RegularFile, cdb304c1c6ca7835ba94929ea1dee7dc)
                             - mapiutil.pyi (RegularFile, 6f4b2d09f2f0dd7d2c5fc9faf7cfb468)
                           - propsys (Directory, 87b50701373ef13752ba8358f7bdcdf9)
                             - __init__.pyi (RegularFile, f571933bb948577b1f9f3076fb8fc7c6)
                             - propsys.pyi (RegularFile, 24f3c230dc948e715c2948978c298fa6)
                             - pscon.pyi (RegularFile, 1d3637878981b70b584099c542024f44)
                           - shell (Directory, 6803c2ba05d6ac57d81685455b30b5a8)
                             - __init__.pyi (RegularFile, f571933bb948577b1f9f3076fb8fc7c6)
                             - shell.pyi (RegularFile, 00ef47483d6d253d9414588587eb0f92)
                             - shellcon.pyi (RegularFile, 07b920cc389424aec80b581ee578ef92)
                           - taskscheduler (Directory, 1be2bb68de19c48cc2bf7f9091267d86)
                             - __init__.pyi (RegularFile, f571933bb948577b1f9f3076fb8fc7c6)
                             - taskscheduler.pyi (RegularFile, 98f62b3f8abbb76a45306d72db334113)
                         - win32con.pyi (RegularFile, 0c09acef56fb53dc2679878ee29e3733)
                         - win32console.pyi (RegularFile, dc6c36cdad4cc81fd4d251d604a4f8d8)
                         - win32cred.pyi (RegularFile, 7c75c093261aca71c630bb3f4248afd4)
                         - win32crypt.pyi (RegularFile, 2e2953d6fbb7911c44a3b354caa5ac6d)
                         - win32cryptcon.pyi (RegularFile, d2291dc4dd9db8800d7c1816d7aaf200)
                         - win32event.pyi (RegularFile, 441222eb1a601dcc5289875dcf2d7c89)
                         - win32evtlog.pyi (RegularFile, 9e448a835f845f619d7b56fc77a966d4)
                         - win32evtlogutil.pyi (RegularFile, 33b5bdf92379edf530f021aa27fec94a)
                         - win32file.pyi (RegularFile, 454cda6eff329fec30076655042f3e3f)
                         - win32gui.pyi (RegularFile, c628410e1abf5aef967403fb537285b2)
                         - win32gui_struct.pyi (RegularFile, 2cc8e93d30f7fd2a5a6e15be4a54e701)
                         - win32help.pyi (RegularFile, e2cd9c7771b5a856ca9b3800961a3406)
                         - win32inet.pyi (RegularFile, 301a538b97cd6c5eb468e4cebc8bb11d)
                         - win32inetcon.pyi (RegularFile, 96d6e5183fe76557703b96914485ead9)
                         - win32job.pyi (RegularFile, b8bf08ca8b52622abd755f035374a27e)
                         - win32lz.pyi (RegularFile, 54d0f799b3022fef5a537e2032d45781)
                         - win32net.pyi (RegularFile, 8cd8a3dc72ae63baec5cbae148da924c)
                         - win32netcon.pyi (RegularFile, 66db1f3f21d7dd198616a73f9a984817)
                         - win32pdh.pyi (RegularFile, 261ec573c1bf8bef9d8817d61c516bdc)
                         - win32pdhquery.pyi (RegularFile, f617df9332aaa284914778af5d5cc62e)
                         - win32pipe.pyi (RegularFile, 9ee41d53dd027046600a916bc8b485f2)
                         - win32print.pyi (RegularFile, 7b3b42406d07b97be28fd1caeb4ec903)
                         - win32process.pyi (RegularFile, 55413e6804e9cba496e77a0ae3ce84d0)
                         - win32profile.pyi (RegularFile, 5ae199e1098b1dc2a6fd73f8e860adbe)
                         - win32ras.pyi (RegularFile, d314c6303c3f5148c90d09a1bc22f285)
                         - win32security.pyi (RegularFile, e57a2b74d6c99d65fce1decf8115ea04)
                         - win32service.pyi (RegularFile, 5c8f4851c7c2263b3679259c6188912b)
                         - win32serviceutil.pyi (RegularFile, 46954cebe4bb9081ca6c744c15684b6f)
                         - win32timezone.pyi (RegularFile, 10468e1070d191a075230849188bdf3a)
                         - win32trace.pyi (RegularFile, 5bf98311b3714be80ab02b35f036619d)
                         - win32transaction.pyi (RegularFile, a6261f631c35c06cad83d994e5c2c5af)
                         - win32ts.pyi (RegularFile, e36e0c581724b8580a17949e5564b772)
                         - win32ui.pyi (RegularFile, ae479034f6669801517b6f542b838ba0)
                         - win32uiole.pyi (RegularFile, 426e5ed2ee9f08174c0c3a96d4cdf845)
                         - win32verstamp.pyi (RegularFile, 99aa4f7d6d81d50c84ccdd6a2e6e7171)
                         - win32wnet.pyi (RegularFile, 9ca01c3dd82f3d4fc58b7446f53d13ce)
                         - winerror.pyi (RegularFile, 2dead3d0095ef7cb38a499cd4eaaa21b)
                         - winioctlcon.pyi (RegularFile, df1f80e7148af97189375f9de951d32b)
                         - winnt.pyi (RegularFile, 9868d992b8f148e29db6954754aa3d9f)
                         - winperf.pyi (RegularFile, 3f2963cee6b4c5b8142fddebc32689cc)
                         - winxpgui.pyi (RegularFile, 43ceb9bf981fc6aeefd38ee013953bfa)
                         - winxptheme.pyi (RegularFile, 359b5ba909df7de724295a0dbca45432)
                       - pyxdg (Directory, eb028bf4849e4ccc749aee40f4b6e36f)
                         - @tests (Directory, 60355dad93449e93cfba5a434034da7a)
                           - stubtest_allowlist.txt (RegularFile, d09e7735595a4bedeabf4059ce44b72b)
                           - test_cases (Directory, 98f9538698ee081cca99d89483840699)
                             - check_IniFile.py (RegularFile, cddb6a7a18ed7d812fac13e817c77c93)
                         - METADATA.toml (RegularFile, aa97acbad7c1a5224798968aa2171e09)
                         - xdg (Directory, 7625cbd6dcc529be8535bb5af0463cc8)
                           - __init__.pyi (RegularFile, bdb51a1b23683f7ab75f9959834d92a4)
                           - BaseDirectory.pyi (RegularFile, 09ae6733650010dfd73688b45ed2c020)
                           - Config.pyi (RegularFile, d472ea4ac2dbda37515f5c8591e57578)
                           - DesktopEntry.pyi (RegularFile, 413e889a4a40fe7cb79b6fdf0b18ef4b)
                           - Exceptions.pyi (RegularFile, b4944352cc706c7cc63ed6aa27b8225d)
                           - IconTheme.pyi (RegularFile, d2e1d9fe1fc954f8c2b1eb9f5991bd83)
                           - IniFile.pyi (RegularFile, 9afe4c48c1c3a5d50d84672233845b73)
                           - Locale.pyi (RegularFile, ee95ad5ce4762df7b335fdd67295acc4)
                           - Menu.pyi (RegularFile, c2c283138b0d23947b146eec9e0ded80)
                           - MenuEditor.pyi (RegularFile, bcf6eca0dc680c0a439e45f7012f36b0)
                           - Mime.pyi (RegularFile, 71f0c2a170af5e3df93340bec81c5623)
                           - RecentFiles.pyi (RegularFile, 0bf25d8ecf1c3adbccea2dac85f40d0f)
                           - util.pyi (RegularFile, 981664ddc0df54f36db8fb7ce7c04f71)
                       - PyYAML (Directory, bfdd51b18dbfb9d7078d42475f165519)
                         - @tests (Directory, 11f732caef732b819ca1fb8922c087ca)
                           - stubtest_allowlist.txt (RegularFile, cef493e7174d1758db8b538aaba9d611)
                         - METADATA.toml (RegularFile, 6bb54d307b5213ad547461be80ff14f0)
                         - yaml (Directory, e76fcd965a86a1aa823522b65a7cb2e2)
                           - __init__.pyi (RegularFile, 8525a9b8d862d927ce103a25eb3f4e68)
                           - _yaml.pyi (RegularFile, ec126c40dc80b156cb0d0f4a3093b93e)
                           - composer.pyi (RegularFile, 952bd1e3dd3ea0de5cacdfe4b1bd6918)
                           - constructor.pyi (RegularFile, 33457e7eb1d97ff72b17acfcefa94d9a)
                           - cyaml.pyi (RegularFile, 3c4459982996b8b08f1d74fcae8baeee)
                           - dumper.pyi (RegularFile, 97b64da4cb73aa029aa83e122c8b32fc)
                           - emitter.pyi (RegularFile, c87e91c7cdcf8f9a65460abb25a2356c)
                           - error.pyi (RegularFile, 502018047e2a85e299c1b18b41613249)
                           - events.pyi (RegularFile, 3db3281310a800b4f5ffc2b6253f3d35)
                           - loader.pyi (RegularFile, 81aa4938bda3816ba155dfdf3532ddd7)
                           - nodes.pyi (RegularFile, 9c6aa06a25a01ff5aa986ee6b263e1af)
                           - parser.pyi (RegularFile, e5453a1b71ccff01c5fe080b683f47ad)
                           - reader.pyi (RegularFile, c07d4ff8b42c9842b3d663797024aa3d)
                           - representer.pyi (RegularFile, ab360c39ba6678bdd6492f44719d065e)
                           - resolver.pyi (RegularFile, e2903af39b582a74c6676277fb7f397f)
                           - scanner.pyi (RegularFile, 1b614370257b3268c4ddd4773e6615c6)
                           - serializer.pyi (RegularFile, 318fd3784a5baecf1946c1e0daa6c922)
                           - tokens.pyi (RegularFile, fe1527ad6add5c672efa1abc335ce93c)
                       - qrbill (Directory, 553ef455c88667200f272c254e96e855)
                         - @tests (Directory, 28429a4c7830cf097e2a9e96df3770d9)
                           - stubtest_allowlist.txt (RegularFile, 41eaf3a4238a1b7e3f94fdaa73b912f1)
                         - METADATA.toml (RegularFile, aa22404b1ff8d003b28f2f84af289742)
                         - qrbill (Directory, 15ff88d4b45076f3bd0a096445fd80e9)
                           - __init__.pyi (RegularFile, 1dadc99f43828258b37cce3576e6d248)
                           - bill.pyi (RegularFile, 174a30c21448b6ce9ddbc94eaa4cff0c)
                       - qrcode (Directory, 860c36b571cc9dabaa8ea143b3c3f681)
                         - @tests (Directory, 8039180a8e45a8f7e1e4f528ec089bbc)
                           - stubtest_allowlist.txt (RegularFile, 0293b103a013e08ae7eafec2c35ececc)
                         - METADATA.toml (RegularFile, 0340a843e4a441c5c5de6de9a82fde9c)
                         - qrcode (Directory, 76778b54a085469d997527ecaa8ca793)
                           - __init__.pyi (RegularFile, 02e0079c4b01dc089253aed99e6c870e)
                           - _types.pyi (RegularFile, 87655de86add11d0d4fb2d2e139da1f7)
                           - base.pyi (RegularFile, c0e75b541712384f4260816e629c2304)
                           - console_scripts.pyi (RegularFile, 4bf330ff07c4c2554eb52e9d2b9fb996)
                           - constants.pyi (RegularFile, 94bbad6864bfebff8088f99bf5a462d7)
                           - exceptions.pyi (RegularFile, 9f5942147d9ad50b48f3bd3f0632d69c)
                           - image (Directory, f5b713e28049002608c4d900add1cacd)
                             - __init__.pyi (RegularFile, f571933bb948577b1f9f3076fb8fc7c6)
                             - base.pyi (RegularFile, 91dcf6f68658be3cbbf2970dae38bea1)
                             - pil.pyi (RegularFile, bd1438f54853d902c22d6a60640c632a)
                             - pure.pyi (RegularFile, 98bc899f6c790f134714966026205565)
                             - styledpil.pyi (RegularFile, 88c67131509bfb9a0157919c325d8b34)
                             - styles (Directory, 090a24098817c371f3600580a984b73d)
                               - __init__.pyi (RegularFile, f571933bb948577b1f9f3076fb8fc7c6)
                               - colormasks.pyi (RegularFile, 48ae92cd08da2e38db9866170dcd8586)
                               - moduledrawers (Directory, b154544f17de1c3a00032c19d70309ea)
                                 - __init__.pyi (RegularFile, 2b02f28e7a8f5c931d8d6547e532a5bd)
                                 - base.pyi (RegularFile, c2b8566aa692ca5e58125a141a4e3d4f)
                                 - pil.pyi (RegularFile, c164bbbb57f00b65208672508c6fae34)
                                 - svg.pyi (RegularFile, d5f916b4ae13c6d5d14d8522fc7c3b86)
                             - svg.pyi (RegularFile, ecff9052174d3b6a6c602ed222018256)
                           - LUT.pyi (RegularFile, 36a905f6e565d3dbdfe64cc205899787)
                           - main.pyi (RegularFile, f12b040439848f01b1a85736098ac043)
                           - release.pyi (RegularFile, d04365151de903c226ecb9dbc6c12b91)
                           - util.pyi (RegularFile, 6fa1f0b6485259753e8969bd7b660127)
                       - ratelimit (Directory, bd68dce3344f40259950a07c683a7879)
                         - @tests (Directory, a529e448a46cabf1b82c74c914e3e198)
                           - stubtest_allowlist.txt (RegularFile, 33015b2bae227973fd53c44dba1c9d39)
                         - METADATA.toml (RegularFile, 7003c89ae279af5db8ed8518d0a5a08d)
                         - ratelimit (Directory, 546f36efc413045d29c1c798781d4e21)
                           - __init__.pyi (RegularFile, 7e5fc2df32a111c6533b713cbc1c49bb)
                           - decorators.pyi (RegularFile, c6725f1adee1c8e31751633bbc2b91ce)
                           - exception.pyi (RegularFile, 8695747183dbe316318f1727928b5dce)
                       - regex (Directory, 25950b003e6f9921e95a529684c1c409)
                         - @tests (Directory, 4f3660ced404a2c60f485588750cfa73)
                           - stubtest_allowlist.txt (RegularFile, dbf74efbbabcafe72b6307cd740aeb61)
                           - test_cases (Directory, 75bca0c43ad9e443e057fe4d34ce0661)
                             - check_finditer.py (RegularFile, 3f4710723065451310f4ac9a6ca6f970)
                         - METADATA.toml (RegularFile, 897f347b4f1b201f69d0bfb196b3f4da)
                         - regex (Directory, a120919c9d722764b42daf248db290bb)
                           - __init__.pyi (RegularFile, e8da05c4ba0725633e42deb7e3097708)
                           - _regex.pyi (RegularFile, 2398fbd3eefdee96057cc4a0f345d0d3)
                           - _regex_core.pyi (RegularFile, bb4d3883d66096a6505f1d5da3978987)
                           - regex.pyi (RegularFile, b5c4e1abef176242f681901e89827455)
                       - reportlab (Directory, 424228fc2a6445187a68bf36a8e5a48c)
                         - @tests (Directory, 0b601b116f0d8b2a8e49010129d73acd)
                           - stubtest_allowlist.txt (RegularFile, 6618aae94dca7217cb4c4be9580164ba)
                           - test_cases (Directory, ca1feda982c844ebcf23b2ecb73ac978)
                             - check_tables.py (RegularFile, deb724baec4f7f39933b361a0c965aa2)
                         - METADATA.toml (RegularFile, 91a268a8fb98abc3e625265f3f3737b8)
                         - reportlab (Directory, 42683e69e1583279b46acbbd5f5e771a)
                           - __init__.pyi (RegularFile, 2cc89f40d81de6ec93ee2ad2e6692a8d)
                           - graphics (Directory, 51715a10415e8602eaa49a08d252ae21)
                             - __init__.pyi (RegularFile, 6f88e240fab11c80c2e55f98c5de9c42)
                             - barcode (Directory, 15db221034f681a93e3311478356b518)
                               - __init__.pyi (RegularFile, 88b032b333e8173363fe039f60f8d0a1)
                               - code128.pyi (RegularFile, 77650eefd735de6caa73e5306fab03e0)
                               - code39.pyi (RegularFile, e8254aee2f67002548338726979c1666)
                               - code93.pyi (RegularFile, d49ee694bd59c0efe4b7a43a5594ca83)
                               - common.pyi (RegularFile, eed93ff91820f8414d1bfe0b6c2bf1d1)
                               - dmtx.pyi (RegularFile, 3ee0c64b6e7a9da0cd166338737cec1d)
                               - eanbc.pyi (RegularFile, 3f1e99c6f988de8ad7d498b9125c0587)
                               - ecc200datamatrix.pyi (RegularFile, 095bd632df08baf5cecf274541300cf1)
                               - fourstate.pyi (RegularFile, f571933bb948577b1f9f3076fb8fc7c6)
                               - lto.pyi (RegularFile, b66dc47696f9456e8d5a23f251a9bc1e)
                               - qr.pyi (RegularFile, 3f64b278401f726fedbd88ffaa839d14)
                               - qrencoder.pyi (RegularFile, 611afc4a286199a91cad57bb44cc9635)
                               - usps.pyi (RegularFile, 6aef5222fe31abdd2821c13b519355ed)
                               - usps4s.pyi (RegularFile, 9fc92a89c9c94aee3b09380ecebdcdf7)
                               - widgets.pyi (RegularFile, 36365ed43ac5443b426006d03b2610dd)
                             - charts (Directory, 1d8926acfcf763707094c1c7206a7819)
                               - __init__.pyi (RegularFile, 6f88e240fab11c80c2e55f98c5de9c42)
                               - areas.pyi (RegularFile, f9bdb003fa3ed11b5d5cb1e9037b5872)
                               - axes.pyi (RegularFile, 5e1b8b57f886d97ea93324bd54113cef)
                               - barcharts.pyi (RegularFile, d5b0d51aabedd5845c946d7628c5853c)
                               - dotbox.pyi (RegularFile, e02f2dfa03a61f9ca2d1113fb1b7af07)
                               - doughnut.pyi (RegularFile, 70b747d0e614ef1ff41c98fa873cd36b)
                               - legends.pyi (RegularFile, b1b694130a60f10e3d2783d170cfd7a1)
                               - linecharts.pyi (RegularFile, 57e869410965057db3bb5b172e0b73b8)
                               - lineplots.pyi (RegularFile, 36bae889d7bcd698e0d38c3b4d245e4a)
                               - markers.pyi (RegularFile, ad019cc1f8c9f5e56c6e510da4e0f24a)
                               - piecharts.pyi (RegularFile, c48eea558209f3aff5c106118d06d966)
                               - slidebox.pyi (RegularFile, af2961a5040c05952181b69eef1d9b62)
                               - spider.pyi (RegularFile, 0330e5d7c9e3a47765538bdfeb797e0b)
                               - textlabels.pyi (RegularFile, 511b249acdeca89c7802ecdecc7b335b)
                               - utils.pyi (RegularFile, 7722883b9fc331f221d3c9d201b19496)
                               - utils3d.pyi (RegularFile, c568b6e21824759d7fbd6c1de97c2d8e)
                             - renderbase.pyi (RegularFile, cd9887b838276b1f31b040557ed42383)
                             - renderPDF.pyi (RegularFile, 13b4833bca8e80b9b33d853b20b668bf)
                             - renderPM.pyi (RegularFile, 65e8f169e3213281314103a80baae510)
                             - renderPS.pyi (RegularFile, 2aac5b818a59af56e217ac584b3ec907)
                             - renderSVG.pyi (RegularFile, 064a67999862f6088079302d2901d85a)
                             - samples (Directory, 7828b0f28b3e2c2687c9be00c7478163)
                               - __init__.pyi (RegularFile, f571933bb948577b1f9f3076fb8fc7c6)
                               - bubble.pyi (RegularFile, 37395c87e2dd2710037ea7b2a676528d)
                               - clustered_bar.pyi (RegularFile, 893f7b2ff038ae29daa68d25c4ca779c)
                               - clustered_column.pyi (RegularFile, 682180aa74c2b109538a2dbd1b7c0853)
                               - excelcolors.pyi (RegularFile, bc59558dea8e59374916c80bef8eeb69)
                               - exploded_pie.pyi (RegularFile, a9263cbcb50d0d53c53b4de99fe22a7e)
                               - filled_radar.pyi (RegularFile, f5c122c40c9ddee124e35fc2d6f10a80)
                               - line_chart.pyi (RegularFile, 7013a715819f66e995b3ffc2cd536b6f)
                               - linechart_with_markers.pyi (RegularFile, f642346dde06d2e217085e9cafcbcbde)
                               - radar.pyi (RegularFile, 47991c92d33d5cdc8422e43ca419351f)
                               - runall.pyi (RegularFile, ffdf0320786230e2a0712f492e3d339c)
                               - scatter.pyi (RegularFile, 010793ace87672700b3d7a5a5d98f3ab)
                               - scatter_lines.pyi (RegularFile, fa1b9f1fe13405942dfd7204aa21c267)
                               - scatter_lines_markers.pyi (RegularFile, f2026eec8060febfd1c3525845f0af85)
                               - simple_pie.pyi (RegularFile, fc2f8e40f23bd823a4c11f118c031fad)
                               - stacked_bar.pyi (RegularFile, 29560731cc18bc053fa12bba41a0c953)
                               - stacked_column.pyi (RegularFile, d2c867ddc273ebf2b1b81fd6750e5849)
                             - shapes.pyi (RegularFile, cad0a88c96dffaf79cb42fe3edd75381)
                             - svgpath.pyi (RegularFile, de1b6e6a86651b395e9847d984351c79)
                             - transform.pyi (RegularFile, d3056f5d8064af88577dc8cecdfae2c1)
                             - utils.pyi (RegularFile, 6fe7938c745e1a5784fff3dd28d627a5)
                             - widgetbase.pyi (RegularFile, 340f266841eb827d2eaf997c5e39a49d)
                             - widgets (Directory, fe180fa422d65d5053947d4abc7f1a5f)
                               - __init__.pyi (RegularFile, 6f88e240fab11c80c2e55f98c5de9c42)
                               - adjustableArrow.pyi (RegularFile, fe591472c49ae2f2af55b2d764e0813e)
                               - eventcal.pyi (RegularFile, 8641b01c51d27ca744c50b41bf0df68e)
                               - flags.pyi (RegularFile, 71517c594778f77ac47589233def1aff)
                               - grids.pyi (RegularFile, 4ac31f3dae0ccd0fb15de10b2a6d1271)
                               - markers.pyi (RegularFile, e5f70ec22433c120b80a39acd53e02d3)
                               - signsandsymbols.pyi (RegularFile, 5d15a67f71d8fbd5c106ca6293f564e4)
                               - table.pyi (RegularFile, e29005bc63ebc6fcc3056dfc6427956f)
                           - lib (Directory, 68784fbcd856c5b1192e63768b0cc0c1)
                             - __init__.pyi (RegularFile, 86dd1e290f8552ebf328fea240290730)
                             - abag.pyi (RegularFile, 76b9df66ff571770999e35306eda897e)
                             - arciv.pyi (RegularFile, 138eb2664fafa98d43a3c7be5d27b5a1)
                             - attrmap.pyi (RegularFile, 3716588b9a56e4268fef5a8818cc89b1)
                             - boxstuff.pyi (RegularFile, 5c0aaecc4f92b7a12f22a5cb8a967874)
                             - codecharts.pyi (RegularFile, 67aca6ec570a29687e895084cd795949)
                             - colors.pyi (RegularFile, 5ec3e2b9bfa8259b7de2daa70b0c5414)
                             - corp.pyi (RegularFile, bdfe4245110e57f89d4a7876ee7932f7)
                             - enums.pyi (RegularFile, ebd30dd18a609a5b08e0fb40d747f08c)
                             - extformat.pyi (RegularFile, 0a6954d9d6e94266e0066b3b78fe2f8e)
                             - fontfinder.pyi (RegularFile, 9b283c845e842b32081874cdf70edecc)
                             - fonts.pyi (RegularFile, 56358aeca6d7e97be61dd2fb2dca15bb)
                             - formatters.pyi (RegularFile, 09843ca74dc6b99fac4c0f941cec8dfd)
                             - geomutils.pyi (RegularFile, 5879b8935d2e962a0a0aa3694191f276)
                             - logger.pyi (RegularFile, 54a1ad73090a460815641eb72e269724)
                             - normalDate.pyi (RegularFile, 2d5d5022940c4197ffa3ecde67a8b2aa)
                             - pagesizes.pyi (RegularFile, 8881e707e53c40123b646cb91391488f)
                             - pdfencrypt.pyi (RegularFile, 993d6b6c95de1f9bf39bc08dcd8b1671)
                             - PyFontify.pyi (RegularFile, 0bc465f15e7b494d3280049458fcfbb6)
                             - pygments2xpre.pyi (RegularFile, 333fed9b6dae50860aaa770e159fcf96)
                             - randomtext.pyi (RegularFile, 17c088abaea7e3c8b709797c94f07c55)
                             - rl_accel.pyi (RegularFile, 68dfdb6fdffdc3974059b95c2739da85)
                             - rl_safe_eval.pyi (RegularFile, ea6f56da6d038394ca0f3165f2f35e15)
                             - rltempfile.pyi (RegularFile, 99ab3c55b5768c505ca9b79487f317e3)
                             - rparsexml.pyi (RegularFile, 762dd4901ab6c4baac6ee42a297e82ff)
                             - sequencer.pyi (RegularFile, e20b41bf99ad48f296fdfc0496303977)
                             - styles.pyi (RegularFile, e2dfe9edc5cccba4b756afd269252498)
                             - testutils.pyi (RegularFile, 240b5bbd06a5bde75087231aab6e1231)
                             - textsplit.pyi (RegularFile, 3750d5359d88324e7d1242dc4d60e961)
                             - units.pyi (RegularFile, 6d5f93ea4c30ecc207d3a00b61f76ff2)
                             - utils.pyi (RegularFile, 9480be9721ffa27aeb5b01f4e50dde67)
                             - validators.pyi (RegularFile, 4c28e5684b69e5617c36e7b68ba4126d)
                             - yaml.pyi (RegularFile, 2e296ac5e9f16069b5a848a37b30ea12)
                           - pdfbase (Directory, 67b20c1d9122fbfed9aa904d0776e130)
                             - __init__.pyi (RegularFile, 6f88e240fab11c80c2e55f98c5de9c42)
                             - acroform.pyi (RegularFile, 39308fc60651439aae89b6c294ff5d10)
                             - cidfonts.pyi (RegularFile, febc018c2f41b357b544ad6e62fd7394)
                             - pdfdoc.pyi (RegularFile, a8e589f9a0ca7e3c1dbef748bff2a312)
                             - pdfform.pyi (RegularFile, 998754958c72e5c9ee1d6c11e94ee9be)
                             - pdfmetrics.pyi (RegularFile, bce5d6ccf423b05c039a3affdbc8282b)
                             - pdfpattern.pyi (RegularFile, 6199ea05d28fa8f89a40fff86d699443)
                             - pdfutils.pyi (RegularFile, 5fb9b22d432786f974d7768f6f61d676)
                             - rl_codecs.pyi (RegularFile, fa6d8ab0233ed75fb02eb3522adb728f)
                             - ttfonts.pyi (RegularFile, 129385f532502a3de721d95c8628c3e4)
                           - pdfgen (Directory, 80dd87caf64c3783a77fe3bd9a9ca8fd)
                             - __init__.pyi (RegularFile, 6f88e240fab11c80c2e55f98c5de9c42)
                             - canvas.pyi (RegularFile, 13437d86ff86fe8f5b89a20c5aa80479)
                             - pathobject.pyi (RegularFile, 61b1be73da08f912b43dcbfebd6c91a6)
                             - pdfgeom.pyi (RegularFile, 0bf5e21e4228b57f67a9f2eac437d587)
                             - pdfimages.pyi (RegularFile, 46668a1d074e81da9367d83c3827e108)
                             - textobject.pyi (RegularFile, ded10cdc013fee8eb875e6208ae7810e)
                           - platypus (Directory, 83c8f91cf203d0bf6d2df70bba2c762c)
                             - __init__.pyi (RegularFile, fa62d296912fa7ee9b4101a565b68b4c)
                             - doctemplate.pyi (RegularFile, dd70be406144e06c997e13edc2ca31e3)
                             - figures.pyi (RegularFile, 8c855615ee75cdd327f6432cb36ecb26)
                             - flowables.pyi (RegularFile, 573ec53d3828529aee827011aeed02ab)
                             - frames.pyi (RegularFile, a773113d92904f1cecc4af13e21c640c)
                             - multicol.pyi (RegularFile, 06255b22f3c8fb9b99aa43bd239ff092)
                             - para.pyi (RegularFile, 96ee3c1d19163d09ed0f2694edd4ade4)
                             - paragraph.pyi (RegularFile, 8ad218f571db5b5ec24fa83a9e6e97a3)
                             - paraparser.pyi (RegularFile, e3e5b7f25fc2dcf1733be4284719163a)
                             - tableofcontents.pyi (RegularFile, 09668707b914f4991667ee68115a11ee)
                             - tables.pyi (RegularFile, e291fa3a7cc35cd21f1134f9c517685b)
                             - xpreformatted.pyi (RegularFile, 2babb57876d114171656646d8a211faf)
                           - rl_config.pyi (RegularFile, 2edbb09261ba37f1ab1553563b08cd2b)
                           - rl_settings.pyi (RegularFile, 29b38fd453d367b89b92169a94323d62)
                       - requests (Directory, 0f66f969d82c385d981aaf5f7759be12)
                         - @tests (Directory, c64b63eef241ad6cb8342e3da069f700)
                           - stubtest_allowlist.txt (RegularFile, c9f2c635312e67efe28223388430fc08)
                           - test_cases (Directory, 11ed929b231d38efeb114948a6cd6eaa)
                             - check_post.py (RegularFile, c3c498bc6f4e7ae8260a3ca1eb39e85f)
                         - METADATA.toml (RegularFile, 79bfda33aa2f7ed59d183cdfd4b8765e)
                         - requests (Directory, 8a1095214a197e3c4dcf91f469c9f59a)
                           - __init__.pyi (RegularFile, 4e9de63ff3b5d677f7367a894c8e26db)
                           - __version__.pyi (RegularFile, edb6371b7541a5e6c900eac7bae1260c)
                           - adapters.pyi (RegularFile, a103c40eac88848fce7852bb50a9f84b)
                           - api.pyi (RegularFile, ba80e4708c45db9b0b1ef984c38b67a3)
                           - auth.pyi (RegularFile, e33f02826023e6f73c12f11e881c4eea)
                           - certs.pyi (RegularFile, 717f23972a4d71ef856f90dc861a599f)
                           - compat.pyi (RegularFile, 3610459a7805a6abef321938f89af90f)
                           - cookies.pyi (RegularFile, 92bfa4e4087ff913aa15d34c3596f352)
                           - exceptions.pyi (RegularFile, 453cc1994482ce44ac81566e68e597bc)
                           - help.pyi (RegularFile, 256ea3e6ae2687f1e99a6d792bda2df8)
                           - hooks.pyi (RegularFile, 015aa883e6b58846d88d24e5a2abd4c3)
                           - models.pyi (RegularFile, a359f0bf6528638d16c25ca1b11bd214)
                           - packages.pyi (RegularFile, 802428414d9a448d79ebdb3bb52770c5)
                           - sessions.pyi (RegularFile, 6c7a62a6ced64df32982204d9cc6f7a4)
                           - status_codes.pyi (RegularFile, aa0ca7f3cddcf7bc5fa55eaa238ba810)
                           - structures.pyi (RegularFile, e584721c43d7b017d5a4f8cc60f30cc0)
                           - utils.pyi (RegularFile, cb9ef1f7196098ece0436b8082736930)
                       - requests-oauthlib (Directory, c19c42fcac9f9cb3bde9890de10cffa7)
                         - METADATA.toml (RegularFile, cf39836d5aeeee71ce7f192c077c2904)
                         - requests_oauthlib (Directory, 81d78a721f82a1831078d119fc581cbc)
                           - __init__.pyi (RegularFile, d330c476033c7299a3f5a0e1beb7cd23)
                           - compliance_fixes (Directory, 8424698f186610f9ff6e979902d714cb)
                             - __init__.pyi (RegularFile, ff8eb9b546cb06c0af6f4500d565c20b)
                             - douban.pyi (RegularFile, 1bc890c1c927b1ff45e8f6496d569e41)
                             - ebay.pyi (RegularFile, b1b6a80fcafe123ac4ae2bcb2fc76087)
                             - facebook.pyi (RegularFile, 747800e1ddce4cb9a5407e344b204b3d)
                             - fitbit.pyi (RegularFile, e1316d6168688e5172abbcd58acf1e09)
                             - instagram.pyi (RegularFile, d4b7853030ac5cdff1210ef52920c53a)
                             - mailchimp.pyi (RegularFile, 090025c7c93ec9213f65dd8c920d8fd6)
                             - plentymarkets.pyi (RegularFile, 0850e290972f99a2a44aefd84d1894f8)
                             - slack.pyi (RegularFile, 35ac45912f5e6d38619d6e84e333128e)
                             - weibo.pyi (RegularFile, c72ad62a997f90fd62c28390344f4b52)
                           - oauth1_auth.pyi (RegularFile, 8869361cf9868e119955edc2704ccf20)
                           - oauth1_session.pyi (RegularFile, 6791b7761d0f155a8e781e7b14463677)
                           - oauth2_auth.pyi (RegularFile, f136738ec9a5b30de85d88c5c072d7c1)
                           - oauth2_session.pyi (RegularFile, 36a03c079a05e266b60532707a298e4f)
                       - retry (Directory, aff73ea44e984302f90188a83568e2f5)
                         - @tests (Directory, 7e5a61e19512b1dfd10d11947e13c454)
                           - stubtest_allowlist.txt (RegularFile, f7f686d7fd66c75fee564475f8f3e3e5)
                         - METADATA.toml (RegularFile, d60e013c962ab36daa34c6beffc6b2f0)
                         - retry (Directory, bd2c3b5b70596636e3ca0542a3091f1c)
                           - __init__.pyi (RegularFile, 93fa3000a483f502d2507efcbc927118)
                           - api.pyi (RegularFile, ea69e3c5ecf9d98a4211914af34a88c5)
                       - rfc3339-validator (Directory, 2d2e96f08deb240706b6ffb1096864a0)
                         - METADATA.toml (RegularFile, b9a44bae716b6bcb9fc7983127064f90)
                         - rfc3339_validator.pyi (RegularFile, 635905d5b04946ff9667a87d7f12ab16)
                       - RPi.GPIO (Directory, 8b89e587f6a9ee99eaecbaa86d48bcef)
                         - METADATA.toml (RegularFile, 8030995ac70517d9dc102939bf9d941d)
                         - RPi (Directory, 9cc554a21be4f3a8faed4f954ead12e5)
                           - __init__.pyi (RegularFile, f571933bb948577b1f9f3076fb8fc7c6)
                           - GPIO (Directory, 6bfc22c048c0d12b9f49db679e3b1b97)
                             - __init__.pyi (RegularFile, 63138ebb57a2dca2b48bfd5d7a1c878e)
                       - s2clientprotocol (Directory, d538a7362fa2a45248a4c4f122cd97c1)
                         - @tests (Directory, 162ac46fa8c940edb7a7475965e62893)
                           - stubtest_allowlist.txt (RegularFile, 1f8bbdc42bdeddcee587240a3f37d43c)
                         - METADATA.toml (RegularFile, a4bb3da5dbd73c0e6f69d10d2ed70db9)
                         - s2clientprotocol (Directory, e33754cf17389094b50787afb1ec2ceb)
                           - build.pyi (RegularFile, 7e74ef874041f787efcb28d116850b82)
                           - common_pb2.pyi (RegularFile, f04df52bc15cc1949d259e05e396ded0)
                           - data_pb2.pyi (RegularFile, f3b5ac050a033ecb8b30763dc6ee03b0)
                           - debug_pb2.pyi (RegularFile, 0dd785f03f8d1266778ec5b8f44fecbb)
                           - error_pb2.pyi (RegularFile, 97950b71707e9ec334d0d3e475f5bccc)
                           - query_pb2.pyi (RegularFile, b13567637b57517bc8646b597845ef46)
                           - raw_pb2.pyi (RegularFile, 2aa77d68eaba1306758db1a72954a18d)
                           - sc2api_pb2.pyi (RegularFile, 31facd8fe557df08d6247ef1a57f6dbf)
                           - score_pb2.pyi (RegularFile, 6d61bd2e3de3393039c3abafc7ed14b0)
                           - spatial_pb2.pyi (RegularFile, c0a97bd980cf12645392016f57fc170b)
                           - ui_pb2.pyi (RegularFile, dcb701b49dbdd1e8f97d645ec713ebf2)
                       - seaborn (Directory, 89ab08d2529150fdc4454863014ad6b7)
                         - @tests (Directory, 97f55b2a3887c75e67ac844add123259)
                           - stubtest_allowlist.txt (RegularFile, 1b0361639e7e49c9d009841c6db1a067)
                         - METADATA.toml (RegularFile, 3ca3ef326657ed1ee2666e5980d5c726)
                         - seaborn (Directory, a26991969234b0a602f53d30234fa7e8)
                           - __init__.pyi (RegularFile, 59d2e331969b5e1926b10fa4afcbb2f1)
                           - _core (Directory, 3e563267a3606ccb993cc04b21a659fa)
                             - __init__.pyi (RegularFile, f571933bb948577b1f9f3076fb8fc7c6)
                             - data.pyi (RegularFile, 31a7ba6da44a9e856319f6fc5b76bc0f)
                             - exceptions.pyi (RegularFile, c9110c6f903966b4ce0967c0dd4d04cb)
                             - groupby.pyi (RegularFile, bffe30fe45c24eaa7f2d1dadc5b4ad3b)
                             - moves.pyi (RegularFile, 39533e21341fcb833dd5140d8fd786f0)
                             - plot.pyi (RegularFile, 02d53a05b6762721461426dec2f9bb70)
                             - properties.pyi (RegularFile, 8fe4a8249b01216286d079e5275d1cf4)
                             - rules.pyi (RegularFile, 941284574f9fa95f3caaef412c532b0f)
                             - scales.pyi (RegularFile, 11e56689c28ce6d5cacb84b1b172c4fd)
                             - subplots.pyi (RegularFile, 2d1e679eea002616eec857768689ceec)
                             - typing.pyi (RegularFile, 4d59d6fcdc419072fd01a6df331e8000)
                           - _marks (Directory, e1af099c0e96f7d7de72c681a4f0fbb0)
                             - __init__.pyi (RegularFile, f571933bb948577b1f9f3076fb8fc7c6)
                             - area.pyi (RegularFile, 1c338211f6452d55f96504d943f18118)
                             - bar.pyi (RegularFile, f76337ced343cde452e0befcc9a598a4)
                             - base.pyi (RegularFile, 7e60ad654658e8dc768af123a5d21328)
                             - dot.pyi (RegularFile, 6e33948314f98473f23f1ae7ac837dcd)
                             - line.pyi (RegularFile, 53a3d83cdb819c1eb750700ee7184a89)
                             - text.pyi (RegularFile, c922390623faf7e83dcc461b535affe2)
                           - _stats (Directory, 7b8563da78c8a50c99b765ac4edf4c43)
                             - __init__.pyi (RegularFile, f571933bb948577b1f9f3076fb8fc7c6)
                             - aggregation.pyi (RegularFile, e5a6248b457c6fe3edd740f50a36c435)
                             - base.pyi (RegularFile, 6bf442ad6332c67f7c8dc091b22a0f96)
                             - counting.pyi (RegularFile, b0adda3daeda63961b09bf2b623df58e)
                             - density.pyi (RegularFile, d66ce2319cb65df8656f39975fc340ca)
                             - order.pyi (RegularFile, b2449b0d85f9b3dd56716a706d44c3e4)
                             - regression.pyi (RegularFile, 0eab8c6f29d674d02de42492c2885924)
                           - algorithms.pyi (RegularFile, c874887c2b0465714a82a388bd06d792)
                           - axisgrid.pyi (RegularFile, 51d03cd8f7f4a9845793e3aa81ba69e9)
                           - categorical.pyi (RegularFile, 3624029ab21a7c3ff05df64c3f2dc11c)
                           - cm.pyi (RegularFile, 77c33b764b3c1274882801edb8307bab)
                           - colors (Directory, a1bc46fdea1deac6fb78f69e9190181e)
                             - __init__.pyi (RegularFile, 9062e8e5c7068f89d720b5347afb8992)
                             - crayons.pyi (RegularFile, ccfe2f71672c4db7909a935d3a2d0485)
                             - xkcd_rgb.pyi (RegularFile, 6c1d0ec966865b3068d7d2cbd94da927)
                           - distributions.pyi (RegularFile, dbf2cb010c067b5897a2c410821d4975)
                           - external (Directory, 4381c7ea24f1c9af9d24d6c806cdcca0)
                             - __init__.pyi (RegularFile, f571933bb948577b1f9f3076fb8fc7c6)
                             - appdirs.pyi (RegularFile, b5807d5697055b516b5b44c4866299cc)
                             - docscrape.pyi (RegularFile, 75772bc50422a8dc38838b08211739d1)
                             - husl.pyi (RegularFile, 34cbbfd06a32afc3b221cf0864c65d59)
                             - kde.pyi (RegularFile, 037b9147189387145fa6c07fd3539398)
                             - version.pyi (RegularFile, 544cdbf21e6caf21840f1faaf2199eb1)
                           - matrix.pyi (RegularFile, a74adf3ed39c0630a087cf4b0e280231)
                           - miscplot.pyi (RegularFile, 82cc582e79a58fb106275dc3a0a1f154)
                           - objects.pyi (RegularFile, b9ecfb3e98827ab61fa2b71adad30676)
                           - palettes.pyi (RegularFile, 31545abc8b239ea08660fb67d3294235)
                           - rcmod.pyi (RegularFile, 3e47fa8684962728c3e26fc6ff79facd)
                           - regression.pyi (RegularFile, 411d4b1b982d1f264973c620a7ee2f53)
                           - relational.pyi (RegularFile, 24eb149d7fb40612d378235cd8373441)
                           - utils.pyi (RegularFile, 3d9809a21292ac1f823eef5c7abae62f)
                           - widgets.pyi (RegularFile, 7f60c79614db2b6e30624749c9dd1de5)
                       - Send2Trash (Directory, 6ab9d5247f60e0b16ccaac37412d5192)
                         - @tests (Directory, 64f6c94a6797bad20d67e8d387fbdd71)
                           - stubtest_allowlist.txt (RegularFile, 109e89ba2e679c4badfd9bc43fcf5abd)
                         - METADATA.toml (RegularFile, 77473af83067d5fd226c01a562396bf3)
                         - send2trash (Directory, e0bd2acc9a7a9f1c71beca9de79374c4)
                           - __init__.pyi (RegularFile, 0df746f1d3b33462e05bbf315bc9e973)
                           - __main__.pyi (RegularFile, b349bb6d9d79de24b942815ea5073572)
                           - exceptions.pyi (RegularFile, 87b97dc9fe48b800d71649106e456559)
                           - util.pyi (RegularFile, 5466893bdae11417f42428c369f8ecd5)
                       - setuptools (Directory, 741cad71cacaa44c6c8fbad1b3f522e8)
                         - @tests (Directory, f41972211ddcf8dad2015558e111195e)
                           - stubtest_allowlist.txt (RegularFile, 7931d50f3477f4b8d85be3c0ffd95985)
                           - test_cases (Directory, 32f5eb2172cef65b41baeb6a448508a1)
                             - check_distutils.py (RegularFile, f265ddf52cc84bc59bc27f0f8d23b074)
                             - check_extension.py (RegularFile, e63ce4b96a36b76d2907e3c22367b8e3)
                             - check_protocols.py (RegularFile, 790177aae4a7d5cf0560ebedba48a570)
                         - distutils (Directory, da40c7786ea35478d4124f15ecb7865e)
                           - __init__.pyi (RegularFile, 6f88e240fab11c80c2e55f98c5de9c42)
                           - _modified.pyi (RegularFile, 756c753d71129170df011f604a7c79ab)
                           - _msvccompiler.pyi (RegularFile, b09d45d226faca6d66922fee499767dd)
                           - archive_util.pyi (RegularFile, 28a47d1410b3f032a7be8b903b787e82)
                           - ccompiler.pyi (RegularFile, f7f83f803d3ba2bccb6fe367a270ae30)
                           - cmd.pyi (RegularFile, a9e612c180d2eac5e4e91bedd332ee7c)
                           - command (Directory, 2828ccf41c7bbf7462e7c857ceb5528d)
                             - __init__.pyi (RegularFile, 5db28ad92d090a321aef9e3ccf01650e)
                             - bdist.pyi (RegularFile, cd9e570f7876f8a797f5439be5f9d4ac)
                             - bdist_rpm.pyi (RegularFile, 4961872987738b755c75c17416ee1f1d)
                             - build.pyi (RegularFile, 276fc5c7a9083024f85c6ab55cefebad)
                             - build_clib.pyi (RegularFile, f966b1acdbdd9258d9ac11b62615d3bc)
                             - build_ext.pyi (RegularFile, 8adb124ba544f985be4aa1b6024e2d66)
                             - build_py.pyi (RegularFile, 26b7569144d0697f5d4e89d59cae8444)
                             - install.pyi (RegularFile, f45018642d1044ce00ba3a47304e62ff)
                             - install_data.pyi (RegularFile, 50b10ad0f062e8e70a15985390524f47)
                             - install_lib.pyi (RegularFile, 3523440c59edf50b8faa9d12fae0f66b)
                             - install_scripts.pyi (RegularFile, dafbd20b1ba42fa73be4629e0c60a7c7)
                             - sdist.pyi (RegularFile, 9355288c0a6e3074451011334c32887f)
                           - compat (Directory, 35f4bf12dc1cc9e3e4bcaeb214822a18)
                             - __init__.pyi (RegularFile, a3b8391d76c47e4b1c2865668ccfcf20)
                           - compilers (Directory, efb48b0500fbc88a6dd4fed2ebfa1e59)
                             - C (Directory, 7c929eec6b0fc49baaeaae92f3a05612)
                               - base.pyi (RegularFile, 9ff5e04c86338402a67a529b9c4dd282)
                               - errors.pyi (RegularFile, f732c9a023f1e0c8669b2e5579030e3e)
                               - msvc.pyi (RegularFile, 4b2c788be0337c0c8b690d06a6c461b5)
                               - unix.pyi (RegularFile, 725d71921136a8244c787266f50aab43)
                           - dep_util.pyi (RegularFile, 45183dce2a321caf40bdf74967924b49)
                           - dist.pyi (RegularFile, ca6dab04cf6f4130ca7225f80ed66693)
                           - errors.pyi (RegularFile, 45285bc22fab5dff8238c4fcc91e4c73)
                           - extension.pyi (RegularFile, 21fc782f45a383f749f8c30cb712f3be)
                           - filelist.pyi (RegularFile, b01df6247c6db0736fed70d300810123)
                           - spawn.pyi (RegularFile, 774eee9ba7097cc95b608fd42df843c2)
                           - sysconfig.pyi (RegularFile, c5f25e97dfbabb6e4dcd24c9bc0a758c)
                           - unixccompiler.pyi (RegularFile, fa4850c1babf4a9af8cf94f066e68a17)
                           - util.pyi (RegularFile, 1f1d4331631411f763d2727525464f84)
                         - METADATA.toml (RegularFile, 8fb41db495214d4833fa4c9fe798db5c)
                         - setuptools (Directory, 123ea61ca0d84421b6ceb95b9e4808a8)
                           - __init__.pyi (RegularFile, 1ba034cd515b0e4c21f0b49686df9444)
                           - _distutils (Directory, d3086a41cbe57bb3230c7ed4ba999303)
                             - __init__.pyi (RegularFile, 6f88e240fab11c80c2e55f98c5de9c42)
                             - _modified.pyi (RegularFile, 96b17f2d7c08a7554eee7cf98872c8e8)
                             - _msvccompiler.pyi (RegularFile, 9b4f21ce155e02133cfd3ce1e1ed3fbf)
                             - archive_util.pyi (RegularFile, fdc47bf545d8ad628e07079757c1ff85)
                             - ccompiler.pyi (RegularFile, 77d8068575c71d77d5757528365a2d3d)
                             - cmd.pyi (RegularFile, 73476cb15b4e3e837d2f07b30dc573cf)
                             - command (Directory, 90533bfc00fcd1f5129967e790473e78)
                               - __init__.pyi (RegularFile, 905efcdd2ba4da4a411aa178ef4f2107)
                               - bdist.pyi (RegularFile, e32ff95c35c3cc368e174e07dd874f4f)
                               - bdist_rpm.pyi (RegularFile, 4bc309e46b74beb91c9be980dff31ce1)
                               - build.pyi (RegularFile, f5508c86c9a0d498f4b39dbf1eade2c5)
                               - build_clib.pyi (RegularFile, 2f951c5bcdb4a863226e08a2c0650081)
                               - build_ext.pyi (RegularFile, 7c520aa47e0b24163d043a232cbba9b7)
                               - build_py.pyi (RegularFile, e2979bca58bd934b2a6d60395c8e3f9d)
                               - install.pyi (RegularFile, 516f4bb2ad46e9bb5029205f0bda2fb4)
                               - install_data.pyi (RegularFile, e9f57da5b3b1b6b21a97e5fd19d562c9)
                               - install_lib.pyi (RegularFile, b8b75445c5d85bdc4aae26a5fed0eae5)
                               - install_scripts.pyi (RegularFile, c78ee9214a874f9d161f709bb94669a6)
                               - sdist.pyi (RegularFile, b0ce133465e7862af8d69c9439357fae)
                             - compat (Directory, 52cba090191d2545e493b9bb8499d6dd)
                               - __init__.pyi (RegularFile, edcee654f0be10612cac48a8f2a33b44)
                             - compilers (Directory, cf9a2f71f6bd9ec82e79159880d08bec)
                               - C (Directory, f3a1bbb209204af5b2647703603efa47)
                                 - base.pyi (RegularFile, dac32a65b5cae32e6e25e2cbdd595f91)
                                 - errors.pyi (RegularFile, 979c1d3eca10894ba863c5f973c5e80b)
                                 - msvc.pyi (RegularFile, 577e5dfeab5c15b44bde496e6a89682d)
                                 - unix.pyi (RegularFile, edd2f1f2881003f5852c3f2c67ed88ef)
                             - dep_util.pyi (RegularFile, 60afb5d640a771851787b372034a2902)
                             - dist.pyi (RegularFile, d1cd0a297b91b856310c227b732eed9c)
                             - errors.pyi (RegularFile, 7554a551d31edbede550d469368fafb0)
                             - extension.pyi (RegularFile, 92513474d9a8a62fea219ffbaa4bbc6c)
                             - filelist.pyi (RegularFile, 2af1b9f260a06215c38b6b8b55c1f1fa)
                             - spawn.pyi (RegularFile, 38834dfc999b34e46664aec2bc19f4b5)
                             - sysconfig.pyi (RegularFile, daa7e197a660ec8805302e7338bb1823)
                             - unixccompiler.pyi (RegularFile, b1549dc7d56b1dff7bdcdbdec29d6638)
                             - util.pyi (RegularFile, 022bf7fd7f2599d229dc73d8c9f22770)
                           - archive_util.pyi (RegularFile, 04f583c6ee776cf2c773dce45a4a9b13)
                           - build_meta.pyi (RegularFile, f2340d53454ce8203d7aebcd6481ccb6)
                           - command (Directory, 2db84aa910e400ed1db7272af48bbf93)
                             - __init__.pyi (RegularFile, f571933bb948577b1f9f3076fb8fc7c6)
                             - alias.pyi (RegularFile, e005105d48ee62ebf9be032b2654c60a)
                             - bdist_egg.pyi (RegularFile, dc1066972a209406a1d365445c9a3063)
                             - bdist_rpm.pyi (RegularFile, 1973060fc499f4e8ed25a66f249304a4)
                             - bdist_wheel.pyi (RegularFile, 953c84743277598698f25db95f68a707)
                             - build.pyi (RegularFile, 309ae9d7e1df3f3cd0c1619967d7c75f)
                             - build_clib.pyi (RegularFile, bd5301af4d2cab9c5431b98e066a848f)
                             - build_ext.pyi (RegularFile, 2a54f783534d64d0d800142120dc0fa6)
                             - build_py.pyi (RegularFile, 387bf49aa7d6150f90de6dc1d043b82d)
                             - develop.pyi (RegularFile, 3af1b912051952be7cbad7526f803daf)
                             - dist_info.pyi (RegularFile, a25ad7d3f07a38a61dd45a4b4d72c1b6)
                             - easy_install.pyi (RegularFile, 1d39bb879d4433ac103d5e151f8cc958)
                             - editable_wheel.pyi (RegularFile, bd60792412f059667379ff041e7866c8)
                             - egg_info.pyi (RegularFile, bd98606c5434daa670da67693cf015ed)
                             - install.pyi (RegularFile, 3c65d7845c1bdee0670660253ff30db1)
                             - install_egg_info.pyi (RegularFile, b88e216c2a1a2ccf6218aa37128c1177)
                             - install_lib.pyi (RegularFile, 74a5ea0ed227e155bcfb35795f9f6c07)
                             - install_scripts.pyi (RegularFile, c9aac078c3d61bc42533d7ee7885c379)
                             - rotate.pyi (RegularFile, 4a34fa6273bf3d50718eabfbf618dc75)
                             - saveopts.pyi (RegularFile, 51c894a9e7f22784f980df87c2f089df)
                             - sdist.pyi (RegularFile, bb46c348760e140de552fa7054289b12)
                             - setopt.pyi (RegularFile, befe273d2e9574db218145ce50ede019)
                             - test.pyi (RegularFile, 79f0b7b3a2cf7f9af91255bef3278da3)
                           - config (Directory, b6b64b077a74b8e3279b83d98c65aba9)
                             - __init__.pyi (RegularFile, d890e3f7d06094b123f0b35cd5d5a36e)
                             - expand.pyi (RegularFile, 59b3d87642d440fd25b166e40ae0eb78)
                             - pyprojecttoml.pyi (RegularFile, 90f287e9cdd2ca474660e6ceffd29b00)
                             - setupcfg.pyi (RegularFile, 6255f2442be145c051419a5888abab46)
                           - depends.pyi (RegularFile, 1328fe17c113a48c442e86b4749d06a3)
                           - discovery.pyi (RegularFile, 055257016d959dac13052ac3ad3e981e)
                           - dist.pyi (RegularFile, c011ed556d32738561a7a578047d2dc6)
                           - errors.pyi (RegularFile, ed55e276568df25205f36a0362a6d367)
                           - extension.pyi (RegularFile, 090cbbbb2632c3acb2061e89a4277b90)
                           - glob.pyi (RegularFile, 304d8e107406929361047f2457220bc8)
                           - installer.pyi (RegularFile, 2ed669dc95d66f7c3527b35eeb9a9ccc)
                           - launch.pyi (RegularFile, 1d4d1b5ff20f3dd03db6f60cefa07fc7)
                           - logging.pyi (RegularFile, 49288970b56eb5e3720dd29e7f28c0db)
                           - modified.pyi (RegularFile, 9edda3e50150f1797b8db44ff1a8c51b)
                           - monkey.pyi (RegularFile, c7c39d664c5aae7dccded9c0259a0b61)
                           - msvc.pyi (RegularFile, 801daee508a2e62411f12c80cc7685eb)
                           - namespaces.pyi (RegularFile, 4fed023394b459eafcf29c242ad4b237)
                           - unicode_utils.pyi (RegularFile, 52a18dc7c965ca032ef4280ecd2aee4c)
                           - version.pyi (RegularFile, 4f674eb8f556927c4aefa3c7c517cee5)
                           - warnings.pyi (RegularFile, e5d5896be70c2bc5474f5de48959b7e0)
                           - wheel.pyi (RegularFile, d9ec643e64ae410d01eaf889fb813651)
                           - windows_support.pyi (RegularFile, a825c75b285f93ee551631bc51aad1dc)
                       - shapely (Directory, 013094bb8dd281b0eb3fc308d3dae50e)
                         - @tests (Directory, 1edff51912914ef2aa523f15997cf031)
                           - stubtest_allowlist.txt (RegularFile, 90151997438f2f06ca57043c148bcdb8)
                         - METADATA.toml (RegularFile, f5ae108024548f9b273051c37005556c)
                         - shapely (Directory, 8f4cbea289402750b396288b14ab29a0)
                           - __init__.pyi (RegularFile, 7da7dc99b5f6f33096797a4491bd13e9)
                           - _coverage.pyi (RegularFile, 8c9e4e0e017f967a50ba2dffa9a512aa)
                           - _enum.pyi (RegularFile, 9bbac8e103b1be5266bd27dc18008bf1)
                           - _geometry.pyi (RegularFile, b94f07b7a088758c92e4e55a1241f20a)
                           - _ragged_array.pyi (RegularFile, c2447cfa8421bd094b21ea2709cf593a)
                           - _typing.pyi (RegularFile, 2fe4ee6f630d48722776c1f1c6526b5d)
                           - _version.pyi (RegularFile, a75d932219ba22955db023d231e1edb7)
                           - affinity.pyi (RegularFile, a1a7aaa069b5ddaa7699ff400d021499)
                           - algorithms (Directory, 48c30a69eb57f909e2ab0bf9784c83d8)
                             - __init__.pyi (RegularFile, f571933bb948577b1f9f3076fb8fc7c6)
                             - cga.pyi (RegularFile, 72c09a6d5aeb41215c132253dedc2e62)
                             - polylabel.pyi (RegularFile, fcd6effdb10f7877f9d5dc4d52277e5b)
                           - constructive.pyi (RegularFile, c2c40c04d209a561feb50677ef242e88)
                           - coordinates.pyi (RegularFile, 265a0a0d7ad4bec18d88d0c736eaab8e)
                           - coords.pyi (RegularFile, a30b606520649c7c7ebc6e00659db023)
                           - creation.pyi (RegularFile, b18c60ed141a416742d0c4ec01c12c2c)
                           - decorators.pyi (RegularFile, 232cc1b2f9362d4ea29635e9225ff026)
                           - errors.pyi (RegularFile, 4bb8b09996c664f9cbbdee9871608294)
                           - geometry (Directory, 47ed985e620daad0bdfd7509c8bbe11e)
                             - __init__.pyi (RegularFile, 1c6c31e09a99bb91cdf2ad6656ac8f3c)
                             - base.pyi (RegularFile, 39ea640be46655191e63fb4de7c34c53)
                             - collection.pyi (RegularFile, 9ae8ea0978fadc696667ce8ef62e19b5)
                             - geo.pyi (RegularFile, 73f0084ab483ce4205d19f7724ba7125)
                             - linestring.pyi (RegularFile, 3aa5dbf14803251d5f95bebdd1b855cc)
                             - multilinestring.pyi (RegularFile, 46b39c92c1de664a7ff751679da559bb)
                             - multipoint.pyi (RegularFile, d5e78abd7075b797fc95588932ded006)
                             - multipolygon.pyi (RegularFile, 13ec92704d24bcfa0ead5395ecec5f80)
                             - point.pyi (RegularFile, 9ba3bde83d28d629beffcdc2f38c9530)
                             - polygon.pyi (RegularFile, 114c682c2d473ecd1efac2423cc1ea0f)
                           - geos.pyi (RegularFile, 83aad76b50fe851a24cff2dcead0cf22)
                           - io.pyi (RegularFile, 4394cbb3a2b7a232e836c0bf03c941a1)
                           - lib.pyi (RegularFile, 57ea36db2bb81fcf6a3cf4425c2e26b5)
                           - linear.pyi (RegularFile, 87295b665f1fff0524980538fa10bc99)
                           - measurement.pyi (RegularFile, 167bd807d06f49665fd741e24427c6a7)
                           - ops.pyi (RegularFile, 8e6dd24a5de0a784c1af4c8790eb8cbc)
                           - plotting.pyi (RegularFile, 5cc98f5f8e61fb026b118a3869daa7ab)
                           - predicates.pyi (RegularFile, 6b5408860c2c71a99ab13d665a02cba6)
                           - prepared.pyi (RegularFile, f28cb59515c81fade7463ec5272e0973)
                           - set_operations.pyi (RegularFile, 1e9dfd8553e96a829d24f73dfe869ed2)
                           - speedups.pyi (RegularFile, cac2f848778eb0697bb6e40a8e015c29)
                           - strtree.pyi (RegularFile, f952991d9b2e915133b87d8bfaa3b375)
                           - testing.pyi (RegularFile, b6fd4bd25c2171222166d57b82bb62ce)
                           - validation.pyi (RegularFile, aecfd096208773831fdfff240fb652de)
                           - vectorized (Directory, 66712be68289a5289bdb11eb23d4439f)
                             - __init__.pyi (RegularFile, 98d7f78568758e4bb032df0972aa8c5c)
                           - wkb.pyi (RegularFile, eed096020f90a207839bf7956a23c7a8)
                           - wkt.pyi (RegularFile, 6cdb5f8153b6ab1f1db5c8587b061912)
                       - simplejson (Directory, a7becae7f9a74d8eff82fedc826f42a0)
                         - @tests (Directory, 8b2c729ee28b3a0e8508c8aff6eb8083)
                           - stubtest_allowlist.txt (RegularFile, 29863fceb20bc85d8bc80613103faca2)
                           - test_cases (Directory, c0fb17feeca2c068867bafd9a4a7f282)
                             - check_simplejson.py (RegularFile, 87283e106ca6ced635f3abef14abcb7d)
                         - METADATA.toml (RegularFile, 3f4239d418448caf0950620557b00b9d)
                         - simplejson (Directory, efa7b857e94a9bb7eaf78c0b34959588)
                           - __init__.pyi (RegularFile, 420e1aba20c2df776901074b796cfb33)
                           - decoder.pyi (RegularFile, bde78be698573bc28406e54af2424a92)
                           - encoder.pyi (RegularFile, 5a82cbc7b842518044e2675f91d2bc88)
                           - errors.pyi (RegularFile, bb9b1d2e3f08aa1498a4a27fe880b35b)
                           - raw_json.pyi (RegularFile, 9cb6b7ff1a1e13e8fbbfe8224dd5f690)
                           - scanner.pyi (RegularFile, 060f930d1ab1401a86f7761d0512d837)
                       - singledispatch (Directory, 429f00040b4cb1e7c8d590f3be25942d)
                         - METADATA.toml (RegularFile, 8407929ea0a6287fd4d5cec8435795ba)
                         - singledispatch.pyi (RegularFile, bfcf7ee26f7ded8ca91b5e863d2a4aac)
                       - six (Directory, 889c38edce08fc071aad23ee74af2234)
                         - @tests (Directory, 25e0e37cf7543e8d2649fdf8c1320d67)
                           - stubtest_allowlist.txt (RegularFile, 7625bb24a59abc008de1eed39fe3518e)
                         - METADATA.toml (RegularFile, 33ec3c349ac1df0dceb14d638d6e1f5f)
                         - six (Directory, 67842535ec16c70f4a55512b8cda8997)
                           - __init__.pyi (RegularFile, 2a63b97235992ccb2cf81ca1adad398d)
                           - moves (Directory, 6527c8e5320acd00023564df1eb6eb87)
                             - __init__.pyi (RegularFile, e4d1e8a595b7a12446ba226ce10a825c)
                             - _dummy_thread.pyi (RegularFile, 677d23f26fbaf137bef00b7659af0617)
                             - _thread.pyi (RegularFile, 677d23f26fbaf137bef00b7659af0617)
                             - BaseHTTPServer.pyi (RegularFile, 63da24fe4301980f822924122506f263)
                             - builtins.pyi (RegularFile, 526dc97c59a0bdc55845dd2ba6e37454)
                             - CGIHTTPServer.pyi (RegularFile, 63da24fe4301980f822924122506f263)
                             - collections_abc.pyi (RegularFile, 24942526c3ab715e2ab68dc88c2776d6)
                             - configparser.pyi (RegularFile, dc7123e8ff40300d1f2fc90be8e8e2eb)
                             - copyreg.pyi (RegularFile, c47f2cddd2ee3a6734a892069faae1f0)
                             - cPickle.pyi (RegularFile, 8067b8dfc99f778e619c80d5a44b90d3)
                             - email_mime_base.pyi (RegularFile, 1534625cbf9668b2d026a9fcf886f53e)
                             - email_mime_multipart.pyi (RegularFile, 80977c08217c73cb818636b8fb35b793)
                             - email_mime_nonmultipart.pyi (RegularFile, 229c30b5169ed4e3b4348d9ff02f51a1)
                             - email_mime_text.pyi (RegularFile, 6d91d2adfceacbe3112add28aee25dc5)
                             - html_entities.pyi (RegularFile, ae88eb01583dd23acc36dc2788bf207a)
                             - html_parser.pyi (RegularFile, 19acb5c595b7a48c0afc62c7c3a60c0b)
                             - http_client.pyi (RegularFile, 01c5e7236b89298fce4d45411825ffa6)
                             - http_cookiejar.pyi (RegularFile, 514e7fe25e503e789674bc465d1077dd)
                             - http_cookies.pyi (RegularFile, cda2ab72e899d9c28d1b1e71922d0303)
                             - queue.pyi (RegularFile, 1821af0f5a422bbe9abe5dbc9b8b9f0c)
                             - reprlib.pyi (RegularFile, 38487b2d96d396041636edeaffa95a92)
                             - SimpleHTTPServer.pyi (RegularFile, 63da24fe4301980f822924122506f263)
                             - socketserver.pyi (RegularFile, 0aca1f14cc83ff95d5009e6902f40f91)
                             - tkinter.pyi (RegularFile, 3baed869c72fd5eeefe1a13cbc6102a1)
                             - tkinter_commondialog.pyi (RegularFile, ebec7a68b5463945db6c90e6044d2750)
                             - tkinter_constants.pyi (RegularFile, 61066e67b1813eb7a8e8723bd2818636)
                             - tkinter_dialog.pyi (RegularFile, 025d9c1cd9d41ad04e7094159efae2ba)
                             - tkinter_filedialog.pyi (RegularFile, 1d667f8bd4e8b8f2322b0b189c01a32a)
                             - tkinter_tkfiledialog.pyi (RegularFile, 1d667f8bd4e8b8f2322b0b189c01a32a)
                             - tkinter_ttk.pyi (RegularFile, b73a815f5440484a8f9597f281989e0a)
                             - urllib (Directory, 1aa87741e41faf480355765f45d1d274)
                               - __init__.pyi (RegularFile, 865aff457de54b7868739f36a6883ee0)
                               - error.pyi (RegularFile, ca04214a5cbb94c23741fcdbca8f4379)
                               - parse.pyi (RegularFile, 38301544b73477b804383d7eac3ab16b)
                               - request.pyi (RegularFile, 0d8cc88db200a8497cdbbdbbb54d7569)
                               - response.pyi (RegularFile, 382e8b6d887fa908cf175435fc481835)
                               - robotparser.pyi (RegularFile, c88cdb91f2a989ee02cd50a2ea377c6c)
                             - urllib_error.pyi (RegularFile, 8c5f8d70c39ea81d15d53890bf6760df)
                             - urllib_parse.pyi (RegularFile, 4f7cef76d1f71431764ba82a13c0b2ba)
                             - urllib_request.pyi (RegularFile, dfd813b111046d934a4d0970f498f3e5)
                             - urllib_response.pyi (RegularFile, 3adae4764816cba12c5f159e90a45d36)
                             - urllib_robotparser.pyi (RegularFile, 0024f7454cbf150483faaacc0b8084d9)
                       - slumber (Directory, 8adbd96a146d09762b10d54e3db8acc6)
                         - METADATA.toml (RegularFile, 1308b7b095c9d63436da2dc9bcf7f5fa)
                         - slumber (Directory, 9a2286b4d0e0e6726b8e00bd35eed436)
                           - __init__.pyi (RegularFile, c5cc3b341ef9fc05f77df8d8ec92b6db)
                           - exceptions.pyi (RegularFile, 01ef93b94b6fb6bbbb44465fe5fb84e9)
                           - serialize.pyi (RegularFile, eec1fb650c4cbdd18f3fce0ae17ddc7f)
                           - utils.pyi (RegularFile, 9928d5d7e06fba2267ace694c1190a29)
                       - SQLAlchemy (Directory, b457cf10f14ce384a0a0026c383ef4ea)
                         - @tests (Directory, 7e5615e971bf217115abba500c233182)
                           - stubtest_allowlist.txt (RegularFile, d36b3f1f38b0c64d1811afebd96a314e)
                         - METADATA.toml (RegularFile, 4526578b16e4698e14e7434cde49866b)
                         - sqlalchemy (Directory, 60b99bffb87e2bf575e6f421a813c2b3)
                           - __init__.pyi (RegularFile, ab1a68a40194800cd685ecc4b31ec2ca)
                           - cimmutabledict.pyi (RegularFile, 5d94bb1b7c99799d4cb4ac1b01fe934a)
                           - connectors (Directory, 81d21260b367c18104321452e4d367fa)
                             - __init__.pyi (RegularFile, 55373c71a93e9408b212b2dfda97c021)
                             - mxodbc.pyi (RegularFile, e2e89b246a48566b3988cc7c450897f2)
                             - pyodbc.pyi (RegularFile, caa1540cd0285e52e570f594e57d567b)
                           - cresultproxy.pyi (RegularFile, 3e0d01487d2abdba6bc46f14acb006be)
                           - databases (Directory, 8a942d3e799c1ee76dbf0122b70972af)
                             - __init__.pyi (RegularFile, c74baba3dec9c9d5d7012c15ff9e223c)
                           - dialects (Directory, 2219fb5eead41633e1e17d756299fb5e)
                             - __init__.pyi (RegularFile, 2eb9b1c67e4aa254f40a8d6fd9dc2324)
                             - firebird (Directory, 8f65ec8c1d267a52bce29baa57eb16fe)
                               - __init__.pyi (RegularFile, 0363bd800eb33bb7b7f09505ef2aa476)
                               - base.pyi (RegularFile, 221798b7bd45486a020b2bb66827c91a)
                               - fdb.pyi (RegularFile, 0a0776c9515d251fba74febcccf109be)
                               - kinterbasdb.pyi (RegularFile, b83c2d7e0303b5973f76310400a1590e)
                             - mssql (Directory, 14c9071aece52f9e43a9de740c610c8a)
                               - __init__.pyi (RegularFile, f5e1bf55f43553babcfad85e08d5166b)
                               - base.pyi (RegularFile, aa989b36f70e9fe4ebf86c770d4634a6)
                               - information_schema.pyi (RegularFile, 8d667c3e4a7c76dc5b08e1fcaf1caa6c)
                               - json.pyi (RegularFile, 7608de13f31e3ef54fc8cb7e87b364f6)
                               - mxodbc.pyi (RegularFile, 88c40f4c0a0cac2b5045778432ce06ad)
                               - pymssql.pyi (RegularFile, 97e29fb60805e0bc425aced8ed5f98f1)
                               - pyodbc.pyi (RegularFile, bb37d98f67ff4604ca952fa0c6288ded)
                             - mysql (Directory, 10c7b1b183196cec1703f63f83ab4fc5)
                               - __init__.pyi (RegularFile, df789c1cde147ae97d5ebb92bae8147e)
                               - aiomysql.pyi (RegularFile, e0d1aad915f7dcf1127d7f92d34ee574)
                               - asyncmy.pyi (RegularFile, 8d0457a06af1cdd3ba9c454c02ddc706)
                               - base.pyi (RegularFile, 25efdaaa19bbd7a984e0d019eb175d05)
                               - cymysql.pyi (RegularFile, 5d2dbbb2ae36d2fa9af7e26eca638f58)
                               - dml.pyi (RegularFile, 9bb83939a39a46f43c4ea57dff1f2267)
                               - enumerated.pyi (RegularFile, 383af485349e3c4df17f3bb3cd1b2998)
                               - expression.pyi (RegularFile, 26b9b0ae61314eb402e0270d2f4baa0a)
                               - json.pyi (RegularFile, 4db41e4c2d3381b1bc37aaec0413f6b8)
                               - mariadb.pyi (RegularFile, 575c94b25eae32b71cfd4b16cc4ae28a)
                               - mariadbconnector.pyi (RegularFile, 4e76ba86fee0e467a2064ebe45e58d5d)
                               - mysqlconnector.pyi (RegularFile, f6ca275c8b9d8ac31d9ca2c0cc8d2176)
                               - mysqldb.pyi (RegularFile, 865cfdb3ef4a7e97b039429d39361291)
                               - oursql.pyi (RegularFile, ec5d4d75ac79e594fbc916dc6d32bd9b)
                               - pymysql.pyi (RegularFile, 69013561862918bcc27813878cc405ce)
                               - pyodbc.pyi (RegularFile, 1a169683f7f7b6d1e763334a198ef61d)
                               - reflection.pyi (RegularFile, be4ab902534694b4aa25a836dd656411)
                               - reserved_words.pyi (RegularFile, 2b32754e3dc18a28a65981751f746a6c)
                               - types.pyi (RegularFile, 2a042d7ef4a030e9aadffc0dd1dd404b)
                             - oracle (Directory, 67162f50695742e09e0e02aa2ad80af0)
                               - __init__.pyi (RegularFile, 7fd709058abb263339a64ac23ae1476d)
                               - base.pyi (RegularFile, 2389e5f8b442b3ebd1b65b0a4fb5ccb6)
                               - cx_oracle.pyi (RegularFile, 87f34fd33a7dc6a3b75a1581a278757a)
                             - postgresql (Directory, c077134313256b3145dd46145087fd9a)
                               - __init__.pyi (RegularFile, 943abdec1a16f693b4b31231aa1af953)
                               - array.pyi (RegularFile, 8455790a7390c0cd63f00abdaba2b02a)
                               - asyncpg.pyi (RegularFile, ac4265d0e9ab15166565fcadc1f7444e)
                               - base.pyi (RegularFile, c7013b03d2e7303c0768c18312dbe199)
                               - dml.pyi (RegularFile, c36e2d6dc506e578d8ead2179b381129)
                               - ext.pyi (RegularFile, bd22bf288c353db816158f6afd7fafd1)
                               - hstore.pyi (RegularFile, f6152cacd38b59fa37aa03a0879f890d)
                               - json.pyi (RegularFile, fca255e4582af77e5d29c59b787816ad)
                               - pg8000.pyi (RegularFile, d55e45058a9dc53ef760376aae902059)
                               - psycopg2.pyi (RegularFile, e2513b5b88198bd824604023e538b000)
                               - psycopg2cffi.pyi (RegularFile, 19fdd4e9544b76a787cc18acf26203db)
                               - pygresql.pyi (RegularFile, bef995c3d430701880044e06ac0f645f)
                               - pypostgresql.pyi (RegularFile, 912ec553ed858441dd42493bdb344249)
                               - ranges.pyi (RegularFile, c066364da530b282e8ab7c8f94b359a0)
                             - sqlite (Directory, 6fe796471ab005883b6fe395eb2518d4)
                               - __init__.pyi (RegularFile, 39c7b0814b5360e89d82467b6e0e3bed)
                               - aiosqlite.pyi (RegularFile, bab0919dce2fb0f440cdfb55a490d190)
                               - base.pyi (RegularFile, f1be1a12617382e7680d235d784d9179)
                               - dml.pyi (RegularFile, a8108b4a8fb96e37b7e000af2d2899e8)
                               - json.pyi (RegularFile, 7608de13f31e3ef54fc8cb7e87b364f6)
                               - pysqlcipher.pyi (RegularFile, 663070c1464ab6bf126bcbc05c6675a9)
                               - pysqlite.pyi (RegularFile, 2bab2289f530d5198a3fe7fb7852dc18)
                             - sybase (Directory, fc2e3f7a28ef9158e78b408557f159c9)
                               - __init__.pyi (RegularFile, c78c41a201fb78f0e4192615a1500816)
                               - base.pyi (RegularFile, f6dc27f2f099055287645a6eb3f8f3f1)
                               - mxodbc.pyi (RegularFile, 643a03918a5d931b0372a806bc6f11f7)
                               - pyodbc.pyi (RegularFile, 56f6adff3ce2241d134884fafba5f61a)
                               - pysybase.pyi (RegularFile, c23f3e2a61f288bcac70f2b0a7797fb4)
                           - engine (Directory, 026a02d08a8fa29ffde8e392fce3858f)
                             - __init__.pyi (RegularFile, 918bd336b92c56093e691ea88c7cd2c2)
                             - base.pyi (RegularFile, 3935a46db745ba6b15f86b9950e5be27)
                             - characteristics.pyi (RegularFile, 8180e5ac7c753a725b9fc816ddf36420)
                             - create.pyi (RegularFile, a57d972b6fa2184d3caf379be42912c5)
                             - cursor.pyi (RegularFile, 775c2b193e8c22809273cdcc3953c0ae)
                             - default.pyi (RegularFile, 5fb51f32aee008a4afab6dfd4e3807c2)
                             - events.pyi (RegularFile, 9b02753ac247c6060516e26d803d28ef)
                             - interfaces.pyi (RegularFile, cddd59edd6186e50bc36d020615cccd1)
                             - mock.pyi (RegularFile, 947897a2217f2f69680cab07d15150ab)
                             - reflection.pyi (RegularFile, 5b86589ccb213b6988478c0846f012d0)
                             - result.pyi (RegularFile, 4319ce0ed67bc2d4f924a5e7cafac92e)
                             - row.pyi (RegularFile, 513d16f45a25cc159e20db16d468f1a9)
                             - strategies.pyi (RegularFile, d4c4ba0de9435bfef66c0240988fd3bd)
                             - url.pyi (RegularFile, 907cff9d57e209d2274642ba71f2d6b0)
                             - util.pyi (RegularFile, 5aefb832402ffe69dba747dc97c7b8f7)
                           - event (Directory, 95478111e4af3ea19af8c1866bde2dcc)
                             - __init__.pyi (RegularFile, 2ce09df62f0c2b801a157e04acd247a1)
                             - api.pyi (RegularFile, a712588cf31748a6567274a27cc2bb05)
                             - attr.pyi (RegularFile, 4e75cbbef0a3d01c34409b4c29a44aaa)
                             - base.pyi (RegularFile, 3192d36a97e98d29b267cd4d203299cd)
                             - registry.pyi (RegularFile, ca0bd189581dba7686e30f591d45712b)
                           - events.pyi (RegularFile, 24daea49ee3f0b3904a98b0acb7c4e87)
                           - exc.pyi (RegularFile, 9ce8570a2f85a1e830a50147997b2c38)
                           - ext (Directory, b8c404f10d553ca370b5fc2478415ec9)
                             - associationproxy.pyi (RegularFile, 74e27022c8ccba7f386885f4cfee0501)
                             - asyncio (Directory, fd9b4f1de1f3c0507e9e9998c88413a7)
                               - __init__.pyi (RegularFile, ce80a0b80d00d441d89c97d21735e16b)
                               - base.pyi (RegularFile, 5b58f04abdcc4cf359d8b2f4c71d84f9)
                               - engine.pyi (RegularFile, dc8780503644d60e696f4ac779d006fd)
                               - events.pyi (RegularFile, 0dc4f38b85b2c8c4ed1f0ed8b501f9bc)
                               - exc.pyi (RegularFile, 017f3e7f9b1e03ca9561c05061229386)
                               - result.pyi (RegularFile, 5574ea9b03c2f76bd227a9e5dd22fd46)
                               - scoping.pyi (RegularFile, 4822b57d3bbcf8849c6b46b0e4750ce7)
                               - session.pyi (RegularFile, bf277124a2ade6dc635632cd13c9122c)
                             - automap.pyi (RegularFile, d6daad9f779d7ba4e68a0a2d598de7ea)
                             - baked.pyi (RegularFile, c74e9aa7b76e2ed60efcf085f59c7a07)
                             - compiler.pyi (RegularFile, 55ed8ce5bcce9f4cb4361edbcfb52a63)
                             - declarative (Directory, f86757c43217a2f07b2ee8850915ccf4)
                               - __init__.pyi (RegularFile, 597d8da5317e3012f5bf69cc956d6659)
                               - extensions.pyi (RegularFile, eddbe67f4356a9dc3a78496d67574e93)
                             - horizontal_shard.pyi (RegularFile, 0246e8ad214f10d07978d91e49fa1bbd)
                             - hybrid.pyi (RegularFile, 0294924e753e3ecb478673e6cdaf4d9b)
                             - indexable.pyi (RegularFile, 06e0f9c248e0e45fd3abd46e82730e7f)
                             - instrumentation.pyi (RegularFile, 51ac13c75e3402b215d860be4dd4f1d8)
                             - mutable.pyi (RegularFile, b18c66f28b98168af30e8896b040743d)
                             - mypy (Directory, 6cdab765e070378a98ec4dc467406694)
                               - apply.pyi (RegularFile, e6dbe25ebf3763d624c70aaa0729f461)
                               - decl_class.pyi (RegularFile, 3700efc5557c184edd253d9e867b11c3)
                               - infer.pyi (RegularFile, ee549b252d5de2a0ab1c54e878aa381c)
                               - names.pyi (RegularFile, cad39ab51229682079c64156ef5bc527)
                               - plugin.pyi (RegularFile, ff6068b2e4f8327c68d796df81974d33)
                               - util.pyi (RegularFile, a54dfa6664b0957e90c936e1aebc5151)
                             - orderinglist.pyi (RegularFile, 61235622889e9dcc4d94875102b0dcdf)
                             - serializer.pyi (RegularFile, f8d93f1434126e380624b08ccd75c986)
                           - future (Directory, 8f9ed6bc7d8cefd642cc548f1534f579)
                             - __init__.pyi (RegularFile, c69dc7ebc9492ce5ee9186b96da8d6ab)
                             - engine.pyi (RegularFile, 15f1e92636980622667ae87e95b6dcbd)
                           - inspection.pyi (RegularFile, 6567d0e5e489a9d13639770a4caaf406)
                           - log.pyi (RegularFile, 2b7b055e345d2528658a181b79bd7079)
                           - orm (Directory, 279ed4697e3fee45e4f981b2063587f4)
                             - __init__.pyi (RegularFile, f93cb32714e5281a39663b8ebeb896e0)
                             - attributes.pyi (RegularFile, b04d2c6cf360e5851a1aa793abf250f6)
                             - base.pyi (RegularFile, e3d641eeb582c78a6552971a4474c856)
                             - clsregistry.pyi (RegularFile, e8119aa40d4d49d8da78bdfe7505eb35)
                             - collections.pyi (RegularFile, 1084049260324ae571e3a82c5c107ea3)
                             - context.pyi (RegularFile, d71d53b6bba047617282dae3960c9bd0)
                             - decl_api.pyi (RegularFile, 9010d67516c409758fbadc312b0e69ae)
                             - decl_base.pyi (RegularFile, 129eed27fd79d81046f3e334e6b56425)
                             - dependency.pyi (RegularFile, d19744ab60b079551c257a4d05376747)
                             - descriptor_props.pyi (RegularFile, 66c3cb6006b5bca0398687e6cf66f52c)
                             - dynamic.pyi (RegularFile, ed7836c3002be4efc72872c246b249a6)
                             - evaluator.pyi (RegularFile, 3595ac508b6c6e42a5528e3d39bbd117)
                             - events.pyi (RegularFile, cb35eb41d6f6ac5a6bb2a93e3f519043)
                             - exc.pyi (RegularFile, c996a0609e183372e30ef3d7a6dbbd57)
                             - identity.pyi (RegularFile, f92dcd7eeb799a6d256e271ea15173f0)
                             - instrumentation.pyi (RegularFile, bea5fe13d06b718c960f57b43a0cb90b)
                             - interfaces.pyi (RegularFile, c112dd59d203256e23bb9d64874cc034)
                             - loading.pyi (RegularFile, a92753b019654e3d830ed4404687e681)
                             - mapper.pyi (RegularFile, 24ac66dd27df5cbbde4afd810d9f7e89)
                             - path_registry.pyi (RegularFile, f739ed25064cd5bf4fa9d2ca162d0b8c)
                             - persistence.pyi (RegularFile, 4c18bf8f432cb596df75ab2e89d19565)
                             - properties.pyi (RegularFile, e743d16b2f65957cfb916677d0afe11b)
                             - query.pyi (RegularFile, 0a2fa84240bd3ba911b28e0795dfd7af)
                             - relationships.pyi (RegularFile, cd21c63affd27d6c152cd9b92ec425d2)
                             - scoping.pyi (RegularFile, c4bfa66a99f83e11ad98a60d48a7e438)
                             - session.pyi (RegularFile, c1224011af6b3eb604e3930caa9f46b9)
                             - state.pyi (RegularFile, 2800e5ed9332437a7a7a2315994de0c4)
                             - strategies.pyi (RegularFile, 16d19b96f34ab34808cd011d986e93fa)
                             - strategy_options.pyi (RegularFile, 64545e06d992ba51cdd31108b90d462a)
                             - sync.pyi (RegularFile, 3f22dd348045a6585d45258c218434ff)
                             - unitofwork.pyi (RegularFile, f9ecfdeec507d9b4e6f17a06355bc154)
                             - util.pyi (RegularFile, 25ae33bfbc46baa2b6976ae3800ab3fa)
                           - pool (Directory, e6979dc9f37b41b0090193784f9167a5)
                             - __init__.pyi (RegularFile, 6bb24f64816c3aa356a42a40b84f9002)
                             - base.pyi (RegularFile, dd28d0a8f3c099672569601c08f4567b)
                             - dbapi_proxy.pyi (RegularFile, 7b0404155d3ac259109515df4e286da8)
                             - events.pyi (RegularFile, 02f4b16f47dfb0529493182f635c31a1)
                             - impl.pyi (RegularFile, 1f2c5e6b1004659f104148ee1ec9318d)
                           - processors.pyi (RegularFile, d02eeb61a51ada78d103b6113bcfbf76)
                           - schema.pyi (RegularFile, 8339751ef4f3822ec8c4b45300c0fb4d)
                           - sql (Directory, fd6428e49699a9a5f5c197c90f3e7d8c)
                             - __init__.pyi (RegularFile, e5da6c44e5334c97ad442dd666ae0c96)
                             - annotation.pyi (RegularFile, d1ebe386488e769327699786b79f2a9b)
                             - base.pyi (RegularFile, 356bdba661dad6f02f742d37e67e7697)
                             - coercions.pyi (RegularFile, 419449d37c5cd775337900366b3c7761)
                             - compiler.pyi (RegularFile, 41b88badf41d3fb41ca89c66a6f48738)
                             - crud.pyi (RegularFile, 95b94fc9caa0195ea297347798e71d27)
                             - ddl.pyi (RegularFile, 8a2f48a55cda785be0eaa8d5219d7b6a)
                             - default_comparator.pyi (RegularFile, f0adf07ad94d679c2181a0aedcdcd9d4)
                             - dml.pyi (RegularFile, 0f14535c8a290965f8e5b75e1119b49e)
                             - elements.pyi (RegularFile, 261191a0c75171ec2ee590db91e67b28)
                             - events.pyi (RegularFile, 2ceb59183ecba669f4324e3d8ee67fa9)
                             - expression.pyi (RegularFile, 35a6c64404430c38c3165c49d65b60d6)
                             - functions.pyi (RegularFile, 890633014a30346c484ad7d914663185)
                             - lambdas.pyi (RegularFile, 7a4fdf83880dc87da5824b7e76bb8fcc)
                             - naming.pyi (RegularFile, 25800935eb5d8ce35f1c0e4f7251af43)
                             - operators.pyi (RegularFile, d33f9e42f303c142198ba4d469117f5c)
                             - roles.pyi (RegularFile, ea8904382067532d2bec598736125174)
                             - schema.pyi (RegularFile, 54672a979214b7f2c6b4fd2f186b6b65)
                             - selectable.pyi (RegularFile, bea534f98331b93f6bda0f2e17d72d1c)
                             - sqltypes.pyi (RegularFile, 2c98dff32d0e719bbcd32463959bc5f0)
                             - traversals.pyi (RegularFile, 0f81c9dcaaf90aea0810ce5a236c0c76)
                             - type_api.pyi (RegularFile, 4c86c3167ebaea7bc8a833a3fa050639)
                             - util.pyi (RegularFile, 629de1d101ffb479979e56b2a52e0099)
                             - visitors.pyi (RegularFile, 05615bd3202f8d48e4f15d92eae06e4b)
                           - testing (Directory, 745a5c7a852722e1d4e070b7a920209c)
                             - __init__.pyi (RegularFile, 354dce6f6da60fd6c8c4217bdad866b2)
                             - assertions.pyi (RegularFile, e031a4f5cbbd0111a7c6c3f7079fc911)
                             - assertsql.pyi (RegularFile, c71422916f60c20d94f3cbdba5fecdf3)
                             - asyncio.pyi (RegularFile, 19f7c0520ffdd326159265bfb1c3be47)
                             - config.pyi (RegularFile, cf1f92662ae989c0f07c3069b44ccc27)
                             - engines.pyi (RegularFile, 69a6f480fb0976c67d5a1a3e372432ec)
                             - entities.pyi (RegularFile, d8db3d413e28aadc1b9ac25b5d7369c4)
                             - exclusions.pyi (RegularFile, eaa4a8a55e35afa94dd95c66361c1d3b)
                             - fixtures.pyi (RegularFile, f79a3d64393679987fc1d39521f87d6b)
                             - pickleable.pyi (RegularFile, 20c9caf0e2350cfedbd5aae6074faa60)
                             - plugin (Directory, 096fe72013604efadb32d467dc593f02)
                               - bootstrap.pyi (RegularFile, 5991a2199cc334d070b86b65453efcca)
                               - plugin_base.pyi (RegularFile, 64614f0e37cef29952f43a822cfd41ac)
                               - pytestplugin.pyi (RegularFile, d828c303bbd32c37550b71ad7fed800e)
                               - reinvent_fixtures_py2k.pyi (RegularFile, dac2f9049e3f7826698fc96b2e830814)
                             - profiling.pyi (RegularFile, 0a8ef1bf8dec6180c411b2be4c150b4e)
                             - provision.pyi (RegularFile, 3f58e35b99f9eee5c33570bf69d6e274)
                             - requirements.pyi (RegularFile, f639e2d267aa0a90d83e64097994c430)
                             - schema.pyi (RegularFile, d674a7b0b7cc129129b4b5d1a75a9d24)
                             - util.pyi (RegularFile, df8f8b8b13a903d5f00f8252c56eba15)
                             - warnings.pyi (RegularFile, d3bc3610d4efb16bb19f2b84b6caed81)
                           - types.pyi (RegularFile, e73bcc17aab3f16c1e3207fa56024ab0)
                           - util (Directory, d73e622e729c56c7be524267f506dc4b)
                             - __init__.pyi (RegularFile, 9ced87f70de38cdd4052c3b2e7fbb771)
                             - _collections.pyi (RegularFile, 7e639d93fbbc3392725f21e518692c96)
                             - _compat_py3k.pyi (RegularFile, 74085345af18f0d3c05fbf884d01165d)
                             - _concurrency_py3k.pyi (RegularFile, 43226d001c4888fc3f02771a7b15c03b)
                             - _preloaded.pyi (RegularFile, eb38c01a7d70c2853f5ccee39472541b)
                             - compat.pyi (RegularFile, 39a5f7f94b74a141687d55bee0d11fec)
                             - concurrency.pyi (RegularFile, 5e92cb4225d99e1441415f8ef5d8713c)
                             - deprecations.pyi (RegularFile, b4ff25b82fb9a8595f1f2eb6a548741b)
                             - langhelpers.pyi (RegularFile, f0133e964fbd572df0d04cbafb44adc1)
                             - queue.pyi (RegularFile, 5763ec44794b231bde19d6dd99a53ad5)
                             - topological.pyi (RegularFile, 967adb31ad7f65ea18095e3b3bb4dcff)
                       - str2bool (Directory, 43999f8b1154c0153c48cfa7d40005da)
                         - METADATA.toml (RegularFile, a4c9477762b901860a347a5a3e91eb15)
                         - str2bool (Directory, fc6dd06064024db841221bb93166223d)
                           - __init__.pyi (RegularFile, 6b3432e76cb1a756d8ded32827bc87ac)
                       - tabulate (Directory, 53d251f28e12385d5713dbb19297c1b1)
                         - METADATA.toml (RegularFile, e0a1b09fe7582ba0d0dbf2db3755a08b)
                         - tabulate (Directory, 36490499fb43f7b6919e3474a536a820)
                           - __init__.pyi (RegularFile, 888ba2e972a65e4bab4e0de83d4904c9)
                           - version.pyi (RegularFile, bfca6cc440743a11f73492a74447a8d4)
                       - tensorflow (Directory, aafb9bbd4551ab6cc84e4aaeed92fd7b)
                         - @tests (Directory, 80b527134781e3a12113613c3daf0baa)
                           - stubtest_allowlist.txt (RegularFile, 4c65cbfaaaebeedb9fbd346138020ff9)
                         - METADATA.toml (RegularFile, e21d17aba1a149ba7389f4952d090271)
                         - tensorflow (Directory, f9ede76d2e77b18453990827988e3759)
                           - __init__.pyi (RegularFile, 9878e60ea4e579e977f0fe0558ceb255)
                           - _aliases.pyi (RegularFile, 6d4abc1efc04e4cb86b1db883d565f97)
                           - audio.pyi (RegularFile, 6ed31d1d963c9729aab4d89ebbc0ee0e)
                           - autodiff.pyi (RegularFile, 185b43e908fde47d939cedd3d711be92)
                           - autograph (Directory, c0faa7a700d4407d276ee3f21718b1f9)
                             - __init__.pyi (RegularFile, b53abedd0e8a9b6c41eb4b8d4b07d13c)
                             - experimental.pyi (RegularFile, 0d6558538d2e5ac74cd811a87e152b39)
                           - bitwise.pyi (RegularFile, 3af4e8a7332df8803e74940ba00c02fa)
                           - compiler (Directory, b88bb88c9b610d9b1c4203705daa91c9)
                             - xla (Directory, 03966e918b3b1aad74db0bc2ac2a34c9)
                               - service (Directory, 8edf8634c02d892cfabab4f7352c4360)
                                 - hlo_pb2.pyi (RegularFile, 57690bac42777c3694f49db0244df452)
                                 - hlo_profile_printer_data_pb2.pyi (RegularFile, d15e6b71c70e00021b420794960504b3)
                                 - metrics_pb2.pyi (RegularFile, d2090b76ec787721e2e78e4bbc95fd0d)
                                 - test_compilation_environment_pb2.pyi (RegularFile, d70c4a974b7b39e6e4026ff0992e6023)
                                 - xla_compile_result_pb2.pyi (RegularFile, 54b31d47ea4d1ca7a94f1cea8fed34af)
                               - tsl (Directory, f357d9ba8ceebb43d108bda8c2c4315d)
                                 - protobuf (Directory, ef45010b88c61c91eb597ced2371b260)
                                   - bfc_memory_map_pb2.pyi (RegularFile, 49463d74ed402a0bf8e97725d9ae391c)
                                   - test_log_pb2.pyi (RegularFile, ccc7a365e117ef59e58c8a2764be1ae4)
                               - xla_data_pb2.pyi (RegularFile, d27595f013178a9d69fdccb617642fad)
                               - xla_pb2.pyi (RegularFile, 571aa3a2c789cb7ff0a10e303b7b6fe1)
                           - config (Directory, 68f761beda1066db518672d4242bd1de)
                             - __init__.pyi (RegularFile, 7a2d8fcb6e506e9d8b081fbb488957e5)
                             - experimental.pyi (RegularFile, 9b8514c6a92955dd5d618e6c475d6021)
                           - core (Directory, 355429a8fbe55230d35f020d6b446f85)
                             - example (Directory, 05a272b8a8874d200206e0341277cd63)
                               - example_parser_configuration_pb2.pyi (RegularFile, 8578426022971a52088d743a5a678002)
                               - example_pb2.pyi (RegularFile, 18cedb089b815ff96ee3270c31b71b78)
                               - feature_pb2.pyi (RegularFile, 09d646725fee2bff9b1f22c81cba2441)
                             - framework (Directory, 1ce9082fb9218a8944912b48ec441291)
                               - allocation_description_pb2.pyi (RegularFile, 5a6fbff45944659d6224e8030f376b02)
                               - api_def_pb2.pyi (RegularFile, 02417745f4974d0c6cd4bd3f24d7cd22)
                               - attr_value_pb2.pyi (RegularFile, fada559e1f5c3b6dee5ee90ff9941752)
                               - cost_graph_pb2.pyi (RegularFile, b704491aaf60915916599c13d6bda66b)
                               - cpp_shape_inference_pb2.pyi (RegularFile, 86efb025f911697ca63db74e46f196c2)
                               - dataset_metadata_pb2.pyi (RegularFile, 30ac9c8d4558f4b5dc67987a6aad6d32)
                               - dataset_options_pb2.pyi (RegularFile, e0a7efc72765cc18389badba9a45f3cc)
                               - dataset_pb2.pyi (RegularFile, 2e6dd986c203f86a9d80974e3fab45ea)
                               - device_attributes_pb2.pyi (RegularFile, 46e1137aeec8c462bf3f381fb1bce779)
                               - full_type_pb2.pyi (RegularFile, 1c1cc49814ace5e656f4160aa4b2a37b)
                               - function_pb2.pyi (RegularFile, 0bea0a30432c71875dbb105fe08e16ce)
                               - graph_debug_info_pb2.pyi (RegularFile, ada3183bf1255b582b355039a310ad35)
                               - graph_pb2.pyi (RegularFile, 7472d837605cf2dde38e37e12773a7aa)
                               - graph_transfer_info_pb2.pyi (RegularFile, 6521ecb55d2c7fb09b7253993e8e5306)
                               - kernel_def_pb2.pyi (RegularFile, ad39550e91594add03292be48f39b0e5)
                               - log_memory_pb2.pyi (RegularFile, a0e8eb503dff9e25a6cbb0d45fe04dde)
                               - model_pb2.pyi (RegularFile, ae611e0a48cf11195de932f93629eeec)
                               - node_def_pb2.pyi (RegularFile, 64c6c973eefc8170f782c3b7b1e4d2d2)
                               - op_def_pb2.pyi (RegularFile, c31502783a226dff061b55e3b4da9a0a)
                               - optimized_function_graph_pb2.pyi (RegularFile, ed4f3eb60fb54cbf3fe8082bc7549682)
                               - reader_base_pb2.pyi (RegularFile, 58d60b5092c327c208b7b106d46721e9)
                               - resource_handle_pb2.pyi (RegularFile, 58339e4b67fdbad60670bee5253ff142)
                               - step_stats_pb2.pyi (RegularFile, ef25f40728e0586c7a2c2fb8bf6fc4f5)
                               - summary_pb2.pyi (RegularFile, 1ba511fa6c724cede23a7351aa874bdc)
                               - tensor_description_pb2.pyi (RegularFile, ebf49461847b8a8695577b48cc13c75f)
                               - tensor_pb2.pyi (RegularFile, 665a772d0ca684608c074d41b21690ff)
                               - tensor_shape_pb2.pyi (RegularFile, 102517c9c12969cac39ff75b9650fb72)
                               - tensor_slice_pb2.pyi (RegularFile, fa16515d6320647c7638acf0413c3a0c)
                               - types_pb2.pyi (RegularFile, 946219cfd0ef43ca4afe3bc5f6ffff2d)
                               - variable_pb2.pyi (RegularFile, b6b866a7228ae2d534b54901987f86df)
                               - versions_pb2.pyi (RegularFile, dc73e441bd0fcd9123d907a45c458cae)
                             - protobuf (Directory, a3e3f0853a5885dfd42cd01c62fcba3f)
                               - __init__.pyi (RegularFile, f571933bb948577b1f9f3076fb8fc7c6)
                               - bfc_memory_map_pb2.pyi (RegularFile, e7799c4ee76f269b1ff994f39a2df4db)
                               - cluster_pb2.pyi (RegularFile, f502d71a57deb0dc0bb2a1f8e65848b0)
                               - composite_tensor_variant_pb2.pyi (RegularFile, 268bb4b54060758a31aea36262c23194)
                               - config_pb2.pyi (RegularFile, 6d62b3d798c777d498edbdd319799260)
                               - control_flow_pb2.pyi (RegularFile, bc9c3d8178674c83cc0a0ca269dd3cb8)
                               - core_platform_payloads_pb2.pyi (RegularFile, 9a34401403fb8e1596becf0d26f8bfd2)
                               - data_service_pb2.pyi (RegularFile, 7bfd6341cf26138084e4a829be11dd09)
                               - debug_event_pb2.pyi (RegularFile, f7bca1777d1df06c7093d43a7ed33516)
                               - debug_pb2.pyi (RegularFile, 914773604b74a5cb667581312d736dc4)
                               - device_filters_pb2.pyi (RegularFile, f3c6203edf844b519276c845bdfd2b80)
                               - device_properties_pb2.pyi (RegularFile, 3544bafb724a9fb2162546d732daf773)
                               - error_codes_pb2.pyi (RegularFile, 164cc9651797230215a5b5819edb2325)
                               - fingerprint_pb2.pyi (RegularFile, c786301adfcd447bea2c1b3d315d2a22)
                               - meta_graph_pb2.pyi (RegularFile, 7d61663ef5bf8643d63808db10e1fb8f)
                               - named_tensor_pb2.pyi (RegularFile, 32bb668303f62abb2cc04aeaa71f7ab7)
                               - queue_runner_pb2.pyi (RegularFile, 31f25c765a5d2622263f13124125a90d)
                               - remote_tensor_handle_pb2.pyi (RegularFile, 02e48e83c409f60006f22aef84e9af5d)
                               - rewriter_config_pb2.pyi (RegularFile, 7bdccdcb94f958beb228f556ff852972)
                               - rpc_options_pb2.pyi (RegularFile, 810c6e1b53744c4a5132b49fb3b89894)
                               - saved_model_pb2.pyi (RegularFile, 89e24c66f25c4d5cacfed6625aaf7fa7)
                               - saved_object_graph_pb2.pyi (RegularFile, 15763e20f278b8353c63dbd07ca23cf5)
                               - saver_pb2.pyi (RegularFile, 0f4984c5801589b290f7c54377329cfc)
                               - service_config_pb2.pyi (RegularFile, cc2b966c1c244960d66922aa565202a7)
                               - snapshot_pb2.pyi (RegularFile, e34cb51bbd2a8658fee977af6d379725)
                               - status_pb2.pyi (RegularFile, 4f8493c1861a8d26c453e12db9973cf2)
                               - struct_pb2.pyi (RegularFile, 5da582d2df28f1ea20c154bd4c25aad9)
                               - tensor_bundle_pb2.pyi (RegularFile, 2456382ee15ecccbd808fd1c817fb4fd)
                               - tensorflow_server_pb2.pyi (RegularFile, e64bf105425432240437d5b30274caa0)
                               - tpu (Directory, ee53d7be8d5b8e03e29a3660b0f7dcd9)
                                 - compilation_result_pb2.pyi (RegularFile, a7b88d63fcce6a01f071ac4aa1305afb)
                                 - dynamic_padding_pb2.pyi (RegularFile, 40e02abc14331aa2fe8baf07277c83ce)
                                 - optimization_parameters_pb2.pyi (RegularFile, f64c0a6450d418c3c2918754fdc313d0)
                                 - topology_pb2.pyi (RegularFile, c42e15453a2c01158f97c35ea3c942ef)
                                 - tpu_embedding_configuration_pb2.pyi (RegularFile, 9330e8a8229f10da19131274d842d346)
                               - trackable_object_graph_pb2.pyi (RegularFile, 8aa3f434905498c9320bd1e8e6f6fe0d)
                               - transport_options_pb2.pyi (RegularFile, c0e7a7cc0e397417730b261c51c459f2)
                               - verifier_config_pb2.pyi (RegularFile, de55f35da94ff2538c4b0fb88566e38b)
                             - util (Directory, c3057718463e5487c5bfa5026ff67e0c)
                               - event_pb2.pyi (RegularFile, 92213579af5c5754fe416f38fd988c42)
                               - memmapped_file_system_pb2.pyi (RegularFile, 4d560dd943c655a9d9da1e923a37ce3a)
                               - saved_tensor_slice_pb2.pyi (RegularFile, ede4537157b22ef23576ea3fce966f4c)
                               - test_log_pb2.pyi (RegularFile, 3ddbb4cd40fd195ab554d71555a0fa08)
                           - data (Directory, 04cb9605220418c74820240abb7bcc72)
                             - __init__.pyi (RegularFile, e22646cdcd1c5998875b27b039ca8083)
                             - experimental.pyi (RegularFile, 317bc566414a174771fd1f29a064030c)
                           - distribute (Directory, 2ab4fafb18670f157f5d24730f1651d1)
                             - __init__.pyi (RegularFile, 9856b5882587e0b0e7defc3031c1f1df)
                             - coordinator.pyi (RegularFile, 391871288918d7ae05fe0a2c08e92c01)
                             - experimental (Directory, c44f94d8d6c0e0876cce3d5ee6d496a7)
                               - coordinator.pyi (RegularFile, bf18820dd7739dac555bed10def153d1)
                           - dtypes.pyi (RegularFile, 13fa8a0d2fac0e9cc1677a782a270aa7)
                           - experimental (Directory, c810f96af75f7b5a349359adfb9c7bc5)
                             - __init__.pyi (RegularFile, 685b0baf46ba77d4dc025341c4613e19)
                             - dtensor.pyi (RegularFile, 2417cef1c66e5e4e640c0f4638c1e94c)
                           - feature_column (Directory, 2de582fd16e3186b18370dd80551895f)
                             - __init__.pyi (RegularFile, eaee7a21b913ea42faef693de20f6919)
                           - initializers.pyi (RegularFile, 4b875cf3fe45bde15fde88d454afd37d)
                           - io (Directory, 29d546984fb7958a17944db765ff5a6e)
                             - __init__.pyi (RegularFile, 9f59585f1ed70ad67e7e7c47adeb5e1d)
                             - gfile.pyi (RegularFile, cc4da5c9885b7a19d0badb69fca3e51a)
                           - keras (Directory, bc938b225d2b03a8f650fb2f2458a058)
                             - __init__.pyi (RegularFile, b46570b8faf83a8b087f6a797f6abc3d)
                             - activations.pyi (RegularFile, 82f8fbc1e608dbc6b994ad00d71bbdc3)
                             - callbacks.pyi (RegularFile, c97cfea5ab67d6f2762347f57d81cef5)
                             - constraints.pyi (RegularFile, 944b03b5642731bc8f05bf45aab7e972)
                             - initializers.pyi (RegularFile, 70105fa3afb3fffe91b73d793236a55e)
                             - layers (Directory, 761644f7df9d6cf96e12086fa24b2dfc)
                               - __init__.pyi (RegularFile, 43c480fb757675c24da1d6d37263db42)
                             - losses.pyi (RegularFile, 391bde90a0be7d9290ee26942400010a)
                             - metrics.pyi (RegularFile, 1f6e396df9d0aea707f74847c3128c6d)
                             - models.pyi (RegularFile, 425f9e8e9b113953c46df1f4abbc253d)
                             - optimizers (Directory, 235e9e719da1a13b1bb0e468007ed685)
                               - __init__.pyi (RegularFile, b3046819090deeccb88d36fd26cc3eb4)
                               - legacy (Directory, 522b8199b3b47716a979df35b8bbea02)
                                 - __init__.pyi (RegularFile, 79f13735ede67f78b8a8bf4c10eaf619)
                               - schedules.pyi (RegularFile, cb548a83e86f50bbfb8178af7afef6be)
                             - regularizers.pyi (RegularFile, 6c7106ca4f1dced3ec56a036dd5feede)
                           - linalg.pyi (RegularFile, aeaf9ba308835dcc723734da4a609754)
                           - math.pyi (RegularFile, affdde3f28543cd94e1240bc6b62eb06)
                           - nn.pyi (RegularFile, e838b511edeba52ee77358aa74f240bd)
                           - python (Directory, ae05a2889a38b13809d01c43e7868846)
                             - __init__.pyi (RegularFile, fda16b9b5ae197d0877cfc6f895a6bba)
                             - distribute (Directory, e353baac73aca60a2d43ff906d9e8bbe)
                               - distribute_lib.pyi (RegularFile, bc9e4237d68def4d4d1bf91021a4b69c)
                             - feature_column (Directory, e534de2b1763d57dd1c110fec28f4e9a)
                               - __init__.pyi (RegularFile, f571933bb948577b1f9f3076fb8fc7c6)
                               - feature_column_v2.pyi (RegularFile, 719e0459f4f43aa01a4bcd7d7a55a012)
                               - sequence_feature_column.pyi (RegularFile, ad90610f77ff6cb0d7ab359a5b19b758)
                             - framework (Directory, ecb3c038f1af95ff39f8e7889c47e6b4)
                               - dtypes.pyi (RegularFile, 5fb3c93b3a5a21ae683205cdeace651e)
                             - keras (Directory, bec0ee7f3bb0f14dea2fa07b6968067d)
                               - __init__.pyi (RegularFile, fda16b9b5ae197d0877cfc6f895a6bba)
                               - protobuf (Directory, 53efde872b7072a2bfbf0681ab070e4c)
                                 - projector_config_pb2.pyi (RegularFile, 5591f4ccb9f70887a1ff6a3117246777)
                                 - saved_metadata_pb2.pyi (RegularFile, 652238387a7cddc7259fc2ba1ed8cf58)
                                 - versions_pb2.pyi (RegularFile, 9ee7b56532d92257520072fc8f2be46f)
                             - trackable (Directory, e6f411fa4ab1c053cd376879699b376c)
                               - __init__.pyi (RegularFile, f571933bb948577b1f9f3076fb8fc7c6)
                               - autotrackable.pyi (RegularFile, 71106020d311ee96cdb8b0d2946eed93)
                               - base.pyi (RegularFile, 10c2d576a3d6ce0542efd7e17aa862ac)
                               - resource.pyi (RegularFile, 05e286b624183152ae1cc88a0c3fe618)
                               - ressource.pyi (RegularFile, 82bf55cf97864838b17505bcc10900a1)
                             - training (Directory, b6486f89a92b85d849fda8a45cd88446)
                               - tracking (Directory, 1c9144c7f123eef929453b5941e68af1)
                                 - autotrackable.pyi (RegularFile, f5abe35e9e7f39c253e6cea48007af5e)
                           - random.pyi (RegularFile, 8407858f5b82c1074df67b6d3d3224fe)
                           - raw_ops.pyi (RegularFile, 844691d46dbe967e076a4a37aa66e193)
                           - saved_model (Directory, d467fe6d6b51c99756384a9eb563c0e7)
                             - __init__.pyi (RegularFile, 958ec4b7c3b29f1b9f48456116d4493c)
                             - experimental.pyi (RegularFile, d04f18c9ab2c41550ad74fef4b0647bc)
                           - signal.pyi (RegularFile, 0c2a8f90f392f8511db342730e4b2943)
                           - sparse.pyi (RegularFile, 8cd69f7831ae50833456da915541c73b)
                           - strings.pyi (RegularFile, e208ee1a7e1afe34b34ea2e4f24a121b)
                           - summary.pyi (RegularFile, 5e6289c63b3e1e2b52408c898bf3f51f)
                           - train (Directory, 47106bdbfca1c1b94c3390b4f4a674d9)
                             - __init__.pyi (RegularFile, 6dfd2dbdad2c441530a1a09f3b1677f1)
                             - experimental.pyi (RegularFile, bd28d351054ffd4250f75f536f5eff1c)
                           - tsl (Directory, b17d74361c5cad0e835f344e1b578cbf)
                             - protobuf (Directory, ded01a9abc3526407d61c238705a34a1)
                               - coordination_config_pb2.pyi (RegularFile, c4f3fc0c948ab854eb8fbe7c853454a7)
                               - coordination_service_pb2.pyi (RegularFile, 7d2397be3c677ba8aa841e725e7d0e65)
                               - distributed_runtime_payloads_pb2.pyi (RegularFile, 5f5de3bfe5bc1ffe2cfa6757af343013)
                               - dnn_pb2.pyi (RegularFile, 750b3b8c309e0d75a124febac5c34734)
                               - error_codes_pb2.pyi (RegularFile, 0661e28c01e7c45f2a4b1b3eac1ee04e)
                               - histogram_pb2.pyi (RegularFile, 617c1c223f0a4edd8255a6d63c18343c)
                               - rpc_options_pb2.pyi (RegularFile, eeeb6ce149fb6df7e4126531afb8bd92)
                               - status_pb2.pyi (RegularFile, 2989aa899967f0eeaf1687f187c9a8ef)
                           - types (Directory, fe83397cd7a23203df6d5f0008047abe)
                             - __init__.pyi (RegularFile, 60d2ca4e0a6598f0b6114eacaeb3cd3b)
                             - experimental.pyi (RegularFile, 8b434731c5bc4ba2b1aada53a55d0287)
                       - TgCrypto (Directory, f8d3f02394aef0b0ddff9083eabffc89)
                         - @tests (Directory, 3ebb061bea68ec43f67a290d54bf31e0)
                           - stubtest_allowlist.txt (RegularFile, 556f01b26e077326b3a59f3828ce8c17)
                         - METADATA.toml (RegularFile, 554daa468eb19525b27cb0c918282773)
                         - tgcrypto (Directory, 67447f6c6813f786ec6f673e3778a6fc)
                           - __init__.pyi (RegularFile, 1673f6755e7ca2c69a3476dd5b536043)
                       - toml (Directory, dfcfdc0eecab7201c09bbbcd6ce16e02)
                         - @tests (Directory, e8ff3c6a0cec91daab64d32845fe5efb)
                           - stubtest_allowlist.txt (RegularFile, 5597b3d1c61ec2acc13db9e1560a7041)
                         - METADATA.toml (RegularFile, 8d1c33009a2510a0f7f1c777833fb811)
                         - toml (Directory, 71ee6781fe1b3990b77bfebbebab4b68)
                           - __init__.pyi (RegularFile, 8898c8b2b16c72ed3ab2c9fc15431e4d)
                           - decoder.pyi (RegularFile, 0f1d0862be20cc478e59af8a23998176)
                           - encoder.pyi (RegularFile, c2576f38462c3e46dede6e6a903ec1ac)
                           - ordered.pyi (RegularFile, 9b2d0f674a176672d843156635158cd6)
                           - tz.pyi (RegularFile, 263fa56e06cfe298cbfa844b6f9eb45d)
                       - toposort (Directory, 67823b8716bc432c776f254c1c854d23)
                         - METADATA.toml (RegularFile, 3f86f74bf29d2835b3eb7e414f50e35d)
                         - toposort.pyi (RegularFile, bd786be11554cc6a728faea6db9e5b95)
                       - tqdm (Directory, 4cf48cae932ef7dbfb9df1d9faf244fa)
                         - @tests (Directory, ad129fcbfcd1278890ed134886babc16)
                           - stubtest_allowlist.txt (RegularFile, 0fb1c543040002f428ef885d78309f8c)
                         - METADATA.toml (RegularFile, ece0ce20082d56b2b3552a37e66a60a6)
                         - tqdm (Directory, c3590a782f7deb109948f96a0374ff1d)
                           - __init__.pyi (RegularFile, c8efef9ded84def496be1ad6a1e6015f)
                           - _dist_ver.pyi (RegularFile, f571933bb948577b1f9f3076fb8fc7c6)
                           - _main.pyi (RegularFile, 207117627a2af96a2eb262b9c2914035)
                           - _monitor.pyi (RegularFile, 90d48a4dd7238e88ba2515df82ba40b6)
                           - _tqdm.pyi (RegularFile, 4e01cb1ce3288c069bb5a360bdfc3f4f)
                           - _tqdm_gui.pyi (RegularFile, ae532511e10669b5fae965a5e46bfae2)
                           - _tqdm_notebook.pyi (RegularFile, b2e7f26d5d1a7637fd050ff210a96768)
                           - _tqdm_pandas.pyi (RegularFile, 9b05d67be8687d9741950819b398ba61)
                           - _utils.pyi (RegularFile, df1e03ed7c37a668db2fe50d76794429)
                           - asyncio.pyi (RegularFile, 3bcdcbd79cec0e915f8b36ee8127b944)
                           - auto.pyi (RegularFile, a21df2b8763a7ec59b6363a085e99fc2)
                           - autonotebook.pyi (RegularFile, 90c84a6086cbaf36e4db47c4d3559e7d)
                           - cli.pyi (RegularFile, d43763f3632f044499e860ba5da758bb)
                           - contrib (Directory, ee6d4fa810f0e586c93ffeb7a5fc60be)
                             - __init__.pyi (RegularFile, b2c3ba0febe926afb2f659bfe18aa655)
                             - bells.pyi (RegularFile, c16c2fd81a711744b7ef1bc5f8b8ee67)
                             - concurrent.pyi (RegularFile, 0c5a7066731a683b426d3517378f9c0a)
                             - discord.pyi (RegularFile, c3cb9d1ced337f0bb3ca2e7be22ef33a)
                             - itertools.pyi (RegularFile, c4ce89c6e228568b457f27fa9dd2566c)
                             - logging.pyi (RegularFile, aed27bb2313f65634f8dda98317e5e10)
                             - slack.pyi (RegularFile, 155b27f32ddaa90ba47d4c68918b7ef6)
                             - telegram.pyi (RegularFile, ec8f3bb757613b20d39cfca37a6f3306)
                             - utils_worker.pyi (RegularFile, e9231db41e8a0961f60291ba1a59e792)
                           - dask.pyi (RegularFile, bb61f194743493864bde30dc7936eee6)
                           - gui.pyi (RegularFile, 20ff03defb9e01d35128fea3bbc5f5f8)
                           - keras.pyi (RegularFile, f7897d3781e5fd58393398f80c0bc918)
                           - notebook.pyi (RegularFile, fe237a8f7f8d6b6882783bc89ef3dcb0)
                           - rich.pyi (RegularFile, b5ed08b89868ddb1fb1341a38eeb2e71)
                           - std.pyi (RegularFile, e9e277c486898f82f6c5731ba1c86f45)
                           - tk.pyi (RegularFile, c9da56539d2b4b9c3b1f6c709488fa6b)
                           - utils.pyi (RegularFile, f72c71cbb86abc6874da1953830311c5)
                           - version.pyi (RegularFile, 4f674eb8f556927c4aefa3c7c517cee5)
                       - translationstring (Directory, 6cf433a5d89b1c20f8eb6b57d321322f)
                         - @tests (Directory, 9b571c70fb290a84f28c022d1d62f754)
                           - stubtest_allowlist.txt (RegularFile, c694ad83de23f250891ebd56b421fe64)
                         - METADATA.toml (RegularFile, 19af8eff033dd20c1b33a2b232ab8aee)
                         - translationstring (Directory, 6bc2f69de55d09f1d8c482fcd5217923)
                           - __init__.pyi (RegularFile, bd854352d8d221ee75edfecf1cd9f0ed)
                       - ttkthemes (Directory, 071379c6c61fb6f70c9c539a651da966)
                         - METADATA.toml (RegularFile, d9792295ed4fb209e7a3480b6d1d1592)
                         - ttkthemes (Directory, 213b9f4bd44031d0b909e7ac4c3aa7fa)
                           - __init__.pyi (RegularFile, e9c527e0ccfca823239ca52e4d143ca5)
                           - _imgops.pyi (RegularFile, b22c5d2ad96ba42321619bc1f9eaff39)
                           - _utils.pyi (RegularFile, 382891f9417e64371bcf50fd82d01218)
                           - _widget.pyi (RegularFile, a4d90810e0c458f2d15373707d917a40)
                           - themed_style.pyi (RegularFile, 3310cd6b771d0d374eeebd8f147c5767)
                           - themed_tk.pyi (RegularFile, 57ecf5740fa58317a693dbd2e13a45b9)
                       - ujson (Directory, 4d038003af679473ce530749d6a5ad1c)
                         - METADATA.toml (RegularFile, f77630d85da4140ed15e13cd6db3505c)
                         - ujson.pyi (RegularFile, 8f671b89166a9e26d27df87adf58610d)
                       - unidiff (Directory, 5da1fe39ed13f85f23da296ea35a9bdf)
                         - @tests (Directory, 64c928d6e3ee45b5fc34527c487f53b6)
                           - stubtest_allowlist.txt (RegularFile, 2b3972a55efab2581b8e20291eef8bf2)
                         - METADATA.toml (RegularFile, 1c59cca91671bce5caaf3708fed6c9f0)
                         - unidiff (Directory, 8264fff0d5a8db9a2f1ab58690ff10ea)
                           - __init__.pyi (RegularFile, fd26c9d9249b46ff2d692eed756b9531)
                           - __version__.pyi (RegularFile, 4f674eb8f556927c4aefa3c7c517cee5)
                           - constants.pyi (RegularFile, 60f6062225dc6d302be1cfbc26c82c5f)
                           - errors.pyi (RegularFile, 5a5c2dddb5493e84551ee5d1cb1cbd95)
                           - patch.pyi (RegularFile, e67d3fef32d061ce5cfbf4e5220e14dc)
                       - untangle (Directory, 09f601d4ed4a1c3be7692bfbee4cef76)
                         - METADATA.toml (RegularFile, a3bb2d4f58112e1d633ee577c9f8bf41)
                         - untangle.pyi (RegularFile, 862a6dcd67fe7d0989d2c451e6c20e7d)
                       - usersettings (Directory, d2aa898a54235cade229ad93781b7ee9)
                         - @tests (Directory, 48470b74c3df626c7f62b0bcf1011d32)
                           - stubtest_allowlist.txt (RegularFile, afbccdc89d6ca75cdab13614883e4c22)
                         - METADATA.toml (RegularFile, efd1d5faa623c9524ed00c4c09f103a4)
                         - usersettings.pyi (RegularFile, a817ed0250c34f29b95a6988af9561d2)
                       - uWSGI (Directory, 15a1905771ae54140cb5bb6aa3dd33c4)
                         - @tests (Directory, b2a666b95019ad835c3d8183739f6b1a)
                           - stubtest_allowlist.txt (RegularFile, 2451a5bec2081df4f404f64badf8a043)
                           - stubtest_allowlist_darwin.txt (RegularFile, 596e9cd3c60e60d3783169061ede14d7)
                           - uwsgi.ini (RegularFile, 9a621ce1cd3f76b127cffa67299f9376)
                         - METADATA.toml (RegularFile, 76ee63d6d052b80080894f33d5d060eb)
                         - uwsgi.pyi (RegularFile, 5d7d656e38fd4fc31cbadae375c2b9f8)
                         - uwsgidecorators.pyi (RegularFile, 0357492db47874b97144e47cc55f8b45)
                       - vobject (Directory, 1bda0cbcfd60a4a8036cb6eef3549a0c)
                         - @tests (Directory, fa5edb91378e29513c050963dfe961c0)
                           - stubtest_allowlist.txt (RegularFile, e235e205119b2c389a389f7a9bcad70c)
                         - METADATA.toml (RegularFile, 70283d33a06975ec5cfc96e75a747a83)
                         - vobject (Directory, f0d1bdd2193cb475e279584839cd5fa0)
                           - __init__.pyi (RegularFile, dfabb079809771a0cacb58d81b0f0358)
                           - base.pyi (RegularFile, e98337e9b94c4821e8b49dea2b483717)
                           - behavior.pyi (RegularFile, f8a152b431baeb0c1de5e09fd8fce683)
                           - change_tz.pyi (RegularFile, e1e4e93cbcdec9afc05beb15c8839e70)
                           - hcalendar.pyi (RegularFile, b9b775f477625d37b873efa3b1ea9d3f)
                           - icalendar.pyi (RegularFile, c375d3191f078d38fc29a2544c0c3dd5)
                           - ics_diff.pyi (RegularFile, 9dbb9a044811d76668ed1f800f18d77e)
                           - vcard.pyi (RegularFile, 9b03806fea9df6c13975ecac818ccf3b)
                           - win32tz.pyi (RegularFile, 0df1e561de150b29ca0a0b2a23109e3e)
                       - waitress (Directory, 51b23241e9cb5ad1ddeba2ca4a26681b)
                         - @tests (Directory, e1f1812ded68cdfb79f7a8bd91207f9f)
                           - stubtest_allowlist.txt (RegularFile, 94d01cc289bcd95b1244c02471ebe38f)
                         - METADATA.toml (RegularFile, 3094fdd25be69970298dcddf22ae0f10)
                         - waitress (Directory, a32b0e42975e164880a7ae48afc73e54)
                           - __init__.pyi (RegularFile, 2c3a160f41fe617ca98f9d9014efb1c3)
                           - adjustments.pyi (RegularFile, 780fe7f4d6c218a4caa380040745f5d4)
                           - buffers.pyi (RegularFile, 8bce9828292ec8ffc74d20249630fcd3)
                           - channel.pyi (RegularFile, 71e7cfc4755b72085f735435bcc19a19)
                           - compat.pyi (RegularFile, 3a6f391f8270629fd1db11bbccac385a)
                           - parser.pyi (RegularFile, 0bd4ba3358f5f7a7ce9922c39025d74c)
                           - proxy_headers.pyi (RegularFile, 28b671170e278a209012b2e1338d24ea)
                           - receiver.pyi (RegularFile, 3a0a99f3a4246e760190de4c01b16e00)
                           - rfc7230.pyi (RegularFile, 6c2b13663e62abb624d478ffb986de59)
                           - runner.pyi (RegularFile, 0a4f84be985ff1c818c087bd06da3717)
                           - server.pyi (RegularFile, 485a6f8cbccb98008d9d524f41a20829)
                           - task.pyi (RegularFile, a9e87f0ca4484a2d13228f57b20bec26)
                           - trigger.pyi (RegularFile, 99bc9f3c8820d192237c4049444545b6)
                           - utilities.pyi (RegularFile, 9febfb1882d85c31a4a5a943ac0b7618)
                           - wasyncore.pyi (RegularFile, 5dde1a081861b1da0d202d32ecb277ed)
                       - watchpoints (Directory, d56b6a68ac540a8bf77322fb951c300e)
                         - @tests (Directory, e0c92f0229366e28a7f424aba64eee98)
                           - stubtest_allowlist.txt (RegularFile, c1725f55abfef025a6c273d41c9b172c)
                         - METADATA.toml (RegularFile, 1abed574d9917ffb18250194b6866756)
                         - watchpoints (Directory, 18433dcd63fb1fc660b5cf54763ddaab)
                           - __init__.pyi (RegularFile, a04f5742c7fd610acaa4179c9f39976c)
                           - ast_monkey.pyi (RegularFile, c5424925d0421af2ea36d4367486511f)
                           - util.pyi (RegularFile, e001c681110131910bb6158f5df15abf)
                           - watch.pyi (RegularFile, 6c7977031a207dcc403abd80090d0034)
                           - watch_element.pyi (RegularFile, 70d4bc3068308c8b681ac33b10ae077d)
                           - watch_print.pyi (RegularFile, 68e647d381e63792eca81ca2f9da2022)
                       - WebOb (Directory, f77149ae71c9b7825589d8e7e22c1104)
                         - @tests (Directory, 58dd7fe3a7615e8dac3a3b8612e16afd)
                           - stubtest_allowlist.txt (RegularFile, 2e1e52b60c94d3dd36d759e1cf164bd0)
                           - test_cases (Directory, f19124fad92ee048bcb7981a3e6d24bf)
                             - check_cachecontrol.py (RegularFile, bf92bdc3425baec6775da9302146d8ed)
                             - check_wsgify.py (RegularFile, 96cb20de8998e53a298410b5ffe5cb09)
                         - METADATA.toml (RegularFile, 0e95ce69fa767c9abca904ddc5d42ba8)
                         - webob (Directory, ed179cf7cc54b4092742df91c7ea904c)
                           - __init__.pyi (RegularFile, e1b2dd9afb7e82ad8679b4e3d12bc5db)
                           - _types.pyi (RegularFile, 9f9b6df3643f3833b8692415679e1263)
                           - acceptparse.pyi (RegularFile, 8078533765c31dae72c3931eea3f9fd6)
                           - byterange.pyi (RegularFile, adb37eb7e98dce006d05fe9ca46ee56d)
                           - cachecontrol.pyi (RegularFile, 209d2c471dfa2ab96523a933190d505c)
                           - client.pyi (RegularFile, ef2c270b7b9c86e6c0265254842ef553)
                           - compat.pyi (RegularFile, 488ba5d7cb1454e70fd42eb5e42b65b6)
                           - cookies.pyi (RegularFile, 3eb793ee34cb61077501b6e8d483dc23)
                           - datetime_utils.pyi (RegularFile, 027cb35120a92ca64228e0cd5599b811)
                           - dec.pyi (RegularFile, a278a0a679864e83a179f780c677c98f)
                           - descriptors.pyi (RegularFile, 093452316e7a097acdd2152d556de9b0)
                           - etag.pyi (RegularFile, 5e4cb18bfffe33a61b336e910cfc3b16)
                           - exc.pyi (RegularFile, 75f1b867480edf09984d93ab6aa8c235)
                           - headers.pyi (RegularFile, b58fdbdb744a1fa3b7ee35cb43bfa456)
                           - multidict.pyi (RegularFile, 2fc77bf59a6cd9b08990ebd7ef75a972)
                           - request.pyi (RegularFile, 03da915981fbc6f2b0cda0766d17d3fc)
                           - response.pyi (RegularFile, 2a226c5c173412699593329a4d400042)
                           - static.pyi (RegularFile, 645013994d77163195929b71f1b44d01)
                           - util.pyi (RegularFile, 763d4aeb8108ff1a34257b3fe4171c07)
                       - whatthepatch (Directory, 37701871792a40862bd2c8366a0b6e80)
                         - METADATA.toml (RegularFile, 1cb3485c74b2e966f602b3b98adbc932)
                         - whatthepatch (Directory, 6bf004cda5cc8bc1a47b5b496a05a82f)
                           - __init__.pyi (RegularFile, f0e26c7b21c2776565b15e9d103b8c39)
                           - apply.pyi (RegularFile, 384f43e795997f610b67d4d71aa0b064)
                           - exceptions.pyi (RegularFile, a56ca7a240b14ebee136f06a5e364660)
                           - patch.pyi (RegularFile, 145545f46fa9c2f11cb64ed581a9bac7)
                           - snippets.pyi (RegularFile, 036402c0c621f2b0a760121c5ec3d979)
                       - workalendar (Directory, ae8cf9e4cfad85c32bfb09891794eb42)
                         - @tests (Directory, ca2a671cebbc577a1ab3df69bb84792d)
                           - stubtest_allowlist.txt (RegularFile, 868cbc766f99adecebfc339d37544508)
                         - METADATA.toml (RegularFile, c6079d7e512e54624528cf6a2cfb260b)
                         - workalendar (Directory, 2ad6b65449261cb4f237daf68c9e33af)
                           - __init__.pyi (RegularFile, f571933bb948577b1f9f3076fb8fc7c6)
                           - africa (Directory, 5b80e6d90c18b2105671bda9c4e8607b)
                             - __init__.pyi (RegularFile, b2908fabdb6413195be6257f356fc588)
                             - algeria.pyi (RegularFile, 51160dafe810e890bac434004ff457a4)
                             - angola.pyi (RegularFile, 2d22b08cb3004ee5c01e325b00dc844a)
                             - benin.pyi (RegularFile, b04e5261e8f0d54671600aca0ecb3f92)
                             - ivory_coast.pyi (RegularFile, bbafe1cdcb44f8deb3d942e703ffab4b)
                             - kenya.pyi (RegularFile, aabfc51b3c98298b7a32f2c2887c7809)
                             - madagascar.pyi (RegularFile, 9e94cdd112f6e623373d0c497c10f45f)
                             - mozambique.pyi (RegularFile, 0980af16d86d649c4438ac94ceb4e5d3)
                             - nigeria.pyi (RegularFile, 0a4e77ea1d594d470f52c2f317d3e9ae)
                             - sao_tome.pyi (RegularFile, 776ed6655b80284454c06eda6b1f16a4)
                             - south_africa.pyi (RegularFile, cd5193446eeee815aab54dc99ffd31e0)
                             - tunisia.pyi (RegularFile, 32bcdd80aa133565c7a5bf1e3658ff74)
                           - america (Directory, b1bd5a825397b69f6ff2090c12889cad)
                             - __init__.pyi (RegularFile, b31099137d9bfe978b8cf010a51db9bc)
                             - argentina.pyi (RegularFile, 8062ed5715565ce1bc7b4c160b09fd97)
                             - barbados.pyi (RegularFile, 425b69a3edbd0ed404c7023b60d80529)
                             - brazil.pyi (RegularFile, 980fbb38f52af0499be118d4aa57eb86)
                             - canada.pyi (RegularFile, 7b11b213fd46054267c69bc4dcf905fb)
                             - chile.pyi (RegularFile, 1b24e4bdfd4b7f70fe48940972e9e181)
                             - colombia.pyi (RegularFile, 957d65f21bba75ed195b7547887b91d8)
                             - el_salvador.pyi (RegularFile, 557b8b84d8f23c3cecf4bf78ad2c68af)
                             - mexico.pyi (RegularFile, 97bbbf895826a65794eed3b4d052dfc8)
                             - panama.pyi (RegularFile, 9673eded9e8e29be2755c580b8f2a3cb)
                             - paraguay.pyi (RegularFile, 4852d762c63a5bbd3a569a8ce7e50db1)
                           - asia (Directory, 69a1a0ff0f28318d79e64de4cd81ac22)
                             - __init__.pyi (RegularFile, 51f0b5275596c131736cdc74100b344b)
                             - china.pyi (RegularFile, 19f420b51972c283ac9e5715355373cb)
                             - hong_kong.pyi (RegularFile, ab7a1203a5743f6bbbc3103cfcbcdcdf)
                             - israel.pyi (RegularFile, 6e3bef0de41b53601cd1a85c014287e4)
                             - japan.pyi (RegularFile, f9c2d354f615ffbfd8e1051a23708c57)
                             - kazakhstan.pyi (RegularFile, 7369da4393f96700b67197eb11410fd3)
                             - malaysia.pyi (RegularFile, 1e2023769f03c583ca4c8e33d474c0e8)
                             - philippines.pyi (RegularFile, 615e0e384af06d7d372be01ffc490e1a)
                             - qatar.pyi (RegularFile, 6a627902c1692146f2863bf7e47ae7af)
                             - singapore.pyi (RegularFile, c7e746ba3c22bab5fc9e2967913cf1fe)
                             - south_korea.pyi (RegularFile, 41ca54a1c59a05b8f57f8f81861af8ec)
                             - taiwan.pyi (RegularFile, 2649fa8e8c8a6054edea152b0e7e93ac)
                           - astronomy.pyi (RegularFile, 698426363d72ad33a0bc30eb41e27664)
                           - core.pyi (RegularFile, 86eaee66f906580d6de8f6f4f4686768)
                           - europe (Directory, 48509e533ba9db6283c1ad672810fc55)
                             - __init__.pyi (RegularFile, 0e3c6749fdff7d9c2f57eaa76d0c0577)
                             - austria.pyi (RegularFile, d7924a08b11dc235fdbcfada4918ca11)
                             - belarus.pyi (RegularFile, 715ee5c63f596a7014c3334e1e721ca9)
                             - belgium.pyi (RegularFile, b40c1f028e18cfe2c57d3e8ace603ef1)
                             - bulgaria.pyi (RegularFile, 61aae427078f5a7eabdfcba90811781d)
                             - cayman_islands.pyi (RegularFile, 42514dbbfdbea8eff4f5ff7c32d101e6)
                             - croatia.pyi (RegularFile, c89789e4b3a6a776cdb581125c467e9f)
                             - cyprus.pyi (RegularFile, f9a67f40c395267ffc1fd6451a82bef0)
                             - czech_republic.pyi (RegularFile, e2d8b485934841fc4037ebb8d619b336)
                             - denmark.pyi (RegularFile, 07617b79e50688489df3d2b4105a4b80)
                             - estonia.pyi (RegularFile, 51bafecc4a29b11a7ee8703f7ae80b4d)
                             - european_central_bank.pyi (RegularFile, 8ec0500550bdda3e4d0e478fa89e295f)
                             - finland.pyi (RegularFile, 450480f758b6cc08cc99c1bca04a0199)
                             - france.pyi (RegularFile, 918224f68822c99aa9f1cee486126c9a)
                             - georgia.pyi (RegularFile, 2b6ab8a5916c29aa9a65f5fcd84206a0)
                             - germany.pyi (RegularFile, 07600dde73d2ca474397a9f03d45ece1)
                             - greece.pyi (RegularFile, aa59bea7dd8440f1ada39b5db19870b8)
                             - guernsey.pyi (RegularFile, e42e99f48083e003bdd377d7f927c4ea)
                             - hungary.pyi (RegularFile, 8605580a7645fb78e386b527585c1193)
                             - iceland.pyi (RegularFile, b47d4a86556563a76fb76c08eb7e41bd)
                             - ireland.pyi (RegularFile, f39e66507356208237bbdea5373d09a0)
                             - italy.pyi (RegularFile, 31a92bd77af29f37fd069432f2a27c13)
                             - latvia.pyi (RegularFile, d586eb488e08c7e926d2d6c7e08fb3dd)
                             - lithuania.pyi (RegularFile, 8737c0ed02623197dba88c9a1235ea24)
                             - luxembourg.pyi (RegularFile, 0186958671f8d2f00acdc03769204ce5)
                             - malta.pyi (RegularFile, 131455dcae58977e7b68135122a9fdfc)
                             - monaco.pyi (RegularFile, a5ed9eea60394fb072ad2fe13d6f3be6)
                             - netherlands.pyi (RegularFile, 00266537d827d0c9e8c1c8186b936ae7)
                             - norway.pyi (RegularFile, a6e27881a01440bcf4b5e261a54925f6)
                             - poland.pyi (RegularFile, 32169d4b0e96b1432ab5194976c12f32)
                             - portugal.pyi (RegularFile, 066faa19767b930d6fff28f60f7cbac4)
                             - romania.pyi (RegularFile, 4bca19bf393decb5939cd798eaf22a2a)
                             - russia.pyi (RegularFile, 69582238b0db19264c0b16068a735b83)
                             - scotland (Directory, e35571f0f9f793287451ec550cf7b5d5)
                               - __init__.pyi (RegularFile, 792ca0086aa2ae4c44d82afabdebc3a3)
                               - mixins (Directory, 79e670b47ce6e4ca4de94efc89e86ab9)
                                 - __init__.pyi (RegularFile, 3a9149dbb80b1dd50a801bfc45012bb8)
                                 - autumn_holiday.pyi (RegularFile, a2630280ffa023d2044a200f0fdadd60)
                                 - fair_holiday.pyi (RegularFile, 916bc79d1ea07bfc8e137928855fa855)
                                 - spring_holiday.pyi (RegularFile, 70d2f3ef302f11bfee69a73a3f5a5445)
                                 - victoria_day.pyi (RegularFile, 21bb06556227f8b11d9ecbbb72c13394)
                             - serbia.pyi (RegularFile, a0be56d68d6ffb79c6b6156c9636b21f)
                             - slovakia.pyi (RegularFile, 68864cc16a51301f77edf6c49a2acd4d)
                             - slovenia.pyi (RegularFile, 8404b071152eba6c6a9a74c89c89cb65)
                             - spain.pyi (RegularFile, 4aba790e9a6a3f43ba8eba2ab1322002)
                             - sweden.pyi (RegularFile, 070bc9cd69afb3cfb604eab9dcab11a7)
                             - switzerland.pyi (RegularFile, 4a1e7521f0c1e7a9762fa045258d72d7)
                             - turkey.pyi (RegularFile, c3b4d5469f62e2a23c4ca5cda3edd68f)
                             - ukraine.pyi (RegularFile, 037234245e29c1d9d6409d715e75d3f6)
                             - united_kingdom.pyi (RegularFile, e3059378637a5c0ca7b441ddf517e307)
                           - exceptions.pyi (RegularFile, 00aed6ba7c2d599db8aaaaee7d881ee4)
                           - oceania (Directory, 1f448b41847f5d355212fab0a23a94c4)
                             - __init__.pyi (RegularFile, e15a38ce45c09ce70eea1f70501ed7d1)
                             - australia.pyi (RegularFile, 18846344e562b69c814ccc55a878ed66)
                             - marshall_islands.pyi (RegularFile, 827273fbf23fda6725aa94a177a063d9)
                             - new_zealand.pyi (RegularFile, 2b23a9ad1be2d560e525af651936c1b0)
                           - precomputed_astronomy.pyi (RegularFile, 80469854fee3c004d88d3b5ebfa5be2b)
                           - registry.pyi (RegularFile, de90280fe864a44b5fbc6a9f51f399de)
                           - registry_tools.pyi (RegularFile, 9294450a38b21eb3172285207cdf286f)
                           - skyfield_astronomy.pyi (RegularFile, d7fb5325a5900fc8664f1f3e71885b69)
                           - usa (Directory, d0b358fb52685eae259d7fbd7d399503)
                             - __init__.pyi (RegularFile, 796a8e6f59f8a1248fb4decdfc3ffa89)
                             - alabama.pyi (RegularFile, 6e95fdf59927b658eca8664f1f284de8)
                             - alaska.pyi (RegularFile, 9069d153f4568180e714e7bd22dd5b48)
                             - american_samoa.pyi (RegularFile, bb51b75ad53b73a480aa4220fe312072)
                             - arizona.pyi (RegularFile, cf10ff99ee1bd2c895c63288354ff907)
                             - arkansas.pyi (RegularFile, 047524bc62275eaf1e4849eb93fb2ce5)
                             - california.pyi (RegularFile, 141436e67f3d7f04721ceb9eadeb46bb)
                             - colorado.pyi (RegularFile, 7b3cba1da81573b371ce96aa75555673)
                             - connecticut.pyi (RegularFile, 1fa4c5ae3687ece3d9428b049f0e8c28)
                             - core.pyi (RegularFile, 0f6b5d2aa817e7dfae67b69a5bd88ec7)
                             - delaware.pyi (RegularFile, efc2313ed775a9c6ea3f95308a399f88)
                             - district_columbia.pyi (RegularFile, d2939200086d3a1eb5dc8e5500460298)
                             - florida.pyi (RegularFile, 985c081bd680f5374e935e51acc2ab80)
                             - georgia.pyi (RegularFile, 937c2ede224f8de9ed6eb42dbb9cacad)
                             - guam.pyi (RegularFile, 31b1a56bfe2a90c4c065bd3e0e69f03d)
                             - hawaii.pyi (RegularFile, 79b9e1817ad03728962a51b78fba54e4)
                             - idaho.pyi (RegularFile, 8c513d908dacbdcb728a6258d2e1f0d9)
                             - illinois.pyi (RegularFile, 9b662f8350b9ba4706cd18dd878f6c45)
                             - indiana.pyi (RegularFile, 8ba1247b927cd188ebf154a61a7b5bed)
                             - iowa.pyi (RegularFile, 1989ea183c85175b539ccd1c11482b9f)
                             - kansas.pyi (RegularFile, ee268b830eb667c9c0060dd63a910b70)
                             - kentucky.pyi (RegularFile, c6d8a471600b74875d767886f91c025e)
                             - louisiana.pyi (RegularFile, 4b99c22de5420e4523a81ff25a62e20a)
                             - maine.pyi (RegularFile, d607f4ec1ae79b0b00d5c20326590747)
                             - maryland.pyi (RegularFile, c3cbe052516a24445dc7bf5e73fe32f9)
                             - massachusetts.pyi (RegularFile, ce89c519285aa3a0d9353a665174aadf)
                             - michigan.pyi (RegularFile, 00d8960d9a8b835a830e247a0bb43133)
                             - minnesota.pyi (RegularFile, 975434270b7e8d0e9a39e99fdb0b8f64)
                             - mississippi.pyi (RegularFile, 4ea32159da85d77391421592de311615)
                             - missouri.pyi (RegularFile, 1c49568e6969ff96b2da159fcca95957)
                             - montana.pyi (RegularFile, a3f541bed404b12e274a1b4c0da89eb0)
                             - nebraska.pyi (RegularFile, 88178860161b70db5a5d91ac42c4ab29)
                             - nevada.pyi (RegularFile, 0fb57e5e1b83d9c727e98b0912863119)
                             - new_hampshire.pyi (RegularFile, 8d8a7fb70d31de22d1d8194f5003fd39)
                             - new_jersey.pyi (RegularFile, fbae560b486ed4c5a4774d335e88428c)
                             - new_mexico.pyi (RegularFile, 4d67c04c8e50d3484b0cb5f30ba58baf)
                             - new_york.pyi (RegularFile, 4d5559d10bd3db682fb36c98ee363339)
                             - north_carolina.pyi (RegularFile, ac265a5310c75b52ce1a50721961e09a)
                             - north_dakota.pyi (RegularFile, ee61b8970aea76c856cebc3fbcfc17d6)
                             - ohio.pyi (RegularFile, 57616dc99414c11f6ad20d2acc903c48)
                             - oklahoma.pyi (RegularFile, 27d900c61f23931b97efa10a9124fd70)
                             - oregon.pyi (RegularFile, 8343abf3ccbcb67dc898abbcbb3f4cec)
                             - pennsylvania.pyi (RegularFile, f57b47b516d8082147d78acfd328326e)
                             - rhode_island.pyi (RegularFile, cecf5e4f21e9c9e5fa48bc123ef23619)
                             - south_carolina.pyi (RegularFile, e346b825f58033e47502debbe00880fa)
                             - south_dakota.pyi (RegularFile, 7a004cc7e37c9081811328058bd91f54)
                             - tennessee.pyi (RegularFile, 2af45581d59a6f3fb44c63ae02a6c15e)
                             - texas.pyi (RegularFile, c9d4f6d8d549b07df54a7207a9b61803)
                             - utah.pyi (RegularFile, bab4ab35ae8ac5b57ca0c59176ba26aa)
                             - vermont.pyi (RegularFile, 1289914253df09a022f0060280d19799)
                             - virginia.pyi (RegularFile, 89d0802ad62169ebd2d9dd60637f334a)
                             - washington.pyi (RegularFile, c2eb7857d3cbb6da7a74fb0c3057778d)
                             - west_virginia.pyi (RegularFile, 27ce3ba4fed03961bd96afe8775a3ae3)
                             - wisconsin.pyi (RegularFile, 4ed063d0a3ed82f6968b2a915cefafdb)
                             - wyoming.pyi (RegularFile, 9c724578383f54fcc00ea65b71571589)
                       - WTForms (Directory, 0814b437a1e8adc9da2aa279a89c4c69)
                         - @tests (Directory, 613c5a47e42195fcbee80d1fbb8333df)
                           - stubtest_allowlist.txt (RegularFile, add7148e14c2de99c84df2f5c354ec53)
                           - test_cases (Directory, 5f4d81ba3c04cc8c10fb017838343c01)
                             - check_choices.py (RegularFile, 7906a5c5713b5ff88661e9cf652e326d)
                             - check_filters.py (RegularFile, 21ac01e3e609beeeebcce64a904b2844)
                             - check_form.py (RegularFile, 818cbb857cd0899855b6eb80ee069791)
                             - check_validators.py (RegularFile, 5e41158956881dfb5ebe494547d1a74f)
                             - check_widgets.py (RegularFile, 3a9a9cdd1682e29df07f3b94d58c1c75)
                         - METADATA.toml (RegularFile, a1b99daf3ca16af859ad89b6aaee013b)
                         - wtforms (Directory, 320664b1e339ebfd2c1c4aee22c23841)
                           - __init__.pyi (RegularFile, 81cc5ef74aef7165837284dc04517a65)
                           - csrf (Directory, be650c4fd330f6da7ac2d87fa07c930a)
                             - __init__.pyi (RegularFile, f571933bb948577b1f9f3076fb8fc7c6)
                             - core.pyi (RegularFile, 1b7e6c13ec43f69241f23bbc966b2ee4)
                             - session.pyi (RegularFile, 56d168166b8f61a27197385cf55e8887)
                           - fields (Directory, cd92ddd1bf9f6f037c01f23647448104)
                             - __init__.pyi (RegularFile, 51df505108bcf944bf66399ac91f1d8c)
                             - choices.pyi (RegularFile, d89a5a9eddb602b0240ab33eef54f4a0)
                             - core.pyi (RegularFile, 4f7d2ad5a31d7b049d07ccf0f0f6ca6c)
                             - datetime.pyi (RegularFile, 089bd7fdc85785976478f043d9aea40a)
                             - form.pyi (RegularFile, 4e380722efe10e0c8764a9a0113c10b9)
                             - list.pyi (RegularFile, b0988adfcb09bd44ee655195a75adc12)
                             - numeric.pyi (RegularFile, 7298bdf72db527ab03a01e0093ef69aa)
                             - simple.pyi (RegularFile, 7f7df3b03db7e9410ad8fa8830da4fed)
                           - form.pyi (RegularFile, 6b4929cf459c017942de3ec4bf95f0aa)
                           - i18n.pyi (RegularFile, 5751a854018e5987a18f6fb6645aeb5a)
                           - meta.pyi (RegularFile, 0d458e9d9e098ab51a39a0fc162e86e5)
                           - utils.pyi (RegularFile, dd1e5d2935fe987ccb0567adf6a2254e)
                           - validators.pyi (RegularFile, da17e26c25bfbedbb5e6af12f856ecc0)
                           - widgets (Directory, deaf10ec1b2198016931a6a2da62783c)
                             - __init__.pyi (RegularFile, ff3a9d01cabc7b4c78cc8f7c8434b69e)
                             - core.pyi (RegularFile, 2d5c195ebb82904dcfce0b47f454a56d)
                       - wurlitzer (Directory, 0477181b91fb6e5e9777b927430752fc)
                         - METADATA.toml (RegularFile, 3ac89f55adb399c7381bdfa8f53ba972)
                         - wurlitzer.pyi (RegularFile, b838b5731f66adde39d295edb82b1b2e)
                       - xdgenvpy (Directory, d53df57b2481ba2647e1d295a3c30b4b)
                         - @tests (Directory, 2a93ce838b7da06356de29ac1f672fef)
                           - stubtest_allowlist.txt (RegularFile, b81455784108468c523a889ce3596aff)
                         - METADATA.toml (RegularFile, e62b8718e1c1fd5334c0f7702471a9d6)
                         - xdgenvpy (Directory, 383fbc6a086069afb419665d6371fab8)
                           - __init__.pyi (RegularFile, f571933bb948577b1f9f3076fb8fc7c6)
                           - _defaults.pyi (RegularFile, e1a701b4fc7bfb2eadaf48c2e1acf73d)
                           - xdgenv.pyi (RegularFile, a4e28a00a6742bcb148892310c1c01df)
                       - xlrd (Directory, 3df098a486f108667029f2e9eaafab02)
                         - METADATA.toml (RegularFile, 2003cc02465a56cd5fe8932ba78b0322)
                         - xlrd (Directory, a353950c30c9b2398b256c4bde958541)
                           - __init__.pyi (RegularFile, 783252fe1e541b1d53282f9aef7e81be)
                           - biffh.pyi (RegularFile, ed337c527f9f31fb5e9c53095054ed2e)
                           - book.pyi (RegularFile, d88974e57b55b767630f7b1d2ca15c37)
                           - compdoc.pyi (RegularFile, 1436d04a5f639ea9edf7b2038924a444)
                           - formatting.pyi (RegularFile, a2581924dd2da3fec717c1833dc22d82)
                           - formula.pyi (RegularFile, 4230b477db87914c5dce069b505ad586)
                           - info.pyi (RegularFile, 58f888e0ae297edb3974e122bb9ef601)
                           - sheet.pyi (RegularFile, a3331f08a6c89ec854827086052bef3d)
                           - timemachine.pyi (RegularFile, b3c5e738bb64476e3c3ad40a80900df3)
                           - xldate.pyi (RegularFile, 61c30019a802800751f973c4d78d3b00)
                       - xmltodict (Directory, 52202b5703407171429b1cfe0a3db9d2)
                         - METADATA.toml (RegularFile, ab63a584a0485fd5e9d10933bf2949da)
                         - xmltodict.pyi (RegularFile, 96e5495d7280f8ae9238487f91d96e99)
                       - yt-dlp (Directory, 72b1dd3efbef1061575945e4e654b402)
                         - @tests (Directory, c277d47ef5b23ad8dc7f4b88a1e83faf)
                           - stubtest_allowlist.txt (RegularFile, e56ce42aa95bd2871a66a80ceaff6f51)
                         - METADATA.toml (RegularFile, edf2d3bf30c0e57fc6762249adaf03b4)
                         - yt_dlp (Directory, 910511ed5f306f423219f1537b0dabe1)
                           - __init__.pyi (RegularFile, 82628fc172ccb35910b811bc8289a20d)
                           - aes.pyi (RegularFile, a34c2611be10bc084ba146c847f1222f)
                           - cache.pyi (RegularFile, 9eadcd4cadea46d7dc05e2605c45c075)
                           - compat (Directory, b144c04efac868031520a7df85fd17fa)
                             - __init__.pyi (RegularFile, 2ad2de1fcb94e621c7bef68572952674)
                             - compat_utils.pyi (RegularFile, 917278469125784943e9984f20ec8325)
                             - imghdr.pyi (RegularFile, 5c0069859c0a2e0751a147b0583533cf)
                           - cookies.pyi (RegularFile, 9a38ece3d3001b1174dc651e6792f9cd)
                           - downloader (Directory, bf8c9b89095a8587deeb4d9c39e895d7)
                             - __init__.pyi (RegularFile, 6c4e5fe11aa0306b994fde769c8de672)
                             - bunnycdn.pyi (RegularFile, c6d5ecbd52097e1af0d4bc4211f295b9)
                             - common.pyi (RegularFile, d10bc52d976f6b7c4176621e611477f8)
                             - dash.pyi (RegularFile, 021c5e2b905837c4e7ab46ab08c311cd)
                             - external.pyi (RegularFile, 18655cf17d66c2671e3b53e920d5f647)
                             - f4m.pyi (RegularFile, 6b3ace23b7c665100d9703c97c8346c0)
                             - fc2.pyi (RegularFile, 4a88d963b23512e79447e65f0b102abd)
                             - fragment.pyi (RegularFile, ed21ab21e8b265aed9599d1f0f50ee2f)
                             - hls.pyi (RegularFile, 1dbc4d91ca763bfcf593934023134700)
                             - http.pyi (RegularFile, 813e23ef08d3eebe749e579d14635f37)
                             - ism.pyi (RegularFile, 5dd304c60475c774a013d342a37953fb)
                             - mhtml.pyi (RegularFile, 41b482c32746eb2948006e8defa8dd6d)
                             - niconico.pyi (RegularFile, 373de6131cac2c5aa09d9bb2589be1fb)
                             - rtmp.pyi (RegularFile, c291b25e1a81912fbd968d5ffc556c7e)
                             - rtsp.pyi (RegularFile, 2780f3a4c44b794eab684094c5c6c009)
                             - websocket.pyi (RegularFile, 3ba7edb62108a887c7c5cc9d8a8addd9)
                             - youtube_live_chat.pyi (RegularFile, c79803896626f1424cc45f7acb6dd769)
                           - extractor (Directory, c44e4f73fa6d5a179279a22b7347fed0)
                             - __init__.pyi (RegularFile, 21bed4a6aacc68c79bcd8554e46b74d5)
                             - common.pyi (RegularFile, 632d824fa206bba7b03ee22b256e6a5d)
                             - commonmistakes.pyi (RegularFile, 4dfeeecfa479d06e22edbe188e49c51c)
                             - commonprotocols.pyi (RegularFile, 84bd3dd7e15098951626e1fc9b8a4818)
                           - globals.pyi (RegularFile, 4fe8b8f910412907c9ae3d84c70e3915)
                           - jsinterp.pyi (RegularFile, ddcef6fdc27cdd0b435e76204564320f)
                           - minicurses.pyi (RegularFile, dc78de615122d2680eac51ec0d977196)
                           - networking (Directory, 1b8911dbf629a549cdccc965ddbd62e6)
                             - __init__.pyi (RegularFile, 6bb6238752be69c5e15869b26d9deed1)
                             - _helper.pyi (RegularFile, c26c4935dd94d806b3d67634f5e21647)
                             - common.pyi (RegularFile, b134bf8d91c9277edf7c263a5e3e6713)
                             - exceptions.pyi (RegularFile, 0dcb1cce8e0c8839093c0dd345a8233e)
                             - impersonate.pyi (RegularFile, f7c9d5b657050cc8efdf84bd8d673ed6)
                             - websocket.pyi (RegularFile, 293e97866abe328f2b406dd5b64e62ef)
                           - options.pyi (RegularFile, ea51fdf712899bd8441e0867837b4837)
                           - plugins.pyi (RegularFile, 69beff47e968c728dd1fb77ad3e3d71c)
                           - postprocessor (Directory, 71202767c90b0255e77bb76206baccfc)
                             - __init__.pyi (RegularFile, 95943992f1ec14288669cb7f02b54660)
                             - common.pyi (RegularFile, 60d0510de6559da41c003cdb874aed6c)
                           - socks.pyi (RegularFile, 5a68be0b132e68049313464b3e2b610e)
                           - update.pyi (RegularFile, 5ac861b3ac847b0e00ff86ba3fb41d78)
                           - utils (Directory, 54a15b61e41e61c6b92df43379a2cb0a)
                             - __init__.pyi (RegularFile, 1b513f05cfb4c726fe8066756a64e5cb)
                             - _deprecated.pyi (RegularFile, 3ceefd6ff469ef6cdb05a9680832c5d5)
                             - _legacy.pyi (RegularFile, 1665af68d02694cc5249a48008a29776)
                             - _utils.pyi (RegularFile, 506aec7e315dc37271b4fb68d4bf405f)
                             - jslib (Directory, d913c3cedf435d1516fc2923f875609f)
                               - __init__.pyi (RegularFile, f571933bb948577b1f9f3076fb8fc7c6)
                               - devalue.pyi (RegularFile, 689f9d4c9880386bb04a7b317b042cc9)
                             - networking.pyi (RegularFile, 444420d7c7794afd8b2a7f295bc8c438)
                             - progress.pyi (RegularFile, f31cecf4ccc7ce62f1dc8402c3e326bc)
                             - traversal.pyi (RegularFile, 60ffe8171476b1f66c333ff09960b08c)
                           - version.pyi (RegularFile, 10870fb3467d08d78396b8bded7efb4c)
                           - webvtt.pyi (RegularFile, 09e65c1a85bae7fe5ff9a06f90705b25)
                           - YoutubeDL.pyi (RegularFile, fdd7db52af9f5fc6afc012017966d2cb)
                       - zstd (Directory, 54dac6931aae54bb91be05020a754932)
                         - METADATA.toml (RegularFile, 777ccfb64cfb46f42ad2156692220c23)
                         - zstd.pyi (RegularFile, 16f353ed6d133fe1f8af353bee6a9c88)
                       - zxcvbn (Directory, 2f72ce24fbd97ae214c4c953795d311a)
                         - @tests (Directory, 3df30f3e289a55fb1ab6767b8b6e2d0e)
                           - stubtest_allowlist.txt (RegularFile, ea811d05febbb290729d84a4a744754c)
                         - METADATA.toml (RegularFile, 29f83ad6c74d214cbe71a02c4bbe9758)
                         - zxcvbn (Directory, daaf2eb80a17cfe2257003beecaef063)
                           - __init__.pyi (RegularFile, faba32de3a730992290140e3be3e596c)
                           - adjacency_graphs.pyi (RegularFile, 5b3cc432f4ab8cfe81076e1b581eaee9)
                           - feedback.pyi (RegularFile, 340834c1072366f8bfc89def9c7d9565)
                           - frequency_lists.pyi (RegularFile, 1ad7615e8db3caabacfd8dbf9f50fdc2)
                           - matching.pyi (RegularFile, 92b1869a84820aa05959cbf5507e75a4)
                           - scoring.pyi (RegularFile, ff3b0a2d8b4281aeefc81396357b8bd6)
                           - time_estimates.pyi (RegularFile, 361eb93b8802272111af4212117a4815)
                   - uv (Directory, 7e26ce9e842d9cc9d8576cdcbe567c1f)
                     - uv_sync_proxy.py (RegularFile, 008444e3a1bf98e30e84941ef72be7d4)
                   - virtualenv-20.13.0.pyz (RegularFile, d15cb4f8eb2f81211970997cba1b3345)
                   - virtualenv-py3.pyz (RegularFile, 9669fe529870a9657f7742fe0573ea90)
                 - lib (Directory, bc37b4d06d6192857019da89d2541129)
                   - modules (Directory, 51fadbec5d01eac3d59a19d7ec1a4d05)
                     - intellij.python.ast.jar (RegularFile, 1960df7ed0df63dfb725e863bd33f00d)
                     - intellij.python.common.jar (RegularFile, 67bc2c8e37b4a0cac504c425647a4db5)
                     - intellij.python.community.aliasProvider.jar (RegularFile, 091fbbc8c330b245a3d6d1056de2e7ad)
                     - intellij.python.community.communityOnly.jar (RegularFile, 9fd689b1a1d21b735b4e8690eaff7410)
                     - intellij.python.community.core.impl.jar (RegularFile, 04a3aa1c219de99e559306352cc139b7)
                     - intellij.python.community.execService.jar (RegularFile, cee54ee064e2174b781ec1489ae8c669)
                     - intellij.python.community.execService.python.jar (RegularFile, c80293306361ff99bcc7568f76d2c44b)
                     - intellij.python.community.helpersLocator.jar (RegularFile, 610757e948724bf2f63d5959d246ed46)
                     - intellij.python.community.impl.huggingFace.jar (RegularFile, ea84db8ba370b72f8fa5b921e3cfd27b)
                     - intellij.python.community.impl.installer.jar (RegularFile, 4c345436c178ccd6c34810765414cf90)
                     - intellij.python.community.impl.jar (RegularFile, 2102a8f1d1673b15158ad9c86ec39711)
                     - intellij.python.community.impl.pipenv.jar (RegularFile, d4b2ec9863b9f43142a78fe6043db1ae)
                     - intellij.python.community.impl.poetry.backend.jar (RegularFile, c804bc4a73b63fca7be76c3c7d1306d6)
                     - intellij.python.community.impl.poetry.common.jar (RegularFile, 0b5afbb2c25b2f4bb64ec2c7525f3888)
                     - intellij.python.community.impl.uv.backend.jar (RegularFile, 0cd3ee1e246167e6b4a231a647c78a63)
                     - intellij.python.community.impl.uv.common.jar (RegularFile, 8fc4c7eebd346bb50ce477c1c08be7c4)
                     - intellij.python.community.impl.venv.jar (RegularFile, 98137ea1ca23d6f9135bc68e7359ecf5)
                     - intellij.python.community.interpreters.jar (RegularFile, 4ac8965ff04737ebf1532f1706db7dde)
                     - intellij.python.community.jar (RegularFile, a13be6e45c6b73da80d7397e9b1b41db)
                     - intellij.python.community.plugin.impl.jar (RegularFile, f312c70d3308aaac35e2ef695aa5d463)
                     - intellij.python.community.plugin.java.jar (RegularFile, 2bbfe6916f4350f776f214ba4629155e)
                     - intellij.python.community.plugin.minor.jar (RegularFile, 1e49a97c2c4905de29fc0efb60994b45)
                     - intellij.python.community.plugin.minorRider.jar (RegularFile, 2fb6d500b1aea5d809d3e12d814b7e5a)
                     - intellij.python.community.services.internal.impl.jar (RegularFile, b064f632ca16f302b8ee3874fe245798)
                     - intellij.python.community.services.shared.jar (RegularFile, 16f25a5816a20f007340f797e4af29b2)
                     - intellij.python.community.services.systemPython.jar (RegularFile, 778b923eac825b675ded2cf9da56ffed)
                     - intellij.python.copyright.jar (RegularFile, 01a4fcaa58d87e5c47fa60440411bcee)
                     - intellij.python.featuresTrainer.jar (RegularFile, 533e8aa5ccd33c5dd8b077c6537d9ef1)
                     - intellij.python.grazie.jar (RegularFile, ce10f7db93a987e5832239e6d59ed2a6)
                     - intellij.python.hatch.jar (RegularFile, d384166133146fc9a843e4dbaa22087c)
                     - intellij.python.langInjection.jar (RegularFile, 73f941d88fa7cb7d94f430e7e4b3fe35)
                     - intellij.python.markdown.jar (RegularFile, 654c4fc62007690a0e819a102586fed6)
                     - intellij.python.ml.features.jar (RegularFile, 684975cfd8525e9719d00ee1bd4aa457)
                     - intellij.python.parser.jar (RegularFile, e138d83a9dd48a551416c339516fb74a)
                     - intellij.python.processOutput.impl.jar (RegularFile, 0b526ea6e7770027b3abe8a1af894975)
                     - intellij.python.processOutput.jar (RegularFile, 9e3e51e7d578851815cea53c9338ca23)
                     - intellij.python.psi.impl.jar (RegularFile, 7f56ff7b19f4500892c687130995109e)
                     - intellij.python.psi.jar (RegularFile, f6f0b26572d0ee06db5bb841c5469968)
                     - intellij.python.pydev.jar (RegularFile, 029a7580892226bebffb1c09b3762ea3)
                     - intellij.python.pyproject.jar (RegularFile, 289a8af9baadedb116b4e01b78145390)
                     - intellij.python.sdk.jar (RegularFile, b9057e5a78b5e132ccbc15d237e4ec12)
                     - intellij.python.sdk.ui.jar (RegularFile, 09d3a6cebd91f165c965dd3a3a49592d)
                     - intellij.python.sdkConfigurator.backend.jar (RegularFile, 37a4b5262af647e3c93a0a62ab5d6149)
                     - intellij.python.sdkConfigurator.common.jar (RegularFile, db4b4c74125a50fb5f4eb0108bd06b7f)
                     - intellij.python.sdkConfigurator.frontend.jar (RegularFile, 988ce93491f3d76eac3208f7e10f979f)
                     - intellij.python.syntax.core.jar (RegularFile, eacc4a493bd1d206ccde495c7dcfed89)
                     - intellij.python.syntax.jar (RegularFile, ea6af85b89bc2d46c809894a6319872e)
                     - intellij.python.terminal.jar (RegularFile, 7a03e98dffd561a34ee72ae61b795869)
                   - python-ce.jar (RegularFile, b4588defc6e8661657792fa7b48b26aa)
               - python-dap (Directory, 35d4a7a0537f57489e346995be4febb2)
                 - lib (Directory, d24375f8cf6c79027ecdfba3c590bc06)
                   - python-dap.jar (RegularFile, 92ac70d793e47173c3fc99cc6156a6f0)
               - python-django (Directory, b71c9ae3de779ad9e1c17bfd5a23715f)
                 - lib (Directory, fb61de99ea98eb2270a870c86024b3c0)
                   - python-django.jar (RegularFile, cc78322f8013bd9dce32a73935a697c2)
               - python-lsp (Directory, 55e6e94da09035b5e86126ee2cc68d78)
                 - lib (Directory, 5601380f25a98cb2a505fccfe263ce65)
                   - python-lsp.jar (RegularFile, a269be9354b26c9042a888a05faac3e6)
               - python-pyscript (Directory, 022651e41ed79ca63ca468da5b22f16e)
                 - lib (Directory, 108a25269aa631ed0259ac7427e3eb11)
                   - python-pyscript.jar (RegularFile, 627acaa21eba883473d3878fb8e3eeb3)
               - python-sharedIndexes (Directory, 625006a7fa4d3b9e037c245a1c14b4d4)
                 - lib (Directory, d13b17552efea0452167b1c8379680f5)
                   - python-sharedIndexes.jar (RegularFile, 34af67850a8c366281aad64fa3217bf0)
               - react (Directory, 7a2c559d3b73c666b5495e0c59fc9887)
                 - lib (Directory, afb84c11e3ebfabd2a44da298bf4322c)
                   - react.jar (RegularFile, 8d4cd2884ead077229d8f4eb3c263bcd)
               - remote-dev-server (Directory, 52e2b549e4b63230aab98e93ca81efa3)
                 - bin (Directory, d7adc2de2f1e5d4777c3eda9edfe4d3d)
                   - launcher.sh (RegularFile, 2a4da903433c7245e805c565ade9b78e)
                 - lib (Directory, 114fbdbf667af273c0134bbce516c5ec)
                   - remote-dev-server.jar (RegularFile, 634e3d16045ff00cf0a0bb71f175cc80)
                 - selfcontained (Directory, 70dbbed158f6918a2f4eb8376eb775ce)
                   - bin (Directory, d991a17c579173cf45e513a72273613e)
                     - xkbcomp (RegularFile, 23d7cb16ac97ced860634f0422c7730e)
                     - Xvfb (RegularFile, ea39aa67e768a97ca06c1882d6747b36)
                   - fontconfig (Directory, b88f2c30a708dd9f44d54d7798190978)
                     - fonts (Directory, 6c4b75a874f3291077845ba9ad5885b1)
                       - DejaVuLGCSans.ttf (RegularFile, 197015c0b00b3902616a3cea05d7d81a)
                     - fonts.conf (RegularFile, 42e24905c39962cc3573a4dea21f7346)
                   - lib (Directory, 5e4af48abda0fa59737a8a33c94f03e1)
                     - libasound.so.2 (RegularFile, 3b0e7082518f005414e211964786f82f)
                     - libatk-1.0.so.0 (RegularFile, 9cce0845bc9798083dd459ca3f834c6d)
                     - libatk-bridge-2.0.so.0 (RegularFile, f2b606b0fc7d54e2134ac0494d35e7b0)
                     - libatspi.so.0 (RegularFile, 2023be3ea2384e343fcab3bada7cd449)
                     - libattr.so.1 (RegularFile, 833d9c2b611e6bcb6aecb9c5c86c2fa6)
                     - libavahi-client.so.3 (RegularFile, 4758c35a5b24e70da1bfa7260387a76b)
                     - libavahi-common.so.3 (RegularFile, 48f61bb4f7a0bf16c5efd7a74f282d95)
                     - libblkid.so.1 (RegularFile, b664fc3ca6d8d074a49ac0c28686b7a9)
                     - libbz2.so.1 (RegularFile, fe7faa56eb4ebb59b2619145f6ce0bea)
                     - libcairo.so.2 (RegularFile, 030b069d7c332ee31c1512c6bdb61357)
                     - libcap.so.2 (RegularFile, 7c816c743fe28646bdd8d0e4fb655733)
                     - libcom_err.so.2 (RegularFile, 61ff89e5b9aaff46d5c78d97bcdd3241)
                     - libcrypt.so.1 (RegularFile, 5219a41b87555e2f7d909f8ab2ae862e)
                     - libcrypto.so.10 (RegularFile, e3cc3226dd02e506315a870e2b252cc8)
                     - libcups.so.2 (RegularFile, 08a0b521ed153be3d7aa0b9203637324)
                     - libdbus-1.so.3 (RegularFile, b115ea8ba5ab0e82f001a155ea30b219)
                     - libdrm.so.2 (RegularFile, d3e3c31da55fdcfc909ad7f00876ba1c)
                     - libdw.so.1 (RegularFile, c29b10e26f8df337948e4639af11952c)
                     - libe2p.so (RegularFile, 18fd3cb932d5db44c2db45f5cf543f20)
                     - libEGL.so.1 (RegularFile, 03587132199aaf87e3cba7e158881e5f)
                     - libelf.so.1 (RegularFile, 68ea4054353a36018ea52e45acd314a4)
                     - libexpat.so.1 (RegularFile, da33f563cf8e1f85863fb1d900c15d27)
                     - libffi.so.6 (RegularFile, 1246805bbb1bb809260d91d22a0ba905)
                     - libfontconfig.so.1 (RegularFile, 7ba743887e7f8f8f22ba09c17625931e)
                     - libfontenc.so.1 (RegularFile, 60acc986869e7a68274162566bcfa9ad)
                     - libfreebl3.so (RegularFile, 504ba701e7e939eea2479012508dc10c)
                     - libfreeblpriv3.so (RegularFile, 157e526ccf169f233d645abaf4ff38b0)
                     - libfreetype.so.6 (RegularFile, bc7fb630997ed99867318bd34cb757be)
                     - libfribidi.so.0 (RegularFile, 018625253c497a82e9f9f13bac91a1d7)
                     - libgbm.so.1 (RegularFile, f0393063c1f5f31a6cac67f57ce44626)
                     - libgcrypt.so.11 (RegularFile, 7ec764c9560ffcf2f50bce5621a28327)
                     - libgio-2.0.so.0 (RegularFile, 02d96152e258fa8eead2d88efb901747)
                     - libGL.so.1 (RegularFile, bfbddb145ff1044383549a832b75ab2b)
                     - libglapi.so.0 (RegularFile, 3e478011d800ebf33b78f1bba0c3ae3f)
                     - libGLdispatch.so.0 (RegularFile, b5fa5cb5548e3f94a9585106a832a36c)
                     - libglib-2.0.so.0 (RegularFile, e7f9ecf692160d8a46fbc0582fc86d89)
                     - libGLX.so.0 (RegularFile, 526ef082a4615ddfec0f565821136084)
                     - libgmodule-2.0.so.0 (RegularFile, 4d7ffc33cabb5c1ae77a25c630adbb1b)
                     - libgobject-2.0.so.0 (RegularFile, ec9b900d5c4c9e630bacd24976c9a338)
                     - libgpg-error.so.0 (RegularFile, cf47e56d081355a8b67325eba7f46e17)
                     - libgssapi_krb5.so.2 (RegularFile, 270c306177692ce08767f79356beeaa5)
                     - libk5crypto.so.3 (RegularFile, 75f5401e447efcd089fe96a40bbd3651)
                     - libkeyutils.so.1 (RegularFile, e626637135cb0b7f45e32b3d49c928b6)
                     - libkrb5.so.3 (RegularFile, 1073f949b633b4fd7e02e2e543295b61)
                     - libkrb5support.so.0 (RegularFile, d46389d068ebf7fb69e59722311bcbf4)
                     - liblz4.so.1 (RegularFile, 4aa3f9954b85ad27c8a6c78d96e965e0)
                     - liblzma.so.5 (RegularFile, c5147c073d0e926a6f3c13873a3e31e2)
                     - libmount.so.1 (RegularFile, 636872ee9815cfe6f98130b161f92759)
                     - libnspr4.so (RegularFile, 1232682c9f71cb67ffe04d7ec008b4ea)
                     - libnss3.so (RegularFile, 2b4f202edd58016560a9eb50be82bd9b)
                     - libnssckbi.so (RegularFile, 9619a331b93de2a09678f470cd35956d)
                     - libnssdbm3.so (RegularFile, 38a2dad74b81eb5f9a71ccfe0716e427)
                     - libnssutil3.so (RegularFile, 5b08b67d8e872dc6ee6dd9a2fbeb6da3)
                     - libpango-1.0.so.0 (RegularFile, b8ad149d5027f26aa7240f76ddb20c51)
                     - libpci.so.3 (RegularFile, 5a9cd40f1186d077e865a677282aea74)
                     - libpcre.so.1 (RegularFile, 14af978113ad9e6dab02136327859678)
                     - libpixman-1.so.0 (RegularFile, bd1897073e4d4626f5a7d5efdb5e8bb4)
                     - libplc4.so (RegularFile, e123bd322690dd2b455ed7d0302bd145)
                     - libplds4.so (RegularFile, f5b1cd64833dc01d55e3d6c6a7bf8295)
                     - libpng15.so.15 (RegularFile, c3d3fdf84433d18bafa144c4662d09d8)
                     - libsecret-1.so (RegularFile, 66c458e85a31d70e4994dfed5c6f015d)
                     - libselinux.so.1 (RegularFile, 72b067e753068c2d364af4673e541a46)
                     - libsmime3.so (RegularFile, 8ca8af04c0a6dbc56a429d8f381033ac)
                     - libsoftokn3.so (RegularFile, 2895df641200eaa3bea06ce47d6aff08)
                     - libsqlite3.so.0 (RegularFile, d99840ae501aa472824ff6d6d2217abc)
                     - libssl.so.10 (RegularFile, 81edd3b32767bfebcba18a984ea70d42)
                     - libssl3.so (RegularFile, 44d36040a1424ff12d24f02c9e85db24)
                     - libstdc++.so.6 (RegularFile, fc4d2329631ab65c3526db3b36520d6e)
                     - libsystemd.so.0 (RegularFile, bbe16ee3c12360b6a1e4a2a970bc717b)
                     - libthai.so.0 (RegularFile, 6e7f5e600418cbaa0dc72f1afb5d0368)
                     - libuuid.so.1 (RegularFile, 78478dc7077eb2b1dd241262e50be4e6)
                     - libwayland-client.so.0 (RegularFile, d3f9d31302f33677feee525f39e5f9b0)
                     - libwayland-cursor.so.0 (RegularFile, 02faa0548f9cb06560cfc15aa17dbcd2)
                     - libwayland-server.so.0 (RegularFile, 6b7cc6ff22b32806935d6e6c499916e4)
                     - libX11-xcb.so.1 (RegularFile, a014853b7904bd84c5f42ee9e9730774)
                     - libX11.so (RegularFile, a34bf5479b59a167030ce4569c51904d)
                     - libX11.so.6 (RegularFile, a34bf5479b59a167030ce4569c51904d)
                     - libXau.so.6 (RegularFile, f5b251f4d845be3c3c01e6d3052c5c41)
                     - libxcb-render.so.0 (RegularFile, dfd12f4d34d464ec28dc9f5f41489efb)
                     - libxcb-shm.so.0 (RegularFile, a051915a2c7809ba89495898fbb55033)
                     - libxcb.so.1 (RegularFile, 106bd02c91c81a813aaf67443383e169)
                     - libXcomposite.so.1 (RegularFile, 186aff9f2ab18e8cc788f03103f353b5)
                     - libXcursor.so.1 (RegularFile, 6536bf577dea30646d1e356ab0754209)
                     - libXdamage.so.1 (RegularFile, 36511e13c6405ed4c79cae9a2d9dbdce)
                     - libXdmcp.so.6 (RegularFile, 49a11ae50654fea1f792e5e7fe44c9ae)
                     - libXext.so.6 (RegularFile, eaa4249c11c089b602469ce94eb6a798)
                     - libXfixes.so.3 (RegularFile, 7cce4df6bbe59c29c27552f47914bf16)
                     - libXfont2.so.2 (RegularFile, 1125896fcb6e9d104169a60058271200)
                     - libXi.so.6 (RegularFile, 6b99abb30386c5ebcee66e20255f9f4d)
                     - libxkbcommon.so.0 (RegularFile, f27f630f6367ea8f18d89f352bd7e87f)
                     - libxkbfile.so.1 (RegularFile, 71bd3821338225d40f7ba1244bae4def)
                     - libXrandr.so.2 (RegularFile, 9753118c460a4a3bfbb7da09a97b896a)
                     - libXrender.so.1 (RegularFile, 880353970ea61d0574be879cf5766577)
                     - libxshmfence.so.1 (RegularFile, 1252e4004ade3b610219ed00557ce422)
                     - libXtst.so.6 (RegularFile, 1244106add69cdcf5fceb2f9642b5ead)
                     - libXxf86vm.so.1 (RegularFile, e221ac1b457e9a73b469df753b8f7435)
                     - libz.so.1 (RegularFile, fdd20dadea647c481d0fa35fab5a3fde)
                   - lib-load-order (RegularFile, f296539daaac0b827a0aaa1a4ef445f0)
                   - lib-load-order-limited (RegularFile, c977eb39693634354c9f60ba639993c6)
                   - X11 (Directory, 0c9e3739f61d6a9465791f51b2a33896)
                     - xkb (Directory, fd9689409242fcdb236eb9339ed7a161)
                       - compat (Directory, a608d0345107c645879340ff815dc9fc)
                         - accessx (RegularFile, 5a18bd982d34e361d1f281efd109db2d)
                         - basic (RegularFile, b9ccfa849afeb9bab7eb4607a184ad7b)
                         - caps (RegularFile, f521a2166fb6492a4af9999cab2c4686)
                         - complete (RegularFile, 77f40e714575461f660289fcf28f5ef4)
                         - iso9995 (RegularFile, 98909c99ea94557b5bbbeb37080e8664)
                         - japan (RegularFile, 1d5593936d2d6dd2630e4438a50262c7)
                         - ledcaps (RegularFile, e2d57cfdafec40916937e3f9f182bf6d)
                         - lednum (RegularFile, cced37d5f5a68c9005698cf89669feae)
                         - ledscroll (RegularFile, 984c4177996d96a835caff95029634de)
                         - level5 (RegularFile, 5f7b81678cb46f620af51e95789a93f6)
                         - misc (RegularFile, f679efeba510ae9f05f1fd3cbc603a5c)
                         - mousekeys (RegularFile, 1ebc277ab1ecdb6e5e945657230395f4)
                         - olpc (RegularFile, 4e1fa4142698819abb6fb5dde28a95a2)
                         - pc (RegularFile, e67a48c352086fd42609b4f8cb76db53)
                         - pc98 (RegularFile, 643b46309bd730dec7a90658876cdf48)
                         - README (RegularFile, 0475a0a37c0a37f4da09fc2b05e428f7)
                         - xfree86 (RegularFile, 11d42438bce8cbf4ce8dd7d49ad23b87)
                         - xtest (RegularFile, 2b51b338c8a2817deaec2ecbe51ead89)
                       - geometry (Directory, 7b5c72e1bfbb4746fe019ab3f0df67ac)
                         - amiga (RegularFile, ec3c2535d8e6684a4bfa71035feef3ff)
                         - ataritt (RegularFile, 37e2f28c212630c97b83808ba68dc72c)
                         - chicony (RegularFile, 79c823a75ae00be51aa67121d361c15c)
                         - dell (RegularFile, 3fb8e7a050c77ac54d8caabb3171a190)
                         - digital_vndr (Directory, 3279b716edecd7f48196ca2ab87015f9)
                           - lk (RegularFile, b79b0e4181f040d97cc9b81e9edf2f62)
                           - pc (RegularFile, 65661c9b052bec1db4871d8bb709cacc)
                           - unix (RegularFile, c52da15d9350af6b0f0d906cee523c99)
                         - everex (RegularFile, eefc18dd3ed6bdc7b4d10ea397f1196f)
                         - fujitsu (RegularFile, 9feacc0c2d4fab71a182253d98cbfe54)
                         - hhk (RegularFile, 24e5bbfebc9e81d16b25c155297b5bb1)
                         - hp (RegularFile, 9b70d070d5421f666f45b411cba7e7c5)
                         - keytronic (RegularFile, 00d0e6f5878c6d571dee251cde7b45d2)
                         - kinesis (RegularFile, a232b41048c89dcf3082330b4274d307)
                         - macintosh (RegularFile, 29247c8dd96c23f50f59bd9cc577b2e1)
                         - microsoft (RegularFile, 47335ced61fc338d83357b0153204411)
                         - nec (RegularFile, 33b5f7a47bb7dc162e32ead57b4fc9e9)
                         - nokia (RegularFile, 6a71de11fa0d6d9ee5ccabcdb4b84857)
                         - northgate (RegularFile, a138f31aeccdf03408fa4d37450ea30f)
                         - pc (RegularFile, 7e03d8fa51a23b2e9ed3b2d615008e98)
                         - README (RegularFile, ae3f4e85e624300e403381b9bc1a7da1)
                         - sanwa (RegularFile, 91c4f03a6aa1be09c774c1ae29528d3e)
                         - sgi_vndr (Directory, afd4d1ba2e3c03f8fd9c07fba3ae0fdc)
                           - indigo (RegularFile, b24b9dac62d24c6ae5ddd1bf808800f2)
                           - indy (RegularFile, 810c17080d9feffe806e8ce06cb60ba4)
                           - O2 (RegularFile, 19a688f0797ae18d24b5e4e4ab1817fa)
                         - sony (RegularFile, 2332bb9956dbc537bf80601d4db4c6bc)
                         - steelseries (RegularFile, 7c85e1a40df8dfe733b69f3c7772ae57)
                         - sun (RegularFile, 7d1694e45f0930ab6d4658e42fcd6820)
                         - teck (RegularFile, f1fc57f1d6b30152b2c16e7a560e8961)
                         - thinkpad (RegularFile, 74e5491983af95e03cce4e22b4232ae2)
                         - typematrix (RegularFile, 5e45c67689d5d3a7fca12ecbcd4c07ad)
                         - winbook (RegularFile, 979a6f0b9a9348e7d39b36c2b9d9cc4b)
                       - keycodes (Directory, 0261e04329655d94a9aed531eb002a1b)
                         - aliases (RegularFile, 9324c93d5bb6aa494edbed338d649ea3)
                         - amiga (RegularFile, d6b638f61e746bbdb698c7105fa568ad)
                         - ataritt (RegularFile, 50a9b2513444765ea75160ba1ff14fd7)
                         - digital_vndr (Directory, c761379c3ef822937b7fffd25efabd13)
                           - lk (RegularFile, 2aee73ea7296e73c2647054bad1638ee)
                           - pc (RegularFile, a84ee6bfd7c76cfe739125d5f5bea315)
                         - empty (RegularFile, 129bbe5753ce3fe25aa1b58ce3071a61)
                         - evdev (RegularFile, 90b4b40ec1ba824a05efce50690f3e7c)
                         - fujitsu (RegularFile, 1a7d790cd0ae59c96f626cf54b667d18)
                         - hp (RegularFile, 35a4d2602a564e42a807d444c35ec422)
                         - ibm (RegularFile, a31f5a7c6dc8bae114c9c6528079f014)
                         - jolla (RegularFile, 3fd07c92d259cafe7f4d5be95fabeac1)
                         - macintosh (RegularFile, 8fa221e37d59123f67190ee0ea2b3107)
                         - olpc (RegularFile, 78d085e9ca910e1b637eb89541545a93)
                         - README (RegularFile, 43a238a9f79fdd3d955572beb7e615ff)
                         - sgi_vndr (Directory, 3c2ed327f70dc80e3c2bbc0527383f3d)
                           - indigo (RegularFile, ea0077a0580ec12e00e266352bc6c27c)
                           - indy (RegularFile, cbb72938b78caba966e8d07ee32db9de)
                           - iris (RegularFile, 18b564688c582fe9dd7237cf631a37cc)
                         - sony (RegularFile, 36b0213c699aae06f69f1bb5fe2e522b)
                         - sun (RegularFile, f4dc3cb6d49523c68b001bb7d863e521)
                         - xfree86 (RegularFile, 8ae169191bf9c3d1c7bba0fc2c62e1ee)
                         - xfree98 (RegularFile, 7637252dd5cb992b0f955e4554501c1e)
                       - rules (Directory, 7d651be9fe59fce0aaef356a0046c070)
                         - base (RegularFile, 7d042a53f62ae76479bf8d9223014631)
                         - base.extras.xml (RegularFile, 11e7a46afd760cdba9ab9666b6962ecf)
                         - base.lst (RegularFile, d305d24fd26c9dd0af445a5fbe9608f3)
                         - base.xml (RegularFile, f27d29d0fba26d810da60596950018b1)
                         - evdev (RegularFile, c7f11c1f7ec764a763ec5057fc0b3702)
                         - evdev.extras.xml (RegularFile, 11e7a46afd760cdba9ab9666b6962ecf)
                         - evdev.lst (RegularFile, d305d24fd26c9dd0af445a5fbe9608f3)
                         - evdev.xml (RegularFile, f27d29d0fba26d810da60596950018b1)
                         - README (RegularFile, 367d94f23fb09310b21f38b959aa4af6)
                         - xfree98 (RegularFile, 34cf61a4d183c8183626a6ddadd7c301)
                         - xkb.dtd (RegularFile, 8a810dbbd0624be41a427ed7c9d58470)
                       - symbols (Directory, 3a73b4ffa390725c0525b37f603599b5)
                         - af (RegularFile, d5025f44e81f7a09b06c550b96604704)
                         - al (RegularFile, 953ae766d2abf8704e409041a98ba637)
                         - altwin (RegularFile, 31cb70ae156893b451baaad4b36106fc)
                         - am (RegularFile, d88c148db37d65d47ed101c47b213e69)
                         - apl (RegularFile, 866df551e3b0f916eb28bd5e7a9754db)
                         - ara (RegularFile, a5f2349d18a663d6e9308827057ae215)
                         - at (RegularFile, 626f04ccab26cffedc0dbd66242d5e58)
                         - au (RegularFile, 04255c1461beecb5661402c8a78e4bce)
                         - az (RegularFile, 10573de51f2ce4082c30b8e5988862c7)
                         - ba (RegularFile, 2f68b6f24dd008e0b3c673459a90e460)
                         - bd (RegularFile, 6b02c4960edbef36531bb67bcabc5dec)
                         - be (RegularFile, ad055e0d58e0eaba0e0e61f45f0ae20c)
                         - bg (RegularFile, 1759ccc7e1b3d00c64fa421277646d67)
                         - br (RegularFile, d5a0e5b6d2a84a7fd4f504ef0e9f4d0d)
                         - brai (RegularFile, ee3eadba14dcb82fc121bfec3ca3a072)
                         - bt (RegularFile, f8a377e0ec0a7d94885ff5ca8a651ca7)
                         - bw (RegularFile, 118036c970454a345813ae2b7a1a5c94)
                         - by (RegularFile, f0eb699d1dd3236d0cdb3c3dd2c9575b)
                         - ca (RegularFile, 753c3f021af3d57ba4592afa8ccbe0de)
                         - capslock (RegularFile, 485eb17f1a4af725c3448995fe88fc86)
                         - cd (RegularFile, 716eb6317cf6bfcb60d684e660dc0598)
                         - ch (RegularFile, c91232dbe958caa5715a8b3b92da1151)
                         - cm (RegularFile, 2907da1a3d37c2c07c1ce9996db2a4c9)
                         - cn (RegularFile, 430b7b5454875ef1f331914b76b017f0)
                         - compose (RegularFile, d62fd99433bc917ad6ac3f189261cf9f)
                         - ctrl (RegularFile, 431287d76b05c202eacec794d8e27101)
                         - cz (RegularFile, 8047477350d25977f7eb24b96f419f88)
                         - de (RegularFile, 8de2482fd738a64147d11c358851de5c)
                         - digital_vndr (Directory, 8aa98653d54bad90193a545b3ff41e89)
                           - lk (RegularFile, f603eee926bcfc56edc5f51dee378265)
                           - pc (RegularFile, 2398d96b5484e76176da6e3d2d44170f)
                           - us (RegularFile, 2afc0c2a444b140d9acd2600e6c6ae49)
                           - vt (RegularFile, a7efa507ea84f875a512d254dd7e7fd9)
                         - dk (RegularFile, 3c02e92f2e1d217c6dfedfd7f044bf89)
                         - dz (RegularFile, e2fe17aa5d9f0bd87ba519176e8a0877)
                         - ee (RegularFile, 6f0a3770ae252f46e66f8fa77457bf90)
                         - empty (RegularFile, d6aed18e8adbf83572df079674a3311b)
                         - epo (RegularFile, a1577dc5f57ec58f53ee72bfe1fa98d5)
                         - es (RegularFile, c94316cbbe5f2e9b34a867d6648efb7f)
                         - et (RegularFile, 51ac62a9f5964c3ee7c0298bbd34d531)
                         - eu (RegularFile, ab5e4b0ece3c4f0eec7012731ca7bcd7)
                         - eurosign (RegularFile, 1d6dfd31308012f930c8b5310bcd4761)
                         - fi (RegularFile, 30ff85ba73cda2581208593b13fea4c9)
                         - fo (RegularFile, c70035eef2b4cff15dd2baef3af02421)
                         - fr (RegularFile, ff17715810a91faf1d405961c34676e7)
                         - fujitsu_vndr (Directory, 9d81435d356c9018af8b6bd538a8f2f5)
                           - jp (RegularFile, 0355c0f2a6055b4d2f88a82c32fea52c)
                           - us (RegularFile, 3f3bd94bfc7f4de3443d351d7411490f)
                         - gb (RegularFile, bbcee5ec448782dd80655daae465754b)
                         - ge (RegularFile, f44167ccba0e7bab7f3bf33b3f9a789e)
                         - gh (RegularFile, fa042d2a9dec7c4e7618cf229591f1b5)
                         - gn (RegularFile, 98dd77dd908635440d4e881082de2d8f)
                         - gr (RegularFile, 83a079051091b8f5fb19059e756f9969)
                         - group (RegularFile, 6c90eb605948d1d00dc7a03998c85e7a)
                         - hp_vndr (Directory, 1b87e7e4064c3f272c36680414e19944)
                           - us (RegularFile, 0af0580401d9bcde0967a71e6a7cf727)
                         - hr (RegularFile, 015b036e2b20f296ed04817187659479)
                         - hu (RegularFile, e4579a1a084e2dc54c2ca536c43c86d6)
                         - id (RegularFile, b00a281a6ed87f560ee701d244f550c0)
                         - ie (RegularFile, 2b8541e3bf8557df03ae7c7d16fb8ab1)
                         - il (RegularFile, 48ae130c4b109ad19d478b7cc10ea878)
                         - in (RegularFile, 827dbd21917ce2500c9060635123aecb)
                         - inet (RegularFile, ac91e3c633273f109e39cdfb037a9e43)
                         - iq (RegularFile, 51daf391f6e7d87abfa3e9ef6c8207b9)
                         - ir (RegularFile, 9c15fa96865a4f00f2fde61b42d7f5c6)
                         - is (RegularFile, fa07e8c6531e1eaeb8b66420e619e40d)
                         - it (RegularFile, f49f2ba10c97d5ab08a2c796a093f838)
                         - jolla_vndr (Directory, dca30d1e6ca6767da63cc54c8f60b3e3)
                           - sbj (RegularFile, 3f37b0a9a13bd3532a80bfe19e426207)
                         - jp (RegularFile, 8234fad493b9562e5a302c0e26ecbdf5)
                         - ke (RegularFile, 5ab9e414779a8f6a466bb26a0829d05f)
                         - keypad (RegularFile, 5b177d9ec98fc152dbb83d2eb0b4256b)
                         - kg (RegularFile, a49328507f1d58c31d7305e8f822c5d2)
                         - kh (RegularFile, f9340779adeafb63a4199c01a42d35ae)
                         - kpdl (RegularFile, b73af71fa7e8e2690267dcc718b410ff)
                         - kr (RegularFile, ec1f7228c088017c01400055acaf4b94)
                         - kz (RegularFile, cbd88b7c310f9d02bbf0f1213c4fce86)
                         - la (RegularFile, 423f0c6d9ddcd939e8085b2b3d2b2700)
                         - latam (RegularFile, c2a85e8b41b46e883a111beece67fd12)
                         - latin (RegularFile, 9dc8b07b31b96b5cd9593d44637c8779)
                         - level3 (RegularFile, 217d9e949977d2f9b0fe48e30107df43)
                         - level5 (RegularFile, a40836714b6f38b3ebd413e4817c29c7)
                         - lk (RegularFile, 1130652c5f23ab881c44c9d71fd1fc1b)
                         - lt (RegularFile, 82b44ad5bb94cc87740a9e3442b7d6fb)
                         - lv (RegularFile, 93f1cc879b8e5a308ab1a89030a9ec42)
                         - ma (RegularFile, 811c10e1836b2ff7e58c4792edbae464)
                         - macintosh_vndr (Directory, d879a0f28f6223c61991437723a5bdfb)
                           - apple (RegularFile, 8f406b4d1e0dab9b6f76c0061ebabdf3)
                           - ch (RegularFile, b05cda2dfae41f654bc9db5f1c78248e)
                           - de (RegularFile, 1169467bc8cdfb9d2c314758e82a1ad8)
                           - dk (RegularFile, 2db18a025279faf42857c0b5c2306c2f)
                           - fi (RegularFile, f5b6ced2055cfd75501ae121e7e1b110)
                           - fr (RegularFile, 2f34cc1e20797d87fa76eba256515d8c)
                           - gb (RegularFile, b6eeab2fcdc7acd055099612b65091eb)
                           - is (RegularFile, 4f095ecb72d7c4bb5485b3265e469e1d)
                           - it (RegularFile, 67c239d8ef84edc7c97a2e6832a467a5)
                           - jp (RegularFile, aa1238a1d4326946100cd1b8fdd13ee8)
                           - latam (RegularFile, db07ffa606b0690c80fd89b57effc277)
                           - nl (RegularFile, 9f470f36b7e8752f63a3bce3c0289cf4)
                           - no (RegularFile, 845f4123a8acb47a9cafc62b00751a50)
                           - pt (RegularFile, 797f526651673dedda219ad2acde7edb)
                           - se (RegularFile, 8a227f68f5011fa972e6ff1c4ab3df1f)
                           - us (RegularFile, 1a82d0ad86400b47cbf459347f281656)
                         - mao (RegularFile, 58661ab2c554ab0936c151e155c38fa3)
                         - md (RegularFile, c0feac5d5171060f72bfa64f283f857f)
                         - me (RegularFile, 1a715d6df0d0647baba21c08f3c22e22)
                         - mk (RegularFile, 258b7a2e7a136656a848149a2071275b)
                         - ml (RegularFile, d563757e89d3e811e2c2defd6aad4278)
                         - mm (RegularFile, 4d9f715bdefe05d9b2a632d8df82765e)
                         - mn (RegularFile, fef1cfb03633e5140856d2c7275cd20c)
                         - mt (RegularFile, d54f623cd71a327cc50045d65db1600a)
                         - mv (RegularFile, 0bb59209c72ea6c0f70bb47f978303df)
                         - my (RegularFile, d5a2e5428d81df4261b16e8687b4485c)
                         - nbsp (RegularFile, d845603bc6137332a860cd8e2299975d)
                         - nec_vndr (Directory, df38aa9e6db944ad445b40aa379c766f)
                           - jp (RegularFile, 3ab6d827c9919748515320aae7c9f03f)
                         - ng (RegularFile, 3c125831ea5f3a517622547059e7971c)
                         - nl (RegularFile, 784826a13454b8b4b0656fed9dd9ad1a)
                         - no (RegularFile, 272a9d6c52a1f70420fd815be81b1e76)
                         - nokia_vndr (Directory, bdc238cf8db130e02d048112c65b9f96)
                           - rx-44 (RegularFile, f139adbfb44e09346e50813c51ad9549)
                           - rx-51 (RegularFile, 6d32605b58b0b0aa8e95ce7334e93a98)
                           - su-8w (RegularFile, 0f4e8c62c0cd20291ae7fc001442046c)
                         - np (RegularFile, eb68c9b889bc88c7fac5e4dffeac204d)
                         - olpc (RegularFile, a923863d2a51f632f856a12ac94c1340)
                         - parens (RegularFile, 3db412a0a055d2f44202c75c95feeb7d)
                         - pc (RegularFile, c2d3668a4e3fcb28968f1b2c861a3347)
                         - ph (RegularFile, 7dfd6d3cc0bef7e76e120681aa7519cb)
                         - pk (RegularFile, 65f6e95925e2a27914ad03233d5f95e4)
                         - pl (RegularFile, e122f5869b88a2b6e392077cf0918d42)
                         - pt (RegularFile, fd65ba833456748cf7e12b528ac83196)
                         - ro (RegularFile, 33d47ce31146183242073c3ef004026d)
                         - rs (RegularFile, 0c2741d9b38325d610090f4ff9ac1758)
                         - ru (RegularFile, 755450e47e9f4ef505f5e552ab91e6dc)
                         - rupeesign (RegularFile, 7a79ed155b1d37f60148b1b5590886f8)
                         - se (RegularFile, f5b18cb2cdb48ad6e831a50ea913c535)
                         - sgi_vndr (Directory, 89026aa5cbd1ca9a23b9e40c213d11fd)
                           - jp (RegularFile, c134e048762e090eb194f73efc4540f3)
                         - sharp_vndr (Directory, b1ef8cf2ff044327eae0d7447c8c5c45)
                           - sl-c3x00 (RegularFile, d40c6e8a816c3a30f4d37902bd871b32)
                           - ws003sh (RegularFile, 31f4aa5f07b990d574c396b4eeff10b4)
                           - ws007sh (RegularFile, 87205c0b5c66a252cc211457a1880fb4)
                           - ws011sh (RegularFile, abf0f0924378036ad02a9d85ab412e2b)
                           - ws020sh (RegularFile, 6b672b4c52bfdd987f6af7e878321656)
                         - shift (RegularFile, 6b26820f232e71b99f9116c9751b7627)
                         - si (RegularFile, 519dbb7a87bd2ed37697136b44a488ca)
                         - sk (RegularFile, 1f7b519943294dad33a4928eca89b252)
                         - sn (RegularFile, 0463d0f4b7d0ce0587f646678be358f2)
                         - sony_vndr (Directory, 319d43ca9d54e79b99de529c22162778)
                           - us (RegularFile, adb78a2f8e663bc54a137c091e8ee0f8)
                         - srvr_ctrl (RegularFile, 645e12539aa1e456d3404e1a144dc680)
                         - sun_vndr (Directory, f47b26cc9afb90c9e4d74c89a93f8649)
                           - ara (RegularFile, 25274702de40bf8981873a7b9bd3494d)
                           - be (RegularFile, 9b1bf0a4692ef72a3cdd35f361c20c1d)
                           - br (RegularFile, 1bf3dadffbd06fedfd1df9d4f9e00d18)
                           - ca (RegularFile, df9f6d4eeddc008ef09c54d1f20098d4)
                           - ch (RegularFile, f3efa21175ff9acb92f9ca36a7f4108f)
                           - cz (RegularFile, 2064cdf007bddba0e9e5a72cb71e4caf)
                           - de (RegularFile, c5ef4f31890d9863b992030f4b278a93)
                           - dk (RegularFile, ba52488740de356e732278ff531ee274)
                           - ee (RegularFile, 2ea405b2cdaf329399a3735117e521c7)
                           - es (RegularFile, bb742ca11f50a5204acf35a3d64a55be)
                           - fi (RegularFile, ff3594a7a6332e914b7f56d36e582fdf)
                           - fr (RegularFile, ab07a324394b523e114abadf629b219f)
                           - gb (RegularFile, 52eef6c52699e2b003cdf0bcdc6b6991)
                           - gr (RegularFile, dffb46c2ec1535980b4da8500ea5f3cc)
                           - it (RegularFile, 24d7a9781ef2b0c1cec089b2e4afeaff)
                           - jp (RegularFile, ad43db81eca50b738d0ecffcdae77b91)
                           - kr (RegularFile, 390378e945db813f90e6c74c3be8e76b)
                           - lt (RegularFile, 23d4fa44fcea67e49728a7c930619610)
                           - lv (RegularFile, e49e8e1f08e0401656f5145641a61741)
                           - nl (RegularFile, 3145dfc36f5aa3cdeaa430970a370161)
                           - no (RegularFile, 553c46e6a4498552d32bdeb7091cb95d)
                           - pl (RegularFile, da822f105385069d76b2e64da8d6fc9f)
                           - pt (RegularFile, 39d6e8589c0bead542963c09574ad111)
                           - ro (RegularFile, 6af3f4bb34e960fa37f82b9a64b737d7)
                           - ru (RegularFile, eee0707a6389d4ad16feb51661e858f6)
                           - se (RegularFile, 08097d16775461253640b0be919eae93)
                           - sk (RegularFile, 9fafbad734b11568ec50033629f45fe1)
                           - solaris (RegularFile, 8075109439f8ce670e18fa8583919190)
                           - tr (RegularFile, 0157f899b26ee805920aa24b424b3c25)
                           - tw (RegularFile, fcaa040ad2bbd5a114199eabf81788b0)
                           - ua (RegularFile, 3583a800da05f02ca81cf1aab24e5151)
                           - us (RegularFile, a6ffba3a585ec012374c6e12a7314527)
                         - sy (RegularFile, a68dbb388895332918f6b910549a3b8b)
                         - terminate (RegularFile, 10bd2f2622b717285f584bc9f2cb632c)
                         - tg (RegularFile, 53cac88080887874e9457c27b4f891f8)
                         - th (RegularFile, 1e5a2617ab60432d075b510967783c3a)
                         - tj (RegularFile, c71e146372edb778fa651030f31ed557)
                         - tm (RegularFile, 905920da395c8c6530807e654379f82f)
                         - tr (RegularFile, 2715a5b6c094022dbe94fe724ccbf8dd)
                         - trans (RegularFile, c96cbda219d469e7e30431b6b6de7fac)
                         - tw (RegularFile, 0143362ecb3e5d74dabe0007e80e6163)
                         - typo (RegularFile, 360eae968bb5804855cec091deaf18f4)
                         - tz (RegularFile, 9a8910242accc799f00e11f42d9ddd48)
                         - ua (RegularFile, 0231e5044d53029c768f9b8cab71508b)
                         - us (RegularFile, 816f0ba7f7c6ed3af42a62c937839416)
                         - uz (RegularFile, 27c533ee09ae2365746327ac443e1847)
                         - vn (RegularFile, bc791215eaffc00ff5512e4a09ab9f1e)
                         - xfree68_vndr (Directory, 1c653abb3f4550bd8a87a2b9498d4706)
                           - amiga (RegularFile, 5dbeb52d203fc9946b9717c968cc3922)
                           - ataritt (RegularFile, 40e401641e0880a61fd8bb16bd5a2b07)
                         - za (RegularFile, 5c87e1653e733cdc0ba4c2e2fda3e020)
                       - types (Directory, a4465e9c113f68ea34a67ff553e236be)
                         - basic (RegularFile, 725f0c9e72b1e0f2732091a6fba87af2)
                         - cancel (RegularFile, ff33ed642b728c0ff06b0ffd62ca1df2)
                         - caps (RegularFile, ef31df8d605be37bd30a081b8bdc142c)
                         - complete (RegularFile, d8950f6aadd1203d8921fcd018f7d143)
                         - default (RegularFile, 507bfd4d5c07cd1644c044f79a6b498f)
                         - extra (RegularFile, a3b5ffe4fc2f8feaab3e3d618bee30b9)
                         - iso9995 (RegularFile, a06c590526fd3202be795151f0baa7e1)
                         - level5 (RegularFile, 023d282da5911f5a4fbb2068611e33c7)
                         - mousekeys (RegularFile, b820e8dd5d46e46bf3bc8615e44f70c3)
                         - nokia (RegularFile, 00f8422a18bb5044aab84d6c1a4d6893)
                         - numpad (RegularFile, 385189ade4ddec7260d5488ee4d04f23)
                         - pc (RegularFile, 14591740e2aeabe794ee71749452e543)
                         - README (RegularFile, ec33afdcdacd4b73dd4ba17e6449d961)
               - remoteRun (Directory, e2e87d432fc009ddddd15516ad84efee)
                 - lib (Directory, 2e26a1f3ab1357016557ed222104eee6)
                   - modules (Directory, 91007353c82a034f6c175c8f5b46ffee)
                     - intellij.remoteRun.gradle.docker.jar (RegularFile, ba5b978912b8a280c89378dbb7ab1296)
                     - intellij.remoteRun.gradle.jar (RegularFile, de74aa1892ae8ee29c1d9eaaf7b0a4bd)
                   - remoteRun.jar (RegularFile, ebcd14f8f24bf1aaaad06de9fa55622b)
               - restClient (Directory, c95750b743195855d1b2052372026b82)
                 - lib (Directory, c2d5d481f95fcc68ed7255345655a6a6)
                   - brotli.dec.jar (RegularFile, 9d047c63ce4bdba8bbd3048b141c05c4)
                   - github.javafaker.jar (RegularFile, f5ecc9b662b7f197de3f5e0db6829086)
                   - graalvm.js.jar (RegularFile, f7a281b1cc3f340b2d5b884abb90115b)
                   - grpc.jar (RegularFile, 97501ef616ed6d71631da1247381e7fb)
                   - jooq.joox.jar (RegularFile, fccf318e6629c06837dc36871f51260d)
                   - kotlinx-coroutines-reactor.jar (RegularFile, 1865ef26a903887f3ee0246520a1d6d8)
                   - modules (Directory, edac4315ac17d32d29ab051850569686)
                     - intellij.httpClient.grpc.jar (RegularFile, a41df0f73db24bad130dabb43428218e)
                   - reactor-netty-http.jar (RegularFile, 388f50fdf49d71f075b108075bf820ae)
                   - restClient.jar (RegularFile, 0cdb6cc21befa1c1f605cbb80534212b)
               - restructuredtext (Directory, 61d657fe464f8aaf6758a2ccfd8cc143)
                 - lib (Directory, 5f566b757769affff0ddab1c6c55cdec)
                   - modules (Directory, fb30c2d317e84872d4add97220f2656a)
                     - intellij.restructuredtext.python.jar (RegularFile, 827757e59976edff4b21c5a88e4677e0)
                   - restructuredtext.jar (RegularFile, 93b9698656ad7f20c7007d478ad211b0)
               - sass-plugin (Directory, d18e68245b8c3c57cef54f67e9dfe5c6)
                 - lib (Directory, 20b6cdb16edc3096a37036cbeeded792)
                   - frontend-split (Directory, 3bbb2898425dc43a9a65a3ae972f5320)
                     - sass-frontend.jar (RegularFile, e0720d1f4ca2b7dcd08d770a6425f4d6)
                   - modules (Directory, d532a0326d9ad54181be5af84b7f9b94)
                     - intellij.sass.backend.jar (RegularFile, bad77cbc7b8847a23a2f0c49a3d0fce5)
                     - intellij.sass.common.jar (RegularFile, 9d7c29341c80a946c805cff35a67dbbc)
                     - intellij.sass.copyright.jar (RegularFile, a4afe7a829c97e258d1b7be9f460da4c)
                     - intellij.sass.frontend.split.jar (RegularFile, ad2f5bf268db59b8b761094ce7d3aacd)
                     - intellij.sass.jar (RegularFile, 35d2d33b291c064be4fb6e7d1dcd3230)
                     - intellij.sass.watcher.jar (RegularFile, 176bb8f9314fcfc7a69f8075fc2fad45)
                   - sass-plugin.jar (RegularFile, 4ffdc21993bcae0ed66a76ff0ffe73b5)
               - searchEverywhereMl (Directory, 3e3daa4ecef69c34943ffd6b881c93c1)
                 - lib (Directory, 18b7278aa5a69decf98e9a5688f00701)
                   - ai.grazie.emb.jar (RegularFile, f6233b97f0e04d3c31b7d4c7bf7fca77)
                   - ai.grazie.model.swagger.annotations.jvm.jar (RegularFile, a45e3cf26f45abf26dfb8d790849466c)
                   - jetbrains.mlapi.core.jar (RegularFile, cf2a4618c1143fb21119890a930b3930)
                   - modules (Directory, 7754c372b5403bc56658f373cb960502)
                     - intellij.searchEverywhereMl.ranking.core.jar (RegularFile, 4f3a87d8398acce12352f006618c0fd8)
                     - intellij.searchEverywhereMl.typos.jar (RegularFile, d82e8fff0e76097e25a75e9c79af7526)
                   - searchEverywhereMl.jar (RegularFile, d0328c2e32469c670918d925f9cabc7e)
               - settingsSync (Directory, e287d62e01e5d55b6175a5a97e3a88f0)
                 - lib (Directory, 272e91c18b72cd172854ee7ac5f22571)
                   - cloud-config-client.jar (RegularFile, 4c95f2f479190b2f845e7f65e41039cb)
                   - jetbrains.intellij.deps.eclipse.jgit.jar (RegularFile, 9d73a42070b160f59e47bc070f80da2e)
                   - settingsSync.jar (RegularFile, a4c1d316f7b4062054f23fb6ce4726b3)
               - sh-plugin (Directory, f8423fd7bf4f53609d43056e4f8d3f1e)
                 - lib (Directory, 29e032be5dfcbcdc6c43fc2019a59e8e)
                   - modules (Directory, de87cb34a8197ebd14df820cf2542e25)
                     - intellij.sh.backend.jar (RegularFile, 29ef5b53130887c744c9466ab57ca3ac)
                     - intellij.sh.frontend.split.jar (RegularFile, 8c20b7b3e6fd02c36a4e57d3e382194d)
                   - sh-plugin.jar (RegularFile, 1040fc0b22dcd0b49bb6e1f2eeb61e87)
               - station-plugin (Directory, c301a691d279d2bbf9cf00cc4d8dbad8)
                 - lib (Directory, 7a52e808cd4b90bc6e981c9601fb4a83)
                   - modules (Directory, 98c9aa450fffbe841111e39ff3e7b9b7)
                     - intellij.station.aia.jar (RegularFile, 251200094110a0b590202e85f18e9369)
                     - intellij.station.frontend.jar (RegularFile, 51ad649958b464747858a17652b33a8c)
                     - intellij.station.frontend.split.jar (RegularFile, 4e58c0185c0d8535e1dcf8fe4817b193)
                   - station-plugin.jar (RegularFile, 82fbd2e0b8302bc9b60157a228aed440)
                 - toolbox (Directory, cb71e6d2274e80863e14696c2cd25d44)
                   - build.txt (RegularFile, 4e7314ff05eb8bdd3f3cc4bb3bd0e6f2)
               - styled-components (Directory, 1131ad6bc6207c2f49319dcaf6cad2ea)
                 - lib (Directory, df7d29959371799ff8c83458aa568813)
                   - styled-components.jar (RegularFile, d3ff4df5bdab9061c57186bdaa39268e)
               - stylelint (Directory, dae66b24ea589721a505b8296216d521)
                 - lib (Directory, 8cbb77b9df50348c2ce51dcc23dff09e)
                   - stylelint.jar (RegularFile, 2799b0b993bda9021586b1291d9c0741)
               - swagger (Directory, ab52257ef41571cea82f1f4eeb09b693)
                 - lib (Directory, aee171d735e1c9d68bc7f14e8b57a866)
                   - intellij.swagger.redoc.jar (RegularFile, 3f65477c06194d46eed60dfbefcdd8c5)
                   - org.webjars-swagger-ui.jar (RegularFile, 2415206deffe31bfb1f9d89ce4038372)
                   - org.webjars.npm-asyncapi__react-component.jar (RegularFile, 5921b49d99735cbe2d44774664c99f34)
                   - swagger.jar (RegularFile, d80b7f50e84ea5c43370436733216254)
               - tailwindcss (Directory, 662ccf18ee43febcfce08176cef35614)
                 - lib (Directory, 56ca8ee136abc07162c3afe857bd24ed)
                   - tailwindcss.jar (RegularFile, 73253e7dd26b93beafea97ee20c3b919)
                 - server (Directory, e9ed96db98a5a384801a1d430371d3da)
                   - bin (Directory, fb7d93aa96a07ac2a6dee1f65b347cd0)
                     - oxide-helper.js (RegularFile, b57005f26bf75451b7270b81950d79ac)
                     - tailwindcss-language-server (RegularFile, 873119c3030d73fcc9379e9d171738fa)
                   - version.txt (RegularFile, ddb63561de19e0c192323c78c472e981)
               - tasks (Directory, 3cfb4f5425139eb8508ef065bd40868d)
                 - lib (Directory, 4fd006b7dd8e3816c588db09afa47400)
                   - axis.jar (RegularFile, af278268facc022bf32e62a363db9dec)
                   - commons-discovery.jar (RegularFile, 8e038d1a148de79363fc407b8e32c214)
                   - http-client.jar (RegularFile, d31b800cb71dd107d8227e29e25c885b)
                   - modules (Directory, 604d46e362b5edff10d7e3d04748f68d)
                     - intellij.tasks.bugzilla.jar (RegularFile, 3d7d54d2f7474fd3938c4a92b782e3a2)
                     - intellij.tasks.jira.jar (RegularFile, a8e69b20e9be03a2cd851681f2e49de0)
                     - intellij.tasks.trac.jar (RegularFile, 996bbabcc8a0407e306aa84566b6b042)
                   - tasks-core.jar (RegularFile, 235023b39bc7a081521876415b565cc5)
               - tasks-timeTracking (Directory, 72ad6176077dba1ee9d657b92c0aab86)
                 - lib (Directory, 9c56bf82c027de663f23cecd871a7b5a)
                   - tasks-timeTracking.jar (RegularFile, 3f694ed5e2bc44a6b67205cc38dd984c)
               - terminal (Directory, 2c9035ff6ec17f8cf5978dac8d212cae)
                 - lib (Directory, 3d7edab312d46559762b1bb7cd672140)
                   - completion-ranking-sh.jar (RegularFile, 45d98b273c1e11febcbe562f0466fac7)
                   - modules (Directory, 861a2115ebda15bda8dcbe85a8f073ba)
                     - intellij.terminal.frontend.split.jar (RegularFile, 0155073e2368cf5839a284cd3b042409)
                   - terminal-completion-db-with-extensions.jar (RegularFile, 610d4f676a56dfe03936d64f35fe74ff)
                   - terminal-completion-spec.jar (RegularFile, f373e1bf7a55061677d5bb90b49226c4)
                   - terminal.jar (RegularFile, 342ae0acc7bee831c82b971312421c2e)
                 - shell-integrations (Directory, 76d7a23c77bb3abd0b5f2d2892d538ca)
                   - bash (Directory, 1a59be357ca00e56b2581e684b1d61e3)
                     - bash-fig.bash (RegularFile, 6d66c31f4130bb1dd7fa27f31a8cab5a)
                     - bash-integration.bash (RegularFile, 1a45442e3fa4d0ea70f4aa9ded48549f)
                     - bash-preexec.bash (RegularFile, e2184c94f31bb0c1769f7ce0db4da4ff)
                     - command-block-support-reworked.bash (RegularFile, 9465d02ad9c3f1787d57897611811049)
                     - command-block-support.bash (RegularFile, 8dcd6c13f98f5810690cd4bda128ab4d)
                   - fish (Directory, e44537188f3f8a0e8e02546efdd2d1f2)
                     - command-block-support-reworked.fish (RegularFile, db4986c797b18f89b3e3774d78ef2d52)
                     - command-block-support.fish (RegularFile, a810414ee756fca1c33ccdf302a22037)
                     - fish-integration.fish (RegularFile, 9c39e44119804bc7db786c923c76d030)
                   - powershell (Directory, 35043b0ab8375344a6dd73426a4bd795)
                     - command-block-support-reworked.ps1 (RegularFile, 420a6ef5a035fb113f3037aaf8964619)
                     - command-block-support.ps1 (RegularFile, 8ca93bfe957b2d076e98017d8b60202c)
                     - powershell-integration.ps1 (RegularFile, d5a5c5a9963a0bc8495aa7b75d6f148e)
                   - zsh (Directory, c36672d74da2172c8b964ae70cf9c349)
                     - command-block-support-reworked.zsh (RegularFile, c03fe55cb0297890c779092a5b28f834)
                     - command-block-support.zsh (RegularFile, 650307be58fb559365f85fc3fc55a520)
                     - zdotdir (Directory, 671a40b351a0852166462e0a4b5b7f2c)
                       - .zlogin (RegularFile, 40d38190447a350692f727a5da15e869)
                       - .zprofile (RegularFile, 6ea67334c9d3e6644837af1aa3abb428)
                       - .zshenv (RegularFile, 2e4e05641c167f1a774becbafd173b9a)
                       - .zshrc (RegularFile, bd99b1c523c6326b3c4136325030467e)
                       - source-original.zsh (RegularFile, 569be89aff0052cfd2e32840c37d0ccc)
                     - zsh-integration.zsh (RegularFile, b0102e26a627d8259f6502aef0a932ff)
               - textmate-plugin (Directory, efc0d3181047a19dfd3f246f0cf9595a)
                 - lib (Directory, 74f6308c7301ef7933136babcc86ab4e)
                   - bundles (Directory, 09bc2ae0ab2a6481d278ad80a56f6d20)
                     - adoc (Directory, 7f2d6be03938360f1d748291554828b5)
                       - asciidoc-language-configuration.json (RegularFile, 3ca42f83d06b7218ab519fe83396fd29)
                       - LICENSE (RegularFile, c2c1e563507aacc33683439f27836e98)
                       - package.json (RegularFile, 6e80830a1505f4c6106f0f148871bda8)
                       - README.md (RegularFile, ea2be30f9dcdde9967a205128da1da16)
                       - snippets (Directory, 49cae2ca45bdd1d50a2f10330482bed3)
                         - snippets.json (RegularFile, 84616822aea48a833ec3b63a6e749767)
                       - syntaxes (Directory, 571597ca8dd42eb3888e5d3c63254610)
                         - Asciidoctor.json (RegularFile, bb56691ca1b258af323fc97cb9bcc2cb)
                     - bat (Directory, 1cb9d898ab5b7646bb81cc33052456ca)
                       - .vscodeignore (RegularFile, 3901c7c48582f04ecfa3b5218d0c8558)
                       - language-configuration.json (RegularFile, be9dd80d9fc8fd289515733b74d60ed0)
                       - package.json (RegularFile, 14de8f662b77f8ce2cfe4d3154471168)
                       - package.nls.json (RegularFile, b303c290fd15c1e56af559d7a52d913e)
                       - snippets (Directory, 14785a6582de6438e79dbbe7b588e449)
                         - batchfile.code-snippets (RegularFile, c5a9fdb3f443211b3bfdc0b554b95ddb)
                       - syntaxes (Directory, 9e11dc82c66c0d86a5a1a673446f22c6)
                         - batchfile.tmLanguage.json (RegularFile, ad3c2864f6cf8511335efb5d5a193186)
                     - bicep (Directory, 0780ddd4147be4a8c75d29268ade89bb)
                       - package.json (RegularFile, d199c183ab85e223d12c1f70b86fd258)
                       - syntaxes (Directory, bc054e831f49b75c75733ed37b6ba645)
                         - bicep.codeblock.json (RegularFile, 02a07b11e9b80f295eb295273726bac5)
                         - bicep.tmlanguage (RegularFile, ccf32fff5723db788d7d1cad52ad4fb0)
                         - language-configuration.json (RegularFile, 7895fe326480e5ba0c50118dca922600)
                     - bicepparam (Directory, f25678d7a87a26247442ea3d4c3704fd)
                       - package.json (RegularFile, b7354ac13971ceaa0ef50d00bd636614)
                     - clojure (Directory, 5fcb425828fc5d001a398ed222ceee36)
                       - .vscodeignore (RegularFile, 3901c7c48582f04ecfa3b5218d0c8558)
                       - language-configuration.json (RegularFile, 0187900007c0d06c2c73444796d4815a)
                       - package.json (RegularFile, b25542ea72116333f526b3c434dd0dfb)
                       - package.nls.json (RegularFile, 70bada3ff5040db25defc213926b99f4)
                       - syntaxes (Directory, 4670f0a2db05aa54932763df628cfc08)
                         - clojure.tmLanguage.json (RegularFile, 0be21960bab6508976cc10fa0de99769)
                     - cmake (Directory, 1d9787aee08470ee3d42d0b3e11d0938)
                       - LICENSE (RegularFile, 481c7b7419c6b74284ec7070752172d7)
                       - package.json (RegularFile, 29d96f722525fa09a97e9997802c63e7)
                       - README.md (RegularFile, e726424dc3317d69253ecbf4bc01faa8)
                       - syntaxes (Directory, 994959c799d239f31320d3dc30a5991a)
                         - CMake.tmLanguage (RegularFile, 4239e7f1e78b9194d2c4c381168a087a)
                         - CMakeCache.tmLanguage (RegularFile, 2a14c17c56fe3e89f01b6f9191c61b1c)
                     - coffeescript (Directory, c3470c3e271010f1c021abca869f6f9b)
                       - .vscodeignore (RegularFile, 3901c7c48582f04ecfa3b5218d0c8558)
                       - language-configuration.json (RegularFile, 9bda33d4be7f72c6870126d910ef665c)
                       - package.json (RegularFile, 951d4becf9afc9515ee5a1553f697c3c)
                       - package.nls.json (RegularFile, 3ff321e0e6b35130266b4a9443a6107b)
                       - snippets (Directory, b43dfad05d540978ede9fc562ee27457)
                         - coffeescript.code-snippets (RegularFile, a2a42b9d6dbac39d45ef7316764154bc)
                       - syntaxes (Directory, 2194a4716c7f8014541bab53f8d9f07f)
                         - coffeescript.tmLanguage.json (RegularFile, e3b410975aced59448b8db9edf6ec4a8)
                     - cpp (Directory, 6e5f7ece17fad7c87f2d4cdfebb5b345)
                       - .vscodeignore (RegularFile, b2b1c2894e8a18c8ffb9bb1de4aa960a)
                       - language-configuration.json (RegularFile, b69c45f0fd3dbe4ee85d2054a1901b63)
                       - package.json (RegularFile, dc60d38090f80b9950e5128fa89c5d35)
                       - package.nls.json (RegularFile, 7ccbd104d93869d7702c9b5ec015d152)
                       - snippets (Directory, 2dec7257fbb133997f0a207b58b89c94)
                         - c.code-snippets (RegularFile, 566d6ffd9c3fa4528522e77a1d50aedc)
                         - cpp.code-snippets (RegularFile, 566d6ffd9c3fa4528522e77a1d50aedc)
                       - syntaxes (Directory, d05f16aa85128c8a8b5ddafda2dba943)
                         - c.tmLanguage.json (RegularFile, 2eb4faff4ed3fee8f710d87257a6ccf1)
                         - cpp.embedded.macro.tmLanguage.json (RegularFile, 2c92fe5b44054eab60ecc187ae4a7802)
                         - cpp.tmLanguage.json (RegularFile, ab8fd72030960ff97fa532686e29d8aa)
                         - cuda-cpp.tmLanguage.json (RegularFile, 15a08215f33d9a1d234e1eafd3addffd)
                         - platform.tmLanguage.json (RegularFile, 5399e0a504405417ce9dea928743a0bb)
                     - csharp (Directory, f6505640f4bd71566977e124acbad99d)
                       - .vscodeignore (RegularFile, 3901c7c48582f04ecfa3b5218d0c8558)
                       - language-configuration.json (RegularFile, 513a739b71221fb578462dae17066eef)
                       - package.json (RegularFile, 1f1166e129486aa90d54f886dbd1f03e)
                       - package.nls.json (RegularFile, 7891cff353eb50ca73a33275406665ec)
                       - snippets (Directory, 7fb638854ca70d03bb9b655c4e41b423)
                         - csharp.code-snippets (RegularFile, 2d98ad90f356773e8706dd4614f26238)
                       - syntaxes (Directory, edbbf1d3a86303b9be13d5ffb5f82679)
                         - csharp.tmLanguage.json (RegularFile, 9d43d7a85e240f49248a02911e0863ca)
                     - css (Directory, 54b0a8ab6973b8b666456f1475001df4)
                       - .vscode (Directory, 2043c1a8595744ba36dbf53571102906)
                         - launch.json (RegularFile, c7559f1cbf3655334dff01d67b0b9953)
                       - .vscodeignore (RegularFile, 339961a5aa66dd13fcbef7ba1ca9794c)
                       - language-configuration.json (RegularFile, 91ca0b958a0ff113cc843a414f20e2ca)
                       - package.json (RegularFile, a2382a3ed1dd5998c3a71772bbba1c6f)
                       - package.nls.json (RegularFile, c57796cee5af6244a6f5b06c412f07cb)
                       - syntaxes (Directory, ccb649fecf9a89d3d8cb13035ab567fb)
                         - css.tmLanguage.json (RegularFile, 1f6161c991b246ad55d9fa4d734aabe2)
                     - dart (Directory, a20bbeef68c068e9826636cb46e8e5b1)
                       - .vscodeignore (RegularFile, d4002ed1f9a79b68d9b129240d929c65)
                       - language-configuration.json (RegularFile, 7025e3d5caa9b9be33fccc3daa135b3d)
                       - package.json (RegularFile, 9d1e3e3b2ebbeb0b84ae141fa1779a4b)
                       - package.nls.json (RegularFile, f34e2a52cdbca14e266af76a47a5aedb)
                       - syntaxes (Directory, b9778a1455801fce786231836630be9b)
                         - dart.tmLanguage.json (RegularFile, a8aa6f05ca01c87cc95a2568605b16d5)
                     - diff (Directory, a670707bdc2962c39df93bbd7e1f85af)
                       - .vscodeignore (RegularFile, d4002ed1f9a79b68d9b129240d929c65)
                       - language-configuration.json (RegularFile, b1033f98881baf90c94b22e3730f1f74)
                       - package.json (RegularFile, a7051cec8f20d8daea4fc60299d38bfa)
                       - package.nls.json (RegularFile, 58591f0b90dac1951bb46a95e1f9ae0f)
                       - syntaxes (Directory, 702def4f3e5c22026ef37ed556344393)
                         - diff.tmLanguage.json (RegularFile, ad1cd761f16e888cfd8cbdf2af79c6a2)
                     - docker (Directory, ad8ec2bb62af3d278db7a7981e3ac277)
                       - .vscodeignore (RegularFile, 3901c7c48582f04ecfa3b5218d0c8558)
                       - language-configuration.json (RegularFile, e2cbb4fc7477bd4fcffbce48c6ee9e49)
                       - package.json (RegularFile, d24bf9acc66cbdb0b11ec774a1600648)
                       - package.nls.json (RegularFile, 20ba8bdae4bd676a677afac804275d03)
                       - syntaxes (Directory, 7eab1b566f349817f62649164f1d6c7e)
                         - docker.tmLanguage.json (RegularFile, 8bb94ef3d86b4308093730ee7ec4d6c0)
                     - erlang (Directory, 4d61d641c8f8c72cf4ecf14a2a334b9f)
                       - grammar (Directory, ddb4765333f5f17e79081f5c7cf766ff)
                         - Erlang.plist (RegularFile, b7d8173af95500c3ee7d293f93d89ee4)
                       - language-configuration.json (RegularFile, 99408730dc605f65e36c61f60fc5d1d1)
                       - package.json (RegularFile, fe90d553210414dea9378d9e5f984745)
                     - fsharp (Directory, 737f3daf26d71679b42b85cdadec9810)
                       - .vscodeignore (RegularFile, 3901c7c48582f04ecfa3b5218d0c8558)
                       - language-configuration.json (RegularFile, cc2b917a64f1078d8e8efa3f9c45acd3)
                       - package.json (RegularFile, 685d0d7ffe4dc4bef700820d5d53ef03)
                       - package.nls.json (RegularFile, 8770aec52c301dfc130bf592567a8ed3)
                       - snippets (Directory, 7baf473049acfbd39ae70126144f6304)
                         - fsharp.code-snippets (RegularFile, a0d9494ed348be49a542d867b48dd998)
                       - syntaxes (Directory, 5395a50b679c48a0f29436d9d84247da)
                         - fsharp.tmLanguage.json (RegularFile, 7dbd6324e14f350357744c983e7235df)
                     - git-base (Directory, 927aba70c22dc83fe86ab4a282344c22)
                       - .vscodeignore (RegularFile, f3f53e779052ecbeacaeca299ee9da5d)
                       - languages (Directory, 06ee8ec47b5f72b2eaaa4a695d3ccf9d)
                         - git-commit.language-configuration.json (RegularFile, 3272a95d6af08bbc71fa1bcaa0172f40)
                         - git-rebase.language-configuration.json (RegularFile, 3272a95d6af08bbc71fa1bcaa0172f40)
                         - ignore.language-configuration.json (RegularFile, 74484bf5b5e39db9a9a78c3ec924e0e2)
                       - package.json (RegularFile, 1e543a88bd51be568591982b311ca375)
                       - package.nls.json (RegularFile, 175724fa20d1ba482ed8ecc34f25d272)
                       - README.md (RegularFile, 001320eae5658c272daba87f0199c946)
                       - syntaxes (Directory, 304ec39f569bb62481ea426594797de6)
                         - git-commit.tmLanguage.json (RegularFile, 792509b0c63bd6c454dce0194f69bba2)
                         - git-rebase.tmLanguage.json (RegularFile, 13afe0b385bd623127834ff7145b295f)
                         - ignore.tmLanguage.json (RegularFile, 10ce2ea79ff1f6681487fd48ad8c980b)
                       - tsconfig.json (RegularFile, 468f6e470a91f42913c3be20bf6cadc9)
                     - go (Directory, 313887b58012a7cffd86a2f50713e4c0)
                       - .vscodeignore (RegularFile, 3901c7c48582f04ecfa3b5218d0c8558)
                       - language-configuration.json (RegularFile, ddd48957a76504dc6ea748cbd1455aed)
                       - package.json (RegularFile, f2f35d1e2bcebb65a7fcdebcb878ebea)
                       - package.nls.json (RegularFile, 15f2448ff998938c5789f76929209fe6)
                       - syntaxes (Directory, 10b87958b6828ba1f6f9e91ddb59645f)
                         - go.tmLanguage.json (RegularFile, 664aff05fdd38aa06ce57842770fecca)
                     - groovy (Directory, 4ea7461201215a9ce4d88003534d7dee)
                       - .vscodeignore (RegularFile, 3901c7c48582f04ecfa3b5218d0c8558)
                       - language-configuration.json (RegularFile, 161f773ef42973a8f729278521ec1cc1)
                       - package.json (RegularFile, 9e36723e37be7f5dd9c728cc851f33ea)
                       - package.nls.json (RegularFile, 938abe82d338344ea2ef88c216b17937)
                       - snippets (Directory, 10a7a81c040c9454f8f1783a9ac73f43)
                         - groovy.code-snippets (RegularFile, 8885c065a17f2b034af7ff1b941f988c)
                       - syntaxes (Directory, a6f7d0324b447780249b8aad6529d2ad)
                         - groovy.tmLanguage.json (RegularFile, a3c83d36d2b3c0d38d049043a955fe39)
                     - handlebars (Directory, b5f2b8e826d0b317bba96d92745be03a)
                       - .vscodeignore (RegularFile, 3901c7c48582f04ecfa3b5218d0c8558)
                       - language-configuration.json (RegularFile, 6e99fa4ec596d9ebdc8200675366cdc1)
                       - package.json (RegularFile, c900535666f1a14e7857623833f1dd87)
                       - package.nls.json (RegularFile, edf7b25249b08081dd73b20bc044413f)
                       - syntaxes (Directory, 773a1866fe8b12de8890bed05202d6d7)
                         - Handlebars.tmLanguage.json (RegularFile, 4bc64a2b8e018af575bedef5e0ca536c)
                     - hcl (Directory, 695b5af62c053725fa363982de2d6345)
                       - language-configuration.json (RegularFile, bb84b6558dd40fd7c7e90ce86abeb9d4)
                       - LICENSE (RegularFile, 3aa8a2bfb6c417925ee8e124bda79dd1)
                       - package.json (RegularFile, 97ddad5e2946a64a5ebc83f3fee6ef63)
                       - README.md (RegularFile, db85de718097b449af7d5cc9738bd37c)
                       - syntaxes (Directory, e976217d7f82e886b800eca9cc45f79f)
                         - hcl.tmGrammar.json (RegularFile, a4e6f720d880f37f644547d7488e70e7)
                     - hlsl (Directory, ef8be2a0a2cfc967595a549eca6b830c)
                       - .vscodeignore (RegularFile, 3901c7c48582f04ecfa3b5218d0c8558)
                       - language-configuration.json (RegularFile, 6426375f4ae65a3429d528cf66dd741b)
                       - package.json (RegularFile, 8772135fe65ca3bcf1687ba930fc1106)
                       - package.nls.json (RegularFile, 594a5ff8c46bcf16344c8d8eb452d87c)
                       - syntaxes (Directory, be554cda2546f8828b96eb412ec025b4)
                         - hlsl.tmLanguage.json (RegularFile, 063f9f64fb00097648e1f1677ef5e758)
                     - html (Directory, 03c2fb727cb6f0e7bbc5fc93851edc1e)
                       - .vscodeignore (RegularFile, b2b1c2894e8a18c8ffb9bb1de4aa960a)
                       - language-configuration.json (RegularFile, 6082b838a95ba6e5b3a6bb6c29d22c27)
                       - package.json (RegularFile, a402b536cbee5301c13a4b914376f4e0)
                       - package.nls.json (RegularFile, 9478af41616294d9a4f61168e1cff809)
                       - snippets (Directory, 32b0839e330697974e8c48d19580bf83)
                         - html.code-snippets (RegularFile, 727b3b3a672bd8e6e513ae3ddbad9097)
                       - syntaxes (Directory, 22e5cdcaf620cf79bdf38ec7bac96c28)
                         - html-derivative.tmLanguage.json (RegularFile, c6d1d410cbcadd2937d769f89d85535a)
                         - html.tmLanguage.json (RegularFile, 9028848c1fc8ef4a6593adbd0f80e6ac)
                     - ini (Directory, cc2abcbbf291aa521ce4259c92c4959e)
                       - .vscodeignore (RegularFile, 3901c7c48582f04ecfa3b5218d0c8558)
                       - ini.language-configuration.json (RegularFile, 3c36d0017831920157779d66fb582ffb)
                       - package.json (RegularFile, 6c0d08a7a6601e41120a264b2d984d40)
                       - package.nls.json (RegularFile, c34aa620d6aa3e02da41868bb7946813)
                       - properties.language-configuration.json (RegularFile, 0c6f07e2d55a0a1497abc815e18c3c14)
                       - syntaxes (Directory, bd7eedf14c8ab3a78ef325794fb6f0d6)
                         - ini.tmLanguage.json (RegularFile, 84dc50b919ed543ae6f1732a2dc1c685)
                     - java (Directory, 20d7e48325659a348d02d3f46277941b)
                       - .vscodeignore (RegularFile, 3901c7c48582f04ecfa3b5218d0c8558)
                       - language-configuration.json (RegularFile, 7d0fa3fd321199c609f6fe283f16944d)
                       - package.json (RegularFile, dd4f24e306528f795991aa2001701f6d)
                       - package.nls.json (RegularFile, df2dda897cbe26a187c175c7f119fb10)
                       - snippets (Directory, 42d9106718bb18689c5bd0749e6611fb)
                         - java.code-snippets (RegularFile, 3028eb3329365bffb33f12cef53532a9)
                       - syntaxes (Directory, 134e9e4a6fa35d97368fa69857734e2e)
                         - java.tmLanguage.json (RegularFile, 6589d250a9116fc444d78bd3b5b3c6ba)
                     - javascript (Directory, d02e955740d677475b5fb1b5e6041e75)
                       - .vscodeignore (RegularFile, 76f153b963cd964519555f2e450dcfa4)
                       - javascript-language-configuration.json (RegularFile, 08483c4a5056c344864eecfdab895ff4)
                       - package.json (RegularFile, a8e15a02b5a21e674b7b2e7994946281)
                       - package.nls.json (RegularFile, 0f6a619fa3394b2537b2aeb299780c70)
                       - snippets (Directory, f68b58443f63ced7679ba210e90d7821)
                         - javascript.code-snippets (RegularFile, 015d433c35cd53ac5ecb3948478c5f33)
                       - syntaxes (Directory, c9117d6cf7f54b1f220de0312cc1a064)
                         - JavaScript.tmLanguage.json (RegularFile, 4894473638e17a7978d3a8d9fbe40c3d)
                         - JavaScriptReact.tmLanguage.json (RegularFile, 10e2ddbf791833e5e17694bb821b2e29)
                         - Readme.md (RegularFile, 06495971a91d6d2cb4cf4ea308e7dd17)
                         - Regular Expressions (JavaScript).tmLanguage (RegularFile, d80081b3bec4f2fc960acb4935aa4f4f)
                       - tags-language-configuration.json (RegularFile, 616d3d04fbce77cce1aa131fa5b10bf6)
                     - json (Directory, 76b6882528275128a369b0531a00e34c)
                       - .vscodeignore (RegularFile, b2b1c2894e8a18c8ffb9bb1de4aa960a)
                       - language-configuration.json (RegularFile, 66519c7ce33ea3664d36291b8e20771c)
                       - package.json (RegularFile, b20d5744443f8343d611cf4a44b4ac04)
                       - package.nls.json (RegularFile, d12671a948731ac52571b62249700b1f)
                       - syntaxes (Directory, 749fb88ed7685e0447f773640ac69f90)
                         - JSON.tmLanguage.json (RegularFile, e4f9c3cced630ed81516566f5913319f)
                         - JSONC.tmLanguage.json (RegularFile, 4e559e5a2397d9351614279a3558f40a)
                         - JSONL.tmLanguage.json (RegularFile, 54ae84c85dfaefaf460827ff42cbc6a8)
                         - snippets.tmLanguage.json (RegularFile, eab0b36ae19d9bec6c2c73d7e3be1760)
                     - jsp (Directory, c231919a3d6a801ee5309109595fcfb5)
                       - jsp-configuration.json (RegularFile, eadba55ffc1cd360a76bfb6e076b7ffc)
                       - LICENSE (RegularFile, 0d843e4ce4764cea15955a2782355f4d)
                       - package.json (RegularFile, 15306c44b118da8a22c95b8706ae063e)
                       - README.md (RegularFile, 08ed0f6973e2072ffe775690692d4f92)
                       - syntaxes (Directory, 8525436bf30acacc5812fb53e06ece35)
                         - jsp.tmLanguage.json (RegularFile, 242cbb89184e73fb0bfbb3eada39d384)
                     - julia (Directory, 9c48592e99ba8b84865f4703dacd76d2)
                       - .vscodeignore (RegularFile, d4002ed1f9a79b68d9b129240d929c65)
                       - language-configuration.json (RegularFile, c087d3627624921721d9d68404f17704)
                       - package.json (RegularFile, 65497efbf3490a791324a25333cb73e7)
                       - package.nls.json (RegularFile, 843c2b2ebc3784f4d004ba5cf444f51c)
                       - syntaxes (Directory, 4414a984bbdf924b9bade530303ff5c0)
                         - julia.tmLanguage.json (RegularFile, 42eab98f9182313eab41cbce137ff35d)
                     - kconfig (Directory, 62c6a6d417a931301be3bdfa2c672516)
                       - language-configuration.json (RegularFile, e0cff92cf58ee42bf1aebcab66b5f269)
                       - LICENSE (RegularFile, 56576293878c8875c8d66bc217ef5890)
                       - package.json (RegularFile, a8516aec9c0000a23d7ff1536340a554)
                       - syntaxes (Directory, e9bf82a0f27aa3852ebb915125da11bd)
                         - kconfig.tmGrammar.json (RegularFile, 3018c54478206976b0a098b8b1533f3a)
                     - kotlin (Directory, fbe39d9ca5743b31783bca87fdbf37ce)
                       - info.plist (RegularFile, 71d1d2a2c25858e899bf105074f8841f)
                       - snippets (Directory, 94891b9420f82edd3ef9cc2a9b24465c)
                         - class.tmSnippet (RegularFile, 81b04b71fc240344da0e35f94612f8ba)
                         - println.tmSnippet (RegularFile, 87d12a20662823fadbbf19ba1954cc95)
                       - syntaxes (Directory, 7c14dd63c30aab10c84a63cbcbb0e6a6)
                         - Kotlin.tmLanguage (RegularFile, 5332db1c5334afbace4014da43c8a70d)
                     - latex (Directory, 06a71ada3992ba01dc88bf436c7748d7)
                       - .vscodeignore (RegularFile, 144c45d207b72c3f4c08881aa6f2be1d)
                       - cpp-bailout-license.txt (RegularFile, bd69823779fcb553dbb781612df22ba1)
                       - latex-cpp-embedded-language-configuration.json (RegularFile, 3f99b845bae46050b2f65ff1a40b4089)
                       - latex-language-configuration.json (RegularFile, f831feab92c2fd8854b36cf73ec8da0c)
                       - markdown-latex-combined-language-configuration.json (RegularFile, 25d7960c30f13058140631c15c1c0efa)
                       - markdown-latex-combined-license.txt (RegularFile, 22b824d2ef96515fccc700616abeaa0c)
                       - package.json (RegularFile, 72377da31a761af3c5691c2e355b40fd)
                       - package.nls.json (RegularFile, 6f15ca5665d4b77b3bf856398efab7b2)
                       - syntaxes (Directory, bb30a6ed70030c171af6c27ffa04a1d5)
                         - Bibtex.tmLanguage.json (RegularFile, 13a477cc4926a3aac8d02cf4361f815e)
                         - cpp-grammar-bailout.tmLanguage.json (RegularFile, bdcff5fe40d6c59676389dad6d0e5c12)
                         - LaTeX.tmLanguage.json (RegularFile, 1bcf26a0b695d62681af46e153a678e0)
                         - markdown-latex-combined.tmLanguage.json (RegularFile, ae6fa35f88ee4b424a73c6872a5bf2d6)
                         - TeX.tmLanguage.json (RegularFile, 512ae1e1609437f0ba16a9b1cadf3168)
                     - less (Directory, 9827faa8cf537c064e776f121b689e68)
                       - .vscodeignore (RegularFile, 3901c7c48582f04ecfa3b5218d0c8558)
                       - language-configuration.json (RegularFile, 4537c0658116f1bdccda27f4b3ad503b)
                       - package.json (RegularFile, 001f8bd732eca725c84f6561e35dfdb3)
                       - package.nls.json (RegularFile, c9ecefacf83f5ad09850456d1f8eff56)
                       - syntaxes (Directory, 27760d8c231b034d6054a8d81625a4b8)
                         - less.tmLanguage.json (RegularFile, 52efce304b0901aea39b8e420716ce81)
                     - log (Directory, 037301637fa484612db2ec09e0f4f1a3)
                       - .vscodeignore (RegularFile, 3901c7c48582f04ecfa3b5218d0c8558)
                       - package.json (RegularFile, d40e2c769871bb0ddd68f4deead3d85f)
                       - package.nls.json (RegularFile, 1617bec10fa3170ddd8c6a3fd9d46ae0)
                       - syntaxes (Directory, a381f4b6e56cab102e6b994ad11338a8)
                         - log.tmLanguage.json (RegularFile, 44d7beab1c0b02bd3dd4fc9c2d511966)
                     - lua (Directory, 223f8d01be6023b0ad89094157220adb)
                       - .vscodeignore (RegularFile, 3901c7c48582f04ecfa3b5218d0c8558)
                       - language-configuration.json (RegularFile, a37677b8a0051a3ab4bbe09ca385225d)
                       - package.json (RegularFile, 97f175bc76658aa23a2add6cd4267e5e)
                       - package.nls.json (RegularFile, 5651edf42b475ee9da1e6a06feada538)
                       - syntaxes (Directory, fd6cd3a02aec4f5315c727247e30e0a5)
                         - lua.tmLanguage.json (RegularFile, bf91105756c0ab4d7a1143c25d2bb309)
                     - make (Directory, 605cdcb9ee766791847e874198374ae3)
                       - .vscodeignore (RegularFile, 3901c7c48582f04ecfa3b5218d0c8558)
                       - language-configuration.json (RegularFile, 130205b28253eeef05bfcaf0149f0bca)
                       - package.json (RegularFile, 40e38fd774532d1b8d1767dc2ad64eab)
                       - package.nls.json (RegularFile, e3501444d592290fd27a3dcdcfdf34f3)
                       - syntaxes (Directory, 53fd1d007c44071280ab08c99b647e3b)
                         - make.tmLanguage.json (RegularFile, 25b43b71db8f68f41d5e9cf669736a2d)
                     - markdown-basics (Directory, 476cf3141df8926c53739373e93fde95)
                       - .vscodeignore (RegularFile, 379583f93f2478c443bfe2c69b8eafc2)
                       - language-configuration.json (RegularFile, c1912669b018448aae8d9302ea074991)
                       - package.json (RegularFile, bec4195f6d20e00a3a454102a1b96123)
                       - package.nls.json (RegularFile, fc87fbfda66ec7a0fbd70571983dd74b)
                       - snippets (Directory, 96b8014f11647aed899ab33bf16e9e03)
                         - markdown.code-snippets (RegularFile, 12b9775aeaa7753eee376be79e20f170)
                       - syntaxes (Directory, 36453d5e257ca98474cfd8107d077cff)
                         - markdown.tmLanguage.json (RegularFile, 4c93d79fc704e5083b14a608338ce86d)
                     - markdown-math (Directory, 60d9c33890e8586722a9639cb1f169f5)
                       - .vscodeignore (RegularFile, 36eaee5d1b21c1de31ef47a65dee2fb5)
                       - notebook (Directory, c5fc14b0e9f52aa6e13cdb6544dd7035)
                         - tsconfig.json (RegularFile, ccbafd819c076f4131cdfe5c2bfe0289)
                       - package.json (RegularFile, 6c232a3e8f3335027873acebfd163a68)
                       - package.nls.json (RegularFile, 2cd844010a1b1f696908c249a2cc10fe)
                       - preview-styles (Directory, 076daf74699dc9254f01c0f8e69ff6ca)
                         - index.css (RegularFile, 58476b553207ff9052a93b8107b35a63)
                       - README.md (RegularFile, 767063884b48a0a077a1992589b3c020)
                       - syntaxes (Directory, 68320e1f376c473cb68e14187c7d1c3e)
                         - md-math-block.tmLanguage.json (RegularFile, 0992586dc644eb2ec648fa0ee3ae0d84)
                         - md-math-inline.tmLanguage.json (RegularFile, 723e1948a00defc4010ef975a6b4bd61)
                         - md-math.tmLanguage.json (RegularFile, 4ebfa217f7ca83cee828148805742ea8)
                       - tsconfig.json (RegularFile, 5a8582f63f64efdeeb66d8a78a5ffe73)
                     - mdx (Directory, ae3a148f62e9793badacc3d2d261a4ae)
                       - language-configuration.json (RegularFile, f0ecd89da1c93e57412fe6a18e643977)
                       - license (RegularFile, 640353bbd0cb6b8affcebe026d24876e)
                       - package.json (RegularFile, c82077bf8ae3be0db6951b7d802f1e4b)
                       - syntaxes (Directory, e4cf89f9c7fc93396abd61cfea2bcfab)
                         - mdx.markdown.tmLanguage.json (RegularFile, aea75b63ecb3d132fbf88efd99f4a38e)
                         - mdx.tmLanguage.json (RegularFile, 5edd467872b3f19023904049aee74371)
                         - source.mdx.tmLanguage (RegularFile, a703d1073cb6e3b51e79fcf9583879b3)
                     - objective-c (Directory, 8c0ab3e00f49e026ad5e501664e5d93e)
                       - .vscodeignore (RegularFile, 1f3af2829bd94ba1ec4abeb10eb9fe60)
                       - language-configuration.json (RegularFile, 161f773ef42973a8f729278521ec1cc1)
                       - package.json (RegularFile, ac9096eac254fa42c16160e55bc93bc5)
                       - package.nls.json (RegularFile, be7de9d188715d630c830e547c3a1ce0)
                       - syntaxes (Directory, cd24374d34ead827ad09de9610ec5141)
                         - objective-c++.tmLanguage.json (RegularFile, aca2a9c9812fc5764a14378060d0e050)
                         - objective-c.tmLanguage.json (RegularFile, 02b82001e1f3a57a1dbbd8206f81fe25)
                     - perl (Directory, 27cbb62fefcb11952b83585e04fb2957)
                       - .vscodeignore (RegularFile, 3901c7c48582f04ecfa3b5218d0c8558)
                       - package.json (RegularFile, 6c0cb6a68d920497ddc8cdafc40588a5)
                       - package.nls.json (RegularFile, 12bf902e9ef3f664e62b62a47f3ed2b8)
                       - perl.language-configuration.json (RegularFile, 33bf053f97fa86ab19b5e2b30de8442b)
                       - perl6.language-configuration.json (RegularFile, bc1693a6a4f749ecf373055a342420e2)
                       - syntaxes (Directory, f35bbccaf1e964a4a1d0da857b3e2a56)
                         - perl.tmLanguage.json (RegularFile, 7f9b54bd172bbf047271b6465d097fee)
                         - perl6.tmLanguage.json (RegularFile, d6f8c2f00151916b58a550a3826ef692)
                     - php (Directory, aae563bc1deacb84db60491330aabf89)
                       - .vscode (Directory, 074b09aba94969e7bf4727daf5b9b2a5)
                         - launch.json (RegularFile, 4a8bab7eedcff80c2295f550892c5e00)
                         - tasks.json (RegularFile, 310d64a8adb1debf2921fc3a7962409a)
                       - .vscodeignore (RegularFile, cd2b1911a2b28f26f7fc09c623f74eab)
                       - language-configuration.json (RegularFile, 0eae49db1cd102e588fa79eee6f0bc86)
                       - package.json (RegularFile, ae69bb8793de2eb9375ba7fd33d13dd1)
                       - package.nls.json (RegularFile, 81859e0c51f4478272daa50e74361f5d)
                       - snippets (Directory, 1ab1e3ccef5f722eba34bd34e24ae46a)
                         - php.code-snippets (RegularFile, 6e6a2193ba3fd28f3a83261387256f3d)
                       - syntaxes (Directory, e893e4cf70de648d5ac6a84ce2fca852)
                         - html.tmLanguage.json (RegularFile, 01ef898daf361dc78ba3aea25cbfb2f2)
                         - php.tmLanguage.json (RegularFile, cea33e2fc21976bebf272264f8afbf25)
                     - powershell (Directory, c471261d53cd765b41fc4e3242b2e7f6)
                       - .vscodeignore (RegularFile, 3901c7c48582f04ecfa3b5218d0c8558)
                       - language-configuration.json (RegularFile, 39ccdc44e61e73de0ab8b45603c49a03)
                       - package.json (RegularFile, c7b4c4d28227a89362c8982ad4fdd268)
                       - package.nls.json (RegularFile, 801f5a867717cf3d5ea11c7fe9f6a3cd)
                       - snippets (Directory, c070ad628c3b74cd135f0c379641b111)
                         - powershell.code-snippets (RegularFile, 2d98ad90f356773e8706dd4614f26238)
                       - syntaxes (Directory, 5366068a03b675f56c721acff251d24b)
                         - powershell.tmLanguage.json (RegularFile, c46f2d3d00ee8fb07e0da562a1b7066b)
                     - pug (Directory, 7eabbe277c4b499b7e4f49c6dbdd8ceb)
                       - .vscodeignore (RegularFile, 3901c7c48582f04ecfa3b5218d0c8558)
                       - language-configuration.json (RegularFile, 9f980675e8eea41c890d1e0bbd0d4202)
                       - package.json (RegularFile, 5be8c46d59bb471fee9e606a1f51c395)
                       - package.nls.json (RegularFile, 738ae4647c91d3d1dd0d0eee5a33b93c)
                       - syntaxes (Directory, 3c1057174f2b0ccbb6955414c6a9cde5)
                         - pug.tmLanguage.json (RegularFile, 3e215d185ae0b9c56c5493ef108b9cd7)
                     - python (Directory, 5461a42caff67c0dabdcda001282a323)
                       - .vscode (Directory, c9949d7fc0ed9d8dde0979dc85bbdc32)
                         - launch.json (RegularFile, 21eaab8f03dd7eb76c34a873489cb9d2)
                         - tasks.json (RegularFile, 9a66f4a9361fa08e9972aececc54286f)
                       - .vscodeignore (RegularFile, 3134995f0dc287047bc87c1464a53670)
                       - language-configuration.json (RegularFile, db978f5080cd04ecd2ae028b5241b50a)
                       - package.json (RegularFile, 5517b4d4e6c7fe90ba27b5cf438eee27)
                       - package.nls.json (RegularFile, 8c1fcee75abc11dc3f07927e6fbf1a33)
                       - syntaxes (Directory, eccb909b17faf42c17d41d5583a30ea5)
                         - MagicPython.tmLanguage.json (RegularFile, 70ac722c1b163a2ac300b418375d4e81)
                         - MagicRegExp.tmLanguage.json (RegularFile, 915b2d4262972b444a5de27fa5c95a76)
                     - r (Directory, 1a49316529b5b420e26b568216420577)
                       - .vscodeignore (RegularFile, 3901c7c48582f04ecfa3b5218d0c8558)
                       - language-configuration.json (RegularFile, 957736615ed163015bcf1aa085ddc38f)
                       - package.json (RegularFile, b240822b31d1be382b8a778eeda321c1)
                       - package.nls.json (RegularFile, 31598142903b4596807fceb282e7e283)
                       - syntaxes (Directory, 537b2bb9987f2384e677e840263c83f2)
                         - r.tmLanguage.json (RegularFile, c7c478267b0248a5e3b63e824ef3fa79)
                     - razor (Directory, 47af3828914e5ad658a053b427180f2f)
                       - .vscodeignore (RegularFile, 3901c7c48582f04ecfa3b5218d0c8558)
                       - language-configuration.json (RegularFile, dc5b63fd0f660b16a4bcf8e5d5cba10e)
                       - package.json (RegularFile, ce8c976530a72e4dc7977c7c75f0808f)
                       - package.nls.json (RegularFile, e48aeb4efe77704256eccb88e14ce8e6)
                       - syntaxes (Directory, a24172fd6845aa03cfc3a09aa0dc727d)
                         - cshtml.tmLanguage.json (RegularFile, dba3449c203d8b6bc5c3cb6a57ea0f7e)
                     - restructuredtext (Directory, e6c941cc4a691a7f55136b861a2eee8f)
                       - .vscodeignore (RegularFile, 3901c7c48582f04ecfa3b5218d0c8558)
                       - language-configuration.json (RegularFile, f9f612f379effcb338889b9ce140e802)
                       - package.json (RegularFile, 66ac57def7aba0b3752d45766565187d)
                       - package.nls.json (RegularFile, a3bfc8e4b35b30767cc41a26dafa5af4)
                       - syntaxes (Directory, af8f24218e5c64199c5b17210cef52e3)
                         - rst.tmLanguage.json (RegularFile, f534167e7024e63adc4bfcb28cac60bd)
                     - ruby (Directory, ac6dcbe4284d226da06aa3b05df98ef5)
                       - .vscodeignore (RegularFile, 3901c7c48582f04ecfa3b5218d0c8558)
                       - language-configuration.json (RegularFile, 6c88f29683f28a975ccb62cf7831f1a5)
                       - package.json (RegularFile, 8d659838faab763da32c1d728f1926c5)
                       - package.nls.json (RegularFile, 8d911d73f438e2c7d0095c6947754f1a)
                       - syntaxes (Directory, 5cfcbccf69545dac7bd51c531ecb5a18)
                         - ruby.tmLanguage.json (RegularFile, 9aed36b8008df546c2124bb76d7bd24b)
                     - rust (Directory, 1cb4f0e36ad30792706b70ca05d63c00)
                       - .vscodeignore (RegularFile, 3901c7c48582f04ecfa3b5218d0c8558)
                       - language-configuration.json (RegularFile, 6f3565f9f04d2f72136b5ba2c11dda6b)
                       - package.json (RegularFile, 51d776d2b4bb2963a5b4f0cbd6d6a107)
                       - package.nls.json (RegularFile, 41c2e627ab9935403ef54ea550731e30)
                       - syntaxes (Directory, ea72ab5518223ffe6c252279cb4eb72c)
                         - rust.tmLanguage.json (RegularFile, 2cbd77c913a6afd69055052c8a86136f)
                     - scss (Directory, 33f7fd534ceead3b38462212dc0d8848)
                       - .vscodeignore (RegularFile, 3901c7c48582f04ecfa3b5218d0c8558)
                       - language-configuration.json (RegularFile, a288015d0e2491bd567de3a0863f8173)
                       - package.json (RegularFile, 35ebfbd60753a0696633f647aecee8b1)
                       - package.nls.json (RegularFile, 196f2e2c3bf06ee1407d6c4b55100799)
                       - syntaxes (Directory, 2f6047f95e4f6d0b115ddc0c83abc95a)
                         - sassdoc.tmLanguage.json (RegularFile, d0f37e6acd3691e1264d2bb129cf2e6b)
                         - scss.tmLanguage.json (RegularFile, 12714f5f647d323a910aa4fb66d183da)
                     - search-result (Directory, 41852e776e3739dc9a7b9328c0cea9da)
                       - .vscodeignore (RegularFile, fac33c017f9d85608dc8d628e9c63215)
                       - package.json (RegularFile, 1279c5ca82def066f0760b69f801684d)
                       - package.nls.json (RegularFile, 1845f3384a692cffd8005390d736e9d1)
                       - README.md (RegularFile, 9da3d64ff59cd7f2163c9373559f75a1)
                       - syntaxes (Directory, 0148c4a6b9c2bb8888949178b9d1f8e8)
                         - searchResult.tmLanguage.json (RegularFile, f284c21e40ba1fb278c88b61563cde99)
                       - tsconfig.json (RegularFile, 71d9bb3a49c8a8a360e4441c72cb800d)
                     - shaderlab (Directory, 5d1b024e05e423d368ab079485663829)
                       - .vscodeignore (RegularFile, 3901c7c48582f04ecfa3b5218d0c8558)
                       - language-configuration.json (RegularFile, a71ccbc3458fdc2b39bd01de299757b3)
                       - package.json (RegularFile, b4f8d9ee51947d2cac60a1168805fb9d)
                       - package.nls.json (RegularFile, 40942e6b0a86766ee496f93ee95140e4)
                       - syntaxes (Directory, f3d2ed9f8f1ffddce5d96c8182f834bd)
                         - shaderlab.tmLanguage.json (RegularFile, be71dfbf4593ef7d9a19da571c9b499e)
                     - shellscript (Directory, b68b961661067f6cac84b25fac4fa0d4)
                       - .vscodeignore (RegularFile, 3901c7c48582f04ecfa3b5218d0c8558)
                       - language-configuration.json (RegularFile, 2f0641e2915694892d2b5789876305d4)
                       - package.json (RegularFile, c82ccb0a0ea868e6eeb74f7755e83d4d)
                       - package.nls.json (RegularFile, 0dde4c0b48f1c06d1acaa03b7901db35)
                       - syntaxes (Directory, 07d3f87c9a58859217ffcc92cecfac80)
                         - shell-unix-bash.tmLanguage.json (RegularFile, 42939eac9a90c0c1b0e7a59ac8cdcd0b)
                     - sql (Directory, 93fbc40fa56023d247ad48a1a6295ccb)
                       - .vscodeignore (RegularFile, 1f3af2829bd94ba1ec4abeb10eb9fe60)
                       - language-configuration.json (RegularFile, 9571507fdee95fb1257a9a97f13b9681)
                       - package.json (RegularFile, 302a70f5ffe1ed08f064129f9623c339)
                       - package.nls.json (RegularFile, 9e04663c94c26e59cdec5ef46942193b)
                       - syntaxes (Directory, edb6fc9b00f56bc2f2e1e1789557ad2c)
                         - sql.tmLanguage.json (RegularFile, 7f0b4a5490c1c4d2c78c676bc647663a)
                     - swift (Directory, d9e34d06326dcc464943619e702915fd)
                       - .vscodeignore (RegularFile, 3901c7c48582f04ecfa3b5218d0c8558)
                       - language-configuration.json (RegularFile, 90206b3cecac239c44413eb3f13d3aa0)
                       - LICENSE.md (RegularFile, 4030454cba89a03d7e1976b81267877c)
                       - package.json (RegularFile, 8d6ca714d59a02364f15954bc057b099)
                       - package.nls.json (RegularFile, 447ea00fd2682a07591784d5d9ca11ac)
                       - snippets (Directory, cece3e3c2eb3e233dece4455f16459e7)
                         - swift.code-snippets (RegularFile, ac9baa8c814e55e8c3ddd035c0717139)
                       - syntaxes (Directory, 66e18c4a59fc1d5bc8a28820ce53a484)
                         - swift.tmLanguage.json (RegularFile, 0bdb1ae3c2420f25bdbab40d69d644f8)
                     - terraform (Directory, 2be3f674ad1af48720cb3fba4bc01f8f)
                       - language-configuration.json (RegularFile, 73fe0733f6bb1ff67e982641eb76ff9c)
                       - LICENSE (RegularFile, 78549b51b2294e6ade07357557e35da6)
                       - package.json (RegularFile, 1d7f4713dcf0e783c0e66bccdd9d6ea4)
                       - README.md (RegularFile, 5c370c4beba153134b14a185c56bf00b)
                       - snippets (Directory, 8eeb65860c9146e6fc2f822e5c0b193b)
                         - terraform.json (RegularFile, 31b333d5f0add5759ebb2ad03af92059)
                       - syntaxes (Directory, a27dc0bafe5957683b8d515225a8a085)
                         - hcl.tmGrammar.json (RegularFile, a4e6f720d880f37f644547d7488e70e7)
                         - terraform.tmGrammar.json (RegularFile, 028ce4cfe2f6cf103aac34fd696080cc)
                     - twig (Directory, 6f9c85d65f300b56724817100ef4f14f)
                       - LICENSE.md (RegularFile, 401a5e2550153071d4cd808fd1182eb6)
                       - package.json (RegularFile, 426e32a489ea1f84c667c06d698d40ce)
                       - README.md (RegularFile, 46afcd74a3ffcb99f7cd71870ba81be4)
                       - snippets (Directory, ae2362a3a6939e8c8e835b7bf6cb49cd)
                         - snippets.json (RegularFile, f876d371030c525457b84186d4c62b47)
                       - src (Directory, 7af85fb14a01d921caccff548cba8a98)
                         - extension.js (RegularFile, c27ff52d6ce2430b75872ff6bb6d374a)
                         - hover (Directory, d62fdea5515d2b568358569945c2fc5a)
                           - filters.json (RegularFile, 93e41cbf6f56a248b283bd52b554491d)
                           - functions.json (RegularFile, 90fb1d0702e3396e53a3cd2408c1c96b)
                           - twig.json (RegularFile, fb57829bcbfb5e61ce0c295a2c9cf806)
                         - languages (Directory, e8ed6192d07cb123d95f9e348ff1aad4)
                           - twig.configuration.json (RegularFile, 51fefb97a1bef7d0411b2b3afe271aa5)
                         - snippets (Directory, ae2362a3a6939e8c8e835b7bf6cb49cd)
                           - snippets.json (RegularFile, f876d371030c525457b84186d4c62b47)
                         - syntaxes (Directory, 26401940c4b7da0eac803891bad971d6)
                           - twig.tmLanguage (RegularFile, 7bb84763b7ebef32f52f8d2736ddbaf9)
                     - typescript-basics (Directory, c21ab679f46b829d5bd6dd4fe65dbded)
                       - .vscodeignore (RegularFile, 8f09fe0f7dd9c3a08043e77589d2527d)
                       - language-configuration.json (RegularFile, 9fe255da9f2958bb7f4517d255d04acc)
                       - package.json (RegularFile, 8eb64e8714461d12672e8bd06710391b)
                       - package.nls.json (RegularFile, 4b61686c34eeddad2bf824f8765379b1)
                       - snippets (Directory, 7537ff7ea42d8945418ddf3a7c2ec4b5)
                         - typescript.code-snippets (RegularFile, 1763609f70d05e26d3beef5c2c4cff7c)
                       - syntaxes (Directory, 692969de8de0e553c1c8f0cbe8da8b96)
                         - jsdoc.js.injection.tmLanguage.json (RegularFile, f670b663a4ff6ed072051653d7b88906)
                         - jsdoc.ts.injection.tmLanguage.json (RegularFile, 174b5d58ab60b48d7a6018d2e515a145)
                         - Readme.md (RegularFile, 72c09d034e6c98201611fa105946c741)
                         - TypeScript.tmLanguage.json (RegularFile, 834632eb92c83d3eb1e0c2c97b3cf352)
                         - TypeScriptReact.tmLanguage.json (RegularFile, 491480d0dcfd65000c60e3ecd5f64719)
                     - vb (Directory, bfdc3aa518daf20c4a71b5273eeb31c2)
                       - .vscodeignore (RegularFile, 3901c7c48582f04ecfa3b5218d0c8558)
                       - language-configuration.json (RegularFile, 7f7777b3c3824064e282e4bc694ef074)
                       - package.json (RegularFile, 4045f7849678c8d02a2cda55d67c2c30)
                       - package.nls.json (RegularFile, 61962cc71acea96176c4b84489966ff6)
                       - snippets (Directory, 6de1052ebf5ecf4256df518998fd487e)
                         - vb.code-snippets (RegularFile, edadecdfd0a2741edc697996e76a54d5)
                       - syntaxes (Directory, fe7f6446bcd2899057086461a0a241eb)
                         - asp-vb-net.tmLanguage.json (RegularFile, 06b5893852d77bbe41e4cf7c59bbb10b)
                     - viml (Directory, 8c4b47a6c6a7f79e8c754f99f7b441a5)
                       - grammars (Directory, 4579ca54f3cdb3e9d25bc1c37f5ef291)
                         - viml.json (RegularFile, a64b7849d9986287c55170664690ba8e)
                       - LICENSE.txt (RegularFile, ff33831835ca057916d49f267135d2f3)
                       - package.json (RegularFile, e9fa93a4216d16a17167b1f7e7ee134b)
                     - xml (Directory, 80cef2d5404553bbd1663f242f88c741)
                       - .vscodeignore (RegularFile, 3901c7c48582f04ecfa3b5218d0c8558)
                       - package.json (RegularFile, 456238a033501ca290f38cc09a38d36e)
                       - package.nls.json (RegularFile, d5cb76da80699ebf63c6a5195f8dc711)
                       - syntaxes (Directory, b5b8c3f088865153624364e7d7d58994)
                         - xml.tmLanguage.json (RegularFile, 730621898acf7bdb707c7d5ab92c05f3)
                         - xsl.tmLanguage.json (RegularFile, b944ae88b704b32a988fa804cb99fab7)
                       - xml.language-configuration.json (RegularFile, 6d1e4507ae264a2834ccd74cadb72a8b)
                       - xsl.language-configuration.json (RegularFile, 50beebda3e1dea275589c67cbfdb35c0)
                     - yaml (Directory, b219f289d9adf9ecc1d70fa025eb1471)
                       - .vscodeignore (RegularFile, 3901c7c48582f04ecfa3b5218d0c8558)
                       - language-configuration.json (RegularFile, e9dba554fbd8716abf360ed6552cc4d1)
                       - package.json (RegularFile, 7b18bb18a62e438e886fa4180e329867)
                       - package.nls.json (RegularFile, 39ef5be84cf52c1e298c8d7bbe45a8b3)
                       - syntaxes (Directory, 54bfe8e25f12ccb69fc2eb38f35ca86e)
                         - yaml.tmLanguage.json (RegularFile, af8cb103c2b7850ae385a020b757a75b)
                   - modules (Directory, 2209cad936764e7dd968ecd759aa4767)
                     - intellij.textmate.backend.jar (RegularFile, 7ac435e61969b8e293e8997af45c3d38)
                     - intellij.textmate.common.jar (RegularFile, e219e7564372190f5a2425fbe3bafaf3)
                     - intellij.textmate.core.jar (RegularFile, 2d7a5baee66476927c340f569016c401)
                     - intellij.textmate.frontend.split.jar (RegularFile, 7c99f699657e891cd2fc8859ab637e66)
                     - intellij.textmate.jar (RegularFile, 558c0548664535911161f2caf4ec6a83)
                     - intellij.textmate.joni.jar (RegularFile, 75b3ae91daa28e79205c9d933634ca09)
                   - textmate-plugin.jar (RegularFile, 48b574057b2c7cc42c728b908b86d65f)
               - toml (Directory, 7e48c4d8123fdd204d9eede6c457eedf)
                 - lib (Directory, e5ebe18d0ed817d0cf612879bbdef29f)
                   - modules (Directory, a6e881971c79aa6477ab3e823c2c7c03)
                     - intellij.toml.backend.jar (RegularFile, 360e726efe706d3f9587623e034620b1)
                     - intellij.toml.frontend.jar (RegularFile, 1c324e55fe5d7939c622c2c7bfdbfb6a)
                     - intellij.toml.frontend.split.jar (RegularFile, f5c5c72e307de1be14642d4e8e56f0f9)
                   - toml.jar (RegularFile, cc06abe4b1b2ee4e12d9b3c0d5260a49)
               - tslint (Directory, 7166147e5dea3f7d21f2d7070415a90a)
                 - js (Directory, d810ba9b1e8e9b4369938f692f4c1d98)
                   - convert-tslint-config.js (RegularFile, 9514b5709bb06affeaf58aafe90f51ce)
                   - languageService (Directory, b129883828c05bf0585dc19b9dd30816)
                     - tslint-plugin-provider.js (RegularFile, 96db2a7f61693627b7903d4492e5bb6d)
                     - tslint-plugin.js (RegularFile, 4ba7c6f555b6160830b7618247732fd0)
                   - utils.js (RegularFile, dcc7c7f9b0019041611427cc84997601)
                 - lib (Directory, feacdc8fd857a1cc24ad4fc27e72733b)
                   - tslint.jar (RegularFile, e73abd7bb96b9e02a592a6343989dc6c)
               - ultimate-plugin (Directory, bf32e0639c6e2b04f95bacd18d9120fd)
                 - lib (Directory, 18edc519b47732383cbe308a909a07b8)
                   - ultimate-plugin.jar (RegularFile, 5b10c993efc3d248e7741fe0e10b574a)
               - uml (Directory, f4de42a29de478e6d886dab3ba72f1cd)
                 - lib (Directory, c9f5134eae2a42970ec029da27097a99)
                   - modules (Directory, 6c8a8a3c3a0738892a39e676acb678d7)
                     - intellij.diagram.gradle.jar (RegularFile, a610ab0340b3e6529707c4a3c8496340)
                     - intellij.diagram.java.jar (RegularFile, 462e3cc9c1c97efd92014ff863aaae14)
                     - intellij.diagram.maven.jar (RegularFile, 36f6e19b48d9e080fcddd0b857b35986)
                     - intellij.diagram.properties.jar (RegularFile, d8bb7d0df2d0743b885f8ec0afc70a3a)
                     - intellij.diagram.vcs.jar (RegularFile, a877f134eb2059d6e97bcd8767570beb)
                   - uml-support.jar (RegularFile, 859f408ea0a836edbe90c3c4e8bef4dd)
               - vcs-git (Directory, 223f3dd1c8ae856d053ff838a3f41edd)
                 - lib (Directory, ab584093575ac2759d187d6f84ce8f27)
                   - git4idea-rt.jar (RegularFile, 951d8642ed2c261e93a8c9aa59f6832e)
                   - modules (Directory, 00a76db30660e999355c802a06bea857)
                     - intellij.vcs.git.frontend.jar (RegularFile, 93e5ba3135326d50293635398ca248ee)
                   - vcs-git-frontend.jar (RegularFile, d3051fd8342e4a1ce707d0e9e2de675c)
                   - vcs-git.jar (RegularFile, d4244291667e849ee5ff5371c6572ee9)
               - vcs-git-commit-modal (Directory, b7d30d5840b8c7d1ea152a22be2a7650)
                 - lib (Directory, 57318f5a9358df02d0a865bb19e7d769)
                   - vcs-git-commit-modal.jar (RegularFile, 864819a41af282915642e9e17a81e457)
               - vcs-github (Directory, 42066ffcd94208953633be5ca540f090)
                 - lib (Directory, c7bf9188bf1693266c68b23cc15eda23)
                   - modules (Directory, 9d5f4aaaed2a15d443d2085381fe4292)
                     - intellij.vcs.github.git.jar (RegularFile, 96035fd5c39792ef4d6ece59a33c60e7)
                     - intellij.vcs.github.json.jar (RegularFile, 22885b782f43515c5fa1ba04133410eb)
                     - intellij.vcs.github.tracker.jar (RegularFile, 27dbd3f9e0698c79ab00d933382aef0f)
                     - intellij.vcs.github.ultimate.cron.jar (RegularFile, 204d6acfb5d0d8ff277fcc2ff50c40b0)
                     - intellij.vcs.github.ultimate.docker.jar (RegularFile, de308af8a40c34dedcd81372344579e4)
                     - intellij.vcs.github.ultimate.features.jar (RegularFile, f654d6b0ffb5199c817c178458b2c4f0)
                     - intellij.vcs.github.ultimatePromo.jar (RegularFile, ca06e07d8e5d14a02533dd067c496e63)
                   - vcs-github.jar (RegularFile, 20952eec45af2847dc33af22a26881f8)
               - vcs-gitlab (Directory, 98c8897cbe95067f9c081606d4e9a76f)
                 - lib (Directory, 6cd23bf1e549bc61caec8b4557ecbddd)
                   - modules (Directory, 94ed81062463d8fe23c9ecc81d601184)
                     - intellij.vcs.gitlab.git.jar (RegularFile, 46e4e6101b19efddd01f4f1441af3922)
                     - intellij.vcs.gitlab.ultimate.ci.sh.jar (RegularFile, 6bce661ab0ef8b2f35c18bc94d9e9506)
                     - intellij.vcs.gitlab.ultimate.features.jar (RegularFile, 4d0005e5347cd74c502d7ff587566939)
                     - intellij.vcs.gitlab.yaml.jar (RegularFile, 2d44cf84653431439a1f14c9320576a7)
                   - vcs-gitlab.jar (RegularFile, 617e0c59a707b64055a735c6ab6f2e0b)
               - vcs-hg (Directory, f3d69ed459499f876a0867763d83149c)
                 - lib (Directory, 127d8a69fe505f970ce9017e7a39cd97)
                   - vcs-hg.jar (RegularFile, e77827009959e6f212a1e5a70ca7d073)
               - vcs-perforce (Directory, 917a7609d55556d10ce703bb9f7d00be)
                 - lib (Directory, 615db30c77574435685ba9fdb431f97d)
                   - vcs-perforce.jar (RegularFile, 98cf176859399cf1d351b5a57572ab60)
               - vcs-svn (Directory, 60843134b70d8ff6a6957021d44e6f6a)
                 - lib (Directory, 0f26db7237144186761375bfb8fbe80e)
                   - sqlite.jar (RegularFile, 5217449f184dcbf6ec5979b7a21aaeac)
                   - vcs-svn.jar (RegularFile, 523aa42df7cf517532eb5fae26b850f7)
               - vitejs (Directory, ec833709a6127862ba1f6aac58ecc3ed)
                 - lib (Directory, 1852354e35e001c1d76f3e1bad077249)
                   - vitejs.jar (RegularFile, a2b16c698282076da191a97bff5a1a8d)
               - vuejs-plugin (Directory, a81064921035f6407c8c2192b50fecd0)
                 - lib (Directory, fc85ed8fef9fe2bbabb6d54efc971d2b)
                   - modules (Directory, 0c77e7d277d33366af0be564642f1edf)
                     - intellij.vuejs.backend.jar (RegularFile, 1a937f668edbc35584d41d1a62271254)
                     - intellij.vuejs.common.jar (RegularFile, 703126d234e13d01dd57bd924f0ecbcc)
                     - intellij.vuejs.copyright.jar (RegularFile, 948b3b0de44f8f4c81b9b195d384f71c)
                     - intellij.vuejs.debugger.jar (RegularFile, 647e8f2fb0c1b4c878a88ee22ef71c57)
                     - intellij.vuejs.markdown.jar (RegularFile, 545794e8c03960fe416aa624055fc906)
                     - intellij.vuejs.prettier.jar (RegularFile, 373445c4bd060be105b00fdc6b7b5d2b)
                   - vuejs-plugin.jar (RegularFile, 79bd28d750e6eecc499fbabdea7d7242)
                 - vue-language-tools (Directory, 931647a19d40f2c514a91d23587d5cd7)
                   - language-server (Directory, 8b957f5b005e4fca955a2a7fc9a11c97)
                     - 2.2.10 (Directory, b8fe67768405e9e45d75408737a917f9)
                       - bin (Directory, 75ec6585f3b087cf6ba49f337bcf32ba)
                         - vue-language-server.js (RegularFile, 7adc009e65e88ae48d99c7d3ad4ea528)
                       - build.js (RegularFile, b93da89da414df3cfd15b98208b21588)
                       - package-lock.json (RegularFile, acce35f630b5932cc211687a1bac22c2)
                       - package.json (RegularFile, ac4c017208e8f6d47ebe1600ee3bc607)
                     - README.md (RegularFile, 667bcc8e6d6feaad64fee6326a5eca1a)
                   - README.md (RegularFile, 8e4ca7b9f26c8a9b04e5710c5170cd3c)
                   - typescript-plugin (Directory, 3b680deab197ffe3d09178bb0ed43743)
                     - 3.0.1 (Directory, b6db7339f77f1c24b799d91fc321522d)
                       - node_modules (Directory, ecf254252012b9cb0b0caa82cdee8693)
                         - @vue (Directory, 70a76336778162795e112d0ebaa0d203)
                           - typescript-plugin (Directory, e0b779874c097a7b9c69dcce67ec99e7)
                             - index.js (RegularFile, 59ee6d1e1a22388060cae992df09866a)
                             - package-lock.json (RegularFile, 878b11ae4acd6448f8a8ab25138972a1)
                             - package.json (RegularFile, e655f23a8bcaf120ed26916479ba96ed)
                             - rolldown.config.ts (RegularFile, 96068d1b2018d342f4311a33c52e0f2b)
                     - 3.1.8 (Directory, 7be0d62e3518ffb1b0904199a4799b24)
                       - node_modules (Directory, 77a58e583be7f93325beb6f83602e7aa)
                         - @vue (Directory, 7929ffd4e919dc11f103e7d08b0d4510)
                           - typescript-plugin (Directory, 12dc20fd0758249990c1a7395cd3394b)
                             - index.js (RegularFile, 8fd0fd8100c6fc753a40e5919b90939e)
                             - package-lock.json (RegularFile, e91282a5e560e66b2e447357d5001239)
                             - package.json (RegularFile, f8b49557a4cf238b6c4cdf178e00d7e2)
                             - rolldown.config.ts (RegularFile, 96068d1b2018d342f4311a33c52e0f2b)
                     - README.md (RegularFile, 9876cbb9e3f2afb9af1d259bd32aa495)
                 - vue-service (Directory, eb5626c91b829728ce26d35e647b29bf)
                   - node_modules (Directory, 17f98c26bb5001145420e9fd31944b8d)
                     - entities (Directory, 38d91a0db569a8013e57c9fb94fd4ef8)
                       - lib (Directory, 23b1526a59728be56b497d8f2517cbe5)
                         - decode.js (RegularFile, 76aec83c458831f35a2103dad48e911e)
                         - decode_codepoint.js (RegularFile, dd007c9604acd4bdfcf0b537e461720b)
                         - encode.js (RegularFile, a318a1940914b996ec290f270cb42c32)
                         - index.js (RegularFile, b48f8cc750c2694a7052d08729be9476)
                         - maps (Directory, 30dfd61339a20d327909ba003b39f899)
                           - decode.json (RegularFile, e91c8efd56c5322c97934b8d2de59729)
                           - entities.json (RegularFile, caed64d7ef452dd1a5892a3befca7238)
                           - legacy.json (RegularFile, 7ac2d1d7f44d4ca044be2d7b46fbd5ed)
                           - xml.json (RegularFile, 13318a8ae95f94e4fe40a75b8c97236c)
                       - LICENSE (RegularFile, 2413481599ce2fbe3e6c366801b67b8c)
                       - package.json (RegularFile, 249005237ef3bfb95a26ca225553ab09)
                       - readme.md (RegularFile, 90658a856b2ee8983bce2b605183dde0)
                     - htmlparser2 (Directory, 0e5e6281b1a0532c18146dbc6191a817)
                       - lib (Directory, 967f8714856a282b4e6b24a55e7dbd32)
                         - CollectingHandler.js (RegularFile, 021a87f2429cd9a6abc3882a34e1e1ac)
                         - FeedHandler.js (RegularFile, 056e8c9e8b43863686fd995f2e2a64ef)
                         - index.js (RegularFile, b2762a18d702f31a2f5365cd3cc08e93)
                         - MultiplexHandler.js (RegularFile, 3230a3fcb78b79e56a415ae4b8f11da7)
                         - Parser.js (RegularFile, 43f503a35417f0c5a1f05b29a24ed3fa)
                         - Tokenizer.js (RegularFile, dc781ec7f6bc5716a788dd25360a25a6)
                         - WritableStream.js (RegularFile, 6bd94e76b9d518d0df337f160c04ec66)
                       - LICENSE (RegularFile, 0bebab48d96d92438e95eaf99ec3ca88)
                       - package.json (RegularFile, b4d295166ee76459bd0ef21608af4a1b)
                       - README.md (RegularFile, 6984ad4fb090d2597a62d0a96a183511)
                     - ws-typescript-vue-plugin (Directory, 8562cf00cbe84e3592c48913b23b7ae5)
                       - index.js (RegularFile, 0f6ccdff956bd1aaf7ae6f220de9942d)
                       - package.json (RegularFile, 4bb6621f0179b887687766a55f4e5cf7)
                       - transformVueSfcFile.js (RegularFile, 0b52c2d6a284c4398daea3706512d503)
                       - vueScriptCache.js (RegularFile, ba14bb3036d504ea794eb98371a7aa3c)
               - webComponents (Directory, 950fd59e10e859ff76da270a99902a47)
                 - lib (Directory, 4187f708db6d5f0059c4fe50ab5c7322)
                   - webComponents.jar (RegularFile, 03fb6e31cd76f4a06aeaeaa3176a774f)
               - webDeployment (Directory, 2e4be92dad705225612b707916019ccf)
                 - lib (Directory, 1161659597f992edfc01c20f886ca29c)
                   - commons vfs.jar (RegularFile, 2251d1cb16ca17177c7a66473969e43d)
                   - commons-net.jar (RegularFile, f1e5fe7c2fef2e388cdf1cbec7aa579d)
                   - commons-pool2.jar (RegularFile, 1c5f672b93f88dc6c38b321c321d08b9)
                   - jackrabbit2.jar (RegularFile, ae9fd0412ddc13800b48474e22c3a3fa)
                   - webDeployment.jar (RegularFile, 09acd5df3d3f8618d5e5d43f3c64c391)
               - webpack (Directory, 692eb1bcbcbc151530773cbcc500d8f6)
                 - lib (Directory, 9ec186d75b49b78fc187625f73843815)
                   - webpack.jar (RegularFile, 9ea2360d6a369d89a53a12d5a2888345)
               - yaml (Directory, 6317cf44d9d4b9eece04cb63162a4b88)
                 - lib (Directory, d4809e0a851258bd43576e29412d6b49)
                   - modules (Directory, 24d36493c9b1634f63f814ef29f1a22c)
                     - intellij.yaml.backend.jar (RegularFile, 5d6ab324b4626cf18cb81e10f3a62319)
                     - intellij.yaml.frontend.split.jar (RegularFile, 408ad50395b082edb427720f0f7c10f3)
                     - intellij.yaml.helm.jar (RegularFile, 7ea1789f3fe89578b5df9b566c6aac82)
                   - yaml.jar (RegularFile, eaf435cf6b7974f7c96a0ec30f150461)
             - product-info.json (RegularFile, 62161e6fbd5866d71dfbe810db0d302b)
        
        resultsFile:
         - results.bin (RegularFile, 2c26ef628dd7e5a932358ec0c21d27e7)


* Try:
> Run with --stacktrace option to get the stack trace.
> Run with --info or --debug option to get more log output.
> Run with --scan to generate a Build Scan (Powered by Develocity).
> Get more help at https://help.gradle.org.

BUILD FAILED in 917ms
Configuration cache entry stored.
